**************************************************************
Probe number 0 
Concentration entered by User 0.00%
1204.88	1219.40	1228.84	1244.04	1264.58	1282.24	1302.14	1322.50	1346.08	1373.32	1400.12	1429.84	1460.76	1491.18	1529.28	1566.18	
1612.72	1661.58	1720.02	1778.68	1847.08	1922.76	2015.12	2131.50	2272.96	2480.80	2787.82	3167.50	3437.36	3621.00	3671.60	3648.70	
3660.90	3667.38	3671.34	3668.12	3681.08	3678.14	3683.50	3685.50	3681.98	3701.18	3703.18	3709.92	3712.60	3715.06	3725.88	3721.26	
3723.34	3726.78	3726.06	3722.62	3721.26	3719.56	3721.32	3723.56	3724.84	3728.40	3735.68	3730.84	3723.10	3714.56	3723.44	3727.70	
3728.86	3727.88	3733.92	3732.38	3731.38	3724.42	3724.92	3726.00	3724.56	3733.48	3727.62	3730.66	3719.96	3728.80	3734.48	3736.14	
3742.28	3743.16	3743.62	3743.84	3730.62	3733.50	3733.82	3737.40	3746.64	3756.22	3760.92	3764.06	3763.42	3764.08	3755.96	3750.06	
3762.80	3770.28	3770.28	3769.78	3772.84	3770.18	3775.40	3778.78	3779.78	3776.60	3773.18	3773.42	3770.96	3769.28	3774.50	3772.40	
3772.04	3769.20	3768.46	3773.62	3771.18	3771.14	3773.74	3769.16	3770.06	3768.16	3764.18	3767.34	3768.44	3767.66	3771.12	3734.84	

**************************************************************
Probe number 1 
Concentration entered by User 1.00%
1192.02	1205.26	1214.04	1227.30	1245.92	1261.40	1279.66	1299.54	1320.82	1345.30	1370.12	1397.86	1426.14	1454.40	1488.30	1523.48	
1566.20	1610.34	1663.16	1713.78	1773.56	1837.34	1912.96	2005.92	2112.68	2258.76	2458.48	2746.80	3119.68	3396.34	3608.40	3673.54	
3656.46	3661.58	3664.90	3663.96	3677.28	3673.68	3680.84	3683.54	3679.28	3696.58	3696.58	3703.06	3707.66	3711.54	3723.04	3718.20	
3719.90	3723.06	3722.76	3718.86	3718.18	3716.84	3719.00	3721.56	3722.68	3726.50	3734.16	3729.42	3721.80	3713.20	3722.38	3726.92	
3728.12	3727.52	3733.78	3732.26	3730.80	3724.04	3724.40	3725.86	3724.96	3733.66	3727.62	3730.16	3719.22	3727.88	3733.96	3736.10	
3742.54	3743.42	3742.12	3740.26	3727.78	3735.18	3735.78	3742.80	3754.60	3761.94	3765.78	3770.18	3768.42	3767.82	3763.74	3760.44	
3765.64	3770.92	3769.92	3771.52	3774.52	3772.34	3775.92	3777.66	3778.22	3775.96	3773.82	3773.78	3771.30	3768.62	3773.74	3771.50	
3771.54	3768.40	3767.24	3773.02	3770.82	3771.10	3772.84	3769.52	3770.62	3768.36	3763.32	3765.80	3768.72	3769.20	3772.20	3734.16	

**************************************************************
Probe number 2 
Concentration entered by User 2.00%
1182.42	1195.56	1205.16	1219.08	1236.18	1250.90	1267.94	1285.92	1306.88	1330.04	1353.58	1379.40	1405.94	1431.56	1463.76	1494.42	
1534.02	1574.44	1621.58	1666.22	1717.96	1771.94	1836.24	1915.60	2000.42	2114.46	2255.04	2445.46	2714.70	3076.50	3380.86	3598.96	
3687.84	3670.70	3674.00	3670.66	3683.52	3680.74	3687.58	3690.60	3686.88	3705.14	3705.74	3710.98	3714.14	3717.74	3727.76	3723.36	
3725.42	3728.32	3726.88	3723.78	3722.92	3721.68	3723.28	3726.30	3727.74	3731.34	3738.44	3734.12	3725.82	3717.20	3726.28	3730.94	
3731.72	3731.02	3736.86	3735.14	3733.46	3726.82	3727.14	3728.68	3727.50	3736.10	3729.72	3731.76	3721.24	3731.14	3737.34	3739.50	
3745.62	3745.26	3744.98	3743.42	3731.54	3739.04	3740.64	3747.34	3758.04	3764.66	3768.44	3772.86	3771.52	3770.42	3766.56	3763.08	
3768.42	3773.06	3772.28	3773.68	3776.96	3774.86	3778.62	3780.24	3781.18	3778.86	3775.70	3775.28	3772.88	3770.32	3775.64	3774.54	
3774.84	3771.34	3770.14	3775.42	3773.94	3774.92	3777.08	3772.46	3773.26	3771.64	3766.86	3769.66	3772.16	3771.96	3775.64	3740.04	

**************************************************************
Probe number 3 
Concentration entered by User 3.00%
1166.68	1178.20	1185.54	1198.10	1213.76	1228.54	1245.60	1262.16	1282.54	1304.58	1326.42	1350.54	1375.96	1400.34	1430.04	1458.04	
1494.56	1531.70	1576.12	1617.80	1663.88	1711.54	1767.56	1834.22	1905.52	1997.32	2110.04	2245.98	2426.94	2687.14	3056.56	3365.28	
3596.30	3691.64	3675.36	3671.64	3682.90	3678.38	3682.94	3685.24	3683.20	3701.04	3702.56	3709.38	3712.04	3714.66	3724.44	3719.56	
3720.80	3724.36	3725.16	3722.22	3721.56	3720.88	3723.90	3724.96	3726.88	3730.92	3738.30	3733.20	3725.06	3717.06	3726.06	3730.66	
3731.02	3729.72	3735.24	3734.84	3734.56	3727.34	3727.40	3728.38	3726.58	3735.40	3730.68	3735.98	3721.86	3721.42	3728.50	3717.62	
3726.58	3727.82	3726.38	3722.64	3705.14	3711.32	3717.48	3729.64	3741.00	3754.14	3763.28	3763.00	3761.02	3765.14	3762.28	3761.04	
3765.58	3767.78	3765.36	3768.02	3774.32	3773.78	3776.04	3775.40	3773.92	3772.20	3771.44	3770.60	3766.66	3764.50	3771.88	3771.08	
3771.94	3769.86	3769.42	3775.08	3772.96	3772.10	3774.80	3769.08	3768.76	3766.20	3761.22	3764.86	3769.22	3768.78	3772.12	3735.18	

**************************************************************
Probe number 4 
Concentration entered by User 4.00%
1158.62	1169.78	1176.58	1188.10	1203.42	1217.20	1232.46	1247.94	1266.98	1288.40	1309.26	1331.60	1353.92	1375.08	1401.82	1426.84	
1459.78	1493.22	1532.24	1569.48	1611.18	1652.70	1701.94	1758.80	1818.64	1894.56	1985.52	2090.50	2218.38	2386.04	2638.42	2992.72	
3335.72	3572.64	3691.68	3674.36	3681.18	3677.14	3683.06	3686.10	3682.86	3701.46	3702.26	3708.20	3710.56	3713.32	3724.18	3719.88	
3721.98	3725.14	3724.12	3720.60	3719.24	3718.24	3720.82	3724.14	3725.92	3729.62	3737.28	3732.46	3724.08	3715.64	3723.86	3728.92	
3729.24	3728.66	3734.38	3732.84	3731.78	3724.22	3724.26	3726.34	3724.88	3733.66	3728.04	3730.66	3720.48	3729.22	3734.72	3737.18	
3743.74	3744.30	3743.58	3741.68	3729.76	3737.02	3738.04	3745.34	3756.26	3763.42	3766.94	3771.06	3769.94	3769.26	3765.50	3761.56	
3766.76	3771.74	3770.18	3771.82	3775.10	3772.68	3776.88	3778.70	3779.16	3777.10	3773.62	3773.86	3771.82	3769.10	3774.82	3772.74	
3772.62	3769.92	3769.02	3774.98	3773.18	3773.38	3775.20	3770.18	3770.44	3768.42	3763.58	3766.90	3770.56	3770.58	3774.46	3738.26	

**************************************************************
Probe number 5 
Concentration entered by User 5.00%
1146.00	1156.06	1162.50	1173.40	1187.82	1200.56	1215.00	1229.98	1247.70	1267.50	1287.38	1307.82	1328.24	1347.78	1372.16	1395.60	
1425.64	1455.78	1491.12	1524.42	1562.20	1599.54	1643.14	1692.90	1743.90	1808.44	1882.94	1966.94	2066.46	2184.62	2350.24	2580.30	
2929.58	3290.80	3535.90	3676.34	3686.74	3673.80	3680.02	3681.78	3678.70	3697.20	3698.34	3704.80	3706.94	3709.90	3720.78	3716.26	
3718.26	3720.98	3720.16	3716.72	3715.66	3714.86	3717.44	3720.88	3722.52	3726.36	3734.32	3729.08	3720.64	3712.78	3720.74	3726.20	
3726.68	3725.90	3731.72	3729.92	3729.16	3721.96	3721.14	3723.36	3722.14	3731.10	3725.70	3727.64	3717.22	3726.50	3732.10	3734.14	
3741.04	3742.04	3741.16	3739.40	3727.50	3735.14	3735.46	3742.24	3752.98	3760.44	3765.42	3769.64	3768.06	3766.90	3762.20	3758.74	
3764.88	3769.98	3768.74	3770.28	3773.54	3771.08	3774.78	3776.88	3777.86	3775.26	3771.96	3771.46	3769.34	3767.00	3772.76	3770.76	
3770.90	3767.84	3766.76	3772.78	3771.22	3771.08	3773.58	3768.06	3768.30	3766.32	3761.18	3764.52	3768.04	3768.22	3772.34	3736.16	

**************************************************************
Probe number 6 
Concentration entered by User 6.00%
1135.60	1144.60	1150.44	1160.74	1174.04	1185.74	1199.54	1213.48	1230.38	1249.58	1267.56	1287.24	1306.20	1323.56	1346.66	1367.96	
1395.46	1422.70	1454.76	1485.08	1518.08	1553.00	1592.70	1638.56	1682.66	1738.10	1802.14	1872.22	1951.30	2043.78	2166.40	2321.16	
2546.44	2878.04	3253.92	3504.50	3682.32	3693.64	3683.86	3686.64	3683.84	3701.48	3703.16	3708.66	3711.26	3714.22	3725.06	3720.40	
3722.40	3725.28	3724.16	3720.86	3719.18	3718.38	3720.62	3723.86	3726.14	3730.10	3738.20	3733.56	3725.04	3716.06	3724.90	3729.96	
3730.42	3729.42	3734.82	3733.64	3728.52	3720.02	3716.48	3719.08	3719.64	3729.64	3723.38	3726.86	3718.90	3726.82	3731.58	3736.54	
3743.94	3745.48	3744.70	3743.02	3730.46	3738.78	3740.22	3745.50	3756.08	3763.92	3769.14	3772.76	3770.88	3768.54	3763.22	3760.50	
3767.48	3774.38	3772.06	3770.66	3773.16	3771.74	3777.18	3780.10	3780.00	3776.40	3772.74	3772.34	3772.00	3771.52	3775.70	3772.28	
3772.86	3770.58	3770.58	3776.60	3774.02	3773.22	3774.42	3769.54	3771.18	3769.16	3766.32	3767.10	3768.34	3767.34	3772.24	3735.52	

**************************************************************
Probe number 7 
Concentration entered by User 8.10%
1133.78	1139.10	1135.14	1145.48	1171.62	1191.82	1204.86	1216.12	1228.58	1228.16	1233.06	1260.14	1279.94	1285.04	1305.00	1328.68	
1353.76	1374.14	1398.94	1417.94	1436.54	1462.46	1493.52	1529.02	1564.04	1605.88	1655.28	1705.52	1761.38	1823.30	1900.32	1988.34	
2100.44	2238.02	2425.00	2694.40	3082.02	3386.18	3611.64	3699.08	3674.56	3692.26	3691.28	3697.34	3700.46	3704.12	3714.98	3709.56	
3711.26	3715.28	3714.22	3710.32	3709.44	3708.96	3711.52	3714.50	3716.04	3720.30	3729.28	3725.40	3718.22	3709.74	3718.02	3723.74	
3724.78	3723.78	3728.70	3727.94	3727.64	3720.66	3719.08	3721.74	3720.58	3730.38	3725.54	3726.84	3716.48	3725.16	3731.14	3733.76	
3741.32	3741.76	3741.18	3738.76	3726.44	3733.20	3734.62	3741.50	3752.50	3760.02	3764.54	3768.22	3766.92	3765.66	3761.52	3758.18	
3763.74	3769.04	3768.26	3769.74	3772.84	3769.66	3773.82	3776.02	3777.28	3774.72	3771.46	3771.38	3769.18	3766.50	3772.00	3770.18	
3770.24	3766.40	3764.90	3771.06	3770.68	3771.50	3772.90	3767.18	3767.74	3766.58	3763.06	3765.32	3768.14	3768.04	3771.34	3733.78	

**************************************************************
Probe number 8 
Concentration entered by User 10.20%
1088.58	1095.68	1099.52	1106.86	1117.54	1126.28	1135.84	1145.82	1158.92	1172.06	1184.92	1199.44	1213.14	1225.48	1240.96	1255.78	
1274.94	1293.16	1315.24	1334.96	1357.78	1378.94	1404.66	1433.14	1461.20	1496.04	1536.60	1577.12	1620.94	1665.62	1719.38	1777.52	
1851.20	1936.70	2036.16	2154.70	2322.46	2544.84	2878.36	3253.10	3508.50	3696.18	3709.28	3700.08	3702.48	3706.04	3717.72	3713.40	
3715.98	3718.12	3716.30	3712.78	3712.32	3712.84	3715.84	3718.90	3720.90	3724.76	3733.48	3730.72	3722.64	3714.48	3724.52	3729.92	
3731.60	3730.72	3735.10	3734.88	3733.88	3727.96	3728.02	3727.44	3723.46	3728.36	3720.66	3722.26	3714.10	3722.68	3727.66	3732.74	
3738.76	3739.34	3739.30	3738.60	3730.42	3739.80	3741.32	3748.06	3759.10	3766.28	3770.04	3773.40	3771.90	3771.22	3766.72	3762.94	
3767.76	3773.02	3771.94	3773.22	3776.20	3773.32	3776.72	3779.42	3781.02	3778.54	3775.06	3774.30	3771.42	3769.82	3775.74	3774.10	
3774.44	3771.30	3769.38	3776.28	3775.92	3776.74	3778.12	3772.56	3772.72	3771.20	3766.40	3768.62	3771.52	3772.74	3775.90	3739.42	

**************************************************************
Probe number 9 
Concentration entered by User 12.20%
1072.92	1078.94	1082.70	1089.70	1099.52	1107.20	1116.66	1126.16	1138.40	1151.50	1164.18	1177.34	1189.50	1200.10	1214.08	1226.96	
1243.84	1259.52	1278.76	1295.90	1314.20	1332.60	1354.74	1379.70	1402.54	1430.90	1463.02	1495.18	1529.32	1566.82	1610.10	1654.86	
1708.68	1768.00	1834.62	1910.28	2005.50	2112.48	2250.32	2433.90	2699.82	3097.04	3418.40	3642.78	3725.58	3710.50	3719.18	3713.58	
3715.74	3718.52	3717.40	3713.40	3713.06	3713.72	3716.42	3719.80	3722.16	3725.94	3734.74	3731.06	3723.74	3716.14	3725.06	3730.94	
3731.44	3730.88	3736.50	3735.34	3735.72	3728.34	3728.16	3730.98	3729.04	3737.38	3733.30	3735.58	3726.44	3734.66	3739.62	3741.56	
3747.62	3747.84	3747.84	3746.42	3735.00	3741.54	3741.96	3748.06	3758.96	3766.34	3770.48	3773.88	3772.52	3771.54	3767.12	3764.26	
3768.78	3773.80	3773.06	3774.14	3777.76	3775.52	3779.56	3781.24	3781.70	3779.86	3777.10	3776.72	3775.00	3772.06	3777.70	3775.54	
3775.74	3773.30	3772.56	3779.00	3777.62	3777.78	3779.34	3774.54	3774.96	3773.10	3768.26	3770.82	3773.80	3774.54	3777.64	3741.42	

**************************************************************
Probe number 10 
Concentration entered by User 14.10%
1062.14	1066.96	1070.12	1076.30	1085.32	1092.42	1100.92	1108.82	1119.90	1131.38	1141.92	1153.88	1164.92	1174.10	1186.24	1197.88	
1212.38	1226.04	1242.52	1256.24	1271.40	1286.44	1304.42	1325.30	1344.54	1368.04	1394.94	1421.64	1449.42	1479.04	1514.32	1552.64	
1597.76	1643.84	1693.26	1748.14	1816.80	1887.90	1974.24	2073.76	2195.98	2375.44	2613.14	2966.50	3334.52	3584.92	3727.56	3721.94	
3714.32	3717.16	3715.76	3711.88	3711.10	3711.16	3713.86	3717.00	3720.02	3724.50	3733.48	3729.62	3721.92	3714.42	3723.22	3728.90	
3730.10	3730.08	3736.26	3735.70	3736.84	3730.28	3729.10	3731.32	3730.02	3737.66	3734.14	3736.02	3727.10	3735.34	3740.18	3742.32	
3749.02	3748.92	3748.40	3746.18	3734.62	3741.76	3742.98	3749.34	3759.64	3766.88	3771.58	3775.34	3774.06	3772.16	3767.60	3764.60	
3770.02	3775.48	3774.62	3775.46	3778.40	3776.42	3780.52	3781.84	3783.00	3781.16	3778.26	3777.84	3775.66	3773.40	3778.86	3776.92	
3776.80	3774.20	3773.46	3780.28	3778.80	3779.22	3781.18	3776.12	3776.54	3775.02	3770.28	3771.94	3773.38	3773.38	3776.98	3741.68	

**************************************************************
Probe number 11 
Concentration entered by User 17.10%
1042.14	1045.52	1048.26	1053.06	1060.28	1066.68	1073.72	1080.82	1090.34	1099.64	1109.08	1118.80	1127.76	1136.38	1145.88	1155.10	
1168.04	1178.80	1193.48	1204.66	1216.84	1227.74	1243.48	1260.20	1274.70	1292.72	1313.70	1333.94	1354.98	1377.30	1403.34	1429.56	
1461.52	1494.22	1530.42	1569.04	1613.86	1658.28	1709.02	1764.64	1825.34	1908.68	1994.20	2100.54	2229.88	2406.20	2667.30	3028.74	
3381.08	3611.44	3724.32	3711.66	3704.94	3704.78	3707.84	3711.62	3714.18	3718.54	3727.96	3723.60	3715.98	3708.92	3718.64	3725.20	
3726.44	3726.02	3731.36	3730.26	3731.34	3724.84	3725.02	3728.96	3728.50	3736.04	3731.12	3733.42	3724.06	3733.40	3738.74	3740.68	
3747.06	3746.84	3746.80	3744.88	3733.40	3739.84	3740.56	3747.16	3758.10	3765.50	3769.36	3773.24	3771.78	3770.56	3766.62	3763.48	
3768.88	3773.80	3772.88	3773.96	3777.28	3774.64	3778.66	3780.76	3781.54	3779.08	3776.02	3775.74	3773.88	3771.72	3776.96	3775.04	
3775.18	3772.70	3771.94	3777.74	3776.60	3776.76	3778.48	3773.66	3774.20	3772.08	3768.18	3769.84	3771.84	3772.18	3776.38	3739.68	

**************************************************************
Probe number 12 
Concentration entered by User 21.60%
1016.50	1018.90	1020.08	1024.58	1030.46	1034.72	1040.54	1045.56	1052.94	1059.94	1066.60	1074.16	1080.10	1086.08	1093.56	1100.18	
1109.56	1116.80	1126.44	1133.60	1141.90	1149.56	1160.20	1171.46	1181.06	1193.16	1207.98	1220.54	1233.62	1248.94	1264.80	1281.40	
1302.40	1322.04	1343.26	1366.34	1393.28	1419.60	1447.72	1478.92	1510.54	1553.76	1592.78	1638.92	1688.80	1742.64	1811.20	1879.78	
1964.74	2067.58	2192.10	2348.82	2581.42	2925.46	3302.30	3557.46	3712.28	3723.38	3721.02	3717.18	3708.58	3701.14	3712.06	3719.24	
3721.60	3721.22	3726.04	3725.18	3727.12	3721.28	3721.04	3724.86	3724.44	3732.74	3729.20	3731.32	3722.98	3732.50	3737.72	3740.62	
3746.74	3747.00	3746.42	3744.52	3732.46	3739.10	3740.72	3747.36	3758.12	3764.86	3768.54	3772.86	3770.86	3769.72	3765.14	3763.02	
3768.92	3774.30	3773.08	3772.82	3775.62	3772.80	3776.38	3779.02	3781.66	3779.50	3774.96	3773.96	3771.98	3770.50	3776.40	3774.72	
3774.64	3772.72	3773.66	3779.40	3775.92	3775.66	3778.24	3774.06	3774.80	3772.60	3767.36	3769.52	3771.64	3772.60	3775.98	3739.62

**************************************************************
Probe number 13 
Concentration entered by User 25.40%
998.18	999.76	1000.96	1004.60	1009.70	1013.44	1018.08	1021.42	1027.70	1033.28	1038.42	1043.84	1048.50	1053.06	1058.98	1063.60	
1071.18	1076.92	1085.48	1091.74	1098.52	1104.40	1112.78	1122.52	1130.42	1140.94	1153.04	1162.54	1171.90	1182.74	1194.66	1204.92	
1219.52	1233.48	1249.14	1264.86	1282.26	1299.10	1317.94	1338.98	1358.80	1386.94	1410.98	1439.16	1468.88	1500.12	1539.36	1576.30	
1618.82	1664.48	1715.94	1769.38	1833.88	1908.30	1999.72	2107.32	2244.30	2429.32	2704.44	3073.48	3405.50	3624.06	3737.36	3730.62	
3729.08	3727.78	3736.02	3736.54	3738.80	3731.42	3730.98	3729.60	3721.76	3726.64	3721.68	3725.90	3718.16	3732.16	3741.58	3740.36	
3741.10	3747.48	3750.50	3752.14	3743.26	3752.46	3754.32	3759.94	3769.82	3777.16	3781.30	3785.68	3785.46	3784.60	3781.12	3777.60	
3782.68	3787.14	3786.82	3788.72	3791.26	3789.14	3791.72	3793.24	3794.76	3792.28	3791.82	3790.64	3786.58	3779.88	3774.98	3776.20	
3780.42	3780.04	3783.76	3786.66	3781.68	3789.40	3793.18	3790.10	3789.80	3786.66	3782.62	3784.42	3786.24	3787.12	3790.56	3758.70	

**************************************************************
Probe number 14 
Concentration entered by User 29.70%
981.38	982.34	982.90	985.20	989.12	992.24	995.66	998.90	1004.22	1009.04	1013.18	1018.18	1022.28	1025.76	1030.26	1034.26	
1040.36	1044.26	1050.42	1054.32	1058.70	1062.30	1068.78	1075.66	1081.54	1089.30	1097.66	1105.26	1112.58	1120.94	1128.82	1136.10	
1146.68	1156.38	1167.08	1178.32	1190.52	1201.78	1213.56	1227.64	1240.88	1259.30	1273.66	1292.88	1311.86	1330.20	1353.76	1375.28	
1399.92	1425.66	1454.38	1483.20	1517.38	1555.78	1596.68	1641.92	1690.34	1747.86	1816.28	1884.30	1962.00	2062.96	2192.26	2355.36	
2579.56	2940.14	3320.84	3574.36	3722.52	3730.92	3722.60	3724.38	3726.44	3740.54	3735.60	3733.72	3723.26	3736.18	3745.78	3745.86	
3750.90	3753.14	3753.38	3752.14	3743.02	3752.64	3754.90	3761.56	3773.12	3780.84	3784.44	3787.60	3787.06	3785.54	3781.54	3779.70	
3785.26	3789.56	3787.70	3788.12	3791.44	3790.42	3794.18	3794.76	3795.32	3793.20	3792.20	3793.10	3791.12	3789.02	3793.34	3791.44	
3791.04	3788.44	3788.68	3793.94	3792.76	3792.44	3793.48	3790.90	3791.96	3790.38	3787.06	3787.82	3789.34	3790.06	3793.44	3763.70	
