**************************************************************
Probe number 0 
Concentration entered by User 0.00% 
1223.48	1241.32	1260.76	1278.10	1295.60	1318.60	1343.36	1376.82	1407.08	1442.76	1476.14	1521.04	1562.32	1600.56	1649.16	1695.16	
1738.34	1798.62	1849.10	1909.92	1964.08	2042.56	2137.36	2297.80	2522.48	2813.70	3211.56	3519.78	3688.40	3773.30	3757.60	3764.76	
3757.34	3765.40	3770.64	3788.02	3799.00	3795.38	3793.46	3790.28	3772.86	3749.44	3741.80	3736.74	3730.08	3766.30	3775.84	3774.00	
3764.44	3757.54	3739.94	3746.68	3743.42	3738.84	3736.60	3763.96	3783.60	3784.54	3795.08	3785.04	3765.94	3755.12	3757.28	3764.54	
3786.10	3800.36	3811.08	3811.42	3807.16	3808.82	3804.02	3808.40	3815.40	3814.48	3799.20	3788.14	3774.26	3762.10	3714.26	3700.04	
3670.86	3673.52	3672.50	3666.54	3671.56	3685.06	3719.04	3742.28	3764.72	3775.54	3788.94	3787.78	3782.10	3783.28	3779.68	3784.48	
3786.86	3777.52	3778.34	3783.74	3786.28	3790.52	3785.16	3793.30	3793.92	3795.16	3803.62	3800.12	3792.28	3790.56	3792.10	3809.74	
3808.32	3799.28	3793.68	3799.80	3809.16	3811.04	3808.30	3799.24	3801.92	3802.68	3803.44	3802.50	3804.52	3806.92	3809.84	3787.80	

**************************************************************
Probe number 1 
Concentration entered by User 1.00% 
1227.82	1243.36	1260.78	1276.74	1294.30	1318.46	1344.98	1382.20	1417.74	1460.98	1501.46	1550.18	1592.64	1627.60	1667.96	1705.94	
1739.22	1785.88	1822.78	1870.08	1909.22	1964.22	2034.42	2157.22	2322.00	2514.54	2801.76	3176.70	3471.08	3671.26	3763.18	3766.60	
3753.96	3764.72	3769.02	3787.18	3798.40	3794.64	3791.20	3786.24	3767.46	3744.38	3738.08	3737.00	3731.96	3766.84	3774.40	3772.16	
3761.48	3754.88	3740.20	3749.16	3748.44	3747.90	3745.72	3770.26	3788.38	3789.70	3798.98	3789.90	3772.96	3763.02	3765.06	3771.50	
3790.60	3803.52	3814.02	3814.20	3810.88	3811.44	3806.18	3810.42	3817.08	3815.94	3801.50	3789.82	3775.16	3762.40	3716.98	3703.20	
3677.20	3680.28	3678.98	3672.44	3675.48	3689.28	3723.88	3746.72	3768.86	3781.14	3793.46	3793.30	3787.26	3786.32	3781.22	3785.20	
3787.58	3778.84	3779.58	3784.14	3784.76	3788.92	3783.24	3791.58	3792.18	3793.18	3801.42	3798.14	3791.16	3789.52	3791.00	3807.96	
3806.38	3797.28	3791.82	3798.36	3807.24	3808.94	3805.98	3797.42	3799.96	3801.04	3801.12	3800.12	3801.78	3804.62	3806.78	3783.74	

**************************************************************
Probe number 2 
Concentration entered by User 2.00% 
1199.86	1215.20	1233.78	1252.42	1264.22	1284.36	1305.08	1334.90	1362.20	1394.30	1424.00	1464.02	1497.92	1528.22	1564.74	1598.48	
1633.34	1681.50	1718.78	1763.90	1800.80	1854.96	1916.02	2018.62	2153.54	2297.96	2493.46	2762.42	3108.28	3433.86	3630.02	3763.82	
3759.08	3762.98	3769.08	3785.02	3795.36	3790.42	3786.90	3782.52	3763.82	3740.28	3734.26	3732.90	3727.70	3762.72	3769.88	3766.80	
3756.42	3748.82	3732.40	3740.80	3739.36	3738.90	3738.18	3766.04	3784.90	3785.92	3794.40	3783.56	3766.00	3756.54	3761.22	3769.64	
3788.54	3800.64	3811.70	3811.18	3807.48	3809.26	3804.42	3808.98	3816.16	3814.70	3800.40	3788.88	3775.24	3761.54	3712.78	3700.76	
3674.80	3677.80	3676.88	3669.62	3673.82	3685.22	3719.28	3743.94	3766.76	3779.58	3791.90	3792.30	3786.40	3786.40	3781.72	3783.92	
3785.76	3776.02	3777.52	3783.34	3784.76	3788.38	3782.14	3790.32	3791.38	3791.90	3800.56	3797.64	3791.36	3790.84	3792.46	3808.84	
3807.14	3798.30	3794.54	3800.66	3809.74	3810.72	3807.22	3798.92	3801.78	3802.44	3802.62	3802.32	3803.86	3806.12	3807.80	3784.64	

**************************************************************
Probe number 3 
Concentration entered by User 3.00% 
1202.74	1216.92	1232.96	1246.84	1261.38	1278.98	1298.14	1322.74	1345.92	1373.00	1396.50	1427.22	1455.50	1481.84	1516.04	1547.12	
1577.98	1620.24	1653.24	1691.80	1721.12	1765.58	1818.36	1905.08	2016.18	2130.06	2273.36	2445.92	2657.28	2984.38	3318.56	3577.50	
3727.88	3763.10	3754.10	3776.88	3791.04	3786.14	3782.44	3777.16	3754.86	3727.82	3720.40	3717.88	3710.16	3752.02	3762.02	3761.28	
3750.48	3741.98	3724.32	3735.02	3735.60	3734.48	3733.72	3761.46	3781.82	3783.00	3793.06	3783.02	3763.22	3752.40	3756.12	3762.28	
3783.40	3797.16	3807.96	3807.72	3803.82	3805.84	3800.68	3805.64	3813.28	3811.28	3794.28	3781.18	3765.18	3750.04	3696.98	3683.02	
3655.96	3656.82	3657.52	3650.96	3653.52	3668.52	3705.40	3730.16	3753.90	3767.80	3782.94	3782.54	3776.52	3777.08	3771.48	3776.34	
3779.50	3770.40	3772.32	3778.74	3780.94	3785.22	3778.18	3786.76	3788.90	3791.32	3800.12	3797.66	3790.10	3787.86	3789.12	3807.32	
3806.56	3797.10	3791.76	3798.58	3807.84	3808.92	3804.72	3795.22	3798.26	3799.80	3800.62	3799.02	3800.76	3803.66	3807.16	3784.66	

**************************************************************
Probe number 4 
Concentration entered by User 3.50% 
1176.66	1190.54	1206.18	1219.78	1234.84	1251.54	1271.06	1298.02	1322.28	1351.48	1378.30	1412.46	1442.52	1469.78	1506.54	1540.50	
1571.48	1611.94	1643.72	1681.90	1711.32	1755.38	1804.90	1887.70	1993.54	2101.52	2234.36	2390.90	2580.40	2874.48	3228.32	3522.26	
3699.84	3772.02	3762.76	3782.52	3795.20	3791.80	3788.92	3784.24	3763.58	3739.24	3732.30	3728.82	3720.52	3758.74	3765.16	3763.30	
3755.48	3747.82	3731.02	3741.36	3741.74	3741.02	3738.88	3765.32	3785.52	3787.58	3797.80	3788.80	3771.68	3761.48	3763.90	3770.60	
3789.08	3801.32	3812.20	3811.90	3808.02	3810.18	3805.36	3810.58	3817.20	3815.70	3800.76	3788.20	3772.96	3757.84	3706.56	3692.26	
3663.98	3661.80	3658.86	3650.22	3653.60	3668.34	3705.60	3731.52	3755.96	3770.02	3785.08	3784.06	3778.78	3779.36	3774.28	3778.94	
3781.62	3772.12	3773.68	3779.08	3782.10	3786.68	3780.20	3788.88	3789.84	3791.56	3800.26	3796.04	3787.86	3785.22	3786.66	3805.92	
3805.32	3796.12	3790.66	3797.60	3807.50	3809.08	3805.64	3796.22	3799.36	3801.46	3802.02	3800.94	3802.62	3805.42	3808.48	3786.74	

**************************************************************
Probe number 5 
Concentration entered by User 3.90% 
1166.08	1180.12	1195.28	1207.82	1221.50	1237.92	1257.00	1280.98	1301.70	1328.16	1352.52	1385.56	1416.34	1443.80	1479.32	1511.02	
1540.82	1579.28	1609.10	1645.92	1674.16	1715.92	1763.06	1840.78	1937.64	2035.42	2152.32	2289.18	2452.12	2689.76	3015.80	3384.06	
3611.00	3758.48	3771.30	3776.10	3791.16	3788.80	3786.56	3783.72	3766.02	3738.40	3727.64	3721.58	3711.58	3750.24	3760.14	3760.48	
3754.40	3746.46	3728.72	3738.16	3738.48	3736.90	3737.82	3764.94	3784.26	3785.38	3794.72	3785.94	3768.72	3757.08	3758.94	3764.26	
3784.30	3797.62	3809.08	3809.08	3805.04	3807.18	3802.02	3806.70	3814.28	3812.64	3797.08	3785.24	3770.14	3755.26	3701.54	3685.08	
3654.66	3653.22	3652.94	3646.02	3649.78	3663.96	3702.34	3727.70	3752.46	3765.94	3782.40	3781.80	3777.60	3778.82	3774.42	3778.74	
3781.66	3772.92	3775.26	3781.84	3784.72	3788.80	3782.88	3791.48	3793.00	3793.94	3802.04	3797.82	3790.40	3789.12	3790.52	3807.88	
3806.44	3796.44	3790.60	3797.10	3807.50	3810.54	3808.28	3799.04	3801.36	3802.56	3803.58	3802.90	3804.10	3806.26	3808.26	3786.18	

**************************************************************
Probe number 6 
Concentration entered by User 4.50% 
1159.62	1172.92	1186.92	1199.54	1212.60	1228.38	1247.74	1272.64	1295.40	1321.86	1348.56	1380.80	1410.00	1435.66	1469.28	1499.30	
1528.14	1565.62	1593.98	1629.40	1656.72	1695.86	1739.74	1811.10	1900.28	1988.28	2096.86	2217.12	2347.88	2535.68	2784.60	3167.54	
3471.44	3684.12	3773.58	3784.04	3795.06	3790.82	3787.10	3781.68	3760.82	3734.62	3727.62	3727.00	3718.90	3758.10	3768.48	3763.72	
3752.44	3740.34	3720.82	3730.30	3735.20	3738.34	3742.48	3770.58	3786.00	3783.22	3791.92	3781.88	3763.88	3755.06	3761.78	3770.36	
3790.32	3802.08	3811.14	3810.68	3806.70	3809.02	3804.94	3810.88	3817.70	3816.14	3800.96	3788.92	3774.40	3761.86	3714.90	3699.42	
3673.40	3673.64	3672.76	3664.84	3666.20	3679.48	3715.44	3739.18	3763.40	3775.18	3790.14	3788.40	3782.14	3781.46	3774.78	3779.20	
3782.96	3774.68	3776.16	3781.72	3782.92	3787.18	3781.44	3791.28	3793.70	3795.74	3802.16	3795.96	3788.38	3788.16	3788.96	3807.64	
3804.74	3795.38	3791.60	3799.16	3808.64	3809.40	3805.08	3796.60	3801.16	3802.58	3802.32	3800.46	3802.96	3806.80	3809.42	3787.06	

**************************************************************
Probe number 7 
Concentration entered by User 5.00% 
1170.50	1183.08	1195.88	1207.16	1217.68	1231.90	1248.02	1267.96	1287.90	1309.84	1331.12	1358.52	1387.96	1411.44	1439.04	1468.14	
1492.80	1527.36	1557.90	1588.96	1616.56	1650.56	1693.66	1754.36	1844.70	1927.56	2023.82	2131.44	2246.72	2402.66	2601.18	2923.08	
3288.74	3566.60	3728.10	3785.02	3786.10	3781.64	3778.90	3774.98	3753.22	3725.52	3717.50	3716.00	3707.48	3748.90	3759.20	3757.72	
3747.76	3739.08	3720.54	3731.08	3732.14	3731.40	3730.78	3758.84	3780.06	3781.78	3793.22	3784.46	3766.16	3754.94	3757.56	3764.02	
3784.44	3798.24	3809.40	3809.64	3806.50	3808.80	3804.44	3808.72	3815.34	3813.64	3797.94	3785.92	3772.42	3758.60	3710.04	3697.82	
3671.24	3672.54	3671.02	3663.60	3668.18	3682.78	3719.00	3743.54	3766.10	3778.60	3792.28	3792.54	3786.92	3786.36	3780.82	3782.80	
3785.24	3776.34	3778.32	3784.16	3784.68	3788.22	3781.68	3790.80	3792.08	3792.70	3801.42	3798.64	3791.94	3791.12	3791.94	3808.78	
3807.52	3798.88	3794.34	3801.10	3809.80	3811.50	3808.04	3799.52	3802.08	3803.90	3804.98	3804.10	3805.42	3807.26	3809.68	3787.48	

**************************************************************
Probe number 8 
Concentration entered by User 5.40% 
1140.18	1151.20	1163.22	1173.18	1183.60	1196.88	1213.20	1233.68	1253.16	1277.14	1298.44	1327.12	1354.22	1377.78	1407.84	1435.78	
1462.16	1497.18	1522.74	1554.18	1579.36	1616.72	1655.68	1715.92	1790.98	1865.66	1955.94	2055.02	2155.80	2294.22	2469.16	2741.34	
3106.32	3459.18	3661.40	3776.70	3788.46	3780.22	3775.46	3771.34	3752.58	3726.90	3724.08	3728.30	3721.24	3755.28	3761.70	3757.38	
3747.98	3743.52	3729.54	3741.54	3746.52	3752.34	3753.70	3774.92	3789.78	3788.38	3797.94	3790.46	3776.24	3769.16	3772.78	3777.68	
3792.30	3802.64	3811.92	3811.12	3807.70	3808.16	3803.20	3808.12	3815.26	3814.42	3799.60	3785.60	3770.98	3758.46	3712.58	3702.14	
3677.76	3679.34	3678.46	3672.22	3678.38	3692.72	3727.54	3749.80	3769.92	3781.76	3794.50	3794.84	3789.48	3788.38	3782.66	3784.44	
3785.88	3776.72	3777.74	3782.60	3783.12	3787.68	3781.46	3789.10	3788.96	3789.08	3797.50	3794.00	3788.34	3789.26	3789.72	3805.00	
3801.64	3792.48	3789.90	3796.60	3807.96	3809.50	3805.82	3797.02	3801.98	3802.68	3803.74	3804.14	3807.00	3808.62	3810.86	3788.66	

**************************************************************
Probe number 9 
Concentration entered by User 6.00% 
1145.16	1161.58	1174.78	1185.44	1196.88	1211.04	1230.90	1258.54	1284.50	1310.20	1334.72	1365.24	1394.12	1418.68	1448.52	1473.88	
1496.62	1528.68	1550.72	1577.36	1597.00	1628.04	1662.28	1718.02	1789.86	1858.16	1937.72	2023.12	2109.72	2227.88	2361.30	2566.58	
2848.10	3251.16	3539.88	3737.40	3801.76	3789.96	3786.74	3782.48	3764.34	3741.02	3735.12	3736.04	3727.92	3762.80	3770.48	3767.50	
3758.78	3751.90	3734.58	3744.82	3747.56	3749.22	3747.72	3770.38	3788.00	3788.24	3797.48	3788.78	3773.78	3764.20	3766.82	3773.54	
3791.42	3803.60	3812.84	3812.28	3808.80	3809.86	3804.90	3809.44	3816.82	3815.10	3799.98	3786.76	3772.50	3759.48	3712.02	3699.04	
3673.42	3674.40	3672.96	3664.86	3668.98	3683.04	3717.96	3741.70	3765.62	3778.94	3792.46	3792.44	3787.06	3787.36	3783.26	3785.56	
3786.68	3777.20	3778.82	3784.84	3786.52	3790.54	3784.02	3792.04	3792.44	3792.88	3802.56	3800.26	3793.44	3792.36	3793.42	3809.88	
3808.80	3800.04	3795.24	3801.10	3810.16	3812.12	3809.12	3801.06	3803.74	3804.44	3805.00	3804.50	3806.60	3808.84	3810.06	3787.56	

**************************************************************
Probe number 10 
Concentration entered by User 6.50% 
1154.74	1166.78	1178.36	1188.86	1198.78	1211.70	1226.70	1244.84	1261.82	1281.84	1299.12	1322.54	1346.76	1367.36	1393.72	1418.22	
1442.10	1472.58	1495.94	1523.54	1543.92	1574.24	1607.36	1660.26	1727.98	1792.76	1866.98	1947.32	2027.36	2136.92	2258.38	2433.28	
2664.12	3035.92	3401.42	3650.32	3777.98	3786.04	3772.60	3767.80	3745.80	3715.68	3707.26	3708.66	3702.94	3744.96	3753.42	3750.88	
3741.88	3737.66	3721.02	3732.98	3738.78	3741.94	3744.00	3769.52	3786.76	3787.36	3797.46	3789.92	3776.34	3766.64	3768.38	3774.04	
3789.44	3801.16	3810.30	3809.14	3805.90	3804.46	3797.40	3796.54	3802.38	3805.22	3791.02	3774.44	3761.86	3752.80	3707.88	3686.74	
3661.64	3665.58	3673.94	3668.70	3679.34	3691.22	3725.28	3746.64	3765.38	3775.86	3787.78	3786.96	3782.00	3780.96	3778.24	3779.04	
3777.00	3764.28	3763.52	3772.64	3777.92	3783.04	3776.66	3784.98	3787.38	3788.50	3797.44	3794.30	3787.18	3788.06	3789.28	3805.90	
3802.90	3793.52	3789.70	3797.90	3807.04	3806.78	3804.14	3796.28	3801.76	3802.60	3802.90	3800.84	3803.18	3806.32	3809.20	3786.70	

**************************************************************
Probe number 11 
Concentration entered by User 7.90% 
1138.98	1150.96	1161.58	1171.70	1181.24	1192.90	1206.16	1222.78	1238.42	1256.62	1273.68	1296.06	1317.96	1337.36	1362.32	1384.96	
1405.62	1433.40	1452.56	1475.56	1492.44	1518.58	1549.04	1597.72	1657.18	1710.46	1771.50	1835.36	1895.16	1974.10	2060.54	2181.18	
2316.74	2518.86	2804.66	3217.46	3547.00	3715.66	3787.50	3775.22	3751.20	3725.16	3716.92	3717.34	3709.62	3750.60	3759.44	3756.06	
3744.48	3734.86	3716.20	3728.04	3732.72	3736.02	3735.68	3762.32	3782.00	3783.16	3794.56	3787.00	3770.80	3760.58	3763.32	3769.52	
3788.42	3801.22	3811.96	3812.06	3808.30	3809.46	3804.02	3809.06	3816.78	3815.92	3801.54	3788.46	3773.60	3760.02	3713.06	3702.36	
3678.52	3680.26	3679.92	3672.50	3674.46	3687.58	3723.38	3748.72	3771.24	3784.44	3796.00	3795.66	3790.72	3791.40	3787.04	3789.62	
3790.10	3779.86	3780.36	3785.96	3787.88	3791.92	3785.82	3793.42	3794.30	3794.66	3803.64	3801.70	3795.08	3794.50	3795.40	3811.40	
3810.60	3802.46	3797.88	3803.30	3812.00	3813.78	3811.06	3803.56	3805.94	3806.48	3806.38	3805.36	3806.76	3809.26	3811.26	3789.50	

**************************************************************
Probe number 12 
Concentration entered by User 9.90% 
1093.52	1102.20	1114.08	1124.10	1136.38	1149.48	1165.02	1185.90	1203.92	1226.02	1246.26	1272.56	1295.56	1313.96	1338.98	1361.46	
1380.84	1406.06	1423.02	1442.64	1456.48	1479.04	1503.94	1544.76	1595.80	1641.48	1691.98	1742.06	1787.24	1844.10	1902.70	1985.54	
2070.52	2186.90	2325.02	2519.18	2781.42	3134.74	3490.42	3681.34	3768.30	3761.04	3741.56	3744.24	3738.94	3771.28	3779.02	3775.64	
3768.52	3763.24	3749.52	3759.84	3762.20	3763.14	3764.26	3784.68	3799.32	3800.32	3808.60	3802.10	3789.52	3782.22	3783.78	3789.02	
3803.16	3812.46	3820.04	3819.92	3817.36	3818.10	3813.70	3817.02	3822.38	3821.02	3808.78	3798.68	3787.48	3776.68	3737.14	3725.68	
3701.56	3701.12	3700.44	3695.82	3701.56	3713.38	3743.84	3764.16	3781.70	3791.46	3801.84	3802.36	3798.02	3798.08	3794.08	3795.36	
3795.78	3786.42	3787.00	3793.02	3794.88	3798.96	3793.70	3800.36	3800.38	3799.76	3807.72	3805.86	3800.12	3799.42	3799.94	3814.72	
3813.98	3805.80	3801.62	3806.56	3814.40	3816.42	3813.92	3806.44	3808.18	3808.36	3808.36	3807.56	3809.06	3811.26	3812.98	3792.26	

**************************************************************
Probe number 13 
Concentration entered by User 12.10% 
1102.64	1113.04	1123.44	1130.02	1138.58	1148.24	1158.88	1171.72	1183.88	1198.28	1211.32	1228.44	1245.50	1259.46	1277.80	1294.60	
1310.66	1331.04	1346.18	1363.26	1374.14	1393.40	1414.70	1446.04	1485.00	1518.84	1557.26	1596.46	1631.24	1673.72	1717.70	1775.82	
1829.42	1903.94	1986.22	2096.66	2220.90	2356.74	2540.60	2805.84	3141.40	3423.20	3613.32	3733.98	3726.30	3753.44	3761.22	3757.14	
3747.12	3739.52	3721.18	3734.00	3738.02	3740.16	3739.42	3763.28	3783.42	3784.76	3796.54	3789.14	3773.06	3761.74	3763.66	3768.64	
3787.98	3801.18	3811.96	3812.10	3808.08	3808.88	3803.38	3808.46	3816.22	3815.56	3800.48	3788.40	3774.40	3759.40	3710.38	3695.56	
3670.36	3671.76	3671.28	3664.82	3665.80	3678.08	3714.36	3740.00	3764.50	3778.66	3791.24	3790.08	3784.66	3786.62	3783.62	3787.40	
3789.16	3779.00	3778.90	3785.00	3787.52	3792.56	3788.32	3797.00	3797.78	3797.62	3805.20	3803.00	3796.10	3795.44	3795.98	3812.92	
3811.92	3803.68	3798.66	3804.18	3812.90	3815.18	3812.66	3804.88	3806.92	3807.64	3808.40	3807.66	3808.66	3810.90	3812.64	3791.74	

**************************************************************
Probe number 14 
Concentration entered by User 14.00% 
1084.02	1093.76	1104.10	1110.28	1117.82	1125.82	1135.82	1147.12	1157.86	1169.60	1181.58	1197.20	1213.00	1225.14	1241.74	1255.78	
1269.34	1286.82	1298.94	1312.84	1321.92	1338.12	1355.50	1383.46	1417.58	1447.06	1477.82	1508.40	1536.08	1569.44	1604.76	1652.76	
1696.24	1752.72	1815.44	1893.60	1976.44	2058.66	2158.86	2286.02	2433.12	2635.76	2955.54	3309.32	3526.96	3734.70	3774.86	3753.72	
3746.36	3739.92	3719.76	3732.42	3738.12	3741.04	3742.86	3767.56	3785.54	3786.22	3796.52	3788.82	3774.50	3766.14	3769.46	3774.96	
3792.42	3804.12	3814.02	3814.12	3811.06	3812.38	3807.72	3812.04	3818.78	3817.60	3803.76	3792.44	3780.10	3768.08	3722.52	3710.30	
3687.26	3687.96	3686.76	3679.54	3682.62	3696.48	3730.72	3753.76	3774.74	3785.86	3798.02	3798.10	3794.00	3794.34	3790.82	3792.14	
3792.86	3783.20	3783.50	3789.76	3792.22	3796.42	3790.86	3797.52	3798.12	3798.36	3806.84	3804.30	3797.28	3796.02	3796.56	3813.08	
3812.08	3803.10	3797.78	3803.76	3812.34	3814.42	3811.28	3802.92	3805.40	3806.58	3806.98	3805.90	3807.14	3809.44	3812.02	3790.76	

**************************************************************
Probe number 15 
Concentration entered by User 20.20% 
1024.10	1029.34	1037.12	1041.30	1048.20	1056.92	1067.02	1079.80	1090.40	1102.52	1113.76	1127.52	1139.00	1146.24	1156.98	1165.44	
1173.20	1183.74	1189.70	1198.08	1203.10	1211.80	1221.94	1238.94	1259.92	1275.36	1292.52	1309.46	1324.22	1342.24	1359.52	1384.52	
1405.24	1434.22	1467.90	1506.92	1542.06	1572.96	1607.98	1645.02	1680.68	1720.08	1766.52	1825.42	1882.00	1983.14	2085.62	2202.24	
2350.90	2545.22	2820.86	3202.04	3488.14	3686.18	3747.80	3755.52	3776.68	3777.64	3786.20	3775.26	3759.06	3751.20	3758.88	3767.80	
3786.80	3799.06	3808.50	3806.60	3802.00	3802.82	3798.44	3805.10	3814.66	3813.56	3797.26	3783.24	3769.64	3758.94	3714.14	3705.18	
3687.26	3694.12	3694.22	3684.52	3685.60	3696.90	3732.28	3753.20	3774.56	3785.78	3796.78	3797.96	3791.02	3789.86	3784.86	3788.48	
3791.02	3780.78	3780.16	3785.54	3786.64	3791.34	3786.82	3794.66	3796.42	3796.48	3803.86	3800.42	3792.08	3792.40	3792.34	3808.04	
3806.00	3798.20	3794.16	3800.10	3807.88	3810.36	3808.74	3802.98	3806.74	3808.46	3808.10	3805.98	3807.76	3810.90	3813.16	3792.66	

