**************************************************************
Probe number 0
Concentration entered by User 0% (Compensated: 0.3 at temperature24)
1243.15	1265.98	1281.86	1297.58	1315.10	1336.56	1358.36	1384.60	1410.99	1440.54	1477.69	1515.40	1553.76	1595.71	1636.09	1682.89	
1735.11	1796.37	1870.71	1954.31	2052.86	2165.63	2303.98	2491.06	2768.46	3157.26	3478.21	3683.64	3791.44	3791.44	3791.44	3793.40	
3793.40	3793.40	3792.68	3792.68	3798.70	3798.70	3797.76	3797.76	3797.76	3794.90	3794.44	3794.44	3797.16	3801.48	3801.48	3801.66	
3804.58	3804.58	3804.47	3804.47	3804.47	3807.78	3809.86	3810.86	3810.86	3810.86	3816.47	3820.27	3822.58	3824.10	3824.10	3823.89	
3823.89	3822.47	3808.30	3808.30	3810.64	3812.85	3815.14	3815.14	3811.03	3811.03	3812.72	3812.72	3812.72	3813.68	3816.93	3820.56	
3820.56	3820.14	3811.00	3801.15	3801.15	3803.31	3809.07	3817.46	3820.00	3820.00	3820.59	3820.59	3820.32	3819.52	3814.87	3814.87	
3820.79	3820.79	3820.85	3820.85	3818.35	3814.96	3813.76	3813.76	3810.28	3804.40	3798.07	3790.61	3790.61	3791.55	3791.55	3782.90	
3782.90	3782.90	3786.74	3786.74	3786.74	3787.96	3787.96	3786.02	3780.98	3765.93	3765.93	3765.93	3765.93	3776.10	3803.13	3774.81	

**************************************************************
Probe number 1
Concentration entered by User 1.00% (Compensated: 1.30 at temperature24.44)
1225.95	1247.41	1262.23	1278.03	1293.71	1314.12	1333.55	1357.76	1381.98	1409.99	1442.89	1477.20	1510.20	1548.06	1584.42	1626.01	
1671.82	1723.82	1786.36	1857.09	1938.19	2026.38	2130.58	2262.74	2437.98	2684.44	3031.32	3419.88	3646.82	3774.35	3796.60	3796.60	
3796.60	3796.60	3794.50	3794.50	3799.87	3799.87	3799.17	3799.17	3799.17	3797.10	3797.10	3797.57	3799.91	3803.10	3803.10	3803.10	
3806.05	3806.05	3806.05	3806.05	3806.05	3810.15	3811.43	3812.32	3812.32	3812.32	3817.21	3820.64	3822.86	3823.88	3823.88	3823.62	
3823.62	3822.61	3808.68	3808.68	3810.28	3812.34	3814.99	3814.99	3811.06	3811.06	3812.46	3812.46	3812.46	3813.65	3817.28	3820.87	
3820.87	3820.36	3810.49	3799.98	3799.98	3803.66	3809.67	3817.88	3819.95	3819.95	3820.64	3820.64	3819.94	3819.49	3815.16	3815.16	
3821.98	3821.98	3821.98	3821.98	3818.42	3816.02	3815.20	3815.20	3810.94	3803.98	3797.20	3792.00	3792.00	3792.80	3792.80	3784.21	
3784.21	3784.21	3788.70	3788.70	3788.70	3789.10	3789.10	3788.63	3782.66	3767.78	3767.56	3767.56	3767.56	3776.08	3803.58	3775.99	

**************************************************************
Probe number 2
Concentration entered by User 2.00% (Compensated: 2.31 at temperature24.44)
1214.85	1235.09	1247.86	1261.51	1275.64	1294.22	1312.14	1333.60	1355.28	1379.96	1410.40	1441.01	1471.58	1505.13	1538.03	1575.39	
1617.04	1663.71	1718.94	1780.20	1849.62	1924.16	2008.72	2112.55	2240.77	2408.26	2628.22	2982.52	3388.74	3613.63	3763.46	3795.49	
3795.49	3795.49	3793.25	3793.25	3798.84	3798.84	3798.55	3798.55	3798.55	3796.09	3796.09	3796.17	3799.02	3802.35	3802.35	3802.45	
3805.56	3805.56	3805.56	3805.56	3805.56	3809.88	3811.61	3813.01	3813.01	3813.01	3818.50	3822.22	3824.53	3825.51	3825.51	3825.40	
3825.40	3824.62	3811.10	3811.10	3812.47	3814.37	3816.69	3816.69	3813.13	3813.13	3814.29	3814.29	3814.29	3814.96	3818.37	3822.14	
3822.14	3821.99	3812.80	3802.62	3802.62	3805.36	3811.10	3819.29	3821.93	3821.93	3822.16	3822.16	3821.79	3820.99	3815.99	3815.99	
3822.78	3822.78	3822.78	3822.78	3819.47	3816.56	3815.15	3815.15	3811.51	3806.14	3801.06	3795.02	3795.02	3795.02	3792.69	3784.82	
3784.82	3784.82	3791.67	3791.67	3789.16	3789.16	3790.08	3790.08	3785.38	3770.84	3770.84	3770.84	3770.84	3779.06	3805.67	3779.24	

**************************************************************
Probe number 3
Concentration entered by User 3.00% (Compensated: 3.31 at temperature24.50)
1197.62	1216.38	1229.36	1242.40	1255.75	1273.08	1290.19	1310.92	1331.42	1354.79	1383.41	1411.97	1439.60	1470.68	1500.62	1535.68	
1573.61	1616.80	1666.70	1720.51	1781.81	1845.19	1917.99	2003.47	2108.54	2235.78	2389.27	2617.64	2958.66	3351.52	3604.79	3764.00	
3800.05	3800.05	3796.98	3796.98	3800.90	3800.90	3800.18	3800.18	3800.18	3797.76	3797.76	3798.34	3800.61	3804.29	3804.29	3804.70	
3807.59	3807.59	3807.59	3807.59	3807.59	3811.52	3813.46	3814.62	3814.62	3814.62	3819.77	3822.72	3824.65	3825.57	3825.57	3825.57	
3825.57	3824.82	3811.26	3811.26	3812.18	3814.28	3817.04	3817.04	3813.14	3813.14	3814.89	3814.89	3814.89	3815.96	3819.19	3822.44	
3822.44	3821.98	3812.85	3803.21	3803.21	3805.85	3811.52	3819.90	3821.82	3821.82	3822.53	3822.53	3822.24	3821.34	3816.76	3816.76	
3823.39	3823.39	3823.39	3823.39	3820.32	3817.28	3815.56	3815.56	3811.93	3806.52	3802.68	3796.78	3796.78	3796.78	3792.24	3787.92	
3787.92	3787.92	3792.07	3792.07	3790.02	3790.02	3790.63	3790.63	3785.50	3771.58	3771.58	3771.58	3771.58	3778.94	3805.63	3779.28	

**************************************************************
Probe number 4
Concentration entered by User 3.50% (Compensated: 3.81 at temperature24.50)
1191.16	1208.57	1219.50	1231.96	1244.13	1260.40	1277.00	1296.42	1314.86	1335.04	1359.96	1385.80	1411.17	1440.68	1469.14	1501.33	
1535.21	1575.19	1619.12	1668.96	1723.36	1780.63	1844.58	1918.58	2008.20	2115.16	2240.88	2421.54	2680.82	3035.88	3402.70	3631.47	
3765.78	3780.81	3780.81	3780.81	3787.90	3787.90	3787.90	3789.68	3789.68	3789.68	3789.68	3787.42	3787.42	3789.79	3789.79	3789.79	
3790.90	3790.90	3790.90	3790.90	3790.90	3794.12	3794.12	3794.12	3793.70	3793.70	3806.23	3811.53	3818.15	3818.86	3818.86	3818.23	
3817.04	3814.49	3803.29	3803.29	3807.59	3809.90	3811.04	3811.04	3807.72	3807.72	3810.71	3810.75	3810.75	3814.94	3818.41	3821.51	
3821.51	3820.08	3807.37	3799.28	3799.28	3801.20	3806.38	3817.15	3818.91	3818.91	3817.64	3817.64	3817.19	3816.56	3811.69	3811.69	
3817.17	3817.17	3817.17	3817.17	3814.44	3809.90	3809.90	3809.90	3806.60	3802.53	3796.34	3785.17	3785.17	3785.17	3779.92	3779.92	
3779.92	3779.92	3785.29	3785.29	3785.29	3788.91	3788.91	3784.98	3777.43	3764.28	3764.28	3764.28	3764.28	3776.54	3801.58	3773.56	

**************************************************************
Probe number 5
Concentration entered by User 4.00% (Compensated: 4.31 at temperature24.50)
1183.62	1201.34	1212.19	1224.28	1235.77	1252.55	1268.46	1288.24	1306.43	1326.43	1351.92	1377.13	1401.63	1430.39	1457.74	1487.00	
1519.46	1557.84	1600.90	1648.80	1699.93	1754.56	1814.00	1883.11	1966.20	2062.88	2173.48	2327.31	2537.66	2826.97	3226.16	3532.26	
3714.25	3794.58	3794.58	3794.58	3794.98	3794.98	3794.98	3796.87	3796.87	3795.67	3795.67	3793.56	3793.56	3797.66	3797.66	3797.66	
3800.25	3800.25	3800.25	3800.25	3800.25	3802.46	3802.46	3803.86	3803.86	3803.86	3812.54	3816.67	3822.47	3822.47	3822.36	3822.19	
3821.16	3818.71	3807.36	3807.36	3810.68	3813.26	3814.87	3814.87	3810.73	3810.73	3813.66	3813.88	3813.88	3818.04	3821.28	3824.50	
3824.50	3822.94	3810.99	3802.84	3802.84	3805.20	3809.70	3819.74	3821.64	3821.64	3820.34	3820.34	3819.78	3819.51	3815.02	3815.02	
3820.40	3820.40	3820.40	3820.40	3817.14	3812.94	3812.94	3812.94	3809.91	3805.98	3800.44	3789.09	3789.09	3789.09	3785.29	3785.29	
3785.29	3785.29	3789.85	3789.85	3789.85	3792.83	3792.83	3788.50	3781.11	3768.30	3768.30	3768.30	3768.30	3779.17	3803.58	3776.68	

**************************************************************
Probe number 6
Concentration entered by User 4.50% (Compensated: 4.82 at temperature24.50)
1179.18	1196.16	1206.51	1217.60	1228.92	1244.30	1259.08	1278.14	1295.20	1314.73	1338.08	1362.58	1386.12	1413.72	1439.89	1468.58	
1499.06	1535.76	1576.96	1622.67	1671.74	1722.23	1777.03	1841.12	1917.00	2004.74	2103.09	2237.46	2414.50	2644.67	2996.92	3395.70	
3618.56	3769.18	3786.68	3786.68	3795.58	3795.58	3795.58	3797.03	3797.03	3795.20	3795.20	3793.60	3793.60	3797.82	3797.82	3797.82	
3800.25	3800.25	3800.25	3800.25	3800.25	3802.94	3802.94	3804.38	3804.38	3804.38	3812.72	3817.02	3822.68	3823.10	3823.10	3822.66	
3821.52	3819.28	3808.48	3808.48	3811.80	3813.83	3815.60	3815.60	3811.42	3811.42	3814.53	3814.92	3814.92	3819.11	3822.21	3825.25	
3825.25	3823.72	3811.79	3803.86	3803.86	3806.28	3810.79	3820.49	3822.48	3822.48	3821.13	3821.13	3820.97	3820.60	3815.80	3815.80	
3821.31	3821.31	3821.31	3821.31	3818.31	3813.81	3813.81	3813.81	3810.95	3807.47	3802.08	3790.88	3790.88	3790.88	3787.54	3787.54	
3787.54	3787.54	3791.06	3791.06	3791.06	3794.33	3794.33	3789.40	3781.36	3768.96	3768.96	3768.96	3768.96	3781.36	3805.61	3779.60	

**************************************************************
Probe number 7
Concentration entered by User 5.00% (Compensated: 5.32 at temperature24.50)
1181.35	1197.68	1206.86	1218.75	1229.74	1244.88	1259.03	1276.87	1293.29	1312.19	1334.90	1357.91	1379.76	1405.74	1429.92	1456.49	
1484.78	1519.58	1558.55	1601.06	1647.04	1693.63	1743.59	1801.26	1870.14	1947.79	2034.83	2149.49	2294.02	2471.96	2740.72	3140.19	
3475.96	3680.44	3788.78	3794.36	3794.36	3793.77	3793.77	3794.95	3794.95	3793.82	3793.82	3791.68	3791.68	3795.81	3795.81	3795.81	
3797.42	3797.42	3797.42	3797.42	3797.42	3800.73	3800.73	3802.05	3802.05	3802.05	3811.92	3816.50	3822.51	3822.51	3822.31	3821.66	
3821.04	3818.96	3808.72	3808.72	3811.78	3813.20	3815.08	3815.08	3811.84	3811.84	3814.10	3814.10	3814.10	3818.75	3822.03	3825.47	
3825.47	3824.36	3812.00	3803.47	3803.47	3805.93	3810.38	3820.12	3822.81	3822.81	3821.47	3821.47	3821.04	3820.74	3815.90	3815.90	
3821.62	3821.62	3821.62	3821.62	3818.86	3814.46	3813.07	3813.07	3810.43	3807.58	3804.04	3795.19	3795.00	3795.00	3787.71	3787.71	
3787.71	3787.71	3794.68	3794.68	3793.66	3793.66	3793.66	3790.27	3784.51	3771.23	3771.23	3770.57	3770.57	3782.56	3805.62	3779.73	

**************************************************************
Probe number 8
Concentration entered by User 5.60% (Compensated: 5.92 at temperature24.56)
1166.48	1182.48	1191.56	1202.69	1212.70	1227.00	1240.88	1258.51	1274.41	1291.79	1313.32	1335.21	1356.44	1381.14	1404.64	1429.84	
1457.45	1489.23	1526.35	1567.97	1612.00	1656.46	1703.38	1757.54	1820.96	1892.88	1970.62	2073.72	2200.14	2347.02	2556.90	2882.08	
3283.82	3562.51	3733.88	3795.80	3795.80	3794.76	3794.76	3795.80	3795.80	3793.68	3793.68	3791.68	3791.68	3796.06	3796.06	3796.06	
3798.22	3798.22	3798.22	3798.22	3798.22	3802.16	3802.16	3803.88	3803.88	3803.88	3812.61	3817.07	3823.08	3823.42	3823.42	3823.42	
3822.76	3820.79	3810.04	3810.04	3812.50	3814.41	3816.89	3816.89	3813.34	3813.34	3815.72	3815.72	3815.72	3820.00	3823.26	3826.70	
3826.70	3825.19	3813.14	3805.23	3805.23	3807.96	3812.53	3822.03	3823.78	3823.78	3822.28	3822.28	3822.10	3822.10	3817.29	3817.29	
3821.75	3821.75	3821.75	3821.75	3819.18	3815.10	3814.74	3814.74	3812.00	3808.29	3802.80	3793.00	3793.00	3793.00	3786.84	3786.84	
3786.84	3786.84	3793.09	3793.09	3793.09	3794.15	3794.15	3792.08	3785.20	3771.00	3771.00	3771.00	3771.00	3782.78	3806.33	3780.33	

**************************************************************
Probe number 9
Concentration entered by User 6.00% (Compensated: 6.32 at temperature24.56)
1151.13	1165.98	1174.94	1185.37	1194.91	1208.68	1222.52	1238.94	1254.09	1270.36	1291.38	1312.40	1332.90	1356.58	1378.64	1403.18	
1430.11	1461.28	1496.39	1536.36	1578.03	1620.66	1665.45	1715.84	1775.22	1842.63	1913.64	2007.72	2122.90	2249.98	2424.00	2685.84	
3056.48	3431.04	3646.12	3774.09	3794.86	3794.86	3794.86	3795.68	3795.68	3794.22	3794.22	3792.58	3792.58	3798.14	3798.14	3798.14	
3800.45	3800.45	3800.45	3800.45	3800.45	3801.96	3801.96	3803.38	3803.38	3803.38	3812.38	3816.64	3822.42	3822.68	3822.68	3822.68	
3821.91	3820.39	3810.07	3810.07	3813.40	3815.40	3817.36	3817.36	3813.40	3813.40	3816.36	3816.36	3816.36	3820.32	3823.15	3826.85	
3826.85	3825.54	3814.04	3805.76	3805.76	3808.09	3812.49	3822.02	3823.79	3823.79	3822.52	3822.52	3822.46	3822.28	3817.58	3817.58	
3822.42	3822.42	3822.42	3822.42	3819.68	3815.72	3815.22	3815.22	3812.33	3808.67	3803.35	3792.82	3792.82	3792.82	3788.82	3788.67	
3788.67	3788.67	3794.20	3794.20	3794.20	3796.06	3796.06	3791.28	3785.50	3772.12	3772.12	3771.62	3771.62	3782.52	3806.51	3780.74	

**************************************************************
Probe number 10
Concentration entered by User 6.60% (Compensated: 6.92 at temperature24.56)
1150.76	1165.45	1173.20	1183.34	1192.82	1206.12	1218.68	1234.66	1249.31	1265.47	1285.47	1305.65	1324.96	1347.74	1368.53	1391.30	
1417.00	1446.92	1479.77	1517.22	1558.21	1597.21	1639.85	1686.65	1741.54	1803.72	1869.57	1953.80	2055.71	2166.99	2315.01	2525.66	
2821.49	3228.02	3529.46	3710.45	3800.41	3800.41	3796.88	3796.88	3796.88	3796.58	3796.58	3794.50	3794.50	3799.34	3799.34	3799.34	
3801.90	3801.90	3801.90	3801.90	3801.90	3804.45	3804.45	3806.20	3806.20	3806.20	3814.35	3818.56	3824.34	3824.48	3824.48	3824.14	
3823.12	3821.31	3810.63	3810.63	3813.68	3815.86	3817.72	3817.72	3814.17	3814.17	3817.29	3817.29	3817.29	3821.39	3824.14	3827.57	
3827.57	3826.16	3815.04	3807.37	3807.37	3809.36	3813.36	3822.76	3824.95	3824.95	3823.93	3823.93	3823.49	3823.25	3818.69	3818.69	
3824.15	3824.15	3824.15	3824.15	3820.91	3817.16	3817.00	3817.00	3813.75	3809.44	3804.76	3794.90	3794.90	3794.90	3790.76	3790.76	
3790.76	3790.76	3795.82	3795.82	3795.82	3797.72	3797.72	3793.69	3786.37	3773.48	3773.48	3773.48	3773.48	3783.86	3807.38	3782.08	

**************************************************************
Probe number 11
Concentration entered by User 8.10% (Compensated: 8.43 at temperature24.56)
1133.99	1148.27	1155.96	1165.22	1172.93	1185.25	1197.66	1212.24	1224.63	1239.12	1257.72	1276.07	1293.52	1313.00	1331.58	1351.30	
1372.86	1399.18	1428.12	1459.36	1494.02	1528.35	1565.13	1605.06	1650.03	1699.82	1750.84	1815.15	1891.84	1970.10	2068.17	2195.84	
2348.71	2562.70	2871.36	3267.19	3564.05	3734.64	3796.09	3796.09	3795.89	3791.64	3791.64	3789.72	3789.72	3793.73	3793.73	3793.73	
3796.54	3796.54	3796.54	3796.54	3796.54	3800.25	3800.25	3802.35	3802.35	3802.35	3811.88	3816.68	3823.08	3823.92	3823.92	3823.38	
3822.49	3820.74	3810.28	3810.28	3813.68	3815.50	3817.26	3817.26	3813.44	3813.44	3816.86	3816.86	3816.86	3820.94	3823.62	3827.02	
3827.02	3825.57	3814.51	3806.51	3806.51	3809.16	3813.31	3822.60	3824.50	3824.50	3823.58	3823.58	3823.55	3822.94	3817.72	3817.72	
3822.90	3822.90	3822.90	3822.90	3820.43	3815.78	3815.59	3815.59	3812.89	3809.12	3804.36	3794.20	3794.20	3794.20	3789.23	3789.23	
3789.23	3789.23	3795.06	3795.06	3795.06	3796.47	3796.47	3792.50	3785.81	3771.36	3771.36	3771.36	3771.36	3782.96	3806.44	3780.42	

**************************************************************
Probe number 12
Concentration entered by User 10.30% (Compensated: 10.63 at temperature24.50)
1114.50	1127.14	1134.50	1143.28	1149.87	1160.98	1171.38	1184.02	1194.54	1207.44	1223.46	1239.77	1254.66	1271.42	1286.57	1303.12	
1321.48	1342.86	1365.86	1392.07	1420.27	1448.26	1476.63	1507.67	1544.09	1584.00	1622.50	1671.82	1727.94	1783.44	1848.46	1931.06	
2021.05	2131.32	2265.20	2433.22	2692.81	3050.09	3400.48	3638.45	3778.28	3789.79	3789.79	3788.74	3788.74	3793.24	3793.24	3793.24	
3796.11	3796.11	3796.11	3796.26	3796.26	3801.09	3801.09	3802.60	3802.60	3802.60	3811.98	3816.82	3823.44	3824.26	3824.26	3824.12	
3823.16	3821.40	3810.95	3810.95	3813.50	3815.96	3817.87	3817.87	3814.42	3814.42	3817.78	3817.82	3817.82	3821.74	3824.23	3827.71	
3827.71	3826.41	3815.42	3807.74	3807.74	3809.43	3813.40	3822.76	3824.92	3824.92	3823.70	3823.70	3823.53	3823.37	3818.35	3818.35	
3823.48	3823.48	3823.48	3823.48	3821.07	3816.81	3816.30	3816.30	3813.50	3810.03	3805.73	3796.16	3796.16	3796.16	3791.09	3791.09	
3791.09	3791.09	3796.09	3796.09	3796.09	3796.62	3796.62	3792.75	3786.40	3773.63	3773.63	3772.86	3772.86	3784.62	3807.81	3783.21	

**************************************************************
Probe number 13
Concentration entered by User 12.00% (Compensated: 12.33 at temperature24.56)
1094.20	1104.59	1110.94	1118.25	1123.85	1133.34	1142.72	1153.94	1163.84	1174.37	1188.26	1202.93	1215.75	1230.55	1243.32	1257.21	
1273.52	1292.21	1310.68	1332.52	1356.56	1379.78	1405.00	1432.11	1461.19	1493.91	1526.46	1567.51	1613.02	1655.18	1705.49	1766.90	
1831.24	1907.79	1993.16	2090.59	2226.56	2385.83	2602.15	2951.63	3359.96	3596.65	3759.08	3790.78	3790.78	3794.46	3794.46	3794.46	
3798.04	3798.04	3798.04	3798.04	3798.04	3801.16	3801.16	3803.54	3803.54	3803.54	3812.90	3817.51	3823.61	3824.26	3824.26	3824.26	
3823.73	3822.17	3811.42	3811.42	3814.12	3816.12	3818.02	3818.02	3815.38	3815.38	3818.40	3818.40	3818.40	3822.32	3825.02	3828.77	
3828.77	3827.60	3816.12	3808.34	3808.34	3810.24	3814.50	3823.64	3825.81	3825.81	3824.49	3824.49	3824.34	3824.16	3819.35	3819.35	
3824.86	3824.86	3824.86	3824.86	3821.90	3817.80	3817.18	3817.18	3814.92	3811.21	3807.56	3797.53	3797.53	3797.53	3792.45	3792.45	
3792.45	3792.45	3797.92	3797.92	3797.92	3799.00	3799.00	3795.79	3789.13	3775.00	3775.00	3774.78	3774.78	3785.90	3808.27	3783.02	

**************************************************************
Probe number 14
Concentration entered by User 14.10% (Compensated: 14.44 at temperature24.56)
1073.53	1083.01	1088.45	1095.15	1099.90	1108.52	1117.34	1127.55	1135.63	1145.44	1158.34	1171.68	1183.06	1196.08	1207.27	1218.98	
1233.86	1249.19	1265.06	1283.48	1304.22	1323.40	1344.11	1365.83	1391.25	1419.16	1443.94	1476.54	1513.53	1547.68	1587.12	1634.48	
1682.24	1737.35	1797.16	1861.07	1949.01	2040.41	2146.75	2292.85	2482.54	2742.18	3130.31	3469.53	3671.04	3793.10	3793.58	3793.58	
3797.70	3797.70	3797.70	3797.70	3797.70	3800.98	3800.98	3803.09	3803.09	3803.09	3812.87	3817.51	3823.75	3823.80	3823.80	3823.78	
3823.05	3821.64	3811.30	3811.30	3815.21	3816.92	3817.84	3817.84	3815.24	3815.24	3818.83	3818.83	3818.83	3822.41	3825.05	3828.77	
3828.77	3827.58	3816.47	3808.30	3808.30	3810.96	3815.15	3824.06	3826.04	3826.04	3824.92	3824.92	3824.92	3824.92	3820.08	3820.08	
3824.48	3824.48	3824.48	3824.48	3822.22	3817.70	3817.25	3817.25	3814.85	3811.30	3807.47	3796.70	3796.70	3796.70	3792.17	3792.17	
3792.17	3792.17	3797.18	3797.18	3797.18	3799.08	3799.08	3795.35	3788.29	3773.24	3773.24	3772.95	3772.95	3786.62	3808.80	3783.14	

**************************************************************
Probe number 15
Concentration entered by User 18.00% (Compensated: 18.34 at temperature24.56)
1044.64	1051.83	1056.97	1062.45	1064.94	1071.98	1079.12	1087.20	1093.10	1100.19	1109.18	1118.64	1128.01	1137.92	1146.35	1154.57	
1165.48	1177.48	1189.06	1202.21	1217.98	1231.66	1246.64	1262.59	1279.22	1298.18	1316.30	1338.40	1364.20	1386.91	1413.55	1444.86	
1474.92	1510.78	1548.14	1584.22	1634.49	1679.76	1731.12	1795.15	1866.22	1940.03	2033.42	2141.22	2277.44	2473.29	2747.82	3135.96	
3490.29	3688.28	3794.04	3794.04	3794.04	3799.12	3799.12	3801.30	3801.30	3801.30	3810.81	3815.12	3821.72	3822.52	3822.52	3822.52	
3821.68	3820.15	3809.27	3809.27	3812.92	3815.28	3817.11	3817.11	3814.74	3814.74	3818.36	3818.36	3818.36	3821.68	3824.37	3828.42	
3828.42	3827.46	3816.16	3808.25	3808.25	3810.08	3814.70	3824.08	3825.72	3825.72	3824.09	3824.09	3824.09	3824.09	3819.74	3819.74	
3824.51	3824.51	3824.51	3824.51	3822.31	3817.92	3817.66	3817.66	3815.10	3811.25	3807.04	3796.06	3796.06	3796.06	3792.34	3792.34	
3792.34	3792.34	3796.89	3796.89	3796.89	3799.86	3799.86	3795.72	3789.04	3774.92	3774.92	3774.42	3774.42	3785.90	3808.77	3783.26	

