**************************************************************
Probe number 0 
Concentration entered by User 0.00%
1172.54	1184.72	1193.62	1207.20	1218.72	1235.26	1248.72	1265.04	1283.48	1304.74	1326.14	1349.64	1376.90	1406.02	1434.24	1462.28	
1494.30	1522.10	1560.04	1602.32	1643.66	1691.78	1752.72	1817.30	1887.24	1969.14	2071.54	2192.72	2341.46	2561.60	2879.64	3220.78	
3460.02	3645.60	3696.54	3682.74	3691.78	3698.40	3697.20	3698.40	3705.38	3708.36	3705.62	3701.20	3709.66	3715.34	3721.38	3722.66	
3729.60	3738.60	3741.82	3740.92	3743.28	3742.52	3735.84	3734.30	3738.60	3738.22	3740.32	3740.16	3746.62	3751.42	3750.30	3745.28	
3750.44	3749.72	3751.48	3748.46	3761.24	3739.84	3716.12	3708.74	3696.14	3705.30	3725.98	3758.62	3755.22	3752.40	3750.76	3747.22	
3747.58	3743.02	3744.66	3745.84	3744.00	3744.92	3743.06	3744.48	3745.52	3741.20	3744.10	3749.28	3750.30	3749.26	3749.00	3743.64	
3741.90	3736.56	3740.62	3736.76	3724.30	3725.42	3716.84	3716.76	3719.90	3719.70	3725.44	3721.00	3714.18	3715.12	3706.44	3705.72	
3686.68	3689.46	3692.64	3693.72	3691.00	3686.50	3688.34	3687.98	3687.70	3689.98	3682.70	3683.74	3686.10	3678.50	3699.60	3628.02	

**************************************************************
Probe number 1 
Concentration entered by User 1.00%
1159.20	1170.54	1179.08	1192.52	1202.96	1219.92	1233.70	1249.92	1267.50	1287.80	1308.90	1331.96	1358.74	1386.54	1410.36	1436.72	
1468.18	1493.42	1528.54	1567.96	1604.20	1646.44	1699.38	1756.40	1818.24	1889.22	1976.26	2069.18	2180.74	2329.86	2543.28	2840.42	
3191.92	3442.22	3652.40	3722.10	3710.66	3719.00	3721.74	3724.58	3728.32	3728.12	3721.10	3712.74	3711.26	3710.46	3721.88	3723.58	
3724.92	3727.18	3725.84	3720.64	3714.72	3707.38	3688.06	3677.32	3688.76	3684.38	3685.82	3678.86	3686.60	3699.18	3697.66	3684.66	
3699.56	3710.48	3721.98	3722.02	3740.36	3725.58	3703.36	3698.54	3696.38	3706.82	3727.88	3763.86	3763.54	3760.12	3758.64	3755.98	
3756.36	3753.36	3756.28	3757.70	3754.76	3754.92	3752.84	3755.08	3755.72	3750.16	3753.16	3757.10	3757.04	3755.76	3755.20	3751.56	
3750.24	3745.72	3749.86	3743.30	3729.28	3727.94	3718.74	3718.10	3722.08	3722.70	3729.88	3725.88	3717.88	3714.58	3707.56	3708.24	
3689.88	3695.64	3696.62	3697.66	3697.96	3697.70	3700.68	3697.88	3698.76	3702.32	3696.96	3699.66	3703.52	3696.48	3714.86	3646.68	

**************************************************************
Probe number 2 
Concentration entered by User 2.00%
1151.94	1167.70	1177.56	1194.28	1210.24	1231.78	1247.94	1264.58	1281.26	1298.04	1318.04	1340.04	1363.48	1386.20	1407.88	1431.84	
1460.26	1483.06	1513.14	1546.62	1577.52	1613.90	1660.56	1708.66	1760.44	1819.16	1889.40	1966.84	2057.20	2173.74	2318.52	2522.74	
2829.80	3178.54	3424.08	3632.20	3712.46	3699.84	3696.72	3697.34	3703.88	3707.54	3707.42	3704.40	3712.76	3717.46	3723.72	3725.28	
3731.66	3739.86	3742.88	3741.76	3743.70	3743.04	3736.82	3734.64	3740.06	3739.78	3742.76	3741.94	3747.52	3751.98	3751.82	3746.42	
3751.80	3751.56	3752.60	3748.76	3760.70	3739.84	3716.60	3709.04	3697.04	3706.66	3726.40	3758.64	3754.02	3751.94	3750.64	3747.56	
3748.34	3744.66	3746.42	3747.38	3745.32	3745.38	3743.34	3744.90	3745.74	3741.84	3744.64	3749.20	3749.10	3745.54	3743.72	3738.12	
3737.46	3733.16	3738.34	3735.18	3719.88	3720.18	3712.24	3713.84	3718.96	3720.28	3725.36	3720.22	3712.02	3713.64	3705.28	3705.52	
3686.68	3688.12	3691.46	3692.14	3690.10	3685.38	3687.16	3686.48	3686.40	3688.32	3680.56	3681.90	3683.96	3676.92	3697.80	3625.64	

**************************************************************
Probe number 3 
Concentration entered by User 3.00%
1148.64	1163.18	1171.86	1186.50	1199.70	1218.80	1232.68	1248.02	1265.52	1285.02	1307.68	1330.86	1353.90	1376.34	1394.76	1415.42	
1440.22	1458.88	1485.96	1515.86	1543.78	1575.54	1617.92	1662.22	1707.22	1757.98	1818.10	1885.44	1959.72	2054.80	2166.88	2309.72	
2509.84	2791.92	3145.86	3405.00	3619.44	3716.46	3697.22	3695.16	3701.20	3703.98	3700.80	3695.96	3704.02	3709.38	3715.68	3717.14	
3723.88	3733.46	3736.64	3734.84	3736.60	3735.68	3728.72	3726.84	3732.46	3732.22	3735.88	3736.16	3742.28	3747.06	3745.68	3740.52	
3746.72	3746.68	3747.68	3743.44	3755.90	3734.80	3711.64	3704.40	3691.54	3700.52	3720.36	3753.44	3749.20	3746.38	3745.28	3741.96	
3742.80	3738.28	3739.88	3740.70	3738.38	3739.48	3737.64	3739.42	3740.10	3734.84	3737.94	3743.14	3744.22	3743.24	3742.86	3736.74	
3734.28	3728.78	3733.38	3730.60	3717.14	3718.26	3709.58	3708.88	3712.58	3712.20	3719.14	3713.56	3705.94	3706.50	3697.88	3697.98	
3678.26	3680.74	3683.70	3684.74	3681.66	3677.72	3680.04	3679.24	3678.10	3679.98	3672.66	3673.90	3676.32	3668.94	3689.90	3615.72	

**************************************************************
Probe number 4 
Concentration entered by User 4.00%
1138.08	1152.10	1159.64	1173.34	1186.02	1203.38	1216.38	1230.24	1244.48	1259.16	1277.02	1294.18	1312.66	1331.96	1350.40	1372.06	
1395.84	1416.10	1443.72	1474.10	1501.10	1530.62	1569.90	1610.76	1651.38	1695.54	1748.68	1805.78	1867.96	1946.28	2036.48	2146.02	
2286.64	2466.80	2737.60	3095.08	3379.18	3598.24	3711.08	3702.72	3703.56	3705.38	3702.74	3697.90	3705.96	3711.44	3716.26	3716.54	
3723.96	3733.74	3737.88	3736.66	3738.76	3737.04	3729.90	3727.14	3733.00	3734.22	3738.12	3738.50	3745.36	3749.20	3747.44	3742.32	
3748.22	3749.36	3750.34	3745.72	3758.08	3736.06	3711.26	3702.38	3689.54	3697.60	3718.68	3752.54	3749.16	3746.74	3745.90	3742.20	
3742.50	3738.60	3740.74	3743.00	3741.14	3741.38	3739.32	3740.74	3741.86	3736.92	3740.64	3745.08	3745.32	3743.62	3742.86	3737.96	
3736.56	3732.34	3736.04	3730.90	3716.30	3717.52	3710.34	3711.82	3715.14	3714.10	3721.10	3715.20	3707.02	3707.86	3700.04	3700.30	
3681.54	3683.90	3686.44	3686.56	3683.30	3680.42	3683.02	3682.24	3680.38	3681.68	3674.36	3676.98	3679.40	3671.44	3691.92	3618.38	

**************************************************************
Probe number 5 
Concentration entered by User 4.90%
1128.02	1139.74	1149.18	1162.78	1174.32	1191.20	1203.36	1215.98	1229.36	1243.30	1259.96	1276.68	1294.66	1312.72	1330.10	1350.20	
1371.96	1389.84	1415.66	1443.88	1469.48	1498.24	1532.88	1570.32	1607.44	1648.20	1696.56	1748.48	1802.40	1868.36	1941.72	2029.56	
2140.78	2269.96	2447.14	2709.02	3067.46	3367.52	3575.76	3708.14	3710.08	3702.94	3699.72	3694.08	3702.96	3708.50	3714.86	3716.38	
3723.10	3732.32	3735.94	3735.00	3736.90	3735.94	3729.82	3727.92	3733.48	3733.90	3737.26	3738.00	3744.42	3749.80	3748.50	3743.22	
3749.18	3748.46	3750.12	3746.64	3759.24	3738.28	3714.22	3706.56	3693.50	3703.12	3723.02	3756.06	3751.88	3749.14	3748.20	3744.38	
3744.60	3740.22	3741.54	3742.86	3740.44	3741.64	3740.02	3741.26	3742.40	3737.66	3740.78	3745.96	3746.78	3745.02	3744.12	3738.48	
3736.70	3731.92	3736.62	3733.20	3718.98	3719.58	3711.14	3711.90	3715.92	3716.04	3721.96	3715.96	3708.28	3709.46	3700.76	3700.52	
3681.92	3684.50	3687.40	3687.76	3684.16	3679.44	3680.82	3680.50	3680.36	3682.28	3674.88	3675.60	3677.48	3669.72	3691.68	3618.86	

**************************************************************
Probe number 6 
Concentration entered by User 5.90%
1120.72	1133.40	1142.48	1154.94	1166.14	1183.06	1193.70	1205.92	1219.08	1233.90	1249.82	1266.70	1284.60	1302.82	1318.98	1337.64	
1359.60	1376.60	1401.02	1426.18	1447.78	1472.00	1503.58	1534.46	1566.86	1602.66	1645.20	1691.20	1738.88	1796.10	1858.02	1929.86	
2018.52	2119.72	2246.72	2419.50	2668.62	3023.84	3330.38	3544.42	3702.86	3714.02	3695.92	3692.24	3701.94	3708.10	3714.94	3716.64	
3722.56	3731.64	3734.58	3733.40	3735.70	3736.00	3729.92	3727.90	3732.72	3732.50	3735.30	3735.68	3742.42	3748.40	3748.06	3742.62	
3748.32	3747.90	3749.02	3745.14	3758.90	3738.16	3713.74	3706.26	3693.24	3703.00	3723.04	3756.26	3752.34	3749.32	3747.62	3744.30	
3745.22	3740.28	3741.82	3742.60	3740.86	3741.62	3739.06	3740.94	3742.44	3737.16	3740.38	3744.96	3746.12	3744.60	3744.04	3738.46	
3737.50	3732.62	3736.88	3733.08	3718.92	3719.64	3711.10	3711.26	3715.12	3714.66	3720.76	3714.78	3707.10	3707.86	3698.74	3698.76	
3679.02	3682.04	3685.36	3686.44	3683.36	3679.38	3681.10	3680.84	3680.76	3682.94	3675.48	3676.86	3679.04	3671.58	3692.32	3619.30	

**************************************************************
Probe number 7 
Concentration entered by User 8.00%
1102.74	1113.56	1122.08	1134.12	1144.66	1159.86	1170.46	1180.88	1193.16	1205.72	1221.16	1236.34	1253.22	1268.80	1283.52	1300.76	
1320.10	1334.76	1355.38	1376.48	1393.86	1414.88	1442.26	1469.70	1496.66	1523.60	1558.08	1595.26	1633.14	1676.80	1721.40	1773.70	
1836.62	1901.98	1981.18	2077.06	2194.26	2345.68	2546.16	2848.52	3213.92	3463.52	3653.94	3718.50	3704.00	3708.22	3714.02	3715.82	
3723.84	3733.76	3737.86	3736.64	3738.24	3736.86	3730.64	3728.80	3734.40	3736.00	3739.66	3739.68	3746.32	3751.32	3750.10	3745.22	
3751.50	3751.92	3753.80	3750.68	3763.52	3743.16	3718.80	3711.68	3699.26	3707.92	3728.08	3761.00	3757.20	3754.50	3752.46	3748.22	
3747.88	3743.90	3746.26	3748.02	3746.12	3746.18	3743.48	3744.18	3745.12	3740.48	3744.10	3749.84	3750.92	3749.20	3748.50	3742.46	
3741.00	3735.52	3740.08	3737.72	3724.96	3726.30	3717.14	3716.56	3720.66	3720.44	3726.82	3722.12	3714.72	3715.08	3706.36	3706.24	
3687.02	3689.96	3692.86	3693.78	3690.78	3686.16	3688.32	3687.60	3687.06	3688.72	3680.58	3681.96	3684.56	3676.80	3697.40	3625.36	

**************************************************************
Probe number 8 
Concentration entered by User 10.00%
1080.00	1085.32	1089.56	1096.48	1101.44	1111.92	1118.26	1127.14	1136.76	1147.20	1157.76	1169.38	1182.22	1195.38	1207.62	1222.96	
1238.88	1251.12	1269.90	1289.92	1307.38	1327.56	1352.30	1376.00	1399.64	1424.56	1455.22	1487.44	1517.06	1554.42	1593.48	1635.72	
1684.82	1733.10	1790.44	1856.14	1932.96	2024.12	2126.42	2256.32	2433.36	2685.00	3032.56	3333.80	3559.04	3713.26	3726.42	3714.68	
3722.06	3731.64	3734.82	3733.48	3736.28	3735.62	3729.42	3727.76	3733.48	3733.64	3737.16	3737.50	3744.54	3750.46	3750.02	3745.18	
3751.60	3752.04	3754.32	3750.62	3763.60	3744.16	3720.20	3713.28	3700.78	3710.20	3729.50	3762.00	3758.54	3756.14	3755.10	3751.56	
3752.22	3747.66	3749.14	3750.02	3748.08	3749.14	3747.68	3749.12	3750.32	3745.32	3748.66	3753.52	3754.88	3753.76	3753.32	3747.72	
3745.84	3740.88	3745.04	3742.52	3729.74	3730.48	3722.26	3722.14	3726.54	3725.76	3731.48	3727.30	3720.52	3720.86	3712.28	3712.16	
3693.38	3695.60	3698.88	3699.82	3695.98	3692.02	3693.46	3693.34	3692.68	3694.80	3687.28	3688.20	3689.52	3682.02	3702.32	3631.26	

**************************************************************
Probe number 9 
Concentration entered by User 11.90%
1072.10	1081.66	1088.86	1099.46	1108.02	1121.98	1130.34	1139.92	1149.92	1160.52	1173.90	1187.42	1203.02	1219.08	1233.54	1246.52	
1259.96	1272.74	1289.14	1306.38	1316.82	1329.80	1348.94	1368.80	1387.08	1406.88	1431.72	1457.36	1483.20	1512.20	1540.00	1570.66	
1610.32	1647.46	1690.60	1738.00	1791.78	1853.78	1919.82	1998.72	2099.44	2219.04	2369.66	2579.82	2904.28	3250.16	3490.36	3678.12	
3730.28	3720.54	3724.86	3721.64	3723.48	3722.74	3714.76	3713.26	3719.84	3720.02	3724.40	3725.14	3732.52	3738.24	3738.80	3733.76	
3741.04	3741.80	3743.16	3740.26	3754.46	3734.48	3710.26	3704.48	3691.64	3700.74	3720.08	3753.44	3749.72	3746.08	3745.22	3741.08	
3741.96	3736.14	3737.74	3738.62	3736.42	3737.68	3735.64	3737.04	3738.46	3733.58	3737.66	3743.26	3744.68	3743.30	3742.78	3737.36	
3735.36	3730.76	3735.38	3732.70	3719.38	3720.72	3712.06	3711.96	3715.40	3715.34	3721.44	3715.86	3707.58	3708.08	3699.86	3700.12	
3680.16	3681.04	3683.98	3684.62	3681.96	3677.30	3678.38	3677.36	3676.78	3678.38	3670.84	3672.22	3674.36	3666.86	3688.16	3614.14	

**************************************************************
Probe number 10 
Concentration entered by User 14.00%
1054.10	1058.52	1062.98	1069.44	1074.20	1083.92	1088.88	1096.08	1103.92	1112.48	1121.78	1131.88	1141.56	1151.30	1160.04	1170.54	
1181.94	1189.94	1202.18	1216.72	1227.66	1241.00	1257.74	1274.84	1291.34	1308.96	1329.28	1350.96	1371.80	1397.14	1424.34	1452.36	
1485.80	1516.18	1551.42	1589.76	1632.04	1678.68	1724.40	1777.16	1841.04	1912.08	1992.82	2086.88	2213.62	2377.28	2608.82	2940.80	
3286.20	3527.56	3707.28	3736.48	3722.78	3724.44	3719.64	3720.24	3725.94	3723.20	3727.12	3727.48	3734.90	3741.06	3740.26	3735.30	
3740.88	3740.82	3742.44	3739.60	3753.88	3734.90	3710.62	3703.40	3690.94	3701.08	3721.26	3755.50	3752.02	3749.62	3748.74	3745.62	
3745.66	3740.82	3742.16	3743.76	3742.18	3743.56	3741.60	3743.10	3743.78	3738.78	3742.18	3748.08	3749.42	3747.62	3746.74	3741.14	
3739.10	3734.24	3738.56	3735.78	3722.62	3723.38	3714.50	3714.62	3718.76	3718.14	3724.42	3719.84	3712.46	3712.96	3704.00	3703.80	
3684.12	3686.84	3690.40	3691.08	3687.50	3682.84	3684.68	3684.54	3684.80	3686.40	3678.64	3680.74	3682.36	3674.72	3695.24	3621.44	

**************************************************************
Probe number 11 
Concentration entered by User 17.00%
1040.36	1044.10	1047.14	1052.64	1055.86	1063.60	1066.66	1072.54	1079.32	1085.76	1093.00	1100.30	1108.96	1117.20	1124.80	1133.84	
1142.70	1149.46	1160.34	1172.50	1180.78	1191.24	1205.66	1219.26	1232.16	1245.08	1261.96	1279.20	1295.24	1314.62	1336.02	1357.88	
1384.26	1407.46	1434.72	1463.94	1494.70	1528.32	1561.88	1599.04	1642.70	1687.24	1735.42	1786.04	1852.50	1928.36	2016.82	2120.72	
2257.50	2438.96	2696.42	3052.72	3363.02	3580.20	3711.86	3717.36	3711.86	3713.40	3716.88	3717.24	3725.78	3732.50	3732.50	3727.42	
3735.14	3735.78	3738.62	3736.10	3750.20	3729.80	3704.46	3697.52	3685.44	3695.92	3717.48	3753.60	3750.32	3747.76	3746.36	3743.24	
3744.04	3739.14	3741.08	3742.08	3740.56	3741.50	3739.76	3741.18	3742.64	3737.26	3741.14	3747.22	3748.18	3746.30	3744.78	3739.08	
3738.50	3733.78	3738.36	3734.98	3720.62	3721.06	3712.84	3712.94	3717.80	3716.86	3722.54	3717.68	3710.42	3710.76	3701.86	3701.80	
3681.90	3684.62	3688.16	3688.98	3686.22	3682.14	3683.54	3682.78	3682.74	3685.64	3678.18	3678.68	3679.44	3672.38	3693.72	3621.70	

**************************************************************
Probe number 12 
Concentration entered by User 21.20%
1019.54	1022.02	1024.64	1028.98	1030.84	1037.20	1039.44	1044.02	1049.10	1054.04	1060.04	1066.28	1073.64	1080.12	1085.80	1092.00	
1098.32	1102.66	1110.26	1119.54	1125.64	1133.42	1144.60	1155.40	1164.70	1173.76	1185.96	1198.98	1210.44	1224.82	1241.52	1255.14	
1273.98	1290.62	1308.10	1327.02	1348.04	1369.06	1389.44	1413.18	1441.36	1469.96	1498.98	1527.66	1566.02	1606.70	1649.60	1694.60	
1749.54	1812.10	1880.28	1956.12	2050.44	2161.56	2296.76	2485.08	2772.64	3137.44	3412.36	3627.08	3738.54	3733.78	3729.66	3724.76	
3732.34	3732.36	3734.46	3731.70	3746.94	3726.44	3701.26	3695.02	3683.02	3693.36	3714.56	3751.34	3748.94	3746.92	3746.82	3743.92	
3745.00	3740.92	3743.60	3745.60	3744.24	3745.14	3743.56	3744.68	3745.22	3740.32	3744.04	3749.90	3752.26	3752.12	3751.44	3743.68	
3739.40	3734.02	3740.64	3740.62	3728.22	3727.34	3716.08	3714.06	3719.90	3722.34	3729.08	3723.90	3715.94	3715.54	3707.24	3708.04	
3689.10	3691.44	3694.48	3695.22	3691.50	3687.00	3689.16	3689.28	3689.58	3690.06	3682.66	3684.44	3686.12	3679.14	3699.70	3627.74	

**************************************************************
Probe number 13 
Concentration entered by User 24.90%
1011.20	1016.06	1019.76	1025.96	1030.88	1040.56	1044.08	1048.92	1053.32	1057.48	1062.52	1066.40	1072.30	1078.60	1083.08	1087.30	
1091.38	1093.64	1100.74	1108.44	1112.64	1118.24	1127.06	1135.02	1142.30	1148.32	1157.16	1165.98	1174.52	1183.68	1193.42	1203.12	
1216.50	1228.12	1241.18	1253.76	1268.72	1284.56	1299.20	1315.26	1334.10	1353.36	1372.52	1389.66	1414.10	1439.60	1467.38	1495.12	
1527.44	1565.16	1602.96	1642.12	1687.34	1734.42	1786.48	1845.70	1920.26	2005.96	2109.46	2232.82	2406.30	2656.14	3006.96	3329.22	
3566.54	3726.16	3745.30	3728.12	3745.40	3723.02	3697.40	3691.16	3678.70	3690.12	3712.34	3749.44	3746.38	3744.10	3743.82	3741.18	
3742.70	3738.58	3740.86	3742.96	3741.96	3743.66	3743.56	3745.50	3747.24	3742.74	3746.38	3751.78	3752.76	3751.20	3750.70	3744.64	
3743.50	3738.58	3742.64	3739.84	3727.30	3727.54	3719.76	3719.88	3723.60	3722.90	3728.92	3724.10	3717.44	3717.72	3708.98	3708.66	
3689.64	3691.32	3694.64	3695.62	3692.24	3688.00	3689.66	3689.04	3688.44	3690.46	3682.84	3684.34	3686.88	3679.58	3699.94	3627.88	

**************************************************************
Probe number 14 
Concentration entered by User 29.80%
991.80	995.44	1000.54	1008.02	1012.94	1021.52	1025.16	1029.48	1033.30	1036.56	1042.18	1046.34	1051.76	1055.08	1058.12	1061.80	
1065.60	1067.46	1072.46	1077.16	1078.52	1082.22	1088.02	1092.96	1097.24	1100.50	1107.32	1114.50	1120.68	1128.06	1136.02	1143.34	
1154.04	1161.98	1170.20	1178.90	1188.54	1199.68	1208.88	1219.92	1232.36	1244.90	1257.86	1268.98	1285.62	1303.82	1320.78	1338.28	
1358.42	1381.04	1401.04	1422.32	1447.62	1474.10	1500.40	1529.36	1566.44	1605.34	1647.32	1690.50	1742.66	1801.16	1862.72	1929.32	
2017.00	2117.70	2242.60	2403.60	2648.10	2971.22	3291.00	3516.42	3677.48	3731.22	3731.92	3766.70	3763.78	3762.00	3762.46	3761.02	
3762.30	3758.92	3761.54	3763.38	3763.34	3764.86	3764.44	3766.08	3767.96	3763.88	3767.66	3773.14	3774.70	3774.18	3774.32	3770.10	
3768.64	3764.28	3768.18	3765.68	3755.14	3755.36	3748.26	3747.72	3751.00	3751.54	3757.38	3753.04	3747.10	3747.68	3739.16	3739.52	
3722.66	3724.12	3726.64	3727.68	3724.66	3718.74	3719.80	3721.80	3723.48	3725.74	3717.98	3718.68	3720.50	3714.90	3734.18	3669.16	

