**************************************************************
Probe number 0 
Concentration entered by User 0.00%
1176.26	1188.50	1198.18	1212.76	1233.90	1245.54	1269.38	1285.52	1302.12	1324.16	1341.20	1369.30	1397.86	1437.62	1469.32	1504.30	
1541.96	1577.64	1625.32	1677.68	1743.42	1806.84	1876.80	1969.76	2081.12	2212.68	2413.16	2700.82	3053.44	3329.18	3509.44	3630.30	
3614.86	3612.10	3606.82	3637.10	3636.88	3634.96	3646.10	3642.02	3641.06	3651.74	3661.90	3656.64	3670.58	3682.78	3666.90	3696.18	
3694.62	3693.34	3697.30	3686.98	3716.26	3704.20	3698.22	3702.76	3698.28	3691.96	3709.08	3723.60	3712.24	3713.36	3721.44	3699.22	
3725.44	3714.46	3720.84	3727.86	3714.94	3718.02	3722.50	3726.20	3737.56	3736.58	3747.48	3750.88	3757.94	3739.24	3730.86	3744.88	
3738.88	3749.36	3742.44	3738.52	3740.08	3750.28	3745.68	3744.86	3745.62	3748.26	3733.86	3756.70	3713.28	3750.90	3729.68	3732.02	
3716.44	3741.60	3730.58	3725.82	3739.24	3725.10	3739.18	3664.50	3729.54	3737.10	3734.66	3727.24	3742.62	3708.94	3704.92	3726.76	
3716.04	3717.96	3702.22	3710.04	3707.90	3727.18	3464.82	3758.00	3717.48	3688.86	3711.04	3684.40	3699.22	3710.58	3712.00	3654.56	

**************************************************************
Probe number 1 
Concentration entered by User 1.00%
1167.40	1178.50	1187.50	1200.64	1220.02	1229.68	1252.08	1265.50	1280.78	1301.46	1316.72	1342.06	1369.94	1406.40	1434.84	1465.78	
1500.82	1531.22	1573.04	1616.78	1673.50	1726.62	1786.22	1861.84	1948.76	2046.02	2191.82	2385.20	2656.42	3017.38	3280.58	3488.70	
3597.84	3586.06	3579.94	3617.14	3617.42	3616.24	3631.10	3626.72	3627.38	3644.10	3655.26	3653.14	3666.32	3676.44	3660.22	3690.62	
3690.22	3691.58	3696.84	3685.38	3716.84	3705.62	3697.64	3702.38	3700.30	3697.00	3714.96	3727.32	3714.98	3717.30	3724.58	3701.90	
3727.74	3717.82	3724.76	3731.58	3719.48	3723.56	3727.36	3729.80	3740.08	3739.02	3750.80	3754.46	3760.90	3742.34	3732.84	3747.32	
3742.52	3753.68	3747.06	3742.22	3742.64	3752.64	3749.28	3749.08	3749.86	3751.14	3736.08	3759.56	3717.86	3754.60	3734.60	3735.88	
3719.84	3744.22	3734.58	3730.50	3743.76	3730.66	3744.26	3673.38	3736.30	3742.54	3738.72	3730.74	3746.40	3714.44	3712.02	3733.44	
3723.12	3723.30	3706.92	3715.04	3714.10	3733.82	3477.74	3762.50	3722.26	3693.24	3716.28	3691.72	3705.28	3715.00	3715.30	3660.36	

**************************************************************
Probe number 2 
Concentration entered by User 2.00%
1155.08	1165.42	1173.56	1185.74	1203.36	1212.22	1232.92	1245.22	1259.36	1278.56	1292.52	1316.78	1342.00	1375.96	1402.22	1431.42	
1463.54	1493.60	1532.70	1574.08	1626.58	1675.12	1726.08	1792.10	1866.58	1947.76	2062.48	2203.04	2380.36	2652.44	3006.22	3307.68	
3493.90	3620.42	3611.16	3631.52	3629.62	3628.88	3640.70	3637.90	3638.80	3651.56	3660.72	3656.10	3669.00	3680.58	3664.56	3694.86	
3694.06	3693.30	3696.58	3685.26	3713.76	3699.32	3694.94	3700.06	3695.12	3690.08	3707.44	3721.70	3710.88	3712.08	3718.54	3696.56	
3724.68	3715.18	3723.64	3730.54	3717.68	3719.68	3724.04	3726.22	3738.20	3737.60	3748.86	3752.02	3758.60	3739.62	3730.88	3745.30	
3740.94	3751.68	3745.20	3740.56	3741.64	3751.30	3747.58	3747.58	3748.30	3750.18	3735.42	3758.34	3716.10	3753.58	3732.88	3734.62	
3717.96	3742.60	3732.46	3728.56	3742.18	3727.96	3741.54	3668.84	3733.32	3740.38	3736.00	3727.88	3744.70	3712.52	3710.26	3731.38	
3720.62	3720.96	3705.22	3713.76	3713.16	3732.74	3474.88	3761.66	3721.22	3693.16	3715.64	3690.84	3704.44	3713.98	3714.56	3659.46	

**************************************************************
Probe number 3 
Concentration entered by User 3.00%
1146.06	1155.02	1163.00	1174.52	1191.32	1199.64	1218.82	1230.40	1244.02	1261.24	1274.64	1297.86	1321.08	1352.56	1377.66	1404.90	
1435.50	1462.52	1498.96	1536.04	1582.86	1626.34	1671.70	1730.12	1794.28	1863.60	1958.14	2070.48	2199.52	2385.10	2643.98	3004.84	
3296.58	3483.66	3610.54	3637.68	3626.50	3625.14	3636.80	3633.32	3632.96	3645.42	3656.02	3651.36	3665.56	3677.88	3662.76	3692.16	
3689.52	3688.42	3692.98	3682.54	3713.42	3701.16	3696.00	3700.90	3696.24	3690.20	3707.64	3721.20	3710.22	3711.68	3719.36	3696.46	
3723.06	3712.26	3719.98	3727.30	3714.38	3717.30	3721.26	3723.98	3735.82	3735.08	3746.96	3750.04	3757.02	3737.68	3728.40	3742.84	
3737.82	3749.44	3741.66	3736.40	3738.12	3749.02	3745.76	3743.98	3745.02	3746.54	3730.64	3755.36	3711.76	3751.46	3729.72	3730.58	
3713.94	3738.56	3729.06	3725.14	3738.80	3725.38	3739.32	3665.40	3729.78	3737.16	3733.20	3725.24	3742.16	3708.16	3705.48	3728.10	
3717.02	3717.44	3701.82	3710.20	3709.58	3728.82	3468.32	3759.24	3717.84	3688.68	3711.72	3685.74	3699.82	3709.56	3710.52	3653.92	

**************************************************************
Probe number 4 
Concentration entered by User 4.00%
1134.80	1143.20	1150.52	1160.98	1176.80	1184.60	1202.20	1213.06	1225.10	1241.22	1253.04	1273.60	1295.34	1324.44	1346.92	1371.32	
1398.22	1422.82	1455.46	1490.10	1532.36	1570.60	1609.62	1659.44	1713.32	1768.68	1844.98	1934.18	2030.54	2164.40	2329.62	2559.06	
2888.10	3203.32	3392.46	3575.92	3616.62	3601.18	3618.56	3619.58	3624.64	3639.30	3649.88	3644.92	3660.84	3674.46	3662.18	3692.84	
3691.26	3691.04	3695.96	3686.28	3715.36	3703.18	3699.56	3704.30	3700.16	3694.38	3711.36	3724.96	3713.66	3715.28	3723.60	3701.98	
3727.60	3717.14	3724.26	3730.78	3718.40	3721.30	3725.08	3728.28	3739.14	3738.60	3749.48	3753.08	3759.84	3740.66	3732.02	3746.18	
3741.48	3752.62	3745.96	3741.36	3742.02	3752.06	3748.58	3748.38	3749.06	3750.74	3735.46	3758.50	3716.48	3754.08	3733.52	3734.50	
3718.10	3742.88	3732.74	3729.42	3742.78	3729.00	3742.46	3670.38	3734.06	3740.54	3736.96	3729.02	3745.44	3712.98	3709.98	3731.42	
3720.86	3721.68	3706.02	3713.88	3713.14	3732.52	3474.28	3761.90	3721.74	3693.30	3715.74	3690.48	3703.78	3713.76	3714.44	3659.58	

**************************************************************
Probe number 5 
Concentration entered by User 5.00%
1123.30	1131.20	1137.48	1147.08	1162.26	1170.18	1187.24	1197.28	1208.92	1224.80	1236.24	1255.74	1276.28	1303.44	1324.88	1347.14	
1372.10	1394.78	1424.48	1456.26	1495.42	1529.66	1564.86	1609.44	1657.48	1706.26	1773.22	1849.36	1928.30	2026.80	2146.00	2314.40	
2530.32	2849.56	3192.76	3442.92	3603.50	3645.50	3637.00	3635.72	3635.52	3647.66	3657.62	3652.94	3667.72	3680.20	3665.10	3694.86	
3692.24	3691.52	3695.36	3684.90	3715.46	3703.72	3699.32	3704.68	3700.00	3694.18	3711.68	3725.08	3714.44	3716.26	3723.84	3702.08	
3728.04	3717.50	3724.34	3731.12	3718.78	3721.84	3725.42	3728.48	3739.56	3739.00	3750.04	3753.06	3759.44	3740.34	3730.90	3745.58	
3741.30	3752.46	3745.86	3741.14	3741.14	3751.12	3747.76	3747.68	3748.58	3750.30	3735.24	3758.16	3715.30	3753.20	3732.18	3734.42	
3718.20	3742.54	3732.50	3728.76	3742.00	3728.94	3742.50	3670.62	3733.64	3740.28	3736.54	3728.82	3745.40	3712.82	3710.20	3731.56	
3720.22	3720.88	3705.66	3714.28	3713.92	3732.36	3473.88	3761.40	3721.40	3693.04	3716.04	3690.64	3703.60	3713.38	3714.20	3660.22	

**************************************************************
Probe number 6 
Concentration entered by User 6.00%
1115.66	1123.20	1129.16	1138.28	1152.06	1159.34	1174.60	1183.92	1193.80	1207.86	1217.92	1236.06	1254.56	1279.62	1298.70	1319.40	
1342.42	1363.22	1390.46	1419.58	1456.06	1488.04	1519.74	1559.42	1602.10	1644.82	1703.28	1765.92	1831.94	1914.76	2008.12	2130.52	
2278.10	2485.64	2784.84	3172.62	3409.40	3574.06	3656.20	3635.20	3633.90	3645.42	3654.36	3649.88	3664.38	3677.50	3662.18	3691.46	
3688.78	3687.64	3691.78	3681.04	3713.02	3701.16	3696.42	3701.82	3697.26	3691.74	3709.08	3722.86	3712.20	3714.02	3722.54	3699.94	
3726.10	3715.12	3722.54	3729.82	3717.86	3720.76	3724.86	3727.24	3737.90	3737.48	3748.96	3752.70	3759.68	3741.04	3731.24	3745.32	
3740.86	3751.80	3745.76	3741.10	3742.02	3751.98	3748.12	3747.88	3748.98	3751.10	3736.56	3759.30	3717.32	3754.04	3733.46	3734.34	
3718.98	3743.68	3733.70	3729.82	3742.96	3729.98	3742.90	3671.44	3734.34	3741.32	3737.86	3730.30	3746.18	3713.42	3710.64	3731.94	
3721.88	3722.30	3707.14	3715.20	3714.18	3733.46	3476.40	3762.26	3722.52	3694.26	3716.56	3691.56	3705.34	3715.18	3715.48	3660.30	

**************************************************************
Probe number 7 
Concentration entered by User 8.00%
1098.38	1104.66	1109.72	1118.06	1130.12	1136.86	1150.22	1157.66	1166.70	1179.50	1187.84	1203.68	1219.80	1241.28	1257.48	1274.78	
1294.74	1312.14	1334.94	1359.46	1389.80	1416.34	1442.86	1475.88	1510.30	1544.16	1589.78	1638.42	1686.26	1747.42	1811.46	1891.66	
1978.96	2087.16	2222.70	2431.00	2707.62	3067.04	3351.24	3530.04	3644.42	3646.44	3651.86	3645.90	3659.96	3672.92	3658.36	3689.30	
3687.40	3686.32	3689.36	3679.96	3712.38	3700.16	3695.96	3701.16	3697.04	3691.00	3707.76	3721.80	3711.36	3713.68	3721.44	3699.34	
3726.48	3715.10	3722.08	3729.12	3716.90	3720.28	3724.86	3728.34	3739.26	3739.06	3749.94	3753.56	3760.60	3742.20	3733.82	3747.56	
3742.52	3752.50	3745.52	3741.62	3743.60	3753.38	3749.34	3749.26	3750.30	3752.54	3738.02	3759.76	3717.12	3754.46	3734.24	3735.84	
3720.68	3744.12	3732.94	3729.18	3742.98	3729.44	3743.54	3672.34	3735.94	3741.20	3737.02	3729.44	3745.82	3714.26	3711.24	3732.68	
3721.14	3720.58	3705.10	3714.06	3714.24	3733.94	3477.84	3762.54	3722.84	3694.54	3718.40	3693.54	3706.12	3715.88	3717.32	3662.38	

**************************************************************
Probe number 8 
Concentration entered by User 10.00%
1081.50	1086.96	1091.66	1098.74	1110.06	1115.92	1127.76	1134.64	1142.06	1153.50	1159.84	1174.36	1188.10	1207.20	1221.12	1236.32	
1253.20	1267.62	1287.72	1308.48	1334.28	1356.72	1378.94	1406.16	1434.76	1461.46	1498.22	1538.28	1574.96	1621.52	1668.46	1727.60	
1788.38	1859.28	1941.00	2058.20	2184.26	2350.04	2599.98	2938.86	3263.46	3481.26	3639.52	3656.60	3655.48	3669.34	3652.30	3683.04	
3681.22	3681.02	3685.64	3675.18	3707.40	3694.52	3690.20	3695.26	3690.94	3685.92	3704.70	3719.50	3708.78	3711.20	3719.42	3697.72	
3724.14	3713.96	3721.32	3728.80	3716.42	3719.22	3723.04	3725.74	3737.54	3736.42	3747.78	3751.30	3758.10	3738.76	3729.82	3744.20	
3739.98	3751.12	3744.50	3739.84	3740.44	3750.86	3746.90	3746.44	3747.38	3749.10	3733.82	3757.58	3714.44	3752.66	3731.46	3733.06	
3716.46	3741.42	3731.00	3727.18	3741.02	3727.24	3740.86	3668.32	3732.50	3739.36	3735.74	3727.68	3743.90	3711.02	3708.24	3730.20	
3719.74	3720.38	3704.42	3712.54	3711.64	3731.04	3471.62	3760.72	3719.98	3691.00	3713.42	3688.10	3702.76	3713.26	3713.76	3658.50	

**************************************************************
Probe number 9 
Concentration entered by User 12.00%
1064.90	1069.32	1073.66	1080.16	1090.12	1095.50	1105.96	1112.08	1117.74	1125.84	1131.32	1143.78	1156.46	1173.42	1185.96	1200.38	
1215.16	1226.54	1241.90	1258.48	1279.04	1296.86	1315.66	1340.24	1364.64	1388.04	1421.36	1454.14	1482.02	1519.04	1556.84	1601.88	
1646.00	1696.02	1751.92	1830.38	1907.30	1997.44	2115.38	2255.66	2447.56	2743.62	3117.40	3372.92	3571.72	3680.90	3652.10	3680.06	
3677.48	3676.92	3682.76	3671.94	3704.36	3692.10	3687.76	3693.36	3689.64	3683.84	3702.60	3717.22	3706.78	3709.00	3718.24	3696.12	
3723.26	3712.74	3720.70	3727.80	3715.72	3718.68	3722.78	3725.82	3737.32	3736.58	3748.02	3751.64	3758.66	3739.14	3729.80	3744.74	
3739.88	3751.38	3744.40	3739.84	3740.40	3750.74	3747.06	3746.46	3748.02	3749.48	3733.96	3757.62	3713.96	3752.42	3731.68	3733.30	
3716.88	3741.88	3731.18	3726.64	3740.80	3727.10	3741.18	3668.26	3732.26	3739.22	3735.10	3727.14	3744.00	3710.52	3707.94	3729.94	
3719.56	3720.32	3704.86	3712.76	3711.92	3731.42	3472.52	3761.20	3721.06	3691.70	3714.46	3689.18	3703.20	3713.66	3714.38	3659.04	

**************************************************************
Probe number 10 
Concentration entered by User 14.00%
1052.54	1056.44	1059.98	1065.38	1074.38	1079.50	1089.24	1093.78	1099.66	1108.16	1113.50	1124.56	1134.96	1149.78	1160.68	1171.58	
1184.18	1194.40	1208.52	1223.52	1242.40	1257.68	1272.68	1291.98	1311.48	1330.74	1357.12	1384.08	1408.98	1439.46	1468.36	1505.36	
1540.54	1580.10	1621.92	1680.20	1735.34	1796.28	1872.16	1955.80	2056.56	2188.62	2362.78	2597.48	2956.88	3304.48	3488.78	3669.26	
3689.86	3673.70	3679.26	3668.36	3701.60	3689.46	3685.00	3691.50	3687.08	3681.16	3699.34	3714.70	3703.64	3706.12	3715.90	3693.78	
3721.56	3711.50	3719.64	3727.32	3714.96	3718.34	3722.56	3725.80	3737.36	3736.52	3748.52	3751.44	3758.24	3738.70	3728.98	3743.38	
3739.00	3750.74	3743.88	3738.78	3739.92	3749.94	3745.58	3745.78	3746.72	3748.54	3733.16	3756.92	3713.96	3752.38	3731.50	3732.82	
3715.18	3740.40	3730.78	3727.30	3741.42	3728.14	3741.70	3668.00	3732.00	3738.92	3735.46	3727.80	3744.44	3711.64	3709.28	3730.58	
3719.58	3720.56	3704.54	3713.30	3712.16	3732.04	3472.94	3760.76	3719.88	3691.86	3714.80	3690.24	3703.38	3712.96	3713.66	3659.50	

**************************************************************
Probe number 11 
Concentration entered by User 17.00%
1035.92	1038.50	1041.36	1045.96	1053.90	1058.06	1066.04	1069.84	1074.82	1081.62	1085.62	1095.34	1104.14	1116.04	1125.08	1134.18	
1144.40	1152.48	1163.60	1175.58	1190.40	1202.32	1214.54	1228.80	1243.84	1258.32	1278.32	1298.72	1316.88	1340.10	1362.50	1389.72	
1414.04	1440.98	1470.50	1511.94	1548.62	1587.78	1635.52	1683.74	1737.50	1803.60	1880.08	1960.48	2072.56	2209.62	2369.74	2641.88	
2991.34	3319.50	3523.94	3654.90	3707.92	3681.90	3678.34	3684.60	3679.92	3674.40	3694.20	3710.18	3698.88	3701.74	3711.36	3689.16	
3717.16	3706.48	3715.00	3723.02	3710.44	3714.54	3719.58	3723.28	3735.26	3734.58	3746.50	3750.46	3757.36	3737.80	3728.52	3743.60	
3738.78	3750.30	3743.34	3738.52	3739.30	3749.34	3745.60	3745.74	3746.90	3748.58	3733.40	3757.02	3714.10	3752.10	3731.36	3732.86	
3716.22	3740.90	3730.48	3726.80	3740.46	3726.36	3740.52	3667.32	3731.60	3738.32	3735.00	3727.10	3743.70	3710.40	3707.86	3729.74	
3719.24	3720.12	3704.36	3712.38	3711.38	3731.24	3472.00	3760.88	3720.06	3691.68	3714.24	3688.98	3703.24	3713.66	3713.98	3658.30	

**************************************************************
Probe number 12 
Concentration entered by User 21.10%
1012.48	1014.40	1016.22	1021.50	1028.48	1031.68	1037.78	1040.74	1044.46	1050.20	1052.62	1060.60	1067.44	1076.46	1082.80	1090.08	
1098.06	1103.64	1111.70	1121.32	1132.42	1141.04	1150.12	1161.00	1171.94	1182.48	1196.88	1212.08	1224.80	1241.24	1255.56	1274.52	
1291.60	1310.38	1329.74	1357.48	1381.22	1404.70	1433.54	1462.46	1494.60	1532.58	1574.72	1615.22	1667.50	1723.68	1775.72	1858.18	
1935.88	2028.90	2146.48	2288.04	2522.30	2819.86	3188.48	3449.76	3616.90	3692.52	3697.02	3712.10	3700.54	3702.78	3712.54	3689.26	
3718.22	3708.28	3717.02	3725.76	3713.58	3717.18	3721.78	3725.90	3737.94	3737.96	3749.78	3753.18	3760.34	3741.86	3733.32	3748.26	
3743.96	3754.66	3748.30	3743.34	3744.04	3753.84	3750.58	3750.62	3751.80	3753.40	3738.48	3760.98	3719.52	3756.40	3736.24	3738.10	
3722.22	3745.94	3735.76	3731.62	3744.72	3731.84	3745.14	3674.98	3737.14	3743.58	3740.34	3732.62	3748.72	3717.12	3714.08	3735.04	
3724.32	3725.72	3710.84	3718.38	3717.54	3736.32	3481.22	3764.18	3725.70	3697.78	3720.08	3695.92	3709.48	3719.14	3719.94	3666.30	

**************************************************************
Probe number 13 
Concentration entered by User 25.30%
993.78	994.76	996.32	999.62	1004.56	1007.50	1012.68	1014.72	1018.02	1022.80	1024.98	1031.70	1037.38	1043.84	1049.14	1054.70	
1060.36	1065.02	1071.22	1078.04	1086.44	1092.60	1099.58	1107.30	1115.44	1122.82	1133.26	1144.14	1152.92	1164.86	1175.20	1188.40	
1199.88	1212.52	1226.20	1245.92	1261.34	1277.36	1296.62	1315.84	1336.12	1360.36	1386.90	1410.04	1441.26	1473.96	1503.52	1550.00	
1588.62	1630.86	1679.14	1727.86	1803.94	1866.02	1946.70	2046.42	2162.28	2311.42	2543.86	2884.08	3242.14	3489.82	3666.30	3705.22	
3718.18	3707.02	3715.36	3724.30	3712.58	3716.50	3721.86	3726.74	3738.90	3739.18	3750.48	3754.66	3761.80	3743.20	3735.42	3749.40	
3746.02	3757.06	3751.18	3747.12	3747.96	3757.70	3754.36	3754.52	3755.82	3757.84	3743.50	3764.76	3725.76	3760.72	3741.78	3743.46	
3728.32	3750.86	3741.56	3738.16	3750.68	3737.94	3750.32	3683.08	3742.78	3748.82	3745.52	3738.76	3753.56	3723.74	3720.88	3740.58	
3730.72	3731.80	3717.46	3725.12	3724.14	3742.04	3491.74	3768.66	3731.84	3705.28	3725.94	3702.92	3715.96	3725.74	3726.06	3674.08	

**************************************************************
Probe number 14 
Concentration entered by User 29.70%
978.84	979.04	980.18	982.94	986.82	989.62	992.98	994.30	995.96	999.60	1000.52	1005.62	1009.90	1014.76	1018.92	1023.28	
1028.14	1031.42	1035.62	1041.02	1047.24	1051.78	1057.06	1062.18	1067.58	1072.72	1080.90	1088.56	1094.58	1103.84	1110.16	1120.20	
1127.54	1135.92	1145.90	1158.68	1169.30	1178.92	1191.20	1205.02	1217.22	1232.08	1249.76	1263.78	1284.08	1304.36	1321.52	1349.36	
1370.84	1394.44	1421.02	1447.72	1489.24	1519.02	1557.02	1599.22	1642.52	1689.04	1752.62	1824.34	1892.16	1980.56	2093.44	2205.40	
2403.38	2637.10	3004.14	3373.22	3562.84	3708.24	3738.18	3729.04	3741.32	3741.00	3752.00	3756.56	3763.70	3746.16	3738.24	3752.92	
3749.90	3760.44	3755.24	3752.18	3753.40	3763.52	3761.30	3761.52	3762.68	3764.66	3752.32	3772.18	3736.38	3768.10	3750.64	3752.14	
3738.40	3758.80	3750.22	3747.14	3758.46	3747.20	3758.72	3696.12	3751.62	3757.28	3753.92	3747.98	3761.80	3734.44	3732.54	3750.20	
3741.76	3742.38	3729.28	3736.24	3735.90	3751.94	3511.06	3774.90	3740.32	3716.74	3738.36	3717.62	3727.90	3735.14	3736.04	3688.30	

