**************************************************************
Probe number 0 
Concentration entered by User 0.00%
1190.46	1205.18	1214.34	1231.36	1248.34	1268.12	1291.46	1314.72	1342.98	1363.18	1385.44	1414.36	1443.34	1477.40	1507.08	1541.88	
1582.78	1624.98	1668.28	1717.00	1773.02	1832.98	1905.54	1972.88	2065.32	2176.20	2314.04	2518.80	2797.74	3149.12	3452.74	3716.16	
3749.06	3726.88	3728.68	3732.62	3729.64	3737.46	3742.06	3747.36	3758.20	3759.70	3755.58	3753.48	3754.22	3754.22	3763.46	3761.74	
3765.24	3774.98	3775.54	3774.88	3775.24	3777.70	3771.12	3773.80	3772.74	3774.68	3779.10	3782.42	3781.86	3784.04	3782.32	3780.90	
3781.10	3783.58	3782.72	3785.98	3785.08	3777.94	3774.74	3773.94	3772.32	3767.72	3762.90	3768.52	3763.88	3760.08	3765.76	3769.28	
3767.96	3767.88	3765.64	3761.34	3759.38	3760.60	3751.56	3752.02	3754.70	3758.52	3748.38	3748.20	3753.54	3756.48	3750.88	3748.88	
3746.36	3741.34	3736.32	3735.02	3735.54	3728.12	3722.08	3718.42	3716.82	3723.04	3724.34	3724.60	3724.50	3726.00	3721.80	3719.84	
3712.90	3714.36	3716.84	3713.96	3701.54	3700.66	3697.02	3688.64	3685.28	3679.38	3693.14	3693.08	3701.08	3694.40	3705.00	3642.26	

**************************************************************
Probe number 1 
Concentration entered by User 1.00%
1173.64	1186.62	1195.24	1211.96	1228.00	1246.54	1266.66	1289.48	1316.52	1334.62	1356.12	1382.68	1409.36	1439.60	1467.38	1498.54	
1536.26	1574.60	1614.50	1658.60	1708.30	1760.66	1823.18	1878.88	1955.40	2044.80	2151.00	2298.82	2483.24	2755.46	3115.60	3425.92	
3686.32	3746.00	3720.24	3729.10	3727.40	3735.24	3738.14	3742.06	3753.02	3754.84	3750.54	3748.10	3749.26	3749.10	3758.80	3756.50	
3759.28	3769.04	3770.14	3769.38	3769.72	3773.06	3766.04	3769.00	3768.10	3770.06	3774.12	3777.64	3777.26	3780.64	3778.64	3776.86	
3776.58	3779.26	3778.36	3781.80	3781.86	3774.28	3770.46	3768.48	3765.98	3762.08	3757.30	3762.60	3757.40	3752.96	3758.36	3761.44	
3760.06	3760.98	3760.32	3755.56	3752.52	3752.28	3743.32	3744.52	3749.04	3752.82	3742.18	3741.40	3747.26	3751.14	3745.06	3742.46	
3739.66	3735.16	3730.60	3729.88	3729.88	3721.78	3715.78	3712.24	3710.98	3716.40	3718.40	3718.74	3718.44	3720.14	3715.62	3713.80	
3706.20	3708.26	3711.50	3708.50	3695.98	3694.42	3690.56	3682.10	3679.02	3673.34	3686.82	3686.10	3693.92	3686.58	3698.34	3633.68	

**************************************************************
Probe number 2 
Concentration entered by User 2.00%
1162.98	1174.44	1182.54	1197.66	1210.92	1225.88	1244.32	1263.76	1288.36	1305.96	1325.46	1351.06	1374.54	1403.50	1428.38	1457.20	
1493.38	1530.90	1568.80	1609.66	1654.56	1700.54	1753.82	1801.72	1867.60	1944.20	2032.08	2149.00	2283.58	2467.38	2743.52	3099.70	
3401.58	3673.60	3748.60	3726.76	3726.80	3734.64	3738.64	3742.96	3753.44	3755.20	3750.78	3748.88	3750.18	3749.66	3759.18	3756.20	
3759.24	3769.58	3770.56	3770.72	3771.60	3774.48	3767.60	3770.52	3769.78	3771.80	3775.92	3779.06	3778.82	3781.26	3779.62	3777.60	
3777.74	3780.68	3779.86	3783.08	3782.82	3775.36	3771.92	3770.90	3769.18	3764.80	3759.66	3765.28	3760.56	3756.78	3763.16	3767.14	
3766.18	3765.52	3763.26	3758.10	3755.64	3757.58	3748.66	3748.88	3751.96	3755.44	3746.06	3745.46	3751.24	3754.38	3748.80	3746.48	
3743.68	3738.52	3733.34	3731.54	3732.88	3725.56	3719.26	3716.06	3714.66	3719.80	3721.52	3722.04	3721.64	3722.58	3718.42	3716.68	
3709.18	3711.42	3714.56	3711.52	3698.98	3697.50	3693.56	3685.54	3681.86	3676.16	3689.74	3689.48	3696.92	3690.46	3701.34	3637.80	

**************************************************************
Probe number 3 
Concentration entered by User 3.00%
1149.48	1159.88	1166.16	1179.64	1192.14	1206.20	1223.72	1241.02	1263.84	1280.60	1298.40	1322.40	1345.32	1373.20	1397.30	1424.52	
1456.70	1490.34	1525.48	1564.04	1605.48	1644.48	1690.20	1731.06	1786.76	1850.68	1923.98	2019.92	2126.48	2258.90	2446.52	2706.36	
3044.38	3358.88	3642.16	3742.90	3713.00	3722.34	3725.18	3729.90	3740.90	3743.46	3739.08	3736.32	3737.18	3737.14	3747.52	3744.90	
3748.18	3759.24	3760.34	3759.94	3761.06	3764.92	3757.72	3760.78	3759.98	3762.16	3766.72	3770.48	3770.60	3773.54	3771.20	3769.06	
3769.52	3772.90	3772.14	3775.70	3775.28	3768.00	3764.12	3763.14	3760.02	3755.30	3749.72	3756.02	3751.46	3747.24	3753.78	3758.04	
3757.04	3756.72	3754.70	3750.04	3747.26	3748.46	3738.36	3738.54	3741.80	3745.70	3735.28	3734.46	3740.68	3744.12	3738.46	3736.02	
3732.96	3727.52	3722.36	3721.86	3722.50	3714.40	3707.30	3702.80	3701.76	3708.50	3710.78	3710.76	3709.70	3710.34	3706.14	3704.70	
3698.00	3701.42	3703.32	3698.68	3684.18	3684.10	3680.66	3671.70	3668.26	3662.52	3677.20	3676.66	3683.90	3676.92	3688.92	3623.86	

**************************************************************
Probe number 4 
Concentration entered by User 4.00%
1143.42	1154.22	1160.08	1173.78	1184.80	1197.78	1213.42	1230.30	1251.96	1266.54	1284.02	1305.18	1325.98	1352.28	1373.58	1397.58	
1427.76	1458.84	1490.70	1525.72	1564.40	1603.08	1646.32	1680.32	1729.48	1784.22	1848.14	1928.16	2012.74	2115.86	2254.58	2429.70	
2668.48	3009.26	3332.16	3625.42	3749.50	3734.02	3736.20	3740.34	3752.08	3753.44	3748.08	3746.02	3746.36	3746.18	3756.38	3753.54	
3756.44	3766.48	3767.34	3766.70	3766.90	3770.48	3763.58	3767.26	3766.84	3769.26	3773.82	3777.24	3776.36	3779.02	3777.26	3775.94	
3776.20	3779.94	3779.32	3782.16	3781.12	3773.64	3770.42	3769.92	3767.94	3762.66	3757.06	3762.48	3757.46	3754.06	3760.06	3764.42	
3762.64	3762.28	3760.32	3755.94	3753.70	3755.02	3745.44	3745.52	3748.48	3751.68	3741.92	3741.02	3746.88	3750.40	3744.96	3743.08	
3740.40	3735.78	3730.80	3730.12	3730.68	3723.80	3718.12	3714.16	3711.78	3716.88	3718.82	3718.90	3718.60	3718.70	3714.28	3713.14	
3706.88	3709.02	3711.68	3708.18	3695.96	3694.82	3690.80	3682.54	3678.94	3672.60	3686.10	3685.90	3694.30	3687.14	3698.48	3634.22	

**************************************************************
Probe number 5 
Concentration entered by User 5.00%
1126.58	1135.96	1141.44	1153.84	1164.82	1177.54	1192.62	1208.84	1229.12	1242.64	1258.22	1279.06	1297.70	1322.40	1342.02	1365.84	
1393.20	1420.88	1450.44	1481.78	1515.16	1551.42	1590.92	1622.52	1665.18	1712.96	1766.86	1835.10	1906.32	1989.40	2098.42	2227.16	
2385.20	2615.40	2937.28	3275.00	3564.78	3749.12	3741.58	3737.96	3748.30	3749.72	3744.88	3742.22	3743.60	3743.58	3753.68	3751.40	
3754.48	3764.98	3765.68	3765.14	3766.00	3768.84	3762.20	3765.68	3765.62	3768.76	3773.76	3777.38	3776.46	3778.98	3776.84	3775.40	
3776.28	3780.06	3779.18	3782.26	3781.92	3774.88	3771.22	3769.88	3768.12	3764.18	3759.00	3764.58	3759.98	3755.70	3761.70	3765.74	
3764.12	3763.04	3761.38	3756.32	3754.28	3755.72	3746.50	3746.68	3749.66	3753.00	3743.24	3742.68	3748.54	3751.68	3746.00	3743.26	
3740.48	3735.50	3731.48	3730.40	3730.50	3722.62	3716.82	3713.66	3712.42	3718.84	3720.28	3720.44	3719.74	3720.54	3716.48	3714.74	
3707.22	3708.98	3711.28	3708.96	3696.92	3695.12	3690.30	3680.98	3675.90	3670.12	3684.64	3686.12	3693.76	3687.12	3694.42	3627.92	

**************************************************************
Probe number 6 
Concentration entered by User 6.00%
1121.98	1131.44	1135.96	1147.90	1158.80	1171.22	1185.54	1202.18	1222.16	1234.80	1250.34	1269.10	1286.98	1309.18	1326.16	1347.96	
1372.68	1398.58	1425.64	1454.40	1486.04	1518.56	1554.20	1582.14	1618.82	1658.02	1704.34	1765.08	1825.06	1894.82	1984.58	2087.46	
2203.06	2358.68	2570.28	2878.46	3220.74	3529.54	3743.36	3754.16	3751.38	3753.32	3747.86	3745.24	3746.62	3746.78	3756.82	3754.24	
3757.02	3767.20	3767.56	3766.98	3767.32	3770.84	3764.32	3767.94	3767.84	3770.70	3775.46	3779.04	3779.22	3782.22	3780.34	3779.00	
3779.58	3783.04	3782.44	3785.42	3784.80	3777.80	3774.36	3773.16	3770.90	3766.74	3760.56	3764.74	3758.12	3752.06	3754.46	3757.22	
3756.64	3752.80	3746.26	3740.20	3739.00	3741.80	3732.08	3733.00	3738.18	3742.54	3734.58	3737.42	3745.62	3748.16	3742.48	3742.18	
3739.70	3737.16	3731.84	3729.92	3730.08	3723.18	3714.62	3709.66	3708.50	3716.72	3721.86	3722.24	3721.28	3721.98	3720.02	3718.68	
3711.46	3713.46	3714.78	3711.66	3699.68	3696.50	3691.58	3684.46	3680.10	3676.76	3692.62	3692.38	3700.58	3694.70	3704.84	3641.92	

**************************************************************
Probe number 7 
Concentration entered by User 8.10% 
1097.12	1103.80	1107.68	1117.38	1126.04	1135.82	1147.00	1160.00	1177.24	1188.02	1201.44	1218.42	1234.20	1254.50	1270.36	1290.50	
1313.08	1335.22	1358.08	1382.02	1409.98	1437.78	1467.96	1492.54	1526.64	1561.94	1599.90	1646.42	1692.42	1743.40	1807.82	1878.74	
1952.52	2043.20	2152.20	2292.02	2473.36	2746.58	3102.92	3420.40	3708.46	3771.12	3743.32	3742.74	3744.26	3742.60	3752.32	3749.92	
3754.44	3765.24	3765.80	3765.14	3765.36	3767.42	3759.28	3762.98	3764.44	3767.72	3772.20	3775.02	3775.24	3779.96	3777.74	3775.12	
3776.08	3780.40	3781.62	3785.16	3784.56	3778.52	3775.74	3774.58	3773.28	3769.42	3764.32	3769.74	3765.54	3761.96	3767.60	3771.30	
3770.72	3769.66	3766.12	3760.82	3758.48	3760.28	3752.84	3751.90	3753.58	3755.44	3746.70	3748.42	3754.94	3756.88	3747.66	3744.26	
3741.92	3738.28	3733.16	3730.92	3731.18	3722.42	3717.90	3714.78	3712.98	3717.50	3718.84	3716.24	3712.96	3712.94	3708.20	3708.28	
3702.26	3705.52	3706.40	3702.62	3688.52	3688.12	3684.16	3672.82	3667.52	3662.56	3677.42	3675.54	3681.76	3673.16	3686.74	3623.22	

**************************************************************
Probe number 8 
Concentration entered by User 10.10% 
1077.34	1083.18	1086.46	1096.00	1103.76	1112.24	1121.70	1132.36	1146.54	1156.88	1167.44	1182.20	1195.46	1213.24	1226.68	1243.52	
1262.58	1281.36	1301.74	1322.34	1345.22	1368.04	1392.32	1412.42	1440.42	1467.98	1500.18	1539.62	1578.08	1617.74	1668.08	1720.24	
1771.66	1833.26	1904.52	1989.28	2087.38	2216.44	2378.28	2602.08	2931.20	3283.58	3572.22	3752.92	3749.20	3738.26	3748.64	3744.78	
3747.92	3758.92	3759.14	3758.78	3759.74	3762.74	3755.60	3759.10	3758.68	3762.08	3768.02	3772.24	3772.98	3776.96	3775.28	3773.80	
3773.98	3777.24	3778.42	3782.42	3782.22	3776.26	3772.90	3771.30	3769.60	3764.90	3759.38	3765.26	3762.00	3760.74	3767.14	3770.48	
3768.34	3765.88	3763.70	3760.16	3758.22	3759.10	3749.20	3748.94	3752.72	3756.16	3747.04	3746.20	3751.36	3754.32	3748.12	3745.12	
3741.92	3736.56	3731.36	3730.44	3731.06	3723.36	3717.74	3714.68	3714.06	3718.20	3718.18	3716.04	3713.92	3713.62	3708.40	3709.54	
3704.70	3707.14	3708.20	3704.24	3691.38	3689.54	3685.16	3676.30	3672.66	3668.18	3683.06	3683.74	3692.08	3684.86	3697.02	3633.34	

**************************************************************
Probe number 9 
Concentration entered by User 12.20%
1066.14	1070.82	1074.64	1082.36	1089.08	1096.30	1104.68	1113.66	1125.30	1133.28	1142.30	1154.08	1165.86	1180.48	1189.38	1201.24	
1215.98	1230.74	1245.00	1258.56	1276.08	1292.60	1310.70	1326.18	1347.90	1369.58	1395.28	1427.40	1457.62	1486.16	1525.28	1565.80	
1605.40	1651.32	1700.68	1756.02	1818.24	1894.00	1979.74	2078.50	2212.32	2377.40	2600.24	2924.82	3265.06	3567.14	3748.34	3727.70	
3728.12	3742.18	3742.80	3741.74	3740.96	3743.70	3736.98	3743.00	3744.78	3749.18	3754.92	3757.72	3756.98	3762.64	3763.16	3762.10	
3761.72	3762.62	3763.34	3770.10	3770.44	3763.74	3757.56	3756.52	3750.40	3742.10	3729.10	3721.18	3706.12	3698.46	3714.66	3716.48	
3690.60	3681.10	3681.28	3701.30	3715.02	3720.34	3704.18	3699.86	3713.94	3724.42	3713.62	3726.30	3737.96	3741.92	3736.76	3733.94	
3735.08	3731.70	3727.52	3725.06	3724.70	3717.34	3712.46	3710.04	3707.58	3711.62	3711.50	3711.18	3710.84	3713.16	3707.08	3706.36	
3694.34	3696.78	3706.48	3708.86	3689.92	3677.88	3669.00	3668.32	3672.28	3666.16	3678.32	3681.58	3691.58	3678.90	3684.86	3620.70	

**************************************************************
Probe number 10 
Concentration entered by User 14.00%
1049.86	1053.56	1055.92	1063.22	1068.96	1075.76	1082.86	1091.16	1101.88	1109.30	1117.78	1129.24	1139.30	1154.02	1162.38	1174.28	
1187.10	1200.08	1213.72	1227.44	1243.50	1259.06	1275.52	1288.60	1307.76	1325.94	1348.14	1375.26	1401.72	1427.52	1462.24	1497.82	
1530.88	1567.90	1607.64	1652.16	1699.66	1758.22	1822.42	1896.36	1988.12	2088.94	2207.66	2365.88	2586.64	2899.10	3261.94	3566.62	
3745.52	3745.54	3737.98	3736.22	3736.76	3740.06	3732.40	3736.32	3736.88	3740.98	3748.30	3752.98	3752.52	3756.46	3754.78	3753.84	
3755.08	3759.60	3760.28	3765.62	3766.12	3758.26	3755.08	3753.90	3752.26	3746.76	3741.90	3749.08	3743.76	3740.22	3747.32	3751.14	
3749.64	3749.50	3747.98	3744.08	3739.68	3740.58	3730.02	3731.12	3735.00	3740.32	3731.86	3732.42	3737.72	3740.36	3733.42	3730.64	
3728.66	3723.40	3717.58	3715.10	3714.84	3706.16	3700.92	3697.44	3696.30	3702.52	3703.36	3702.04	3700.04	3702.18	3694.08	3688.58	
3675.82	3682.58	3693.16	3690.44	3670.06	3666.72	3664.56	3658.44	3654.38	3648.90	3663.60	3667.50	3674.42	3668.78	3682.64	3614.72	

**************************************************************
Probe number 11 
Concentration entered by User 17.10%
1031.94	1034.78	1036.58	1043.14	1047.94	1053.70	1059.78	1066.48	1075.96	1082.22	1088.68	1098.08	1106.22	1117.12	1124.20	1134.10	
1145.30	1156.68	1167.40	1177.48	1191.22	1203.38	1215.02	1224.90	1239.94	1254.34	1270.36	1290.94	1311.00	1329.46	1354.74	1380.78	
1405.02	1433.02	1463.02	1495.22	1527.04	1565.38	1606.00	1652.74	1708.34	1764.10	1822.60	1893.20	1974.00	2071.34	2203.28	2361.38	
2589.26	2923.86	3276.72	3586.98	3756.08	3748.96	3731.36	3735.70	3736.00	3741.42	3748.20	3752.44	3750.74	3755.08	3753.74	3753.68	
3756.08	3760.72	3760.34	3764.50	3764.22	3757.98	3756.36	3756.06	3754.84	3749.90	3745.06	3752.18	3746.64	3743.86	3751.32	3755.76	
3753.82	3752.56	3750.40	3746.22	3745.50	3747.50	3737.42	3736.90	3738.88	3742.52	3732.02	3730.50	3737.56	3741.72	3734.68	3730.10	
3727.70	3722.66	3718.72	3717.00	3717.24	3708.54	3700.82	3697.60	3697.30	3703.70	3706.22	3704.88	3703.52	3704.10	3697.06	3697.00	
3690.54	3693.28	3695.20	3692.18	3677.92	3676.58	3673.74	3665.14	3658.64	3654.78	3671.34	3670.42	3677.88	3670.76	3682.58	3616.74	

**************************************************************
Probe number 12 
Concentration entered by User 21.60%
1018.08	1019.74	1021.48	1028.08	1033.46	1039.14	1045.62	1053.86	1063.86	1068.76	1074.52	1082.30	1088.86	1097.36	1101.56	1110.02	
1118.94	1127.46	1135.80	1144.26	1155.68	1165.74	1175.08	1182.12	1192.74	1202.22	1214.24	1229.06	1243.84	1256.12	1274.90	1292.66	
1308.70	1327.18	1346.06	1366.34	1386.72	1411.50	1437.64	1465.16	1497.28	1528.24	1559.52	1598.16	1636.30	1681.14	1736.88	1792.94	
1858.18	1942.20	2031.50	2139.00	2272.10	2451.76	2695.48	3046.72	3381.74	3683.88	3773.52	3756.06	3756.32	3759.14	3756.82	3755.48	
3756.60	3761.80	3763.06	3767.88	3768.18	3760.36	3757.32	3757.22	3754.68	3749.24	3744.58	3750.78	3746.22	3744.52	3751.16	3756.92	
3755.66	3755.16	3753.84	3748.76	3746.82	3748.10	3738.88	3739.68	3742.50	3746.48	3735.66	3735.04	3741.78	3745.84	3738.88	3734.92	
3731.96	3727.14	3722.20	3721.84	3721.80	3713.30	3706.74	3703.60	3702.48	3709.18	3712.04	3712.70	3712.90	3713.12	3708.68	3707.36	
3699.70	3701.44	3704.02	3700.70	3687.20	3684.64	3680.98	3672.52	3669.16	3663.74	3678.90	3679.28	3688.30	3681.10	3690.66	3623.80	

**************************************************************
Probe number 13
Concentration entered by User 25.40%
997.88	998.78	999.48	1004.58	1008.74	1013.34	1018.86	1026.58	1036.20	1039.30	1043.92	1050.26	1054.60	1061.32	1064.12	1070.88	
1077.56	1084.08	1091.06	1096.98	1104.90	1112.66	1118.80	1124.24	1132.06	1138.76	1147.10	1158.94	1168.72	1177.42	1191.10	1203.76	
1213.76	1225.96	1239.20	1253.62	1267.24	1283.74	1300.80	1318.46	1339.38	1359.12	1377.70	1402.56	1425.12	1451.26	1483.20	1513.98	
1548.78	1591.78	1633.50	1679.28	1730.20	1788.06	1846.36	1922.70	2007.38	2114.12	2250.78	2427.94	2672.46	3023.54	3370.14	3672.38	
3773.54	3757.46	3757.94	3761.12	3761.06	3753.28	3750.44	3750.12	3749.30	3745.54	3740.58	3748.02	3744.90	3741.80	3749.16	3753.92	
3752.52	3751.08	3749.16	3745.36	3745.44	3749.00	3740.56	3740.48	3743.04	3746.68	3735.70	3735.30	3742.22	3746.24	3739.54	3737.50	
3734.58	3729.40	3725.02	3723.84	3724.22	3715.44	3709.66	3707.48	3707.04	3712.68	3712.80	3712.68	3712.12	3714.12	3709.92	3709.10	
3700.56	3702.90	3706.18	3704.58	3691.96	3687.54	3681.70	3672.24	3669.54	3665.16	3679.78	3678.86	3687.30	3682.26	3694.48	3628.20	

**************************************************************
Probe number 14 
Concentration entered by User 29.70%
989.08	989.08	989.50	994.72	999.16	1002.46	1006.72	1012.62	1020.92	1023.14	1026.82	1032.08	1035.40	1040.36	1041.88	1046.94	
1052.02	1056.34	1061.00	1065.18	1070.70	1076.36	1080.52	1084.90	1090.72	1095.36	1101.34	1109.56	1116.90	1122.70	1132.66	1141.82	
1148.72	1157.12	1166.04	1175.52	1185.04	1196.28	1208.10	1219.50	1234.30	1246.38	1258.84	1275.88	1289.22	1306.30	1327.16	1346.26	
1366.58	1392.48	1416.56	1440.88	1468.80	1501.82	1532.56	1572.30	1612.38	1657.50	1707.92	1765.20	1826.86	1902.08	1984.60	2079.72	
2202.18	2362.32	2573.96	2888.12	3255.76	3570.56	3761.30	3761.32	3747.02	3743.92	3739.16	3746.96	3743.80	3740.24	3747.46	3752.92	
3752.84	3752.44	3751.26	3747.28	3746.34	3748.70	3739.68	3741.04	3744.24	3748.36	3739.36	3740.52	3745.66	3747.76	3742.48	3741.72	
3738.30	3732.52	3728.84	3728.58	3730.72	3722.58	3716.10	3711.98	3711.32	3718.88	3720.36	3720.44	3720.40	3721.68	3718.04	3721.34	
3712.04	3702.42	3694.32	3687.20	3686.48	3696.20	3690.62	3673.72	3671.60	3671.80	3696.54	3691.28	3700.24	3693.64	3704.66	3640.02	

