**************************************************************
Probe number 0 
Concentration entered by User 0.00% 
1184.42	1197.42	1206.02	1222.86	1237.72	1254.38	1272.88	1292.74	1317.38	1338.24	1360.80	1390.88	1420.12	1450.60	1476.56	1508.86	
1548.10	1588.54	1631.40	1678.88	1733.44	1791.56	1860.42	1927.98	2015.64	2132.52	2274.04	2481.70	2777.38	3137.06	3437.78	3669.60	
3686.46	3668.14	3668.26	3674.46	3675.10	3686.94	3688.20	3692.28	3703.92	3708.00	3703.46	3699.44	3698.04	3696.64	3710.24	3710.54	
3714.02	3724.78	3724.72	3727.06	3725.62	3726.20	3715.64	3719.36	3718.12	3720.54	3725.84	3728.68	3729.20	3734.12	3731.12	3727.24	
3731.36	3736.16	3735.72	3738.46	3734.98	3730.94	3723.42	3722.20	3723.68	3720.50	3712.38	3719.68	3713.66	3711.76	3719.04	3727.30	
3727.66	3728.72	3724.26	3719.04	3715.34	3719.82	3707.40	3712.36	3716.28	3721.00	3713.28	3710.32	3713.18	3716.78	3710.62	3714.28	
3709.28	3706.78	3702.52	3700.98	3701.34	3692.30	3687.04	3684.78	3685.54	3689.06	3690.82	3687.22	3688.36	3687.90	3683.10	3681.80	
3673.96	3674.64	3679.04	3681.46	3669.86	3662.20	3663.18	3658.70	3658.70	3650.18	3665.42	3663.90	3671.40	3663.22	3677.12	3608.84	

**************************************************************
Probe number 1 
Concentration entered by User 1.00% 
1172.30	1183.88	1191.42	1206.70	1220.94	1236.46	1252.86	1272.20	1296.50	1315.86	1337.38	1364.98	1392.54	1422.48	1446.16	1475.50	
1511.00	1549.08	1589.02	1633.16	1681.16	1732.34	1792.54	1850.54	1924.72	2017.56	2126.08	2273.54	2468.60	2755.60	3126.68	3428.54	
3644.68	3689.68	3652.94	3675.10	3682.42	3689.52	3693.08	3702.46	3713.80	3713.36	3708.04	3712.36	3711.36	3713.92	3727.98	3729.34	
3729.88	3741.40	3739.86	3742.34	3741.04	3742.96	3733.62	3736.08	3734.44	3736.52	3742.06	3744.10	3744.68	3749.76	3747.64	3745.36	
3749.50	3751.86	3751.66	3753.68	3749.28	3745.14	3736.06	3732.74	3734.82	3735.36	3728.02	3735.40	3729.18	3728.32	3736.84	3742.36	
3743.02	3745.66	3745.24	3739.70	3735.64	3738.68	3727.90	3731.32	3734.54	3738.80	3731.26	3728.06	3731.32	3733.48	3726.94	3730.78	
3728.46	3725.76	3721.30	3719.44	3719.96	3713.94	3709.62	3706.52	3704.30	3707.38	3710.10	3707.02	3707.34	3708.36	3702.50	3701.52	
3694.38	3696.22	3700.36	3701.72	3689.38	3681.92	3684.40	3679.58	3679.48	3672.46	3686.90	3684.52	3691.78	3683.36	3697.26	3635.02	

**************************************************************
Probe number 2 
Concentration entered by User 2.00% 
1158.44	1169.26	1175.96	1190.30	1203.92	1217.76	1232.74	1250.80	1273.02	1290.36	1310.62	1336.94	1361.32	1388.66	1411.02	1436.94	
1468.58	1503.08	1541.28	1581.28	1624.88	1670.52	1722.90	1773.54	1835.98	1912.94	1999.92	2114.16	2255.10	2443.78	2724.24	3094.36	
3412.22	3654.70	3705.74	3683.26	3686.24	3696.06	3698.10	3702.24	3713.54	3718.62	3714.58	3710.52	3710.08	3709.64	3722.88	3722.80	
3724.86	3734.66	3733.44	3734.78	3734.62	3737.54	3729.60	3732.76	3730.26	3731.52	3737.66	3740.74	3741.86	3747.54	3745.60	3741.74	
3745.68	3749.76	3748.14	3750.36	3747.92	3743.30	3736.56	3735.70	3738.22	3736.54	3729.88	3736.66	3730.02	3727.16	3735.24	3743.80	
3744.18	3744.90	3739.14	3732.56	3728.66	3733.88	3723.80	3727.08	3729.58	3735.04	3727.78	3725.72	3728.02	3730.78	3725.10	3727.94	
3724.24	3722.56	3717.80	3715.96	3716.44	3710.18	3705.62	3702.02	3700.80	3702.76	3705.22	3702.46	3702.88	3702.08	3696.68	3696.36	
3691.36	3692.68	3695.78	3695.16	3684.18	3678.08	3679.44	3673.18	3672.76	3667.64	3682.80	3678.86	3685.10	3677.48	3691.50	3627.40	

**************************************************************
Probe number 3 
Concentration entered by User 3.10% 
1149.56	1159.64	1165.82	1179.44	1191.16	1204.04	1218.64	1234.60	1254.94	1271.20	1290.12	1315.06	1338.72	1365.26	1385.40	1410.38	
1438.40	1469.00	1501.96	1538.22	1577.66	1618.70	1665.08	1708.02	1761.26	1826.58	1899.04	1991.00	2098.16	2230.88	2415.82	2677.80	
3026.32	3365.66	3620.02	3717.80	3691.00	3701.68	3702.02	3706.02	3715.88	3720.86	3716.70	3711.72	3710.74	3711.12	3724.92	3725.48	
3727.04	3736.86	3736.84	3738.72	3739.30	3742.28	3733.76	3736.92	3734.48	3735.56	3740.64	3743.60	3744.86	3750.86	3748.40	3745.24	
3748.18	3752.74	3751.56	3753.78	3751.88	3748.46	3742.42	3741.08	3743.00	3740.50	3733.56	3740.24	3734.68	3732.82	3739.48	3745.60	
3746.38	3748.18	3745.14	3739.42	3735.90	3739.52	3728.74	3731.60	3734.94	3739.10	3732.78	3730.82	3734.16	3735.86	3728.76	3731.70	
3728.76	3727.72	3723.16	3721.32	3721.30	3714.66	3710.28	3708.06	3706.96	3709.60	3712.14	3709.10	3707.84	3705.98	3701.56	3702.14	
3696.50	3698.36	3701.12	3702.90	3693.32	3686.42	3686.72	3681.36	3680.60	3673.72	3689.32	3686.30	3691.94	3685.84	3701.60	3640.80	

**************************************************************
Probe number 4 
Concentration entered by User 3.50% 
1148.12	1157.98	1163.74	1176.56	1187.66	1199.84	1214.18	1230.66	1249.50	1265.92	1284.46	1308.72	1332.44	1357.84	1377.52	1401.46	
1429.38	1457.86	1489.98	1525.62	1565.64	1606.08	1650.92	1691.16	1741.46	1802.74	1871.38	1957.80	2057.38	2177.16	2338.42	2559.00	
2866.18	3236.90	3522.82	3711.96	3717.78	3713.36	3714.38	3716.88	3725.40	3729.16	3725.68	3722.38	3722.28	3722.34	3733.64	3732.90	
3734.80	3744.92	3745.14	3747.58	3746.96	3748.44	3740.06	3743.76	3743.50	3745.70	3750.68	3752.42	3753.00	3757.76	3756.18	3754.08	
3757.38	3761.10	3760.36	3762.18	3759.96	3756.08	3750.30	3748.80	3751.54	3749.64	3743.16	3749.44	3743.26	3741.02	3747.90	3754.16	
3754.58	3755.32	3750.82	3745.28	3742.50	3746.92	3736.80	3740.28	3743.40	3747.52	3740.56	3738.04	3741.14	3743.42	3738.28	3741.56	
3737.70	3735.30	3731.14	3730.96	3731.50	3724.78	3719.00	3717.02	3716.84	3719.50	3721.52	3718.34	3718.08	3716.80	3711.88	3712.24	
3707.60	3709.50	3711.92	3712.00	3702.12	3696.58	3698.50	3692.66	3692.38	3685.40	3699.54	3697.40	3704.36	3697.16	3710.24	3651.28	

**************************************************************
Probe number 5 
Concentration entered by User 3.90% 
1141.64	1150.72	1157.60	1173.76	1189.48	1203.10	1217.04	1231.40	1250.68	1265.34	1282.62	1305.74	1327.42	1351.80	1369.80	1392.36	
1418.38	1448.14	1480.54	1513.80	1551.92	1588.86	1631.52	1670.50	1717.92	1774.62	1838.92	1920.14	2012.38	2121.28	2263.62	2450.98	
2707.38	3066.24	3387.20	3645.74	3722.90	3707.66	3711.44	3713.24	3721.54	3725.84	3722.56	3718.36	3716.52	3715.22	3728.30	3728.74	
3730.66	3741.26	3741.22	3743.94	3743.38	3745.54	3736.38	3738.06	3737.24	3739.36	3744.40	3747.30	3749.08	3754.28	3751.32	3747.36	
3750.02	3754.12	3752.92	3756.62	3756.50	3753.54	3744.44	3740.40	3743.00	3742.40	3738.12	3744.76	3737.62	3735.28	3740.90	3747.66	
3750.18	3750.62	3746.28	3739.94	3737.24	3742.96	3732.32	3736.62	3739.82	3742.68	3734.72	3731.80	3736.02	3738.98	3732.20	3735.78	
3733.80	3733.24	3727.18	3724.64	3725.50	3721.18	3717.48	3714.28	3711.48	3711.76	3713.92	3713.36	3714.12	3712.54	3707.00	3707.00	
3701.94	3703.28	3706.26	3707.06	3695.58	3689.28	3691.70	3686.96	3687.04	3679.68	3694.14	3691.88	3698.04	3690.22	3704.20	3644.32	

**************************************************************
Probe number 6 
Concentration entered by User 4.50% 
1143.06	1151.58	1158.92	1171.58	1181.30	1192.24	1205.56	1219.72	1238.92	1252.62	1270.90	1293.28	1312.92	1335.16	1352.24	1374.36	
1401.42	1429.28	1458.80	1490.94	1526.60	1561.54	1599.44	1635.90	1678.86	1732.04	1790.84	1863.88	1939.96	2030.32	2150.50	2302.68	
2494.94	2786.46	3144.00	3453.04	3677.08	3720.42	3697.66	3701.86	3710.60	3714.68	3710.46	3706.68	3706.54	3705.90	3719.02	3717.90	
3720.38	3732.34	3731.74	3734.26	3734.42	3736.54	3728.32	3732.48	3731.36	3732.92	3738.08	3739.68	3739.94	3745.12	3743.00	3740.58	
3744.92	3749.34	3748.44	3749.36	3747.48	3744.36	3738.98	3738.28	3740.52	3737.60	3729.88	3737.02	3730.74	3729.22	3736.46	3742.86	
3742.86	3744.42	3741.60	3736.36	3732.22	3735.56	3725.06	3728.54	3731.78	3736.62	3729.18	3726.52	3729.18	3731.90	3725.86	3728.64	
3724.98	3723.12	3718.42	3716.92	3718.04	3711.04	3705.88	3702.72	3702.38	3705.46	3707.52	3704.72	3703.98	3702.86	3698.82	3699.30	
3693.16	3693.82	3697.16	3698.14	3687.54	3680.92	3682.60	3676.62	3675.66	3668.94	3684.24	3682.38	3689.14	3681.50	3695.68	3634.32	

**************************************************************
Probe number 7 
Concentration entered by User 5.00% 
1132.50	1140.84	1146.32	1158.50	1169.16	1181.00	1193.82	1208.26	1227.14	1241.12	1258.00	1279.56	1299.96	1322.16	1337.80	1359.04	
1384.46	1411.44	1439.28	1468.98	1503.38	1537.26	1574.72	1608.26	1648.44	1697.66	1751.34	1818.68	1894.02	1978.44	2087.26	2218.72	
2379.76	2615.42	2944.84	3298.62	3576.66	3726.10	3709.70	3706.82	3716.00	3719.88	3715.80	3710.68	3709.66	3709.76	3722.86	3723.18	
3725.14	3735.40	3735.30	3737.80	3737.80	3739.90	3730.50	3734.04	3733.30	3736.40	3742.16	3744.88	3745.10	3749.46	3747.44	3744.98	
3748.98	3753.58	3753.14	3754.80	3752.08	3747.92	3741.42	3740.88	3743.32	3741.42	3734.20	3740.88	3735.36	3732.74	3739.52	3745.38	
3745.82	3747.96	3745.00	3739.38	3735.50	3738.44	3727.84	3731.32	3734.22	3738.16	3731.54	3729.80	3733.38	3735.62	3729.88	3732.14	
3728.82	3727.64	3723.36	3721.96	3721.72	3715.14	3710.22	3707.36	3707.08	3708.98	3710.82	3708.16	3708.72	3708.02	3702.80	3702.78	
3697.20	3698.24	3702.02	3702.86	3692.38	3686.40	3687.22	3682.46	3683.24	3675.62	3688.06	3685.14	3692.56	3684.70	3699.14	3639.76	

**************************************************************
Probe number 8 
Concentration entered by User 5.50% 
1133.30	1140.36	1144.42	1156.12	1167.22	1179.36	1191.90	1205.96	1223.98	1237.72	1253.12	1273.74	1293.24	1314.54	1330.82	1352.08	
1377.52	1404.46	1432.50	1460.72	1493.18	1525.68	1562.08	1593.50	1632.14	1677.20	1727.78	1792.06	1862.62	1940.42	2038.96	2159.00	
2298.80	2498.32	2781.84	3149.18	3459.74	3695.96	3729.68	3709.64	3720.48	3724.44	3720.70	3716.46	3715.60	3714.56	3727.58	3728.12	
3730.16	3739.84	3740.82	3742.52	3738.62	3740.80	3732.62	3732.94	3732.88	3734.96	3742.40	3744.52	3747.24	3753.16	3752.20	3748.98	
3751.88	3755.76	3753.80	3756.62	3755.78	3750.68	3744.48	3744.12	3747.00	3744.80	3738.70	3745.00	3738.74	3736.38	3743.46	3749.76	
3751.02	3752.44	3748.84	3743.68	3740.02	3743.28	3732.86	3735.94	3739.36	3743.98	3737.70	3735.30	3737.72	3739.76	3734.18	3736.78	
3734.20	3732.04	3727.14	3725.80	3726.28	3719.74	3714.94	3712.02	3711.82	3715.02	3717.04	3713.58	3713.18	3712.46	3707.90	3707.84	
3702.60	3704.34	3707.72	3707.60	3696.96	3691.24	3693.28	3687.96	3687.00	3680.06	3694.20	3691.82	3699.36	3692.48	3705.96	3646.20	

**************************************************************
Probe number 9 
Concentration entered by User 6.10% 
1125.32	1132.78	1137.84	1149.12	1159.22	1170.46	1182.28	1196.12	1214.12	1227.54	1242.64	1262.70	1281.24	1302.46	1318.06	1337.98	
1363.06	1389.02	1417.52	1445.54	1476.22	1507.88	1542.84	1573.76	1610.20	1652.98	1699.40	1756.76	1821.38	1892.50	1981.50	2086.74	
2202.68	2362.28	2574.32	2888.48	3250.72	3554.98	3726.98	3729.08	3724.66	3728.86	3725.30	3720.22	3718.80	3717.72	3730.38	3730.66	
3732.68	3742.58	3742.06	3743.94	3743.24	3745.92	3737.50	3740.78	3739.84	3742.26	3748.56	3751.74	3752.54	3757.58	3755.02	3751.80	
3755.24	3759.46	3758.48	3761.02	3759.62	3755.54	3749.60	3748.56	3750.72	3748.64	3742.54	3748.54	3742.96	3740.48	3746.86	3753.00	
3753.58	3755.06	3752.52	3746.82	3743.02	3746.28	3736.42	3739.88	3742.86	3747.30	3740.36	3738.60	3741.32	3743.42	3737.60	3740.02	
3736.74	3735.32	3731.44	3730.22	3729.94	3723.56	3718.94	3716.28	3716.26	3719.06	3720.82	3717.74	3717.18	3716.62	3712.26	3712.70	
3707.14	3708.00	3710.70	3711.74	3702.14	3695.22	3696.70	3691.90	3692.22	3686.14	3699.34	3697.16	3703.06	3694.86	3708.84	3651.26	

**************************************************************
Probe number 10 
Concentration entered by User 6.60% 
1112.76	1120.36	1125.36	1136.68	1146.76	1158.06	1169.72	1183.26	1199.94	1212.66	1226.56	1245.42	1262.96	1282.56	1296.88	1315.60	
1337.38	1361.36	1387.84	1414.82	1443.56	1472.22	1505.78	1535.48	1568.00	1605.74	1648.16	1702.64	1760.88	1824.04	1904.20	1996.74	
2097.70	2227.36	2394.46	2643.00	2987.46	3345.00	3613.64	3724.96	3710.72	3713.52	3709.42	3704.58	3702.58	3702.06	3714.70	3715.14	
3717.50	3729.18	3729.66	3731.16	3730.00	3732.16	3724.00	3726.90	3725.90	3729.08	3735.18	3737.70	3738.60	3744.46	3742.92	3739.76	
3742.92	3747.56	3746.28	3748.90	3746.28	3742.28	3737.00	3736.10	3737.76	3735.82	3728.92	3734.74	3729.12	3727.46	3734.36	3741.52	
3741.78	3743.26	3740.02	3734.58	3730.50	3733.60	3722.18	3725.56	3729.46	3734.10	3726.84	3723.92	3727.36	3729.80	3723.42	3726.94	
3724.02	3722.02	3716.16	3715.06	3715.48	3708.18	3703.04	3700.72	3700.96	3703.94	3705.78	3702.34	3702.12	3702.12	3696.12	3696.50	
3690.72	3692.80	3695.64	3697.34	3685.18	3678.32	3680.76	3675.48	3675.14	3666.98	3680.38	3679.50	3687.86	3679.46	3693.22	3629.98	

**************************************************************
Probe number 11 
Concentration entered by User 8.10% 
1099.82	1105.50	1110.26	1121.06	1130.66	1141.02	1154.58	1174.64	1194.54	1200.26	1212.88	1230.04	1245.88	1262.94	1274.04	1289.84	
1307.96	1326.76	1348.34	1371.24	1395.94	1420.20	1447.52	1472.00	1502.36	1538.18	1576.84	1621.62	1669.46	1719.34	1782.88	1854.18	
1928.00	2019.40	2124.50	2260.76	2442.68	2718.76	3079.92	3410.62	3673.20	3743.22	3714.74	3711.18	3708.40	3707.42	3720.18	3720.56	
3722.54	3733.22	3733.28	3735.66	3735.26	3737.72	3729.22	3733.02	3731.74	3733.98	3740.52	3743.90	3745.74	3751.96	3749.68	3746.26	
3749.52	3753.88	3753.48	3755.66	3753.52	3749.50	3743.64	3743.00	3744.78	3742.86	3736.40	3742.40	3736.58	3734.90	3741.44	3748.26	
3748.38	3749.52	3746.42	3740.92	3737.72	3741.56	3730.80	3734.02	3737.08	3741.64	3735.06	3733.20	3736.10	3737.48	3731.30	3733.86	
3731.50	3729.64	3724.84	3722.22	3723.02	3717.26	3712.78	3710.06	3709.52	3711.64	3713.24	3710.16	3710.92	3709.82	3705.10	3705.06	
3699.70	3700.92	3704.14	3705.08	3694.86	3688.70	3688.78	3683.74	3683.98	3676.88	3690.80	3688.28	3696.00	3689.54	3702.94	3641.40	

**************************************************************
Probe number 12 
Concentration entered by User 9.90% 
1087.26	1092.72	1096.20	1105.88	1114.06	1123.68	1133.40	1144.12	1157.88	1168.38	1179.78	1195.68	1210.00	1226.16	1236.98	1251.12	
1268.02	1285.66	1304.56	1323.42	1345.80	1368.16	1392.06	1413.66	1438.12	1466.94	1498.66	1536.42	1574.82	1615.48	1665.00	1720.28	
1774.42	1840.30	1912.72	2001.96	2105.46	2244.28	2418.50	2670.28	3031.50	3382.92	3640.76	3732.02	3705.30	3703.08	3714.34	3714.18	
3716.18	3726.98	3726.40	3728.88	3728.94	3732.70	3725.00	3728.76	3725.76	3727.66	3733.86	3738.06	3741.16	3747.98	3746.68	3744.36	
3748.00	3752.12	3751.86	3753.86	3750.96	3745.48	3739.62	3739.44	3743.34	3740.36	3732.84	3739.02	3732.62	3731.02	3738.52	3745.50	
3745.80	3747.02	3742.88	3737.40	3733.64	3737.02	3725.78	3729.00	3732.76	3737.56	3730.92	3728.74	3730.74	3733.36	3728.10	3731.70	
3728.20	3727.06	3722.12	3719.86	3719.38	3712.88	3708.18	3705.84	3704.58	3707.40	3708.52	3706.12	3706.54	3705.30	3699.86	3700.44	
3695.60	3696.64	3698.68	3698.66	3687.38	3682.38	3685.18	3679.86	3678.04	3669.04	3684.34	3683.90	3692.50	3685.62	3698.94	3636.98	

**************************************************************
Probe number 13 
Concentration entered by User 12.00% 
1070.48	1074.56	1077.14	1085.52	1092.86	1101.20	1109.56	1118.12	1130.32	1138.56	1148.18	1161.82	1174.94	1189.06	1197.72	1209.66	
1223.30	1238.18	1253.98	1270.68	1290.56	1309.46	1329.60	1348.02	1370.02	1394.98	1421.26	1450.88	1482.52	1512.32	1551.00	1592.10	
1632.80	1679.82	1729.80	1788.80	1853.90	1937.88	2030.72	2143.44	2289.36	2485.32	2763.56	3125.06	3441.08	3676.48	3734.20	3708.66	
3712.16	3723.24	3723.52	3726.74	3727.02	3728.32	3718.52	3723.62	3722.96	3726.24	3731.76	3734.24	3736.60	3743.86	3740.88	3738.56	
3742.60	3748.16	3748.80	3751.86	3749.48	3745.36	3739.32	3737.34	3739.58	3738.64	3730.52	3736.22	3730.62	3729.90	3737.92	3745.04	
3745.24	3746.30	3741.88	3735.46	3731.96	3736.28	3725.42	3729.14	3731.50	3736.28	3729.86	3728.10	3730.74	3734.16	3728.62	3730.32	
3726.72	3725.18	3721.00	3719.90	3719.26	3713.12	3707.40	3704.14	3701.34	3704.46	3709.10	3707.96	3707.78	3704.50	3698.68	3700.38	
3697.02	3698.12	3699.30	3699.86	3689.72	3683.84	3685.46	3680.14	3679.78	3672.52	3686.64	3684.22	3692.10	3684.94	3698.70	3637.64	

**************************************************************
Probe number 14 
Concentration entered by User 14.00% 
1057.96	1061.74	1064.94	1072.68	1079.92	1087.96	1096.46	1104.24	1115.08	1123.12	1132.70	1146.38	1158.28	1171.92	1179.00	1189.80	
1201.68	1214.12	1228.02	1241.14	1257.38	1272.66	1288.38	1302.30	1320.06	1338.94	1360.26	1386.58	1414.34	1439.36	1472.78	1509.34	
1542.56	1579.88	1619.16	1664.24	1713.62	1774.36	1837.20	1909.56	1998.10	2104.26	2229.84	2394.26	2625.58	2956.66	3333.54	3614.34	
3740.64	3732.56	3727.78	3729.38	3729.32	3732.00	3722.26	3726.06	3724.94	3727.52	3733.70	3737.36	3739.54	3745.98	3744.22	3741.90	
3746.58	3750.78	3750.62	3753.68	3752.32	3749.70	3743.74	3742.24	3744.08	3742.16	3735.52	3741.82	3736.78	3734.90	3741.88	3748.14	
3749.26	3750.40	3746.70	3741.42	3737.72	3741.88	3731.36	3734.16	3737.20	3741.40	3734.56	3733.04	3736.60	3738.84	3732.72	3734.68	
3731.34	3730.38	3726.52	3724.70	3724.46	3717.66	3712.78	3709.66	3709.60	3712.20	3713.98	3711.18	3710.96	3710.10	3705.34	3706.78	
3701.60	3702.22	3704.44	3705.26	3695.48	3689.24	3689.82	3684.52	3686.00	3677.88	3692.20	3689.26	3697.90	3691.38	3703.86	3642.76	

**************************************************************
Probe number 15 
Concentration entered by User 20.40% 
1029.54	1030.08	1032.36	1037.96	1042.80	1048.56	1055.52	1060.90	1068.76	1073.86	1080.74	1091.18	1098.66	1107.44	1110.50	1118.16	
1126.48	1134.68	1143.50	1151.84	1162.04	1171.32	1180.14	1188.86	1198.64	1209.94	1223.22	1239.62	1256.58	1270.36	1290.58	1310.08	
1327.08	1346.66	1367.08	1390.38	1414.46	1441.92	1467.86	1497.54	1534.58	1572.12	1609.26	1651.68	1694.26	1745.90	1808.98	1877.32	
1958.00	2058.08	2170.50	2312.46	2498.98	2798.48	3148.74	3477.12	3713.58	3751.66	3740.50	3747.08	3748.60	3752.84	3750.04	3749.64	
3754.76	3760.94	3761.06	3763.24	3761.44	3758.58	3755.16	3754.24	3755.62	3755.18	3750.54	3756.92	3752.34	3751.08	3757.40	3762.40	
3763.64	3765.34	3763.84	3759.12	3755.58	3758.20	3748.46	3751.20	3754.94	3759.50	3753.34	3751.02	3753.84	3755.78	3751.30	3753.08	
3749.44	3748.28	3745.24	3743.90	3744.42	3738.42	3734.56	3732.36	3731.58	3733.26	3734.32	3732.66	3733.34	3732.44	3727.44	3728.04	
3723.48	3724.62	3726.88	3727.70	3718.72	3713.50	3713.44	3707.48	3707.44	3701.70	3715.12	3712.86	3717.92	3712.44	3726.54	3671.36	
