**************************************************************
Probe number 0 
Concentration entered by User 0.00%
1237.82	1252.90	1260.52	1274.16	1294.84	1315.86	1336.90	1368.22	1387.96	1414.74	1452.12	1463.90	1497.46	1527.20	1563.04	1602.26	
1639.32	1679.06	1735.90	1795.96	1849.96	1933.52	2017.36	2110.54	2238.54	2378.24	2610.28	2923.26	3308.50	3530.40	3718.68	3740.40	
3712.12	3702.48	3702.44	3725.64	3748.64	3745.34	3739.30	3747.74	3750.00	3752.64	3747.06	3749.26	3758.62	3750.78	3758.62	3758.76	
3762.78	3760.52	3757.60	3762.38	3764.26	3762.90	3762.30	3764.96	3761.26	3762.84	3764.74	3742.56	3750.74	3746.26	3752.24	3754.48	
3752.04	3757.42	3747.70	3742.24	3741.98	3737.34	3743.68	3745.60	3750.90	3753.18	3749.62	3747.64	3741.70	3741.96	3744.40	3742.34	
3745.08	3738.74	3719.38	3727.36	3738.00	3744.12	3748.98	3734.54	3722.46	3756.04	3733.46	3734.32	3740.64	3729.08	3734.76	3733.70	
3735.90	3723.72	3722.82	3729.72	3718.92	3663.84	3653.22	3672.56	3682.78	3731.62	3725.60	3728.90	3714.74	3711.16	3702.02	3721.94	
3713.66	3714.98	3708.44	3689.20	3705.28	3712.04	3709.56	3714.58	3692.66	3711.76	3723.94	3673.56	3699.04	3696.20	3714.98	3656.30	

**************************************************************
Probe number 1 
Concentration entered by User 1.00%
1231.58	1245.12	1251.80	1264.30	1282.74	1303.40	1323.34	1352.64	1371.68	1396.00	1429.14	1441.74	1471.96	1496.90	1529.76	1566.78	
1601.54	1641.06	1688.38	1739.54	1788.70	1857.96	1922.18	2000.62	2105.90	2214.20	2370.26	2577.78	2902.10	3260.62	3537.48	3696.04	
3731.14	3705.50	3704.92	3725.90	3748.40	3745.56	3743.44	3751.20	3752.66	3755.02	3749.10	3750.06	3760.00	3750.60	3759.62	3761.16	
3765.66	3763.98	3761.22	3765.68	3767.02	3764.80	3762.86	3763.94	3760.18	3762.72	3765.94	3745.42	3752.64	3747.00	3752.42	3754.68	
3754.50	3761.70	3752.24	3745.52	3743.50	3739.90	3749.36	3752.60	3756.88	3759.48	3756.20	3752.46	3747.62	3749.04	3751.04	3749.22	
3750.68	3744.00	3725.48	3733.04	3742.72	3748.02	3752.26	3737.72	3726.18	3758.76	3736.82	3737.98	3744.12	3733.34	3737.92	3736.38	
3740.66	3731.96	3733.68	3738.76	3731.54	3674.72	3664.68	3688.64	3698.98	3740.32	3733.98	3741.76	3726.08	3718.46	3708.38	3728.22	
3722.74	3723.50	3714.62	3690.66	3705.04	3715.14	3715.34	3718.58	3694.32	3711.90	3724.84	3675.56	3701.78	3697.32	3714.78	3655.82	

**************************************************************
Probe number 2 
Concentration entered by User 2.00%
1208.42	1221.24	1227.36	1238.70	1255.90	1274.46	1292.50	1318.44	1335.06	1357.64	1388.60	1400.46	1429.58	1454.68	1485.28	1517.10	
1551.20	1587.50	1634.74	1683.86	1727.28	1789.18	1847.46	1915.40	2002.18	2090.02	2213.38	2358.68	2577.10	2857.08	3247.94	3498.36	
3666.04	3715.20	3697.08	3719.96	3742.72	3738.62	3733.34	3741.82	3744.22	3746.76	3740.86	3743.18	3753.16	3744.62	3753.48	3753.24	
3757.92	3756.60	3754.16	3759.48	3761.14	3758.48	3756.90	3757.90	3753.48	3755.96	3758.98	3737.10	3745.44	3739.72	3744.26	3746.62	
3746.36	3754.24	3744.92	3738.20	3736.64	3733.20	3743.10	3746.88	3752.16	3754.46	3750.90	3747.70	3742.42	3743.16	3744.14	3742.88	
3746.72	3740.60	3720.74	3727.10	3736.56	3741.58	3746.62	3734.00	3723.02	3757.72	3734.96	3735.48	3742.90	3733.14	3741.30	3742.72	
3747.80	3740.62	3741.34	3744.92	3736.76	3680.38	3669.82	3689.96	3697.74	3736.38	3727.18	3735.52	3718.76	3707.90	3696.32	3717.60	
3708.18	3707.96	3700.64	3679.16	3694.58	3701.88	3700.10	3705.66	3682.56	3702.18	3714.86	3662.12	3688.00	3683.92	3704.66	3643.04	

**************************************************************
Probe number 3 
Concentration entered by User 3.00%
1193.10	1205.12	1210.78	1221.18	1238.62	1257.14	1273.58	1297.50	1312.60	1332.96	1361.36	1371.50	1398.96	1422.62	1452.60	1482.32	
1511.20	1542.56	1586.00	1631.64	1670.26	1725.08	1776.68	1835.62	1910.98	1983.54	2085.04	2196.76	2356.62	2537.26	2840.60	3197.82	
3454.34	3634.08	3709.68	3714.94	3738.18	3733.74	3728.08	3737.44	3740.14	3742.24	3736.18	3737.86	3748.56	3740.14	3749.28	3748.86	
3753.36	3752.08	3749.90	3755.86	3757.08	3754.44	3752.24	3753.18	3747.32	3748.82	3752.16	3729.88	3740.14	3734.10	3737.60	3740.12	
3739.20	3746.90	3736.28	3730.02	3731.02	3728.30	3737.88	3741.24	3747.34	3750.66	3746.98	3743.54	3738.70	3740.76	3742.30	3740.76	
3743.90	3738.18	3717.96	3724.76	3734.50	3739.82	3745.84	3732.56	3721.58	3755.80	3732.80	3733.60	3741.60	3731.46	3740.02	3741.42	
3746.80	3738.82	3740.18	3743.92	3736.16	3679.06	3667.60	3687.56	3695.40	3734.82	3725.80	3733.76	3717.52	3705.66	3693.84	3714.66	
3705.44	3705.24	3698.96	3679.34	3694.22	3700.28	3697.58	3703.22	3680.70	3700.90	3713.26	3658.60	3684.78	3681.88	3702.54	3641.30	

**************************************************************
Probe number 4 
Concentration entered by User 4.00%
1183.48	1195.70	1200.28	1209.28	1224.40	1241.12	1257.42	1280.74	1295.54	1314.62	1341.74	1351.34	1376.90	1398.88	1425.62	1454.32	
1482.90	1511.92	1550.50	1591.92	1626.32	1675.98	1720.02	1770.92	1835.66	1895.36	1979.90	2069.68	2192.54	2317.98	2519.22	2775.88	
3135.56	3406.12	3606.12	3731.98	3744.40	3735.42	3729.42	3738.02	3740.90	3743.62	3737.56	3739.80	3750.56	3741.66	3750.22	3749.78	
3754.48	3753.46	3751.64	3756.74	3758.58	3755.72	3753.62	3755.14	3750.72	3752.20	3754.92	3732.14	3741.32	3736.10	3741.08	3743.14	
3743.38	3751.82	3740.80	3732.22	3730.58	3725.66	3735.46	3740.08	3746.84	3749.82	3745.76	3742.90	3736.64	3737.34	3739.98	3739.78	
3743.96	3738.30	3719.46	3726.56	3735.96	3741.08	3746.18	3732.52	3721.64	3756.88	3734.38	3735.00	3742.24	3731.72	3740.36	3742.10	
3747.18	3739.86	3740.52	3744.12	3736.42	3679.78	3668.48	3688.68	3696.48	3735.56	3725.92	3734.70	3718.22	3706.62	3694.66	3716.04	
3706.50	3706.78	3700.82	3679.74	3693.46	3700.18	3699.38	3704.90	3681.62	3701.08	3714.06	3660.92	3687.18	3682.82	3704.18	3641.54	

**************************************************************
Probe number 5 
Concentration entered by User 5.00%
1176.80	1186.88	1191.52	1200.32	1214.12	1228.98	1244.70	1267.52	1281.12	1299.24	1325.82	1334.38	1358.24	1378.68	1405.00	1430.28	
1457.20	1483.56	1518.96	1554.98	1585.32	1628.44	1668.62	1713.68	1768.72	1819.60	1890.30	1963.58	2063.50	2156.62	2302.30	2465.84	
2705.10	3039.88	3342.22	3591.30	3742.26	3738.20	3724.00	3733.54	3736.16	3739.08	3733.36	3735.78	3746.60	3738.28	3747.36	3747.58	
3752.20	3750.82	3749.26	3755.18	3756.68	3754.54	3752.80	3754.92	3749.98	3752.58	3755.96	3733.50	3742.58	3736.44	3741.52	3743.52	
3744.00	3752.08	3742.08	3734.78	3733.54	3730.44	3740.18	3743.88	3749.46	3752.38	3748.66	3745.96	3739.98	3740.74	3742.08	3740.54	
3743.76	3737.84	3717.10	3724.66	3733.58	3739.10	3744.54	3731.36	3720.60	3755.92	3732.56	3732.80	3740.46	3730.20	3738.66	3740.26	
3746.04	3738.12	3739.24	3742.22	3734.30	3677.20	3666.34	3687.06	3693.64	3733.42	3724.24	3732.82	3716.48	3704.76	3692.84	3714.18	
3705.16	3705.10	3698.14	3676.60	3691.60	3698.40	3697.00	3702.50	3679.80	3698.98	3711.34	3657.62	3684.60	3680.74	3700.64	3638.64	

**************************************************************
Probe number 6 
Concentration entered by User 6.00%
1163.24	1173.12	1176.92	1184.52	1196.86	1210.54	1225.00	1245.42	1258.04	1274.20	1298.70	1306.96	1329.02	1347.46	1370.08	1395.20	
1420.04	1444.20	1477.48	1510.68	1540.74	1581.44	1616.60	1654.98	1703.76	1747.36	1807.50	1868.28	1951.60	2026.24	2140.10	2254.82	
2409.56	2630.94	2946.38	3323.30	3598.30	3731.74	3736.64	3732.36	3736.36	3738.68	3732.98	3734.92	3746.48	3738.60	3747.80	3747.84	
3751.28	3749.30	3747.84	3754.28	3756.38	3754.48	3752.84	3754.82	3750.04	3751.68	3755.98	3734.14	3743.20	3736.86	3741.78	3743.90	
3744.08	3751.88	3742.84	3736.54	3735.50	3732.04	3741.20	3744.08	3748.90	3751.32	3747.70	3746.14	3740.82	3739.80	3740.48	3739.12	
3743.10	3737.90	3716.40	3722.62	3731.62	3737.82	3744.46	3731.62	3721.00	3755.94	3732.46	3732.08	3739.96	3729.86	3738.42	3740.28	
3746.40	3739.14	3740.16	3742.78	3734.60	3677.48	3667.58	3688.64	3695.86	3734.86	3724.70	3733.50	3717.70	3705.90	3694.26	3715.16	
3706.22	3705.20	3698.12	3677.28	3692.22	3699.28	3698.26	3704.58	3680.96	3700.24	3712.54	3660.16	3686.84	3682.38	3701.86	3639.10	

**************************************************************
Probe number 7 
Concentration entered by User 8.10% 
1141.52	1150.50	1154.14	1161.56	1174.02	1186.24	1199.68	1218.66	1230.34	1247.00	1270.20	1277.72	1298.62	1314.86	1335.38	1357.98	
1379.42	1401.84	1430.90	1459.68	1484.92	1519.36	1550.88	1585.54	1627.50	1663.44	1710.50	1756.80	1818.10	1869.42	1948.88	2020.92	
2109.36	2216.82	2352.22	2570.50	2900.94	3278.12	3543.34	3716.42	3758.16	3749.70	3745.18	3745.54	3752.84	3746.74	3752.34	3752.82	
3755.50	3754.42	3753.64	3757.76	3758.72	3757.02	3756.00	3757.60	3754.42	3756.18	3758.04	3742.46	3749.36	3746.12	3749.10	3751.68	
3751.36	3756.96	3749.68	3745.08	3744.46	3742.56	3749.48	3751.94	3755.06	3755.58	3753.34	3751.92	3748.40	3748.66	3750.10	3749.52	
3751.40	3746.98	3731.78	3736.68	3742.10	3745.98	3749.90	3741.38	3734.10	3757.76	3742.28	3741.60	3746.76	3740.12	3745.78	3746.78	
3749.88	3744.28	3745.46	3748.54	3742.16	3697.60	3689.84	3707.60	3713.48	3743.54	3735.80	3741.64	3729.22	3720.64	3710.90	3728.14	
3721.42	3720.44	3714.44	3697.48	3709.64	3714.66	3713.32	3718.76	3701.28	3717.04	3725.98	3682.46	3704.68	3700.70	3716.54	3665.30	

**************************************************************
Probe number 8 
Concentration entered by User 10.10% 
1128.68	1137.82	1140.50	1147.92	1158.70	1170.50	1183.50	1201.58	1210.92	1225.18	1246.20	1253.30	1271.98	1286.56	1303.84	1324.02	
1343.10	1361.84	1386.30	1412.04	1431.74	1461.08	1486.06	1512.84	1547.14	1574.82	1610.56	1644.82	1691.98	1729.62	1788.48	1837.76	
1896.96	1963.88	2047.26	2165.96	2318.74	2487.74	2726.50	3102.22	3448.34	3650.64	3744.82	3748.86	3748.72	3742.96	3748.70	3748.78	
3751.70	3750.88	3750.16	3754.12	3755.14	3753.48	3752.88	3754.32	3750.90	3752.98	3755.48	3739.44	3746.64	3743.30	3746.72	3749.44	
3749.18	3755.12	3747.52	3742.44	3742.06	3740.84	3747.78	3750.34	3753.86	3754.42	3751.86	3750.38	3746.90	3746.88	3749.08	3748.68	
3750.24	3745.96	3730.22	3734.46	3740.66	3744.68	3748.52	3739.84	3732.02	3757.06	3741.24	3740.86	3746.26	3739.46	3745.06	3746.36	
3749.64	3744.58	3745.56	3748.18	3742.24	3697.56	3689.76	3707.08	3713.40	3743.36	3735.34	3741.46	3729.02	3720.70	3711.66	3728.86	
3721.60	3720.26	3714.86	3698.36	3710.92	3715.70	3714.46	3719.72	3702.50	3718.74	3727.18	3683.98	3705.62	3701.78	3717.56	3666.72	

**************************************************************
Probe number 9 
Concentration entered by User 12.20%
1101.14	1107.44	1109.98	1115.30	1125.80	1136.70	1145.94	1160.54	1167.96	1179.78	1195.94	1200.36	1215.94	1227.82	1242.32	1257.56	
1273.18	1287.62	1307.18	1327.64	1343.98	1367.64	1388.36	1410.78	1438.94	1460.16	1489.44	1518.30	1557.20	1587.98	1634.40	1671.50	
1712.12	1756.44	1809.78	1888.28	1983.54	2074.60	2180.80	2327.22	2518.32	2796.72	3156.60	3456.50	3679.72	3743.64	3741.08	3736.52	
3742.64	3743.04	3741.28	3749.30	3752.24	3749.78	3748.00	3750.24	3746.08	3749.30	3751.62	3729.06	3740.18	3736.66	3740.78	3743.54	
3743.32	3753.08	3743.04	3733.08	3729.72	3727.66	3741.36	3743.98	3747.44	3749.10	3744.04	3742.30	3737.80	3738.82	3739.40	3738.40	
3742.50	3736.42	3719.02	3723.78	3734.26	3738.20	3744.90	3732.84	3723.60	3757.68	3735.94	3737.36	3743.78	3733.40	3740.78	3741.72	
3746.46	3738.20	3739.82	3744.80	3737.00	3680.54	3671.10	3691.92	3698.92	3739.12	3730.22	3738.80	3722.22	3710.06	3699.72	3722.08	
3713.94	3712.74	3705.32	3683.04	3698.34	3705.32	3703.32	3707.10	3686.12	3706.10	3718.24	3665.98	3691.72	3686.94	3706.66	3646.56	

**************************************************************
Probe number 10 
Concentration entered by User 14.00%
1090.98	1096.62	1099.20	1104.98	1114.06	1123.56	1132.18	1146.14	1152.44	1163.34	1178.56	1182.68	1196.56	1206.94	1220.02	1233.80	
1248.22	1261.98	1280.08	1298.32	1312.46	1333.40	1351.94	1370.26	1393.70	1413.60	1439.74	1464.14	1495.16	1518.18	1556.28	1585.54	
1619.42	1654.16	1695.96	1755.84	1826.80	1887.32	1959.62	2056.20	2167.54	2307.00	2475.44	2727.66	3103.14	3398.92	3637.52	3744.78	
3746.18	3740.68	3738.78	3744.16	3746.12	3744.82	3743.10	3745.32	3741.86	3744.96	3749.50	3727.32	3737.30	3732.12	3736.90	3740.38	
3740.36	3749.58	3740.56	3734.20	3732.96	3730.50	3740.38	3744.68	3750.50	3751.46	3747.44	3743.82	3739.52	3741.24	3742.50	3741.56	
3745.30	3738.32	3719.34	3724.72	3733.24	3737.18	3742.04	3728.98	3720.74	3757.02	3734.86	3733.58	3738.60	3728.68	3736.58	3738.68	
3745.22	3737.12	3738.04	3742.54	3735.12	3677.72	3667.80	3689.76	3697.88	3737.20	3727.30	3735.12	3719.36	3707.60	3696.94	3718.16	
3709.68	3708.56	3701.94	3680.36	3695.16	3701.34	3699.50	3704.76	3683.00	3702.28	3714.66	3662.60	3689.00	3685.22	3703.34	3641.06	

**************************************************************
Probe number 11 
Concentration entered by User 17.10%
1074.10	1078.38	1080.46	1084.48	1091.98	1101.08	1110.22	1122.06	1127.72	1136.90	1149.68	1152.44	1164.02	1172.24	1183.90	1194.92	
1207.42	1218.36	1233.12	1248.14	1260.24	1276.56	1290.96	1306.94	1325.42	1340.00	1361.86	1380.50	1404.34	1422.72	1450.54	1469.36	
1491.00	1513.28	1541.16	1581.74	1628.76	1667.08	1709.86	1765.12	1823.80	1888.54	1956.88	2045.42	2162.98	2286.20	2475.06	2731.28	
3106.04	3429.42	3639.42	3751.96	3752.44	3742.66	3741.16	3743.24	3738.46	3742.50	3746.86	3722.34	3733.96	3729.28	3734.66	3738.58	
3738.50	3748.60	3739.38	3732.82	3732.08	3729.24	3739.44	3744.54	3750.68	3753.00	3749.00	3744.86	3739.70	3741.88	3743.24	3742.46	
3745.30	3738.32	3717.50	3721.06	3730.52	3737.36	3744.62	3729.44	3718.98	3754.00	3730.08	3732.80	3742.42	3733.94	3737.64	3737.06	
3745.38	3738.40	3740.60	3744.36	3736.70	3678.46	3667.92	3689.86	3698.24	3737.80	3727.32	3734.64	3718.48	3707.32	3697.28	3719.46	
3709.40	3707.88	3701.36	3681.18	3696.10	3700.90	3697.80	3703.16	3683.08	3701.98	3713.58	3658.94	3686.06	3683.92	3703.72	3641.70	

**************************************************************
Probe number 12 
Concentration entered by User 21.60%
1053.48	1056.74	1057.32	1060.06	1065.50	1070.50	1077.10	1085.72	1089.08	1095.82	1104.90	1107.20	1115.98	1122.76	1131.70	1140.22	
1150.26	1158.66	1169.62	1181.02	1188.98	1200.58	1211.34	1222.14	1235.56	1245.88	1260.96	1272.98	1291.10	1302.42	1322.96	1336.26	
1352.08	1367.16	1385.50	1411.10	1439.76	1460.96	1485.68	1516.06	1549.68	1583.36	1618.34	1658.84	1709.46	1754.16	1814.30	1878.88	
1956.94	2042.80	2147.16	2285.92	2464.00	2713.02	3076.20	3415.58	3628.74	3748.82	3753.48	3720.64	3731.36	3726.10	3732.02	3735.26	
3737.06	3746.64	3737.24	3730.60	3730.10	3727.12	3737.82	3742.02	3748.04	3751.56	3748.94	3747.50	3741.82	3741.84	3743.48	3742.14	
3745.30	3740.72	3720.42	3727.16	3735.58	3741.28	3747.10	3734.40	3723.72	3758.10	3734.44	3733.56	3741.26	3731.82	3741.22	3742.44	
3747.24	3739.84	3740.60	3743.98	3737.38	3681.88	3669.42	3688.88	3696.16	3735.84	3726.60	3735.06	3718.74	3707.28	3695.98	3716.68	
3708.32	3707.74	3701.76	3681.32	3695.10	3701.16	3699.52	3706.12	3683.10	3701.78	3713.46	3660.84	3687.74	3684.60	3704.74	3643.14	

**************************************************************
Probe number 13
Concentration entered by User 25.40%
1031.92	1034.78	1035.34	1037.42	1041.60	1046.22	1051.56	1059.14	1062.00	1067.98	1075.74	1076.86	1084.82	1089.66	1097.06	1103.74	
1111.48	1118.50	1127.38	1136.10	1141.68	1150.94	1159.28	1167.38	1177.82	1184.84	1195.72	1204.68	1217.98	1226.14	1240.92	1250.34	
1260.50	1271.26	1284.00	1302.28	1324.22	1339.44	1356.08	1376.70	1398.76	1418.26	1439.34	1462.62	1493.50	1518.86	1554.50	1589.78	
1631.40	1672.76	1717.72	1773.80	1833.32	1898.90	1978.66	2075.94	2183.62	2333.46	2536.68	2795.14	3195.50	3461.96	3677.86	3748.20	
3733.10	3742.58	3731.48	3724.68	3724.64	3723.60	3734.76	3739.14	3745.44	3749.16	3746.40	3745.48	3740.14	3740.18	3743.28	3742.86	
3745.64	3740.94	3719.44	3727.36	3737.04	3743.84	3749.68	3736.14	3724.70	3759.20	3736.78	3736.66	3745.06	3735.62	3743.52	3745.00	
3750.24	3743.36	3744.02	3747.18	3740.68	3685.60	3673.92	3693.20	3700.34	3739.06	3730.28	3738.92	3722.20	3711.78	3700.26	3721.56	
3712.54	3712.04	3705.52	3684.98	3699.10	3706.14	3703.72	3709.98	3687.06	3706.14	3717.86	3665.80	3692.52	3690.08	3709.36	3648.66	

**************************************************************
Probe number 14
Concentration entered by User 29.70%
1013.86	1015.50	1015.54	1016.76	1020.42	1023.66	1027.94	1033.70	1035.36	1039.82	1045.58	1046.56	1052.20	1056.22	1062.52	1067.22	
1073.92	1078.90	1086.04	1093.26	1097.76	1104.46	1110.56	1116.70	1124.26	1129.38	1137.74	1144.64	1154.10	1159.76	1171.04	1177.70	
1184.64	1191.50	1199.86	1212.62	1227.38	1237.06	1248.54	1261.84	1276.36	1289.44	1303.62	1319.02	1339.86	1354.72	1375.62	1395.44	
1420.30	1444.46	1469.92	1501.78	1535.36	1568.84	1608.18	1650.66	1691.70	1744.76	1802.54	1851.28	1932.86	2011.56	2120.04	2256.94	
2435.66	2705.04	3052.70	3376.54	3608.60	3729.00	3738.52	3735.68	3742.68	3746.66	3743.92	3742.72	3737.00	3737.86	3741.64	3742.40	
3745.76	3740.82	3718.88	3726.72	3737.38	3744.48	3750.56	3738.02	3727.12	3762.06	3740.86	3741.92	3749.82	3740.04	3747.80	3749.42	
3754.76	3748.14	3748.98	3751.98	3745.06	3690.46	3679.68	3698.60	3706.20	3743.54	3734.82	3742.88	3727.30	3717.10	3706.42	3726.64	
3718.80	3718.40	3711.86	3691.90	3706.12	3712.42	3710.86	3715.84	3694.44	3713.04	3724.92	3674.64	3700.44	3697.32	3716.64	3658.18	

