*******************************************2025/05/16;19:34:51
Probe number 0
Concentration entered by User -1.00% (Compensated: -1.00% at temperature 23.9)
3231.86	3326.36	3455.42	3456.80	3446.76	3464.10	3475.22	3462.54	3470.88	3476.22	3496.48	3530.18	3525.12	3531.20	3542.26	3558.62	
3561.54	3574.36	3586.32	3596.76	3608.86	3627.36	3639.98	3643.54	3646.22	3649.38	3655.56	3656.70	3658.62	3659.06	3666.40	3655.96	
3656.42	3661.22	3666.34	3660.14	3663.98	3686.14	3696.68	3702.20	3699.76	3703.52	3697.22	3701.28	3719.36	3718.28	3713.24	3712.96	
3707.62	3703.84	3709.08	3713.88	3706.18	3711.36	3706.98	3697.78	3704.54	3702.04	3706.96	3709.74	3705.98	3708.72	3705.06	3701.78	
3709.40	3711.34	3710.40	3707.48	3709.12	3703.08	3705.16	3707.50	3705.18	3712.80	3714.84	3709.54	3712.62	3707.50	3713.72	3718.94	
3723.72	3725.48	3718.80	3707.26	3711.38	3708.22	3701.20	3686.50	3689.30	3687.02	3673.46	3692.90	3700.08	3699.12	3693.30	3699.50	
3689.44	3678.70	3685.12	3688.98	3694.54	3687.62	3704.38	3721.12	3710.14	3707.06	3698.34	3677.92	3700.44	3719.64	3706.26	3701.12	
3700.14	3694.88	3691.84	3695.48	3683.46	3679.32	3683.40	3681.70	3681.26	3684.26	3695.86	3705.52	3704.44	3707.02	3732.80	3690.88	

*******************************************2025/05/16;19:35:23
Probe number 1
Concentration entered by User -1.00% (Compensated: -1.00% at temperature 22.1)
3150.34	3223.36	3352.94	3384.80	3389.42	3417.74	3444.52	3440.52	3450.00	3469.50	3479.04	3507.50	3502.96	3516.56	3530.54	3549.84	
3556.32	3563.60	3569.80	3588.12	3600.26	3609.12	3621.36	3627.08	3628.52	3624.76	3628.16	3646.24	3648.26	3649.68	3667.36	3665.76	
3662.40	3663.84	3660.26	3652.56	3659.16	3678.38	3684.18	3690.56	3691.02	3694.20	3689.82	3686.58	3706.10	3709.98	3718.74	3743.18	
3823.14	3817.92	3777.00	3736.00	3686.58	3683.54	3679.44	3660.02	3675.04	3670.64	3679.90	3685.50	3678.66	3690.16	3707.46	3715.84	
3716.20	3718.10	3720.96	3726.28	3726.70	3719.90	3718.52	3722.46	3698.90	3705.74	3715.08	3700.44	3692.98	3677.58	3687.36	3667.06	
3661.86	3670.46	3656.20	3644.08	3628.32	3617.12	3591.86	3562.86	3576.30	3599.58	3581.32	3568.06	3595.50	3594.86	3603.16	3613.00	
3617.82	3633.28	3648.90	3655.60	3657.66	3652.56	3680.26	3706.82	3705.98	3692.46	3679.90	3656.00	3686.12	3699.04	3687.94	3677.26	
3644.46	3638.58	3657.02	3669.06	3630.06	3612.90	3610.20	3624.00	3658.92	3661.62	3658.48	3671.18	3690.48	3699.24	3716.84	3667.96	

*******************************************2025/05/16;19:35:49
Probe number 2
Concentration entered by User 0.42% (Compensated: 0.52% at temperature 21.5)
1077.58	1081.52	1101.60	1116.84	1128.58	1145.00	1161.88	1176.86	1191.84	1209.06	1227.98	1250.18	1270.82	1291.90	1317.80	1351.02	
1381.88	1418.74	1456.06	1495.36	1540.48	1595.78	1655.72	1720.08	1793.34	1877.00	1989.08	2136.18	2324.10	2596.40	2964.24	3251.78	
3490.92	3592.18	3568.04	3581.44	3609.30	3632.58	3640.30	3646.98	3650.90	3663.32	3660.44	3663.56	3684.08	3681.56	3675.32	3672.66	
3668.32	3669.10	3677.60	3687.82	3675.98	3677.70	3666.78	3653.14	3673.14	3674.44	3679.64	3685.52	3686.58	3697.96	3698.62	3694.82	
3711.84	3719.02	3719.54	3718.72	3719.80	3718.22	3719.24	3721.50	3711.14	3718.92	3721.12	3711.46	3709.94	3706.16	3710.20	3706.54	
3707.68	3714.98	3715.92	3705.64	3709.34	3707.80	3703.38	3686.26	3688.30	3689.06	3675.76	3687.10	3696.70	3702.28	3696.80	3694.08	
3680.86	3668.88	3673.82	3684.00	3689.08	3685.52	3708.12	3727.10	3716.40	3709.26	3699.74	3676.64	3701.36	3718.00	3704.58	3694.10	
3680.94	3667.80	3665.80	3674.46	3668.20	3670.12	3672.06	3676.80	3689.62	3692.04	3703.06	3714.16	3716.64	3725.72	3746.76	3706.52	

*******************************************2025/05/16;19:36:00
Probe number 3
Concentration entered by User 0.36% (Compensated: 0.45% at temperature 21.3)
1078.50	1083.20	1102.56	1118.20	1129.68	1146.06	1164.24	1178.36	1194.58	1211.90	1231.00	1252.88	1274.10	1295.06	1321.88	1354.30	
1385.18	1422.22	1459.88	1498.16	1543.46	1598.86	1658.94	1723.42	1796.72	1881.08	1993.88	2141.44	2331.10	2605.98	2978.42	3267.92	
3507.20	3609.50	3583.66	3596.78	3623.38	3647.48	3655.20	3662.52	3667.22	3678.00	3675.02	3676.62	3696.72	3693.74	3687.50	3684.54	
3680.72	3681.78	3690.22	3700.06	3689.16	3691.78	3680.46	3667.92	3686.12	3687.42	3693.20	3699.18	3700.44	3710.88	3711.10	3708.06	
3723.96	3731.40	3730.98	3729.42	3731.24	3729.90	3731.88	3733.30	3724.02	3731.32	3733.66	3724.88	3723.34	3720.46	3724.18	3720.34	
3722.76	3728.60	3729.36	3719.62	3723.56	3722.32	3718.16	3701.68	3704.74	3705.00	3692.34	3703.92	3712.48	3716.76	3711.94	3709.22	
3697.90	3684.90	3690.96	3699.72	3705.44	3701.08	3722.10	3739.94	3729.84	3723.26	3714.58	3692.50	3715.72	3731.02	3719.08	3708.86	
3697.12	3685.42	3683.42	3692.20	3685.40	3687.14	3688.60	3692.86	3703.94	3706.58	3716.50	3727.18	3729.90	3738.16	3758.18	3719.64	

*******************************************2025/05/16;19:36:11
Probe number 4
Concentration entered by User 0.37% (Compensated: 0.45% at temperature 21.1)
1079.86	1084.16	1103.24	1118.62	1130.48	1146.78	1164.62	1179.64	1195.66	1213.42	1232.90	1254.50	1275.56	1297.02	1323.12	1355.76	
1386.84	1423.94	1460.26	1498.56	1542.90	1597.74	1657.48	1721.08	1794.46	1878.28	1990.48	2137.48	2326.16	2599.02	2970.54	3262.86	
3504.28	3610.20	3586.58	3598.80	3626.10	3649.66	3657.88	3664.46	3668.58	3680.30	3677.50	3678.92	3698.10	3695.18	3689.48	3686.22	
3682.70	3683.00	3691.56	3701.56	3690.82	3692.96	3681.86	3669.44	3688.24	3689.84	3695.44	3701.14	3702.10	3713.34	3712.96	3709.40	
3725.44	3732.90	3732.92	3732.22	3734.08	3732.86	3733.70	3735.58	3726.38	3734.02	3735.80	3727.62	3725.74	3723.08	3727.00	3724.18	
3725.76	3732.46	3732.46	3723.18	3727.54	3726.20	3721.56	3705.82	3708.50	3709.24	3696.40	3708.04	3715.90	3720.82	3715.72	3713.28	
3702.12	3690.40	3695.14	3703.86	3708.74	3705.42	3725.70	3743.08	3733.04	3726.98	3718.20	3696.38	3719.70	3734.98	3722.34	3712.68	
3701.20	3689.54	3686.94	3695.38	3689.10	3691.58	3692.98	3697.20	3707.42	3710.16	3720.50	3730.38	3733.06	3740.90	3760.62	3723.48	

*******************************************2025/05/16;19:39:16
Probe number 5
Concentration entered by User -1.00% (Compensated: -1.00% at temperature 20.7)
3277.56	3379.26	3509.32	3527.90	3517.60	3534.46	3543.00	3539.78	3552.82	3532.32	3558.88	3618.94	3613.00	3604.98	3609.70	3639.56	
3660.80	3650.68	3640.82	3661.20	3694.86	3726.88	3723.98	3712.40	3719.30	3717.00	3722.50	3729.72	3731.30	3720.82	3723.30	3711.48	
3711.72	3722.06	3731.64	3729.72	3733.16	3740.26	3735.16	3724.18	3716.06	3725.92	3721.50	3730.24	3753.44	3745.76	3732.94	3723.90	
3719.54	3719.52	3731.88	3732.64	3729.08	3734.78	3715.48	3700.50	3716.72	3720.38	3724.36	3720.94	3717.50	3736.56	3736.80	3730.60	
3738.48	3737.72	3732.02	3724.90	3730.80	3736.38	3740.48	3741.60	3728.72	3729.22	3735.62	3727.40	3727.62	3734.54	3737.54	3715.90	
3721.30	3732.74	3728.20	3686.96	3685.88	3692.24	3690.58	3659.06	3638.50	3602.70	3621.24	3669.18	3639.60	3585.30	3565.66	3599.74	
3637.84	3660.60	3684.28	3679.32	3685.66	3687.06	3716.28	3720.10	3724.12	3715.50	3705.70	3664.30	3676.84	3729.36	3748.36	3712.92	
3667.46	3674.84	3693.14	3716.74	3694.56	3670.86	3631.16	3636.08	3687.70	3720.80	3700.58	3674.52	3680.46	3709.00	3747.40	3699.40	

*******************************************2025/05/16;20:50:21
Probe number 0
Concentration entered by User -1.00% (Compensated: -1.00% at temperature 20.4)
1107.20	1112.66	1135.14	1153.20	1168.38	1188.04	1207.92	1223.92	1244.06	1263.56	1282.64	1304.92	1327.00	1353.24	1381.54	1416.44	
1449.88	1487.06	1526.16	1567.54	1615.34	1671.64	1730.70	1793.72	1860.40	1935.58	2024.08	2161.08	2334.70	2562.90	2860.64	3092.16	
3242.88	3303.70	3321.58	3315.84	3335.44	3374.16	3385.82	3385.74	3382.58	3366.50	3349.96	3368.08	3401.40	3431.18	3500.52	3548.48	
3575.44	3603.34	3647.10	3689.14	3703.56	3726.38	3734.24	3739.14	3751.98	3753.82	3761.82	3770.24	3766.10	3771.06	3769.58	3765.70	
3765.88	3762.04	3762.60	3755.36	3750.92	3747.18	3749.32	3756.78	3746.62	3753.44	3762.88	3758.42	3754.74	3755.86	3768.12	3769.40	
3771.54	3773.82	3768.60	3753.04	3755.74	3753.72	3751.02	3739.94	3741.16	3730.86	3699.40	3704.02	3691.92	3692.08	3677.30	3685.18	
3668.92	3655.48	3654.60	3658.42	3680.10	3686.40	3710.30	3729.40	3719.78	3702.10	3691.86	3680.46	3708.58	3734.80	3733.92	3722.20	
3712.56	3695.10	3667.88	3649.90	3643.90	3638.32	3648.32	3648.04	3649.42	3652.90	3686.50	3705.80	3711.14	3728.60	3753.94	3715.32	

*******************************************2025/05/16;21:10:20
Probe number 1
Concentration entered by User -1.00% (Compensated: -1.00% at temperature 20.5)
1106.72	1111.94	1134.30	1151.76	1166.82	1185.78	1205.58	1221.72	1242.18	1261.32	1280.46	1302.94	1325.10	1351.60	1379.74	1415.26	
1448.36	1485.10	1523.84	1565.06	1611.84	1668.66	1727.62	1790.26	1856.94	1931.82	2019.42	2155.56	2328.82	2556.20	2852.48	3086.24	
3239.00	3301.28	3319.46	3313.80	3333.42	3372.22	3383.98	3385.06	3382.22	3365.00	3348.28	3364.78	3397.12	3427.42	3495.58	3543.26	
3568.98	3596.48	3639.72	3683.10	3697.62	3720.68	3728.80	3733.90	3746.98	3748.96	3757.18	3766.28	3762.60	3767.86	3765.76	3761.82	
3761.92	3758.42	3759.20	3752.60	3748.10	3744.26	3745.72	3753.82	3743.34	3750.62	3760.38	3755.92	3752.00	3753.36	3765.46	3767.38	
3769.44	3772.00	3767.32	3751.38	3754.28	3752.46	3749.56	3738.10	3739.66	3730.16	3699.46	3704.78	3692.88	3693.44	3678.96	3687.26	
3671.88	3658.72	3658.06	3661.30	3682.00	3688.06	3711.18	3730.14	3720.44	3703.76	3692.86	3680.66	3708.42	3734.34	3732.36	3720.90	
3710.64	3693.36	3666.86	3648.94	3642.36	3637.74	3647.24	3647.54	3648.66	3652.02	3684.92	3704.82	3710.46	3727.70	3753.18	3714.58	

*******************************************2025/05/16;21:30:20
Probe number 2
Concentration entered by User -1.00% (Compensated: -1.00% at temperature 20.6)
1106.34	1111.96	1134.32	1151.66	1166.96	1185.54	1205.26	1221.34	1241.82	1261.08	1280.40	1303.14	1324.98	1351.28	1379.76	1414.96	
1448.52	1484.60	1523.16	1564.30	1610.88	1668.10	1726.72	1790.00	1856.48	1931.64	2019.12	2154.80	2328.16	2556.22	2852.54	3088.40	
3243.42	3306.44	3324.80	3318.86	3339.30	3377.82	3389.76	3391.24	3388.62	3371.22	3354.12	3371.08	3403.22	3432.60	3499.08	3546.68	
3571.80	3598.10	3640.94	3684.34	3698.72	3721.50	3729.40	3734.46	3747.48	3749.12	3757.86	3767.04	3763.52	3768.58	3766.22	3762.18	
3763.08	3759.60	3760.52	3753.86	3750.08	3745.84	3747.16	3754.90	3745.26	3752.56	3761.90	3757.70	3753.82	3755.08	3766.84	3768.70	
3771.04	3773.80	3769.00	3753.86	3756.52	3754.92	3752.40	3741.16	3742.40	3732.70	3704.04	3709.12	3698.14	3698.72	3685.02	3692.86	
3678.28	3665.14	3665.04	3667.78	3688.52	3693.66	3717.34	3734.98	3725.32	3708.50	3698.94	3686.20	3713.72	3738.30	3735.60	3724.68	
3714.78	3697.08	3671.92	3654.42	3646.96	3642.44	3652.56	3652.08	3653.78	3657.22	3688.60	3708.54	3714.16	3730.94	3755.84	3717.48	

*******************************************2025/05/16;21:31:25
Probe number 0
Concentration entered by User -1.00% (Compensated: -1.00% at temperature 20.6)
1105.36	1110.26	1132.44	1150.50	1165.18	1184.38	1203.94	1219.72	1240.02	1259.56	1278.18	1301.22	1323.06	1349.56	1377.76	1412.88	
1446.20	1482.60	1520.80	1561.86	1608.80	1665.36	1724.24	1786.98	1853.52	1928.58	2015.88	2150.68	2323.84	2551.00	2847.34	3082.12	
3236.90	3299.60	3318.66	3312.88	3332.88	3371.02	3383.38	3384.66	3382.92	3364.70	3347.66	3364.54	3397.24	3425.56	3492.60	3540.32	
3565.60	3592.04	3634.80	3678.46	3693.34	3716.90	3724.84	3729.74	3743.18	3744.82	3753.40	3763.22	3759.56	3764.68	3762.24	3758.28	
3758.96	3755.76	3756.56	3749.88	3745.66	3741.56	3742.86	3750.74	3741.02	3748.60	3758.14	3753.68	3749.62	3751.00	3762.86	3764.80	
3767.12	3769.88	3764.80	3749.48	3752.40	3750.70	3748.62	3736.94	3737.88	3728.66	3698.88	3704.36	3692.76	3693.74	3680.04	3687.60	
3673.46	3659.80	3659.30	3662.84	3683.80	3688.96	3712.56	3730.46	3720.70	3703.94	3693.66	3680.90	3709.08	3734.30	3731.56	3719.92	
3709.74	3691.76	3666.60	3648.74	3641.76	3637.22	3646.74	3647.22	3648.46	3651.26	3683.58	3703.62	3709.66	3726.40	3751.76	3712.70	

