*******************************************2025/03/30;00:02:04
Probe number 93
Concentration entered by User 2.43% (Compensated: 2.83% at temperature 25.7)
1265.88	1264.62	1291.88	1304.68	1318.62	1334.26	1354.04	1369.60	1390.46	1408.88	1431.12	1459.44	1480.34	1506.36	1532.92	1566.70	
1595.68	1630.04	1664.50	1700.12	1738.28	1779.78	1819.16	1862.64	1916.94	1972.68	2021.08	2085.16	2164.44	2261.56	2400.28	2590.82	
2885.24	3209.88	3469.60	3618.34	3628.20	3653.18	3656.12	3665.86	3673.04	3669.92	3659.82	3664.68	3673.42	3674.40	3681.60	3688.22	
3687.58	3682.26	3682.24	3696.98	3688.50	3695.78	3696.08	3695.44	3705.14	3715.88	3720.60	3720.56	3719.74	3721.10	3723.08	3719.52	
3724.66	3724.52	3721.90	3719.28	3722.30	3719.48	3722.74	3726.98	3725.52	3730.46	3731.50	3729.76	3732.38	3733.26	3741.46	3737.10	
3738.62	3743.32	3740.24	3731.96	3734.42	3733.58	3732.66	3726.62	3731.98	3734.42	3723.94	3736.92	3737.52	3738.98	3737.54	3739.56	
3729.78	3715.62	3715.28	3714.24	3714.22	3714.68	3730.46	3746.00	3735.80	3732.94	3726.08	3708.18	3729.22	3743.08	3729.62	3729.34	
3730.40	3725.82	3725.24	3730.74	3720.94	3716.78	3713.84	3711.18	3711.42	3714.54	3720.96	3725.02	3721.32	3724.04	3746.30	3705.68	

*******************************************2025/03/30;00:22:03
Probe number 94
Concentration entered by User 2.43% (Compensated: 2.82% at temperature 25.6)
1265.84	1264.94	1292.18	1305.00	1318.96	1334.76	1354.70	1370.54	1391.68	1410.42	1432.28	1460.84	1481.46	1507.06	1534.06	1566.98	
1595.62	1630.88	1664.08	1701.06	1739.54	1781.74	1823.16	1868.40	1919.10	1967.30	2027.84	2086.82	2155.94	2263.70	2389.14	2607.02	
2892.00	3205.64	3462.96	3622.40	3632.72	3657.32	3659.70	3669.38	3675.92	3673.00	3662.40	3666.92	3676.46	3677.58	3684.20	3690.54	
3690.06	3684.76	3685.74	3700.22	3691.84	3698.46	3698.74	3698.18	3707.70	3718.36	3723.14	3722.78	3722.12	3723.70	3725.30	3721.96	
3726.88	3726.68	3724.54	3721.70	3724.34	3721.80	3725.26	3729.54	3727.58	3732.48	3733.78	3731.92	3734.50	3735.28	3743.48	3739.46	
3740.68	3745.40	3742.30	3734.46	3736.82	3735.78	3735.12	3729.02	3734.50	3736.54	3726.48	3739.02	3739.40	3740.94	3739.62	3741.54	
3731.88	3717.86	3717.94	3716.24	3716.46	3717.00	3732.66	3747.82	3738.16	3734.62	3728.20	3710.94	3731.56	3744.96	3731.64	3730.78	
3733.00	3728.08	3727.40	3732.84	3723.42	3718.96	3716.42	3713.30	3713.28	3716.70	3723.56	3727.46	3723.74	3726.32	3748.24	3707.58	

*******************************************2025/03/30;00:42:03
Probe number 95
Concentration entered by User 2.44% (Compensated: 2.82% at temperature 25.4)
1265.94	1265.38	1292.18	1305.40	1319.12	1334.94	1354.48	1370.54	1390.72	1409.84	1431.58	1459.34	1480.48	1507.68	1534.52	1569.04	
1597.20	1631.16	1665.92	1702.78	1738.08	1780.84	1821.36	1866.06	1913.56	1970.46	2028.74	2094.72	2172.66	2264.18	2411.36	2578.44	
2891.36	3205.60	3463.08	3620.76	3632.52	3656.22	3659.10	3668.58	3675.10	3672.64	3662.12	3666.96	3675.76	3676.06	3683.02	3689.26	
3688.42	3683.86	3684.20	3698.56	3690.76	3696.78	3697.46	3697.12	3705.74	3716.66	3721.76	3721.58	3720.74	3722.34	3723.76	3720.46	
3725.22	3725.30	3722.58	3719.66	3723.14	3720.28	3723.72	3727.80	3726.30	3730.96	3732.28	3730.18	3733.40	3734.18	3742.10	3738.16	
3739.40	3744.26	3741.02	3733.12	3735.18	3734.52	3733.60	3727.56	3732.98	3734.98	3725.14	3737.32	3738.28	3739.22	3737.72	3739.90	
3729.94	3715.56	3715.62	3714.70	3714.52	3715.14	3730.60	3746.40	3736.28	3733.24	3726.58	3709.06	3729.60	3743.48	3730.08	3728.94	
3730.82	3726.46	3725.96	3731.20	3721.76	3717.34	3714.56	3711.30	3711.50	3715.06	3721.70	3726.06	3721.84	3724.66	3746.88	3705.60	

*******************************************2025/03/30;01:02:03
Probe number 96
Concentration entered by User 2.45% (Compensated: 2.82% at temperature 25.3)
1267.06	1266.14	1293.26	1306.46	1320.16	1335.68	1355.78	1371.66	1392.20	1410.78	1433.30	1461.68	1481.80	1509.16	1536.30	1570.32	
1597.94	1632.64	1667.12	1705.90	1741.44	1782.58	1823.22	1866.42	1917.06	1971.98	2032.48	2096.74	2162.40	2264.90	2408.92	2593.20	
2886.54	3198.62	3457.78	3622.16	3634.16	3656.56	3659.36	3668.40	3675.40	3672.02	3662.00	3666.94	3675.80	3676.64	3683.32	3688.86	
3688.86	3684.10	3684.22	3698.38	3690.24	3697.28	3697.46	3696.70	3705.84	3716.06	3721.60	3721.04	3720.48	3722.06	3723.74	3719.98	
3724.68	3725.20	3722.26	3719.52	3722.36	3719.34	3723.28	3727.54	3725.90	3730.86	3731.76	3730.10	3732.82	3733.38	3741.26	3737.72	
3739.10	3743.62	3740.74	3732.74	3735.16	3734.40	3733.54	3727.00	3733.10	3734.76	3724.48	3737.00	3737.56	3739.06	3737.10	3739.50	
3729.28	3715.18	3715.28	3713.78	3713.72	3714.24	3730.04	3745.96	3736.02	3732.88	3725.84	3708.14	3729.04	3742.76	3729.56	3728.72	
3730.68	3725.84	3725.36	3730.76	3721.14	3716.74	3713.88	3710.44	3710.64	3714.52	3721.54	3725.06	3720.96	3724.02	3746.26	3704.90	

*******************************************2025/03/30;01:22:03
Probe number 97
Concentration entered by User 2.46% (Compensated: 2.82% at temperature 25.2)
1267.38	1266.60	1293.96	1307.44	1320.66	1336.64	1356.54	1372.38	1393.34	1412.16	1434.18	1462.40	1483.38	1508.98	1537.34	1571.72	
1598.52	1635.66	1667.48	1706.18	1742.86	1787.26	1827.12	1870.40	1923.22	1975.64	2031.82	2094.62	2168.24	2274.46	2397.88	2596.98	
2888.88	3199.62	3449.46	3618.94	3634.56	3658.32	3659.38	3669.52	3675.52	3672.46	3661.66	3666.02	3675.60	3676.90	3683.14	3689.00	
3688.72	3684.38	3684.44	3698.70	3690.72	3697.18	3697.48	3697.24	3706.04	3716.48	3721.76	3721.48	3720.90	3722.20	3723.76	3720.22	
3724.94	3725.02	3722.26	3719.62	3722.66	3719.78	3723.52	3727.68	3726.18	3730.92	3731.88	3730.04	3732.98	3733.22	3741.56	3738.26	
3739.10	3743.92	3740.80	3733.36	3735.14	3734.64	3733.70	3727.74	3733.32	3735.06	3724.58	3736.94	3737.60	3738.96	3737.60	3739.60	
3729.58	3715.16	3715.50	3714.14	3713.56	3714.36	3730.22	3746.02	3736.00	3732.54	3725.94	3708.56	3729.14	3742.74	3729.62	3728.42	
3730.32	3725.98	3725.10	3730.64	3721.30	3716.72	3713.92	3710.58	3710.56	3714.26	3721.00	3725.36	3721.46	3723.94	3746.26	3705.04	

*******************************************2025/03/30;01:42:03
Probe number 98
Concentration entered by User 2.49% (Compensated: 2.84% at temperature 25.1)
1266.14	1264.52	1291.82	1305.00	1319.18	1335.12	1354.88	1370.70	1390.84	1410.74	1432.64	1460.60	1481.60	1507.90	1534.96	1568.34	
1596.94	1633.24	1667.60	1707.42	1742.76	1785.44	1826.00	1874.22	1919.66	1970.84	2027.40	2096.24	2172.68	2261.98	2395.50	2594.94	
2878.10	3193.36	3440.92	3615.38	3627.62	3652.18	3653.94	3663.40	3669.70	3667.38	3656.94	3661.24	3671.20	3671.26	3677.86	3684.28	
3684.14	3679.72	3680.08	3694.14	3686.26	3693.16	3693.28	3692.70	3701.58	3712.22	3717.50	3717.18	3716.74	3717.80	3719.28	3716.08	
3720.66	3720.66	3717.82	3714.66	3717.90	3715.90	3718.60	3723.16	3721.66	3726.70	3727.94	3725.66	3729.08	3728.78	3737.60	3733.66	
3735.00	3739.80	3736.98	3729.10	3731.48	3730.40	3729.90	3722.92	3728.98	3730.96	3720.14	3732.88	3733.34	3735.00	3733.12	3735.36	
3725.62	3710.66	3710.82	3709.18	3709.14	3709.92	3725.62	3742.00	3731.76	3728.56	3721.62	3703.40	3724.70	3738.84	3725.44	3723.86	
3726.16	3721.70	3721.30	3726.46	3716.80	3711.64	3709.46	3705.30	3705.74	3709.28	3716.36	3720.64	3716.86	3719.42	3742.38	3700.36	

*******************************************2025/03/30;02:02:03
Probe number 99
Concentration entered by User 2.47% (Compensated: 2.81% at temperature 24.9)
1266.20	1264.88	1292.06	1305.52	1318.56	1334.98	1354.00	1370.54	1390.84	1410.06	1432.44	1460.88	1481.56	1508.98	1536.28	1568.50	
1597.88	1633.20	1668.86	1705.28	1743.74	1786.02	1828.48	1869.06	1924.08	1973.88	2035.60	2096.92	2163.96	2263.94	2402.68	2593.10	
2881.22	3194.24	3452.98	3619.26	3634.14	3656.84	3659.04	3669.06	3675.20	3672.42	3661.66	3665.76	3674.58	3675.60	3681.34	3687.38	
3686.82	3682.70	3682.76	3696.54	3689.14	3695.46	3695.66	3695.22	3704.00	3714.58	3719.94	3719.82	3718.98	3720.50	3721.90	3718.18	
3722.98	3723.18	3720.24	3717.38	3720.28	3717.84	3721.18	3725.68	3724.28	3728.56	3730.10	3728.38	3731.20	3731.42	3739.50	3735.94	
3737.46	3741.88	3739.00	3731.34	3733.28	3732.92	3732.14	3725.58	3731.36	3733.36	3722.52	3735.26	3735.78	3737.34	3735.36	3737.54	
3727.72	3712.70	3713.10	3711.78	3711.18	3712.52	3727.86	3744.16	3733.72	3730.48	3723.84	3706.02	3726.80	3740.74	3727.96	3725.86	
3728.46	3723.98	3722.96	3728.40	3718.96	3714.30	3711.42	3707.84	3708.06	3711.76	3718.90	3722.92	3719.06	3721.64	3744.48	3702.64	

*******************************************2025/03/30;02:22:04
Probe number 100
Concentration entered by User 2.45% (Compensated: 2.79% at temperature 24.8)
1268.60	1267.26	1294.50	1307.78	1321.34	1337.16	1356.60	1373.30	1394.44	1413.42	1435.86	1463.94	1485.28	1511.40	1539.42	1572.74	
1602.10	1638.08	1671.34	1709.56	1748.90	1789.96	1830.08	1878.24	1926.58	1975.18	2039.10	2102.18	2174.34	2276.64	2412.36	2593.66	
2879.84	3196.44	3460.12	3630.50	3646.84	3667.96	3670.56	3679.62	3685.50	3682.50	3671.76	3676.02	3684.32	3685.04	3690.84	3696.12	
3696.22	3691.68	3692.00	3705.32	3697.82	3704.70	3704.84	3703.96	3712.38	3722.76	3727.88	3727.88	3726.90	3728.42	3729.94	3726.68	
3730.96	3731.44	3728.08	3725.44	3728.14	3725.74	3729.28	3733.60	3731.64	3736.60	3738.00	3735.50	3738.96	3739.00	3746.52	3743.28	
3744.54	3749.06	3746.18	3739.32	3741.36	3740.52	3739.92	3733.74	3738.82	3740.90	3730.46	3742.66	3743.12	3744.30	3742.68	3744.62	
3735.62	3721.22	3721.02	3720.08	3719.54	3720.92	3735.34	3751.08	3741.32	3738.48	3731.98	3714.60	3734.52	3747.92	3735.38	3733.74	
3736.36	3732.08	3731.00	3736.24	3727.18	3722.78	3720.14	3716.90	3716.76	3720.10	3727.10	3731.04	3727.16	3729.86	3751.36	3710.94	

*******************************************2025/03/30;02:42:04
Probe number 101
Concentration entered by User 2.47% (Compensated: 2.79% at temperature 24.7)
1268.74	1267.82	1294.94	1308.04	1322.18	1338.00	1357.56	1374.40	1394.58	1413.58	1435.28	1463.90	1485.86	1512.46	1540.16	1572.94	
1601.50	1638.46	1672.18	1710.76	1749.38	1791.34	1829.12	1875.30	1929.02	1975.12	2040.64	2106.02	2166.98	2274.96	2400.38	2593.72	
2890.94	3181.16	3454.82	3628.56	3644.46	3665.82	3668.48	3677.48	3683.20	3680.12	3669.60	3673.16	3681.92	3682.92	3688.28	3693.62	
3693.62	3689.70	3689.52	3702.70	3695.10	3701.86	3702.00	3700.96	3709.44	3719.64	3725.16	3725.08	3724.56	3725.56	3727.30	3723.94	
3727.96	3728.38	3725.26	3722.22	3725.34	3722.72	3725.92	3730.58	3728.72	3733.98	3734.90	3732.86	3736.22	3735.86	3743.80	3740.78	
3742.14	3746.32	3743.40	3736.32	3738.68	3737.90	3737.08	3730.86	3736.34	3738.28	3727.56	3740.16	3740.32	3741.30	3739.70	3741.84	
3733.06	3717.80	3717.78	3717.18	3716.10	3717.44	3732.60	3748.26	3738.56	3735.00	3728.86	3711.04	3731.44	3745.26	3732.66	3730.96	
3733.30	3728.66	3727.90	3733.44	3723.86	3719.50	3716.74	3713.10	3713.44	3716.50	3723.64	3727.66	3723.74	3726.72	3748.38	3707.42	

*******************************************2025/03/30;03:02:04
Probe number 102
Concentration entered by User 2.48% (Compensated: 2.80% at temperature 24.6)
1270.32	1269.64	1296.94	1309.94	1324.06	1340.16	1360.32	1375.92	1396.54	1415.50	1437.80	1467.32	1488.26	1514.98	1543.28	1575.48	
1602.56	1640.12	1673.36	1713.80	1750.36	1793.92	1834.84	1876.44	1931.20	1983.68	2045.16	2112.70	2176.16	2282.16	2414.60	2591.10	
2888.12	3182.72	3449.08	3626.42	3641.80	3663.64	3666.54	3676.58	3681.84	3678.50	3668.42	3671.62	3680.90	3681.32	3687.50	3693.06	
3692.94	3689.06	3689.32	3702.84	3695.00	3701.86	3701.56	3701.02	3709.52	3719.62	3725.28	3725.04	3724.26	3725.66	3727.08	3723.74	
3728.30	3728.16	3725.32	3722.38	3725.12	3722.68	3726.22	3730.30	3728.86	3733.46	3734.90	3732.76	3736.06	3736.20	3743.60	3740.80	
3741.90	3746.60	3743.62	3736.56	3738.72	3738.04	3737.26	3730.98	3736.44	3738.46	3727.48	3739.86	3740.00	3741.56	3739.48	3741.78	
3732.38	3718.10	3717.62	3716.84	3715.92	3717.42	3732.42	3748.36	3738.22	3735.16	3728.86	3710.70	3731.42	3745.14	3732.28	3730.84	
3733.42	3728.44	3727.68	3733.14	3723.56	3719.10	3716.62	3712.92	3713.22	3717.10	3723.26	3727.52	3723.24	3726.66	3748.14	3707.24	

*******************************************2025/03/30;03:22:04
Probe number 103
Concentration entered by User 2.48% (Compensated: 2.80% at temperature 24.5)
1270.00	1268.24	1296.18	1309.72	1323.30	1338.92	1359.08	1375.14	1396.20	1415.04	1438.20	1465.94	1487.58	1514.72	1543.04	1577.22	
1605.36	1640.38	1676.06	1713.72	1751.58	1797.32	1837.28	1879.68	1932.24	1982.88	2044.94	2107.82	2176.70	2283.18	2414.78	2600.94	
2887.14	3178.82	3449.42	3622.32	3641.20	3662.58	3666.18	3675.60	3681.06	3678.40	3667.80	3672.10	3681.28	3681.78	3687.68	3693.40	
3692.72	3689.24	3689.76	3703.24	3695.68	3702.14	3702.14	3701.60	3709.70	3719.84	3725.36	3725.16	3724.88	3725.94	3727.56	3724.16	
3728.40	3728.12	3725.68	3722.70	3725.26	3722.52	3726.00	3730.22	3728.84	3733.40	3734.88	3732.84	3735.96	3735.76	3743.44	3740.28	
3741.78	3746.24	3743.48	3736.76	3738.60	3737.90	3737.30	3731.08	3736.16	3738.54	3727.34	3739.78	3739.92	3741.42	3739.38	3741.60	
3732.82	3717.70	3717.58	3716.88	3715.58	3716.96	3732.22	3748.16	3738.24	3734.94	3728.34	3710.52	3731.16	3745.22	3732.16	3730.38	
3733.16	3728.50	3727.14	3732.88	3723.44	3719.24	3716.40	3712.84	3712.92	3716.64	3723.16	3727.20	3723.42	3726.32	3747.92	3707.14	

*******************************************2025/03/30;03:42:04
Probe number 104
Concentration entered by User 2.49% (Compensated: 2.80% at temperature 24.4)
1269.34	1267.72	1295.38	1308.98	1322.48	1338.26	1357.88	1374.76	1395.70	1415.42	1436.82	1466.00	1486.70	1513.42	1541.28	1575.08	
1603.92	1638.66	1675.72	1712.30	1751.92	1799.02	1837.06	1878.02	1932.70	1986.40	2046.54	2110.08	2187.10	2268.90	2423.54	2604.20	
2876.04	3178.44	3444.82	3626.06	3643.12	3664.04	3666.70	3676.50	3681.30	3678.32	3668.48	3672.06	3681.58	3682.16	3688.04	3693.12	
3692.90	3689.18	3689.86	3703.00	3695.14	3701.74	3701.80	3701.72	3709.66	3719.58	3725.06	3724.88	3724.36	3725.58	3726.88	3723.56	
3727.84	3727.70	3725.10	3721.74	3724.68	3721.98	3725.18	3729.72	3728.20	3732.78	3733.98	3732.24	3735.48	3735.24	3742.74	3739.50	
3741.30	3745.82	3742.72	3736.28	3738.30	3737.40	3736.72	3730.72	3735.88	3737.82	3726.50	3739.10	3739.22	3740.70	3738.62	3740.96	
3731.70	3716.86	3716.76	3716.16	3715.02	3716.00	3731.58	3747.26	3737.50	3734.12	3727.46	3709.76	3730.38	3744.00	3731.22	3729.54	
3732.10	3727.46	3726.24	3731.92	3722.62	3718.02	3715.72	3711.46	3711.70	3715.78	3722.22	3726.24	3722.44	3725.26	3747.44	3706.06	

*******************************************2025/03/30;04:00:03
Probe number 105
Concentration entered by User 2.49% (Compensated: 2.79% at temperature 24.3)
1269.86	1268.60	1296.38	1310.02	1323.10	1338.88	1359.14	1375.36	1396.88	1415.30	1437.52	1466.62	1488.78	1515.50	1543.36	1576.38	
1605.56	1641.54	1677.10	1716.52	1754.66	1796.52	1834.34	1884.94	1934.42	1986.78	2051.40	2110.28	2178.12	2279.04	2419.28	2586.64	
2872.52	3189.90	3443.88	3621.52	3642.50	3663.12	3667.36	3676.38	3681.52	3678.40	3668.34	3671.64	3681.16	3682.18	3687.18	3692.88	
3692.76	3689.16	3688.94	3702.60	3695.06	3701.54	3701.60	3701.06	3709.32	3719.28	3724.26	3724.22	3723.98	3724.82	3726.24	3723.22	
3727.40	3727.00	3724.16	3720.90	3723.76	3721.12	3724.62	3728.86	3727.16	3732.28	3733.64	3731.44	3734.58	3734.76	3742.06	3738.58	
3740.26	3745.40	3742.34	3735.56	3737.56	3736.56	3735.94	3729.90	3735.08	3737.38	3726.16	3738.54	3738.64	3739.92	3738.08	3739.96	
3730.74	3716.26	3716.08	3715.22	3714.22	3715.34	3730.58	3746.50	3736.94	3733.34	3726.86	3708.98	3729.74	3743.38	3730.20	3728.96	
3731.52	3726.58	3725.44	3731.08	3721.72	3717.12	3714.32	3710.90	3710.88	3714.78	3721.46	3725.54	3721.54	3724.62	3746.44	3705.04	

*******************************************2025/03/30;04:02:04
Probe number 106
Concentration entered by User 2.50% (Compensated: 2.80% at temperature 24.3)
1269.62	1268.16	1296.02	1308.58	1322.52	1338.94	1358.30	1374.96	1395.28	1414.82	1437.06	1466.94	1487.62	1514.22	1542.72	1576.86	
1606.20	1642.36	1674.94	1714.14	1751.76	1796.26	1838.32	1883.62	1935.48	1981.32	2050.48	2112.98	2181.64	2279.90	2418.52	2600.12	
2854.14	3185.04	3441.26	3623.82	3644.24	3664.58	3667.84	3676.72	3681.46	3678.66	3668.26	3672.78	3681.90	3682.14	3687.64	3693.40	
3693.30	3689.20	3689.62	3703.14	3695.22	3702.06	3701.84	3700.98	3709.78	3719.16	3724.82	3724.60	3723.86	3725.06	3726.32	3722.88	
3727.34	3727.28	3724.34	3721.36	3724.08	3721.34	3724.40	3728.96	3727.26	3732.02	3733.18	3731.34	3734.54	3734.44	3742.08	3738.70	
3740.58	3745.46	3742.14	3735.46	3737.58	3736.96	3735.98	3730.14	3734.78	3737.44	3725.96	3738.20	3738.62	3739.94	3738.14	3739.92	
3730.70	3716.04	3715.60	3714.94	3714.08	3715.24	3730.64	3746.72	3736.40	3733.24	3726.80	3708.90	3729.48	3743.28	3730.26	3728.98	
3731.22	3726.32	3725.28	3730.98	3721.66	3717.12	3714.40	3710.50	3710.56	3714.96	3721.20	3725.48	3721.60	3724.24	3746.48	3705.04	

*******************************************2025/03/30;04:22:04
Probe number 107
Concentration entered by User 2.52% (Compensated: 2.81% at temperature 24.2)
1266.50	1265.26	1292.04	1304.90	1319.12	1334.28	1354.16	1370.38	1391.20	1409.80	1432.42	1461.38	1482.64	1508.28	1535.80	1570.02	
1598.32	1635.62	1669.46	1708.08	1744.82	1791.38	1833.36	1877.74	1931.10	1980.56	2039.36	2104.46	2173.74	2272.36	2421.48	2587.76	
2868.96	3175.50	3434.44	3618.48	3640.12	3662.16	3665.28	3674.82	3679.24	3676.28	3666.46	3670.00	3678.66	3679.12	3684.36	3689.88	
3689.36	3685.44	3686.08	3699.42	3691.84	3698.32	3698.46	3697.40	3706.40	3716.20	3721.44	3721.50	3720.92	3721.90	3723.56	3720.28	
3724.42	3724.56	3721.68	3718.48	3721.28	3718.60	3721.76	3726.16	3724.76	3729.76	3730.66	3728.66	3732.18	3731.86	3739.70	3736.34	
3738.18	3743.04	3739.96	3732.82	3735.26	3734.40	3733.76	3727.48	3732.84	3734.76	3723.48	3735.66	3735.96	3737.56	3735.54	3737.38	
3728.42	3713.58	3713.00	3712.22	3711.24	3712.68	3727.98	3744.48	3734.08	3730.46	3724.22	3705.78	3726.90	3740.96	3727.20	3726.56	
3728.86	3724.22	3722.80	3728.44	3718.96	3714.46	3711.74	3708.04	3708.02	3711.82	3718.82	3722.56	3718.48	3722.28	3744.12	3701.68	

*******************************************2025/03/30;04:42:03
Probe number 108
Concentration entered by User 2.51% (Compensated: 2.79% at temperature 24.1)
1271.02	1269.74	1296.90	1310.00	1322.98	1339.22	1358.92	1374.94	1395.06	1414.86	1436.94	1465.28	1487.16	1514.16	1541.06	1573.66	
1603.24	1638.98	1672.86	1709.50	1748.94	1794.14	1835.16	1882.98	1928.90	1983.80	2041.36	2109.96	2173.24	2279.72	2404.98	2584.10	
2878.72	3177.86	3436.54	3621.34	3642.10	3661.44	3664.86	3673.62	3678.24	3675.12	3665.02	3669.42	3678.90	3679.50	3684.92	3690.24	
3690.26	3686.84	3687.62	3700.76	3693.04	3699.96	3700.20	3699.78	3707.80	3717.48	3722.80	3723.20	3722.72	3723.66	3725.22	3721.90	
3726.02	3726.34	3723.38	3720.12	3722.84	3720.32	3723.54	3727.66	3726.38	3731.40	3732.42	3730.34	3733.88	3733.34	3741.26	3737.96	
3739.80	3744.44	3741.40	3734.76	3736.92	3736.14	3735.44	3729.38	3734.32	3736.68	3724.96	3737.18	3737.64	3739.42	3737.34	3738.92	
3729.88	3715.08	3714.68	3714.12	3712.94	3713.52	3729.82	3745.54	3735.94	3732.26	3725.68	3707.88	3728.58	3742.48	3729.10	3727.94	
3730.46	3725.48	3724.38	3729.86	3720.62	3715.96	3713.32	3709.78	3709.78	3713.94	3720.24	3724.42	3720.52	3723.62	3745.44	3704.20	

*******************************************2025/03/30;05:02:03
Probe number 109
Concentration entered by User 2.51% (Compensated: 2.79% at temperature 24.0)
1271.34	1270.10	1297.08	1310.46	1324.02	1340.06	1359.12	1375.58	1396.66	1415.32	1437.92	1466.86	1488.78	1514.76	1542.96	1575.60	
1604.46	1641.52	1674.54	1714.48	1750.22	1795.04	1840.02	1883.62	1933.54	1982.44	2045.56	2106.08	2181.98	2281.68	2414.70	2574.28	
2879.08	3175.92	3436.20	3616.96	3642.44	3662.34	3664.78	3675.02	3678.82	3676.08	3666.14	3670.04	3679.64	3680.50	3685.70	3690.88	
3690.52	3687.38	3687.60	3701.00	3693.28	3700.34	3700.44	3699.42	3707.78	3717.58	3723.56	3723.30	3722.28	3723.54	3724.82	3721.96	
3726.22	3726.32	3723.18	3719.76	3722.64	3720.26	3722.94	3727.66	3726.20	3730.88	3732.40	3730.08	3733.66	3733.72	3740.84	3737.52	
3739.50	3744.50	3741.18	3734.72	3736.76	3736.28	3735.18	3729.18	3733.78	3736.40	3724.80	3737.42	3737.46	3738.76	3737.00	3738.36	
3729.38	3714.76	3714.34	3713.66	3712.36	3713.62	3729.06	3745.06	3735.20	3732.04	3725.22	3707.10	3727.64	3742.10	3728.54	3727.54	
3730.10	3724.86	3723.40	3729.44	3719.84	3715.54	3713.12	3709.12	3708.96	3713.30	3719.86	3723.76	3719.92	3723.02	3745.00	3703.54	

*******************************************2025/03/30;05:22:04
Probe number 110
Concentration entered by User 2.54% (Compensated: 2.81% at temperature 23.9)
1269.78	1268.00	1295.64	1308.68	1321.96	1337.86	1357.44	1374.04	1394.62	1413.22	1435.90	1465.00	1485.62	1513.04	1542.04	1573.70	
1603.52	1639.82	1673.20	1713.68	1750.54	1795.58	1834.22	1883.30	1930.04	1985.08	2049.50	2107.60	2180.36	2277.50	2423.66	2574.66	
2861.04	3173.58	3427.50	3619.18	3638.64	3661.84	3664.14	3673.36	3677.88	3674.80	3665.34	3668.54	3678.14	3679.14	3683.48	3688.80	
3688.08	3684.78	3684.88	3698.04	3690.78	3697.52	3697.26	3696.68	3704.68	3714.54	3719.92	3720.00	3719.16	3720.72	3722.14	3718.98	
3723.00	3723.10	3719.74	3716.34	3719.56	3716.72	3719.78	3724.20	3722.64	3727.96	3729.16	3726.42	3730.44	3729.96	3737.84	3734.48	
3736.16	3741.62	3738.26	3731.64	3733.86	3733.24	3731.82	3726.26	3730.90	3733.52	3721.16	3733.94	3734.08	3735.42	3733.72	3735.44	
3725.68	3710.92	3710.02	3709.90	3708.68	3709.64	3725.54	3742.10	3732.08	3728.62	3721.58	3703.42	3724.32	3738.96	3724.54	3723.70	
3726.40	3721.20	3719.92	3725.80	3716.06	3711.68	3709.20	3705.30	3705.40	3709.14	3716.04	3720.18	3716.24	3719.10	3741.62	3699.28	

*******************************************2025/03/30;05:42:03
Probe number 111
Concentration entered by User 2.47% (Compensated: 2.73% at temperature 23.8)
1272.72	1271.06	1298.94	1311.54	1325.14	1341.36	1361.58	1377.56	1398.70	1417.92	1440.76	1468.90	1489.68	1517.62	1545.18	1577.66	
1606.36	1644.58	1678.60	1718.70	1756.78	1800.06	1843.68	1887.88	1938.08	1990.66	2053.90	2121.00	2188.52	2287.78	2412.32	2592.04	
2882.36	3192.14	3444.52	3630.26	3651.60	3670.72	3673.22	3681.88	3685.86	3682.92	3673.46	3676.38	3686.06	3686.26	3690.96	3695.98	
3695.70	3691.90	3692.46	3705.18	3698.16	3704.80	3704.80	3703.94	3712.04	3721.46	3726.72	3726.82	3725.82	3727.02	3728.36	3725.28	
3729.50	3729.40	3726.56	3723.12	3726.04	3722.92	3726.22	3730.14	3728.92	3733.66	3735.48	3733.10	3736.22	3736.04	3743.48	3740.26	
3742.56	3747.48	3744.18	3737.34	3739.86	3739.14	3738.02	3732.42	3737.00	3739.60	3727.48	3739.70	3739.90	3741.52	3739.72	3741.14	
3732.22	3717.74	3717.20	3716.48	3715.28	3716.36	3731.92	3747.44	3738.02	3734.50	3728.32	3709.80	3730.76	3744.56	3730.84	3730.68	
3732.80	3727.72	3726.34	3731.78	3722.64	3718.18	3715.92	3712.22	3712.06	3715.68	3722.38	3726.50	3722.60	3725.76	3747.24	3706.38	

*******************************************2025/03/30;06:02:04
Probe number 112
Concentration entered by User 2.51% (Compensated: 2.76% at temperature 23.7)
1270.88	1269.80	1296.74	1309.86	1323.84	1339.68	1358.96	1376.08	1396.94	1415.60	1437.80	1467.54	1487.74	1515.12	1542.82	1577.04	
1605.76	1643.32	1677.60	1713.88	1756.26	1800.44	1839.90	1883.02	1937.64	1986.84	2051.12	2117.30	2181.22	2293.36	2430.12	2590.48	
2873.88	3182.52	3431.04	3626.76	3648.68	3668.20	3671.40	3680.22	3684.08	3681.60	3672.36	3675.42	3684.32	3685.20	3689.54	3694.56	
3693.46	3690.38	3690.52	3703.02	3695.76	3702.54	3702.48	3701.62	3709.52	3718.54	3724.06	3724.18	3723.38	3724.18	3725.44	3722.66	
3726.70	3726.52	3723.48	3720.42	3722.60	3720.00	3723.38	3727.46	3725.68	3730.96	3732.50	3729.88	3733.66	3733.72	3740.92	3737.48	
3739.52	3744.96	3741.88	3735.06	3737.32	3736.38	3735.34	3729.92	3734.48	3736.58	3724.70	3737.32	3737.32	3738.66	3736.66	3737.96	
3729.48	3714.88	3713.34	3713.16	3712.30	3713.32	3728.78	3744.88	3735.44	3731.58	3725.12	3706.58	3727.60	3741.88	3727.80	3727.26	
3729.78	3724.48	3723.10	3728.68	3719.50	3714.62	3712.28	3708.82	3708.66	3712.58	3718.98	3723.52	3719.22	3722.70	3744.38	3702.88	

*******************************************2025/03/30;06:22:04
Probe number 113
Concentration entered by User 2.51% (Compensated: 2.76% at temperature 23.6)
1272.10	1270.74	1298.06	1311.76	1324.56	1341.26	1360.48	1377.12	1397.86	1416.84	1439.18	1468.18	1489.68	1516.60	1544.52	1577.68	
1606.48	1643.28	1677.18	1717.22	1754.62	1800.90	1843.08	1886.76	1938.74	1991.30	2053.32	2120.62	2192.16	2292.92	2415.40	2592.78	
2866.54	3179.58	3434.60	3625.18	3647.78	3666.68	3670.48	3679.76	3683.20	3680.28	3671.18	3673.96	3683.20	3683.42	3688.36	3693.10	
3692.12	3688.76	3689.16	3702.26	3695.00	3701.62	3701.80	3700.52	3708.60	3717.80	3723.48	3723.66	3722.30	3723.56	3724.90	3721.96	
3726.34	3725.96	3722.94	3719.74	3722.58	3719.94	3722.44	3726.86	3725.62	3730.30	3731.88	3729.22	3733.08	3733.06	3740.30	3737.12	
3739.02	3744.32	3741.18	3734.64	3736.96	3736.18	3735.04	3729.42	3734.08	3736.60	3724.16	3736.66	3736.70	3738.20	3735.96	3737.78	
3728.64	3714.28	3713.20	3712.74	3711.70	3712.56	3728.54	3744.34	3734.82	3731.08	3724.50	3706.04	3727.08	3741.40	3727.28	3726.90	
3729.02	3723.66	3722.64	3728.40	3718.50	3714.32	3711.74	3708.64	3707.90	3712.00	3718.58	3722.54	3718.82	3722.14	3744.20	3702.40	

*******************************************2025/03/30;06:42:03
Probe number 114
Concentration entered by User 2.52% (Compensated: 2.77% at temperature 23.5)
1270.78	1269.60	1297.34	1309.88	1323.64	1339.26	1358.58	1374.36	1395.62	1414.90	1436.88	1465.58	1487.38	1513.92	1542.54	1575.02	
1602.94	1640.02	1675.58	1714.14	1752.72	1795.94	1836.42	1887.66	1933.66	1986.24	2047.76	2109.16	2184.10	2286.04	2414.20	2587.00	
2862.38	3179.08	3429.18	3622.30	3646.46	3666.68	3669.76	3678.52	3682.58	3679.98	3670.72	3674.04	3683.02	3683.66	3688.10	3692.70	
3692.06	3689.02	3690.04	3703.02	3695.32	3702.34	3702.38	3701.44	3709.24	3718.40	3724.18	3724.12	3723.56	3724.26	3725.56	3722.88	
3726.74	3727.08	3723.72	3720.50	3723.58	3720.68	3723.44	3727.86	3726.38	3731.28	3732.98	3730.26	3733.78	3733.60	3740.86	3737.80	
3740.00	3745.14	3742.14	3735.74	3737.90	3737.38	3736.22	3730.42	3735.06	3737.26	3725.24	3737.30	3737.90	3739.02	3737.14	3738.74	
3729.54	3715.48	3714.34	3713.82	3712.56	3713.34	3729.62	3745.54	3735.78	3732.08	3725.32	3707.14	3728.04	3742.00	3728.16	3727.68	
3729.90	3724.88	3723.46	3729.24	3719.88	3715.12	3713.10	3709.26	3709.36	3713.02	3719.40	3723.70	3720.02	3723.62	3744.94	3703.86	

*******************************************2025/03/30;07:00:03
Probe number 115
Concentration entered by User 2.52% (Compensated: 2.80% at temperature 24.1)
1272.46	1270.24	1297.84	1311.00	1324.54	1340.50	1359.86	1376.08	1396.76	1415.52	1438.00	1466.20	1486.62	1511.78	1539.92	1572.74	
1602.10	1638.76	1673.56	1710.64	1746.54	1793.26	1831.26	1877.56	1925.52	1982.98	2041.32	2105.24	2178.26	2277.82	2405.82	2593.76	
2875.88	3172.20	3437.22	3617.44	3633.64	3655.24	3657.30	3667.18	3672.46	3669.38	3660.30	3664.50	3674.12	3675.16	3681.02	3687.32	
3687.38	3683.96	3684.30	3698.44	3691.14	3698.06	3698.60	3697.92	3706.50	3716.52	3722.30	3722.22	3721.74	3722.84	3724.50	3721.68	
3726.18	3726.22	3723.22	3719.92	3722.78	3719.82	3723.36	3727.58	3726.16	3731.14	3732.68	3730.26	3733.62	3733.84	3741.24	3737.72	
3739.76	3744.88	3741.60	3734.82	3736.88	3736.34	3735.30	3729.32	3734.10	3736.82	3725.06	3737.40	3737.88	3739.06	3737.32	3739.26	
3730.12	3715.34	3714.66	3714.10	3713.16	3714.04	3729.78	3745.86	3736.44	3732.52	3725.98	3707.60	3728.72	3743.14	3728.92	3728.70	
3730.66	3725.56	3724.40	3730.22	3720.58	3716.22	3713.44	3710.00	3709.94	3713.50	3720.16	3724.64	3720.60	3723.62	3745.54	3703.84	

*******************************************2025/03/30;07:02:04
Probe number 116
Concentration entered by User 2.53% (Compensated: 2.82% at temperature 24.1)
1273.44	1271.38	1298.82	1311.74	1325.46	1340.60	1360.28	1376.56	1397.04	1416.22	1437.64	1465.80	1487.86	1513.92	1541.80	1573.80	
1602.32	1638.22	1675.40	1712.84	1750.58	1793.30	1831.34	1878.74	1927.10	1982.50	2046.08	2102.64	2168.26	2283.14	2418.98	2582.44	
2872.00	3173.96	3427.66	3613.80	3635.10	3656.32	3659.00	3668.72	3673.62	3671.32	3661.70	3666.00	3675.56	3677.06	3683.06	3688.76	
3689.22	3685.74	3685.88	3699.84	3692.38	3699.94	3700.46	3699.90	3708.10	3717.90	3723.98	3724.26	3723.32	3724.62	3726.32	3723.10	
3727.26	3727.84	3724.62	3722.08	3724.44	3721.82	3724.90	3729.22	3727.80	3732.62	3734.26	3731.90	3735.42	3735.46	3742.80	3739.50	
3741.16	3746.10	3743.10	3736.24	3738.82	3738.02	3736.70	3731.24	3735.54	3738.14	3726.36	3739.24	3739.00	3740.72	3738.88	3740.62	
3731.86	3716.98	3716.74	3716.22	3714.66	3715.36	3731.58	3747.36	3737.62	3734.26	3727.76	3709.64	3730.34	3744.28	3730.40	3729.60	
3732.28	3727.30	3726.38	3731.58	3722.06	3717.82	3715.74	3711.94	3712.06	3715.40	3721.80	3726.10	3722.48	3725.52	3746.90	3705.98	

*******************************************2025/03/30;07:22:04
Probe number 117
Concentration entered by User 2.61% (Compensated: 2.92% at temperature 24.4)
1272.04	1270.56	1298.26	1310.44	1323.58	1339.84	1359.46	1374.96	1395.68	1413.84	1435.80	1464.14	1485.22	1511.54	1538.80	1572.62	
1599.82	1636.10	1670.22	1709.18	1746.24	1790.84	1827.44	1874.68	1923.12	1975.38	2033.04	2103.88	2171.80	2272.24	2402.46	2566.92	
2856.42	3151.78	3404.98	3595.60	3620.94	3642.94	3648.16	3659.68	3665.78	3663.26	3653.76	3658.52	3669.06	3670.54	3676.84	3683.22	
3683.94	3680.30	3681.48	3695.54	3688.18	3696.00	3696.26	3695.88	3705.02	3715.04	3720.74	3720.98	3720.38	3721.86	3723.44	3720.54	
3725.06	3725.42	3722.30	3719.62	3722.30	3719.68	3722.92	3727.20	3725.74	3730.98	3732.58	3730.20	3733.24	3733.54	3740.78	3737.52	
3739.12	3743.94	3741.10	3734.06	3736.24	3735.34	3734.60	3728.68	3733.54	3736.46	3724.42	3737.20	3737.58	3738.84	3736.90	3738.98	
3729.90	3715.30	3714.44	3714.00	3712.94	3714.06	3729.50	3745.50	3735.78	3732.48	3725.42	3707.76	3728.56	3742.74	3728.54	3728.16	
3730.62	3725.66	3724.30	3730.00	3720.34	3715.98	3713.60	3710.02	3709.78	3713.78	3720.06	3724.34	3720.20	3723.42	3745.32	3704.04	

*******************************************2025/03/30;07:42:04
Probe number 118
Concentration entered by User 2.67% (Compensated: 3.00% at temperature 24.7)
1274.96	1273.14	1300.62	1313.76	1326.34	1342.66	1361.62	1377.36	1398.52	1416.68	1438.76	1467.56	1488.48	1514.80	1541.00	1574.60	
1602.66	1638.28	1672.74	1709.32	1745.02	1787.96	1827.94	1874.54	1921.64	1974.54	2033.16	2101.30	2167.38	2271.50	2395.18	2558.42	
2828.24	3144.08	3387.46	3583.60	3617.70	3642.06	3647.86	3658.94	3666.52	3664.58	3655.14	3660.46	3671.50	3672.92	3679.98	3686.98	
3687.54	3683.84	3685.40	3699.26	3692.24	3699.30	3699.54	3699.60	3708.86	3719.12	3724.48	3724.96	3724.56	3725.96	3727.46	3724.46	
3729.00	3728.98	3726.12	3723.46	3726.10	3724.26	3727.20	3731.48	3729.92	3735.04	3736.36	3734.40	3737.26	3737.76	3744.72	3741.70	
3743.30	3747.80	3744.66	3737.90	3740.16	3739.26	3738.72	3732.90	3737.64	3739.98	3728.74	3741.38	3741.34	3743.38	3741.16	3743.42	
3734.14	3719.86	3719.46	3718.74	3717.82	3719.28	3734.08	3749.98	3740.06	3736.68	3730.04	3712.72	3733.10	3746.96	3733.62	3732.44	
3734.84	3730.30	3729.14	3734.62	3725.24	3720.82	3718.20	3715.04	3715.10	3718.76	3724.64	3729.04	3725.10	3728.42	3749.68	3709.16	

*******************************************2025/03/30;08:02:04
Probe number 119
Concentration entered by User 2.66% (Compensated: 3.00% at temperature 24.8)
1274.94	1273.36	1300.16	1313.30	1326.98	1343.02	1362.26	1377.80	1399.14	1417.20	1439.18	1467.10	1488.08	1514.24	1541.70	1574.98	
1601.46	1637.42	1672.28	1710.28	1748.70	1790.36	1827.94	1874.60	1927.02	1973.66	2031.30	2104.30	2173.02	2255.60	2396.76	2565.80	
2836.18	3137.44	3399.24	3580.76	3617.34	3641.10	3646.48	3658.38	3666.66	3664.56	3655.44	3661.50	3672.08	3674.12	3681.12	3687.84	
3688.48	3685.00	3686.38	3700.46	3693.38	3700.80	3701.68	3701.22	3710.24	3720.18	3725.82	3726.58	3725.88	3726.88	3728.62	3725.18	
3729.58	3729.18	3726.86	3724.52	3727.32	3725.02	3728.48	3733.20	3731.28	3736.32	3738.24	3735.94	3739.06	3739.08	3746.72	3742.96	
3745.02	3749.14	3746.42	3739.18	3741.74	3740.74	3740.16	3734.02	3738.96	3741.58	3730.80	3743.06	3743.02	3744.84	3742.64	3744.56	
3735.96	3721.50	3721.20	3720.32	3719.64	3720.40	3735.78	3751.36	3741.42	3738.46	3731.92	3714.52	3734.90	3748.32	3735.52	3734.14	
3736.88	3731.98	3730.88	3736.36	3727.02	3722.68	3720.20	3716.42	3716.64	3720.48	3727.18	3730.98	3727.32	3729.54	3751.36	3710.92	

*******************************************2025/03/30;08:22:04
Probe number 120
Concentration entered by User 2.71% (Compensated: 3.07% at temperature 25.1)
1273.46	1271.94	1299.12	1312.40	1325.48	1341.30	1359.94	1375.82	1396.74	1415.44	1437.36	1465.38	1486.16	1512.12	1539.80	1570.92	
1598.84	1637.00	1670.42	1705.92	1741.74	1784.02	1829.02	1868.40	1914.54	1966.54	2025.50	2093.70	2154.00	2257.28	2373.66	2552.32	
2844.68	3120.14	3385.52	3569.66	3599.00	3624.62	3629.54	3643.14	3651.34	3650.06	3640.02	3646.60	3658.04	3659.22	3667.10	3674.06	
3675.16	3670.98	3673.06	3687.54	3679.70	3687.90	3688.34	3687.82	3697.32	3708.48	3714.18	3715.20	3714.12	3715.36	3717.02	3713.66	
3718.10	3717.32	3715.54	3712.92	3715.92	3713.20	3717.00	3721.78	3720.26	3726.14	3727.78	3725.38	3728.66	3728.64	3736.54	3733.14	
3734.70	3739.42	3736.20	3728.80	3731.40	3730.18	3729.84	3722.96	3728.80	3731.12	3720.12	3732.92	3732.98	3734.92	3732.90	3735.32	
3725.54	3710.00	3710.34	3708.84	3708.20	3709.48	3725.56	3741.98	3731.62	3728.14	3721.44	3703.32	3724.18	3738.58	3725.32	3723.72	
3726.26	3721.28	3720.46	3725.74	3716.48	3712.00	3708.70	3705.10	3705.52	3709.08	3716.32	3720.38	3715.88	3719.30	3741.90	3699.32	

*******************************************2025/03/30;08:42:04
Probe number 121
Concentration entered by User 2.71% (Compensated: 3.07% at temperature 25.1)
1274.16	1272.48	1299.88	1313.24	1326.34	1342.02	1361.96	1377.82	1398.58	1417.66	1439.06	1466.68	1488.20	1513.48	1542.84	1575.52	
1602.74	1637.84	1671.64	1708.92	1743.02	1788.64	1830.26	1874.70	1921.30	1974.96	2029.42	2095.26	2162.46	2264.68	2382.34	2555.48	
2832.38	3129.42	3378.96	3576.14	3606.48	3630.74	3636.20	3648.06	3656.40	3654.58	3645.90	3651.56	3662.38	3664.40	3671.28	3678.38	
3679.22	3674.92	3676.30	3691.06	3683.66	3690.78	3691.32	3690.84	3700.48	3711.22	3716.54	3716.90	3716.34	3717.70	3718.80	3715.58	
3720.38	3719.88	3717.46	3714.82	3717.76	3715.60	3719.28	3723.92	3722.36	3727.64	3729.62	3727.38	3730.64	3731.06	3738.58	3735.14	
3736.88	3741.36	3738.42	3731.16	3733.44	3732.36	3731.52	3725.20	3730.78	3733.24	3721.86	3734.72	3734.98	3736.38	3734.48	3736.98	
3727.40	3712.04	3712.44	3711.50	3710.52	3711.84	3727.30	3743.66	3733.24	3729.78	3723.14	3705.32	3726.02	3740.14	3727.24	3725.10	
3727.94	3723.42	3722.32	3727.74	3718.18	3713.48	3710.84	3707.70	3707.48	3711.10	3718.06	3722.18	3718.26	3721.18	3743.54	3701.64	

*******************************************2025/03/30;09:02:04
Probe number 122
Concentration entered by User 3.17% (Compensated: 3.52% at temperature 25.0)
1257.36	1255.50	1282.46	1294.02	1305.96	1321.24	1339.56	1354.34	1373.42	1390.06	1410.70	1437.58	1455.06	1478.70	1503.70	1535.70	
1561.04	1591.48	1621.62	1654.28	1687.08	1725.84	1760.74	1801.50	1845.82	1889.26	1942.68	2003.08	2063.68	2151.40	2272.42	2454.26	
2728.68	3012.24	3282.76	3474.56	3522.42	3558.50	3570.34	3591.34	3608.66	3611.40	3605.38	3615.14	3630.22	3634.10	3644.64	3655.16	
3658.38	3655.22	3657.88	3676.04	3668.50	3677.46	3678.26	3679.04	3689.20	3702.00	3708.78	3709.12	3709.14	3711.38	3713.66	3709.88	
3715.38	3714.92	3713.50	3711.68	3714.64	3712.94	3716.68	3721.86	3720.30	3726.04	3728.62	3726.22	3729.42	3729.66	3737.68	3733.88	
3734.90	3739.80	3736.48	3728.88	3731.34	3729.78	3729.14	3722.74	3728.68	3731.06	3720.32	3734.08	3734.58	3736.14	3734.94	3737.04	
3727.62	3712.68	3712.84	3712.36	3711.28	3712.00	3727.74	3743.98	3734.16	3730.98	3723.92	3706.22	3727.12	3740.98	3727.74	3725.86	
3729.18	3724.08	3723.30	3728.64	3719.20	3714.40	3711.38	3707.82	3708.00	3712.04	3718.68	3722.30	3718.48	3721.58	3744.52	3702.00	

*******************************************2025/03/30;09:22:04
Probe number 123
Concentration entered by User 2.90% (Compensated: 3.25% at temperature 25.0)
1263.82	1262.36	1289.28	1302.96	1314.94	1330.38	1349.26	1364.90	1386.64	1404.42	1426.16	1455.04	1474.32	1500.14	1527.38	1557.58	
1586.60	1622.38	1655.06	1692.46	1731.04	1774.86	1811.32	1857.78	1905.94	1954.18	2015.96	2072.36	2139.64	2222.80	2348.06	2522.10	
2761.88	3072.10	3324.36	3551.36	3606.50	3631.72	3638.08	3653.10	3662.60	3666.32	3664.98	3669.94	3679.92	3680.64	3681.46	3680.80	
3680.96	3681.86	3688.36	3700.44	3693.46	3700.50	3697.20	3692.98	3702.22	3711.32	3718.64	3720.36	3718.72	3720.82	3722.72	3721.08	
3725.52	3724.96	3722.56	3720.40	3724.00	3721.52	3724.96	3729.86	3727.68	3732.74	3735.04	3732.46	3735.96	3735.46	3743.08	3739.80	
3741.10	3745.48	3742.12	3734.04	3736.76	3735.30	3734.64	3728.68	3734.24	3737.08	3726.52	3739.30	3739.54	3740.78	3739.30	3741.62	
3732.18	3717.72	3716.96	3716.42	3714.50	3715.92	3731.44	3747.62	3737.44	3733.62	3727.12	3708.68	3729.90	3743.94	3731.04	3729.24	
3731.28	3726.86	3725.66	3730.84	3720.96	3716.44	3714.02	3710.84	3711.30	3714.72	3721.10	3725.42	3721.68	3724.58	3746.40	3704.86	

*******************************************2025/03/30;09:42:04
Probe number 124
Concentration entered by User 2.51% (Compensated: 2.87% at temperature 25.2)
1280.82	1278.12	1305.22	1317.72	1329.70	1345.26	1363.62	1378.08	1396.98	1414.40	1435.30	1461.78	1481.30	1505.92	1530.28	1561.34	
1586.28	1620.18	1651.48	1686.72	1719.58	1760.12	1793.36	1832.98	1881.98	1919.04	1974.64	2054.56	2115.56	2215.84	2366.90	2581.88	
2869.80	3208.58	3419.68	3604.06	3626.38	3641.66	3642.22	3654.64	3660.16	3663.52	3662.38	3667.88	3678.90	3680.68	3682.36	3682.68	
3682.82	3685.78	3692.48	3704.26	3698.96	3707.28	3706.32	3703.40	3713.62	3719.64	3726.20	3728.70	3726.88	3727.12	3727.96	3726.64	
3730.82	3729.76	3726.16	3721.98	3725.90	3724.02	3726.96	3731.38	3729.30	3734.68	3735.98	3734.28	3737.72	3737.48	3744.72	3741.56	
3744.46	3748.76	3746.32	3739.94	3742.26	3741.68	3740.40	3734.52	3739.06	3740.72	3730.10	3741.48	3742.18	3742.60	3740.66	3742.76	
3733.32	3718.38	3717.80	3716.74	3715.68	3717.48	3732.80	3748.30	3737.68	3734.44	3727.34	3709.52	3729.90	3743.80	3731.14	3729.44	
3731.56	3727.24	3726.24	3731.06	3721.86	3717.42	3715.00	3711.64	3711.62	3714.86	3721.62	3725.94	3722.12	3724.56	3746.70	3705.48	

*******************************************2025/03/30;10:02:04
Probe number 125
Concentration entered by User 2.61% (Compensated: 2.96% at temperature 25.0)
1293.56	1291.00	1319.56	1332.22	1344.68	1360.78	1378.78	1393.50	1413.44	1431.20	1452.28	1480.24	1499.12	1522.92	1548.32	1579.72	
1602.42	1634.96	1665.50	1703.30	1736.14	1768.72	1804.22	1841.94	1886.58	1923.52	1973.62	2045.10	2100.28	2201.12	2352.42	2548.78	
2846.00	3185.74	3399.06	3571.10	3607.10	3629.06	3632.40	3647.82	3654.60	3659.18	3657.82	3662.96	3674.98	3676.10	3677.70	3679.06	
3679.42	3682.64	3688.80	3700.76	3695.14	3704.10	3703.74	3700.76	3711.24	3716.96	3723.32	3725.90	3725.00	3725.38	3726.40	3724.16	
3728.06	3727.32	3723.62	3719.50	3722.62	3721.50	3724.68	3728.94	3726.88	3732.14	3734.22	3732.36	3734.82	3734.94	3742.58	3740.22	
3742.96	3747.22	3745.44	3739.36	3741.76	3741.00	3739.72	3733.32	3738.10	3739.58	3728.22	3740.02	3740.82	3740.68	3738.88	3740.84	
3731.32	3716.20	3715.74	3714.36	3713.10	3714.46	3730.76	3746.76	3735.74	3731.96	3725.04	3706.82	3727.18	3741.62	3728.06	3726.56	
3729.18	3724.50	3723.18	3728.14	3719.28	3715.04	3712.48	3708.60	3708.92	3712.48	3719.66	3723.36	3718.76	3722.56	3744.68	3702.66	

*******************************************2025/03/30;10:22:04
Probe number 126
Concentration entered by User 2.77% (Compensated: 3.12% at temperature 25.0)
1301.20	1298.58	1327.52	1341.54	1353.96	1369.86	1387.64	1402.88	1423.98	1439.76	1460.02	1489.16	1507.62	1531.42	1557.92	1589.94	
1611.26	1644.68	1676.24	1710.86	1746.30	1780.80	1810.56	1844.54	1888.22	1928.44	1981.14	2051.68	2115.28	2204.34	2346.36	2544.46	
2825.40	3133.78	3358.94	3540.22	3595.60	3618.10	3624.22	3643.40	3653.48	3659.88	3660.44	3664.84	3676.82	3678.40	3679.66	3680.56	
3680.54	3684.00	3689.58	3700.84	3695.74	3704.54	3704.14	3702.42	3712.90	3719.42	3725.82	3728.74	3728.20	3728.74	3730.22	3728.12	
3731.10	3730.88	3727.34	3723.50	3726.68	3725.78	3728.88	3732.72	3730.64	3735.60	3738.16	3736.10	3738.00	3737.82	3745.56	3743.70	
3746.22	3750.42	3748.72	3743.50	3745.78	3745.10	3743.68	3737.62	3742.10	3743.58	3731.92	3743.56	3744.08	3744.42	3742.94	3744.36	
3735.00	3720.04	3719.46	3718.56	3717.32	3718.76	3734.06	3749.74	3739.30	3735.64	3728.30	3709.92	3729.88	3744.88	3732.22	3730.76	
3732.72	3728.34	3726.88	3731.56	3723.38	3719.48	3716.62	3713.10	3713.26	3716.48	3723.26	3727.36	3722.88	3726.76	3748.52	3707.36	

*******************************************2025/03/30;10:42:04
Probe number 127
Concentration entered by User 2.87% (Compensated: 3.22% at temperature 25.1)
1301.22	1298.98	1328.38	1341.92	1353.38	1368.58	1387.20	1401.78	1421.30	1438.62	1459.12	1487.30	1505.20	1529.08	1554.38	1585.54	
1610.34	1644.76	1668.80	1706.50	1738.68	1776.50	1809.18	1842.44	1882.14	1924.98	1976.20	2034.24	2101.20	2199.38	2342.02	2530.90	
2799.44	3101.12	3351.12	3516.08	3577.86	3611.08	3618.42	3640.60	3651.34	3658.36	3660.14	3666.04	3676.78	3677.74	3678.48	3678.16	
3678.00	3679.82	3686.30	3698.58	3692.92	3702.08	3701.74	3700.98	3712.04	3718.42	3725.28	3727.84	3728.22	3729.06	3729.84	3727.90	
3732.18	3731.98	3728.58	3724.32	3727.74	3727.06	3729.50	3732.86	3731.44	3736.54	3738.38	3736.30	3738.86	3739.00	3746.54	3744.78	
3747.06	3750.80	3748.90	3744.18	3746.36	3745.50	3744.50	3738.34	3743.10	3744.48	3732.64	3744.06	3744.80	3744.94	3743.02	3744.72	
3735.88	3721.34	3720.80	3719.76	3718.46	3720.02	3735.12	3749.98	3740.06	3736.26	3729.68	3711.58	3731.26	3745.48	3733.44	3731.96	
3734.32	3729.34	3727.76	3732.94	3724.74	3720.18	3717.20	3714.04	3714.20	3717.90	3724.68	3728.30	3723.48	3727.42	3749.04	3707.96	

*******************************************2025/03/30;11:02:04
Probe number 128
Concentration entered by User 3.07% (Compensated: 3.42% at temperature 25.0)
1303.76	1300.80	1330.20	1343.98	1356.16	1371.74	1389.90	1404.64	1424.10	1440.86	1460.88	1487.68	1506.94	1529.94	1555.14	1585.76	
1610.48	1640.54	1670.30	1704.78	1739.76	1772.76	1804.82	1839.58	1886.60	1923.90	1970.42	2035.46	2102.40	2208.18	2333.26	2516.62	
2780.66	3063.30	3307.92	3473.32	3543.08	3583.76	3597.52	3621.44	3635.94	3646.38	3649.24	3655.76	3667.88	3668.56	3671.22	3671.10	
3669.58	3673.72	3681.16	3694.70	3688.98	3698.48	3698.84	3698.32	3709.94	3716.20	3722.82	3726.00	3725.96	3726.66	3727.92	3726.44	
3730.80	3730.34	3727.08	3722.94	3725.94	3725.42	3727.50	3730.86	3729.58	3734.36	3735.86	3733.88	3737.00	3736.60	3743.84	3741.50	
3744.56	3748.40	3746.72	3742.40	3743.94	3743.10	3741.66	3735.50	3739.72	3741.76	3729.50	3741.08	3741.90	3742.42	3740.36	3742.36	
3733.34	3717.98	3717.88	3716.66	3716.00	3716.72	3732.44	3747.44	3737.16	3733.92	3727.14	3708.70	3728.64	3743.46	3730.50	3729.16	
3731.38	3726.52	3724.84	3729.88	3721.62	3717.38	3714.76	3710.66	3711.56	3715.06	3721.40	3725.42	3720.82	3724.72	3746.84	3705.12	

*******************************************2025/03/30;11:22:04
Probe number 129
Concentration entered by User 3.24% (Compensated: 3.60% at temperature 25.1)
1302.78	1300.38	1329.56	1342.70	1355.68	1371.28	1388.44	1403.08	1422.86	1438.78	1458.74	1486.80	1506.84	1528.92	1554.38	1585.12	
1607.84	1638.86	1671.10	1702.22	1734.14	1766.48	1803.64	1837.12	1873.94	1918.80	1971.54	2022.72	2094.62	2200.90	2330.98	2493.52	
2753.88	3039.06	3263.28	3440.06	3516.02	3562.94	3574.56	3600.20	3616.94	3628.14	3630.28	3638.62	3651.88	3651.72	3655.64	3656.24	
3655.36	3659.52	3667.42	3681.68	3675.80	3685.50	3686.52	3685.34	3697.28	3704.10	3711.12	3714.40	3714.06	3714.90	3716.60	3714.48	
3719.34	3719.40	3715.24	3711.18	3714.58	3713.20	3716.06	3719.74	3718.22	3723.66	3725.26	3722.86	3725.74	3725.86	3734.02	3731.72	
3734.60	3738.12	3736.76	3732.02	3734.14	3732.56	3731.50	3724.32	3729.54	3731.70	3718.44	3730.54	3731.34	3731.76	3729.08	3730.96	
3721.02	3704.78	3704.78	3703.72	3702.70	3704.06	3720.82	3736.90	3726.04	3722.74	3715.74	3696.44	3718.04	3733.34	3719.04	3717.80	
3720.58	3715.28	3713.88	3718.64	3709.80	3704.80	3702.52	3698.72	3698.96	3702.48	3709.18	3713.72	3708.96	3712.84	3735.56	3691.72	

*******************************************2025/03/30;11:42:04
Probe number 130
Concentration entered by User 3.26% (Compensated: 3.62% at temperature 25.1)
1308.42	1306.44	1335.92	1349.84	1361.98	1378.28	1396.22	1410.76	1430.80	1446.54	1466.68	1494.04	1512.40	1536.14	1559.96	1591.18	
1616.44	1648.36	1673.60	1712.06	1741.24	1779.24	1809.26	1843.74	1882.70	1924.52	1964.34	2027.18	2087.92	2213.10	2334.86	2501.20	
2750.84	3044.18	3254.42	3431.74	3521.46	3578.84	3591.08	3617.86	3632.58	3642.62	3644.00	3652.34	3665.28	3666.68	3671.12	3672.10	
3670.82	3675.40	3683.48	3696.98	3691.74	3700.74	3701.98	3701.24	3712.18	3718.68	3724.86	3727.94	3727.96	3728.44	3729.58	3728.28	
3732.28	3731.82	3728.04	3723.96	3726.92	3725.64	3727.94	3732.00	3730.52	3735.72	3736.92	3734.94	3737.80	3737.56	3745.80	3743.42	
3745.88	3749.18	3747.68	3743.68	3745.44	3743.88	3742.84	3736.08	3741.06	3743.10	3730.48	3741.64	3742.38	3742.74	3740.66	3742.44	
3732.94	3718.22	3718.08	3716.60	3715.64	3717.08	3732.96	3748.30	3738.14	3734.80	3728.08	3710.08	3730.44	3744.52	3731.84	3729.94	
3732.12	3727.94	3726.44	3730.86	3722.16	3717.54	3715.04	3711.70	3711.84	3715.30	3722.56	3726.44	3722.10	3724.88	3746.66	3705.28	

*******************************************2025/03/30;12:02:04
Probe number 131
Concentration entered by User 3.40% (Compensated: 3.75% at temperature 25.1)
1308.24	1306.38	1336.02	1348.80	1360.76	1375.60	1394.42	1410.32	1429.64	1444.84	1465.30	1492.98	1512.00	1534.40	1560.16	1590.04	
1612.50	1643.26	1670.18	1707.04	1734.02	1774.32	1802.58	1834.58	1869.92	1913.02	1961.64	2015.42	2087.58	2181.72	2329.60	2473.10	
2716.68	3013.90	3235.34	3395.80	3504.10	3563.50	3578.16	3602.54	3616.36	3627.74	3627.82	3634.76	3648.42	3651.54	3656.12	3657.22	
3657.50	3661.66	3670.10	3683.46	3678.56	3688.24	3689.38	3688.26	3699.82	3706.44	3712.86	3716.20	3715.52	3716.40	3717.36	3715.04	
3719.64	3719.22	3715.40	3711.14	3714.14	3712.50	3715.24	3719.54	3718.12	3723.58	3724.52	3722.28	3725.66	3725.56	3734.06	3731.68	
3734.66	3737.78	3736.58	3732.28	3734.16	3732.26	3730.84	3724.24	3729.54	3731.94	3718.48	3730.24	3730.68	3731.24	3729.52	3730.94	
3720.66	3705.20	3705.04	3703.24	3702.20	3704.32	3720.72	3737.22	3726.18	3722.16	3714.98	3696.14	3718.32	3733.36	3719.34	3717.38	
3720.02	3715.16	3713.96	3718.80	3709.00	3704.06	3701.70	3697.68	3697.70	3701.52	3708.58	3713.40	3709.00	3711.74	3735.18	3691.08	

*******************************************2025/03/30;12:22:04
Probe number 132
Concentration entered by User 3.36% (Compensated: 3.73% at temperature 25.3)
1311.76	1309.86	1340.02	1353.76	1364.96	1381.68	1400.02	1414.30	1434.46	1450.64	1472.40	1496.98	1516.66	1539.04	1564.84	1595.30	
1616.84	1650.54	1677.70	1714.38	1744.84	1775.92	1811.16	1842.58	1884.30	1916.62	1964.22	2026.16	2081.64	2194.38	2323.08	2479.70	
2710.70	3001.42	3238.54	3408.84	3514.32	3581.10	3598.26	3621.50	3633.26	3642.90	3644.02	3651.50	3664.20	3668.24	3672.38	3674.08	
3674.84	3678.36	3685.68	3699.00	3694.44	3703.18	3704.24	3702.94	3713.90	3719.54	3725.66	3728.38	3728.10	3729.38	3729.76	3727.30	
3731.38	3731.50	3727.76	3723.44	3726.60	3725.06	3727.34	3731.38	3729.78	3735.16	3735.82	3733.68	3737.54	3736.92	3745.34	3743.04	
3745.40	3748.42	3747.08	3743.54	3745.32	3743.52	3742.50	3735.88	3740.74	3742.96	3730.66	3741.56	3742.14	3742.70	3741.00	3742.22	
3733.30	3717.76	3718.28	3716.20	3715.20	3717.10	3732.62	3748.56	3737.78	3734.16	3727.86	3709.82	3730.56	3744.94	3732.26	3730.04	
3732.40	3727.72	3726.20	3730.58	3721.78	3717.20	3714.54	3711.06	3711.12	3714.66	3721.60	3725.72	3721.90	3724.26	3746.38	3704.72	

*******************************************2025/03/30;12:42:04
Probe number 133
Concentration entered by User 3.49% (Compensated: 3.87% at temperature 25.3)
1311.46	1309.28	1338.60	1351.88	1364.14	1379.80	1398.90	1413.70	1433.14	1447.64	1468.32	1496.10	1513.48	1537.94	1560.14	1590.64	
1614.24	1646.50	1676.78	1708.66	1739.24	1775.86	1802.64	1834.32	1875.72	1919.12	1967.74	2012.78	2069.26	2161.34	2303.76	2472.08	
2709.62	2969.78	3197.82	3388.54	3504.28	3568.42	3586.14	3611.46	3623.48	3631.62	3633.16	3642.22	3654.50	3658.34	3663.04	3665.86	
3666.54	3671.12	3678.92	3690.74	3686.36	3696.38	3696.56	3695.40	3705.36	3711.52	3717.40	3721.06	3720.14	3721.46	3721.64	3719.26	
3723.50	3723.74	3719.84	3714.70	3718.90	3716.82	3719.34	3723.48	3721.90	3727.12	3728.44	3725.64	3729.94	3729.54	3738.22	3735.48	
3737.84	3741.18	3739.56	3735.76	3737.82	3736.00	3734.64	3727.80	3732.74	3735.30	3722.14	3733.82	3734.22	3734.78	3733.36	3734.54	
3724.78	3709.34	3708.98	3707.30	3706.52	3708.26	3724.06	3740.84	3730.06	3725.74	3719.14	3700.78	3722.26	3737.22	3723.84	3721.96	
3724.00	3719.10	3717.40	3721.98	3712.66	3708.18	3705.20	3702.04	3701.78	3705.80	3712.30	3716.88	3712.72	3715.18	3738.64	3695.66	

*******************************************2025/03/30;13:02:04
Probe number 134
Concentration entered by User 3.57% (Compensated: 3.97% at temperature 25.6)
1312.86	1310.88	1340.58	1354.96	1366.02	1381.52	1400.88	1414.78	1433.56	1450.18	1470.64	1497.46	1516.92	1542.60	1564.30	1592.16	
1618.14	1649.32	1676.78	1714.48	1745.08	1782.44	1810.04	1842.96	1869.16	1910.18	1964.62	2018.30	2078.82	2170.94	2308.44	2455.12	
2692.10	2952.04	3169.52	3376.56	3500.30	3571.84	3591.66	3611.26	3622.64	3631.14	3631.76	3641.82	3656.00	3659.02	3664.56	3667.02	
3667.74	3671.22	3679.14	3692.36	3688.34	3697.86	3698.04	3696.60	3706.70	3712.38	3718.86	3722.06	3721.50	3722.70	3722.46	3719.64	
3724.46	3724.32	3720.74	3716.40	3719.80	3717.10	3720.54	3724.42	3722.52	3727.78	3728.90	3726.32	3730.40	3730.34	3738.66	3736.20	
3738.08	3741.38	3740.40	3736.34	3738.12	3736.66	3735.40	3727.94	3733.38	3735.76	3723.02	3734.26	3735.06	3735.48	3733.94	3734.98	
3725.12	3709.84	3709.84	3707.34	3707.48	3709.00	3725.04	3741.36	3730.50	3726.58	3719.32	3701.52	3722.64	3737.48	3724.28	3722.50	
3724.44	3720.30	3718.04	3723.00	3713.46	3709.36	3706.04	3702.58	3702.74	3706.40	3713.24	3717.58	3713.66	3715.90	3739.46	3696.40	

*******************************************2025/03/30;13:22:04
Probe number 135
Concentration entered by User 3.63% (Compensated: 4.05% at temperature 25.9)
1314.62	1313.32	1343.60	1357.12	1369.64	1385.58	1403.54	1417.20	1436.80	1453.60	1475.24	1503.38	1520.54	1544.24	1566.90	1595.12	
1620.68	1651.96	1681.00	1718.00	1747.38	1787.54	1812.28	1841.60	1883.34	1924.86	1966.18	2018.08	2084.58	2165.38	2322.58	2454.08	
2648.68	2922.12	3160.68	3358.82	3494.94	3573.74	3594.36	3613.08	3624.52	3633.50	3634.30	3644.78	3658.62	3662.06	3668.52	3671.48	
3672.10	3676.04	3683.64	3696.98	3693.08	3701.76	3702.40	3700.64	3710.38	3715.72	3722.50	3725.44	3724.32	3725.70	3725.82	3723.08	
3727.94	3727.46	3723.80	3719.54	3722.96	3720.76	3723.42	3727.04	3725.48	3730.66	3731.24	3729.04	3732.82	3733.04	3741.52	3738.66	
3740.82	3744.20	3742.80	3738.80	3740.54	3739.08	3737.72	3731.16	3735.78	3738.00	3725.48	3737.04	3737.86	3737.78	3736.50	3737.62	
3727.72	3712.82	3712.66	3710.54	3710.00	3711.20	3727.54	3743.68	3733.16	3728.90	3722.22	3703.98	3725.74	3739.90	3727.02	3725.28	
3727.10	3722.64	3721.42	3726.30	3716.44	3711.98	3708.90	3705.86	3705.32	3709.56	3715.82	3719.98	3716.28	3718.46	3741.84	3699.60	

*******************************************2025/03/30;13:42:04
Probe number 136
Concentration entered by User 3.70% (Compensated: 4.10% at temperature 25.6)
1319.36	1316.68	1347.06	1360.34	1372.88	1388.60	1407.80	1422.60	1441.96	1458.36	1480.42	1506.14	1526.50	1551.88	1572.84	1601.54	
1629.52	1658.48	1686.44	1717.60	1749.24	1789.58	1825.24	1861.56	1896.96	1942.34	1975.72	2036.40	2090.56	2185.86	2309.22	2442.48	
2624.96	2905.32	3150.72	3338.60	3485.96	3571.74	3592.80	3609.60	3620.62	3627.38	3630.08	3640.42	3654.20	3657.98	3663.32	3667.24	
3668.76	3673.08	3681.06	3694.70	3691.16	3700.06	3700.18	3697.90	3707.88	3713.56	3720.34	3723.22	3722.78	3723.50	3723.38	3721.02	
3725.16	3724.68	3720.94	3716.72	3719.82	3717.62	3720.34	3724.30	3722.10	3727.56	3728.68	3726.24	3730.26	3730.32	3738.98	3736.04	
3737.96	3741.24	3740.70	3736.30	3737.96	3736.68	3735.12	3728.24	3733.08	3735.34	3722.46	3734.04	3734.64	3735.20	3733.94	3734.68	
3725.30	3709.74	3709.76	3707.70	3706.64	3708.20	3724.22	3740.86	3730.10	3726.18	3719.12	3700.84	3722.48	3737.44	3724.04	3721.74	
3724.00	3719.66	3717.88	3723.02	3713.26	3708.76	3706.04	3702.64	3702.08	3705.76	3712.60	3717.04	3712.92	3715.30	3739.02	3696.10	

*******************************************2025/03/30;14:02:04
Probe number 137
Concentration entered by User 3.57% (Compensated: 3.97% at temperature 25.6)
1321.20	1319.98	1350.54	1364.14	1377.00	1392.62	1411.64	1424.76	1445.32	1461.60	1482.38	1510.76	1527.40	1550.80	1575.60	1609.18	
1636.60	1665.38	1690.78	1730.12	1763.12	1808.20	1832.20	1871.84	1910.36	1945.94	2003.48	2060.10	2126.06	2203.44	2314.86	2446.48	
2632.62	2900.80	3165.14	3381.24	3512.50	3585.94	3606.54	3622.58	3631.58	3639.76	3640.74	3649.60	3663.36	3666.40	3671.04	3675.38	
3677.56	3682.20	3689.28	3702.70	3699.36	3708.38	3708.30	3706.64	3715.84	3721.30	3727.56	3730.30	3729.40	3730.18	3729.82	3727.44	
3731.36	3730.92	3727.56	3722.58	3726.20	3724.28	3726.68	3730.00	3728.16	3733.54	3734.30	3732.06	3736.04	3736.50	3744.50	3741.64	
3743.42	3747.16	3745.98	3741.92	3743.54	3741.96	3741.00	3733.92	3739.08	3740.88	3728.22	3739.70	3740.14	3740.62	3739.18	3740.26	
3730.52	3715.98	3715.50	3713.32	3713.22	3714.24	3730.26	3746.14	3735.58	3731.76	3725.02	3707.40	3728.80	3742.98	3729.84	3728.08	
3730.16	3726.42	3724.42	3729.10	3719.66	3715.64	3712.58	3709.30	3708.66	3712.68	3718.98	3723.42	3719.62	3721.56	3744.76	3703.14	

*******************************************2025/03/30;14:22:04
Probe number 138
Concentration entered by User 3.63% (Compensated: 4.03% at temperature 25.7)
1322.32	1319.66	1351.66	1365.72	1376.88	1393.48	1412.76	1427.92	1447.06	1462.54	1483.56	1512.24	1531.48	1556.40	1580.40	1609.02	
1633.90	1666.46	1695.48	1733.80	1766.76	1808.42	1843.98	1882.24	1920.90	1956.48	2021.30	2084.16	2145.98	2234.28	2320.88	2457.46	
2642.22	2880.14	3158.30	3371.62	3495.86	3581.56	3602.44	3620.76	3630.48	3637.96	3638.82	3647.26	3660.02	3663.22	3669.36	3673.00	
3674.98	3679.48	3686.98	3700.64	3696.74	3704.92	3705.36	3702.80	3712.88	3717.98	3724.56	3726.46	3725.90	3726.64	3726.24	3723.78	
3727.84	3727.38	3723.76	3718.90	3722.56	3720.82	3722.92	3726.32	3724.64	3729.72	3730.76	3728.46	3732.50	3732.88	3741.16	3737.92	
3739.76	3743.68	3742.20	3737.92	3739.84	3738.30	3737.10	3730.30	3735.66	3737.46	3724.56	3735.74	3736.50	3737.12	3735.82	3736.70	
3726.94	3711.74	3711.74	3709.16	3708.48	3709.90	3726.60	3742.52	3732.32	3727.72	3721.26	3703.28	3725.02	3739.38	3725.98	3724.58	
3726.50	3722.16	3720.90	3725.36	3715.40	3711.16	3708.76	3705.42	3704.42	3708.48	3715.24	3719.56	3715.24	3717.18	3741.24	3698.92	

*******************************************2025/03/30;14:42:04
Probe number 139
Concentration entered by User 2.26% (Compensated: 2.67% at temperature 25.9)
1314.42	1312.70	1343.78	1357.78	1369.74	1385.94	1405.08	1420.90	1441.02	1458.64	1478.82	1506.36	1527.56	1553.42	1580.86	1612.66	
1638.78	1672.18	1705.64	1738.36	1774.72	1813.86	1858.18	1902.02	1947.24	1995.98	2065.40	2139.86	2227.96	2324.22	2446.04	2648.76	
2936.42	3277.36	3498.14	3638.58	3671.72	3677.40	3673.84	3680.48	3683.60	3687.56	3686.68	3689.92	3697.82	3698.30	3700.26	3697.46	
3696.08	3699.12	3705.58	3716.44	3707.76	3712.24	3711.56	3710.60	3719.72	3722.76	3726.68	3728.40	3727.24	3727.00	3725.86	3722.10	
3726.96	3727.16	3724.00	3719.06	3721.88	3719.44	3721.62	3726.18	3723.48	3728.60	3729.90	3727.30	3731.36	3730.24	3738.12	3736.14	
3738.16	3741.68	3739.86	3734.88	3737.30	3735.74	3734.66	3727.42	3733.10	3735.02	3721.54	3733.14	3734.52	3734.92	3733.12	3734.36	
3724.32	3709.30	3709.12	3707.42	3706.32	3707.92	3723.38	3739.80	3729.06	3725.74	3718.60	3699.84	3720.96	3736.26	3722.12	3721.14	
3722.30	3718.48	3717.08	3722.60	3712.86	3707.92	3704.68	3701.38	3701.54	3705.84	3711.86	3715.54	3711.68	3714.50	3738.62	3695.36	

*******************************************2025/03/30;15:02:04
Probe number 140
Concentration entered by User 2.29% (Compensated: 2.71% at temperature 26.0)
1317.00	1314.72	1346.26	1360.14	1373.38	1388.64	1406.78	1421.92	1442.56	1458.62	1478.92	1506.34	1525.64	1553.80	1582.62	1614.38	
1642.30	1678.22	1704.26	1739.36	1776.88	1820.16	1847.08	1892.18	1938.80	1975.34	2046.34	2115.44	2190.56	2303.94	2468.14	2653.38	
2954.74	3257.06	3490.28	3623.24	3651.40	3669.90	3667.86	3675.56	3677.98	3681.72	3682.30	3687.74	3696.90	3697.52	3699.84	3697.96	
3696.02	3698.76	3705.22	3716.52	3709.46	3713.54	3712.22	3710.80	3720.12	3723.36	3726.82	3728.58	3727.90	3727.92	3726.36	3722.78	
3727.30	3727.84	3724.32	3719.54	3722.44	3720.66	3722.66	3726.46	3724.20	3729.00	3730.24	3727.62	3731.12	3731.38	3739.24	3736.70	
3738.04	3741.72	3740.48	3735.82	3737.72	3736.22	3734.80	3727.88	3733.50	3735.66	3722.42	3733.64	3735.08	3735.50	3734.32	3735.32	
3725.18	3710.20	3709.80	3707.76	3707.54	3708.18	3724.90	3740.58	3729.96	3725.92	3719.42	3701.04	3722.34	3737.24	3722.72	3722.32	
3724.02	3719.78	3718.08	3723.28	3713.34	3709.10	3706.30	3703.14	3703.26	3707.70	3713.06	3717.78	3713.20	3716.02	3739.66	3696.96	

*******************************************2025/03/30;15:22:04
Probe number 141
Concentration entered by User 2.33% (Compensated: 2.76% at temperature 26.1)
1320.84	1318.28	1349.42	1364.22	1376.44	1393.64	1411.26	1425.04	1445.76	1462.54	1483.74	1510.62	1530.48	1557.36	1582.96	1617.90	
1645.00	1677.98	1707.82	1742.66	1773.14	1812.70	1851.08	1889.74	1933.42	1977.66	2053.20	2110.12	2191.88	2308.32	2466.20	2665.56	
2958.06	3246.26	3476.08	3611.56	3647.86	3669.24	3670.04	3678.16	3682.32	3687.02	3686.92	3692.08	3700.96	3701.46	3703.42	3702.58	
3700.64	3703.16	3709.22	3720.36	3713.66	3717.86	3716.60	3715.44	3723.98	3727.42	3731.34	3733.04	3731.90	3731.50	3730.22	3727.06	
3731.66	3731.54	3728.20	3723.36	3726.36	3724.42	3727.24	3731.00	3728.14	3732.48	3733.82	3731.26	3735.18	3735.44	3743.14	3739.90	
3741.56	3745.40	3744.18	3739.64	3741.38	3740.06	3738.52	3732.24	3737.52	3739.58	3726.76	3738.16	3739.46	3739.58	3738.68	3739.34	
3729.36	3715.02	3714.60	3712.32	3712.52	3712.88	3729.18	3743.90	3733.82	3730.58	3724.52	3705.70	3726.66	3741.28	3727.54	3726.74	
3728.38	3724.48	3722.66	3727.72	3717.90	3713.84	3710.46	3708.30	3708.16	3712.30	3718.24	3722.54	3718.12	3720.62	3743.74	3701.64	

*******************************************2025/03/30;15:42:04
Probe number 142
Concentration entered by User 1.65% (Compensated: 2.09% at temperature 26.1)
1305.74	1304.48	1334.06	1347.96	1360.58	1377.30	1396.22	1411.42	1431.90	1449.64	1471.56	1500.92	1524.00	1552.48	1582.42	1614.74	
1641.74	1678.34	1710.64	1750.50	1791.26	1836.70	1882.18	1926.24	1981.68	2041.70	2107.74	2204.82	2311.30	2450.64	2639.08	2843.24	
3134.40	3426.74	3600.02	3664.34	3666.46	3682.24	3678.96	3686.22	3690.54	3695.38	3694.28	3696.74	3704.02	3704.72	3707.06	3704.98	
3703.02	3706.02	3712.50	3721.42	3712.42	3716.60	3716.50	3716.04	3724.94	3727.42	3730.94	3732.08	3731.16	3731.08	3729.64	3726.50	
3730.72	3730.90	3728.80	3724.66	3727.16	3724.18	3726.62	3731.06	3728.64	3733.38	3735.16	3732.82	3735.36	3734.66	3742.66	3740.50	
3742.84	3746.68	3744.96	3739.94	3741.62	3740.34	3738.80	3733.12	3738.32	3739.96	3726.38	3737.86	3739.12	3739.54	3737.88	3738.62	
3728.66	3714.04	3713.74	3712.24	3711.88	3712.32	3728.22	3744.12	3734.30	3731.06	3724.34	3705.38	3725.88	3740.76	3727.62	3726.94	
3727.58	3722.78	3721.30	3727.40	3718.24	3713.98	3710.58	3706.90	3707.12	3710.94	3717.64	3721.88	3717.48	3720.24	3743.36	3701.88	

*******************************************2025/03/30;16:02:04
Probe number 143
Concentration entered by User 2.21% (Compensated: 2.65% at temperature 26.2)
1314.08	1312.26	1343.00	1357.26	1369.44	1385.32	1406.22	1422.24	1440.86	1457.42	1480.02	1509.34	1531.92	1559.86	1587.20	1621.28	
1652.36	1685.06	1716.76	1756.84	1795.04	1838.36	1880.46	1926.34	1977.94	2031.94	2099.66	2180.70	2271.80	2400.54	2568.54	2747.68	
3011.26	3294.98	3483.00	3597.50	3636.02	3662.58	3665.52	3676.32	3682.46	3689.10	3687.84	3692.86	3700.66	3701.98	3704.22	3702.66	
3701.12	3703.70	3710.04	3719.66	3711.56	3716.08	3715.32	3714.28	3723.74	3727.10	3730.48	3732.04	3731.10	3730.84	3729.50	3726.08	
3730.84	3731.62	3728.98	3724.62	3727.00	3724.82	3727.02	3730.76	3728.44	3733.48	3734.92	3732.44	3735.50	3735.28	3743.06	3740.80	
3743.12	3746.60	3744.96	3740.10	3742.00	3741.04	3739.56	3732.98	3738.08	3740.02	3726.84	3738.40	3739.58	3739.60	3738.10	3739.02	
3729.30	3715.02	3714.00	3712.72	3712.48	3713.12	3729.16	3744.64	3734.64	3730.92	3724.12	3705.36	3726.50	3740.82	3727.58	3727.56	
3727.90	3723.40	3722.16	3727.28	3718.08	3714.06	3710.94	3707.78	3707.64	3711.88	3718.50	3722.54	3718.32	3720.76	3743.74	3702.10	

*******************************************2025/03/30;16:22:04
Probe number 144
Concentration entered by User 2.46% (Compensated: 2.91% at temperature 26.3)
1320.62	1318.48	1349.22	1361.76	1375.26	1392.44	1412.72	1427.34	1447.48	1463.70	1485.66	1514.68	1535.62	1564.16	1592.74	1628.92	
1657.46	1691.10	1721.52	1761.08	1802.14	1847.26	1884.00	1931.58	1984.10	2032.12	2095.42	2183.78	2272.62	2404.18	2562.94	2746.62	
2975.38	3223.86	3424.06	3562.82	3618.54	3653.56	3657.60	3668.18	3674.68	3681.96	3681.24	3686.30	3695.44	3696.66	3699.22	3698.30	
3697.28	3699.80	3706.64	3717.08	3708.96	3713.56	3712.42	3711.92	3721.28	3724.58	3728.54	3730.18	3729.34	3728.86	3727.46	3724.44	
3729.00	3729.70	3727.34	3722.42	3725.22	3722.66	3724.74	3728.54	3725.90	3731.26	3732.58	3730.30	3733.42	3733.44	3741.36	3738.72	
3740.76	3744.80	3742.90	3737.82	3740.08	3738.98	3737.30	3730.98	3736.00	3738.00	3724.68	3736.74	3737.48	3737.78	3736.36	3736.92	
3727.34	3712.46	3712.04	3710.26	3710.24	3710.38	3726.86	3742.38	3732.26	3728.60	3721.96	3703.68	3724.10	3738.94	3724.82	3725.34	
3726.24	3721.30	3720.10	3725.36	3715.94	3711.98	3708.94	3705.64	3705.46	3709.26	3716.20	3720.34	3715.84	3718.64	3741.16	3699.92	

*******************************************2025/03/30;16:42:04
Probe number 145
Concentration entered by User 2.13% (Compensated: 2.59% at temperature 26.5)
1314.32	1313.48	1343.26	1355.98	1368.50	1385.38	1403.92	1417.66	1437.16	1453.70	1474.18	1503.80	1523.08	1550.36	1576.68	1608.42	
1634.22	1665.10	1698.00	1736.24	1770.26	1812.88	1849.64	1885.38	1938.58	1983.24	2040.34	2125.22	2228.28	2353.18	2514.70	2730.08	
3047.16	3319.36	3489.34	3594.72	3637.96	3663.70	3658.36	3667.40	3677.48	3683.22	3685.44	3692.72	3699.94	3700.32	3702.06	3699.26	
3696.90	3701.22	3709.52	3720.44	3712.22	3715.16	3713.36	3712.22	3722.96	3726.90	3731.66	3734.04	3732.70	3732.56	3731.74	3727.96	
3731.94	3732.28	3730.82	3726.90	3728.80	3725.82	3727.90	3731.80	3729.14	3733.30	3735.44	3733.34	3736.70	3736.48	3743.90	3741.58	
3743.90	3747.58	3745.98	3741.08	3743.26	3741.84	3740.56	3734.78	3739.72	3741.62	3728.22	3739.76	3741.04	3741.66	3740.30	3741.04	
3731.76	3717.72	3716.60	3714.18	3714.50	3715.40	3731.46	3746.02	3735.78	3731.68	3725.18	3707.54	3728.12	3742.58	3728.20	3728.84	
3729.42	3725.02	3723.84	3728.94	3719.44	3715.38	3712.58	3709.30	3708.54	3712.14	3719.00	3723.04	3719.22	3720.84	3744.00	3702.96	

*******************************************2025/03/30;17:02:04
Probe number 146
Concentration entered by User 2.26% (Compensated: 2.72% at temperature 26.6)
1321.94	1320.32	1351.92	1364.88	1376.44	1393.28	1411.92	1425.64	1447.72	1463.98	1486.26	1514.94	1534.86	1561.20	1588.26	1620.66	
1650.92	1687.00	1714.30	1749.12	1787.60	1831.24	1868.92	1906.22	1957.48	1999.42	2056.10	2127.52	2229.50	2354.50	2514.90	2752.18	
3031.18	3280.78	3458.14	3580.84	3626.12	3657.66	3654.66	3664.12	3673.52	3680.18	3682.64	3689.28	3696.98	3696.84	3699.64	3697.82	
3696.80	3700.68	3708.30	3719.46	3711.22	3715.36	3713.82	3712.84	3723.10	3727.42	3732.06	3734.22	3732.76	3732.92	3731.22	3728.34	
3732.50	3733.12	3731.34	3727.08	3728.58	3725.46	3727.88	3732.18	3729.10	3734.22	3735.58	3733.22	3736.60	3736.38	3743.86	3741.52	
3743.86	3747.62	3746.00	3741.04	3743.46	3741.98	3740.50	3734.72	3739.98	3742.08	3728.58	3740.50	3741.00	3741.48	3740.36	3740.78	
3732.04	3717.98	3716.86	3715.00	3714.68	3715.26	3731.70	3746.34	3736.20	3732.58	3725.60	3707.96	3728.72	3743.12	3728.88	3729.26	
3730.38	3726.00	3724.60	3729.86	3720.12	3716.58	3713.38	3710.48	3710.00	3713.64	3719.88	3724.38	3719.76	3722.38	3745.06	3704.16	

*******************************************2025/03/30;17:22:04
Probe number 147
Concentration entered by User 2.25% (Compensated: 2.74% at temperature 26.8)
1324.36	1321.84	1353.54	1367.80	1380.46	1397.28	1416.18	1430.84	1451.38	1467.80	1490.02	1518.54	1538.68	1566.24	1594.34	1628.82	
1659.28	1693.66	1725.76	1758.04	1795.02	1836.38	1868.02	1912.38	1962.36	2000.88	2077.96	2153.28	2238.48	2352.04	2527.82	2749.80	
3020.06	3283.20	3466.78	3576.14	3624.72	3657.80	3654.98	3664.36	3672.48	3679.46	3681.84	3688.04	3695.90	3696.46	3698.72	3697.04	
3696.10	3700.60	3708.34	3718.74	3711.22	3715.24	3713.74	3712.84	3722.92	3727.02	3731.82	3733.74	3732.62	3732.54	3731.22	3727.80	
3732.20	3733.02	3730.64	3726.38	3728.28	3725.00	3727.16	3731.34	3729.10	3733.86	3735.24	3732.74	3735.68	3735.86	3743.20	3740.72	
3743.40	3747.24	3745.34	3740.44	3742.86	3741.44	3740.10	3734.64	3739.22	3741.60	3728.08	3739.66	3740.22	3741.18	3740.26	3740.44	
3731.36	3716.90	3715.78	3714.60	3713.68	3714.88	3731.20	3745.54	3735.72	3731.96	3724.96	3707.22	3728.24	3742.78	3728.36	3728.92	
3729.72	3725.32	3724.10	3729.52	3720.02	3715.96	3713.36	3709.68	3709.48	3713.24	3719.34	3723.82	3719.54	3721.98	3744.40	3703.76	

*******************************************2025/03/30;17:42:04
Probe number 148
Concentration entered by User 2.22% (Compensated: 2.72% at temperature 26.9)
1320.34	1317.46	1349.16	1362.60	1375.48	1392.38	1411.78	1425.96	1446.20	1462.96	1485.44	1515.16	1536.64	1566.12	1594.74	1626.56	
1655.50	1693.28	1725.86	1762.82	1798.58	1851.92	1886.44	1928.60	1987.98	2033.52	2089.44	2171.88	2262.12	2397.98	2546.10	2735.32	
3003.52	3291.50	3486.12	3596.60	3623.48	3651.92	3656.76	3669.48	3675.70	3681.58	3681.50	3686.28	3695.00	3696.38	3699.68	3698.78	
3698.90	3702.38	3708.96	3718.58	3709.88	3713.76	3714.32	3714.52	3724.98	3727.48	3730.64	3731.80	3731.08	3731.12	3730.00	3727.10	
3732.10	3732.16	3729.22	3724.92	3727.16	3723.52	3726.10	3730.54	3728.52	3733.14	3734.44	3732.46	3735.00	3734.86	3742.56	3740.40	
3742.76	3746.58	3744.52	3739.20	3741.88	3740.62	3739.30	3733.28	3738.14	3740.26	3726.72	3739.06	3739.60	3740.36	3738.74	3739.06	
3730.16	3715.68	3714.98	3713.68	3712.80	3713.62	3730.00	3744.84	3734.84	3730.82	3724.02	3706.06	3726.74	3741.58	3726.96	3727.82	
3728.60	3723.68	3723.20	3728.60	3719.04	3714.98	3711.70	3707.98	3708.32	3712.52	3718.42	3722.36	3718.38	3721.02	3743.72	3702.96	

*******************************************2025/03/30;18:02:04
Probe number 149
Concentration entered by User 2.54% (Compensated: 3.03% at temperature 26.9)
1324.24	1322.22	1353.28	1367.80	1379.92	1396.84	1415.78	1430.38	1452.86	1468.86	1488.70	1520.54	1542.84	1572.50	1600.72	1631.32	
1660.50	1697.62	1730.72	1771.82	1808.14	1841.32	1886.42	1929.96	1983.34	2036.12	2106.64	2184.06	2260.52	2387.88	2527.78	2702.68	
2950.72	3194.28	3420.98	3552.84	3605.78	3640.54	3646.90	3659.88	3668.18	3674.70	3675.66	3681.66	3691.80	3693.52	3697.76	3696.36	
3696.90	3700.78	3707.96	3718.74	3709.68	3714.70	3714.98	3714.56	3725.04	3727.86	3731.34	3732.74	3731.70	3731.90	3730.72	3727.60	
3732.28	3732.26	3729.60	3725.40	3727.34	3723.90	3726.56	3730.68	3728.54	3733.56	3734.64	3732.52	3735.64	3735.04	3742.54	3740.06	
3742.60	3746.56	3744.58	3739.60	3742.28	3740.64	3739.44	3733.14	3737.96	3740.58	3726.68	3739.08	3739.50	3740.66	3739.26	3739.66	
3730.52	3716.32	3715.34	3714.00	3712.72	3714.52	3730.64	3745.28	3735.42	3731.46	3724.14	3706.56	3727.14	3742.30	3727.54	3728.14	
3729.24	3724.54	3723.40	3728.58	3719.42	3715.56	3712.26	3708.62	3708.76	3712.90	3719.10	3722.90	3718.38	3721.74	3744.06	3703.28	

*******************************************2025/03/30;18:22:04
Probe number 150
Concentration entered by User 2.22% (Compensated: 2.72% at temperature 27.0)
1325.14	1322.78	1353.98	1368.32	1381.12	1398.30	1417.58	1433.00	1451.48	1470.28	1492.68	1519.56	1541.34	1571.66	1599.42	1630.76	
1659.94	1698.54	1729.68	1762.42	1797.74	1838.10	1887.58	1932.30	1977.88	2034.36	2108.46	2182.36	2271.16	2419.44	2595.46	2796.34	
3040.56	3288.48	3470.18	3579.16	3619.14	3649.64	3652.88	3665.00	3674.10	3680.94	3680.74	3686.74	3696.16	3697.24	3701.18	3700.86	
3700.92	3704.08	3710.44	3720.30	3711.88	3716.86	3716.60	3716.50	3726.28	3729.38	3732.96	3734.16	3733.38	3733.12	3732.06	3728.70	
3733.80	3733.76	3731.24	3726.32	3728.26	3725.28	3728.12	3732.32	3730.24	3735.30	3736.36	3733.82	3736.56	3736.80	3744.08	3742.00	
3744.54	3748.10	3746.16	3741.56	3743.96	3742.34	3740.86	3734.54	3739.60	3741.78	3728.56	3740.60	3740.68	3741.48	3740.44	3740.46	
3731.76	3717.60	3716.32	3715.26	3714.14	3715.80	3731.50	3745.82	3735.76	3732.06	3725.56	3707.46	3728.12	3742.68	3728.56	3729.40	
3730.54	3724.72	3723.72	3728.68	3718.18	3713.76	3710.42	3706.98	3706.52	3710.28	3716.72	3720.70	3716.68	3721.00	3743.26	3702.08	

*******************************************2025/03/30;18:42:04
Probe number 151
Concentration entered by User 2.11% (Compensated: 2.61% at temperature 26.9)
1319.98	1318.00	1348.48	1361.02	1372.76	1388.52	1405.22	1420.32	1438.68	1455.62	1475.88	1505.92	1524.76	1552.26	1575.30	1609.34	
1637.10	1669.04	1703.38	1740.88	1778.12	1822.40	1868.80	1909.54	1959.80	2010.12	2083.34	2154.78	2247.98	2387.54	2560.84	2789.38	
3073.74	3309.32	3485.94	3595.04	3632.94	3657.98	3661.08	3673.46	3680.20	3684.62	3681.20	3684.26	3689.72	3689.18	3693.00	3693.06	
3694.10	3696.68	3703.78	3714.82	3707.62	3712.34	3712.18	3712.04	3721.94	3724.10	3728.60	3730.88	3731.24	3732.28	3731.20	3728.06	
3732.74	3732.40	3728.80	3724.10	3726.74	3725.22	3728.64	3732.04	3728.74	3732.74	3734.68	3733.88	3737.30	3736.66	3743.40	3739.20	
3741.60	3744.88	3744.82	3740.34	3741.72	3739.46	3737.16	3731.38	3736.70	3740.34	3726.68	3737.28	3737.78	3739.86	3739.34	3740.50	
3731.74	3716.56	3714.90	3714.58	3715.06	3715.58	3731.78	3746.54	3736.82	3732.64	3725.78	3708.04	3729.10	3744.28	3730.08	3730.42	
3731.26	3725.90	3725.44	3730.66	3721.34	3717.20	3713.94	3710.18	3709.88	3713.58	3719.10	3723.74	3719.28	3722.22	3744.56	3704.08	

*******************************************2025/03/30;19:02:04
Probe number 152
Concentration entered by User 2.37% (Compensated: 2.87% at temperature 26.9)
1328.26	1326.24	1358.10	1369.82	1381.66	1398.82	1417.02	1429.70	1449.70	1466.92	1490.78	1519.56	1536.54	1562.84	1590.10	1622.86	
1650.46	1685.32	1716.36	1756.28	1796.98	1848.66	1882.86	1923.50	1982.14	2030.40	2098.98	2164.02	2251.68	2391.34	2563.02	2760.50	
3004.56	3259.38	3432.86	3561.28	3618.64	3651.48	3654.54	3666.96	3674.44	3679.98	3678.82	3682.08	3689.44	3690.58	3694.60	3695.22	
3695.34	3698.84	3706.72	3718.00	3711.18	3715.40	3715.12	3715.26	3725.04	3728.06	3732.38	3734.28	3734.06	3734.88	3733.48	3730.56	
3734.94	3734.78	3731.86	3726.44	3728.86	3727.06	3730.12	3734.14	3730.80	3735.26	3736.84	3735.62	3738.92	3738.56	3745.00	3741.22	
3743.78	3747.62	3746.90	3742.62	3744.04	3742.02	3739.80	3734.00	3739.58	3742.76	3729.62	3739.86	3740.42	3742.26	3741.90	3742.86	
3733.58	3719.00	3717.46	3717.18	3716.80	3717.92	3733.60	3747.78	3737.98	3734.30	3727.00	3709.76	3730.58	3745.54	3731.76	3732.04	
3732.96	3728.18	3727.18	3732.34	3722.70	3719.62	3715.58	3711.84	3711.60	3715.38	3721.28	3725.58	3720.86	3723.82	3746.08	3706.22	

*******************************************2025/03/30;19:22:04
Probe number 153
Concentration entered by User 5.05% (Compensated: 5.56% at temperature 27.1)
1339.20	1337.92	1371.56	1386.50	1398.88	1413.38	1430.16	1443.68	1461.88	1479.36	1501.76	1530.38	1551.28	1578.36	1604.60	1632.36	
1654.74	1687.30	1719.52	1750.24	1780.84	1820.84	1855.44	1899.10	1947.30	1992.86	2056.40	2129.92	2204.62	2307.58	2431.44	2571.58	
2746.54	2930.90	3080.06	3193.54	3274.56	3377.18	3439.32	3479.18	3522.38	3551.98	3549.30	3544.92	3573.14	3603.90	3619.48	3651.84	
3680.72	3691.28	3678.44	3643.32	3533.78	3359.36	3155.62	2981.60	2851.60	2792.30	2819.02	2924.78	2944.78	2916.46	2917.60	2951.10	
3009.70	3128.46	3308.82	3475.06	3609.70	3678.90	3709.22	3726.82	3725.98	3730.46	3723.28	3719.44	3727.98	3727.28	3734.68	3729.36	
3729.74	3726.88	3727.26	3735.68	3739.90	3730.02	3722.86	3705.50	3692.88	3691.98	3711.20	3720.56	3670.70	3522.40	3287.56	3026.10	
2809.38	2713.90	2738.60	2736.78	2751.90	2803.56	2903.32	2964.58	3100.92	3217.12	3340.80	3454.36	3566.88	3593.92	3562.06	3619.94	
3653.28	3670.08	3709.14	3742.18	3730.90	3728.34	3722.02	3715.58	3712.02	3726.36	3723.30	3658.00	3457.28	3188.48	2953.14	2689.92	

*******************************************2025/03/30;19:42:04
Probe number 154
Concentration entered by User 4.50% (Compensated: 5.01% at temperature 27.1)
1331.90	1330.44	1362.68	1376.66	1389.42	1405.76	1424.38	1439.50	1461.04	1478.86	1499.48	1531.16	1549.16	1577.10	1604.16	1632.60	
1656.44	1688.16	1721.28	1758.72	1792.90	1833.66	1868.92	1905.48	1948.60	1990.06	2044.66	2101.94	2167.74	2263.18	2374.66	2489.26	
2646.30	2872.20	3066.20	3219.04	3347.08	3444.74	3491.56	3532.36	3570.06	3592.32	3587.80	3595.94	3618.76	3630.54	3645.96	3656.72	
3667.56	3680.88	3688.64	3699.64	3687.08	3669.82	3633.06	3599.68	3604.08	3606.88	3625.98	3659.96	3684.14	3684.46	3643.36	3628.52	
3646.04	3656.66	3674.28	3701.54	3720.74	3720.82	3724.50	3727.06	3727.50	3733.44	3731.40	3729.00	3732.44	3731.36	3739.10	3736.40	
3739.14	3740.20	3738.00	3735.48	3737.74	3735.18	3733.68	3726.80	3729.12	3733.12	3723.74	3739.80	3732.84	3725.14	3707.90	3686.96	
3658.96	3639.80	3642.24	3616.24	3622.66	3628.44	3645.20	3664.52	3677.78	3685.54	3677.80	3676.98	3703.90	3726.18	3709.50	3718.32	
3723.72	3721.50	3725.48	3733.92	3726.22	3722.62	3718.68	3714.06	3714.28	3715.30	3720.56	3725.30	3721.38	3730.14	3741.38	3691.60	

*******************************************2025/03/30;20:02:04
Probe number 155
Concentration entered by User 4.63% (Compensated: 5.14% at temperature 27.1)
1333.90	1331.06	1364.20	1380.64	1392.60	1408.52	1427.56	1443.02	1462.84	1477.82	1502.56	1531.94	1552.72	1577.46	1605.96	1638.84	
1663.98	1695.48	1727.36	1763.34	1798.84	1832.04	1869.14	1911.36	1963.90	2012.82	2063.56	2126.06	2182.40	2261.80	2365.88	2483.92	
2637.26	2829.90	3031.42	3188.34	3330.04	3439.78	3490.16	3535.30	3567.76	3591.06	3593.64	3605.84	3628.84	3638.28	3650.78	3658.20	
3663.04	3672.50	3684.60	3698.90	3693.10	3700.70	3702.88	3704.30	3716.32	3720.00	3724.12	3727.00	3728.18	3728.54	3727.04	3723.90	
3728.26	3729.44	3726.94	3723.08	3725.14	3721.84	3723.96	3728.12	3727.24	3732.78	3733.76	3732.02	3734.38	3733.54	3740.76	3738.48	
3741.36	3743.10	3741.72	3737.30	3739.92	3737.24	3736.14	3730.64	3733.50	3737.96	3724.88	3737.30	3738.32	3739.58	3738.10	3738.14	
3729.58	3713.28	3711.48	3710.78	3708.36	3707.48	3722.52	3736.66	3727.04	3723.76	3716.74	3698.74	3721.16	3736.68	3723.34	3726.54	
3729.32	3725.12	3724.84	3730.74	3722.06	3718.08	3713.96	3709.86	3709.94	3712.44	3718.64	3722.72	3719.06	3722.70	3745.72	3705.98	

*******************************************2025/03/30;20:22:04
Probe number 156
Concentration entered by User 4.65% (Compensated: 5.16% at temperature 27.0)
1334.54	1331.22	1363.58	1379.84	1392.20	1408.86	1429.16	1444.14	1466.12	1480.72	1503.14	1533.00	1553.72	1582.22	1608.30	1637.74	
1668.26	1700.54	1730.80	1763.72	1799.16	1837.00	1874.24	1911.26	1962.54	2009.90	2069.32	2144.54	2208.00	2295.96	2384.78	2488.94	
2650.94	2856.28	3027.72	3185.72	3323.28	3442.36	3497.30	3542.66	3573.72	3596.36	3601.94	3614.38	3635.00	3644.60	3656.60	3662.72	
3665.94	3673.86	3684.80	3699.18	3693.32	3700.08	3701.86	3703.02	3714.70	3718.58	3722.66	3725.46	3726.76	3727.02	3725.38	3722.06	
3726.52	3727.50	3725.18	3720.86	3723.04	3719.54	3721.52	3725.92	3724.68	3730.44	3731.44	3729.52	3731.78	3731.66	3738.66	3735.98	
3738.20	3740.96	3740.00	3735.58	3737.50	3735.24	3733.80	3728.14	3732.36	3735.90	3722.92	3735.08	3735.94	3737.10	3736.20	3736.36	
3727.76	3712.04	3710.58	3710.40	3708.42	3708.60	3724.76	3739.88	3730.10	3726.34	3720.08	3701.98	3723.22	3738.88	3725.00	3726.02	
3728.10	3723.86	3722.58	3727.62	3718.24	3714.68	3710.74	3706.68	3706.10	3709.28	3715.30	3720.08	3716.22	3719.18	3742.86	3702.00	

*******************************************2025/03/30;20:42:04
Probe number 157
Concentration entered by User 4.40% (Compensated: 4.89% at temperature 26.8)
1333.44	1331.62	1364.12	1377.76	1391.88	1409.06	1427.78	1444.26	1466.04	1483.02	1503.70	1533.44	1555.88	1580.94	1609.24	1643.66	
1667.50	1700.90	1736.62	1769.10	1801.68	1847.98	1883.00	1928.40	1974.46	2032.78	2090.06	2159.44	2232.12	2320.68	2434.74	2558.36	
2705.08	2868.34	3054.04	3217.92	3362.64	3478.82	3529.14	3571.86	3597.60	3614.62	3621.20	3634.40	3653.22	3660.62	3670.56	3675.58	
3678.82	3685.40	3695.48	3708.04	3701.60	3708.04	3709.06	3709.82	3720.34	3724.14	3727.98	3730.46	3731.68	3731.56	3729.34	3725.98	
3730.80	3731.46	3728.50	3724.38	3726.74	3723.10	3725.20	3729.16	3728.18	3733.70	3734.82	3732.86	3735.16	3734.56	3742.06	3738.92	
3741.34	3744.02	3743.32	3739.02	3740.82	3738.74	3737.28	3731.74	3735.94	3739.30	3726.48	3738.56	3738.88	3739.78	3739.20	3739.56	
3730.86	3715.58	3714.20	3713.70	3712.12	3713.08	3728.72	3743.76	3733.86	3730.58	3724.02	3705.88	3727.24	3742.18	3728.58	3729.08	
3731.40	3726.68	3725.08	3730.10	3721.02	3717.26	3713.38	3709.62	3709.24	3712.50	3718.20	3722.72	3719.00	3721.78	3744.72	3704.68	

*******************************************2025/03/30;21:02:04
Probe number 158
Concentration entered by User 4.10% (Compensated: 4.58% at temperature 26.6)
1334.46	1331.74	1364.32	1378.94	1391.40	1406.00	1425.32	1443.32	1464.46	1482.48	1503.56	1533.60	1554.38	1581.32	1606.34	1636.76	
1668.08	1707.56	1741.70	1771.10	1803.02	1845.52	1881.24	1938.40	1992.28	2027.92	2109.54	2167.90	2246.36	2351.26	2465.00	2584.16	
2737.88	2932.00	3112.90	3270.44	3398.72	3510.24	3553.00	3588.26	3613.54	3627.94	3634.34	3646.60	3662.22	3668.80	3677.60	3681.72	
3684.76	3690.38	3700.16	3711.68	3704.44	3710.72	3711.32	3711.68	3722.06	3725.56	3729.66	3732.04	3732.58	3732.44	3730.30	3726.72	
3731.28	3732.44	3729.06	3724.46	3726.82	3723.52	3725.50	3729.58	3727.96	3733.36	3734.68	3732.68	3734.82	3734.50	3741.76	3739.40	
3741.22	3744.32	3743.22	3738.86	3740.40	3738.48	3737.26	3731.16	3735.90	3738.70	3726.14	3738.22	3738.14	3739.42	3739.06	3739.48	
3730.06	3715.12	3713.78	3713.20	3712.08	3713.06	3728.76	3743.92	3734.24	3730.42	3724.04	3706.06	3727.30	3742.34	3728.26	3729.12	
3730.78	3726.02	3724.66	3729.58	3720.68	3716.44	3712.38	3708.80	3708.50	3711.72	3717.70	3722.28	3718.42	3721.48	3744.74	3704.54	

*******************************************2025/03/30;21:22:04
Probe number 159
Concentration entered by User 3.75% (Compensated: 4.21% at temperature 26.4)
1332.78	1331.14	1363.34	1377.40	1390.32	1406.90	1425.64	1441.32	1461.26	1478.40	1501.88	1530.36	1549.54	1578.30	1606.76	1637.14	
1665.20	1701.58	1732.78	1773.24	1808.44	1852.34	1891.36	1933.64	1976.76	2032.96	2101.04	2181.78	2252.54	2362.78	2497.54	2637.40	
2802.12	3008.86	3180.64	3324.78	3446.62	3547.88	3577.52	3606.52	3626.88	3638.30	3642.06	3651.22	3666.96	3674.24	3681.78	3685.16	
3687.56	3692.78	3701.28	3713.66	3706.80	3712.02	3712.60	3712.54	3722.44	3726.46	3729.98	3732.32	3732.40	3732.12	3730.36	3726.30	
3730.98	3731.42	3728.30	3723.84	3725.90	3723.02	3724.64	3728.54	3727.28	3732.60	3733.70	3731.38	3733.92	3733.60	3741.42	3738.60	
3740.60	3744.22	3742.86	3738.16	3739.76	3738.22	3736.38	3730.78	3735.32	3738.32	3725.72	3737.38	3737.90	3738.64	3738.30	3738.72	
3729.46	3714.78	3713.76	3713.02	3711.66	3712.78	3728.74	3743.56	3734.20	3730.44	3723.94	3705.64	3726.84	3741.62	3727.54	3728.78	
3729.74	3725.34	3723.74	3728.94	3719.42	3715.54	3711.30	3707.68	3707.48	3711.12	3716.60	3721.10	3717.54	3720.66	3744.10	3703.34	

*******************************************2025/03/30;21:42:04
Probe number 160
Concentration entered by User 3.40% (Compensated: 3.85% at temperature 26.3)
1330.82	1327.74	1359.76	1373.22	1387.14	1403.60	1423.08	1438.54	1458.88	1475.64	1499.52	1529.44	1547.10	1573.82	1600.54	1632.32	
1662.12	1697.06	1734.24	1768.38	1798.88	1845.08	1888.34	1925.88	1961.42	2020.82	2088.74	2177.74	2267.60	2356.10	2497.86	2667.70	
2863.64	3063.76	3242.86	3386.68	3487.26	3568.30	3592.64	3619.26	3635.62	3645.00	3648.10	3656.10	3671.54	3676.50	3683.12	3685.90	
3688.36	3692.80	3700.84	3713.02	3706.20	3711.50	3711.62	3711.92	3721.90	3725.68	3729.18	3730.76	3731.10	3730.76	3729.08	3725.78	
3729.86	3730.46	3727.40	3722.28	3724.54	3721.44	3723.34	3727.46	3725.82	3731.06	3732.28	3730.24	3732.64	3732.08	3739.74	3737.58	
3739.70	3743.00	3741.88	3737.36	3738.74	3736.94	3735.44	3729.86	3734.30	3737.46	3724.60	3736.22	3736.66	3737.34	3736.98	3737.24	
3728.16	3713.50	3712.42	3711.28	3710.84	3711.56	3727.44	3742.74	3733.18	3729.52	3722.78	3704.42	3725.56	3740.84	3726.30	3727.32	
3728.50	3724.02	3722.28	3727.66	3718.00	3713.84	3710.00	3706.18	3706.22	3709.70	3715.58	3719.90	3716.48	3719.64	3742.86	3702.02	

*******************************************2025/03/30;22:02:04
Probe number 161
Concentration entered by User 3.02% (Compensated: 3.45% at temperature 26.1)
1325.74	1322.42	1354.38	1368.58	1382.32	1399.42	1418.96	1434.08	1452.80	1471.46	1492.22	1521.96	1541.46	1571.72	1597.32	1629.04	
1656.00	1693.18	1726.16	1757.10	1792.18	1839.36	1879.40	1911.62	1966.42	2026.06	2086.44	2154.42	2236.58	2363.20	2516.72	2702.26	
2907.32	3126.04	3315.84	3450.02	3529.92	3598.24	3612.04	3631.84	3646.48	3653.72	3655.18	3662.72	3676.48	3679.80	3685.42	3687.32	
3689.52	3693.52	3701.04	3712.52	3705.10	3710.84	3711.10	3710.64	3721.32	3724.44	3727.74	3729.54	3729.98	3729.46	3728.32	3724.34	
3728.70	3729.10	3726.10	3721.10	3723.72	3720.32	3722.32	3726.06	3723.78	3729.54	3731.16	3728.58	3731.06	3730.76	3738.36	3736.00	
3738.04	3741.54	3740.68	3735.70	3737.24	3735.60	3734.14	3728.30	3733.22	3736.32	3723.64	3734.88	3735.18	3736.20	3735.52	3735.98	
3726.68	3712.04	3711.34	3709.88	3709.52	3710.16	3726.44	3741.56	3732.30	3728.38	3721.92	3702.74	3724.20	3739.10	3725.18	3726.08	
3727.16	3722.74	3720.68	3725.84	3716.22	3712.18	3708.70	3704.86	3704.40	3708.88	3714.76	3719.10	3715.26	3718.14	3741.42	3700.32	

*******************************************2025/03/30;22:22:04
Probe number 162
Concentration entered by User 2.76% (Compensated: 3.18% at temperature 26.0)
1321.82	1319.72	1352.18	1365.92	1379.88	1396.98	1416.50	1433.60	1451.80	1468.02	1488.86	1521.20	1540.12	1565.74	1592.54	1626.44	
1655.88	1691.60	1723.42	1753.92	1784.12	1828.18	1873.44	1904.38	1968.62	2015.20	2077.08	2153.42	2220.14	2362.28	2530.64	2702.48	
2948.00	3173.38	3365.62	3485.92	3560.24	3616.30	3627.54	3644.36	3657.32	3663.52	3661.40	3669.22	3681.98	3684.32	3689.20	3691.08	
3691.76	3695.86	3702.86	3715.08	3707.70	3712.56	3712.48	3712.24	3722.30	3725.90	3728.66	3730.90	3730.82	3730.64	3729.08	3725.28	
3729.72	3729.86	3726.46	3722.04	3724.06	3721.22	3723.12	3726.36	3724.54	3730.34	3731.76	3729.14	3731.78	3731.38	3739.32	3737.00	
3738.96	3742.64	3741.98	3736.44	3738.12	3736.72	3735.32	3729.76	3735.10	3737.90	3724.92	3735.94	3736.34	3737.24	3736.94	3737.20	
3727.50	3712.86	3712.14	3710.66	3710.04	3711.22	3727.18	3742.52	3732.98	3729.24	3722.86	3704.30	3725.08	3739.84	3725.88	3726.58	
3727.88	3723.06	3721.38	3726.64	3716.96	3712.72	3709.54	3705.70	3705.12	3709.60	3715.52	3720.02	3716.28	3719.12	3742.56	3701.10	

*******************************************2025/03/30;22:42:04
Probe number 163
Concentration entered by User 2.66% (Compensated: 3.07% at temperature 25.8)
1321.24	1318.66	1348.16	1362.70	1377.06	1394.06	1414.22	1430.48	1450.74	1467.84	1488.52	1516.18	1538.26	1564.12	1591.66	1625.00	
1648.26	1683.24	1717.90	1754.26	1783.86	1829.56	1865.44	1906.40	1955.66	2020.00	2070.12	2149.18	2225.60	2336.56	2538.40	2737.64	
2962.62	3189.70	3378.78	3510.74	3575.84	3627.02	3636.48	3653.90	3665.64	3669.94	3669.02	3675.18	3687.04	3688.62	3693.56	3695.02	
3695.56	3699.10	3707.04	3718.98	3710.70	3715.74	3715.24	3715.24	3725.14	3727.92	3730.82	3733.42	3733.28	3733.00	3731.28	3727.42	
3731.80	3731.68	3729.00	3723.86	3725.94	3723.24	3725.44	3728.88	3726.66	3732.10	3733.56	3731.02	3734.04	3733.54	3741.70	3739.40	
3741.12	3745.32	3744.60	3739.66	3741.24	3739.86	3738.20	3732.36	3737.36	3740.28	3727.54	3738.26	3738.80	3739.46	3739.12	3739.38	
3729.68	3715.90	3714.86	3713.64	3713.24	3713.78	3729.78	3744.98	3735.46	3731.70	3725.42	3707.18	3727.50	3741.96	3728.42	3728.84	
3729.92	3725.46	3724.38	3729.10	3719.14	3715.04	3712.20	3708.24	3708.00	3712.18	3718.04	3722.60	3718.98	3721.36	3744.54	3703.92	

*******************************************2025/03/30;23:02:04
Probe number 164
Concentration entered by User 2.45% (Compensated: 2.85% at temperature 25.7)
1317.30	1315.72	1346.10	1359.94	1371.64	1389.94	1410.66	1425.62	1443.52	1460.98	1483.74	1513.96	1532.70	1558.88	1584.06	1615.18	
1646.28	1678.14	1710.72	1743.06	1772.38	1817.42	1857.48	1899.78	1953.12	1999.02	2060.08	2123.82	2201.60	2341.56	2525.36	2722.84	
2961.22	3217.62	3438.92	3569.20	3619.14	3650.98	3651.58	3662.66	3670.58	3671.68	3669.18	3677.36	3688.48	3689.52	3694.00	3695.08	
3694.80	3697.38	3704.14	3715.52	3708.30	3712.56	3712.52	3711.94	3721.86	3724.88	3727.98	3730.12	3729.90	3729.66	3727.82	3724.08	
3728.70	3728.88	3725.80	3720.88	3723.14	3720.16	3721.98	3725.58	3723.80	3729.04	3730.40	3728.14	3730.84	3731.00	3739.28	3736.78	
3739.02	3742.60	3741.90	3737.36	3738.84	3737.40	3735.68	3729.84	3735.16	3737.28	3724.32	3734.92	3735.76	3736.28	3736.12	3736.50	
3726.68	3712.04	3711.64	3710.34	3709.94	3710.38	3726.78	3742.04	3732.74	3728.68	3722.26	3703.62	3724.52	3738.82	3725.34	3725.52	
3726.90	3722.62	3720.76	3725.88	3715.72	3712.08	3708.56	3704.62	3704.36	3708.94	3714.70	3719.42	3715.94	3718.54	3741.88	3700.82	

*******************************************2025/03/30;23:22:04
Probe number 165
Concentration entered by User 2.19% (Compensated: 2.58% at temperature 25.6)
1316.42	1314.96	1344.94	1358.14	1372.50	1388.94	1408.88	1424.74	1443.46	1460.90	1483.02	1509.68	1529.34	1557.00	1584.22	1616.58	
1641.78	1673.68	1702.32	1738.94	1774.52	1809.90	1851.46	1892.36	1936.16	1986.48	2058.44	2119.38	2206.88	2326.06	2524.20	2748.72	
3040.14	3295.26	3478.72	3587.88	3634.58	3663.08	3660.16	3665.56	3673.38	3677.02	3673.70	3681.38	3691.50	3691.70	3695.22	3695.50	
3694.88	3697.84	3705.00	3715.92	3708.86	3713.46	3712.72	3711.88	3721.38	3724.68	3727.72	3730.48	3729.78	3729.50	3727.48	3723.82	
3728.30	3728.50	3725.64	3720.22	3722.38	3720.32	3721.92	3725.32	3723.50	3728.90	3730.42	3727.80	3731.00	3730.70	3739.02	3737.28	
3738.72	3742.14	3741.90	3737.36	3738.98	3737.64	3735.68	3729.90	3735.16	3737.38	3724.36	3735.10	3736.22	3736.80	3736.54	3737.22	
3727.16	3712.48	3711.76	3710.26	3710.54	3711.12	3726.84	3742.54	3733.14	3729.00	3722.62	3704.12	3724.34	3739.10	3725.54	3725.26	
3726.74	3722.46	3720.84	3725.82	3716.10	3711.48	3708.38	3704.68	3704.50	3709.22	3715.42	3719.84	3716.12	3718.60	3742.40	3700.62	

*******************************************2025/03/30;23:42:04
Probe number 166
Concentration entered by User 2.25% (Compensated: 2.64% at temperature 25.5)
1313.98	1311.62	1341.96	1356.76	1370.46	1385.26	1405.14	1420.50	1440.14	1458.14	1479.96	1506.86	1527.80	1553.60	1581.04	1609.94	
1637.80	1668.14	1699.06	1729.02	1766.94	1805.40	1840.70	1884.28	1929.60	1987.98	2055.68	2114.26	2206.56	2328.84	2513.34	2727.94	
2965.64	3255.52	3504.68	3624.50	3652.86	3673.12	3666.92	3672.74	3679.54	3683.50	3682.82	3688.86	3696.96	3697.04	3698.64	3697.18	
3696.08	3699.56	3706.96	3718.54	3710.32	3714.44	3712.96	3712.26	3721.22	3724.52	3728.28	3730.48	3730.06	3729.36	3727.44	3723.76	
3728.00	3728.86	3725.82	3720.92	3723.52	3720.44	3721.96	3726.28	3724.50	3729.28	3730.86	3728.72	3731.46	3730.76	3738.84	3737.58	
3739.32	3742.76	3742.40	3737.62	3739.00	3737.72	3736.20	3730.44	3735.70	3738.04	3724.52	3735.28	3736.32	3736.76	3736.68	3737.96	
3727.98	3713.00	3712.66	3711.04	3710.96	3711.50	3727.46	3742.76	3733.42	3729.38	3722.56	3704.06	3724.28	3738.88	3725.82	3725.34	
3726.88	3722.42	3720.70	3726.06	3716.04	3711.82	3709.14	3705.36	3705.06	3709.66	3715.80	3720.08	3717.12	3719.26	3742.64	3700.80	

