*******************************************2025/04/04;00:16:29
Probe number 41
Concentration entered by User 2.69% (Compensated: 3.03% at temperature 24.9)
1189.16	1189.52	1210.72	1222.40	1233.54	1249.12	1265.82	1280.66	1298.80	1317.88	1338.30	1364.62	1388.74	1415.48	1444.62	1477.30	
1507.90	1539.24	1570.32	1608.20	1651.52	1704.38	1761.64	1818.64	1876.84	1932.26	1992.56	2065.06	2148.26	2262.34	2413.72	2621.98	
2882.68	3134.06	3360.82	3585.58	3669.34	3737.10	3748.40	3750.56	3748.06	3744.46	3734.02	3730.34	3733.70	3730.30	3730.88	3728.08	
3724.68	3725.36	3730.12	3735.36	3725.52	3725.88	3721.90	3719.72	3727.30	3731.20	3734.58	3734.74	3732.28	3729.32	3727.58	3723.52	
3728.52	3728.24	3725.44	3719.50	3720.16	3717.36	3718.30	3723.02	3721.38	3726.52	3728.30	3723.22	3726.70	3725.08	3730.98	3734.88	
3734.84	3739.40	3738.96	3732.92	3734.54	3733.58	3731.80	3724.84	3730.62	3732.90	3718.98	3730.00	3731.32	3731.36	3729.92	3730.90	
3720.60	3706.08	3706.34	3703.88	3703.12	3702.98	3719.22	3735.74	3724.74	3720.48	3714.06	3693.98	3715.86	3731.42	3718.08	3717.10	
3719.24	3715.36	3712.32	3718.48	3709.60	3705.20	3703.66	3699.96	3699.88	3705.08	3711.50	3716.62	3713.50	3715.02	3738.14	3695.00	

*******************************************2025/04/04;00:36:29
Probe number 42
Concentration entered by User 2.70% (Compensated: 3.03% at temperature 24.8)
1182.72	1183.16	1204.20	1216.10	1226.04	1241.30	1258.98	1273.38	1291.90	1311.10	1331.22	1355.80	1380.14	1406.90	1436.08	1467.36	
1498.42	1530.12	1562.64	1601.98	1646.34	1698.82	1757.96	1814.62	1869.54	1924.24	1988.38	2061.60	2161.56	2295.66	2473.72	2666.72	
2900.86	3147.90	3352.26	3577.96	3664.82	3727.18	3746.44	3752.20	3751.78	3750.42	3740.58	3734.54	3736.74	3732.26	3732.22	3730.80	
3727.98	3728.72	3733.84	3738.82	3729.20	3729.74	3725.08	3722.14	3729.98	3733.88	3736.86	3737.00	3735.00	3732.40	3729.68	3725.42	
3729.70	3729.40	3726.80	3721.40	3722.30	3719.14	3720.10	3724.62	3722.88	3727.62	3728.92	3724.98	3727.98	3726.38	3732.56	3736.20	
3735.74	3740.48	3740.22	3734.24	3735.84	3734.20	3733.04	3726.12	3731.68	3733.62	3720.12	3730.82	3732.52	3732.72	3730.98	3732.82	
3722.30	3707.54	3707.46	3705.36	3704.36	3704.66	3720.70	3736.96	3725.60	3721.78	3715.02	3695.80	3717.10	3732.42	3719.40	3718.44	
3720.68	3716.58	3713.48	3719.76	3711.46	3707.00	3704.76	3700.98	3701.22	3706.64	3713.12	3718.00	3714.78	3716.54	3739.68	3696.66	

*******************************************2025/04/04;00:56:29
Probe number 43
Concentration entered by User 2.43% (Compensated: 2.77% at temperature 24.8)
1177.76	1178.30	1199.10	1210.82	1221.24	1236.08	1253.78	1269.04	1287.04	1305.76	1325.30	1352.32	1375.26	1400.76	1431.80	1462.90	
1493.10	1526.96	1559.14	1598.02	1641.34	1695.96	1750.92	1808.32	1864.52	1918.62	1983.78	2070.22	2170.70	2311.34	2511.40	2718.24	
2993.20	3219.60	3418.06	3599.52	3656.74	3735.02	3751.82	3754.14	3752.38	3749.50	3738.74	3734.18	3737.74	3734.60	3734.58	3731.86	
3727.86	3728.44	3733.66	3738.76	3729.34	3729.64	3724.92	3722.44	3729.54	3733.34	3736.62	3736.64	3734.32	3731.78	3728.90	3724.60	
3728.50	3727.74	3725.42	3720.54	3721.36	3718.20	3719.20	3723.60	3721.04	3725.42	3727.40	3723.98	3727.42	3724.98	3730.82	3734.74	
3734.46	3739.50	3739.30	3732.78	3734.48	3732.80	3731.76	3724.56	3730.50	3732.68	3718.62	3729.34	3731.18	3731.50	3729.76	3730.94	
3720.54	3705.72	3706.08	3704.00	3702.78	3702.72	3719.10	3735.68	3724.38	3720.44	3713.96	3694.30	3715.44	3730.68	3717.52	3716.98	
3719.58	3715.44	3712.28	3718.16	3709.60	3705.40	3703.18	3699.30	3699.34	3705.26	3712.02	3716.34	3713.38	3715.04	3738.48	3695.50	

*******************************************2025/04/04;01:16:29
Probe number 44
Concentration entered by User 2.47% (Compensated: 2.80% at temperature 24.8)
1176.12	1176.48	1197.66	1209.16	1219.04	1234.20	1250.80	1266.00	1284.42	1302.34	1322.90	1347.86	1370.52	1396.44	1425.28	1459.06	
1488.48	1521.98	1556.00	1595.14	1637.56	1692.78	1747.44	1800.62	1857.64	1909.42	1979.46	2076.40	2178.34	2314.38	2502.48	2743.02	
3004.38	3221.14	3388.86	3585.18	3669.16	3735.96	3752.56	3755.96	3754.34	3751.70	3742.46	3738.18	3741.16	3739.28	3739.76	3736.46	
3732.36	3732.06	3737.18	3742.82	3734.60	3734.72	3729.54	3726.36	3733.68	3736.82	3739.98	3740.24	3738.50	3735.50	3732.18	3727.52	
3731.50	3731.04	3728.98	3723.52	3724.40	3721.10	3722.00	3726.28	3723.82	3728.44	3730.34	3726.66	3730.12	3727.78	3733.46	3737.16	
3737.18	3742.08	3741.62	3735.62	3737.14	3735.56	3734.40	3727.54	3733.22	3735.26	3721.46	3732.16	3734.06	3733.94	3732.52	3734.04	
3723.62	3708.90	3709.04	3707.08	3706.14	3705.92	3722.04	3738.14	3727.40	3723.42	3716.84	3697.98	3718.92	3733.96	3720.82	3719.68	
3722.48	3718.44	3715.24	3721.12	3712.78	3708.42	3706.46	3702.46	3702.64	3707.70	3714.64	3719.80	3716.70	3718.22	3740.96	3698.40	

*******************************************2025/04/04;01:36:29
Probe number 45
Concentration entered by User 2.16% (Compensated: 2.49% at temperature 24.7)
1170.70	1171.44	1191.70	1203.06	1213.28	1227.90	1244.92	1259.26	1277.76	1297.00	1317.30	1342.64	1366.84	1393.14	1422.22	1454.56	
1484.82	1516.96	1551.60	1593.70	1637.66	1693.82	1746.54	1797.60	1850.80	1900.34	1979.40	2075.94	2183.78	2330.00	2549.30	2778.94	
3062.48	3280.60	3481.30	3627.66	3692.36	3734.98	3747.52	3754.16	3753.42	3750.88	3741.82	3738.08	3741.20	3739.16	3740.06	3736.30	
3732.04	3732.18	3737.32	3743.12	3734.22	3734.42	3728.86	3725.72	3732.40	3735.90	3738.98	3739.64	3737.94	3734.22	3731.12	3726.02	
3729.98	3729.74	3727.44	3722.30	3722.64	3719.30	3720.10	3724.56	3722.00	3727.20	3728.64	3725.18	3728.96	3726.66	3732.00	3735.96	
3736.02	3740.60	3740.10	3733.90	3735.44	3733.92	3732.78	3725.92	3731.92	3733.38	3719.78	3730.34	3732.26	3732.20	3730.80	3732.36	
3721.64	3707.22	3707.04	3705.20	3704.14	3704.36	3720.10	3736.48	3725.24	3721.76	3715.22	3695.82	3717.04	3732.12	3719.36	3718.16	
3720.70	3716.80	3713.60	3719.54	3711.02	3706.56	3704.50	3700.38	3700.74	3706.28	3713.02	3717.80	3714.68	3716.42	3739.64	3696.40	

*******************************************2025/04/04;01:56:29
Probe number 46
Concentration entered by User 2.08% (Compensated: 2.41% at temperature 24.7)
1167.90	1168.72	1189.32	1200.86	1210.58	1224.78	1241.32	1255.72	1273.70	1293.22	1314.02	1339.42	1364.14	1390.44	1420.30	1451.72	
1482.16	1516.54	1549.00	1588.06	1632.44	1689.64	1742.70	1791.52	1846.48	1899.74	1976.24	2076.02	2190.40	2344.88	2549.92	2775.58	
3060.88	3291.62	3520.34	3647.48	3704.66	3732.32	3746.26	3752.58	3752.42	3750.02	3742.20	3738.66	3742.32	3740.38	3741.02	3737.74	
3732.94	3733.12	3739.16	3744.30	3735.54	3735.60	3730.32	3727.02	3733.40	3736.90	3740.50	3741.44	3739.48	3735.68	3731.72	3727.10	
3731.14	3731.30	3728.44	3723.26	3723.94	3720.54	3721.48	3725.90	3723.38	3728.26	3729.96	3726.08	3729.70	3727.42	3732.82	3737.06	
3736.82	3741.48	3741.04	3734.78	3736.64	3735.20	3733.98	3727.32	3732.76	3734.78	3720.64	3731.62	3733.32	3733.68	3731.98	3733.34	
3723.10	3708.18	3708.12	3706.54	3705.16	3705.14	3721.18	3737.50	3726.60	3722.92	3716.54	3697.10	3718.32	3733.28	3720.22	3718.98	
3721.94	3718.20	3714.82	3720.34	3711.66	3707.84	3706.00	3701.52	3702.18	3707.70	3714.64	3719.42	3716.06	3717.62	3740.60	3698.06	

*******************************************2025/04/04;02:16:29
Probe number 47
Concentration entered by User 2.22% (Compensated: 2.53% at temperature 24.6)
1165.10	1166.16	1186.18	1197.56	1207.10	1221.58	1237.48	1251.78	1270.22	1288.68	1309.06	1335.22	1358.22	1386.00	1415.88	1449.08	
1478.50	1510.60	1545.22	1585.58	1629.38	1682.76	1737.78	1789.20	1841.50	1892.92	1965.44	2067.88	2194.16	2349.54	2541.54	2777.14	
3059.22	3273.00	3460.26	3611.44	3680.72	3734.72	3747.76	3754.64	3754.20	3750.66	3742.14	3738.98	3742.62	3741.04	3742.30	3738.80	
3734.02	3734.58	3739.64	3744.82	3736.30	3736.98	3732.04	3728.62	3735.04	3737.70	3740.92	3741.22	3739.40	3736.56	3733.40	3727.96	
3731.84	3731.54	3728.76	3723.88	3724.28	3720.86	3722.70	3726.48	3724.22	3728.76	3730.72	3726.96	3730.44	3728.18	3733.56	3737.26	
3737.46	3742.10	3741.50	3735.34	3737.04	3736.02	3734.62	3727.92	3733.70	3735.10	3721.52	3732.76	3734.12	3734.20	3732.30	3734.00	
3723.76	3708.88	3709.14	3707.54	3706.22	3706.86	3722.12	3738.56	3727.24	3723.34	3716.64	3697.56	3718.84	3733.84	3720.94	3719.52	
3722.32	3718.24	3715.50	3720.96	3712.76	3708.70	3706.76	3702.92	3702.80	3708.16	3714.88	3719.62	3716.48	3718.16	3741.34	3698.90	

*******************************************2025/04/04;02:36:29
Probe number 48
Concentration entered by User 2.14% (Compensated: 2.45% at temperature 24.5)
1165.72	1166.42	1186.72	1197.72	1207.68	1222.72	1239.12	1252.76	1271.22	1289.98	1309.98	1335.68	1358.66	1384.74	1411.80	1443.40	
1472.22	1507.52	1541.96	1583.78	1629.36	1683.92	1730.98	1784.80	1840.56	1895.76	1966.72	2063.62	2189.70	2357.70	2554.62	2785.06	
3044.12	3282.40	3492.84	3651.70	3708.50	3730.34	3742.00	3750.54	3751.60	3750.62	3742.84	3738.92	3742.68	3740.10	3741.68	3738.24	
3734.34	3734.48	3740.18	3745.10	3736.52	3737.28	3731.16	3727.42	3733.64	3736.80	3740.34	3741.12	3740.02	3736.52	3732.68	3726.70	
3729.86	3730.42	3728.68	3723.66	3723.74	3719.38	3720.02	3724.72	3723.26	3728.16	3729.52	3725.32	3728.44	3726.72	3732.34	3736.16	
3736.26	3741.02	3740.06	3734.00	3735.90	3734.72	3733.40	3726.70	3732.08	3733.54	3720.20	3730.90	3732.66	3733.00	3731.08	3732.50	
3722.36	3707.22	3707.16	3705.52	3704.28	3704.98	3720.70	3736.80	3725.90	3721.76	3715.36	3696.12	3717.38	3732.40	3719.28	3718.08	
3721.30	3717.00	3713.68	3719.82	3711.06	3706.98	3705.06	3700.98	3701.52	3706.32	3713.44	3717.96	3715.08	3716.84	3739.82	3697.36	

*******************************************2025/04/04;02:56:29
Probe number 49
Concentration entered by User 2.16% (Compensated: 2.46% at temperature 24.4)
1162.76	1163.74	1183.82	1194.88	1204.48	1219.24	1235.94	1250.16	1267.46	1286.84	1307.82	1333.26	1357.20	1382.52	1410.26	1441.94	
1472.80	1508.18	1544.52	1584.28	1626.56	1681.48	1731.64	1780.62	1834.08	1892.92	1973.88	2069.88	2189.56	2348.10	2550.36	2762.72	
3051.94	3287.54	3488.02	3630.40	3677.28	3737.58	3750.60	3756.22	3756.84	3753.68	3744.82	3741.58	3745.30	3743.62	3745.30	3741.88	
3737.34	3738.24	3743.52	3748.36	3739.22	3739.88	3734.88	3731.54	3737.64	3740.58	3743.34	3743.92	3742.82	3739.54	3735.96	3730.70	
3733.70	3733.80	3731.38	3726.64	3727.34	3723.56	3724.92	3729.08	3726.94	3731.30	3732.58	3728.90	3732.88	3730.78	3735.60	3739.52	
3739.42	3743.96	3743.52	3737.86	3739.46	3737.84	3736.74	3729.90	3735.26	3737.50	3723.66	3734.22	3736.04	3736.42	3734.24	3735.78	
3725.66	3711.34	3710.92	3709.62	3707.96	3708.84	3723.86	3740.30	3729.10	3725.42	3719.70	3700.62	3721.40	3735.96	3723.10	3721.80	
3724.90	3721.04	3717.90	3723.40	3714.78	3710.78	3709.16	3705.24	3705.22	3710.44	3716.76	3721.80	3718.48	3720.28	3743.28	3700.82	

*******************************************2025/04/04;03:16:29
Probe number 50
Concentration entered by User 2.19% (Compensated: 2.49% at temperature 24.3)
1160.36	1161.60	1181.42	1193.00	1202.22	1216.62	1232.64	1246.80	1264.64	1283.34	1303.82	1329.42	1352.22	1377.52	1404.68	1436.38	
1467.92	1501.92	1538.14	1577.60	1620.54	1673.26	1725.66	1772.74	1825.08	1879.20	1950.64	2042.62	2157.88	2313.24	2502.32	2696.44	
2909.34	3265.28	3575.22	3649.06	3706.40	3728.62	3737.36	3743.98	3746.02	3746.74	3739.68	3736.14	3739.90	3738.38	3739.22	3735.92	
3731.16	3732.04	3737.58	3743.36	3734.14	3734.88	3728.66	3725.20	3731.62	3735.18	3738.38	3738.78	3736.96	3733.52	3729.76	3724.48	
3728.48	3728.10	3725.64	3720.24	3720.80	3717.26	3718.04	3722.20	3720.78	3724.86	3726.56	3722.56	3726.36	3724.26	3729.86	3733.58	
3733.62	3738.12	3737.32	3731.84	3733.60	3731.72	3730.86	3723.60	3729.64	3731.40	3717.44	3728.54	3729.98	3730.50	3728.32	3730.00	
3719.38	3704.36	3704.60	3703.08	3701.26	3701.60	3717.90	3734.24	3722.80	3718.80	3712.90	3693.34	3714.80	3729.74	3716.36	3715.40	
3718.84	3714.68	3711.20	3716.90	3708.60	3704.22	3702.14	3698.00	3698.16	3703.48	3710.36	3715.00	3711.82	3713.90	3737.52	3693.70	

*******************************************2025/04/04;03:36:29
Probe number 51
Concentration entered by User 1.58% (Compensated: 1.88% at temperature 24.3)
1157.70	1158.50	1178.08	1188.94	1198.32	1212.72	1229.18	1242.96	1260.40	1278.96	1300.16	1325.64	1349.06	1374.76	1403.04	1435.50	
1467.76	1504.16	1537.76	1574.70	1617.14	1672.76	1727.02	1774.16	1827.68	1883.14	1953.42	2053.88	2178.52	2322.20	2540.48	2803.28	
3119.82	3477.84	3634.86	3676.48	3717.76	3736.80	3742.76	3745.74	3745.40	3745.90	3740.36	3739.22	3743.12	3741.26	3741.84	3738.08	
3734.00	3734.42	3740.18	3745.48	3736.76	3737.62	3732.04	3728.64	3734.90	3737.76	3740.64	3741.80	3740.26	3736.64	3732.98	3727.88	
3731.64	3731.18	3729.32	3723.78	3723.74	3719.94	3721.22	3725.74	3723.90	3728.22	3729.80	3726.06	3729.84	3727.36	3732.80	3736.50	
3736.98	3740.96	3740.50	3734.82	3736.58	3735.38	3733.68	3726.60	3732.34	3734.28	3720.36	3731.34	3732.92	3733.26	3731.32	3732.98	
3722.92	3707.36	3707.66	3706.66	3705.00	3705.08	3720.54	3737.20	3726.16	3722.38	3715.84	3696.56	3717.88	3732.32	3719.68	3718.38	
3722.08	3717.44	3714.42	3720.36	3711.68	3707.56	3705.70	3701.52	3701.58	3707.00	3713.74	3718.46	3715.36	3717.02	3740.30	3697.54	

*******************************************2025/04/04;03:56:29
Probe number 52
Concentration entered by User 1.43% (Compensated: 1.72% at temperature 24.2)
1156.00	1157.00	1176.48	1187.44	1197.46	1211.46	1227.12	1240.92	1258.54	1277.64	1297.54	1322.04	1346.86	1372.66	1399.72	1433.32	
1464.06	1497.88	1533.12	1570.32	1612.42	1668.10	1721.62	1769.22	1824.96	1884.66	1958.02	2054.12	2182.98	2343.82	2562.34	2841.96	
3192.94	3517.88	3641.28	3664.00	3711.26	3733.86	3740.10	3743.16	3742.46	3742.06	3736.92	3735.88	3739.64	3737.74	3738.30	3734.70	
3730.46	3731.84	3737.20	3742.56	3733.22	3733.78	3728.54	3725.68	3731.60	3735.02	3738.24	3738.60	3736.56	3732.78	3729.38	3724.50	
3728.36	3728.34	3725.88	3720.50	3720.46	3716.46	3717.86	3722.50	3720.72	3725.20	3726.32	3722.20	3726.14	3724.00	3729.94	3733.44	
3733.30	3737.96	3737.24	3731.12	3733.70	3731.68	3730.08	3723.70	3728.92	3730.74	3716.56	3728.38	3729.64	3730.08	3728.00	3729.34	
3719.68	3703.60	3703.64	3702.76	3700.96	3701.44	3717.30	3734.02	3722.70	3718.84	3712.38	3692.64	3714.16	3729.28	3715.90	3715.06	
3718.22	3713.74	3710.74	3716.52	3708.40	3703.86	3701.94	3697.66	3698.04	3703.28	3710.08	3715.12	3711.66	3713.48	3736.88	3693.54	

*******************************************2025/04/04;04:00:03
Probe number 53
Concentration entered by User 1.44% (Compensated: 1.73% at temperature 24.2)
1155.86	1156.88	1175.82	1186.50	1196.48	1210.78	1225.70	1239.54	1257.44	1276.16	1296.72	1321.72	1346.20	1372.12	1399.14	1431.52	
1462.56	1496.64	1529.56	1567.84	1610.26	1665.64	1718.42	1766.08	1822.56	1881.32	1956.46	2056.48	2184.06	2342.46	2562.12	2831.66	
3191.44	3513.26	3643.92	3669.12	3712.36	3731.30	3737.30	3740.54	3740.06	3740.08	3734.58	3733.74	3737.36	3735.48	3735.96	3732.58	
3728.30	3729.84	3735.02	3740.48	3731.16	3731.62	3726.60	3723.18	3729.52	3733.12	3736.12	3736.60	3734.66	3731.16	3727.68	3722.32	
3726.32	3726.00	3723.56	3718.12	3718.18	3714.32	3715.46	3720.26	3718.10	3722.94	3724.08	3720.18	3724.08	3721.84	3727.46	3731.60	
3731.68	3736.34	3735.32	3729.56	3731.52	3729.78	3728.48	3721.06	3726.92	3729.00	3714.58	3725.98	3727.34	3728.50	3725.98	3727.32	
3717.38	3701.62	3701.12	3700.30	3698.52	3699.00	3714.98	3731.58	3720.02	3716.70	3710.36	3690.72	3711.88	3727.28	3713.82	3712.70	
3716.50	3711.58	3708.40	3714.62	3706.00	3701.46	3699.52	3695.14	3695.48	3701.36	3707.66	3712.94	3709.38	3711.22	3735.12	3690.44	

*******************************************2025/04/04;04:16:29
Probe number 54
Concentration entered by User 1.44% (Compensated: 1.73% at temperature 24.1)
1153.28	1154.32	1173.86	1184.36	1193.62	1207.46	1223.96	1238.10	1255.82	1273.74	1293.98	1320.30	1344.60	1370.22	1397.28	1428.60	
1459.72	1493.50	1527.46	1568.24	1611.28	1662.46	1714.74	1763.36	1818.76	1875.18	1951.50	2046.66	2171.76	2325.94	2552.38	2829.44	
3182.40	3512.92	3653.64	3673.50	3708.22	3733.16	3740.34	3743.88	3742.92	3742.94	3738.40	3736.68	3739.92	3737.28	3738.48	3735.60	
3731.98	3733.04	3737.86	3742.86	3733.38	3733.82	3728.96	3726.20	3732.50	3735.84	3739.00	3739.98	3737.74	3733.84	3730.70	3725.74	
3729.52	3729.30	3726.30	3720.86	3721.18	3717.16	3719.08	3723.82	3721.26	3726.00	3727.32	3722.98	3726.52	3725.18	3730.78	3734.64	
3734.62	3738.82	3737.90	3731.86	3734.00	3732.44	3731.16	3724.12	3729.62	3731.60	3717.60	3729.18	3730.24	3731.30	3729.00	3730.26	
3720.10	3705.02	3704.76	3703.68	3701.70	3702.32	3718.00	3734.84	3723.32	3719.62	3713.28	3693.72	3714.72	3730.46	3716.94	3715.70	
3719.66	3714.58	3711.54	3717.66	3708.82	3704.92	3703.00	3698.56	3698.44	3703.98	3710.90	3715.78	3712.74	3714.44	3738.16	3694.70	

*******************************************2025/04/04;04:36:29
Probe number 55
Concentration entered by User 1.46% (Compensated: 1.74% at temperature 24.1)
1152.50	1153.40	1172.62	1182.40	1191.28	1206.04	1222.20	1235.88	1252.96	1271.20	1291.70	1317.46	1341.88	1367.20	1392.60	1425.10	
1455.00	1489.38	1525.52	1562.46	1606.50	1658.14	1709.96	1759.40	1814.78	1872.94	1950.64	2046.06	2173.74	2327.28	2557.56	2823.48	
3187.50	3499.76	3645.94	3674.12	3707.92	3729.58	3737.36	3741.30	3740.80	3741.20	3736.20	3734.40	3738.00	3735.26	3736.66	3733.86	
3730.12	3731.68	3736.80	3741.34	3731.88	3732.04	3727.38	3724.72	3731.38	3735.26	3738.06	3738.44	3736.38	3732.56	3729.42	3724.24	
3728.30	3727.78	3724.76	3719.30	3720.02	3715.70	3717.58	3721.86	3719.92	3724.38	3725.62	3721.54	3725.66	3723.58	3729.30	3733.20	
3733.02	3737.40	3736.12	3730.90	3732.82	3731.34	3729.66	3722.68	3728.32	3730.18	3716.00	3727.38	3729.06	3729.66	3727.32	3728.72	
3719.04	3703.04	3703.20	3701.92	3699.78	3700.76	3716.56	3733.24	3721.84	3718.28	3711.96	3692.12	3713.40	3728.26	3715.46	3713.88	
3718.14	3713.72	3709.66	3715.80	3707.48	3703.34	3701.12	3696.90	3697.24	3702.24	3709.38	3714.22	3710.66	3712.46	3736.40	3692.90	

*******************************************2025/04/04;04:56:29
Probe number 56
Concentration entered by User 1.64% (Compensated: 1.92% at temperature 24.0)
1149.34	1150.66	1169.58	1179.92	1188.56	1202.64	1218.90	1232.94	1249.94	1267.64	1288.04	1313.46	1338.12	1363.62	1389.88	1422.28	
1450.88	1485.14	1519.18	1559.30	1603.30	1654.22	1702.78	1753.48	1809.60	1864.80	1938.16	2034.80	2151.38	2320.72	2537.22	2783.40	
3117.06	3441.94	3632.72	3674.36	3705.44	3723.78	3731.30	3737.60	3737.40	3737.64	3733.88	3731.96	3735.18	3733.44	3734.30	3731.84	
3728.88	3729.68	3734.72	3739.52	3729.32	3730.04	3725.64	3723.26	3730.56	3733.84	3736.44	3737.20	3735.14	3731.66	3729.16	3723.40	
3726.82	3726.42	3723.66	3718.48	3718.76	3714.82	3716.16	3720.58	3718.68	3722.98	3724.38	3720.66	3724.70	3722.40	3728.44	3731.34	
3730.84	3734.72	3734.10	3729.22	3731.26	3729.62	3727.76	3720.42	3726.34	3728.50	3714.78	3726.14	3727.96	3728.70	3725.78	3727.34	
3717.12	3701.72	3701.14	3700.26	3698.52	3698.98	3715.04	3732.16	3720.70	3716.76	3710.58	3690.66	3711.62	3727.26	3714.26	3713.04	
3716.08	3711.62	3708.18	3714.66	3706.00	3701.86	3699.96	3695.20	3695.08	3701.02	3708.06	3712.86	3708.98	3711.14	3735.52	3690.96	

*******************************************2025/04/04;05:16:29
Probe number 57
Concentration entered by User 1.61% (Compensated: 1.88% at temperature 24.0)
1147.70	1148.78	1167.76	1178.46	1187.28	1201.10	1217.10	1231.02	1249.10	1267.94	1288.26	1312.36	1334.90	1362.02	1387.68	1420.14	
1450.92	1486.12	1520.46	1557.68	1596.94	1649.66	1698.86	1750.24	1805.08	1859.04	1929.40	2030.82	2156.28	2316.76	2538.20	2792.44	
3104.80	3457.92	3652.44	3692.46	3717.24	3725.82	3730.78	3736.88	3738.48	3739.10	3735.96	3733.82	3738.00	3735.64	3736.44	3733.98	
3731.34	3732.54	3737.98	3742.32	3732.18	3733.18	3728.88	3726.60	3733.46	3736.86	3739.68	3740.12	3738.04	3734.46	3731.66	3726.30	
3730.06	3729.66	3727.26	3721.72	3721.42	3717.22	3718.86	3723.32	3721.42	3726.12	3727.54	3724.00	3727.80	3725.78	3731.14	3734.42	
3733.62	3737.68	3736.78	3732.28	3734.68	3733.14	3730.84	3723.72	3729.12	3731.52	3717.96	3729.60	3731.10	3731.52	3728.88	3730.18	
3720.46	3704.96	3704.66	3703.66	3702.06	3702.48	3718.12	3735.06	3723.66	3720.32	3713.70	3693.80	3715.00	3730.28	3717.20	3716.02	
3719.46	3715.16	3711.32	3717.68	3709.30	3705.04	3703.28	3698.52	3698.52	3704.34	3711.24	3716.08	3712.68	3714.62	3737.92	3694.42	

*******************************************2025/04/04;05:36:29
Probe number 58
Concentration entered by User 1.53% (Compensated: 1.80% at temperature 23.9)
1143.62	1145.20	1163.98	1174.62	1184.06	1198.00	1213.38	1227.04	1244.64	1263.80	1284.82	1309.24	1332.80	1356.90	1383.92	1415.88	
1446.68	1480.72	1515.06	1552.34	1591.70	1642.38	1694.14	1742.46	1798.52	1854.36	1931.58	2032.88	2158.04	2319.16	2541.22	2804.40	
3156.44	3482.14	3645.08	3678.44	3708.68	3721.78	3729.60	3734.14	3733.70	3735.28	3731.30	3729.06	3733.76	3731.48	3732.52	3730.16	
3727.30	3727.98	3733.22	3737.92	3727.90	3728.50	3724.86	3722.34	3729.90	3732.76	3734.90	3735.70	3734.06	3730.62	3727.86	3722.46	
3726.14	3725.28	3722.32	3717.04	3717.56	3713.04	3714.16	3718.60	3716.52	3721.64	3723.44	3719.66	3723.52	3720.98	3726.66	3730.30	
3729.34	3733.40	3732.56	3727.86	3730.82	3729.14	3727.02	3719.02	3724.66	3726.74	3713.44	3725.54	3726.88	3727.00	3724.32	3725.90	
3715.84	3700.20	3699.92	3698.66	3696.86	3697.24	3713.72	3730.76	3719.34	3715.42	3708.84	3688.28	3710.38	3726.18	3712.52	3711.60	
3714.66	3710.30	3706.60	3713.26	3704.36	3700.00	3698.12	3693.32	3693.64	3699.22	3706.42	3711.24	3707.86	3710.06	3733.90	3689.28	

*******************************************2025/04/04;05:56:29
Probe number 59
Concentration entered by User 1.53% (Compensated: 1.80% at temperature 23.9)
1142.96	1144.22	1162.60	1173.22	1182.24	1195.84	1211.20	1225.72	1242.56	1260.42	1281.20	1306.72	1330.26	1355.12	1382.28	1415.42	
1445.32	1479.96	1511.90	1550.20	1592.46	1642.82	1691.92	1747.16	1803.36	1860.12	1929.62	2036.76	2161.02	2317.68	2533.56	2779.20	
3149.12	3495.22	3648.46	3692.16	3713.10	3727.64	3725.66	3730.86	3734.92	3739.76	3736.80	3734.74	3738.66	3735.72	3734.86	3731.54	
3728.78	3731.56	3737.86	3742.64	3731.58	3731.94	3727.84	3725.82	3733.10	3736.16	3738.80	3739.36	3737.60	3734.34	3731.36	3726.26	
3729.44	3729.44	3726.62	3721.06	3721.10	3716.76	3717.74	3722.06	3720.58	3725.32	3727.10	3723.10	3727.12	3724.98	3729.92	3733.12	
3732.44	3737.04	3736.04	3731.30	3733.96	3732.02	3730.20	3723.00	3728.02	3730.68	3716.74	3728.84	3730.50	3730.64	3727.90	3729.38	
3719.54	3704.00	3703.60	3703.00	3700.74	3701.18	3717.24	3734.10	3722.60	3718.88	3712.54	3692.92	3714.18	3729.84	3716.06	3714.64	
3718.36	3714.14	3710.62	3716.98	3707.84	3703.84	3702.26	3697.34	3697.36	3703.18	3710.38	3715.30	3711.88	3713.78	3736.94	3693.58	

*******************************************2025/04/04;06:16:29
Probe number 60
Concentration entered by User 1.68% (Compensated: 1.94% at temperature 23.8)
1142.08	1143.46	1162.12	1172.62	1181.56	1195.28	1210.24	1224.58	1242.46	1260.42	1280.64	1305.36	1327.60	1353.60	1382.26	1413.84	
1443.28	1477.74	1512.34	1548.58	1590.78	1641.86	1692.30	1743.04	1802.44	1854.90	1929.98	2035.30	2155.38	2323.44	2514.70	2726.88	
3060.16	3460.62	3655.98	3706.52	3710.92	3723.74	3728.98	3736.00	3737.44	3739.28	3735.34	3734.52	3739.90	3738.00	3737.90	3734.94	
3732.32	3733.86	3739.18	3744.20	3733.58	3734.36	3730.60	3728.56	3735.44	3738.64	3740.58	3741.48	3739.36	3736.36	3733.62	3728.44	
3731.68	3731.44	3728.88	3723.28	3723.42	3718.88	3719.74	3724.44	3722.66	3727.60	3729.36	3725.56	3729.36	3727.10	3732.22	3735.22	
3734.90	3739.08	3738.26	3733.30	3735.78	3734.20	3732.44	3725.02	3730.88	3732.70	3719.26	3731.10	3732.76	3733.26	3730.10	3731.96	
3721.72	3706.76	3706.36	3705.44	3703.56	3703.60	3719.68	3736.52	3725.16	3721.60	3714.86	3695.10	3716.74	3731.98	3718.50	3717.30	
3720.64	3716.28	3712.68	3719.22	3710.46	3706.42	3704.44	3700.28	3700.00	3705.70	3712.66	3717.76	3713.56	3715.96	3738.98	3695.74	

*******************************************2025/04/04;06:36:29
Probe number 61
Concentration entered by User 1.77% (Compensated: 2.04% at temperature 23.9)
1202.30	1202.20	1225.14	1236.74	1246.80	1262.02	1278.92	1293.24	1310.78	1329.56	1350.22	1375.40	1399.22	1424.50	1454.54	1488.30	
1517.58	1553.08	1589.66	1629.58	1669.90	1719.48	1767.10	1818.10	1874.82	1933.62	2009.04	2100.20	2194.60	2306.14	2476.02	2693.78	
2983.70	3449.40	3658.36	3723.10	3728.66	3734.64	3732.64	3734.48	3733.72	3733.64	3729.28	3727.26	3732.50	3730.72	3730.00	3724.22	
3719.88	3720.02	3725.66	3730.20	3720.00	3721.16	3717.94	3715.64	3723.08	3726.90	3729.70	3730.72	3729.22	3726.58	3724.52	3720.12	
3724.78	3725.42	3723.50	3718.44	3718.64	3714.66	3715.92	3720.94	3719.28	3724.14	3726.16	3721.80	3726.06	3723.10	3729.00	3733.26	
3732.56	3736.88	3736.08	3730.24	3732.44	3730.86	3729.70	3723.20	3728.06	3730.58	3716.02	3727.62	3728.74	3729.40	3727.54	3729.28	
3719.48	3703.64	3702.76	3702.16	3700.52	3701.04	3717.12	3733.80	3722.38	3718.58	3711.88	3691.90	3713.82	3729.14	3715.50	3714.44	
3717.58	3713.26	3709.44	3715.80	3707.22	3702.76	3701.28	3696.50	3696.40	3702.80	3709.96	3713.64	3710.22	3712.70	3736.76	3693.20	

*******************************************2025/04/04;06:56:29
Probe number 62
Concentration entered by User 2.76% (Compensated: 3.06% at temperature 24.4)
1235.80	1236.60	1262.38	1275.12	1286.86	1303.48	1321.88	1336.72	1356.02	1375.90	1396.06	1422.80	1445.02	1472.44	1501.76	1533.30	
1563.84	1600.72	1634.78	1676.36	1715.68	1769.84	1815.42	1872.92	1930.34	1991.34	2064.42	2146.30	2229.08	2345.86	2478.44	2630.74	
2829.64	3064.64	3366.26	3599.62	3710.90	3762.36	3751.46	3744.24	3738.30	3735.82	3727.62	3723.44	3728.20	3723.90	3721.80	3717.88	
3714.40	3714.78	3721.10	3726.16	3715.14	3716.74	3713.82	3712.56	3720.74	3724.42	3728.38	3730.10	3728.58	3725.98	3724.54	3720.94	
3725.70	3725.84	3723.62	3718.60	3719.70	3716.48	3718.56	3723.78	3721.50	3725.88	3727.68	3724.08	3727.72	3725.66	3731.32	3735.00	
3734.60	3739.26	3738.52	3732.82	3735.10	3732.88	3731.80	3724.72	3730.02	3732.20	3718.58	3729.74	3731.16	3731.72	3729.16	3730.70	
3720.88	3705.70	3705.70	3704.40	3702.86	3703.06	3719.12	3735.60	3724.70	3720.42	3714.06	3694.48	3716.22	3731.12	3718.16	3716.28	
3719.58	3715.16	3711.90	3718.16	3709.66	3705.54	3703.74	3698.80	3699.14	3704.76	3711.80	3716.70	3713.06	3714.98	3738.40	3694.86	

*******************************************2025/04/04;07:00:03
Probe number 63
Concentration entered by User 2.84% (Compensated: 3.15% at temperature 24.4)
1240.96	1240.94	1266.96	1280.28	1291.56	1307.82	1326.48	1341.52	1361.56	1380.92	1401.52	1428.14	1451.94	1477.74	1506.68	1540.34	
1569.36	1608.08	1643.36	1680.52	1725.02	1775.62	1825.50	1879.66	1936.50	2000.30	2068.54	2145.72	2234.74	2337.62	2472.34	2631.00	
2807.42	3046.86	3338.08	3576.10	3711.70	3771.00	3758.18	3749.72	3746.14	3739.64	3730.12	3725.10	3728.80	3724.90	3723.58	3718.68	
3714.30	3715.84	3721.50	3726.26	3715.74	3716.66	3714.48	3712.96	3721.72	3725.30	3728.84	3730.56	3729.30	3726.86	3725.16	3721.88	
3726.40	3726.66	3724.06	3719.34	3720.36	3717.68	3719.14	3724.18	3721.98	3726.66	3728.38	3724.78	3728.62	3726.38	3732.24	3735.76	
3735.32	3740.12	3739.18	3733.62	3735.58	3733.98	3732.80	3725.46	3731.18	3733.38	3719.18	3730.66	3732.00	3732.32	3729.98	3731.70	
3722.16	3707.22	3706.36	3705.20	3703.54	3704.40	3720.34	3737.12	3725.22	3721.34	3714.56	3695.76	3717.38	3732.56	3719.22	3716.92	
3720.16	3716.20	3713.40	3719.48	3710.36	3706.58	3705.14	3700.24	3700.34	3705.36	3712.34	3717.30	3714.24	3715.82	3739.20	3695.82	

*******************************************2025/04/04;07:16:29
Probe number 64
Concentration entered by User 2.98% (Compensated: 3.32% at temperature 24.8)
1247.26	1246.44	1272.90	1286.28	1297.44	1314.54	1334.08	1350.00	1369.28	1388.38	1408.52	1433.54	1457.10	1485.02	1515.36	1547.50	
1579.62	1615.20	1651.70	1690.58	1729.76	1780.58	1831.34	1880.38	1934.98	1994.54	2056.34	2148.26	2211.92	2325.46	2469.12	2554.16	
2770.74	2995.84	3285.54	3570.78	3686.44	3756.66	3748.10	3742.42	3734.84	3726.10	3718.14	3716.10	3719.02	3715.32	3716.00	3712.38	
3708.36	3709.64	3715.72	3721.64	3711.46	3713.48	3711.52	3710.62	3719.34	3723.40	3726.60	3728.32	3727.28	3725.44	3724.34	3720.08	
3725.44	3725.62	3723.36	3718.30	3719.62	3716.70	3719.02	3723.64	3721.52	3725.74	3727.82	3724.22	3727.98	3726.14	3731.70	3735.54	
3734.80	3739.40	3738.82	3732.96	3734.68	3733.22	3732.20	3725.50	3730.42	3732.56	3718.54	3729.42	3731.40	3732.14	3729.70	3731.40	
3721.42	3706.08	3706.26	3704.94	3703.52	3703.34	3719.12	3736.18	3725.20	3721.48	3714.54	3695.28	3716.00	3731.52	3718.88	3717.38	
3720.14	3716.30	3713.04	3718.42	3709.34	3704.68	3703.18	3699.72	3700.20	3705.40	3711.92	3716.54	3713.22	3715.18	3738.44	3695.64	

*******************************************2025/04/04;07:36:29
Probe number 65
Concentration entered by User 2.95% (Compensated: 3.30% at temperature 24.9)
1261.38	1260.44	1287.44	1300.38	1311.60	1328.86	1347.64	1362.54	1381.68	1400.82	1421.56	1447.58	1471.54	1497.70	1526.78	1559.12	
1590.98	1624.96	1655.76	1700.54	1739.92	1789.28	1837.20	1883.82	1939.84	1999.06	2062.98	2136.36	2219.08	2304.24	2440.50	2571.36	
2724.70	2940.80	3310.00	3608.10	3719.86	3738.62	3733.16	3730.22	3723.88	3722.24	3716.40	3715.04	3719.60	3716.80	3717.06	3712.52	
3709.30	3711.56	3718.44	3725.42	3715.54	3717.98	3716.50	3714.98	3723.94	3728.16	3731.72	3734.04	3733.38	3731.52	3729.92	3726.10	
3730.56	3731.20	3729.60	3725.40	3726.34	3723.48	3725.00	3729.52	3727.50	3732.02	3733.88	3730.50	3734.22	3732.46	3737.60	3741.02	
3740.64	3744.76	3744.52	3739.26	3740.66	3739.12	3738.00	3731.22	3736.46	3737.88	3724.94	3735.60	3737.44	3737.72	3735.20	3737.00	
3727.42	3713.38	3713.16	3711.78	3710.34	3710.46	3725.94	3742.30	3731.06	3726.98	3720.64	3702.24	3722.96	3737.54	3724.78	3723.56	
3726.52	3722.68	3719.62	3724.96	3716.04	3712.44	3710.58	3706.84	3706.28	3711.88	3718.94	3723.76	3720.00	3721.46	3744.30	3702.04	

*******************************************2025/04/04;07:56:29
Probe number 66
Concentration entered by User 1.86% (Compensated: 2.22% at temperature 25.1)
1262.76	1261.16	1288.44	1301.80	1313.04	1329.52	1347.80	1362.08	1381.16	1398.96	1418.82	1443.32	1464.90	1490.86	1517.32	1549.22	
1579.62	1614.92	1645.12	1685.78	1725.22	1773.54	1819.48	1867.94	1926.76	1983.64	2062.30	2155.40	2265.18	2393.54	2584.00	2824.46	
3144.64	3372.92	3496.38	3650.20	3705.62	3711.00	3713.90	3719.00	3719.96	3721.02	3714.38	3712.82	3717.42	3715.74	3718.96	3718.30	
3715.06	3715.62	3721.52	3727.56	3718.08	3720.32	3719.82	3719.28	3728.54	3731.86	3734.58	3736.78	3736.70	3735.88	3734.76	3730.78	
3735.04	3734.88	3733.34	3729.30	3731.40	3728.64	3729.48	3733.22	3730.56	3735.92	3739.20	3735.94	3738.08	3734.46	3740.10	3744.22	
3744.38	3749.80	3749.72	3743.08	3743.94	3741.96	3741.12	3735.04	3740.68	3742.34	3729.50	3739.16	3740.78	3741.10	3739.34	3740.92	
3731.52	3717.66	3717.52	3715.58	3714.74	3714.48	3729.96	3745.52	3735.26	3731.80	3724.66	3705.78	3726.72	3741.62	3729.46	3728.18	
3730.50	3725.96	3723.66	3728.96	3720.54	3715.32	3714.54	3710.70	3711.68	3716.54	3722.86	3726.98	3723.98	3726.06	3747.74	3706.66	

*******************************************2025/04/04;08:16:29
Probe number 67
Concentration entered by User 1.79% (Compensated: 2.17% at temperature 25.5)
1264.28	1262.92	1290.34	1302.94	1314.62	1330.76	1349.18	1362.50	1381.72	1401.14	1421.26	1447.46	1468.76	1492.92	1520.20	1552.68	
1583.84	1619.68	1655.54	1693.96	1738.74	1788.76	1833.76	1881.78	1941.68	2008.18	2088.02	2174.60	2284.86	2431.92	2624.34	2840.26	
3121.08	3390.52	3544.68	3666.08	3694.94	3700.66	3700.20	3703.58	3706.44	3709.94	3705.08	3704.02	3707.84	3706.98	3710.02	3708.72	
3704.50	3705.02	3711.66	3718.58	3709.46	3712.76	3711.50	3710.68	3719.86	3723.74	3727.20	3728.26	3727.52	3725.90	3725.26	3720.80	
3725.70	3727.30	3726.38	3721.90	3722.98	3719.72	3720.38	3724.14	3722.28	3728.38	3730.64	3726.38	3729.02	3726.26	3732.22	3735.76	
3736.18	3741.60	3741.88	3734.94	3736.14	3734.56	3733.62	3726.42	3732.60	3734.72	3721.12	3731.28	3732.78	3733.02	3731.26	3733.06	
3722.86	3709.10	3709.32	3706.78	3706.02	3705.08	3721.24	3738.06	3727.00	3723.22	3715.92	3696.34	3718.30	3733.74	3720.60	3719.60	
3721.58	3717.48	3714.26	3720.06	3711.38	3706.78	3705.24	3702.34	3702.28	3707.60	3714.64	3719.26	3715.66	3717.40	3740.24	3698.06	

*******************************************2025/04/04;08:36:29
Probe number 68
Concentration entered by User 1.81% (Compensated: 2.21% at temperature 25.7)
1263.32	1261.80	1289.16	1302.32	1313.62	1330.04	1348.42	1364.18	1382.42	1402.20	1423.56	1448.52	1471.02	1494.16	1521.14	1555.44	
1587.80	1621.48	1659.06	1696.84	1738.06	1792.32	1838.06	1888.08	1945.58	2010.92	2087.50	2172.92	2288.20	2423.50	2587.24	2786.62	
3075.88	3393.08	3586.52	3681.24	3685.90	3693.10	3693.36	3697.66	3700.14	3703.48	3698.20	3698.46	3704.44	3703.56	3706.58	3703.32	
3701.28	3703.72	3709.96	3717.86	3709.10	3711.46	3710.74	3709.22	3719.04	3723.36	3726.12	3728.72	3728.02	3726.16	3725.22	3720.66	
3724.68	3725.52	3724.52	3722.08	3723.90	3719.98	3719.92	3722.36	3720.90	3727.02	3729.86	3727.22	3730.24	3727.22	3732.34	3735.46	
3735.22	3741.48	3741.78	3735.56	3736.16	3734.48	3733.28	3726.62	3731.92	3734.44	3720.46	3731.34	3732.26	3732.58	3731.16	3732.20	
3722.46	3707.76	3707.86	3705.88	3705.24	3705.14	3721.78	3738.02	3727.02	3722.80	3715.64	3696.22	3719.02	3734.18	3720.16	3719.30	
3721.40	3717.58	3714.46	3719.86	3710.60	3706.48	3705.30	3702.08	3702.34	3706.82	3714.02	3719.04	3715.34	3716.80	3739.64	3697.14	

*******************************************2025/04/04;08:56:29
Probe number 69
Concentration entered by User 1.90% (Compensated: 2.30% at temperature 25.7)
1265.60	1264.34	1291.84	1305.32	1316.84	1332.94	1352.00	1367.30	1387.16	1407.80	1428.38	1453.14	1475.80	1501.28	1530.50	1562.04	
1594.28	1629.80	1668.50	1709.22	1748.66	1799.72	1848.28	1894.12	1950.66	2021.56	2090.78	2196.40	2292.86	2425.98	2616.48	2814.58	
3068.00	3362.58	3551.94	3666.68	3682.46	3690.06	3690.34	3694.46	3698.08	3702.08	3698.22	3698.60	3705.14	3704.92	3707.18	3703.56	
3701.08	3703.30	3710.88	3718.92	3710.58	3713.56	3711.88	3710.20	3721.14	3724.88	3727.78	3729.12	3728.04	3726.42	3725.46	3721.14	
3725.82	3725.96	3724.34	3721.14	3723.02	3720.42	3720.90	3723.64	3721.32	3726.94	3729.56	3727.18	3730.38	3728.12	3732.74	3735.62	
3735.84	3741.92	3742.18	3735.40	3735.92	3734.84	3733.40	3726.60	3732.24	3734.22	3720.52	3731.66	3732.74	3732.66	3731.30	3732.60	
3722.82	3708.80	3708.86	3706.70	3706.08	3705.12	3721.96	3738.12	3727.72	3722.94	3715.98	3696.90	3718.30	3734.42	3719.82	3720.00	
3722.08	3717.98	3714.94	3720.60	3711.54	3707.36	3705.90	3702.18	3702.86	3708.20	3714.50	3719.24	3715.36	3717.00	3740.18	3697.94	

*******************************************2025/04/04;09:16:29
Probe number 70
Concentration entered by User 1.79% (Compensated: 2.21% at temperature 25.9)
1266.18	1264.02	1291.30	1305.28	1317.46	1334.18	1353.78	1369.02	1389.26	1409.84	1430.76	1457.20	1480.58	1507.96	1535.84	1568.42	
1600.32	1636.28	1674.22	1714.26	1756.20	1806.26	1852.24	1905.74	1958.76	2021.74	2097.86	2175.86	2286.70	2431.96	2614.02	2835.16	
3093.96	3381.88	3578.72	3683.04	3690.06	3698.24	3696.86	3698.56	3699.36	3702.46	3698.46	3700.88	3709.14	3708.34	3710.38	3707.74	
3705.00	3707.52	3714.52	3723.12	3714.08	3717.00	3714.96	3714.30	3724.54	3728.44	3731.20	3732.08	3730.72	3729.16	3728.14	3724.50	
3728.98	3729.58	3727.66	3723.70	3725.62	3722.74	3724.16	3727.52	3724.64	3729.94	3731.82	3729.74	3733.10	3731.96	3736.50	3739.00	
3738.42	3744.54	3744.54	3738.02	3739.50	3737.64	3736.62	3730.24	3735.54	3737.84	3723.80	3734.94	3735.40	3735.88	3734.60	3735.54	
3726.02	3712.52	3711.72	3709.86	3708.78	3708.94	3725.56	3740.80	3730.18	3725.90	3719.02	3700.74	3721.90	3736.90	3723.24	3723.42	
3725.12	3720.74	3718.34	3723.64	3714.62	3710.98	3708.76	3705.54	3705.92	3711.50	3717.48	3722.20	3718.40	3720.16	3742.62	3701.92	

*******************************************2025/04/04;09:36:29
Probe number 71
Concentration entered by User 1.76% (Compensated: 2.17% at temperature 25.8)
1265.34	1263.58	1290.80	1304.50	1316.76	1333.00	1352.54	1369.42	1389.82	1408.98	1431.60	1458.14	1482.00	1509.70	1539.92	1574.22	
1606.32	1644.66	1681.08	1722.00	1763.34	1813.44	1861.26	1909.94	1968.64	2030.16	2103.00	2198.54	2308.74	2444.18	2623.68	2836.24	
3105.52	3389.52	3590.08	3676.72	3692.84	3699.88	3698.72	3702.38	3704.00	3707.54	3703.80	3704.24	3710.68	3710.00	3711.36	3707.60	
3705.52	3707.04	3714.18	3722.32	3713.14	3715.76	3714.48	3713.38	3723.56	3727.10	3729.58	3730.50	3729.42	3727.56	3726.44	3722.60	
3727.14	3727.70	3725.84	3721.54	3723.50	3721.44	3722.80	3725.86	3723.14	3728.16	3729.50	3727.04	3731.74	3730.68	3734.88	3736.98	
3736.50	3742.26	3742.54	3735.88	3737.40	3735.92	3734.62	3728.56	3734.12	3736.34	3722.42	3733.12	3734.02	3734.36	3733.18	3734.08	
3724.76	3710.94	3710.34	3707.74	3706.82	3706.88	3723.68	3739.66	3729.08	3724.62	3717.38	3698.34	3720.22	3735.40	3721.46	3721.78	
3723.58	3719.34	3716.40	3721.76	3712.96	3708.94	3707.02	3703.58	3703.86	3709.42	3716.12	3720.84	3717.34	3718.38	3741.22	3700.34	

*******************************************2025/04/04;09:56:29
Probe number 72
Concentration entered by User 1.54% (Compensated: 1.93% at temperature 25.6)
1269.08	1267.42	1295.64	1310.38	1322.96	1340.84	1360.94	1377.02	1397.30	1418.06	1439.32	1466.08	1491.02	1520.14	1550.60	1586.42	
1616.20	1653.16	1693.88	1735.88	1778.70	1833.36	1879.66	1929.10	1991.48	2051.24	2127.52	2218.00	2323.66	2466.90	2663.80	2896.98	
3173.36	3441.30	3613.50	3690.12	3695.16	3702.70	3700.82	3702.84	3703.68	3705.70	3702.54	3703.12	3708.92	3707.22	3708.28	3705.56	
3702.86	3705.14	3712.98	3720.24	3711.48	3714.00	3712.42	3711.82	3722.34	3725.58	3728.38	3729.14	3727.66	3725.56	3724.70	3721.08	
3725.84	3725.72	3723.96	3719.74	3721.76	3719.76	3721.18	3723.86	3721.32	3726.08	3728.80	3725.94	3729.96	3727.82	3732.48	3734.72	
3734.32	3741.02	3741.40	3734.32	3735.46	3732.98	3732.32	3726.10	3732.46	3734.54	3720.28	3731.22	3732.22	3732.42	3731.20	3732.22	
3722.96	3708.92	3708.14	3705.80	3705.06	3704.44	3721.88	3737.96	3727.48	3722.42	3715.02	3696.50	3718.80	3734.30	3719.98	3719.74	
3721.40	3717.58	3714.64	3720.12	3710.84	3706.98	3705.30	3702.02	3702.06	3707.02	3714.12	3718.90	3715.78	3716.66	3739.80	3697.24	

*******************************************2025/04/04;10:16:29
Probe number 73
Concentration entered by User 2.39% (Compensated: 2.68% at temperature 24.3)
1275.32	1274.10	1302.58	1316.02	1327.34	1344.10	1364.16	1380.14	1399.70	1421.26	1443.34	1467.92	1492.16	1521.60	1551.84	1584.22	
1617.72	1658.34	1692.84	1734.16	1777.12	1826.00	1880.94	1931.82	1994.22	2053.86	2122.82	2200.52	2286.04	2414.76	2620.20	2777.06	
2997.20	3252.60	3440.40	3559.14	3590.28	3619.68	3633.36	3644.72	3649.68	3657.62	3657.20	3663.16	3672.26	3674.62	3680.68	3682.80	
3681.66	3691.58	3705.06	3715.24	3708.36	3712.92	3712.66	3711.12	3721.06	3726.42	3731.22	3734.78	3734.24	3733.02	3732.86	3729.84	
3734.18	3733.66	3731.02	3725.62	3726.76	3722.74	3724.00	3726.90	3725.62	3728.96	3728.50	3724.46	3730.02	3730.58	3735.18	3737.42	
3736.06	3737.86	3736.40	3732.80	3733.54	3732.06	3731.02	3724.04	3730.52	3731.66	3720.14	3731.52	3732.30	3733.86	3732.48	3735.56	
3724.98	3708.90	3710.04	3707.88	3705.42	3704.70	3722.10	3738.70	3727.94	3723.16	3717.30	3697.24	3719.20	3734.52	3721.98	3720.48	
3724.64	3720.02	3716.78	3722.36	3714.60	3711.80	3708.92	3703.70	3702.96	3708.86	3714.94	3720.12	3715.32	3717.24	3742.22	3700.92	

*******************************************2025/04/04;10:36:29
Probe number 74
Concentration entered by User 2.65% (Compensated: 2.94% at temperature 24.2)
1278.84	1277.48	1306.56	1321.38	1333.76	1351.52	1372.66	1389.68	1409.84	1428.96	1452.30	1478.88	1501.84	1529.84	1561.26	1596.10	
1629.26	1667.42	1703.64	1744.60	1786.66	1833.76	1885.28	1939.44	1993.38	2058.70	2138.92	2217.88	2308.20	2432.02	2584.62	2740.88	
2956.76	3206.20	3391.00	3500.90	3539.18	3576.98	3596.98	3613.04	3620.38	3627.18	3633.88	3645.18	3654.52	3658.22	3664.62	3668.96	
3666.14	3678.12	3694.92	3707.38	3702.96	3708.70	3710.16	3708.54	3718.88	3723.96	3729.84	3736.04	3737.84	3737.38	3739.30	3738.54	
3742.94	3740.18	3735.84	3728.98	3730.10	3724.10	3723.86	3726.60	3725.02	3727.74	3725.80	3721.72	3727.36	3730.58	3733.80	3735.08	
3734.68	3734.90	3733.66	3730.32	3731.24	3728.64	3727.94	3722.44	3728.40	3729.64	3721.94	3733.16	3733.98	3736.60	3737.16	3740.46	
3728.92	3711.12	3711.62	3707.88	3702.88	3701.02	3716.62	3734.52	3723.74	3719.98	3714.74	3696.16	3718.08	3734.46	3723.66	3723.00	
3728.66	3724.96	3721.44	3726.26	3719.20	3715.84	3710.58	3704.62	3703.82	3707.66	3712.56	3715.86	3710.18	3712.60	3740.86	3700.46	

*******************************************2025/04/04;10:56:29
Probe number 75
Concentration entered by User 2.74% (Compensated: 3.05% at temperature 24.6)
1284.98	1283.28	1312.60	1327.42	1340.92	1359.16	1380.88	1397.42	1416.38	1437.84	1459.10	1484.28	1509.04	1537.48	1568.30	1604.96	
1635.10	1674.36	1711.92	1750.56	1788.94	1838.00	1889.28	1946.76	1995.48	2058.54	2140.78	2221.24	2307.64	2425.54	2582.02	2734.18	
2943.58	3181.50	3381.78	3490.52	3523.86	3558.20	3579.04	3598.38	3609.30	3620.44	3629.66	3644.78	3655.14	3655.62	3661.48	3665.28	
3664.84	3678.06	3696.76	3712.32	3711.62	3717.36	3717.66	3714.58	3723.76	3729.02	3734.04	3741.36	3743.82	3743.96	3747.34	3747.02	
3751.12	3747.88	3743.48	3737.86	3738.72	3733.00	3732.48	3734.86	3732.68	3735.20	3731.38	3727.04	3731.62	3736.16	3739.06	3739.74	
3739.54	3739.66	3738.42	3735.14	3736.14	3733.00	3731.68	3727.58	3732.46	3735.64	3727.92	3740.26	3740.38	3742.42	3744.16	3747.42	
3735.64	3718.00	3719.08	3715.40	3708.82	3704.34	3719.20	3735.74	3725.20	3722.44	3717.08	3699.78	3721.76	3740.06	3730.80	3729.66	
3736.68	3734.80	3732.60	3735.78	3729.36	3724.20	3719.08	3710.64	3708.88	3710.82	3713.88	3715.94	3710.78	3713.60	3742.26	3702.94	

*******************************************2025/04/04;11:16:29
Probe number 76
Concentration entered by User 2.93% (Compensated: 3.26% at temperature 24.8)
1288.04	1285.90	1316.32	1331.10	1343.68	1361.46	1383.54	1398.94	1417.60	1439.88	1461.94	1488.36	1514.24	1541.48	1571.22	1606.40	
1639.64	1674.74	1708.90	1749.16	1783.22	1829.48	1881.46	1935.30	1987.60	2047.56	2132.48	2210.12	2306.20	2412.78	2575.84	2729.70	
2924.92	3143.38	3352.70	3461.44	3501.12	3545.64	3569.56	3585.12	3592.64	3600.76	3610.18	3628.12	3640.24	3640.58	3650.36	3656.36	
3656.96	3668.14	3687.38	3704.86	3707.26	3713.40	3714.30	3710.26	3719.44	3724.70	3728.88	3736.62	3738.10	3738.32	3740.90	3740.42	
3745.24	3742.30	3736.98	3731.08	3731.48	3725.48	3725.00	3726.96	3725.32	3728.60	3724.74	3719.78	3725.22	3729.72	3733.20	3732.56	
3732.64	3732.30	3729.68	3726.24	3726.80	3724.18	3725.36	3721.50	3727.22	3729.62	3722.54	3736.22	3736.10	3739.70	3741.62	3745.74	
3731.34	3712.64	3713.92	3709.64	3703.72	3698.10	3712.02	3728.86	3717.72	3715.40	3709.50	3692.42	3715.30	3735.22	3726.54	3725.20	
3732.46	3731.06	3730.34	3733.92	3727.46	3721.44	3716.02	3706.20	3705.66	3706.16	3707.38	3707.92	3703.56	3707.18	3737.66	3696.96	

*******************************************2025/04/04;11:36:29
Probe number 77
Concentration entered by User 3.11% (Compensated: 3.47% at temperature 25.1)
1289.58	1287.72	1317.60	1332.84	1346.18	1363.52	1384.94	1400.70	1419.84	1442.10	1464.68	1492.06	1513.98	1542.34	1573.54	1605.10	
1636.56	1674.48	1710.10	1746.40	1784.92	1836.20	1886.70	1934.60	1987.06	2058.38	2141.60	2226.68	2301.38	2424.72	2586.74	2720.92	
2903.92	3115.98	3315.64	3436.46	3486.72	3537.26	3556.90	3572.70	3577.20	3582.62	3594.40	3616.14	3635.00	3634.92	3644.82	3649.70	
3648.68	3659.38	3681.14	3699.56	3703.92	3713.38	3712.50	3707.30	3717.34	3723.26	3727.40	3735.26	3738.36	3738.50	3742.04	3741.18	
3745.96	3743.72	3737.54	3731.20	3731.56	3724.32	3723.72	3726.34	3725.28	3727.82	3724.26	3720.10	3726.10	3731.26	3734.42	3732.48	
3732.32	3732.26	3729.00	3725.66	3726.12	3724.06	3725.62	3720.70	3726.46	3729.86	3720.54	3736.02	3737.06	3740.54	3743.32	3747.66	
3732.80	3713.24	3716.26	3712.18	3705.80	3699.20	3713.54	3729.04	3717.98	3714.68	3708.78	3691.30	3714.14	3734.18	3725.50	3724.12	
3732.16	3730.68	3731.80	3735.74	3730.40	3723.88	3718.52	3707.80	3706.00	3705.10	3705.26	3704.22	3700.48	3703.68	3735.20	3693.36	

*******************************************2025/04/04;11:56:29
Probe number 78
Concentration entered by User 3.12% (Compensated: 3.49% at temperature 25.3)
1291.38	1289.78	1320.36	1336.50	1349.40	1366.68	1388.06	1405.14	1424.86	1445.30	1467.68	1493.08	1515.96	1546.24	1575.84	1609.22	
1638.64	1677.52	1711.60	1748.08	1788.96	1843.80	1899.92	1946.04	1989.42	2067.20	2137.12	2224.14	2316.86	2429.60	2600.60	2744.10	
2915.20	3124.60	3310.24	3433.80	3484.74	3536.64	3559.92	3572.66	3574.78	3581.92	3595.22	3619.42	3639.14	3635.88	3641.04	3641.34	
3639.70	3650.48	3675.06	3697.26	3705.34	3714.12	3711.24	3704.86	3715.32	3722.64	3727.80	3736.88	3740.30	3742.34	3745.32	3744.84	
3749.20	3747.68	3740.44	3734.32	3734.30	3725.66	3724.26	3726.68	3725.96	3728.72	3725.86	3722.12	3728.32	3732.20	3736.04	3734.80	
3734.66	3735.16	3730.12	3727.04	3727.70	3725.80	3727.80	3723.72	3729.52	3732.06	3723.16	3739.30	3741.86	3746.18	3749.26	3752.80	
3737.32	3718.36	3721.02	3716.72	3709.96	3702.10	3716.60	3731.04	3720.28	3715.74	3710.62	3694.06	3717.02	3737.02	3728.20	3728.12	
3735.82	3733.88	3735.36	3740.86	3735.42	3728.36	3723.62	3712.88	3710.58	3708.66	3708.52	3707.70	3704.76	3707.62	3738.72	3697.00	

*******************************************2025/04/04;12:16:30
Probe number 79
Concentration entered by User 3.06% (Compensated: 3.44% at temperature 25.5)
1293.28	1291.16	1322.10	1337.48	1350.38	1368.86	1390.16	1405.94	1426.50	1449.64	1469.70	1496.80	1520.78	1549.40	1578.70	1615.26	
1641.64	1678.82	1715.90	1754.88	1793.18	1847.16	1890.50	1948.10	1995.26	2073.08	2147.90	2224.60	2324.12	2444.50	2610.56	2755.92	
2909.24	3125.88	3327.02	3440.90	3495.02	3546.14	3563.90	3574.60	3575.54	3580.16	3594.30	3620.74	3643.20	3639.44	3645.54	3645.42	
3642.34	3652.52	3677.88	3701.20	3709.92	3720.50	3718.10	3711.08	3721.08	3728.16	3733.80	3742.78	3746.14	3748.14	3751.42	3750.44	
3754.60	3753.36	3746.06	3739.50	3738.82	3729.50	3727.60	3730.16	3729.18	3732.36	3728.46	3724.72	3729.98	3733.76	3738.32	3735.96	
3735.56	3736.40	3731.62	3727.64	3728.28	3727.20	3729.12	3724.96	3730.44	3733.20	3724.22	3741.54	3744.30	3748.54	3752.42	3756.08	
3740.46	3722.36	3724.62	3719.68	3713.36	3706.50	3721.00	3734.46	3724.74	3719.88	3714.18	3698.02	3721.52	3741.06	3732.20	3732.64	
3739.80	3737.88	3740.30	3745.70	3739.82	3732.44	3728.08	3717.90	3715.54	3713.60	3712.74	3711.04	3708.46	3711.72	3741.96	3701.12	

*******************************************2025/04/04;12:36:29
Probe number 80
Concentration entered by User 3.21% (Compensated: 3.60% at temperature 25.5)
1291.32	1290.36	1321.36	1336.94	1349.64	1366.94	1388.86	1405.36	1424.70	1445.90	1467.68	1496.62	1517.46	1544.36	1573.40	1606.38	
1639.32	1673.68	1707.78	1747.50	1790.06	1839.36	1887.52	1936.04	1985.92	2065.58	2134.06	2208.56	2317.14	2439.74	2602.52	2741.30	
2888.80	3099.88	3301.40	3418.12	3476.72	3525.20	3538.32	3551.10	3555.12	3560.20	3575.94	3604.48	3628.08	3624.34	3629.00	3628.10	
3625.00	3635.28	3662.38	3687.04	3696.50	3708.10	3706.22	3698.54	3709.14	3717.16	3723.04	3731.50	3734.42	3737.86	3741.96	3740.22	
3744.54	3743.80	3735.26	3728.00	3727.08	3717.86	3715.72	3719.20	3717.86	3721.50	3717.36	3714.04	3719.20	3722.40	3727.46	3724.76	
3724.62	3725.68	3720.40	3715.98	3716.20	3715.24	3716.76	3712.06	3717.12	3720.66	3709.16	3729.28	3732.40	3737.58	3741.76	3745.72	
3727.98	3708.84	3709.86	3706.02	3699.68	3691.50	3705.68	3720.14	3710.06	3705.98	3700.54	3683.92	3708.68	3729.20	3720.94	3721.66	
3729.82	3728.38	3730.94	3736.70	3730.42	3723.08	3717.98	3706.78	3703.84	3700.68	3699.48	3697.60	3694.54	3698.50	3730.18	3687.10	

*******************************************2025/04/04;12:56:29
Probe number 81
Concentration entered by User 3.16% (Compensated: 3.56% at temperature 25.7)
1294.14	1292.80	1323.04	1338.48	1351.56	1370.84	1392.54	1408.90	1429.18	1450.00	1471.94	1499.04	1521.66	1547.98	1578.34	1612.10	
1643.00	1679.40	1716.02	1753.24	1793.70	1848.68	1891.66	1941.40	1996.58	2065.90	2140.74	2232.90	2325.32	2445.08	2595.68	2745.46	
2907.06	3117.66	3305.66	3425.30	3478.92	3526.30	3540.14	3554.22	3556.20	3563.70	3580.38	3609.26	3630.96	3629.98	3636.18	3634.74	
3631.50	3641.64	3667.74	3691.94	3703.32	3714.54	3711.50	3704.34	3714.86	3721.48	3728.04	3737.10	3739.92	3743.58	3747.92	3745.52	
3750.18	3749.14	3740.54	3733.26	3732.04	3723.18	3721.46	3724.44	3721.52	3725.64	3721.66	3717.98	3723.74	3726.30	3731.60	3728.16	
3728.04	3729.50	3725.32	3720.28	3720.42	3720.32	3721.38	3717.04	3721.32	3725.24	3714.34	3734.32	3736.96	3742.56	3746.26	3750.60	
3732.54	3713.88	3714.86	3711.40	3705.78	3698.54	3711.86	3725.52	3715.48	3712.00	3707.64	3690.50	3715.14	3735.82	3727.42	3728.34	
3735.68	3734.74	3737.96	3743.06	3737.60	3729.56	3724.64	3713.80	3710.64	3707.34	3706.20	3703.62	3700.78	3704.94	3735.02	3692.22	

*******************************************2025/04/04;13:16:29
Probe number 82
Concentration entered by User 3.18% (Compensated: 3.58% at temperature 25.8)
1294.94	1293.44	1325.36	1341.06	1353.80	1371.78	1394.18	1411.18	1430.30	1450.96	1473.88	1500.90	1524.30	1553.66	1580.70	1612.24	
1643.50	1678.84	1716.74	1756.34	1793.24	1843.76	1896.22	1948.04	1998.60	2063.54	2138.56	2226.76	2337.12	2451.10	2615.34	2741.54	
2911.78	3110.52	3304.30	3421.64	3480.70	3533.60	3546.52	3560.38	3562.16	3568.28	3586.76	3616.46	3636.84	3634.22	3639.60	3638.52	
3636.68	3645.66	3672.46	3697.36	3708.90	3719.44	3716.76	3707.96	3719.60	3726.08	3732.46	3741.38	3743.40	3746.02	3749.94	3747.22	
3751.52	3750.24	3740.82	3733.62	3732.72	3724.16	3721.74	3724.78	3722.86	3727.18	3723.00	3719.26	3725.94	3728.86	3734.04	3730.72	
3730.70	3732.20	3729.00	3723.70	3724.32	3724.28	3725.90	3721.24	3725.32	3730.12	3719.28	3738.80	3740.90	3746.66	3750.30	3754.30	
3736.76	3718.64	3718.72	3715.56	3710.08	3703.30	3715.80	3729.54	3720.22	3716.34	3711.50	3696.32	3719.88	3739.94	3731.18	3732.68	
3740.04	3738.70	3741.84	3747.22	3741.86	3734.24	3729.16	3718.62	3715.10	3710.76	3709.18	3707.50	3705.54	3708.64	3738.30	3695.86	

*******************************************2025/04/04;13:36:29
Probe number 83
Concentration entered by User 3.15% (Compensated: 3.57% at temperature 26.0)
1296.90	1295.84	1326.76	1343.26	1356.02	1375.00	1395.68	1411.38	1431.94	1453.78	1475.94	1502.60	1526.88	1551.66	1581.02	1617.22	
1647.44	1681.40	1715.26	1758.74	1801.00	1846.02	1892.12	1949.10	1994.38	2069.16	2144.62	2237.68	2335.48	2447.74	2615.10	2746.30	
2916.38	3127.28	3302.96	3423.62	3483.98	3536.14	3549.36	3562.62	3562.58	3570.52	3589.14	3617.74	3639.06	3638.00	3645.22	3642.92	
3641.92	3651.64	3678.30	3703.80	3713.98	3725.42	3722.92	3714.26	3725.64	3732.08	3737.98	3746.80	3748.14	3749.96	3753.82	3750.82	
3754.66	3753.18	3743.42	3736.38	3734.34	3726.10	3723.86	3727.90	3726.28	3730.78	3727.06	3723.28	3730.70	3733.42	3738.36	3734.54	
3734.52	3736.60	3733.54	3727.84	3728.42	3728.38	3728.82	3724.80	3728.62	3733.08	3722.42	3741.84	3744.26	3749.54	3753.48	3756.82	
3739.34	3721.82	3722.42	3719.92	3714.66	3708.38	3720.60	3733.74	3723.56	3720.30	3715.26	3700.22	3723.50	3743.48	3734.66	3736.22	
3744.32	3743.64	3746.56	3751.64	3746.64	3739.44	3733.86	3723.78	3719.26	3715.12	3713.56	3710.56	3708.38	3710.74	3740.52	3698.78	

*******************************************2025/04/04;13:56:30
Probe number 84
Concentration entered by User 3.21% (Compensated: 3.65% at temperature 26.2)
1298.18	1297.10	1328.42	1343.80	1356.40	1375.20	1396.60	1414.16	1433.70	1455.86	1478.22	1505.40	1528.96	1555.28	1581.90	1618.90	
1646.06	1682.06	1720.74	1760.18	1801.20	1850.66	1895.88	1949.90	1997.60	2068.50	2153.54	2243.92	2337.86	2450.74	2602.84	2739.60	
2913.92	3114.84	3289.76	3416.80	3477.60	3527.60	3540.92	3554.34	3554.88	3562.12	3584.08	3615.52	3636.72	3633.34	3639.88	3636.36	
3636.18	3647.14	3673.86	3701.02	3713.02	3724.44	3721.92	3711.48	3723.60	3730.92	3736.90	3746.02	3747.70	3749.52	3754.16	3750.76	
3754.06	3753.02	3743.02	3735.96	3733.02	3724.76	3723.82	3727.28	3725.20	3729.68	3724.56	3720.00	3727.58	3730.58	3736.24	3732.46	
3733.82	3735.30	3731.70	3725.46	3726.42	3726.42	3726.80	3723.38	3726.20	3731.34	3719.94	3739.84	3742.04	3747.96	3752.10	3756.00	
3738.80	3720.50	3721.08	3718.76	3713.50	3706.56	3719.28	3732.28	3722.26	3718.38	3712.84	3696.60	3720.22	3740.62	3731.72	3734.28	
3741.94	3741.62	3744.54	3749.94	3745.18	3737.82	3732.98	3722.48	3716.86	3711.32	3708.52	3706.86	3705.02	3707.26	3738.12	3695.84	

*******************************************2025/04/04;14:16:30
Probe number 85
Concentration entered by User 3.22% (Compensated: 3.67% at temperature 26.2)
1298.64	1297.90	1329.32	1345.06	1357.50	1376.50	1397.72	1414.72	1432.34	1454.64	1478.76	1506.56	1528.76	1555.98	1583.98	1620.20	
1646.88	1686.70	1720.18	1756.60	1796.50	1846.52	1896.16	1955.06	2002.84	2064.88	2144.04	2237.82	2323.66	2455.80	2602.38	2737.42	
2909.70	3108.00	3290.66	3415.70	3474.40	3523.74	3534.56	3545.72	3547.44	3556.76	3578.60	3611.06	3632.38	3629.10	3636.16	3633.34	
3633.88	3644.20	3671.94	3699.36	3712.52	3722.72	3719.32	3709.40	3721.60	3728.34	3735.20	3744.76	3746.52	3748.50	3753.68	3750.48	
3753.46	3752.42	3742.00	3734.20	3731.46	3722.26	3720.56	3724.68	3722.32	3726.56	3721.96	3716.90	3724.78	3728.14	3733.72	3730.18	
3731.92	3734.12	3730.84	3724.80	3725.44	3725.86	3726.46	3723.18	3726.68	3732.00	3719.58	3739.46	3741.86	3747.72	3751.88	3754.92	
3737.90	3717.90	3718.16	3717.04	3710.98	3702.82	3715.68	3729.08	3718.48	3714.86	3710.56	3693.90	3717.28	3738.36	3729.58	3731.50	
3740.28	3740.68	3744.34	3749.46	3744.88	3737.40	3732.44	3721.76	3716.34	3710.62	3706.42	3704.76	3703.64	3705.02	3736.80	3694.38	

*******************************************2025/04/04;14:36:29
Probe number 86
Concentration entered by User -1.00% (Compensated: -1.00% at temperature 25.7)
2709.76	2725.44	2856.88	2928.84	3020.20	3141.82	3245.30	3346.06	3402.06	3413.56	3440.20	3472.86	3507.36	3548.78	3584.56	3652.88	
3702.44	3706.70	3644.82	3556.08	3519.28	3547.54	3568.12	3560.58	3561.08	3546.70	3524.66	3451.48	3419.06	3472.42	3498.60	3490.02	
3480.54	3480.16	3444.76	3378.02	3327.16	3370.58	3390.38	3440.32	3490.52	3451.46	3427.40	3434.00	3416.36	3379.94	3386.66	3412.78	
3407.62	3392.40	3379.40	3407.12	3386.42	3358.36	3419.28	3538.36	3673.96	3740.08	3800.14	3811.62	3807.40	3803.26	3811.82	3832.24	
3843.16	3844.14	3827.96	3786.14	3745.94	3733.12	3720.50	3685.70	3653.30	3608.40	3572.26	3558.08	3622.92	3733.32	3775.36	3789.10	
3798.22	3801.32	3787.10	3760.84	3741.82	3780.68	3782.38	3765.68	3659.84	3608.26	3566.12	3582.96	3666.50	3686.36	3682.20	3670.48	
3653.26	3649.82	3694.46	3725.22	3731.18	3706.54	3732.56	3748.76	3727.12	3706.70	3673.42	3548.42	3455.80	3453.82	3299.38	3190.64	
3130.74	3067.78	3040.16	3059.50	3011.72	3025.34	2979.48	2941.26	2870.48	2858.28	2765.70	2707.46	2602.16	2531.16	2479.00	2357.94	

*******************************************2025/04/04;14:56:30
Probe number 87
Concentration entered by User 7.93% (Compensated: 8.37% at temperature 26.0)
1278.06	1278.08	1305.98	1319.24	1332.42	1348.84	1366.64	1381.38	1397.66	1413.74	1431.60	1457.94	1479.88	1505.26	1534.24	1566.96	
1596.78	1633.46	1669.06	1707.64	1750.70	1795.24	1846.24	1906.84	1967.76	2008.80	2042.80	2086.70	2134.96	2186.68	2240.48	2275.00	
2299.18	2322.70	2366.68	2418.26	2496.66	2615.68	2789.52	3053.32	3376.64	3637.26	3778.82	3822.88	3832.36	3817.96	3799.78	3797.38	
3816.36	3823.88	3832.62	3834.74	3832.96	3829.58	3830.60	3840.46	3846.66	3849.16	3851.00	3852.52	3853.30	3853.62	3854.20	3854.50	
3854.52	3853.78	3852.76	3851.90	3850.08	3848.24	3846.86	3846.02	3845.36	3843.80	3842.92	3843.12	3846.54	3849.60	3852.34	3853.38	
3852.88	3851.74	3848.46	3833.66	3792.84	3743.92	3686.52	3552.62	3328.08	3030.70	2776.32	2638.24	2571.62	2553.58	2519.66	2580.76	
2673.72	2764.32	2911.66	3110.68	3294.12	3469.76	3689.36	3774.88	3777.22	3730.68	3688.38	3608.14	3502.24	3399.60	3132.60	2883.00	
2678.60	2556.54	2484.52	2409.18	2342.32	2327.58	2303.16	2282.32	2222.28	2170.18	2192.00	2193.06	2195.12	2162.46	2150.30	2097.54	

*******************************************2025/04/04;15:16:30
Probe number 88
Concentration entered by User 10.79% (Compensated: 11.25% at temperature 26.2)
1173.54	1168.86	1185.36	1191.16	1196.52	1204.52	1213.72	1220.62	1231.80	1241.66	1252.98	1269.38	1285.76	1305.98	1324.00	1348.62	
1368.70	1389.96	1409.04	1430.72	1451.98	1476.54	1505.32	1536.10	1573.34	1612.06	1659.02	1706.26	1747.24	1788.02	1825.74	1840.58	
1859.10	1884.02	1913.24	1962.54	2064.76	2224.66	2410.26	2625.56	2819.08	3009.04	3153.74	3278.22	3414.50	3482.94	3518.04	3558.40	
3565.78	3545.20	3559.18	3614.32	3652.54	3668.44	3682.00	3687.94	3714.76	3726.28	3751.40	3786.30	3821.30	3836.52	3840.04	3841.70	
3841.00	3830.08	3809.88	3797.54	3797.32	3797.74	3795.12	3804.56	3798.30	3769.18	3771.90	3799.74	3825.40	3831.00	3839.32	3844.54	
3841.68	3838.64	3810.72	3744.82	3635.74	3488.30	3444.08	3383.44	3300.08	2971.24	2684.56	2478.70	2398.78	2450.70	2529.74	2621.58	
2723.48	2783.14	2925.18	3148.08	3361.90	3503.86	3650.34	3769.92	3749.48	3726.58	3632.60	3520.86	3400.82	3390.00	3233.86	3051.12	
2837.60	2745.40	2779.20	2861.40	2902.60	2826.16	2756.48	2676.56	2623.24	2680.38	2867.48	2988.04	2951.56	2877.20	2754.74	2622.90	

*******************************************2025/04/04;15:36:30
Probe number 89
Concentration entered by User 10.15% (Compensated: 10.61% at temperature 26.2)
1173.74	1164.34	1172.44	1171.54	1172.00	1177.28	1186.46	1194.34	1204.18	1213.46	1222.80	1240.68	1265.54	1298.00	1331.72	1371.28	
1402.84	1423.70	1433.10	1448.68	1473.06	1518.50	1583.50	1662.88	1741.98	1811.46	1888.70	1925.74	1946.30	1981.70	2052.30	2110.24	
2161.74	2267.68	2378.12	2449.10	2530.12	2646.56	2786.46	2937.82	3027.04	3121.24	3242.32	3377.74	3501.78	3592.68	3624.74	3611.92	
3556.82	3499.44	3506.46	3579.72	3634.92	3644.22	3654.96	3648.08	3673.32	3688.76	3712.12	3761.46	3803.80	3819.00	3818.96	3820.58	
3821.78	3809.02	3787.08	3779.86	3791.40	3786.64	3783.04	3797.78	3792.02	3761.16	3762.40	3796.64	3822.82	3822.32	3831.30	3838.54	
3835.50	3828.18	3794.00	3730.46	3619.80	3484.38	3454.52	3446.86	3368.48	3053.64	2732.44	2522.20	2468.68	2570.44	2668.04	2786.78	
2889.20	2925.80	3051.30	3225.84	3405.92	3515.44	3663.98	3769.94	3752.68	3730.08	3642.94	3553.98	3471.06	3474.68	3347.72	3205.90	
3041.02	2967.38	3058.68	3146.10	3267.00	3269.94	3184.44	3091.66	3061.86	3057.92	3266.48	3427.98	3341.36	3261.10	3167.62	2935.10	

*******************************************2025/04/04;15:56:30
Probe number 90
Concentration entered by User 6.58% (Compensated: 7.04% at temperature 26.4)
1163.16	1152.54	1157.64	1153.36	1150.30	1154.34	1163.62	1170.70	1178.40	1187.66	1199.46	1220.54	1249.20	1288.70	1329.98	1375.50	
1414.72	1438.46	1443.82	1460.30	1499.98	1559.56	1635.02	1737.02	1837.30	1902.04	1955.28	1991.08	2013.16	2084.34	2280.20	2477.08	
2665.58	2922.50	3044.94	3055.52	3055.28	3159.32	3292.54	3419.86	3552.80	3648.50	3695.52	3705.04	3697.64	3677.14	3632.96	3571.88	
3494.88	3459.74	3481.30	3554.08	3612.18	3622.18	3630.50	3625.72	3648.76	3664.38	3688.22	3742.26	3785.94	3800.24	3799.46	3801.02	
3802.74	3789.46	3767.62	3764.72	3779.20	3769.92	3779.78	3807.62	3815.78	3808.46	3814.62	3829.44	3832.42	3831.44	3838.36	3842.06	
3839.00	3834.14	3807.88	3723.16	3595.62	3470.96	3462.38	3457.92	3382.72	3100.54	2793.02	2613.68	2557.90	2665.86	2762.18	2871.60	
2960.86	2981.56	3100.16	3267.44	3442.56	3532.90	3677.28	3769.46	3753.36	3730.74	3652.28	3574.02	3511.74	3509.42	3412.22	3285.00	
3148.32	3076.14	3187.74	3258.44	3393.76	3470.22	3435.50	3338.04	3388.12	3349.16	3473.70	3643.38	3579.10	3491.54	3440.32	3229.54	

*******************************************2025/04/04;16:16:30
Probe number 91
Concentration entered by User 1.98% (Compensated: 2.43% at temperature 26.4)
1169.24	1161.78	1173.32	1169.66	1163.32	1163.32	1168.62	1172.06	1178.44	1186.36	1202.08	1229.08	1263.76	1305.54	1349.66	1399.14	
1438.46	1462.94	1473.02	1503.46	1558.86	1630.28	1720.92	1842.56	1959.58	2029.40	2087.88	2131.50	2170.08	2281.38	2534.60	2803.18	
3071.08	3372.66	3507.44	3531.52	3511.74	3532.96	3585.28	3623.98	3653.30	3676.48	3687.92	3675.12	3649.80	3614.86	3554.44	3483.30	
3411.28	3384.26	3405.94	3478.74	3536.56	3546.46	3556.98	3545.76	3571.00	3587.68	3612.14	3675.02	3731.44	3749.32	3746.22	3747.94	
3752.48	3734.76	3707.66	3709.90	3727.94	3713.84	3732.00	3773.30	3786.76	3778.56	3793.64	3809.48	3812.02	3811.52	3822.44	3829.18	
3821.88	3814.42	3772.22	3657.64	3524.14	3409.22	3401.44	3397.70	3331.98	3068.52	2776.12	2624.68	2585.54	2704.12	2778.76	2878.18	
2965.70	2976.28	3066.88	3228.70	3400.68	3473.94	3620.12	3723.60	3705.84	3673.30	3590.42	3513.96	3462.46	3464.84	3384.64	3274.74	
3157.18	3100.84	3212.32	3280.94	3393.36	3495.96	3535.10	3515.80	3606.78	3656.68	3688.76	3763.24	3742.88	3712.94	3677.60	3541.04	

*******************************************2025/04/04;16:36:29
Probe number 92
Concentration entered by User 0.75% (Compensated: 1.21% at temperature 26.6)
1178.12	1172.80	1187.10	1187.68	1182.40	1178.80	1179.42	1180.42	1185.06	1197.28	1221.80	1260.30	1301.00	1340.88	1383.84	1425.54	
1452.42	1477.94	1505.24	1552.74	1611.74	1690.84	1791.98	1899.34	2013.36	2107.66	2190.60	2252.14	2336.18	2465.84	2722.62	3050.34	
3429.60	3661.38	3694.06	3660.42	3575.16	3523.12	3530.04	3552.40	3585.64	3610.78	3623.54	3610.54	3582.78	3538.84	3481.94	3411.46	
3343.56	3324.80	3351.64	3420.42	3472.28	3478.56	3482.90	3470.66	3498.96	3520.30	3546.10	3610.18	3672.62	3690.72	3684.82	3685.34	
3691.52	3670.50	3638.86	3650.56	3668.62	3649.58	3673.72	3727.20	3744.20	3735.36	3758.34	3777.70	3779.70	3779.24	3795.48	3805.14	
3794.68	3784.00	3725.38	3586.68	3452.92	3345.58	3345.62	3339.12	3279.38	3040.68	2768.26	2635.16	2590.68	2712.98	2781.42	2865.82	
2951.02	2960.36	3030.64	3180.18	3346.56	3409.06	3547.50	3663.06	3641.70	3600.96	3516.48	3440.70	3395.70	3400.44	3330.38	3229.86	
3122.86	3072.44	3188.38	3249.76	3369.52	3473.82	3556.52	3575.00	3674.44	3726.96	3756.00	3786.40	3768.42	3747.98	3745.20	3660.06	

*******************************************2025/04/04;16:56:29
Probe number 93
Concentration entered by User 0.35% (Compensated: 0.82% at temperature 26.6)
1210.20	1207.74	1227.06	1232.80	1234.02	1238.80	1247.18	1259.16	1278.26	1297.62	1323.34	1359.10	1389.56	1429.30	1479.28	1535.54	
1584.50	1633.50	1680.82	1735.66	1785.96	1849.22	1907.54	1971.52	2038.50	2122.10	2223.58	2351.22	2489.52	2689.58	2965.42	3245.48	
3515.78	3659.28	3675.60	3635.36	3563.62	3514.08	3520.06	3546.62	3581.26	3606.86	3618.52	3605.88	3580.26	3536.68	3485.14	3418.40	
3353.70	3342.30	3371.48	3436.32	3483.34	3485.78	3491.78	3478.20	3506.92	3528.46	3553.98	3612.92	3671.52	3686.48	3679.10	3678.44	
3686.80	3667.20	3637.46	3652.32	3668.62	3647.02	3672.66	3725.82	3742.30	3733.12	3757.26	3775.48	3776.82	3776.00	3791.92	3801.60	
3791.26	3781.14	3724.08	3591.06	3465.68	3364.42	3369.86	3364.98	3311.74	3080.44	2816.64	2687.12	2646.56	2774.30	2838.50	2918.00	
2996.98	2997.52	3058.32	3202.56	3369.38	3425.46	3551.70	3659.88	3638.10	3597.24	3518.54	3448.18	3407.56	3409.44	3346.92	3253.72	
3155.82	3111.00	3233.32	3288.50	3410.90	3509.90	3606.40	3645.66	3739.30	3774.28	3798.10	3814.58	3803.92	3791.62	3798.04	3746.82	

*******************************************2025/04/04;17:16:30
Probe number 94
Concentration entered by User 0.33% (Compensated: 0.80% at temperature 26.7)
1262.04	1266.72	1297.30	1308.38	1309.80	1311.62	1316.06	1326.60	1350.64	1385.40	1421.72	1464.42	1507.74	1546.72	1584.58	1623.60	
1654.58	1692.76	1731.26	1777.36	1829.94	1889.76	1946.26	2011.50	2080.40	2174.38	2272.98	2389.98	2515.90	2708.40	2966.18	3253.16	
3524.64	3666.38	3679.90	3643.76	3577.16	3530.12	3534.32	3559.22	3592.16	3617.74	3626.22	3611.90	3587.88	3545.30	3495.58	3433.36	
3372.40	3364.22	3392.18	3458.50	3502.66	3503.64	3508.96	3495.88	3523.22	3543.88	3570.70	3625.82	3679.04	3691.82	3682.84	3681.98	
3689.82	3671.82	3646.10	3663.82	3677.22	3655.10	3680.72	3731.52	3746.46	3738.34	3763.44	3779.10	3779.96	3778.84	3793.80	3802.40	
3793.14	3783.88	3731.64	3608.06	3492.52	3399.62	3407.00	3407.76	3356.56	3131.60	2871.62	2750.96	2715.56	2843.60	2902.24	2974.34	
3048.14	3040.66	3100.90	3239.78	3403.16	3451.08	3564.94	3666.14	3646.38	3606.08	3531.44	3466.78	3430.68	3434.30	3376.88	3290.50	
3200.72	3166.98	3294.34	3347.80	3471.74	3564.80	3654.96	3692.24	3772.08	3797.78	3816.50	3828.72	3821.86	3811.84	3818.08	3781.42	

*******************************************2025/04/04;17:36:29
Probe number 95
Concentration entered by User 0.42% (Compensated: 0.90% at temperature 26.8)
1295.96	1297.28	1327.38	1339.38	1347.34	1360.46	1373.60	1386.26	1411.60	1442.10	1472.58	1505.00	1533.58	1562.44	1591.32	1630.54	
1671.18	1710.88	1756.22	1803.54	1851.78	1916.76	1975.18	2038.06	2109.86	2190.16	2301.08	2417.22	2537.20	2721.92	2951.66	3211.94	
3508.82	3654.36	3671.48	3634.38	3565.44	3520.70	3530.16	3557.22	3590.64	3616.02	3625.14	3610.38	3584.30	3542.26	3493.16	3433.60	
3375.74	3370.56	3400.88	3464.36	3505.92	3505.68	3510.98	3494.16	3523.30	3546.58	3572.94	3624.36	3676.04	3686.34	3676.86	3676.82	
3686.04	3669.08	3642.70	3664.32	3674.36	3650.76	3678.58	3728.56	3742.86	3734.66	3761.66	3776.32	3776.98	3775.46	3791.16	3800.00	
3790.76	3781.78	3730.32	3610.68	3501.30	3414.40	3424.52	3425.04	3377.70	3161.44	2911.00	2788.30	2752.96	2881.02	2934.86	3001.52	
3073.26	3066.30	3116.56	3251.08	3409.46	3452.14	3563.56	3663.96	3644.80	3604.16	3532.36	3470.38	3438.82	3447.74	3391.50	3308.00	
3226.58	3198.46	3325.16	3380.76	3505.06	3591.74	3677.54	3707.18	3782.26	3806.42	3823.28	3833.62	3831.30	3820.74	3823.96	3793.48	

*******************************************2025/04/04;17:56:29
Probe number 96
Concentration entered by User 0.50% (Compensated: 0.97% at temperature 26.8)
1299.70	1298.10	1328.44	1342.52	1354.64	1371.90	1390.90	1406.84	1428.18	1449.70	1471.72	1502.20	1529.44	1561.80	1595.10	1633.34	
1672.64	1715.84	1755.26	1803.82	1851.86	1917.22	1976.94	2042.22	2111.16	2201.56	2295.74	2399.96	2532.40	2692.48	2941.52	3185.58	
3483.70	3633.58	3655.62	3619.26	3555.58	3513.98	3524.46	3550.40	3583.70	3611.00	3620.62	3604.86	3582.30	3539.34	3492.90	3436.16	
3382.28	3382.90	3413.98	3476.42	3516.40	3514.36	3516.60	3497.92	3525.66	3549.32	3574.52	3623.74	3673.10	3682.66	3671.90	3670.94	
3680.12	3663.80	3639.02	3661.46	3671.82	3649.82	3679.34	3728.78	3742.06	3734.36	3761.54	3775.08	3775.78	3774.00	3789.04	3797.62	
3788.68	3780.18	3728.92	3615.68	3510.94	3431.66	3442.58	3443.14	3402.14	3197.12	2947.60	2833.62	2797.50	2924.86	2975.80	3035.02	
3102.98	3097.02	3143.18	3269.24	3422.18	3461.24	3564.62	3663.54	3645.48	3606.66	3536.58	3479.38	3449.56	3461.16	3410.16	3334.16	
3261.42	3237.84	3361.24	3414.26	3535.96	3615.24	3691.96	3720.28	3787.78	3808.98	3823.78	3834.46	3834.20	3827.68	3830.14	3808.98	

*******************************************2025/04/04;18:16:30
Probe number 97
Concentration entered by User 0.51% (Compensated: 0.99% at temperature 26.7)
1302.26	1301.30	1331.30	1345.66	1357.44	1375.34	1395.34	1412.38	1433.20	1455.28	1477.72	1507.22	1534.72	1567.78	1600.22	1638.30	
1677.64	1719.12	1760.94	1811.40	1860.90	1924.34	1979.26	2042.38	2111.62	2202.72	2294.94	2412.00	2522.26	2703.02	2933.14	3183.58	
3477.24	3628.00	3650.76	3618.58	3556.58	3516.00	3527.08	3554.72	3590.62	3617.04	3626.58	3610.94	3588.82	3548.16	3505.22	3451.24	
3397.98	3399.80	3431.96	3492.32	3529.84	3526.22	3528.38	3509.40	3538.92	3563.48	3588.00	3634.14	3679.92	3687.12	3676.18	3675.20	
3684.90	3668.64	3643.86	3666.52	3675.40	3654.52	3684.46	3732.20	3745.46	3739.18	3766.28	3778.40	3778.74	3776.94	3791.04	3798.88	
3791.24	3783.18	3735.08	3629.28	3532.46	3460.54	3470.50	3470.48	3436.00	3237.34	2994.80	2879.62	2845.08	2973.60	3023.52	3079.08	
3147.80	3136.40	3176.84	3297.62	3445.16	3481.14	3579.50	3673.04	3654.66	3616.86	3550.48	3495.50	3468.20	3481.08	3434.48	3365.06	
3298.60	3279.42	3403.24	3454.42	3569.90	3642.24	3710.76	3736.16	3795.58	3813.34	3826.30	3835.08	3836.06	3832.40	3835.08	3818.82	

*******************************************2025/04/04;18:36:30
Probe number 98
Concentration entered by User 0.63% (Compensated: 1.12% at temperature 26.9)
1302.62	1301.68	1332.12	1346.44	1359.04	1377.34	1396.64	1413.98	1434.72	1456.76	1480.24	1509.56	1537.14	1570.24	1604.16	1642.02	
1678.40	1720.74	1764.10	1814.14	1863.82	1922.82	1978.26	2041.72	2109.56	2195.54	2282.36	2409.18	2528.44	2692.18	2922.38	3153.58	
3430.10	3603.78	3628.40	3596.08	3534.46	3498.16	3509.88	3536.40	3573.34	3601.64	3611.74	3595.36	3575.02	3536.74	3496.82	3445.38	
3394.56	3398.70	3429.18	3489.78	3525.38	3521.56	3522.70	3504.94	3534.14	3558.48	3583.52	3628.52	3674.28	3681.18	3668.94	3666.96	
3676.96	3660.94	3636.46	3660.86	3668.56	3647.38	3676.62	3725.28	3738.58	3732.64	3762.66	3773.86	3774.28	3772.22	3786.94	3794.72	
3787.46	3779.20	3730.60	3625.60	3531.84	3463.28	3473.88	3473.56	3439.32	3252.20	3016.82	2908.22	2873.18	3000.56	3046.54	3098.76	
3166.16	3152.22	3193.80	3307.94	3451.84	3481.86	3574.04	3666.10	3648.20	3609.00	3542.96	3489.92	3462.36	3474.78	3431.64	3366.00	
3301.40	3284.86	3411.30	3462.10	3573.32	3643.70	3710.80	3735.30	3794.48	3811.32	3824.52	3832.82	3834.80	3831.66	3834.70	3817.08	

