*******************************************2025/09/03;04:00:03
Probe number 2
Concentration entered by User -1.00% (Compensated: -1.00% at temperature 28.1)
3373.84	3492.66	3612.86	3599.94	3579.70	3602.62	3614.68	3601.08	3601.64	3614.06	3614.50	3628.24	3626.78	3629.68	3642.28	3645.06	
3639.60	3645.40	3642.88	3639.80	3640.74	3640.64	3631.34	3626.98	3634.98	3642.10	3642.26	3645.22	3641.98	3641.48	3656.78	3656.68	
3672.92	3681.94	3677.22	3691.68	3695.40	3704.76	3713.48	3716.28	3716.70	3721.98	3710.32	3705.96	3720.92	3731.86	3741.68	3730.86	
3715.00	3715.54	3732.86	3740.36	3730.66	3730.50	3734.90	3735.70	3739.46	3738.30	3736.84	3739.28	3738.38	3736.14	3739.78	3743.86	
3744.00	3743.06	3735.62	3733.48	3732.90	3725.02	3730.90	3736.34	3728.24	3738.30	3738.06	3740.08	3741.44	3728.86	3724.26	3732.64	
3720.66	3716.46	3701.82	3660.32	3626.06	3610.38	3663.88	3676.78	3684.52	3683.50	3680.24	3696.92	3683.52	3721.74	3733.18	3730.76	
3708.46	3688.40	3686.72	3677.82	3669.32	3666.98	3695.96	3716.68	3705.32	3706.86	3690.38	3679.68	3701.00	3719.28	3706.64	3712.60	
3721.06	3721.44	3716.76	3726.84	3727.28	3720.66	3721.06	3703.94	3694.24	3710.72	3725.60	3727.88	3726.02	3724.20	3745.30	3700.40	

*******************************************2025/09/03;07:00:03
Probe number 3
Concentration entered by User -1.00% (Compensated: -1.00% at temperature 28.1)
3381.02	3503.32	3621.58	3609.42	3588.68	3611.64	3623.96	3609.74	3610.26	3622.26	3623.00	3636.66	3635.04	3638.36	3651.42	3653.46	
3647.26	3654.08	3650.76	3647.68	3649.26	3650.12	3639.88	3635.60	3643.30	3649.98	3650.46	3653.14	3650.30	3649.70	3664.02	3664.82	
3680.32	3689.40	3685.04	3698.64	3702.36	3711.48	3719.78	3722.32	3723.06	3728.50	3717.16	3712.24	3727.30	3737.84	3746.76	3736.44	
3721.60	3721.78	3738.40	3745.94	3736.48	3736.14	3740.56	3741.16	3744.88	3744.34	3742.04	3744.66	3743.98	3741.86	3745.18	3749.22	
3749.52	3748.30	3741.30	3739.42	3738.42	3730.90	3736.78	3742.08	3734.24	3743.84	3743.18	3745.12	3746.80	3734.78	3730.34	3738.40	
3727.24	3722.98	3708.64	3668.52	3635.38	3619.66	3671.78	3683.84	3692.26	3691.12	3687.80	3703.68	3690.74	3727.54	3738.84	3736.64	
3715.36	3695.56	3693.70	3685.08	3676.92	3674.74	3703.04	3723.18	3712.16	3713.74	3697.56	3686.96	3707.44	3724.76	3712.40	3718.46	
3727.26	3727.52	3723.88	3733.24	3733.48	3727.34	3726.84	3711.00	3701.10	3717.28	3731.42	3733.46	3732.02	3730.00	3750.46	3707.50	

