*******************************************2025/09/02;04:00:03
Probe number 0
Concentration entered by User -1.00% (Compensated: -1.00% at temperature 28.1)
3374.86	3495.56	3616.08	3602.36	3582.10	3605.04	3617.88	3603.14	3603.78	3616.06	3616.60	3630.76	3629.60	3632.00	3645.04	3647.60	
3642.04	3648.14	3644.96	3642.50	3642.86	3642.92	3632.76	3629.46	3637.12	3644.58	3643.54	3647.56	3644.58	3643.54	3658.28	3658.54	
3674.40	3684.56	3680.38	3694.12	3697.80	3706.86	3715.58	3718.34	3718.86	3724.62	3712.96	3707.98	3722.98	3733.40	3742.94	3732.18	
3716.90	3717.02	3734.50	3742.48	3732.42	3732.48	3736.32	3737.42	3741.14	3740.18	3737.98	3740.64	3740.00	3737.94	3741.46	3745.92	
3745.88	3744.88	3737.82	3736.02	3735.18	3727.36	3732.92	3738.82	3730.32	3740.22	3739.48	3741.80	3743.34	3730.92	3726.48	3735.14	
3723.52	3718.36	3703.30	3660.72	3626.16	3608.68	3664.26	3677.70	3685.98	3683.64	3681.90	3698.00	3684.02	3723.22	3735.66	3733.80	
3710.96	3691.00	3688.82	3679.70	3671.26	3668.76	3697.48	3718.18	3707.14	3708.14	3692.36	3681.96	3702.86	3720.38	3708.24	3714.32	
3722.72	3722.72	3718.68	3729.02	3729.64	3722.92	3722.44	3705.76	3696.34	3713.08	3727.40	3729.60	3727.52	3725.96	3747.06	3702.60	

*******************************************2025/09/02;07:00:03
Probe number 1
Concentration entered by User -1.00% (Compensated: -1.00% at temperature 28.0)
3384.14	3507.90	3627.16	3613.58	3593.48	3615.70	3628.48	3614.80	3615.12	3626.88	3627.22	3641.12	3640.08	3642.26	3655.16	3657.66	
3651.82	3657.94	3655.04	3652.48	3653.80	3653.40	3642.96	3639.10	3647.76	3655.08	3654.10	3657.64	3654.60	3653.88	3668.24	3668.66	
3683.72	3693.70	3689.12	3702.84	3705.96	3715.32	3723.36	3725.80	3726.72	3731.78	3721.06	3716.40	3730.44	3740.36	3749.62	3739.42	
3724.56	3725.00	3741.84	3748.84	3739.66	3739.54	3743.26	3744.04	3747.64	3746.98	3744.98	3747.56	3746.90	3744.94	3748.20	3752.52	
3752.64	3751.58	3744.82	3743.00	3742.14	3734.96	3740.80	3745.84	3738.00	3747.18	3746.90	3748.62	3750.30	3738.18	3734.02	3742.16	
3731.20	3726.28	3712.06	3671.28	3636.62	3620.28	3674.08	3687.28	3695.00	3693.10	3691.16	3707.10	3692.94	3730.60	3742.88	3741.02	
3719.16	3699.98	3697.76	3689.10	3680.86	3678.64	3706.20	3726.42	3715.46	3716.36	3701.10	3691.02	3711.12	3728.30	3716.48	3722.20	
3730.64	3730.16	3726.66	3736.24	3736.96	3730.68	3730.08	3714.74	3704.72	3720.98	3735.02	3737.22	3735.30	3733.52	3753.58	3711.14	

