*******************************************2025/04/02;00:04:39
Probe number 43
Concentration entered by User 2.08% (Compensated: 2.50% at temperature 25.9)
1200.22	1201.36	1223.60	1237.16	1249.74	1264.72	1283.36	1299.64	1318.06	1335.98	1355.54	1380.04	1403.28	1431.92	1460.44	1492.58	
1520.22	1552.68	1586.96	1624.30	1662.96	1710.08	1754.34	1805.38	1860.78	1927.08	1999.32	2077.66	2186.08	2332.94	2525.98	2766.60	
3076.44	3338.66	3475.52	3589.34	3697.48	3731.98	3729.06	3726.60	3722.72	3723.36	3720.50	3721.10	3726.04	3725.96	3727.76	3724.46	
3720.00	3718.44	3722.62	3727.56	3716.12	3719.20	3719.08	3719.56	3728.72	3729.94	3731.04	3731.66	3730.62	3728.34	3726.92	3723.60	
3728.98	3729.48	3726.26	3720.10	3721.20	3717.80	3719.56	3724.08	3722.86	3728.30	3729.54	3725.54	3728.34	3728.06	3734.72	3735.90	
3737.56	3742.28	3740.94	3735.28	3737.52	3735.88	3734.08	3728.52	3734.24	3736.06	3722.02	3733.48	3733.76	3734.02	3732.88	3733.32	
3723.42	3708.64	3707.28	3706.06	3705.56	3704.80	3720.82	3736.38	3725.74	3722.10	3716.40	3698.64	3721.86	3737.56	3724.10	3725.42	
3726.74	3722.32	3720.48	3725.40	3716.42	3713.72	3712.78	3710.18	3709.88	3714.32	3721.68	3726.32	3723.68	3726.32	3748.28	3708.70	

*******************************************2025/04/02;00:24:39
Probe number 44
Concentration entered by User 2.57% (Compensated: 2.98% at temperature 25.8)
1189.42	1190.64	1212.80	1225.42	1236.88	1252.82	1270.90	1286.42	1305.54	1323.50	1344.48	1368.44	1389.50	1418.12	1447.76	1478.46	
1505.82	1537.86	1570.00	1607.28	1644.44	1688.94	1731.52	1782.84	1838.72	1902.74	1968.48	2059.36	2169.12	2318.88	2524.34	2759.56	
3027.86	3226.76	3338.08	3535.96	3694.64	3720.34	3719.04	3722.04	3722.28	3724.80	3721.24	3721.40	3726.00	3724.96	3725.28	3721.52	
3717.44	3717.02	3720.30	3724.82	3713.08	3716.02	3715.96	3716.38	3725.56	3726.72	3727.04	3727.44	3725.94	3724.64	3723.34	3719.78	
3724.42	3724.44	3720.72	3714.98	3716.36	3713.24	3715.74	3719.78	3717.92	3723.30	3724.56	3721.18	3723.74	3723.26	3730.52	3732.20	
3733.56	3738.02	3736.44	3730.60	3732.68	3731.22	3729.98	3724.06	3729.76	3731.96	3717.30	3728.80	3729.76	3730.18	3728.60	3729.20	
3718.74	3703.80	3703.18	3701.04	3700.22	3699.54	3716.12	3731.92	3720.84	3716.98	3711.10	3692.94	3716.74	3733.14	3719.38	3720.42	
3722.10	3717.52	3715.14	3720.40	3711.50	3708.86	3707.96	3705.42	3704.84	3709.34	3716.76	3721.60	3718.90	3721.60	3744.22	3703.28	

*******************************************2025/04/02;00:44:40
Probe number 45
Concentration entered by User 2.51% (Compensated: 2.91% at temperature 25.7)
1180.58	1182.02	1204.26	1216.66	1227.80	1242.80	1260.56	1275.64	1294.24	1311.70	1331.10	1356.92	1378.78	1406.14	1433.44	1464.98	
1493.76	1527.22	1562.28	1597.96	1638.66	1687.50	1731.26	1780.32	1835.54	1892.24	1960.94	2044.64	2131.96	2255.52	2406.50	2603.32	
2892.48	3193.58	3394.32	3642.26	3699.86	3722.00	3725.52	3729.72	3729.00	3732.52	3731.26	3731.58	3734.76	3732.70	3732.82	3729.78	
3726.62	3725.48	3728.84	3733.68	3722.04	3724.96	3724.04	3723.24	3732.00	3733.32	3734.50	3735.00	3732.76	3730.70	3729.24	3726.62	
3731.42	3731.76	3728.08	3722.34	3723.06	3719.34	3721.38	3726.04	3724.74	3730.00	3730.56	3726.88	3729.68	3729.62	3736.22	3738.10	
3739.08	3743.70	3741.92	3736.48	3738.76	3737.58	3735.92	3730.20	3735.32	3737.30	3723.34	3734.92	3735.30	3735.88	3734.60	3734.74	
3724.68	3709.86	3709.22	3708.06	3707.54	3706.48	3722.18	3737.30	3726.82	3723.18	3717.58	3700.16	3723.00	3738.94	3725.08	3726.20	
3727.92	3723.86	3721.26	3726.70	3717.52	3714.84	3713.78	3712.24	3711.36	3715.68	3722.40	3727.22	3724.50	3727.42	3749.58	3710.10	

*******************************************2025/04/02;01:04:39
Probe number 46
Concentration entered by User 2.61% (Compensated: 3.00% at temperature 25.6)
1172.98	1173.98	1195.78	1208.48	1219.16	1234.24	1252.22	1267.92	1284.12	1302.28	1321.48	1347.00	1368.32	1394.90	1422.28	1454.38	
1482.42	1515.18	1548.78	1584.48	1622.54	1664.90	1709.86	1759.68	1812.88	1870.24	1935.10	2016.80	2103.18	2228.26	2393.28	2605.66	
2908.98	3179.30	3356.60	3597.90	3689.42	3709.70	3711.18	3715.80	3716.36	3720.96	3719.94	3720.40	3724.28	3721.76	3720.92	3716.90	
3713.86	3713.46	3717.94	3722.74	3710.80	3712.82	3711.84	3710.16	3718.94	3720.52	3721.96	3722.70	3721.42	3718.88	3717.16	3712.96	
3717.24	3717.32	3714.32	3709.14	3710.66	3706.88	3707.96	3712.32	3709.80	3715.82	3717.42	3714.32	3717.50	3717.06	3724.02	3725.66	
3726.44	3731.14	3730.34	3724.26	3726.36	3724.42	3722.90	3716.72	3722.78	3724.84	3709.70	3722.12	3722.30	3722.72	3721.40	3721.92	
3710.90	3695.58	3694.72	3692.98	3692.40	3691.78	3708.74	3724.36	3713.04	3709.30	3703.76	3684.66	3709.46	3726.18	3711.72	3712.68	
3714.10	3709.84	3707.72	3713.22	3703.22	3700.76	3700.28	3697.62	3697.36	3701.68	3708.44	3713.66	3710.90	3713.90	3738.02	3695.10	

*******************************************2025/04/02;01:24:39
Probe number 47
Concentration entered by User 2.68% (Compensated: 3.06% at temperature 25.5)
1170.96	1172.26	1193.72	1205.44	1216.72	1231.80	1249.32	1264.34	1281.44	1298.42	1316.82	1340.68	1362.30	1388.54	1416.44	1447.58	
1473.92	1506.88	1539.04	1575.64	1616.30	1662.56	1707.86	1757.40	1811.60	1870.86	1935.88	2012.52	2095.18	2205.64	2356.82	2566.34	
2809.38	3075.60	3375.28	3652.66	3714.20	3726.08	3727.06	3729.34	3728.92	3730.96	3729.30	3732.40	3737.74	3735.80	3734.90	3730.92	
3727.38	3727.56	3730.68	3735.00	3723.64	3726.08	3724.70	3723.38	3730.92	3732.06	3733.26	3734.24	3733.14	3730.80	3728.90	3724.88	
3728.56	3728.38	3724.92	3719.96	3721.82	3718.66	3719.64	3723.68	3721.02	3726.74	3728.16	3725.04	3728.52	3728.24	3734.80	3736.24	
3736.52	3741.00	3740.54	3735.16	3737.04	3735.66	3733.72	3727.72	3733.62	3735.38	3721.58	3733.24	3733.68	3734.00	3732.40	3732.92	
3722.08	3707.60	3707.42	3705.68	3704.90	3704.24	3720.16	3735.40	3724.52	3720.92	3715.76	3698.00	3720.84	3736.90	3722.88	3724.12	
3725.72	3721.98	3719.76	3724.32	3714.82	3712.80	3712.16	3709.82	3709.60	3713.54	3719.90	3724.74	3722.18	3725.18	3747.88	3707.92	

*******************************************2025/04/02;01:44:40
Probe number 48
Concentration entered by User 2.21% (Compensated: 2.58% at temperature 25.3)
1169.38	1171.14	1191.68	1203.90	1214.54	1230.20	1247.12	1262.14	1278.72	1296.16	1313.76	1339.24	1360.34	1385.70	1414.64	1445.14	
1472.70	1505.78	1536.24	1570.32	1606.62	1651.32	1695.88	1746.30	1800.94	1860.12	1925.32	2001.46	2085.12	2214.64	2442.66	2686.12	
2917.70	3197.22	3599.24	3706.72	3718.22	3729.70	3729.58	3732.70	3731.78	3732.00	3729.10	3732.14	3737.32	3736.54	3736.16	3732.06	
3728.64	3729.10	3732.80	3737.46	3726.46	3728.84	3727.58	3726.16	3733.60	3734.70	3735.80	3736.28	3734.86	3733.28	3730.70	3726.54	
3730.38	3729.76	3726.32	3721.26	3722.90	3719.84	3721.36	3725.28	3723.34	3728.12	3729.98	3726.80	3730.34	3729.74	3736.26	3737.50	
3738.06	3742.44	3741.96	3736.10	3738.26	3736.88	3734.98	3729.26	3734.80	3736.48	3723.00	3734.46	3735.20	3735.46	3733.70	3734.36	
3723.88	3709.32	3708.82	3707.22	3706.28	3705.72	3721.32	3736.84	3726.24	3722.44	3717.46	3699.48	3721.88	3738.26	3724.80	3726.02	
3727.08	3722.80	3720.60	3725.74	3716.36	3714.02	3713.20	3710.60	3710.40	3714.60	3721.78	3726.82	3724.06	3726.76	3749.02	3709.42	

*******************************************2025/04/02;02:04:39
Probe number 49
Concentration entered by User 2.50% (Compensated: 2.87% at temperature 25.2)
1166.84	1168.68	1189.06	1201.32	1212.90	1228.38	1245.84	1260.32	1276.90	1293.36	1312.08	1335.76	1356.28	1382.20	1409.80	1441.14	
1468.34	1501.06	1532.60	1569.68	1608.86	1656.96	1700.86	1751.24	1808.42	1864.82	1930.08	2007.98	2099.44	2202.38	2345.44	2524.64	
2763.54	3131.40	3518.64	3628.10	3696.10	3726.64	3726.12	3728.96	3725.78	3726.42	3724.60	3726.42	3731.20	3731.18	3732.12	3728.42	
3724.44	3723.98	3727.20	3732.18	3722.10	3724.42	3723.02	3721.22	3729.22	3730.38	3731.62	3731.62	3729.76	3727.82	3726.06	3721.58	
3725.10	3723.98	3719.90	3714.62	3716.78	3714.20	3715.54	3719.64	3717.14	3722.44	3724.12	3720.72	3724.86	3723.76	3730.90	3731.94	
3732.74	3737.48	3736.74	3730.96	3732.84	3730.84	3729.46	3723.32	3729.52	3731.58	3717.18	3728.86	3729.10	3729.46	3727.90	3728.80	
3717.90	3702.66	3702.36	3700.10	3699.96	3699.08	3715.54	3731.08	3720.56	3716.60	3711.32	3693.28	3716.24	3732.86	3718.78	3719.76	
3721.54	3716.90	3714.88	3719.88	3710.62	3707.72	3706.80	3704.54	3703.78	3708.44	3715.64	3720.84	3718.48	3721.26	3744.42	3703.24	

*******************************************2025/04/02;02:24:39
Probe number 50
Concentration entered by User 2.89% (Compensated: 3.25% at temperature 25.1)
1166.86	1168.28	1188.90	1201.50	1212.90	1228.06	1245.08	1259.18	1275.40	1293.44	1312.52	1336.58	1357.82	1384.32	1412.78	1441.96	
1469.44	1502.60	1535.22	1571.58	1609.40	1654.78	1700.22	1751.72	1810.14	1868.40	1933.38	2012.42	2098.80	2205.80	2337.06	2473.98	
2673.82	2937.12	3336.96	3654.78	3696.28	3717.24	3721.18	3727.96	3731.22	3734.62	3731.16	3730.96	3734.18	3732.42	3732.72	3728.66	
3725.68	3726.68	3729.66	3734.60	3723.98	3726.12	3724.40	3722.22	3730.00	3731.02	3732.06	3732.34	3730.90	3728.92	3726.92	3721.92	
3725.46	3724.58	3721.34	3716.52	3718.52	3715.88	3716.88	3720.48	3718.26	3723.78	3725.94	3722.52	3726.14	3725.00	3731.54	3733.46	
3733.68	3738.12	3737.66	3732.18	3733.80	3732.20	3730.60	3724.66	3730.80	3732.54	3718.28	3729.34	3730.04	3730.48	3728.98	3730.94	
3719.64	3704.34	3703.50	3701.42	3701.08	3701.34	3716.94	3732.34	3721.80	3717.90	3711.86	3693.94	3717.52	3733.90	3719.96	3720.38	
3722.10	3718.54	3716.42	3721.30	3711.52	3708.68	3708.26	3705.90	3705.42	3709.90	3716.84	3722.08	3719.50	3721.96	3744.92	3704.18	

*******************************************2025/04/02;02:44:40
Probe number 51
Concentration entered by User 2.47% (Compensated: 2.82% at temperature 25.1)
1163.78	1165.68	1186.46	1198.80	1209.80	1224.58	1241.44	1256.20	1273.36	1291.06	1310.26	1334.08	1356.30	1381.36	1408.58	1438.36	
1466.98	1501.20	1536.30	1574.04	1611.68	1658.02	1705.26	1752.26	1811.08	1869.68	1937.50	2018.34	2103.86	2203.18	2319.30	2454.84	
2673.96	3062.20	3605.44	3718.36	3711.46	3722.94	3726.38	3732.78	3734.48	3736.46	3731.70	3732.70	3737.42	3736.10	3736.16	3731.70	
3729.08	3729.36	3731.72	3736.50	3726.54	3728.54	3727.54	3725.42	3732.50	3733.56	3734.64	3735.06	3733.96	3732.40	3730.12	3725.28	
3728.36	3727.40	3723.84	3719.18	3721.22	3718.48	3719.92	3723.20	3720.98	3726.66	3728.22	3725.38	3728.32	3727.74	3734.38	3735.72	
3736.70	3741.32	3740.30	3734.64	3736.38	3734.84	3733.40	3727.54	3733.38	3735.12	3721.02	3732.18	3732.86	3733.40	3732.26	3733.02	
3722.72	3707.46	3706.62	3704.66	3704.36	3704.12	3719.98	3735.42	3724.36	3720.42	3714.80	3697.14	3720.14	3736.46	3722.70	3723.02	
3724.60	3721.42	3719.40	3724.40	3714.98	3712.18	3711.10	3708.92	3708.66	3712.72	3719.86	3724.98	3722.48	3724.64	3747.34	3707.76	

*******************************************2025/04/02;03:04:40
Probe number 52
Concentration entered by User 2.19% (Compensated: 2.54% at temperature 25.0)
1159.12	1161.18	1182.46	1194.06	1205.16	1220.10	1237.22	1250.90	1268.88	1286.42	1304.90	1328.60	1350.90	1374.84	1400.24	1431.78	
1460.78	1494.38	1527.78	1565.26	1604.14	1651.04	1696.68	1745.54	1803.84	1863.56	1926.72	2012.92	2098.38	2214.50	2345.06	2502.28	
2748.70	3275.68	3661.36	3718.46	3707.26	3718.04	3720.64	3726.86	3729.42	3732.80	3729.94	3731.30	3735.70	3734.34	3734.12	3729.88	
3727.40	3727.56	3730.38	3735.52	3725.62	3728.28	3726.62	3724.96	3731.44	3732.64	3733.54	3733.98	3733.24	3731.62	3729.34	3724.46	
3727.56	3726.08	3722.48	3717.74	3720.06	3717.20	3718.32	3722.12	3719.98	3725.70	3727.26	3723.70	3727.18	3726.28	3732.70	3735.00	
3735.70	3739.90	3738.98	3733.66	3735.32	3733.84	3732.52	3726.46	3732.30	3734.14	3720.08	3731.24	3732.18	3732.50	3730.76	3731.70	
3721.10	3705.76	3705.68	3703.76	3703.38	3702.70	3718.56	3734.44	3723.06	3719.38	3713.42	3695.56	3719.16	3734.78	3721.42	3721.74	
3723.32	3720.00	3718.08	3722.94	3713.70	3711.20	3710.44	3707.90	3707.20	3711.38	3718.56	3723.90	3720.92	3723.62	3746.44	3706.80	

*******************************************2025/04/02;03:24:40
Probe number 53
Concentration entered by User 2.07% (Compensated: 2.41% at temperature 25.0)
1154.96	1157.14	1177.64	1189.66	1200.32	1215.36	1231.24	1245.64	1262.66	1279.02	1297.20	1321.64	1343.54	1367.16	1393.92	1425.72	
1451.64	1483.58	1517.12	1555.64	1593.36	1638.86	1683.80	1735.04	1793.66	1849.34	1914.72	1997.80	2089.66	2202.38	2343.18	2514.48	
2837.50	3351.92	3650.80	3710.48	3703.68	3715.64	3717.72	3723.86	3725.90	3729.12	3727.22	3728.62	3733.24	3731.76	3731.80	3728.14	
3725.12	3725.52	3728.36	3733.74	3723.78	3726.30	3725.08	3723.50	3730.96	3731.32	3732.44	3732.88	3731.60	3729.98	3728.06	3723.28	
3726.24	3724.96	3720.88	3716.00	3718.52	3716.26	3717.58	3721.30	3718.58	3723.54	3725.44	3722.30	3726.28	3725.14	3731.92	3733.18	
3733.40	3738.54	3738.14	3732.46	3734.56	3732.24	3730.74	3724.52	3731.26	3733.56	3719.04	3729.70	3730.24	3731.00	3729.12	3730.38	
3719.60	3704.34	3703.84	3702.24	3701.64	3700.88	3716.96	3732.92	3722.00	3717.84	3712.30	3694.32	3717.22	3733.70	3719.74	3720.02	
3722.28	3718.64	3716.40	3721.46	3712.12	3709.80	3708.82	3706.22	3705.08	3709.78	3717.50	3722.44	3719.84	3721.94	3745.16	3704.68	

*******************************************2025/04/02;03:44:39
Probe number 54
Concentration entered by User 2.08% (Compensated: 2.42% at temperature 24.9)
1153.64	1155.64	1176.48	1188.44	1198.80	1213.64	1230.26	1244.20	1261.34	1278.00	1297.14	1319.98	1342.58	1367.84	1393.88	1424.44	
1451.24	1484.56	1516.70	1552.64	1591.28	1637.28	1684.42	1735.20	1791.70	1848.28	1915.48	1997.20	2085.52	2210.12	2353.04	2525.82	
2840.76	3338.96	3647.18	3711.30	3703.00	3715.50	3718.60	3725.68	3727.26	3730.48	3728.50	3729.92	3734.94	3733.44	3733.90	3730.46	
3727.62	3728.08	3731.14	3735.70	3725.00	3727.68	3726.22	3724.82	3732.16	3733.86	3734.78	3734.94	3733.54	3731.40	3729.26	3724.72	
3727.94	3726.70	3722.94	3717.54	3719.88	3717.28	3718.86	3722.68	3720.28	3725.32	3727.26	3724.04	3727.58	3726.38	3732.88	3734.54	
3735.30	3739.98	3739.58	3733.88	3735.28	3733.60	3732.32	3726.04	3732.42	3734.30	3720.10	3730.92	3731.76	3732.18	3730.38	3731.60	
3721.18	3705.50	3705.44	3703.64	3703.16	3702.80	3718.06	3734.02	3723.12	3719.58	3713.96	3695.76	3718.66	3734.20	3721.70	3721.46	
3723.68	3719.76	3717.96	3723.38	3714.12	3711.10	3709.72	3707.50	3707.18	3711.72	3718.92	3723.56	3721.30	3723.06	3746.04	3706.08	

*******************************************2025/04/02;04:00:03
Probe number 55
Concentration entered by User 2.11% (Compensated: 2.44% at temperature 24.8)
1152.24	1154.46	1174.62	1186.20	1197.12	1212.44	1229.64	1242.74	1259.68	1276.32	1295.84	1318.84	1341.92	1366.58	1392.38	1421.40	
1448.86	1481.86	1516.32	1552.66	1589.76	1636.56	1681.66	1729.20	1786.68	1842.98	1909.38	1992.62	2077.34	2204.32	2358.16	2524.96	
2821.46	3326.78	3646.96	3710.54	3700.30	3714.04	3718.18	3726.16	3727.88	3730.84	3728.80	3729.90	3735.38	3733.72	3734.56	3731.30	
3729.08	3728.92	3731.64	3736.16	3725.48	3727.72	3727.16	3726.24	3733.74	3734.88	3736.14	3735.58	3733.60	3731.94	3730.44	3725.80	
3729.14	3728.22	3724.10	3718.44	3720.48	3718.02	3719.70	3723.40	3721.10	3726.32	3727.86	3724.62	3728.38	3727.10	3733.96	3735.88	
3736.08	3740.82	3739.88	3734.60	3736.12	3734.36	3733.14	3727.28	3732.96	3734.62	3720.48	3731.62	3732.82	3733.08	3730.84	3732.20	
3721.56	3706.52	3706.78	3704.74	3703.76	3703.50	3718.96	3734.98	3723.70	3719.84	3714.62	3696.48	3719.40	3735.46	3722.60	3722.20	
3724.28	3720.84	3718.56	3723.80	3714.80	3711.96	3710.52	3707.72	3708.00	3712.40	3719.58	3724.48	3721.64	3723.64	3746.82	3706.56	

*******************************************2025/04/02;04:04:39
Probe number 56
Concentration entered by User 2.07% (Compensated: 2.40% at temperature 24.8)
1150.72	1152.98	1172.64	1184.86	1196.12	1210.10	1227.36	1241.88	1259.02	1275.58	1293.48	1317.52	1339.68	1364.76	1389.28	1420.46	
1447.34	1481.58	1511.80	1549.06	1588.00	1635.54	1681.14	1728.30	1781.76	1836.30	1902.98	1983.24	2074.66	2198.76	2348.32	2522.52	
2851.72	3346.16	3642.26	3706.82	3698.16	3712.46	3715.48	3723.30	3725.02	3728.12	3726.08	3727.90	3732.46	3731.60	3732.44	3729.44	
3727.56	3727.14	3729.64	3734.16	3723.46	3725.76	3725.34	3724.68	3732.62	3733.80	3734.12	3733.54	3731.84	3730.82	3728.84	3724.56	
3727.26	3726.08	3722.66	3716.30	3718.72	3716.28	3717.72	3721.70	3719.58	3724.60	3726.18	3722.94	3726.42	3725.40	3731.78	3734.10	
3734.78	3738.66	3738.06	3732.68	3734.34	3732.66	3731.54	3725.48	3731.20	3732.98	3718.72	3729.62	3731.16	3731.52	3729.50	3730.22	
3719.78	3704.70	3704.66	3702.84	3701.68	3701.54	3717.06	3733.40	3722.32	3718.38	3712.52	3694.70	3717.76	3733.84	3720.66	3720.50	
3722.56	3719.04	3717.20	3722.14	3712.62	3709.38	3708.50	3705.82	3705.78	3710.38	3717.76	3722.92	3719.92	3722.34	3745.38	3704.84	

*******************************************2025/04/02;04:24:39
Probe number 57
Concentration entered by User 2.20% (Compensated: 2.52% at temperature 24.7)
1146.74	1149.66	1169.38	1181.20	1192.18	1206.64	1224.14	1237.62	1253.88	1270.54	1288.18	1311.10	1332.66	1358.94	1384.28	1414.72	
1440.28	1472.62	1504.34	1540.58	1580.46	1627.92	1676.08	1724.86	1775.12	1833.14	1896.16	1976.16	2072.68	2194.94	2348.92	2536.98	
2903.30	3292.74	3542.54	3687.94	3695.38	3709.22	3711.70	3720.52	3723.40	3726.72	3724.00	3725.22	3729.98	3728.40	3730.18	3727.86	
3725.70	3725.70	3728.46	3732.64	3722.20	3724.42	3723.96	3723.06	3731.08	3732.40	3732.88	3732.24	3730.74	3728.88	3727.54	3722.90	
3726.26	3725.06	3721.02	3715.42	3717.64	3714.92	3716.66	3720.44	3718.48	3723.72	3724.84	3721.78	3725.50	3724.08	3731.12	3733.16	
3733.36	3737.60	3736.90	3731.36	3733.66	3731.84	3730.62	3724.14	3729.86	3731.48	3717.54	3728.98	3730.10	3730.10	3728.10	3729.24	
3718.60	3702.80	3703.54	3701.20	3700.62	3700.16	3716.24	3732.56	3721.10	3717.16	3711.44	3693.50	3716.44	3732.50	3719.30	3718.52	
3720.90	3717.76	3715.72	3721.06	3711.34	3708.02	3707.18	3704.88	3704.74	3709.54	3716.42	3720.88	3718.68	3721.42	3744.66	3703.26	

*******************************************2025/04/02;04:44:40
Probe number 58
Concentration entered by User 2.63% (Compensated: 2.95% at temperature 24.7)
1144.60	1146.96	1166.84	1179.18	1189.40	1203.70	1220.48	1234.00	1250.56	1267.06	1285.36	1309.16	1330.70	1355.16	1380.38	1409.90	
1436.28	1469.44	1498.60	1535.70	1576.44	1623.46	1669.84	1718.74	1770.84	1826.56	1892.22	1971.08	2064.08	2189.64	2342.90	2522.72	
2871.24	3179.54	3338.86	3628.34	3685.92	3699.60	3704.98	3716.52	3723.60	3728.88	3725.64	3724.94	3728.14	3726.34	3727.08	3725.62	
3723.66	3723.98	3726.70	3731.82	3721.18	3723.88	3723.12	3722.24	3729.86	3730.60	3731.10	3731.02	3729.94	3728.90	3726.94	3722.24	
3725.12	3723.74	3719.68	3713.62	3716.14	3713.98	3715.66	3719.68	3716.82	3722.04	3723.30	3720.52	3724.44	3723.44	3730.20	3731.84	
3731.86	3736.20	3735.62	3730.68	3732.78	3730.70	3729.46	3722.62	3729.10	3730.72	3716.32	3727.66	3729.00	3729.28	3727.16	3728.12	
3717.38	3701.88	3701.72	3700.02	3699.28	3699.24	3714.84	3731.62	3720.18	3716.30	3710.94	3691.94	3715.52	3731.22	3718.36	3717.78	
3720.10	3716.48	3714.54	3719.78	3709.90	3706.86	3706.00	3703.60	3703.16	3707.92	3715.42	3720.50	3717.88	3719.88	3743.46	3702.60	

*******************************************2025/04/02;05:04:39
Probe number 59
Concentration entered by User 2.47% (Compensated: 2.80% at temperature 24.6)
1142.92	1145.12	1164.74	1176.46	1186.80	1201.38	1219.20	1233.06	1249.92	1265.88	1283.60	1306.96	1328.92	1354.78	1381.58	1410.26	
1435.70	1468.46	1497.78	1535.48	1576.82	1622.06	1669.10	1719.98	1771.92	1827.00	1889.28	1973.16	2064.24	2190.56	2347.40	2541.08	
2936.66	3216.36	3381.68	3649.58	3686.90	3706.34	3709.62	3718.14	3723.24	3728.82	3726.04	3726.46	3730.58	3729.18	3730.60	3729.20	
3727.16	3727.02	3729.78	3734.74	3724.26	3726.76	3726.22	3725.64	3732.86	3734.82	3734.78	3734.62	3733.18	3731.70	3730.10	3725.58	
3728.42	3727.14	3722.82	3717.38	3719.38	3717.04	3718.40	3722.46	3719.92	3724.76	3726.38	3723.62	3727.10	3726.22	3732.56	3735.02	
3734.86	3739.04	3738.30	3733.46	3735.02	3733.60	3732.06	3725.82	3731.84	3733.34	3719.34	3730.72	3731.92	3732.42	3729.68	3730.74	
3720.22	3705.04	3705.02	3703.08	3702.74	3702.70	3717.98	3734.06	3722.82	3719.30	3713.80	3695.40	3718.32	3734.04	3721.36	3720.50	
3723.34	3719.92	3717.56	3722.86	3713.12	3710.28	3709.54	3707.16	3706.72	3711.28	3718.72	3723.56	3720.82	3723.28	3746.12	3705.74	

*******************************************2025/04/02;05:24:39
Probe number 60
Concentration entered by User 2.43% (Compensated: 2.74% at temperature 24.6)
1141.70	1144.02	1163.66	1174.64	1185.36	1200.18	1217.30	1231.42	1248.18	1264.42	1282.24	1305.70	1326.78	1352.84	1379.70	1410.74	
1436.96	1469.34	1497.74	1535.96	1576.62	1624.60	1670.44	1720.90	1775.64	1827.30	1893.70	1974.50	2066.06	2181.50	2345.64	2564.82	
2976.42	3242.14	3383.02	3633.42	3687.52	3704.44	3708.50	3716.68	3721.20	3727.40	3724.62	3725.28	3730.16	3728.60	3729.90	3727.82	
3725.48	3725.68	3728.82	3733.90	3723.46	3726.12	3724.74	3724.12	3731.56	3732.86	3733.94	3733.90	3732.08	3730.76	3728.62	3723.40	
3726.46	3725.24	3721.38	3716.32	3717.94	3715.14	3717.00	3720.80	3717.88	3723.06	3724.74	3721.54	3725.96	3724.36	3731.34	3732.88	
3733.20	3737.58	3737.02	3731.84	3733.72	3731.94	3730.68	3723.94	3730.14	3731.50	3717.86	3728.54	3729.86	3730.38	3727.78	3729.24	
3718.36	3703.00	3702.80	3701.44	3700.66	3700.78	3715.96	3732.54	3721.34	3717.60	3712.08	3693.66	3716.54	3732.04	3719.60	3719.02	
3721.82	3717.92	3715.56	3720.86	3711.70	3708.80	3707.88	3704.88	3704.66	3709.16	3717.20	3722.16	3719.60	3721.94	3745.06	3704.58	

*******************************************2025/04/02;05:44:40
Probe number 61
Concentration entered by User 2.33% (Compensated: 2.64% at temperature 24.5)
1141.74	1144.24	1163.36	1175.06	1185.24	1199.70	1217.10	1231.66	1248.16	1264.34	1282.08	1305.62	1326.88	1350.88	1378.32	1409.08	
1436.84	1470.34	1499.48	1535.76	1576.62	1624.02	1669.74	1720.50	1773.08	1824.70	1896.38	1971.82	2056.28	2167.88	2349.04	2606.94	
3017.40	3268.66	3402.28	3631.94	3687.36	3704.62	3707.56	3715.56	3719.68	3725.36	3723.78	3724.54	3729.64	3728.58	3729.70	3727.36	
3725.16	3725.24	3728.28	3733.38	3723.30	3725.96	3725.14	3724.18	3731.74	3732.50	3733.42	3732.64	3731.46	3730.42	3728.42	3723.20	
3725.96	3724.52	3720.42	3714.88	3717.28	3714.32	3716.04	3719.76	3717.18	3722.40	3724.16	3720.84	3724.66	3723.88	3730.26	3732.26	
3732.64	3736.88	3736.20	3730.98	3732.80	3731.12	3729.66	3722.94	3729.50	3730.60	3716.78	3728.00	3729.00	3729.46	3727.22	3728.40	
3717.38	3702.50	3702.18	3700.56	3699.80	3700.00	3715.68	3731.78	3720.56	3716.54	3710.74	3692.78	3715.96	3731.50	3718.56	3718.06	
3720.60	3717.14	3714.38	3719.78	3710.34	3707.34	3706.22	3703.34	3702.98	3708.44	3715.74	3721.06	3718.66	3721.08	3744.16	3703.70	

*******************************************2025/04/02;06:04:39
Probe number 62
Concentration entered by User 2.31% (Compensated: 2.62% at temperature 24.5)
1140.24	1142.42	1161.96	1174.06	1184.24	1198.14	1215.88	1230.34	1246.94	1263.22	1281.60	1304.96	1325.94	1351.14	1378.90	1410.38	
1437.12	1470.42	1500.60	1535.50	1574.60	1625.52	1668.22	1719.88	1773.14	1826.14	1896.30	1968.14	2050.82	2168.06	2358.98	2640.88	
3033.84	3267.82	3399.94	3631.88	3687.58	3704.70	3708.60	3716.76	3720.84	3725.94	3724.76	3725.52	3731.46	3730.26	3731.08	3729.06	
3725.88	3726.10	3729.62	3735.02	3725.08	3727.70	3726.56	3725.30	3732.72	3733.72	3734.54	3734.38	3733.02	3731.70	3729.24	3724.32	
3727.46	3726.26	3721.82	3716.28	3717.92	3715.36	3717.02	3720.80	3718.68	3723.34	3725.06	3722.20	3725.82	3724.58	3731.26	3733.56	
3733.50	3737.88	3736.90	3732.00	3734.06	3732.18	3731.16	3724.32	3730.42	3732.10	3718.22	3729.22	3730.18	3730.28	3728.32	3729.76	
3719.10	3703.48	3703.34	3701.84	3700.76	3701.36	3716.62	3733.26	3721.56	3717.62	3711.86	3693.80	3716.68	3732.56	3719.84	3718.94	
3721.90	3718.62	3716.10	3721.36	3711.12	3707.78	3707.30	3704.02	3703.96	3709.22	3716.90	3722.28	3719.88	3722.62	3745.70	3705.40	

*******************************************2025/04/02;06:24:40
Probe number 63
Concentration entered by User 2.28% (Compensated: 2.59% at temperature 24.4)
1140.14	1142.66	1162.30	1173.74	1183.96	1198.28	1215.76	1229.30	1246.20	1262.64	1281.08	1304.32	1325.62	1350.66	1377.52	1408.22	
1436.42	1469.74	1499.88	1535.04	1575.44	1624.22	1667.90	1718.80	1774.50	1827.50	1898.06	1970.06	2050.08	2166.16	2368.36	2648.32	
3039.10	3274.96	3408.16	3637.36	3689.36	3707.28	3710.02	3718.16	3720.74	3725.90	3724.20	3726.16	3731.80	3731.44	3732.42	3729.96	
3727.02	3727.22	3730.96	3736.24	3726.18	3728.94	3728.06	3726.70	3734.12	3734.96	3735.80	3735.24	3734.04	3732.56	3730.46	3725.34	
3728.28	3726.94	3722.84	3717.36	3718.92	3716.02	3717.86	3722.08	3719.48	3724.90	3726.54	3722.90	3726.90	3725.64	3732.34	3734.18	
3734.78	3738.94	3738.24	3732.94	3734.88	3732.56	3731.78	3725.50	3731.52	3732.92	3718.90	3730.14	3731.10	3731.14	3728.98	3730.38	
3720.38	3704.66	3704.48	3703.16	3701.90	3702.36	3717.84	3734.26	3722.82	3718.74	3712.84	3695.14	3717.84	3733.20	3720.84	3720.28	
3723.22	3719.96	3717.36	3721.90	3712.70	3709.60	3709.22	3705.20	3705.02	3709.88	3718.10	3723.12	3720.70	3723.52	3746.48	3706.40	

*******************************************2025/04/02;06:44:39
Probe number 64
Concentration entered by User 2.19% (Compensated: 2.49% at temperature 24.3)
1140.10	1142.12	1161.58	1173.18	1182.90	1197.56	1214.62	1227.92	1244.72	1260.98	1280.26	1303.52	1325.74	1349.54	1377.26	1408.38	
1436.68	1468.00	1497.92	1534.20	1574.84	1622.18	1664.56	1717.30	1773.94	1825.82	1894.62	1964.38	2040.62	2161.76	2379.76	2674.86	
3056.88	3289.92	3436.30	3648.24	3688.24	3705.72	3709.48	3717.46	3720.92	3725.04	3723.02	3724.76	3730.82	3730.86	3731.56	3728.70	
3725.90	3725.94	3729.94	3735.32	3725.02	3728.32	3726.56	3725.18	3732.52	3733.84	3734.68	3734.52	3733.22	3731.52	3728.96	3723.64	
3726.64	3725.84	3721.74	3716.14	3717.90	3715.06	3716.42	3720.28	3717.80	3723.34	3724.94	3721.66	3725.42	3724.02	3730.62	3732.88	
3733.36	3737.54	3736.70	3731.76	3733.50	3731.62	3730.44	3723.78	3729.86	3731.22	3717.66	3728.62	3729.28	3730.28	3727.66	3729.16	
3718.68	3703.12	3702.88	3701.40	3700.32	3701.16	3716.18	3732.94	3721.18	3717.02	3711.42	3693.60	3716.46	3732.12	3719.70	3718.64	
3722.40	3718.60	3715.92	3720.62	3711.28	3708.28	3707.44	3703.84	3703.34	3708.56	3716.50	3721.52	3719.14	3721.78	3745.00	3704.68	

*******************************************2025/04/02;07:00:03
Probe number 65
Concentration entered by User 2.18% (Compensated: 2.47% at temperature 24.3)
1139.66	1141.76	1160.98	1173.26	1182.86	1197.36	1214.14	1227.68	1244.32	1260.78	1279.80	1303.18	1325.14	1349.92	1376.80	1407.84	
1436.46	1468.52	1498.20	1535.58	1575.22	1621.38	1664.78	1718.70	1771.60	1823.46	1893.34	1958.46	2039.36	2165.34	2379.34	2671.36	
3062.36	3294.96	3437.44	3648.30	3686.64	3704.78	3707.66	3715.72	3718.68	3723.14	3720.96	3722.78	3729.60	3729.38	3730.12	3726.94	
3723.58	3724.54	3728.34	3734.02	3723.74	3726.56	3724.90	3723.78	3730.64	3732.26	3733.42	3733.26	3731.86	3730.02	3727.60	3722.24	
3725.32	3724.16	3720.00	3714.66	3716.42	3713.12	3714.86	3718.90	3716.60	3721.74	3723.70	3720.08	3723.96	3722.68	3729.08	3731.48	
3731.84	3736.12	3735.14	3729.74	3732.02	3730.28	3728.80	3722.28	3728.42	3730.10	3715.76	3727.22	3728.10	3728.54	3726.08	3727.56	
3717.44	3701.22	3700.82	3699.68	3698.62	3699.46	3714.82	3731.46	3719.52	3715.46	3709.74	3691.50	3714.88	3730.58	3717.86	3717.26	
3720.42	3716.72	3714.04	3719.44	3709.42	3706.54	3705.74	3701.66	3701.34	3706.94	3714.78	3719.52	3717.16	3719.72	3743.32	3702.50	

*******************************************2025/04/02;07:04:39
Probe number 66
Concentration entered by User 2.15% (Compensated: 2.45% at temperature 24.3)
1140.70	1142.86	1162.06	1173.42	1183.92	1198.08	1215.28	1228.72	1245.60	1262.10	1280.54	1303.58	1325.28	1351.50	1378.32	1409.62	
1437.58	1470.38	1501.12	1536.70	1575.62	1622.30	1666.38	1719.20	1772.94	1826.34	1893.72	1962.94	2040.12	2166.74	2381.42	2677.42	
3069.62	3299.72	3446.30	3651.92	3689.08	3707.92	3710.42	3718.62	3721.52	3725.84	3724.16	3726.08	3731.92	3731.70	3732.70	3729.16	
3726.46	3726.90	3730.92	3736.36	3726.66	3729.14	3727.74	3726.58	3733.34	3735.18	3736.10	3735.72	3734.38	3732.60	3729.96	3725.26	
3728.02	3726.50	3723.00	3717.50	3719.12	3716.16	3717.56	3721.62	3719.32	3724.60	3726.36	3722.72	3726.94	3725.22	3731.80	3734.28	
3734.56	3738.86	3737.82	3732.66	3734.74	3732.78	3731.42	3725.24	3730.88	3732.80	3718.54	3730.14	3730.94	3731.38	3729.14	3730.60	
3720.10	3704.26	3704.24	3702.96	3701.76	3702.58	3717.44	3733.96	3722.50	3718.16	3712.58	3694.68	3717.74	3733.08	3720.58	3720.04	
3723.30	3719.60	3716.70	3721.88	3712.22	3709.26	3708.32	3704.64	3704.30	3709.60	3717.26	3722.16	3719.70	3722.36	3745.70	3705.62	

*******************************************2025/04/02;07:24:39
Probe number 67
Concentration entered by User 2.17% (Compensated: 2.47% at temperature 24.2)
1138.88	1141.44	1160.42	1171.86	1182.08	1197.22	1213.56	1227.18	1244.16	1259.76	1278.74	1302.30	1323.98	1348.74	1375.70	1407.10	
1436.86	1469.12	1499.50	1535.06	1574.66	1622.12	1666.76	1720.20	1773.68	1824.52	1895.12	1967.00	2040.72	2161.14	2376.48	2670.32	
3064.36	3291.36	3440.84	3651.52	3686.00	3705.02	3708.80	3716.86	3719.54	3724.10	3722.28	3724.02	3729.88	3729.56	3731.06	3727.94	
3724.54	3724.82	3729.16	3734.50	3724.70	3727.54	3726.36	3725.02	3731.70	3733.28	3734.52	3734.32	3733.06	3731.58	3728.98	3723.80	
3726.70	3725.40	3721.96	3716.26	3718.06	3714.76	3716.54	3720.00	3718.00	3723.06	3724.62	3721.32	3725.62	3723.78	3730.64	3732.66	
3733.22	3737.40	3736.38	3731.02	3733.42	3731.08	3730.18	3723.44	3729.38	3731.48	3717.26	3728.44	3729.96	3730.02	3727.60	3729.08	
3718.96	3702.62	3702.36	3701.18	3700.22	3700.34	3716.14	3732.60	3721.38	3717.52	3711.42	3693.32	3716.70	3732.36	3719.64	3719.08	
3721.92	3718.54	3715.38	3720.34	3710.80	3707.24	3706.88	3703.16	3703.08	3708.26	3716.16	3720.66	3718.60	3720.90	3744.54	3703.88	

*******************************************2025/04/02;07:44:40
Probe number 68
Concentration entered by User 2.20% (Compensated: 2.49% at temperature 24.2)
1137.72	1140.14	1159.34	1171.48	1181.66	1195.70	1212.46	1226.12	1242.62	1258.86	1277.66	1301.56	1322.56	1347.86	1375.20	1405.94	
1434.32	1466.10	1497.34	1533.70	1573.26	1622.02	1665.08	1715.00	1771.82	1824.82	1892.90	1960.44	2034.98	2157.90	2369.36	2666.80	
3049.72	3279.80	3446.98	3650.12	3682.90	3700.52	3704.52	3712.86	3716.16	3720.56	3718.82	3720.42	3726.44	3725.70	3727.12	3724.20	
3721.00	3721.16	3725.36	3730.74	3720.86	3723.88	3722.40	3721.02	3728.04	3729.96	3731.28	3731.28	3729.80	3728.04	3725.58	3720.06	
3723.26	3722.26	3718.22	3712.82	3714.60	3711.56	3713.06	3716.80	3714.48	3719.84	3721.44	3718.04	3722.26	3720.38	3727.40	3729.94	
3730.18	3734.26	3733.30	3728.14	3730.12	3728.04	3726.94	3720.26	3725.84	3727.86	3713.86	3725.26	3725.98	3726.86	3724.30	3725.76	
3715.48	3698.88	3698.90	3697.70	3696.42	3697.46	3712.76	3729.52	3717.70	3713.74	3707.76	3689.82	3713.04	3729.18	3715.68	3714.94	
3717.90	3713.96	3711.62	3716.80	3707.06	3703.68	3703.04	3699.20	3699.20	3704.66	3712.40	3717.62	3715.02	3717.24	3741.48	3699.48	

*******************************************2025/04/02;08:04:39
Probe number 69
Concentration entered by User 2.22% (Compensated: 2.50% at temperature 24.1)
1136.60	1139.60	1158.00	1169.44	1179.52	1193.84	1210.38	1224.58	1241.08	1256.94	1276.42	1299.98	1321.38	1347.22	1374.26	1403.92	
1432.56	1465.28	1497.04	1531.16	1570.24	1619.92	1663.88	1715.80	1768.62	1822.86	1889.62	1961.94	2030.78	2155.08	2367.40	2658.46	
3044.00	3277.52	3442.72	3645.10	3679.04	3698.00	3702.06	3709.94	3713.38	3717.66	3716.46	3717.46	3724.06	3724.10	3725.16	3721.88	
3718.82	3719.30	3723.74	3729.02	3719.46	3722.22	3720.80	3719.52	3726.00	3728.10	3729.58	3730.02	3728.42	3727.00	3724.00	3718.58	
3721.84	3720.50	3717.00	3711.56	3713.14	3709.94	3711.34	3715.34	3713.48	3718.24	3719.78	3716.40	3720.48	3719.02	3726.08	3728.96	
3729.70	3733.80	3732.16	3726.84	3728.62	3726.76	3725.74	3719.26	3724.82	3726.54	3711.76	3723.82	3724.86	3725.72	3722.92	3724.40	
3713.96	3697.90	3697.22	3696.46	3695.18	3695.78	3711.74	3728.22	3716.76	3712.42	3706.80	3688.22	3711.54	3727.72	3714.40	3713.62	
3716.72	3712.96	3710.20	3715.52	3705.58	3702.42	3701.18	3697.34	3697.46	3703.02	3710.62	3715.48	3713.48	3716.16	3740.00	3698.34	

*******************************************2025/04/02;08:24:39
Probe number 70
Concentration entered by User 2.27% (Compensated: 2.55% at temperature 24.1)
1136.60	1138.56	1157.58	1169.68	1179.42	1193.54	1209.60	1223.50	1240.46	1257.50	1275.68	1299.10	1320.72	1346.56	1374.22	1403.48	
1431.64	1464.18	1495.74	1531.40	1569.72	1620.04	1663.78	1714.48	1770.02	1823.16	1895.14	1964.40	2033.88	2160.34	2369.80	2653.72	
3009.96	3254.70	3447.10	3647.14	3680.46	3698.92	3703.04	3712.02	3714.90	3719.60	3718.62	3720.44	3726.66	3726.06	3727.34	3724.12	
3721.14	3721.88	3726.22	3731.66	3721.90	3724.74	3723.60	3721.94	3728.92	3730.92	3732.66	3733.00	3731.42	3729.62	3727.34	3722.08	
3724.96	3723.66	3720.04	3714.48	3716.24	3713.28	3714.80	3718.36	3716.06	3721.60	3722.56	3720.04	3723.74	3722.42	3729.10	3731.04	
3732.00	3736.38	3735.04	3730.12	3732.08	3730.28	3728.64	3722.46	3727.84	3730.06	3715.64	3726.96	3728.64	3728.98	3726.36	3727.64	
3717.64	3701.84	3700.98	3700.20	3698.68	3699.50	3714.82	3731.26	3720.00	3715.86	3710.10	3692.08	3715.32	3730.90	3718.38	3717.08	
3720.20	3716.26	3713.60	3718.80	3709.22	3706.00	3704.80	3701.00	3700.76	3706.46	3713.46	3718.88	3716.52	3719.44	3742.84	3701.26	

*******************************************2025/04/02;08:44:39
Probe number 71
Concentration entered by User 2.37% (Compensated: 2.65% at temperature 24.1)
1135.36	1137.60	1156.66	1168.42	1177.84	1191.34	1207.78	1221.74	1238.66	1254.60	1273.14	1297.06	1320.14	1345.44	1371.06	1401.88	
1429.84	1461.62	1492.86	1530.34	1569.90	1616.18	1664.46	1713.26	1769.88	1826.08	1890.84	1971.18	2049.82	2171.98	2336.04	2575.16	
2926.42	3237.76	3442.12	3646.66	3676.24	3696.42	3700.84	3709.50	3712.60	3717.72	3716.58	3718.14	3724.52	3724.08	3725.16	3722.30	
3719.16	3719.94	3724.44	3730.12	3720.10	3723.02	3721.90	3720.64	3727.36	3729.38	3730.88	3731.16	3729.92	3728.30	3725.40	3720.02	
3723.36	3722.14	3718.34	3712.96	3714.64	3711.32	3712.52	3716.82	3714.76	3719.70	3721.58	3718.36	3722.08	3720.62	3727.56	3729.60	
3730.14	3734.68	3733.48	3728.22	3730.54	3728.40	3726.86	3720.20	3726.06	3728.10	3713.98	3725.82	3727.04	3727.38	3724.90	3725.82	
3715.40	3699.68	3699.52	3698.44	3697.00	3697.12	3712.62	3729.70	3718.78	3714.70	3709.02	3690.36	3713.28	3729.50	3716.98	3716.10	
3718.46	3713.94	3710.92	3716.84	3707.14	3703.36	3702.26	3698.36	3698.54	3704.02	3711.78	3716.58	3714.54	3717.38	3740.98	3698.88	

*******************************************2025/04/02;09:04:40
Probe number 72
Concentration entered by User 2.24% (Compensated: 2.51% at temperature 24.0)
1135.90	1138.42	1157.46	1169.20	1179.08	1192.70	1208.86	1223.22	1239.96	1255.86	1274.64	1298.60	1320.22	1345.20	1373.28	1404.36	
1432.16	1463.72	1495.76	1531.10	1571.44	1619.32	1665.84	1714.20	1769.72	1824.10	1889.22	1967.78	2050.98	2167.82	2343.04	2586.20	
3002.46	3278.06	3459.28	3659.92	3688.28	3705.68	3709.38	3717.62	3720.36	3725.30	3724.12	3725.66	3731.80	3731.60	3732.36	3729.98	
3726.58	3727.40	3731.74	3737.26	3727.56	3730.44	3729.16	3728.06	3734.50	3736.46	3737.60	3738.28	3736.82	3735.32	3733.04	3728.04	
3730.78	3729.68	3726.18	3720.90	3722.26	3719.16	3720.62	3724.56	3722.32	3727.02	3729.14	3725.86	3729.72	3728.30	3734.46	3736.50	
3737.60	3741.58	3740.36	3735.50	3737.54	3735.74	3733.94	3727.86	3733.46	3735.76	3721.68	3733.06	3734.04	3734.42	3731.92	3733.08	
3723.20	3707.50	3707.32	3706.40	3705.18	3705.52	3720.88	3737.04	3725.64	3721.84	3716.30	3698.64	3721.64	3736.74	3723.88	3723.12	
3725.96	3722.14	3719.60	3724.34	3715.24	3711.74	3710.50	3706.52	3706.42	3712.12	3719.32	3723.90	3721.70	3724.76	3746.88	3706.38	

*******************************************2025/04/02;09:24:40
Probe number 73
Concentration entered by User 2.17% (Compensated: 2.44% at temperature 24.0)
1136.34	1138.56	1158.06	1170.50	1180.78	1194.18	1210.84	1224.62	1241.52	1257.70	1277.12	1300.46	1321.76	1346.42	1374.42	1406.18	
1435.00	1466.82	1497.74	1534.00	1573.50	1621.62	1667.92	1719.32	1771.70	1827.04	1894.92	1969.52	2049.80	2164.74	2349.44	2621.50	
3033.30	3293.64	3470.72	3665.18	3692.74	3709.56	3713.00	3721.00	3724.12	3728.88	3727.68	3728.94	3735.26	3734.94	3735.96	3733.20	
3730.18	3731.06	3735.52	3740.10	3731.10	3733.84	3732.32	3731.22	3737.58	3739.36	3740.82	3741.46	3740.30	3738.46	3735.96	3731.14	
3734.06	3733.10	3729.56	3724.18	3725.68	3722.66	3724.10	3727.86	3725.80	3730.52	3732.34	3729.20	3732.84	3731.54	3737.60	3739.86	
3740.54	3744.48	3743.46	3738.60	3740.28	3738.72	3737.26	3731.38	3736.88	3739.04	3725.70	3736.62	3737.38	3737.76	3734.94	3735.90	
3726.86	3711.50	3711.10	3710.62	3708.58	3709.42	3724.40	3740.06	3729.04	3725.82	3720.24	3702.76	3724.88	3739.58	3727.30	3726.12	
3729.04	3725.04	3722.56	3727.60	3718.68	3715.04	3713.94	3709.86	3710.74	3716.30	3722.98	3727.18	3725.12	3727.40	3749.64	3709.84	

*******************************************2025/04/02;09:44:40
Probe number 74
Concentration entered by User 2.18% (Compensated: 2.47% at temperature 24.1)
1155.50	1157.70	1178.20	1190.18	1200.44	1214.74	1230.86	1244.74	1262.30	1279.34	1298.38	1321.86	1343.96	1369.78	1398.16	1430.70	
1459.00	1490.60	1522.72	1559.44	1600.12	1650.64	1696.32	1746.72	1798.14	1851.84	1912.54	1975.08	2048.20	2160.92	2369.84	2641.32	
2995.40	3231.40	3531.56	3704.88	3706.28	3720.50	3723.06	3730.90	3733.96	3736.62	3734.26	3734.38	3740.74	3739.90	3740.28	3736.52	
3733.52	3734.14	3737.72	3742.38	3732.36	3734.28	3732.96	3731.54	3738.08	3739.62	3741.12	3741.24	3739.42	3737.22	3734.90	3730.04	
3732.94	3732.26	3728.48	3723.14	3724.28	3721.78	3722.88	3726.82	3724.56	3728.96	3731.12	3727.82	3731.68	3730.20	3736.04	3738.38	
3739.34	3743.46	3742.24	3737.38	3739.14	3737.44	3736.02	3729.84	3735.24	3737.24	3723.66	3734.70	3735.62	3736.18	3733.96	3734.72	
3725.34	3709.88	3709.58	3708.22	3707.28	3707.50	3722.52	3738.68	3727.74	3723.98	3718.66	3700.54	3722.88	3738.08	3725.26	3724.48	
3727.72	3723.42	3721.36	3726.56	3717.22	3713.60	3712.74	3709.16	3709.36	3713.98	3721.06	3725.44	3723.50	3726.14	3748.70	3708.44	

*******************************************2025/04/02;10:04:40
Probe number 75
Concentration entered by User 2.18% (Compensated: 2.49% at temperature 24.5)
1158.78	1160.22	1179.84	1192.16	1203.50	1217.78	1233.90	1247.34	1264.88	1282.28	1301.60	1325.00	1346.88	1373.02	1400.22	1430.26	
1459.54	1494.70	1527.12	1565.70	1605.34	1652.44	1697.18	1747.72	1803.78	1850.48	1906.78	1984.16	2061.16	2180.06	2375.98	2633.10	
2954.30	3219.00	3581.60	3706.86	3699.02	3713.80	3715.68	3721.12	3722.46	3725.38	3722.38	3722.64	3728.06	3726.92	3726.96	3724.14	
3720.08	3721.12	3724.60	3729.76	3719.14	3721.48	3720.20	3719.10	3726.24	3728.08	3730.08	3730.22	3728.90	3726.72	3724.12	3719.64	
3723.16	3722.40	3719.14	3713.46	3715.04	3712.28	3713.66	3717.66	3715.30	3720.28	3722.40	3718.88	3722.78	3721.12	3727.80	3730.02	
3730.46	3734.94	3734.06	3728.88	3730.68	3728.66	3727.34	3721.30	3726.42	3728.80	3714.00	3726.16	3727.02	3727.28	3724.88	3726.32	
3716.18	3700.56	3700.08	3699.02	3697.36	3698.06	3713.42	3730.46	3718.92	3714.88	3709.50	3690.80	3713.92	3729.82	3716.06	3715.66	
3718.46	3714.44	3711.68	3717.18	3707.70	3704.14	3702.98	3699.20	3699.42	3704.86	3711.66	3716.46	3714.30	3717.28	3740.76	3698.34	

*******************************************2025/04/02;10:24:40
Probe number 76
Concentration entered by User 2.08% (Compensated: 2.41% at temperature 24.7)
1154.26	1156.74	1176.64	1189.28	1199.36	1213.34	1229.90	1242.80	1259.12	1276.54	1295.74	1319.30	1341.84	1367.02	1394.16	1424.72	
1454.82	1486.66	1521.94	1561.48	1599.68	1649.76	1690.54	1739.10	1792.54	1843.14	1899.00	1970.58	2063.26	2183.06	2385.30	2651.42	
2961.80	3268.68	3606.46	3711.60	3703.18	3714.08	3714.22	3719.30	3720.44	3723.36	3721.52	3721.92	3727.28	3726.54	3726.84	3723.56	
3720.26	3721.46	3725.26	3730.20	3719.74	3722.54	3721.48	3720.24	3728.20	3730.32	3731.84	3732.68	3731.06	3729.34	3726.70	3721.84	
3726.12	3725.40	3722.22	3716.72	3718.64	3715.68	3717.06	3721.04	3719.08	3723.68	3725.48	3722.18	3726.04	3724.70	3731.12	3733.10	
3733.90	3738.14	3737.12	3732.38	3734.22	3731.96	3730.58	3724.28	3729.70	3731.82	3717.54	3729.08	3729.96	3730.44	3728.24	3729.50	
3719.90	3703.66	3704.04	3702.76	3701.28	3701.56	3716.80	3733.60	3722.32	3718.40	3712.30	3694.04	3716.96	3732.82	3719.84	3718.70	
3721.78	3717.86	3715.16	3720.08	3711.32	3707.60	3706.26	3702.34	3702.42	3707.60	3714.56	3719.90	3717.38	3720.32	3743.30	3701.50	

*******************************************2025/04/02;10:44:40
Probe number 77
Concentration entered by User 2.01% (Compensated: 2.35% at temperature 24.9)
1161.26	1163.56	1184.80	1196.96	1206.96	1220.98	1236.36	1250.00	1267.62	1284.66	1303.80	1327.72	1350.46	1376.46	1403.96	1434.56	
1462.94	1497.88	1530.66	1569.12	1612.18	1660.12	1700.98	1748.20	1799.26	1853.78	1915.00	1986.48	2082.82	2208.56	2390.00	2660.84	
2975.50	3298.64	3626.48	3717.28	3709.84	3720.12	3720.02	3724.78	3725.16	3728.40	3726.98	3726.78	3731.70	3730.82	3730.90	3727.08	
3723.86	3724.56	3727.90	3732.98	3722.36	3724.56	3723.60	3722.10	3729.68	3731.70	3733.54	3734.00	3732.52	3730.64	3727.92	3723.04	
3727.42	3726.94	3723.66	3718.48	3720.04	3716.68	3718.28	3721.90	3720.54	3725.48	3727.26	3723.94	3727.38	3725.60	3732.16	3734.56	
3735.50	3739.56	3738.58	3733.72	3735.56	3732.72	3731.64	3725.24	3731.36	3733.32	3719.34	3730.50	3731.46	3731.72	3729.72	3731.00	
3721.52	3705.54	3705.60	3704.58	3702.90	3702.92	3717.96	3734.68	3723.70	3720.08	3713.86	3695.84	3718.48	3734.18	3721.48	3720.46	
3723.38	3719.56	3716.52	3722.08	3712.74	3709.20	3707.96	3703.94	3703.96	3709.26	3717.00	3721.54	3719.00	3721.90	3744.96	3703.32	

*******************************************2025/04/02;11:04:40
Probe number 78
Concentration entered by User 1.87% (Compensated: 2.23% at temperature 25.2)
1185.50	1187.38	1210.58	1223.04	1234.04	1247.44	1262.74	1276.32	1294.00	1312.12	1332.52	1357.62	1380.26	1405.46	1432.70	1464.00	
1492.72	1526.46	1559.80	1595.60	1635.96	1683.70	1728.92	1773.50	1831.00	1885.12	1950.86	2022.00	2123.12	2242.38	2430.52	2699.66	
3020.64	3357.06	3640.80	3725.28	3717.88	3727.80	3726.30	3730.66	3731.00	3733.66	3730.96	3730.52	3734.84	3733.62	3733.38	3728.64	
3724.72	3724.88	3728.18	3733.00	3721.80	3723.48	3721.46	3719.46	3727.14	3728.94	3731.26	3731.48	3729.24	3727.08	3724.36	3719.98	
3724.10	3723.68	3720.72	3715.10	3716.24	3713.26	3714.62	3718.94	3716.72	3722.12	3723.90	3720.36	3723.70	3721.86	3728.70	3731.64	
3731.90	3736.20	3735.66	3730.22	3731.62	3729.54	3728.34	3721.98	3728.20	3730.12	3716.12	3727.10	3728.10	3728.62	3726.36	3727.72	
3717.26	3701.54	3701.56	3700.44	3699.12	3699.60	3714.78	3731.76	3720.42	3716.50	3710.32	3691.98	3715.60	3730.92	3717.80	3717.12	
3719.72	3715.68	3713.08	3718.32	3709.22	3705.48	3703.98	3700.38	3700.10	3706.04	3713.60	3718.22	3715.82	3718.44	3742.26	3700.32	

*******************************************2025/04/02;11:24:40
Probe number 79
Concentration entered by User 1.81% (Compensated: 2.17% at temperature 25.2)
1198.50	1200.04	1223.34	1236.04	1247.20	1262.14	1279.72	1293.78	1311.92	1329.54	1350.68	1376.12	1397.80	1423.08	1451.42	1484.10	
1514.24	1548.36	1580.72	1615.68	1654.34	1700.20	1744.72	1791.14	1845.96	1902.42	1966.64	2044.56	2139.14	2274.82	2479.16	2755.40	
3044.78	3372.14	3636.34	3733.86	3729.58	3738.12	3735.38	3735.90	3734.64	3736.52	3733.42	3733.12	3736.36	3734.24	3732.52	3727.64	
3723.38	3723.10	3726.12	3730.66	3719.40	3721.56	3719.98	3719.34	3726.78	3729.24	3731.24	3730.96	3729.62	3728.16	3725.92	3721.56	
3726.12	3726.14	3723.32	3717.96	3719.74	3716.48	3717.96	3722.38	3720.24	3725.62	3727.18	3723.82	3727.18	3725.44	3732.32	3734.84	
3735.74	3739.64	3738.78	3732.90	3734.72	3732.62	3731.54	3725.86	3731.34	3733.68	3719.62	3730.52	3731.42	3732.00	3729.46	3731.34	
3720.56	3705.26	3705.54	3703.66	3703.12	3703.36	3718.52	3735.12	3723.50	3719.40	3713.62	3695.70	3718.54	3734.00	3721.46	3721.06	
3723.00	3719.36	3716.42	3721.86	3712.56	3709.28	3708.00	3704.30	3704.32	3709.54	3717.06	3721.42	3718.48	3721.42	3744.58	3703.44	

*******************************************2025/04/02;11:44:40
Probe number 80
Concentration entered by User 1.67% (Compensated: 2.03% at temperature 25.2)
1210.08	1210.48	1234.20	1246.58	1258.20	1273.24	1291.20	1306.48	1324.26	1342.50	1363.36	1388.52	1411.96	1437.88	1464.82	1495.76	
1525.96	1559.26	1592.18	1631.46	1669.56	1715.18	1761.52	1809.70	1862.06	1919.30	1986.98	2077.52	2176.74	2303.84	2506.52	2758.88	
3051.88	3440.34	3684.98	3740.88	3731.58	3737.00	3733.20	3734.18	3731.72	3733.26	3729.42	3728.14	3731.62	3729.62	3727.22	3722.72	
3718.60	3718.36	3721.64	3726.24	3715.48	3718.26	3716.68	3715.36	3723.46	3725.80	3728.54	3728.84	3727.70	3726.18	3724.14	3720.22	
3724.08	3724.10	3721.54	3716.48	3718.26	3714.98	3716.80	3720.68	3718.70	3723.86	3725.90	3722.24	3725.52	3723.96	3731.40	3733.34	
3734.10	3738.06	3737.24	3731.74	3733.58	3731.60	3730.72	3723.94	3730.02	3731.88	3718.24	3729.04	3730.16	3730.18	3728.38	3729.84	
3719.62	3704.22	3704.38	3702.48	3701.78	3701.98	3717.82	3733.68	3722.22	3718.40	3712.36	3694.02	3717.12	3732.60	3719.80	3719.22	
3721.82	3717.84	3714.56	3720.06	3710.94	3708.08	3706.40	3702.94	3702.94	3708.10	3715.36	3719.14	3716.74	3719.34	3743.08	3700.80	

*******************************************2025/04/02;12:04:40
Probe number 81
Concentration entered by User 1.64% (Compensated: 2.03% at temperature 25.5)
1215.12	1215.62	1239.52	1252.48	1263.92	1279.62	1297.56	1313.22	1331.62	1349.52	1370.14	1395.48	1416.76	1444.04	1470.86	1501.54	
1532.30	1564.40	1596.64	1637.14	1676.62	1725.08	1769.52	1815.62	1866.92	1928.64	1998.04	2083.46	2186.66	2332.42	2517.76	2755.48	
3087.98	3443.32	3670.76	3739.84	3732.34	3737.36	3733.54	3733.66	3731.12	3732.88	3729.06	3728.40	3731.76	3730.02	3728.36	3724.06	
3720.26	3720.06	3723.82	3728.82	3718.58	3720.94	3720.22	3719.24	3727.46	3730.02	3732.22	3733.02	3732.30	3731.06	3728.72	3724.94	
3729.16	3729.66	3727.22	3722.74	3724.70	3721.36	3722.80	3726.90	3724.36	3730.10	3731.40	3728.32	3731.40	3730.02	3737.00	3738.96	
3739.66	3743.28	3743.02	3737.52	3739.04	3737.46	3736.18	3730.16	3736.08	3737.86	3724.16	3735.20	3736.14	3735.88	3734.02	3735.36	
3725.52	3711.00	3711.12	3708.94	3708.44	3708.20	3723.68	3739.54	3728.52	3724.42	3718.86	3700.90	3723.42	3737.98	3725.94	3725.42	
3727.14	3722.98	3720.20	3726.06	3717.04	3714.16	3712.32	3708.86	3709.08	3714.82	3721.66	3725.62	3722.36	3725.26	3748.32	3707.74	

*******************************************2025/04/02;12:24:40
Probe number 82
Concentration entered by User 1.50% (Compensated: 1.89% at temperature 25.6)
1219.06	1219.52	1244.14	1256.64	1269.22	1285.36	1303.96	1318.90	1337.12	1355.68	1376.08	1401.40	1423.16	1450.14	1477.00	1506.96	
1537.46	1570.96	1602.66	1639.50	1679.06	1722.12	1767.98	1813.26	1868.44	1927.90	1995.30	2088.06	2187.66	2327.66	2530.58	2791.78	
3168.82	3478.92	3677.44	3735.92	3731.40	3735.70	3731.36	3731.80	3729.88	3732.02	3728.56	3728.36	3732.06	3728.70	3727.12	3722.70	
3719.40	3720.22	3724.54	3729.74	3719.02	3721.96	3720.00	3718.86	3727.68	3730.18	3733.42	3734.52	3734.06	3732.38	3730.12	3726.16	
3730.58	3731.28	3729.50	3724.54	3726.32	3723.32	3724.26	3728.24	3726.10	3731.64	3732.96	3730.06	3733.40	3732.40	3739.00	3740.74	
3741.26	3744.80	3744.38	3739.40	3740.84	3739.12	3737.78	3731.80	3737.46	3738.86	3725.64	3736.36	3737.76	3738.04	3736.26	3737.42	
3727.22	3713.22	3712.90	3711.56	3711.20	3710.86	3725.62	3741.38	3730.68	3726.36	3720.70	3703.14	3725.00	3740.38	3727.84	3727.54	
3729.08	3725.20	3722.46	3727.64	3719.34	3716.06	3713.90	3710.98	3711.90	3717.26	3723.54	3726.68	3723.44	3726.94	3749.80	3709.04	

*******************************************2025/04/02;12:44:40
Probe number 83
Concentration entered by User 1.51% (Compensated: 1.92% at temperature 25.7)
1217.30	1218.06	1242.58	1255.24	1267.80	1283.68	1301.42	1316.76	1336.04	1354.68	1375.48	1400.02	1421.80	1448.12	1474.98	1505.70	
1533.90	1567.40	1601.68	1637.82	1679.08	1721.46	1768.82	1813.56	1871.94	1926.98	1995.48	2085.94	2177.98	2332.22	2560.04	2831.08	
3169.94	3453.12	3660.36	3729.24	3723.98	3730.36	3726.92	3727.52	3726.24	3727.24	3723.14	3723.30	3727.14	3723.18	3722.60	3718.12	
3713.98	3715.06	3718.40	3723.38	3712.28	3715.10	3714.56	3713.44	3722.04	3724.84	3727.72	3729.06	3728.16	3726.12	3724.34	3719.74	
3725.00	3725.62	3723.76	3718.86	3720.34	3717.64	3718.60	3721.76	3719.22	3725.22	3727.16	3723.98	3727.68	3726.86	3733.04	3734.84	
3735.40	3739.32	3738.90	3733.62	3734.94	3733.22	3732.14	3725.88	3731.50	3733.26	3719.34	3730.52	3732.02	3732.54	3730.84	3731.86	
3721.88	3706.86	3706.84	3705.00	3705.02	3704.14	3719.98	3735.60	3724.44	3720.72	3714.46	3696.42	3718.96	3734.64	3721.26	3720.84	
3722.20	3718.38	3715.96	3721.50	3712.50	3708.90	3707.02	3703.88	3704.40	3710.10	3716.62	3720.06	3716.94	3720.00	3743.70	3702.02	

*******************************************2025/04/02;13:04:40
Probe number 84
Concentration entered by User 1.47% (Compensated: 1.89% at temperature 26.0)
1220.32	1220.48	1245.06	1258.48	1270.84	1287.04	1305.62	1320.02	1339.88	1359.26	1380.18	1405.02	1426.46	1452.90	1480.24	1512.16	
1541.30	1574.86	1605.90	1644.58	1685.70	1726.84	1773.32	1822.46	1876.56	1941.30	2011.20	2096.74	2212.86	2353.98	2589.34	2840.74	
3175.80	3476.38	3664.80	3730.52	3727.32	3732.38	3728.40	3729.42	3727.74	3729.56	3725.42	3725.78	3729.16	3725.30	3724.92	3719.94	
3716.36	3716.70	3720.94	3725.80	3714.94	3717.98	3716.70	3715.64	3725.06	3726.92	3729.96	3731.22	3730.52	3728.88	3727.54	3723.28	
3728.08	3728.56	3726.54	3721.30	3723.16	3719.56	3720.76	3725.12	3722.80	3728.44	3730.30	3726.74	3730.18	3729.38	3735.68	3737.50	
3737.80	3741.54	3741.12	3735.82	3737.50	3736.12	3734.48	3728.44	3733.94	3736.02	3722.36	3733.60	3734.36	3734.84	3733.66	3734.90	
3724.58	3709.76	3709.66	3708.10	3707.88	3707.56	3722.92	3738.22	3727.14	3723.22	3717.42	3699.56	3721.70	3737.40	3724.06	3724.16	
3725.52	3721.20	3719.04	3724.32	3715.46	3712.02	3710.34	3706.82	3707.10	3712.42	3719.36	3723.44	3719.94	3722.20	3745.48	3704.52	

*******************************************2025/04/02;13:24:40
Probe number 85
Concentration entered by User 1.57% (Compensated: 2.00% at temperature 26.1)
1221.74	1222.20	1246.68	1260.02	1272.16	1288.20	1308.44	1323.48	1342.62	1361.00	1380.66	1404.98	1426.58	1451.82	1479.98	1510.80	
1539.88	1576.50	1607.44	1643.90	1684.08	1729.66	1773.92	1826.68	1881.54	1943.46	2016.38	2103.50	2210.92	2348.64	2560.06	2819.74	
3131.72	3444.96	3666.40	3729.74	3725.94	3729.48	3725.96	3726.72	3725.12	3726.74	3723.40	3724.32	3726.70	3723.96	3723.52	3719.50	
3716.00	3716.56	3719.56	3725.04	3713.90	3717.46	3716.98	3716.28	3725.04	3727.34	3729.66	3730.98	3729.98	3729.44	3727.76	3723.98	
3728.28	3728.92	3726.50	3721.44	3723.56	3720.34	3721.68	3725.52	3723.44	3729.24	3730.46	3727.00	3730.30	3729.68	3735.52	3737.34	
3737.82	3742.30	3741.96	3736.28	3737.80	3735.84	3734.20	3728.44	3734.32	3736.48	3722.94	3734.38	3734.74	3735.14	3734.28	3735.00	
3725.00	3710.60	3709.86	3708.60	3708.40	3708.36	3723.86	3738.78	3727.36	3723.34	3717.52	3700.22	3722.32	3737.70	3723.80	3724.52	
3725.74	3721.96	3719.32	3724.40	3715.68	3712.04	3710.06	3707.32	3707.78	3712.80	3719.12	3723.46	3720.14	3722.62	3745.38	3704.96	

*******************************************2025/04/02;13:44:40
Probe number 86
Concentration entered by User 1.89% (Compensated: 2.32% at temperature 26.0)
1214.28	1214.80	1239.36	1253.04	1265.36	1281.24	1300.90	1316.48	1334.50	1351.64	1369.46	1395.02	1417.56	1441.80	1468.68	1499.28	
1528.52	1562.16	1595.58	1635.72	1672.06	1721.78	1768.98	1818.54	1876.28	1940.32	2007.00	2095.66	2182.90	2307.30	2464.12	2657.72	
2981.54	3389.66	3632.22	3714.66	3724.08	3728.44	3730.10	3730.96	3728.78	3730.76	3726.88	3726.94	3728.52	3725.68	3725.48	3722.54	
3719.54	3718.46	3720.70	3726.24	3715.54	3718.26	3717.00	3716.00	3724.84	3726.16	3727.60	3729.02	3728.42	3727.46	3725.74	3721.50	
3725.80	3725.86	3723.46	3718.64	3720.26	3717.02	3718.62	3722.70	3720.66	3725.72	3726.84	3723.36	3727.08	3726.40	3732.84	3734.68	
3734.38	3738.98	3738.56	3732.72	3734.64	3733.28	3731.84	3726.32	3731.80	3733.76	3719.64	3731.14	3731.64	3732.54	3731.56	3732.80	
3722.08	3706.90	3706.62	3705.32	3705.38	3704.50	3719.80	3734.64	3724.12	3720.54	3714.58	3696.22	3717.88	3734.14	3720.52	3721.58	
3722.94	3718.74	3715.46	3720.92	3712.48	3708.78	3707.02	3704.18	3703.76	3708.88	3715.64	3720.00	3716.54	3719.46	3742.62	3701.28	

*******************************************2025/04/02;14:04:40
Probe number 87
Concentration entered by User 1.83% (Compensated: 2.25% at temperature 26.0)
1218.98	1219.30	1244.10	1257.68	1270.12	1286.70	1305.76	1321.08	1338.62	1356.32	1375.14	1400.64	1423.18	1448.92	1476.78	1507.98	
1537.18	1570.40	1605.00	1642.10	1683.18	1734.52	1780.50	1832.22	1891.90	1951.26	2022.04	2109.38	2199.10	2320.14	2483.24	2672.84	
3017.90	3400.98	3639.00	3721.96	3728.56	3736.10	3736.66	3737.34	3735.08	3736.16	3732.60	3732.34	3734.04	3731.60	3731.40	3727.72	
3724.18	3722.88	3725.54	3731.08	3720.38	3722.36	3720.74	3719.82	3728.18	3729.20	3731.38	3732.30	3731.38	3729.60	3728.28	3724.68	
3729.50	3729.20	3727.22	3721.52	3723.34	3720.12	3721.44	3725.76	3723.94	3728.76	3730.08	3726.58	3729.96	3728.74	3735.40	3736.92	
3737.14	3741.48	3741.22	3735.52	3737.60	3735.68	3734.12	3728.44	3734.24	3736.04	3722.46	3733.86	3734.54	3734.90	3733.82	3734.52	
3724.84	3710.02	3709.74	3708.52	3708.30	3707.72	3723.08	3738.16	3727.26	3723.44	3717.18	3699.18	3721.32	3736.42	3723.02	3724.22	
3725.90	3721.58	3718.88	3723.78	3715.00	3711.84	3710.54	3706.86	3706.68	3711.36	3718.52	3722.66	3719.22	3721.60	3744.94	3704.48	

*******************************************2025/04/02;14:24:40
Probe number 88
Concentration entered by User 1.78% (Compensated: 2.22% at temperature 26.2)
1221.02	1221.48	1246.38	1260.10	1273.52	1290.08	1307.94	1323.16	1340.98	1360.64	1380.38	1405.48	1427.28	1454.22	1481.80	1512.82	
1543.44	1577.44	1612.62	1651.96	1690.86	1740.80	1790.66	1841.14	1900.22	1965.08	2037.02	2130.32	2226.96	2347.96	2511.02	2713.08	
3047.66	3408.70	3637.74	3720.62	3727.04	3735.40	3733.94	3733.94	3731.24	3732.90	3729.64	3729.48	3731.54	3728.68	3728.02	3723.64	
3719.64	3719.72	3722.88	3728.52	3717.72	3719.98	3718.88	3718.02	3726.18	3728.28	3730.42	3731.30	3730.42	3728.94	3727.24	3723.74	
3728.26	3728.90	3726.42	3721.64	3722.78	3719.46	3721.24	3725.26	3723.12	3728.32	3729.44	3726.22	3729.60	3728.96	3734.48	3735.88	
3736.34	3741.06	3740.60	3735.38	3736.96	3735.00	3733.28	3727.76	3733.44	3735.52	3721.98	3733.38	3733.48	3734.08	3733.06	3734.20	
3724.14	3709.58	3709.36	3708.14	3707.76	3707.06	3722.50	3737.38	3726.70	3723.24	3717.30	3699.26	3720.64	3736.48	3722.42	3723.96	
3725.16	3720.86	3718.06	3723.22	3714.50	3711.74	3709.38	3706.36	3706.20	3710.90	3718.08	3722.02	3718.94	3721.04	3744.02	3703.34	

*******************************************2025/04/02;14:44:40
Probe number 89
Concentration entered by User 1.71% (Compensated: 2.15% at temperature 26.3)
1219.66	1220.22	1245.22	1258.74	1271.36	1287.36	1306.58	1321.72	1339.50	1357.82	1376.92	1402.06	1423.80	1449.90	1478.72	1511.04	
1539.48	1573.28	1608.22	1647.44	1688.00	1737.94	1784.46	1839.80	1896.68	1966.56	2040.24	2122.82	2219.68	2343.44	2503.82	2739.82	
3088.60	3424.28	3643.60	3717.50	3724.36	3733.02	3729.94	3727.92	3726.28	3729.10	3725.06	3725.02	3727.36	3724.30	3723.46	3719.06	
3714.66	3715.22	3718.48	3724.26	3713.28	3715.62	3714.12	3713.46	3721.04	3723.62	3726.12	3727.06	3726.12	3724.70	3723.26	3719.58	
3724.08	3724.88	3722.38	3717.26	3718.58	3715.16	3716.58	3721.14	3719.40	3724.84	3725.72	3722.16	3725.26	3724.56	3730.60	3732.34	
3732.68	3737.34	3736.70	3731.40	3732.74	3731.08	3729.30	3723.68	3729.56	3731.92	3717.80	3729.36	3729.72	3730.10	3729.26	3729.76	
3719.58	3705.30	3704.50	3703.46	3703.08	3702.22	3717.94	3733.52	3722.28	3718.54	3712.32	3693.84	3715.80	3732.00	3718.10	3719.24	
3720.64	3716.32	3713.30	3718.84	3710.02	3706.18	3704.98	3701.30	3701.32	3706.52	3713.70	3718.14	3714.66	3716.82	3740.24	3698.92	

*******************************************2025/04/02;15:04:40
Probe number 90
Concentration entered by User 1.70% (Compensated: 2.15% at temperature 26.4)
1219.72	1220.26	1245.70	1259.08	1272.26	1288.06	1305.54	1320.78	1339.58	1358.08	1376.72	1401.98	1424.78	1450.50	1480.76	1511.90	
1541.54	1577.22	1610.64	1649.92	1690.82	1740.96	1791.40	1844.46	1901.12	1973.68	2047.86	2121.80	2227.74	2348.72	2520.62	2734.06	
3107.50	3422.90	3639.46	3719.24	3729.04	3737.94	3733.24	3731.02	3730.32	3732.36	3728.44	3728.66	3730.12	3726.92	3727.28	3722.34	
3717.50	3717.48	3721.24	3726.96	3715.88	3718.02	3717.34	3716.18	3724.34	3726.16	3728.62	3729.90	3728.92	3727.84	3726.58	3722.60	
3727.32	3727.92	3725.38	3720.58	3722.34	3718.64	3720.58	3724.80	3722.78	3728.04	3728.82	3725.40	3728.48	3727.70	3733.96	3735.26	
3736.12	3740.52	3740.14	3734.04	3735.98	3734.30	3732.98	3727.24	3732.88	3734.82	3720.78	3732.50	3733.24	3733.98	3732.56	3732.78	
3723.08	3708.40	3708.12	3707.10	3707.10	3705.92	3721.44	3736.62	3725.76	3722.32	3715.86	3697.38	3719.36	3735.34	3721.46	3722.46	
3723.90	3719.22	3716.36	3721.78	3713.12	3710.14	3708.38	3704.60	3704.64	3709.80	3717.16	3721.38	3718.16	3720.70	3743.68	3702.54	

*******************************************2025/04/02;15:24:40
Probe number 91
Concentration entered by User 1.63% (Compensated: 2.10% at temperature 26.6)
1225.14	1225.46	1250.86	1265.10	1277.30	1293.10	1312.22	1327.20	1346.06	1365.10	1384.70	1409.50	1432.66	1459.94	1488.52	1520.80	
1551.14	1586.64	1621.66	1659.50	1700.96	1752.78	1801.90	1857.46	1910.88	1977.48	2057.06	2133.68	2232.16	2358.02	2526.10	2763.04	
3114.48	3450.50	3646.68	3720.34	3728.82	3737.84	3733.36	3731.32	3730.58	3732.56	3728.70	3728.80	3730.82	3727.54	3727.64	3722.78	
3718.02	3718.82	3722.74	3728.88	3718.24	3720.70	3719.76	3718.80	3727.10	3729.02	3731.52	3732.72	3732.10	3730.90	3729.60	3726.26	
3730.80	3730.84	3728.62	3723.72	3725.44	3722.22	3723.32	3727.92	3726.22	3731.30	3732.52	3729.32	3732.36	3731.42	3737.10	3738.60	
3739.42	3743.60	3742.70	3737.66	3739.06	3737.50	3736.34	3730.48	3735.90	3738.12	3724.34	3735.74	3736.16	3737.08	3735.42	3735.82	
3726.16	3712.26	3711.98	3710.70	3710.04	3710.16	3725.20	3739.82	3729.02	3725.76	3719.56	3701.70	3722.94	3738.64	3724.72	3726.26	
3727.42	3722.88	3719.56	3725.30	3716.94	3714.26	3711.68	3708.58	3708.70	3714.08	3721.20	3725.44	3721.60	3724.24	3746.32	3705.86	

*******************************************2025/04/02;15:44:40
Probe number 92
Concentration entered by User 1.42% (Compensated: 1.89% at temperature 26.7)
1226.88	1227.16	1252.68	1266.44	1278.88	1295.38	1313.58	1328.62	1347.82	1367.72	1387.48	1413.62	1436.52	1461.64	1492.26	1523.84	
1551.96	1587.12	1621.28	1660.14	1698.96	1749.44	1800.96	1852.82	1916.52	1975.54	2048.36	2129.60	2239.48	2372.78	2582.10	2883.52	
3218.30	3468.40	3654.64	3720.94	3725.20	3733.78	3729.98	3729.74	3728.38	3729.76	3726.38	3727.02	3729.42	3726.64	3727.50	3722.96	
3718.52	3719.08	3723.10	3729.48	3719.20	3721.72	3720.18	3719.46	3727.90	3729.34	3731.82	3733.50	3732.90	3731.78	3730.40	3726.84	
3731.22	3731.54	3728.84	3724.40	3726.48	3722.94	3724.12	3728.86	3726.86	3732.46	3732.88	3729.98	3733.08	3732.14	3737.86	3739.00	
3739.80	3744.42	3743.68	3738.56	3740.32	3738.40	3736.58	3731.24	3736.34	3738.94	3724.96	3736.54	3736.68	3737.90	3736.34	3736.90	
3727.08	3712.68	3712.26	3711.78	3711.16	3710.84	3726.04	3740.74	3729.88	3726.76	3720.66	3702.48	3723.06	3738.76	3725.20	3726.88	
3728.10	3723.58	3720.58	3725.86	3717.58	3714.74	3712.14	3708.88	3709.06	3714.48	3721.44	3725.76	3722.10	3724.60	3746.56	3706.02	

*******************************************2025/04/02;16:04:40
Probe number 93
Concentration entered by User 1.58% (Compensated: 2.05% at temperature 26.7)
1222.84	1223.34	1248.28	1262.30	1274.30	1290.34	1307.58	1322.56	1340.98	1360.12	1380.04	1404.38	1427.94	1454.04	1482.34	1514.42	
1541.64	1574.20	1608.60	1647.98	1685.18	1738.10	1787.04	1845.04	1901.82	1963.50	2030.98	2121.32	2217.80	2374.22	2591.10	2840.60	
3159.54	3437.78	3623.60	3697.80	3698.54	3706.64	3701.02	3702.08	3701.80	3703.62	3698.88	3698.64	3700.66	3697.16	3698.12	3693.26	
3688.84	3689.78	3694.72	3701.38	3689.58	3692.06	3690.48	3690.18	3699.70	3701.44	3704.72	3706.24	3705.48	3704.36	3702.72	3698.40	
3703.82	3703.84	3701.30	3696.08	3698.18	3694.14	3695.86	3700.82	3698.38	3704.36	3705.58	3702.20	3705.72	3704.72	3711.14	3712.76	
3713.56	3718.66	3718.08	3711.72	3714.26	3711.30	3709.92	3703.46	3709.92	3712.16	3696.48	3709.60	3709.58	3711.10	3709.56	3710.24	
3699.30	3683.22	3682.58	3681.50	3681.14	3680.32	3697.24	3714.00	3701.90	3698.18	3690.98	3670.90	3694.32	3711.92	3696.26	3698.00	
3699.88	3694.58	3691.12	3696.78	3687.68	3684.40	3682.20	3678.26	3678.50	3684.62	3692.08	3697.20	3693.30	3696.28	3721.22	3674.72	

*******************************************2025/04/02;16:24:40
Probe number 94
Concentration entered by User 1.39% (Compensated: 1.89% at temperature 27.0)
1229.38	1230.44	1255.78	1269.52	1282.56	1298.18	1316.80	1331.96	1350.72	1370.04	1389.82	1415.94	1438.76	1465.42	1495.06	1526.14	
1553.66	1587.90	1621.18	1658.44	1702.22	1754.18	1801.50	1856.06	1913.60	1976.92	2047.46	2142.16	2260.12	2387.48	2610.62	2869.00	
3227.06	3487.92	3647.88	3719.46	3725.58	3733.82	3730.80	3731.00	3728.92	3730.90	3727.66	3727.02	3729.80	3726.60	3727.02	3722.84	
3719.40	3720.48	3725.18	3731.04	3720.40	3722.64	3721.88	3721.24	3730.20	3732.22	3734.86	3736.54	3735.30	3734.40	3733.02	3729.60	
3733.62	3733.54	3730.58	3727.08	3729.10	3725.74	3727.86	3731.72	3729.76	3735.06	3735.18	3732.24	3735.56	3734.84	3740.16	3741.24	
3742.18	3746.96	3746.76	3741.04	3743.28	3740.42	3738.90	3733.44	3738.80	3741.40	3727.02	3738.60	3738.90	3740.34	3738.36	3738.88	
3729.64	3715.34	3715.40	3714.24	3712.80	3712.82	3728.02	3742.86	3732.16	3728.82	3722.24	3704.54	3726.06	3741.30	3727.46	3728.94	
3730.26	3726.04	3723.04	3728.10	3720.14	3716.94	3714.58	3711.18	3712.12	3717.20	3723.90	3727.74	3724.22	3726.48	3748.30	3708.08	

*******************************************2025/04/02;16:44:40
Probe number 95
Concentration entered by User 1.44% (Compensated: 1.93% at temperature 26.9)
1226.64	1227.12	1252.42	1265.94	1278.76	1295.62	1314.08	1328.84	1348.00	1366.54	1387.90	1413.18	1436.30	1462.66	1491.98	1524.54	
1551.70	1587.06	1621.30	1662.74	1703.08	1755.36	1801.00	1857.12	1911.92	1976.90	2047.02	2134.64	2242.46	2382.48	2596.70	2873.68	
3211.54	3473.40	3632.40	3715.20	3724.98	3732.94	3729.82	3729.60	3727.98	3730.22	3727.44	3727.30	3728.88	3724.74	3725.46	3721.38	
3717.80	3718.84	3723.12	3728.60	3717.80	3719.66	3718.62	3718.86	3727.84	3729.64	3731.66	3733.46	3731.90	3731.16	3729.76	3726.70	
3730.66	3730.64	3727.62	3723.76	3725.88	3722.14	3723.80	3728.06	3725.90	3730.98	3731.42	3728.84	3732.52	3731.56	3736.90	3738.16	
3738.82	3743.22	3742.78	3737.56	3739.64	3737.24	3735.72	3730.32	3735.52	3737.58	3723.70	3735.52	3735.48	3736.62	3734.96	3735.90	
3725.90	3711.78	3711.28	3711.12	3709.40	3709.50	3724.42	3739.56	3729.02	3725.60	3718.72	3700.44	3722.20	3737.80	3724.16	3725.36	
3727.36	3722.46	3719.18	3724.62	3716.52	3713.50	3711.36	3707.84	3708.46	3713.54	3720.12	3724.64	3720.72	3722.92	3745.24	3704.38	

*******************************************2025/04/02;17:04:40
Probe number 96
Concentration entered by User 1.52% (Compensated: 2.01% at temperature 26.8)
1225.18	1225.40	1251.06	1263.80	1277.30	1293.62	1311.24	1326.78	1345.92	1364.56	1384.14	1410.42	1433.20	1458.26	1487.66	1520.62	
1548.46	1583.42	1617.90	1657.86	1698.06	1746.26	1796.68	1852.26	1915.26	1968.90	2042.54	2131.22	2248.48	2400.22	2603.56	2866.94	
3197.58	3440.04	3618.54	3706.34	3721.66	3732.14	3729.82	3729.24	3727.66	3729.42	3725.88	3725.04	3726.26	3721.70	3723.16	3719.64	
3715.22	3716.06	3720.80	3726.30	3715.94	3717.76	3717.52	3716.58	3726.08	3727.30	3729.78	3731.30	3729.98	3728.90	3727.68	3724.32	
3728.10	3728.32	3725.36	3721.42	3723.12	3719.20	3721.48	3725.58	3723.90	3729.34	3730.16	3726.94	3730.10	3729.36	3735.06	3735.98	
3736.94	3741.24	3740.98	3735.72	3737.64	3735.18	3733.60	3728.28	3733.34	3735.56	3721.64	3733.24	3732.88	3734.32	3733.20	3733.64	
3724.18	3709.16	3708.42	3707.92	3706.54	3706.60	3722.40	3737.32	3726.36	3723.14	3716.76	3698.74	3720.12	3735.96	3721.94	3723.08	
3724.74	3719.92	3716.82	3722.42	3714.22	3711.20	3709.24	3706.42	3706.22	3711.36	3717.64	3722.40	3718.84	3721.20	3743.00	3702.04	

*******************************************2025/04/02;17:24:40
Probe number 97
Concentration entered by User 1.38% (Compensated: 1.88% at temperature 27.1)
1229.52	1229.76	1255.06	1268.78	1282.34	1298.26	1316.76	1332.10	1350.72	1369.80	1390.60	1416.62	1439.50	1466.40	1495.94	1528.90	
1556.60	1592.42	1627.52	1667.06	1707.04	1758.02	1811.26	1860.70	1924.58	1984.52	2060.06	2147.64	2281.10	2424.44	2620.40	2893.04	
3222.12	3492.92	3647.28	3718.00	3731.92	3737.02	3732.00	3731.30	3729.34	3730.56	3726.72	3726.62	3729.54	3727.04	3727.74	3723.18	
3719.64	3720.18	3725.44	3731.60	3720.44	3722.98	3722.44	3721.34	3730.62	3732.02	3734.34	3735.92	3734.76	3733.80	3732.92	3729.62	
3733.32	3733.34	3730.70	3726.78	3728.12	3724.30	3726.18	3730.36	3728.76	3734.24	3735.06	3732.26	3734.90	3734.58	3740.30	3741.16	
3741.68	3745.48	3744.98	3740.48	3742.04	3739.76	3738.50	3732.58	3737.92	3740.62	3726.84	3738.62	3738.28	3739.70	3738.30	3738.26	
3729.02	3715.02	3714.12	3713.70	3712.46	3712.26	3726.76	3742.02	3731.52	3728.22	3721.98	3704.28	3725.16	3740.56	3727.36	3727.88	
3730.18	3725.64	3722.40	3727.42	3719.36	3716.24	3713.66	3710.08	3710.84	3715.88	3723.18	3727.22	3723.64	3726.50	3747.86	3708.48	

*******************************************2025/04/02;17:44:40
Probe number 98
Concentration entered by User 1.45% (Compensated: 1.97% at temperature 27.3)
1227.40	1227.82	1253.02	1266.88	1278.70	1294.62	1312.78	1328.86	1347.96	1366.42	1387.34	1412.84	1435.22	1463.44	1492.64	1525.30	
1555.28	1589.28	1621.04	1662.52	1707.30	1760.28	1813.28	1866.62	1921.58	1985.52	2061.80	2156.36	2262.06	2407.58	2633.58	2887.36	
3199.26	3473.22	3632.88	3710.18	3729.48	3736.12	3731.70	3730.60	3728.78	3730.60	3726.06	3725.34	3727.48	3724.80	3725.42	3721.14	
3717.40	3717.38	3722.40	3727.74	3717.26	3720.18	3719.10	3718.30	3727.70	3728.90	3730.86	3732.80	3731.34	3730.76	3729.86	3726.26	
3730.58	3730.50	3727.56	3722.78	3724.24	3720.86	3723.22	3727.14	3725.48	3730.84	3731.18	3728.54	3731.88	3730.76	3737.26	3738.14	
3738.70	3742.36	3741.98	3737.32	3739.42	3737.08	3735.94	3729.64	3734.80	3737.04	3723.10	3735.38	3735.36	3736.76	3734.50	3735.30	
3725.72	3710.92	3711.08	3710.12	3708.26	3708.88	3723.66	3739.06	3728.14	3725.12	3718.46	3700.66	3721.80	3737.58	3724.42	3724.46	
3726.98	3722.02	3718.80	3724.24	3715.88	3712.76	3710.64	3706.60	3707.34	3712.76	3719.62	3724.40	3720.72	3722.90	3744.56	3703.88	

*******************************************2025/04/02;18:04:40
Probe number 99
Concentration entered by User 1.54% (Compensated: 2.06% at temperature 27.3)
1228.08	1228.66	1253.68	1267.02	1279.48	1295.62	1313.90	1329.66	1348.72	1367.74	1389.16	1414.60	1436.82	1463.74	1493.08	1524.48	
1553.06	1586.68	1620.56	1659.04	1702.54	1754.68	1804.68	1855.42	1911.42	1970.24	2049.70	2143.02	2267.72	2404.78	2608.94	2849.64	
3151.68	3469.82	3619.58	3713.58	3722.14	3728.14	3727.90	3728.28	3726.00	3728.34	3723.84	3723.80	3726.86	3723.74	3725.12	3720.54	
3716.96	3716.90	3722.12	3727.70	3715.74	3718.52	3716.88	3717.52	3726.60	3728.02	3730.42	3732.34	3730.88	3729.88	3729.36	3725.76	
3729.78	3729.80	3726.80	3722.24	3724.10	3720.52	3723.00	3727.06	3724.86	3730.00	3730.56	3727.58	3731.08	3730.48	3736.40	3737.74	
3737.92	3741.74	3741.46	3736.30	3738.32	3736.50	3735.32	3728.94	3734.18	3736.36	3722.74	3734.68	3734.02	3735.80	3734.16	3734.22	
3725.12	3710.22	3710.36	3709.34	3707.80	3708.22	3723.40	3738.66	3727.50	3724.06	3717.48	3699.50	3721.02	3736.98	3723.46	3724.14	
3726.08	3721.52	3718.50	3723.54	3714.88	3711.40	3709.46	3705.74	3706.66	3711.96	3718.60	3723.30	3719.16	3721.78	3743.66	3702.58	

*******************************************2025/04/02;18:24:40
Probe number 100
Concentration entered by User 1.47% (Compensated: 1.99% at temperature 27.3)
1232.60	1232.70	1258.74	1272.26	1284.94	1301.22	1319.62	1335.22	1354.82	1373.98	1394.88	1421.38	1444.22	1470.36	1499.48	1531.14	
1559.94	1593.22	1628.70	1666.74	1711.94	1762.06	1810.10	1863.04	1922.28	1985.40	2064.12	2153.88	2281.38	2405.90	2611.86	2846.20	
3189.36	3476.62	3649.14	3722.26	3725.26	3734.68	3734.64	3735.48	3734.30	3736.08	3731.40	3729.98	3731.68	3728.60	3730.00	3725.86	
3722.84	3723.36	3727.66	3732.80	3721.34	3723.84	3723.64	3723.82	3732.42	3733.94	3735.76	3737.96	3736.94	3735.90	3734.96	3731.30	
3735.68	3735.18	3733.34	3728.72	3730.54	3728.00	3729.10	3733.14	3731.46	3736.12	3736.74	3733.92	3737.42	3736.82	3742.42	3743.36	
3743.80	3747.68	3747.04	3742.56	3744.62	3742.28	3741.02	3735.20	3740.10	3742.60	3729.00	3740.38	3739.88	3741.14	3739.42	3740.66	
3731.72	3717.16	3716.60	3715.90	3714.48	3715.30	3729.94	3744.30	3733.76	3730.16	3724.32	3706.98	3728.04	3742.70	3729.58	3730.02	
3732.42	3727.76	3725.66	3729.98	3721.30	3718.58	3716.26	3712.74	3713.30	3718.54	3725.00	3729.36	3725.52	3727.82	3748.66	3709.06	

*******************************************2025/04/02;18:44:40
Probe number 101
Concentration entered by User 1.51% (Compensated: 2.05% at temperature 27.5)
1230.92	1230.80	1256.18	1270.04	1282.68	1299.00	1316.96	1332.56	1351.92	1372.30	1392.52	1417.72	1440.64	1468.10	1496.14	1527.46	
1556.14	1590.00	1626.32	1664.52	1708.84	1759.46	1805.48	1859.38	1917.22	1985.06	2070.54	2162.32	2269.90	2424.94	2638.00	2845.86	
3163.20	3454.70	3664.08	3723.80	3720.42	3728.74	3727.66	3730.08	3729.40	3729.82	3724.98	3723.24	3725.08	3723.22	3725.08	3721.28	
3717.98	3718.16	3722.34	3727.58	3716.42	3719.68	3718.10	3718.76	3727.22	3728.80	3731.38	3733.26	3732.24	3731.76	3730.00	3726.42	
3730.64	3730.82	3728.32	3724.48	3726.32	3722.94	3724.86	3728.42	3726.66	3731.70	3732.46	3729.72	3733.24	3732.76	3738.20	3738.94	
3739.44	3743.50	3743.96	3739.06	3740.80	3737.96	3736.92	3730.76	3736.10	3738.72	3724.98	3736.06	3735.62	3736.98	3735.60	3737.30	
3727.42	3712.74	3711.64	3710.70	3709.20	3710.20	3725.48	3740.52	3729.16	3726.02	3719.34	3702.12	3723.64	3738.34	3724.98	3725.60	
3727.94	3723.38	3720.54	3725.44	3717.22	3714.36	3711.82	3707.92	3708.40	3713.38	3720.20	3724.36	3720.72	3723.14	3744.52	3704.14	

*******************************************2025/04/02;19:04:40
Probe number 102
Concentration entered by User 1.56% (Compensated: 2.09% at temperature 27.4)
1228.56	1228.92	1253.92	1267.66	1280.58	1296.94	1315.02	1330.44	1350.32	1369.86	1390.12	1415.60	1438.40	1464.96	1493.52	1525.64	
1554.74	1590.10	1625.96	1662.90	1704.94	1756.80	1804.74	1856.58	1916.14	1981.24	2061.32	2156.00	2266.12	2401.24	2615.70	2857.02	
3160.74	3451.92	3612.20	3703.60	3711.16	3721.88	3720.28	3724.16	3723.04	3722.68	3717.50	3716.64	3717.60	3715.72	3716.66	3712.04	
3709.28	3709.46	3713.44	3719.26	3707.62	3710.18	3709.98	3710.42	3720.00	3722.70	3723.72	3725.24	3723.80	3722.72	3721.70	3717.84	
3722.02	3722.64	3720.82	3716.28	3719.02	3715.48	3716.70	3720.64	3718.38	3723.88	3725.04	3722.90	3725.80	3724.84	3730.54	3731.18	
3731.66	3735.98	3736.32	3731.34	3733.20	3730.32	3729.42	3722.38	3728.08	3730.50	3716.68	3728.30	3727.70	3728.94	3727.48	3728.40	
3719.48	3703.84	3703.64	3702.24	3700.74	3701.50	3717.02	3733.06	3720.80	3717.48	3710.74	3691.92	3715.04	3731.00	3717.54	3717.20	
3719.52	3714.80	3711.78	3717.20	3708.10	3704.88	3702.76	3698.62	3699.36	3704.60	3711.58	3716.30	3712.74	3715.64	3738.24	3695.78	

*******************************************2025/04/02;19:24:40
Probe number 103
Concentration entered by User 1.48% (Compensated: 2.03% at temperature 27.6)
1227.46	1227.94	1253.32	1266.72	1279.58	1295.54	1314.26	1330.04	1349.38	1370.20	1390.78	1416.02	1439.40	1465.52	1494.80	1526.52	
1556.46	1590.92	1625.94	1663.72	1705.84	1758.12	1803.88	1858.58	1918.14	1984.30	2064.38	2166.50	2275.58	2426.80	2638.54	2880.80	
3202.72	3449.90	3623.86	3714.10	3713.50	3722.36	3720.58	3721.62	3722.26	3723.16	3717.32	3716.40	3718.04	3715.00	3717.02	3714.22	
3710.88	3711.14	3714.76	3720.64	3709.32	3712.26	3709.96	3710.40	3720.98	3722.10	3723.94	3725.44	3724.26	3722.72	3721.84	3717.28	
3721.34	3722.00	3720.14	3716.26	3718.18	3713.88	3716.36	3719.84	3718.14	3723.66	3724.86	3720.68	3724.26	3724.06	3730.68	3731.22	
3731.98	3735.04	3735.28	3730.86	3732.46	3729.10	3728.22	3721.50	3727.54	3729.86	3716.24	3727.38	3727.16	3728.74	3726.74	3728.10	
3718.26	3702.40	3702.22	3700.82	3699.72	3700.62	3716.38	3732.72	3720.72	3716.40	3709.58	3691.56	3715.18	3731.32	3717.66	3716.44	
3718.58	3713.60	3711.16	3716.86	3707.52	3704.48	3701.68	3696.98	3698.20	3703.54	3710.66	3715.16	3711.64	3714.22	3737.08	3694.96	

*******************************************2025/04/02;19:44:40
Probe number 104
Concentration entered by User 1.33% (Compensated: 1.87% at temperature 27.5)
1227.32	1228.20	1253.12	1266.54	1279.82	1296.36	1314.54	1329.54	1348.96	1368.38	1389.36	1415.44	1438.00	1465.78	1494.66	1525.44	
1555.62	1590.38	1623.24	1662.72	1704.98	1757.26	1805.02	1858.84	1916.80	1975.88	2049.16	2137.84	2250.68	2382.84	2600.72	2871.66	
3224.88	3526.92	3664.14	3722.64	3728.98	3737.62	3734.70	3734.10	3732.10	3732.80	3726.16	3726.10	3727.80	3724.40	3726.64	3722.10	
3718.22	3718.90	3722.64	3727.98	3717.16	3718.60	3718.42	3718.54	3727.34	3728.64	3730.24	3731.94	3730.60	3730.80	3729.06	3725.22	
3728.52	3729.14	3727.18	3723.40	3724.82	3721.56	3723.22	3726.84	3724.94	3730.14	3730.58	3728.24	3731.26	3730.62	3736.54	3737.58	
3738.08	3742.22	3742.92	3737.52	3738.98	3736.48	3735.60	3729.38	3735.46	3737.56	3723.60	3734.26	3734.42	3735.32	3733.64	3735.32	
3725.68	3710.42	3710.24	3709.02	3707.94	3709.04	3723.72	3739.30	3727.72	3724.26	3717.94	3700.68	3722.12	3736.86	3723.98	3723.76	
3726.32	3722.14	3718.72	3723.44	3714.74	3712.38	3709.58	3705.84	3706.38	3711.08	3718.48	3723.16	3719.28	3721.44	3744.24	3703.42	

*******************************************2025/04/02;20:04:40
Probe number 105
Concentration entered by User 1.44% (Compensated: 1.98% at temperature 27.5)
1229.04	1228.80	1253.84	1268.36	1281.22	1297.60	1315.32	1330.96	1350.94	1370.16	1390.54	1416.88	1440.32	1468.38	1498.54	1530.14	
1557.62	1592.22	1624.82	1663.82	1707.78	1761.14	1805.32	1860.00	1915.48	1979.10	2060.46	2154.32	2269.18	2404.60	2614.94	2877.96	
3187.02	3478.22	3655.14	3730.20	3728.54	3735.18	3729.92	3728.72	3728.64	3729.30	3726.70	3726.06	3727.04	3724.50	3724.98	3720.70	
3717.32	3717.88	3722.00	3728.00	3716.80	3718.94	3718.68	3718.48	3727.46	3729.36	3731.30	3732.54	3731.46	3730.78	3730.02	3726.16	
3729.70	3730.08	3728.20	3723.94	3726.00	3722.50	3724.68	3728.34	3725.46	3730.74	3731.60	3729.28	3732.54	3732.52	3737.64	3738.40	
3738.72	3742.58	3743.22	3738.56	3739.88	3737.60	3736.32	3730.32	3735.90	3738.06	3724.48	3735.54	3735.24	3736.24	3734.78	3736.00	
3726.56	3711.30	3710.98	3709.88	3708.74	3709.66	3724.72	3740.18	3728.56	3724.94	3718.66	3701.06	3722.38	3737.78	3725.22	3724.64	
3727.08	3722.32	3719.40	3724.70	3715.94	3713.54	3710.84	3707.44	3707.32	3712.58	3720.08	3723.86	3719.94	3722.64	3745.24	3704.42	

*******************************************2025/04/02;20:24:40
Probe number 106
Concentration entered by User 1.58% (Compensated: 2.12% at temperature 27.4)
1226.78	1227.26	1252.38	1265.56	1278.54	1295.78	1313.56	1328.24	1346.94	1366.16	1387.92	1414.32	1437.52	1464.72	1493.96	1525.90	
1553.78	1589.44	1623.48	1663.04	1704.08	1757.00	1806.88	1859.52	1920.52	1981.62	2062.50	2155.56	2251.86	2400.74	2593.12	2843.84	
3159.38	3433.68	3622.02	3719.58	3721.02	3725.00	3722.96	3722.64	3722.40	3725.32	3720.34	3718.32	3720.44	3717.68	3718.10	3714.40	
3711.22	3710.70	3715.36	3721.28	3710.18	3712.84	3712.56	3711.60	3721.46	3723.26	3725.92	3727.12	3725.84	3724.90	3723.86	3719.46	
3723.64	3723.96	3722.10	3718.06	3719.14	3716.28	3718.48	3722.06	3719.54	3724.60	3725.66	3723.56	3727.34	3726.52	3732.08	3732.64	
3732.80	3737.02	3737.72	3732.86	3734.60	3731.80	3730.82	3723.94	3730.24	3732.80	3718.38	3729.30	3729.16	3730.04	3728.62	3730.30	
3719.86	3704.26	3704.20	3703.46	3702.38	3703.34	3718.56	3734.54	3722.36	3718.78	3712.20	3694.04	3716.48	3732.26	3719.04	3718.82	
3721.44	3716.58	3713.32	3718.44	3709.62	3706.58	3704.26	3700.08	3700.92	3706.50	3713.16	3717.22	3713.44	3716.10	3739.52	3697.68	

*******************************************2025/04/02;20:44:40
Probe number 107
Concentration entered by User 1.54% (Compensated: 2.07% at temperature 27.4)
1221.56	1222.00	1246.92	1259.78	1272.76	1289.40	1307.28	1322.82	1341.66	1362.06	1382.90	1408.72	1431.48	1458.48	1489.08	1520.62	
1550.30	1585.90	1621.04	1661.22	1702.60	1752.78	1801.82	1856.08	1917.64	1975.82	2055.44	2144.12	2247.46	2384.88	2559.36	2773.26	
3142.26	3493.74	3656.28	3732.82	3730.76	3739.70	3738.04	3738.26	3737.20	3737.62	3733.74	3732.50	3732.42	3730.04	3729.68	3726.50	
3723.40	3722.10	3725.60	3731.26	3720.76	3723.20	3722.56	3721.62	3730.72	3731.72	3733.72	3734.50	3733.58	3732.78	3731.78	3728.24	
3731.70	3731.34	3729.22	3725.62	3727.64	3724.36	3726.06	3729.62	3727.26	3731.86	3732.44	3730.48	3734.28	3733.90	3738.68	3739.18	
3739.66	3743.86	3744.50	3739.86	3741.24	3738.72	3736.98	3731.34	3737.22	3739.30	3725.56	3736.20	3736.52	3737.08	3735.94	3737.40	
3728.12	3712.42	3711.96	3711.24	3710.64	3711.14	3725.82	3741.36	3730.30	3726.34	3719.56	3702.44	3723.96	3739.42	3726.60	3726.24	
3728.46	3724.00	3721.38	3725.94	3716.98	3714.18	3711.98	3708.44	3708.88	3714.14	3721.26	3725.76	3721.36	3723.34	3745.34	3704.88	

*******************************************2025/04/02;21:04:40
Probe number 108
Concentration entered by User 1.46% (Compensated: 1.99% at temperature 27.4)
1222.10	1223.12	1247.96	1261.36	1273.76	1289.56	1308.16	1323.64	1343.10	1362.68	1383.96	1410.08	1433.82	1461.86	1492.20	1525.16	
1555.60	1591.84	1626.40	1665.50	1707.56	1759.16	1810.30	1865.68	1921.92	1986.58	2053.46	2146.06	2256.34	2399.64	2589.44	2842.04	
3168.70	3499.02	3662.86	3736.90	3739.40	3744.94	3742.04	3742.88	3742.06	3742.12	3737.64	3736.34	3735.84	3732.74	3732.54	3728.54	
3725.10	3725.02	3728.10	3733.12	3722.18	3724.68	3723.34	3722.66	3730.46	3732.18	3733.38	3734.60	3733.02	3732.36	3731.18	3727.16	
3730.94	3730.78	3727.94	3724.18	3725.92	3722.92	3725.02	3728.78	3726.06	3730.80	3731.24	3728.38	3732.58	3731.98	3737.80	3738.46	
3738.68	3742.60	3743.24	3738.50	3739.98	3737.24	3736.16	3730.16	3735.98	3738.10	3723.96	3735.38	3735.28	3736.12	3734.48	3735.82	
3726.52	3711.38	3711.34	3710.06	3708.90	3709.74	3724.48	3740.10	3728.78	3724.70	3718.16	3700.96	3722.74	3738.26	3725.08	3725.00	
3727.14	3722.72	3720.04	3724.84	3715.80	3712.48	3710.36	3707.00	3707.80	3713.28	3720.26	3724.28	3720.02	3722.34	3744.36	3703.40	

*******************************************2025/04/02;21:24:40
Probe number 109
Concentration entered by User 1.49% (Compensated: 2.02% at temperature 27.5)
1230.52	1230.76	1255.92	1269.98	1281.88	1298.28	1316.92	1332.56	1351.56	1370.94	1392.96	1420.24	1443.10	1469.62	1499.04	1532.88	
1561.54	1597.16	1632.22	1670.44	1713.64	1762.72	1811.40	1863.96	1923.70	1993.18	2067.06	2163.08	2259.94	2396.38	2602.74	2835.50	
3157.92	3484.78	3663.76	3730.38	3723.44	3732.98	3731.06	3730.98	3728.70	3731.08	3726.20	3723.98	3725.14	3722.80	3723.62	3720.94	
3717.74	3718.16	3722.80	3727.76	3716.76	3719.52	3719.20	3718.98	3728.44	3730.10	3732.94	3733.98	3732.84	3731.72	3731.02	3727.32	
3731.10	3731.56	3729.02	3725.52	3727.34	3724.38	3726.70	3729.82	3726.74	3731.86	3732.80	3730.50	3734.24	3734.20	3739.28	3739.36	
3738.86	3743.90	3744.82	3740.42	3741.28	3738.56	3737.64	3731.22	3737.34	3739.44	3725.90	3736.84	3736.72	3737.78	3736.20	3737.72	
3728.44	3712.98	3713.00	3711.98	3710.70	3711.64	3726.58	3741.56	3729.94	3726.14	3720.06	3703.24	3724.90	3739.38	3726.10	3725.92	
3728.38	3724.48	3721.44	3726.80	3717.48	3714.06	3712.18	3708.64	3709.50	3715.20	3722.14	3725.86	3721.94	3723.60	3745.72	3704.68	

*******************************************2025/04/02;21:44:40
Probe number 110
Concentration entered by User 1.54% (Compensated: 2.07% at temperature 27.4)
1228.50	1228.68	1254.04	1267.76	1279.92	1296.58	1315.20	1331.24	1350.96	1370.44	1391.44	1417.30	1440.38	1467.66	1497.58	1530.98	
1562.72	1595.84	1630.76	1668.82	1712.48	1764.14	1811.06	1863.56	1930.38	1992.24	2075.88	2174.08	2272.06	2415.94	2595.34	2838.08	
3159.24	3459.60	3639.14	3726.24	3725.00	3731.62	3730.80	3731.62	3730.88	3733.10	3728.86	3726.52	3728.24	3724.68	3724.58	3722.84	
3720.62	3721.54	3725.36	3730.54	3719.62	3721.82	3721.22	3720.80	3730.16	3731.90	3734.34	3735.74	3735.00	3734.00	3732.84	3728.58	
3732.56	3733.20	3730.92	3726.78	3728.96	3726.04	3727.96	3731.42	3728.64	3733.66	3734.78	3732.40	3736.16	3735.52	3740.38	3740.32	
3740.50	3745.44	3746.24	3741.40	3742.60	3740.36	3739.28	3733.46	3739.14	3741.44	3727.82	3738.58	3738.10	3739.06	3737.26	3739.14	
3729.50	3714.68	3714.30	3713.50	3712.24	3712.98	3727.94	3743.06	3731.48	3727.94	3721.76	3705.14	3726.72	3741.28	3728.16	3727.60	
3730.22	3726.26	3723.08	3728.12	3719.12	3716.06	3714.46	3710.52	3711.22	3716.76	3724.08	3727.84	3723.32	3725.62	3747.08	3706.96	

*******************************************2025/04/02;22:04:40
Probe number 111
Concentration entered by User 1.61% (Compensated: 2.15% at temperature 27.5)
1229.70	1229.66	1255.34	1268.96	1281.20	1297.80	1316.80	1332.32	1352.20	1371.84	1394.42	1419.40	1442.14	1469.80	1499.52	1531.78	
1561.92	1597.72	1632.58	1668.90	1710.16	1762.76	1814.70	1862.58	1923.28	1989.46	2061.94	2162.70	2264.82	2399.30	2599.96	2844.84	
3152.38	3419.52	3616.82	3714.58	3715.44	3723.18	3722.06	3721.80	3721.36	3723.20	3719.50	3718.28	3718.76	3715.14	3715.48	3713.82	
3711.38	3712.54	3716.60	3722.46	3711.54	3713.54	3713.02	3712.32	3721.82	3724.24	3726.12	3727.62	3726.64	3726.34	3725.14	3721.20	
3725.16	3725.24	3723.34	3719.10	3721.26	3718.14	3720.06	3723.38	3720.50	3725.90	3726.98	3724.78	3728.06	3727.24	3733.14	3733.50	
3733.84	3738.68	3739.22	3733.98	3735.42	3732.88	3731.92	3725.26	3731.48	3734.06	3720.00	3731.16	3730.70	3731.88	3730.12	3732.22	
3721.68	3706.42	3706.08	3704.84	3703.82	3704.92	3720.30	3736.02	3723.70	3720.24	3713.32	3696.38	3718.56	3733.90	3720.44	3720.22	
3722.46	3718.18	3715.34	3719.92	3710.80	3708.32	3705.48	3701.82	3702.36	3708.88	3715.94	3720.06	3715.30	3717.74	3740.50	3698.82	

*******************************************2025/04/02;22:24:40
Probe number 112
Concentration entered by User 1.66% (Compensated: 2.20% at temperature 27.6)
1228.86	1229.34	1254.96	1268.66	1280.16	1296.92	1316.00	1332.36	1352.38	1371.98	1394.04	1421.04	1444.02	1471.14	1500.54	1532.88	
1564.26	1600.52	1634.76	1673.68	1715.04	1767.72	1813.00	1864.84	1924.58	1989.82	2067.86	2153.78	2261.82	2406.06	2608.70	2863.88	
3138.66	3405.42	3598.96	3709.00	3714.32	3721.28	3722.18	3723.42	3721.94	3723.94	3718.90	3717.88	3718.70	3715.18	3716.16	3714.54	
3711.92	3712.08	3716.06	3721.36	3710.92	3713.32	3712.50	3711.78	3721.50	3723.44	3725.98	3727.34	3726.42	3725.88	3724.44	3720.04	
3723.94	3723.98	3722.30	3718.52	3720.12	3717.58	3718.94	3722.04	3719.96	3725.22	3726.74	3723.96	3727.28	3726.50	3732.30	3732.42	
3732.94	3738.14	3738.68	3733.28	3734.56	3732.02	3730.96	3724.28	3730.82	3733.06	3719.16	3729.94	3730.04	3731.36	3729.68	3731.42	
3721.34	3705.58	3705.38	3704.10	3702.90	3703.48	3719.38	3735.16	3723.50	3719.20	3712.50	3694.82	3717.64	3733.04	3719.62	3718.64	
3721.16	3717.02	3713.92	3719.02	3709.88	3707.06	3704.74	3701.20	3701.62	3707.26	3715.02	3719.16	3715.00	3716.94	3740.06	3698.46	

*******************************************2025/04/02;22:44:40
Probe number 113
Concentration entered by User 1.57% (Compensated: 2.11% at temperature 27.5)
1229.24	1229.86	1255.80	1268.78	1281.22	1298.08	1317.16	1332.68	1352.32	1372.78	1394.34	1421.88	1445.38	1472.96	1503.26	1537.50	
1568.14	1603.34	1639.04	1677.26	1719.46	1770.04	1819.90	1873.86	1933.88	1998.54	2077.30	2161.46	2273.28	2416.72	2629.70	2869.48	
3158.96	3431.40	3624.48	3712.56	3725.32	3731.42	3729.72	3730.28	3728.82	3730.92	3725.46	3724.16	3724.24	3721.40	3722.16	3719.80	
3717.40	3717.88	3722.16	3727.58	3716.70	3719.36	3718.18	3717.32	3726.86	3728.88	3731.36	3732.56	3731.70	3731.38	3729.68	3725.62	
3729.30	3729.30	3727.46	3724.08	3726.12	3722.80	3724.62	3727.58	3725.52	3730.76	3732.04	3729.80	3733.38	3732.62	3737.60	3737.90	
3737.92	3743.20	3743.86	3738.80	3739.96	3737.42	3736.10	3729.64	3735.96	3738.42	3724.80	3735.68	3735.30	3736.26	3735.28	3736.24	
3726.70	3711.50	3711.28	3710.30	3709.94	3710.50	3725.18	3740.14	3728.74	3725.18	3719.56	3702.10	3723.40	3738.08	3724.82	3724.30	
3727.32	3722.90	3720.18	3724.68	3715.56	3712.82	3710.86	3707.30	3707.94	3713.36	3720.58	3724.58	3720.62	3723.48	3745.26	3704.10	

*******************************************2025/04/02;23:04:40
Probe number 114
Concentration entered by User 1.58% (Compensated: 2.13% at temperature 27.6)
1231.36	1231.50	1256.96	1270.42	1282.88	1299.90	1318.54	1334.58	1353.62	1373.60	1395.86	1423.76	1446.72	1473.50	1502.94	1537.92	
1567.36	1604.60	1639.30	1677.56	1719.32	1770.22	1821.42	1875.78	1934.88	1998.04	2079.14	2165.70	2273.48	2431.10	2626.34	2839.30	
3158.74	3427.30	3641.36	3719.08	3725.58	3731.56	3728.20	3727.84	3727.20	3727.60	3721.44	3720.48	3722.40	3720.04	3720.86	3718.38	
3715.84	3716.50	3720.58	3727.26	3716.36	3718.88	3717.10	3716.28	3725.74	3727.76	3730.56	3732.34	3731.38	3730.28	3728.00	3723.96	
3728.10	3728.36	3726.52	3722.80	3725.04	3722.18	3723.74	3726.62	3724.18	3729.98	3730.98	3728.68	3731.80	3731.58	3736.80	3736.92	
3737.12	3742.10	3743.04	3738.16	3738.92	3736.48	3735.12	3728.62	3735.06	3737.16	3723.84	3734.32	3734.02	3735.04	3734.02	3735.48	
3725.26	3710.10	3709.82	3709.24	3709.04	3709.54	3724.34	3738.90	3727.38	3724.50	3718.66	3700.98	3722.06	3736.78	3723.60	3723.16	
3726.04	3721.68	3718.80	3723.36	3714.80	3712.02	3709.54	3706.12	3706.66	3712.12	3719.04	3723.92	3719.78	3722.02	3744.18	3702.88	

*******************************************2025/04/02;23:24:40
Probe number 115
Concentration entered by User 1.64% (Compensated: 2.18% at temperature 27.5)
1229.12	1229.66	1254.72	1268.32	1280.86	1297.36	1315.96	1330.72	1350.90	1371.22	1392.82	1419.86	1445.24	1472.80	1502.06	1535.86	
1567.10	1601.46	1635.32	1676.04	1716.14	1767.52	1820.94	1876.68	1935.66	1994.24	2066.10	2163.06	2269.06	2409.00	2564.98	2793.84	
3142.24	3421.72	3634.22	3720.36	3729.22	3735.78	3735.38	3737.54	3737.00	3735.90	3730.36	3729.94	3729.14	3725.32	3725.82	3724.20	
3723.00	3723.22	3726.38	3731.20	3719.80	3721.48	3721.08	3721.14	3731.18	3732.66	3733.84	3734.42	3732.98	3732.74	3731.50	3727.82	
3732.02	3732.10	3729.64	3724.86	3727.62	3725.24	3726.50	3729.34	3727.36	3732.70	3733.44	3731.20	3734.58	3734.16	3739.58	3739.76	
3739.82	3744.56	3745.44	3740.30	3741.18	3739.44	3737.92	3731.56	3737.94	3739.96	3726.52	3737.32	3736.78	3737.94	3736.86	3738.30	
3728.08	3713.26	3713.26	3712.54	3711.80	3711.96	3726.70	3741.56	3730.90	3727.60	3721.32	3704.32	3725.32	3739.68	3726.80	3726.22	
3728.80	3724.32	3721.46	3726.36	3717.66	3715.12	3713.02	3709.84	3710.04	3715.66	3722.10	3726.44	3722.66	3724.56	3746.50	3706.02	

*******************************************2025/04/02;23:44:40
Probe number 116
Concentration entered by User 1.51% (Compensated: 2.03% at temperature 27.3)
1227.60	1227.96	1253.42	1266.96	1279.26	1294.96	1313.84	1330.10	1349.88	1369.62	1391.04	1417.58	1442.80	1471.12	1500.72	1534.90	
1564.56	1600.94	1637.14	1676.72	1720.16	1771.94	1820.38	1870.90	1932.52	1992.14	2065.32	2149.40	2245.54	2393.70	2583.16	2802.16	
3175.88	3481.68	3645.76	3719.08	3723.18	3732.66	3732.08	3736.08	3734.86	3734.76	3728.86	3727.78	3727.08	3721.82	3722.02	3719.98	
3719.78	3719.60	3722.88	3726.96	3715.26	3717.62	3716.66	3716.92	3726.24	3728.74	3730.44	3730.60	3728.40	3727.60	3727.20	3723.82	
3727.86	3726.96	3724.88	3719.64	3722.08	3719.84	3722.08	3725.98	3723.52	3728.66	3728.70	3726.06	3729.66	3729.88	3735.08	3735.88	
3735.76	3739.72	3740.42	3735.24	3736.78	3734.62	3733.74	3726.98	3732.98	3735.36	3722.12	3733.00	3732.62	3733.22	3732.02	3733.78	
3723.54	3708.06	3708.48	3707.72	3706.64	3707.36	3722.76	3737.88	3726.06	3722.66	3716.28	3699.18	3721.04	3735.62	3721.86	3721.24	
3724.22	3720.20	3716.94	3722.10	3713.26	3710.20	3708.06	3704.14	3705.02	3710.38	3717.40	3721.58	3717.44	3719.98	3742.36	3701.32	

