*******************************************2025/03/29;00:02:03
Probe number 19
Concentration entered by User 2.17% (Compensated: 2.44% at temperature 23.9)
1261.74	1260.36	1287.18	1300.22	1313.50	1328.32	1347.30	1363.40	1383.38	1401.16	1422.52	1451.28	1471.30	1497.58	1525.46	1558.88	
1586.98	1621.56	1656.18	1693.92	1728.42	1771.06	1811.00	1854.44	1906.44	1960.48	2027.32	2096.34	2175.52	2290.54	2437.86	2651.52	
2972.20	3284.50	3528.40	3655.70	3661.58	3682.04	3682.90	3688.14	3689.44	3686.68	3676.84	3681.60	3689.60	3689.68	3694.60	3698.38	
3697.34	3693.18	3692.30	3705.82	3699.34	3705.62	3708.06	3707.56	3715.76	3722.98	3727.26	3729.02	3728.16	3728.40	3727.72	3725.86	
3730.98	3731.08	3727.64	3722.76	3725.26	3724.24	3727.46	3732.72	3730.74	3734.88	3736.62	3733.34	3736.88	3736.66	3744.92	3740.82	
3743.70	3747.74	3742.66	3736.28	3739.48	3739.04	3737.68	3731.58	3736.98	3738.98	3725.70	3738.34	3740.66	3742.10	3739.48	3740.48	
3731.90	3718.20	3717.14	3716.76	3715.36	3715.82	3731.36	3747.04	3737.68	3734.70	3727.76	3709.70	3730.96	3744.60	3730.42	3730.00	
3732.62	3727.44	3726.62	3732.02	3722.72	3718.04	3716.42	3712.76	3712.54	3715.96	3722.60	3726.82	3723.32	3726.30	3747.70	3706.66	

*******************************************2025/03/29;00:22:03
Probe number 20
Concentration entered by User 2.22% (Compensated: 2.48% at temperature 23.8)
1262.14	1260.54	1287.28	1300.18	1313.90	1329.04	1347.80	1363.24	1383.52	1401.12	1423.02	1451.96	1472.24	1498.76	1526.34	1559.10	
1587.70	1621.66	1654.64	1693.08	1729.20	1770.68	1813.30	1859.58	1905.84	1960.76	2024.68	2094.34	2164.40	2284.06	2445.44	2640.84	
2955.04	3275.84	3514.58	3649.82	3655.68	3676.74	3677.02	3682.44	3683.58	3681.06	3671.22	3676.00	3684.32	3684.54	3689.22	3692.96	
3691.60	3687.92	3687.48	3700.98	3693.90	3700.22	3702.28	3702.04	3710.38	3717.56	3721.92	3723.82	3723.08	3723.32	3722.38	3720.48	
3726.10	3725.82	3722.52	3717.40	3720.42	3718.76	3722.10	3727.06	3725.24	3730.02	3731.70	3728.40	3732.06	3731.66	3740.28	3736.12	
3738.78	3742.94	3737.90	3731.40	3734.70	3734.16	3732.70	3726.70	3731.84	3734.06	3720.18	3733.54	3735.72	3737.02	3734.58	3735.68	
3726.48	3712.56	3711.22	3711.12	3709.98	3710.10	3725.82	3742.30	3732.52	3729.10	3722.30	3703.50	3725.48	3739.24	3724.74	3724.88	
3726.72	3722.08	3720.72	3726.66	3717.10	3712.14	3710.26	3707.12	3705.98	3709.88	3717.02	3721.24	3717.36	3720.68	3742.78	3700.52	

*******************************************2025/03/29;00:42:03
Probe number 21
Concentration entered by User 2.23% (Compensated: 2.48% at temperature 23.7)
1262.84	1261.24	1288.34	1301.10	1314.90	1329.90	1348.28	1364.44	1384.52	1402.70	1424.10	1453.08	1472.70	1499.70	1527.28	1559.82	
1588.02	1625.34	1658.30	1696.26	1731.54	1773.76	1813.20	1860.48	1908.54	1965.66	2029.66	2093.72	2172.96	2295.00	2439.22	2652.12	
2954.76	3266.00	3515.40	3652.28	3656.60	3675.66	3676.94	3682.26	3683.80	3680.72	3671.42	3676.28	3684.58	3684.26	3689.30	3692.96	
3690.94	3687.36	3686.92	3700.64	3694.06	3700.36	3702.22	3701.78	3709.82	3717.36	3721.26	3723.04	3722.36	3722.78	3722.04	3719.90	
3725.52	3725.60	3722.04	3717.10	3719.56	3718.60	3721.64	3726.66	3724.72	3729.06	3730.96	3727.72	3731.24	3730.86	3739.48	3735.30	
3738.18	3742.32	3737.56	3731.04	3734.14	3733.80	3732.46	3726.32	3731.46	3733.66	3719.50	3733.18	3735.26	3736.52	3734.32	3734.90	
3725.58	3711.74	3710.42	3710.44	3709.36	3709.06	3725.42	3741.82	3732.06	3728.46	3721.58	3702.88	3724.82	3738.88	3724.48	3723.98	
3726.04	3721.28	3720.38	3726.00	3715.98	3711.30	3709.52	3706.32	3705.50	3709.26	3716.18	3720.54	3716.80	3720.14	3742.14	3699.78	

*******************************************2025/03/29;01:02:03
Probe number 22
Concentration entered by User 2.26% (Compensated: 2.51% at temperature 23.6)
1261.86	1260.38	1287.00	1299.92	1313.50	1328.64	1347.30	1363.22	1384.08	1401.76	1423.22	1451.12	1471.88	1497.50	1525.10	1559.48	
1587.54	1623.24	1655.88	1694.26	1727.48	1771.10	1812.12	1859.60	1912.78	1961.76	2019.88	2090.14	2171.72	2283.40	2443.72	2657.02	
2951.38	3260.56	3496.68	3645.48	3654.26	3673.74	3674.02	3678.90	3680.94	3678.32	3668.78	3673.62	3682.36	3682.48	3687.08	3690.08	
3688.18	3684.76	3684.36	3697.74	3690.80	3697.64	3699.28	3698.74	3707.02	3714.00	3718.26	3719.94	3719.34	3719.78	3718.86	3716.92	
3722.94	3722.48	3719.22	3714.14	3716.98	3715.48	3719.06	3723.64	3721.56	3726.26	3728.30	3724.80	3728.60	3728.10	3737.26	3732.84	
3735.06	3739.58	3734.88	3728.54	3731.56	3731.12	3730.18	3723.62	3729.16	3731.18	3716.70	3730.24	3732.74	3733.46	3731.44	3732.48	
3722.98	3708.50	3707.48	3706.78	3706.22	3706.02	3722.64	3738.98	3729.32	3725.42	3718.72	3699.48	3721.60	3736.34	3721.58	3721.42	
3723.40	3718.10	3717.04	3723.20	3713.42	3708.06	3706.24	3702.66	3702.38	3706.20	3712.88	3717.62	3713.72	3716.80	3739.26	3696.36	

*******************************************2025/03/29;01:22:03
Probe number 23
Concentration entered by User 2.24% (Compensated: 2.48% at temperature 23.5)
1262.82	1261.90	1288.14	1301.34	1315.10	1330.20	1349.32	1364.64	1385.02	1402.64	1425.28	1454.24	1473.72	1501.46	1528.60	1562.00	
1590.58	1625.58	1658.96	1696.28	1732.70	1774.56	1815.48	1864.40	1911.02	1967.20	2029.38	2101.26	2174.76	2287.18	2438.06	2651.90	
2957.74	3264.22	3508.54	3646.50	3655.84	3676.14	3677.46	3682.62	3684.26	3682.08	3672.76	3677.78	3686.58	3686.48	3690.70	3693.72	
3691.82	3688.42	3688.20	3701.30	3694.36	3701.44	3702.24	3701.82	3709.78	3716.56	3721.18	3722.84	3721.96	3722.32	3721.38	3719.56	
3724.84	3724.94	3721.04	3716.54	3719.40	3717.44	3720.68	3725.62	3723.68	3728.40	3730.08	3726.88	3730.78	3730.22	3739.48	3734.78	
3737.14	3741.64	3737.06	3731.00	3734.08	3733.38	3731.98	3725.72	3731.12	3733.14	3719.18	3732.46	3734.04	3735.42	3733.06	3734.16	
3724.94	3710.50	3709.56	3709.08	3708.18	3707.56	3724.42	3740.96	3731.38	3727.70	3720.50	3701.76	3723.34	3737.90	3723.26	3723.02	
3725.20	3719.76	3718.82	3724.74	3715.04	3710.58	3708.12	3705.16	3704.54	3707.94	3714.92	3719.26	3715.52	3718.68	3741.02	3698.86	

*******************************************2025/03/29;01:42:03
Probe number 24
Concentration entered by User 2.21% (Compensated: 2.44% at temperature 23.4)
1263.56	1261.82	1288.86	1301.66	1315.14	1330.66	1349.34	1365.14	1385.98	1404.26	1425.98	1454.26	1475.40	1501.00	1528.84	1562.98	
1590.90	1626.76	1659.14	1698.92	1735.40	1782.28	1818.26	1867.08	1918.24	1971.22	2034.22	2105.78	2176.16	2293.90	2464.18	2656.64	
2950.86	3278.34	3518.62	3662.42	3669.16	3688.10	3688.66	3694.08	3695.56	3693.10	3684.68	3688.80	3697.24	3697.16	3701.14	3703.60	
3701.38	3698.26	3698.14	3710.48	3704.14	3710.52	3711.46	3711.02	3718.58	3724.86	3728.92	3730.84	3730.14	3730.16	3729.46	3727.42	
3732.22	3732.28	3729.36	3724.92	3727.74	3725.98	3728.86	3733.36	3731.74	3735.88	3737.94	3734.76	3738.04	3737.82	3746.36	3742.46	
3744.60	3749.36	3744.76	3738.88	3741.92	3741.30	3739.86	3733.64	3738.72	3740.64	3727.58	3740.06	3742.08	3742.62	3740.56	3741.52	
3732.66	3719.00	3718.04	3717.30	3716.44	3716.40	3731.92	3748.14	3738.86	3735.32	3728.76	3710.38	3731.46	3745.06	3731.04	3731.08	
3733.30	3727.90	3727.00	3732.40	3723.38	3718.74	3716.90	3713.32	3713.02	3716.44	3723.16	3727.66	3724.08	3727.10	3748.12	3707.54	

*******************************************2025/03/29;02:02:03
Probe number 25
Concentration entered by User 2.20% (Compensated: 2.43% at temperature 23.3)
1266.46	1264.60	1291.22	1304.74	1317.84	1333.76	1352.36	1368.24	1388.52	1406.12	1427.44	1456.42	1476.36	1503.42	1530.50	1564.62	
1592.68	1627.34	1662.56	1699.44	1737.32	1781.46	1819.58	1863.84	1914.18	1966.06	2030.72	2096.36	2180.14	2298.46	2447.82	2661.68	
2962.46	3275.64	3520.62	3658.48	3669.64	3688.02	3688.16	3693.66	3694.64	3691.98	3683.90	3687.62	3695.50	3695.46	3699.38	3701.52	
3700.12	3696.96	3697.54	3710.58	3704.00	3710.64	3711.84	3711.00	3718.70	3725.24	3729.76	3731.44	3730.90	3730.84	3730.58	3728.60	
3733.96	3733.74	3730.68	3726.28	3729.14	3727.40	3730.24	3734.86	3733.04	3737.30	3739.66	3736.16	3739.76	3739.44	3747.90	3743.82	
3746.18	3750.28	3746.38	3740.48	3743.38	3742.92	3741.62	3735.10	3740.58	3742.04	3729.08	3741.48	3743.28	3744.10	3742.14	3742.88	
3734.44	3720.70	3719.56	3719.20	3718.16	3718.10	3733.74	3749.42	3740.44	3736.72	3730.34	3712.28	3733.32	3746.62	3732.66	3732.60	
3734.66	3729.72	3729.34	3734.02	3724.74	3720.28	3719.00	3715.14	3714.86	3718.02	3724.92	3729.28	3725.58	3728.44	3749.86	3709.46	

*******************************************2025/03/29;02:22:03
Probe number 26
Concentration entered by User 2.23% (Compensated: 2.44% at temperature 23.2)
1268.18	1266.54	1293.56	1306.26	1319.90	1335.02	1354.36	1369.54	1390.28	1407.42	1429.90	1459.00	1479.58	1505.60	1532.46	1566.56	
1595.46	1631.06	1663.76	1701.32	1737.82	1783.00	1821.76	1866.26	1919.82	1973.64	2027.82	2098.16	2187.78	2298.02	2448.60	2646.98	
2969.54	3261.90	3513.18	3658.42	3665.46	3684.38	3683.78	3689.24	3690.24	3688.76	3680.28	3684.36	3692.82	3692.78	3696.94	3699.38	
3697.62	3694.82	3695.46	3708.22	3702.44	3708.88	3709.70	3709.42	3717.00	3723.70	3728.26	3729.92	3729.46	3729.66	3729.26	3727.34	
3732.52	3732.76	3729.30	3725.06	3727.92	3726.44	3729.38	3733.58	3731.66	3736.32	3738.32	3735.28	3739.02	3738.54	3746.86	3742.56	
3744.94	3749.60	3745.48	3739.60	3742.58	3741.86	3740.42	3734.28	3739.06	3741.44	3728.40	3740.40	3742.44	3742.78	3741.08	3741.80	
3733.04	3719.48	3718.34	3717.82	3716.96	3716.86	3732.52	3748.36	3739.38	3735.44	3729.54	3710.86	3731.96	3745.56	3731.54	3731.60	
3733.14	3728.56	3727.52	3733.16	3723.58	3719.18	3717.54	3713.88	3713.44	3717.10	3723.28	3727.92	3724.20	3727.54	3748.36	3707.80	

*******************************************2025/03/29;02:42:03
Probe number 27
Concentration entered by User 2.25% (Compensated: 2.47% at temperature 23.1)
1268.16	1266.30	1293.64	1306.72	1319.88	1335.28	1354.36	1369.64	1390.40	1408.32	1430.52	1459.78	1479.54	1505.72	1533.70	1566.22	
1595.46	1630.14	1664.34	1703.22	1738.90	1783.12	1820.46	1864.52	1916.22	1973.42	2030.90	2104.42	2185.24	2292.60	2437.82	2656.48	
2971.28	3251.84	3501.74	3650.50	3663.22	3682.78	3682.86	3687.80	3689.92	3687.98	3680.08	3684.00	3692.58	3692.64	3696.18	3698.26	
3696.28	3693.94	3694.80	3707.76	3701.46	3708.32	3709.16	3707.84	3716.20	3723.06	3727.52	3729.28	3728.72	3728.86	3728.74	3726.44	
3731.56	3731.88	3728.68	3724.30	3727.22	3725.76	3728.42	3732.94	3731.18	3735.50	3737.42	3734.42	3738.06	3737.42	3746.16	3742.16	
3744.04	3748.62	3744.74	3739.26	3741.76	3741.20	3739.52	3733.50	3738.74	3740.50	3727.36	3739.48	3741.36	3741.98	3740.02	3741.14	
3732.22	3718.74	3717.42	3716.90	3715.90	3716.04	3731.80	3747.54	3738.40	3734.30	3728.26	3709.86	3731.12	3744.78	3730.78	3730.66	
3732.00	3727.76	3726.28	3731.94	3722.44	3717.84	3716.22	3712.74	3712.00	3715.82	3722.56	3726.44	3723.18	3726.48	3747.84	3706.48	

*******************************************2025/03/29;03:02:03
Probe number 28
Concentration entered by User 2.25% (Compensated: 2.46% at temperature 23.1)
1267.64	1265.92	1292.82	1305.46	1319.42	1335.14	1353.44	1368.76	1389.96	1407.92	1430.00	1458.20	1478.68	1505.60	1532.50	1566.64	
1594.78	1629.76	1664.68	1702.36	1739.14	1782.08	1820.48	1867.00	1918.80	1968.32	2032.08	2103.72	2184.92	2289.20	2448.54	2649.88	
2952.68	3264.62	3501.22	3654.50	3662.74	3682.48	3682.54	3687.76	3689.36	3687.56	3679.92	3683.60	3692.72	3692.28	3695.66	3697.96	
3695.88	3693.68	3694.42	3707.14	3701.22	3707.66	3708.74	3707.66	3715.52	3722.10	3726.74	3728.50	3727.88	3728.10	3728.10	3725.98	
3731.08	3731.04	3727.42	3723.88	3726.64	3724.94	3727.68	3732.18	3730.20	3734.70	3736.86	3733.78	3737.10	3736.76	3745.66	3741.42	
3743.34	3747.84	3744.18	3738.54	3740.88	3740.56	3738.90	3732.86	3737.60	3739.70	3726.86	3738.64	3740.60	3741.14	3739.48	3740.16	
3731.40	3717.50	3716.38	3715.48	3714.64	3714.56	3730.72	3746.44	3737.50	3733.74	3727.36	3708.66	3730.14	3743.72	3729.90	3729.74	
3731.18	3726.44	3725.58	3731.18	3721.80	3717.02	3715.02	3711.66	3711.24	3714.44	3721.62	3726.08	3722.48	3725.40	3746.74	3705.92	

*******************************************2025/03/29;03:22:03
Probe number 29
Concentration entered by User 2.26% (Compensated: 2.46% at temperature 23.0)
1268.24	1266.42	1293.16	1306.36	1319.98	1335.16	1354.52	1369.84	1390.96	1409.50	1430.24	1459.74	1480.42	1506.68	1534.46	1568.50	
1597.04	1632.62	1665.08	1703.66	1738.78	1783.74	1823.28	1871.26	1918.90	1973.52	2032.74	2111.92	2185.08	2295.58	2448.26	2656.06	
2957.80	3261.86	3495.86	3651.24	3665.04	3682.58	3683.60	3689.40	3690.90	3689.18	3681.56	3685.72	3694.02	3694.20	3697.14	3698.58	
3696.62	3694.18	3694.98	3707.90	3701.68	3707.90	3708.82	3707.54	3715.22	3721.80	3726.42	3728.24	3727.60	3727.80	3727.82	3725.68	
3730.50	3730.64	3727.38	3723.08	3726.26	3724.62	3727.44	3731.66	3729.84	3734.26	3736.20	3733.18	3736.92	3736.34	3745.16	3740.34	
3742.98	3747.18	3743.48	3738.00	3740.56	3739.78	3738.34	3732.30	3737.06	3738.88	3726.16	3737.92	3739.90	3740.46	3738.78	3739.66	
3730.38	3717.06	3716.10	3714.62	3714.12	3714.08	3730.10	3745.88	3736.84	3732.66	3726.78	3707.98	3729.48	3743.04	3729.04	3728.94	
3730.42	3725.94	3724.58	3730.22	3720.56	3715.86	3714.46	3711.04	3710.28	3713.82	3720.94	3724.98	3721.50	3724.30	3746.10	3705.16	

*******************************************2025/03/29;03:42:03
Probe number 30
Concentration entered by User 2.26% (Compensated: 2.46% at temperature 22.9)
1266.90	1265.74	1292.24	1305.24	1318.70	1333.94	1353.10	1368.28	1389.36	1407.06	1428.52	1458.26	1478.70	1504.44	1532.02	1564.22	
1592.96	1630.20	1663.42	1701.84	1739.24	1780.00	1819.56	1869.00	1913.76	1966.78	2029.56	2102.08	2186.82	2289.54	2447.66	2651.62	
2948.82	3258.98	3502.72	3649.90	3663.08	3683.52	3683.70	3689.52	3691.84	3690.26	3682.68	3686.40	3695.26	3694.88	3697.74	3699.56	
3697.16	3695.54	3696.62	3709.20	3702.98	3709.26	3710.08	3708.64	3716.44	3723.10	3727.82	3729.72	3728.90	3728.90	3728.76	3726.66	
3731.56	3731.82	3728.26	3723.96	3727.62	3725.96	3728.48	3732.78	3731.18	3735.28	3737.30	3734.48	3737.92	3737.38	3746.10	3741.88	
3743.76	3748.68	3744.94	3739.82	3741.74	3741.28	3739.64	3733.40	3738.52	3740.18	3727.36	3739.22	3741.22	3741.44	3739.44	3740.72	
3731.68	3717.80	3716.88	3715.78	3715.58	3715.24	3730.96	3746.80	3738.12	3733.80	3727.96	3709.36	3730.42	3744.06	3730.20	3730.16	
3731.64	3727.04	3725.94	3731.64	3722.18	3717.32	3715.54	3712.44	3711.36	3715.08	3721.60	3725.84	3722.90	3726.08	3747.30	3706.70	

*******************************************2025/03/29;04:00:03
Probe number 31
Concentration entered by User 2.27% (Compensated: 2.46% at temperature 22.8)
1266.32	1264.58	1291.98	1304.38	1318.30	1333.58	1352.56	1367.84	1388.34	1406.26	1428.24	1457.08	1477.52	1503.64	1531.44	1564.68	
1592.92	1628.92	1662.80	1700.52	1737.62	1781.06	1820.12	1864.92	1916.92	1970.96	2029.62	2100.98	2176.36	2290.96	2443.70	2649.40	
2958.20	3248.76	3498.60	3648.94	3665.32	3683.78	3683.56	3689.28	3691.62	3689.82	3682.24	3685.96	3694.50	3694.02	3697.18	3698.26	
3696.04	3694.22	3695.14	3708.04	3701.62	3708.32	3708.54	3707.20	3714.66	3721.34	3726.10	3728.14	3727.20	3727.40	3727.22	3725.16	
3730.52	3730.52	3727.12	3722.82	3726.14	3724.34	3727.14	3731.28	3729.70	3734.02	3736.38	3732.86	3736.74	3735.84	3744.92	3740.56	
3742.44	3747.06	3743.96	3738.46	3740.74	3740.16	3738.44	3732.20	3737.22	3739.02	3725.94	3738.08	3739.82	3740.24	3738.52	3739.32	
3730.46	3716.56	3715.30	3714.26	3713.82	3713.58	3729.64	3745.94	3736.48	3732.62	3726.52	3707.36	3728.90	3742.86	3729.12	3728.70	
3730.18	3725.68	3724.54	3730.18	3720.58	3715.76	3713.94	3710.58	3709.76	3713.54	3720.44	3724.90	3721.60	3724.32	3745.96	3704.78	

*******************************************2025/03/29;04:02:03
Probe number 32
Concentration entered by User 2.25% (Compensated: 2.44% at temperature 22.8)
1266.76	1265.24	1292.60	1305.20	1318.50	1333.56	1353.00	1369.12	1389.00	1406.70	1428.70	1457.92	1477.52	1505.04	1532.60	1565.64	
1593.08	1629.64	1663.88	1702.22	1736.28	1779.42	1822.32	1867.74	1916.58	1966.08	2032.00	2101.10	2186.66	2295.10	2420.22	2654.64	
2954.72	3264.42	3501.98	3651.68	3667.02	3684.42	3684.56	3689.98	3692.44	3690.26	3683.06	3686.90	3695.46	3694.64	3697.70	3699.22	
3696.82	3694.84	3696.14	3708.88	3702.56	3708.66	3709.48	3708.12	3715.42	3722.16	3726.98	3728.38	3727.80	3727.90	3727.64	3725.52	
3730.82	3730.96	3727.20	3723.46	3726.44	3724.60	3727.14	3731.78	3729.76	3734.18	3736.22	3733.04	3737.06	3736.12	3744.82	3740.60	
3742.72	3747.22	3743.96	3738.74	3740.58	3740.00	3738.48	3732.10	3737.18	3739.24	3725.98	3737.78	3740.08	3740.60	3738.76	3739.44	
3730.62	3716.66	3715.72	3714.24	3714.00	3713.64	3729.78	3745.80	3736.58	3732.54	3726.56	3707.62	3729.34	3743.08	3729.32	3728.68	
3730.16	3725.98	3724.84	3730.18	3720.70	3715.58	3714.08	3710.82	3709.84	3713.24	3720.82	3725.06	3721.68	3724.54	3745.86	3705.02	

*******************************************2025/03/29;04:22:03
Probe number 33
Concentration entered by User 2.26% (Compensated: 2.45% at temperature 22.7)
1266.42	1264.74	1291.78	1304.48	1318.24	1333.42	1351.80	1367.60	1388.36	1406.06	1428.26	1456.94	1477.72	1504.30	1531.18	1564.86	
1593.04	1629.38	1662.74	1699.68	1736.44	1779.52	1822.06	1862.70	1918.88	1970.36	2027.74	2105.16	2180.48	2281.78	2438.84	2652.06	
2952.86	3250.78	3502.04	3655.10	3668.34	3684.08	3684.48	3690.52	3692.60	3691.06	3683.80	3686.78	3695.72	3695.54	3697.78	3698.90	
3696.14	3694.54	3695.68	3708.56	3701.98	3708.24	3708.64	3707.02	3714.62	3720.98	3725.68	3727.46	3726.60	3727.04	3726.74	3724.62	
3729.20	3729.44	3726.38	3721.92	3724.96	3723.30	3726.18	3730.60	3728.36	3732.60	3735.04	3732.20	3735.66	3734.84	3743.84	3739.56	
3741.72	3746.12	3743.24	3737.62	3739.78	3739.06	3737.48	3731.50	3736.16	3737.66	3725.00	3736.78	3738.72	3739.24	3737.44	3738.02	
3728.80	3715.04	3714.08	3712.90	3712.62	3712.22	3728.20	3744.38	3735.58	3731.30	3724.92	3706.16	3727.78	3741.46	3728.20	3727.22	
3728.92	3724.32	3723.04	3729.04	3719.36	3714.28	3712.88	3709.24	3708.50	3712.34	3719.02	3723.46	3720.24	3723.18	3744.86	3703.16	

*******************************************2025/03/29;04:42:03
Probe number 34
Concentration entered by User 2.24% (Compensated: 2.42% at temperature 22.7)
1268.74	1266.60	1293.58	1306.80	1320.04	1335.62	1354.24	1369.98	1390.54	1407.70	1429.88	1459.00	1479.22	1506.02	1532.42	1565.74	
1594.90	1629.86	1660.70	1701.42	1738.94	1779.60	1821.02	1862.76	1913.68	1967.04	2032.30	2096.32	2177.10	2279.80	2447.86	2644.24	
2953.66	3262.18	3506.42	3660.36	3670.62	3689.70	3688.40	3693.82	3695.72	3693.90	3686.88	3690.28	3698.36	3698.12	3700.00	3700.98	
3698.48	3697.06	3698.56	3711.20	3704.88	3711.52	3711.72	3710.10	3717.60	3724.20	3728.92	3730.88	3730.08	3730.00	3730.10	3728.02	
3732.78	3733.22	3729.68	3725.52	3728.70	3727.20	3729.86	3734.26	3732.24	3736.48	3738.88	3735.70	3739.62	3738.60	3747.18	3743.06	
3745.54	3750.04	3746.44	3741.36	3743.50	3742.72	3741.10	3734.76	3739.96	3741.98	3729.22	3740.26	3742.30	3742.66	3740.78	3741.72	
3732.88	3719.04	3718.36	3717.08	3716.64	3716.46	3732.14	3748.38	3739.38	3735.10	3729.38	3710.50	3732.04	3745.30	3731.80	3730.96	
3732.86	3728.62	3727.28	3732.64	3723.16	3718.24	3716.70	3713.64	3712.70	3716.00	3722.94	3727.44	3724.16	3726.98	3748.30	3707.82	

*******************************************2025/03/29;05:02:03
Probe number 35
Concentration entered by User 2.29% (Compensated: 2.46% at temperature 22.6)
1269.24	1267.18	1294.58	1307.26	1320.38	1335.56	1354.28	1369.94	1390.36	1407.84	1430.00	1458.26	1478.12	1505.14	1531.68	1565.08	
1592.86	1626.92	1662.58	1698.88	1735.36	1778.06	1815.92	1860.14	1913.02	1967.34	2025.08	2095.84	2167.06	2284.54	2439.72	2635.06	
2939.94	3248.06	3496.82	3651.42	3661.78	3680.24	3679.44	3684.86	3687.06	3685.68	3678.34	3682.02	3690.82	3690.60	3693.20	3694.88	
3692.04	3690.98	3692.78	3705.78	3699.70	3706.14	3706.98	3705.56	3713.06	3719.70	3725.02	3727.00	3725.92	3726.60	3726.34	3724.50	
3729.20	3729.42	3725.94	3721.72	3725.20	3723.56	3726.20	3730.78	3728.86	3733.34	3735.42	3732.30	3735.98	3735.56	3743.96	3739.76	
3742.20	3746.52	3743.36	3738.30	3740.40	3739.68	3737.90	3731.50	3736.82	3738.60	3725.68	3737.28	3739.20	3739.42	3737.36	3738.46	
3729.10	3715.58	3714.64	3713.24	3712.54	3712.72	3728.16	3744.98	3736.14	3731.82	3725.52	3706.58	3727.78	3742.00	3728.62	3727.38	
3729.02	3724.88	3723.28	3729.06	3719.96	3714.66	3712.92	3709.80	3708.84	3712.26	3719.54	3723.98	3720.68	3723.22	3745.14	3704.26	

*******************************************2025/03/29;05:22:03
Probe number 36
Concentration entered by User 2.28% (Compensated: 2.45% at temperature 22.5)
1270.14	1267.84	1294.90	1308.12	1321.22	1336.42	1354.96	1370.36	1390.86	1408.62	1430.22	1458.22	1479.60	1506.20	1533.44	1567.92	
1594.96	1632.82	1665.06	1701.76	1739.34	1781.30	1821.78	1866.04	1919.02	1963.68	2024.32	2095.78	2174.66	2289.74	2430.36	2649.14	
2951.36	3246.06	3496.02	3653.64	3667.66	3683.10	3682.68	3688.60	3690.98	3689.36	3682.20	3685.66	3694.58	3694.66	3697.24	3698.16	
3695.26	3694.46	3696.32	3708.94	3702.70	3709.42	3709.62	3707.98	3715.58	3721.78	3726.54	3728.52	3727.88	3728.00	3727.90	3725.98	
3730.98	3730.98	3727.14	3723.32	3726.66	3724.96	3727.50	3731.82	3729.90	3734.54	3736.24	3733.48	3737.10	3736.14	3745.12	3741.16	
3743.06	3747.72	3744.66	3739.32	3741.56	3740.94	3739.18	3732.56	3737.52	3739.58	3726.54	3738.08	3740.22	3740.50	3738.40	3739.78	
3730.36	3716.26	3715.88	3714.62	3713.96	3713.82	3729.56	3746.06	3736.84	3732.70	3726.54	3707.72	3728.96	3742.94	3729.36	3728.26	
3730.42	3725.88	3724.54	3730.34	3720.50	3715.84	3714.24	3710.80	3710.36	3713.58	3720.50	3724.88	3721.60	3724.54	3746.02	3704.92	

*******************************************2025/03/29;05:42:03
Probe number 37
Concentration entered by User 2.28% (Compensated: 2.44% at temperature 22.4)
1267.64	1265.70	1292.84	1305.58	1318.80	1333.86	1353.14	1368.20	1388.56	1406.50	1427.84	1456.54	1477.76	1503.04	1530.30	1563.74	
1592.26	1628.90	1662.84	1699.42	1737.36	1779.46	1820.08	1867.06	1913.36	1963.00	2020.96	2089.28	2177.90	2286.88	2434.20	2638.52	
2943.72	3252.10	3494.90	3652.46	3668.12	3685.62	3685.32	3690.46	3692.70	3692.00	3685.12	3688.26	3696.96	3696.20	3697.86	3698.38	
3695.82	3694.88	3696.72	3709.02	3703.00	3709.12	3709.54	3707.64	3714.38	3721.04	3725.96	3727.38	3726.64	3727.02	3726.84	3724.74	
3729.34	3729.90	3726.12	3722.22	3725.54	3723.70	3726.30	3730.82	3728.92	3733.12	3735.14	3731.88	3736.22	3735.30	3744.44	3739.98	
3742.14	3746.96	3743.60	3738.68	3740.32	3739.70	3738.20	3731.54	3736.68	3738.56	3725.56	3736.82	3738.92	3739.14	3737.32	3738.62	
3729.00	3715.44	3714.56	3713.34	3712.32	3712.28	3728.50	3744.84	3735.44	3731.76	3725.48	3706.62	3727.74	3741.86	3728.10	3727.20	
3729.22	3725.04	3723.32	3729.24	3719.08	3714.48	3713.14	3709.46	3708.70	3712.32	3719.28	3723.48	3720.54	3723.24	3745.16	3703.94	

*******************************************2025/03/29;06:02:03
Probe number 38
Concentration entered by User 2.27% (Compensated: 2.43% at temperature 22.4)
1263.54	1261.94	1288.92	1301.60	1314.26	1329.10	1348.52	1363.78	1384.70	1402.60	1423.88	1452.56	1472.70	1498.80	1527.06	1559.74	
1586.88	1622.38	1656.62	1694.86	1729.16	1773.56	1813.40	1856.38	1907.32	1960.10	2022.34	2088.36	2175.24	2272.90	2428.46	2625.86	
2942.82	3255.42	3499.62	3659.72	3669.26	3686.50	3686.48	3691.96	3694.42	3693.22	3686.72	3689.20	3698.02	3697.32	3698.68	3698.70	
3696.18	3694.96	3697.08	3709.00	3702.58	3708.80	3708.86	3706.60	3713.84	3720.40	3724.94	3727.26	3726.12	3726.24	3726.24	3723.46	
3728.48	3728.60	3725.00	3720.72	3724.20	3722.46	3725.00	3729.44	3727.36	3731.84	3733.94	3730.82	3734.88	3733.84	3742.96	3738.50	
3741.20	3745.50	3742.56	3737.46	3739.14	3738.26	3736.70	3730.42	3735.82	3737.24	3724.28	3735.50	3737.90	3737.90	3735.72	3737.24	
3728.08	3713.62	3712.78	3711.72	3711.24	3711.02	3727.10	3743.34	3734.40	3730.18	3724.12	3704.92	3726.84	3740.44	3727.24	3725.76	
3727.70	3723.70	3721.82	3727.80	3718.36	3712.94	3711.48	3707.98	3707.18	3710.82	3717.68	3722.34	3719.22	3721.68	3744.16	3702.18	

*******************************************2025/03/29;06:22:03
Probe number 39
Concentration entered by User 2.28% (Compensated: 2.43% at temperature 22.3)
1265.52	1263.66	1290.34	1303.36	1316.40	1331.48	1349.78	1365.58	1385.30	1403.36	1424.86	1453.88	1473.42	1499.84	1525.86	1558.98	
1586.32	1622.26	1655.42	1692.26	1729.50	1773.58	1811.24	1855.08	1905.54	1954.14	2013.52	2080.44	2164.72	2268.40	2409.16	2629.64	
2934.16	3252.32	3499.86	3656.80	3668.74	3685.54	3684.56	3690.36	3692.26	3690.60	3683.44	3685.98	3694.84	3694.44	3695.78	3696.20	
3693.42	3692.42	3695.06	3707.68	3700.84	3707.96	3707.78	3706.30	3713.34	3719.94	3724.96	3726.66	3725.74	3726.20	3726.18	3724.06	
3729.02	3728.94	3725.68	3721.68	3724.94	3723.36	3725.80	3730.20	3728.62	3732.42	3734.90	3731.62	3735.56	3734.68	3743.70	3739.48	
3741.80	3745.98	3743.12	3738.14	3740.04	3739.34	3737.60	3731.06	3736.24	3737.86	3725.06	3736.42	3738.68	3738.80	3736.66	3737.96	
3728.48	3714.48	3713.78	3712.40	3711.54	3711.92	3727.86	3744.56	3735.22	3730.98	3724.90	3705.92	3727.06	3741.18	3728.14	3726.52	
3728.56	3724.12	3723.00	3728.86	3719.14	3713.66	3712.16	3708.48	3708.12	3711.46	3718.72	3723.12	3719.80	3722.44	3744.50	3703.04	

*******************************************2025/03/29;06:42:03
Probe number 40
Concentration entered by User 2.28% (Compensated: 2.44% at temperature 22.3)
1267.24	1265.28	1292.02	1304.84	1318.18	1332.98	1351.96	1367.26	1387.48	1406.18	1427.14	1455.36	1476.86	1502.56	1528.36	1562.00	
1589.62	1626.08	1658.14	1696.38	1732.32	1776.00	1814.60	1858.40	1912.88	1959.52	2019.52	2087.02	2158.12	2273.12	2423.04	2624.88	
2925.20	3249.70	3502.64	3660.12	3669.06	3686.76	3685.58	3691.42	3693.56	3692.56	3685.50	3688.06	3696.86	3696.22	3696.94	3696.94	
3693.80	3693.48	3695.56	3707.76	3701.32	3707.60	3707.80	3705.68	3713.00	3719.26	3724.80	3726.24	3725.66	3725.86	3725.84	3723.60	
3727.96	3728.06	3724.46	3720.42	3723.82	3722.36	3724.76	3729.18	3727.24	3731.72	3733.94	3730.66	3734.90	3733.86	3742.82	3738.62	
3740.68	3744.92	3741.62	3737.12	3738.96	3738.26	3736.48	3729.90	3735.34	3736.88	3723.92	3735.52	3737.32	3737.60	3735.64	3736.94	
3727.36	3713.32	3713.04	3711.44	3710.66	3711.16	3726.56	3743.64	3734.14	3729.80	3723.82	3704.54	3726.54	3740.24	3726.72	3725.54	
3727.70	3723.26	3721.70	3727.46	3717.62	3712.64	3711.12	3708.00	3706.82	3710.10	3717.70	3722.34	3718.82	3721.44	3743.64	3701.88	

*******************************************2025/03/29;07:00:03
Probe number 41
Concentration entered by User 2.27% (Compensated: 2.42% at temperature 22.2)
1269.34	1267.08	1294.72	1306.96	1319.82	1335.42	1354.04	1369.80	1390.26	1408.12	1430.28	1459.02	1479.40	1505.40	1532.24	1565.32	
1592.74	1628.40	1660.18	1698.20	1735.12	1777.74	1817.74	1863.42	1915.18	1964.58	2022.34	2091.64	2171.28	2275.98	2423.40	2632.56	
2932.06	3258.24	3497.10	3657.52	3672.08	3688.42	3687.28	3692.90	3694.96	3693.36	3686.68	3689.22	3697.30	3697.28	3698.08	3697.40	
3694.60	3693.90	3696.24	3708.50	3701.92	3708.66	3708.38	3706.78	3713.82	3719.68	3724.76	3726.92	3726.04	3726.24	3726.16	3723.92	
3728.48	3728.68	3725.08	3721.04	3724.52	3722.72	3725.02	3729.74	3727.90	3732.02	3734.12	3731.32	3735.50	3734.02	3743.22	3738.92	
3741.48	3745.40	3742.80	3737.82	3739.56	3738.68	3737.24	3730.52	3735.90	3737.50	3724.58	3735.44	3738.08	3738.16	3735.98	3737.50	
3728.22	3713.62	3713.26	3712.06	3711.26	3711.38	3727.10	3743.82	3734.56	3730.18	3724.60	3705.10	3726.96	3740.62	3727.66	3725.88	
3728.30	3723.66	3722.20	3728.18	3718.24	3713.26	3711.42	3708.02	3707.58	3710.92	3718.34	3722.64	3719.48	3721.70	3743.98	3702.26	

*******************************************2025/03/29;07:02:03
Probe number 42
Concentration entered by User 2.28% (Compensated: 2.43% at temperature 22.2)
1269.64	1268.40	1294.90	1307.86	1320.90	1336.20	1354.58	1370.92	1391.32	1408.78	1430.80	1459.68	1480.54	1507.34	1533.62	1565.80	
1593.84	1629.14	1661.12	1701.68	1736.82	1779.92	1819.46	1864.38	1915.66	1964.62	2023.78	2093.34	2171.36	2282.14	2422.50	2621.52	
2940.60	3245.16	3503.12	3661.40	3671.72	3687.64	3686.96	3692.48	3695.04	3693.48	3686.98	3689.36	3697.94	3697.10	3698.30	3697.66	
3694.74	3694.02	3696.80	3708.86	3702.12	3708.48	3708.50	3706.58	3713.94	3719.88	3725.14	3726.86	3726.54	3726.54	3726.08	3723.98	
3728.82	3729.02	3724.96	3721.08	3724.42	3722.84	3725.32	3730.02	3727.94	3732.34	3734.26	3731.20	3735.26	3734.34	3743.22	3739.28	
3741.22	3745.82	3743.06	3738.14	3739.78	3738.98	3737.14	3730.64	3735.68	3737.52	3724.50	3735.90	3738.16	3738.16	3736.12	3737.60	
3728.10	3713.86	3713.58	3711.82	3711.50	3711.44	3727.00	3744.10	3734.46	3730.44	3724.04	3705.32	3726.80	3740.74	3727.50	3726.08	
3728.12	3723.88	3722.22	3728.12	3718.56	3713.48	3711.70	3708.06	3707.52	3710.96	3718.00	3722.66	3719.34	3722.08	3744.24	3702.58	

*******************************************2025/03/29;07:22:03
Probe number 43
Concentration entered by User 2.31% (Compensated: 2.45% at temperature 22.2)
1269.20	1266.82	1294.06	1307.18	1320.24	1335.14	1353.84	1369.26	1389.50	1407.64	1430.04	1457.48	1478.04	1504.16	1532.14	1564.36	
1591.34	1626.92	1661.74	1700.46	1735.62	1777.34	1815.70	1864.24	1910.26	1961.76	2016.92	2089.04	2164.92	2273.96	2425.62	2606.00	
2927.62	3250.90	3485.76	3652.66	3667.12	3683.08	3681.48	3687.82	3689.54	3688.38	3681.88	3684.60	3693.06	3692.74	3693.82	3693.52	
3690.86	3690.58	3693.62	3705.68	3699.82	3705.70	3706.14	3704.10	3711.54	3717.46	3722.86	3724.66	3723.98	3724.54	3724.40	3721.74	
3726.80	3726.90	3723.22	3719.14	3722.82	3720.72	3723.74	3727.94	3726.10	3730.44	3732.48	3729.46	3733.64	3732.52	3741.68	3737.48	
3739.56	3743.78	3741.36	3736.38	3738.18	3737.38	3735.74	3728.84	3734.10	3735.76	3723.02	3733.74	3736.52	3736.48	3734.22	3735.52	
3726.18	3711.88	3711.54	3710.18	3709.26	3709.46	3725.46	3742.42	3732.80	3728.88	3722.12	3703.32	3725.20	3739.08	3725.42	3723.96	
3726.04	3722.00	3720.42	3726.14	3716.44	3711.22	3709.68	3706.20	3705.24	3709.56	3715.92	3720.90	3717.76	3720.08	3742.56	3700.88	

*******************************************2025/03/29;07:42:03
Probe number 44
Concentration entered by User 2.32% (Compensated: 2.50% at temperature 22.7)
1271.42	1269.20	1296.70	1309.26	1322.36	1337.76	1356.76	1371.50	1391.92	1410.04	1431.82	1461.06	1481.52	1507.84	1533.94	1566.22	
1594.78	1629.62	1664.02	1699.08	1734.98	1781.16	1818.00	1862.82	1909.22	1960.26	2023.14	2095.52	2168.30	2280.42	2429.28	2633.14	
2933.34	3244.18	3483.38	3643.54	3654.82	3674.24	3673.34	3680.02	3682.26	3681.54	3674.28	3678.38	3687.98	3688.14	3691.00	3693.00	
3691.00	3689.90	3692.00	3705.40	3698.96	3705.90	3706.48	3705.56	3713.58	3720.32	3725.22	3726.72	3726.66	3726.74	3726.84	3724.80	
3730.00	3730.28	3726.80	3722.92	3726.12	3724.70	3727.30	3731.74	3730.10	3734.28	3736.40	3733.20	3737.32	3736.34	3745.22	3741.00	
3743.02	3747.00	3744.14	3739.02	3740.48	3739.62	3738.24	3731.58	3737.16	3738.36	3726.42	3737.86	3739.70	3739.78	3738.16	3739.46	
3730.42	3716.44	3715.92	3714.56	3713.94	3714.10	3730.10	3746.20	3737.22	3733.12	3726.80	3708.18	3729.16	3743.04	3730.08	3728.92	
3730.72	3726.28	3725.10	3730.72	3721.26	3716.48	3714.36	3711.50	3710.54	3714.04	3720.82	3725.42	3722.14	3724.98	3746.46	3705.80	

*******************************************2025/03/29;08:02:03
Probe number 45
Concentration entered by User 2.34% (Compensated: 2.56% at temperature 23.2)
1268.12	1265.96	1293.10	1306.14	1319.28	1334.08	1352.88	1367.96	1387.86	1405.60	1427.62	1456.38	1476.34	1502.58	1529.16	1562.68	
1589.72	1625.42	1659.06	1696.74	1731.24	1773.70	1811.52	1857.12	1908.10	1956.88	2020.16	2085.84	2164.60	2276.36	2429.24	2631.06	
2921.90	3234.80	3488.46	3634.94	3648.56	3667.36	3668.80	3675.08	3677.84	3676.36	3669.42	3673.66	3683.00	3683.38	3687.26	3689.96	
3688.48	3687.34	3688.68	3702.06	3695.16	3702.18	3703.32	3702.96	3711.06	3718.48	3723.54	3725.56	3724.76	3725.22	3725.62	3723.60	
3728.76	3729.00	3725.88	3722.12	3725.26	3723.72	3726.56	3730.78	3728.88	3733.58	3735.58	3732.76	3736.50	3735.80	3744.28	3740.46	
3742.06	3746.72	3743.20	3737.66	3739.80	3738.56	3737.32	3731.10	3736.06	3737.54	3725.22	3736.98	3738.78	3739.70	3737.94	3738.88	
3729.44	3715.92	3715.52	3713.80	3713.86	3713.48	3729.50	3745.74	3736.64	3732.66	3726.30	3707.82	3729.16	3742.90	3729.14	3728.84	
3730.18	3725.82	3724.74	3730.32	3720.50	3716.14	3714.14	3710.72	3710.46	3713.62	3720.70	3725.14	3721.86	3724.48	3746.30	3705.34	

*******************************************2025/03/29;08:22:03
Probe number 46
Concentration entered by User 2.44% (Compensated: 2.69% at temperature 23.6)
1264.72	1262.72	1289.10	1301.72	1314.66	1329.84	1348.60	1363.36	1383.22	1400.66	1423.18	1450.64	1470.24	1496.72	1523.02	1555.16	
1584.12	1618.96	1649.56	1688.54	1721.30	1765.54	1803.32	1849.86	1898.54	1952.56	2006.40	2075.64	2149.78	2264.60	2402.74	2609.12	
2910.40	3205.74	3450.92	3612.56	3630.96	3653.10	3654.80	3662.20	3665.96	3664.48	3656.70	3662.20	3671.58	3672.60	3678.10	3681.34	
3680.14	3678.30	3679.56	3693.84	3687.14	3694.26	3695.46	3695.60	3704.26	3711.74	3717.06	3718.68	3718.68	3719.52	3719.68	3717.52	
3722.98	3723.52	3720.20	3716.30	3719.98	3717.64	3720.94	3725.54	3723.58	3728.44	3730.76	3727.92	3731.34	3730.66	3740.00	3735.26	
3737.28	3741.98	3738.28	3732.02	3734.78	3733.90	3731.90	3725.60	3730.42	3732.54	3719.52	3732.38	3733.78	3734.72	3733.12	3733.96	
3724.66	3710.74	3709.98	3708.78	3708.46	3708.36	3725.00	3741.38	3731.92	3727.70	3721.36	3702.34	3723.92	3738.26	3724.06	3723.96	
3725.42	3720.62	3719.86	3725.16	3715.46	3711.08	3708.90	3705.52	3704.98	3708.92	3715.52	3720.06	3716.68	3719.46	3741.60	3699.88	

*******************************************2025/03/29;08:42:03
Probe number 47
Concentration entered by User 2.46% (Compensated: 2.72% at temperature 23.8)
1265.18	1263.14	1290.06	1302.10	1316.02	1330.70	1349.22	1364.10	1384.46	1401.68	1423.54	1451.70	1470.66	1496.92	1523.08	1556.32	
1583.26	1618.10	1649.74	1686.42	1721.04	1765.16	1805.52	1845.82	1900.90	1950.24	2008.60	2072.42	2149.42	2263.24	2397.20	2600.26	
2904.84	3201.78	3443.56	3609.46	3628.20	3650.20	3652.44	3660.88	3664.48	3663.36	3654.70	3660.56	3670.36	3671.66	3677.46	3681.60	
3680.38	3677.80	3679.02	3693.58	3686.30	3693.70	3695.82	3695.80	3704.50	3712.46	3717.42	3719.32	3719.02	3719.84	3720.22	3718.06	
3723.76	3723.80	3720.68	3717.12	3720.22	3718.34	3721.22	3726.04	3724.42	3729.32	3731.08	3728.68	3732.02	3731.44	3740.42	3735.60	
3737.68	3742.42	3738.56	3732.70	3735.14	3733.96	3732.38	3725.90	3731.10	3733.18	3720.26	3733.36	3734.54	3735.76	3734.02	3734.64	
3725.44	3711.92	3710.42	3709.76	3709.50	3709.50	3725.68	3741.92	3732.88	3728.70	3722.32	3703.84	3725.12	3739.50	3725.30	3725.02	
3726.56	3721.68	3720.70	3726.14	3716.46	3711.72	3710.10	3706.76	3706.28	3709.40	3716.60	3720.96	3717.62	3720.46	3742.58	3700.74	

*******************************************2025/03/29;09:02:03
Probe number 48
Concentration entered by User 2.47% (Compensated: 2.75% at temperature 24.1)
1265.74	1264.08	1290.52	1303.78	1316.20	1331.48	1349.94	1365.08	1385.32	1402.80	1424.34	1452.52	1471.40	1498.12	1525.48	1558.90	
1585.70	1619.18	1651.10	1687.30	1722.36	1766.88	1804.56	1846.82	1897.10	1953.42	2007.90	2074.54	2150.06	2261.16	2413.36	2595.02	
2891.64	3207.02	3443.98	3605.66	3626.62	3649.62	3653.36	3661.98	3665.80	3664.50	3655.74	3661.94	3671.46	3672.82	3679.38	3684.20	
3683.44	3680.40	3681.96	3696.30	3689.20	3696.32	3698.70	3698.62	3707.20	3715.60	3720.64	3722.34	3721.88	3722.68	3723.62	3720.98	
3726.50	3727.22	3723.80	3721.00	3723.38	3721.44	3724.40	3729.20	3727.76	3732.46	3734.42	3731.64	3735.04	3734.82	3743.46	3738.36	
3740.68	3745.36	3741.38	3735.34	3737.92	3736.84	3735.36	3729.04	3734.14	3736.38	3723.64	3736.50	3737.82	3738.72	3737.10	3737.90	
3729.08	3715.56	3714.36	3713.90	3713.22	3713.26	3729.54	3745.32	3736.22	3732.56	3726.04	3707.74	3729.10	3742.86	3728.44	3728.50	
3730.56	3725.06	3724.66	3729.98	3720.50	3715.84	3714.00	3710.62	3710.24	3713.88	3720.36	3724.78	3720.92	3724.58	3745.98	3704.86	

*******************************************2025/03/29;09:22:03
Probe number 49
Concentration entered by User 2.49% (Compensated: 2.78% at temperature 24.3)
1265.52	1264.16	1290.60	1303.64	1316.82	1331.72	1349.84	1365.08	1385.12	1402.90	1423.98	1452.40	1471.76	1497.76	1524.72	1558.72	
1585.40	1620.82	1651.28	1688.16	1721.06	1764.76	1801.78	1848.98	1900.96	1952.72	2004.08	2073.72	2155.26	2265.46	2398.04	2604.42	
2879.02	3199.82	3442.70	3604.38	3623.88	3647.96	3652.00	3660.44	3665.14	3663.36	3655.00	3661.00	3670.38	3672.04	3679.14	3683.68	
3683.32	3680.54	3681.60	3696.22	3689.28	3695.90	3698.66	3698.52	3707.24	3715.88	3720.56	3722.46	3722.02	3723.12	3723.52	3721.20	
3727.30	3727.30	3724.48	3720.72	3723.62	3721.28	3724.62	3729.38	3727.90	3732.88	3734.78	3731.82	3735.12	3735.04	3743.46	3739.02	
3741.14	3745.40	3741.42	3735.46	3738.08	3736.68	3735.64	3729.32	3734.08	3736.28	3723.66	3737.00	3738.06	3739.36	3737.58	3738.62	
3729.48	3715.88	3715.08	3714.26	3713.92	3714.08	3730.04	3745.90	3736.42	3732.96	3726.16	3708.20	3729.56	3743.32	3729.12	3729.26	
3730.94	3725.90	3725.18	3730.26	3721.08	3716.94	3714.74	3711.38	3710.82	3714.58	3720.96	3725.40	3721.62	3725.12	3746.32	3705.24	

*******************************************2025/03/29;09:42:03
Probe number 50
Concentration entered by User 2.47% (Compensated: 2.78% at temperature 24.5)
1266.80	1264.48	1290.96	1304.14	1317.52	1332.50	1350.80	1366.26	1386.14	1403.52	1425.34	1453.06	1472.90	1499.34	1526.36	1559.54	
1587.90	1620.74	1653.10	1689.98	1723.26	1765.68	1804.46	1852.30	1896.86	1949.02	2007.54	2069.08	2146.42	2261.34	2408.28	2610.66	
2888.94	3210.56	3442.10	3609.66	3623.04	3647.98	3650.90	3659.56	3664.68	3662.64	3654.30	3660.84	3670.06	3671.44	3678.58	3684.46	
3684.08	3680.68	3681.46	3696.46	3689.18	3696.26	3698.86	3698.46	3707.84	3716.44	3721.32	3722.66	3722.04	3723.78	3724.06	3721.48	
3727.10	3727.52	3724.64	3721.32	3723.90	3721.88	3725.34	3729.74	3728.36	3733.20	3735.02	3732.68	3735.62	3735.40	3743.94	3739.46	
3741.50	3745.76	3741.80	3735.64	3738.24	3737.00	3735.90	3729.64	3734.58	3736.42	3724.54	3737.62	3738.58	3740.18	3738.30	3739.24	
3730.48	3716.80	3715.68	3715.16	3714.58	3715.26	3730.68	3746.60	3737.22	3733.84	3727.24	3709.20	3730.58	3744.20	3730.12	3729.84	
3731.98	3726.92	3726.20	3732.08	3722.02	3717.78	3715.94	3712.02	3711.78	3715.14	3721.80	3726.46	3722.50	3726.08	3747.44	3706.06	

*******************************************2025/03/29;10:02:03
Probe number 51
Concentration entered by User 2.44% (Compensated: 2.78% at temperature 24.9)
1267.08	1265.56	1291.90	1304.82	1317.88	1333.56	1352.34	1367.42	1387.78	1404.54	1426.50	1454.72	1473.98	1500.86	1528.64	1560.68	
1587.70	1621.50	1654.04	1692.68	1724.72	1766.12	1807.74	1852.18	1900.58	1945.14	2005.74	2077.64	2153.74	2273.48	2407.62	2593.20	
2904.92	3217.72	3456.28	3604.54	3622.22	3646.52	3649.68	3659.98	3664.90	3662.88	3654.46	3660.52	3670.44	3672.08	3679.38	3684.80	
3684.46	3681.24	3682.28	3697.12	3689.06	3696.22	3699.30	3699.24	3708.52	3717.10	3722.02	3723.12	3723.22	3724.22	3725.28	3722.48	
3728.00	3728.46	3725.42	3721.82	3724.62	3722.24	3725.72	3730.62	3729.20	3734.10	3736.18	3733.52	3736.40	3736.02	3744.64	3740.04	
3742.36	3746.22	3742.58	3736.36	3739.28	3737.64	3736.54	3729.94	3735.04	3737.44	3725.48	3738.74	3739.66	3741.28	3739.36	3740.24	
3731.86	3717.94	3717.28	3716.52	3715.86	3716.82	3732.14	3747.76	3737.88	3734.98	3728.18	3711.20	3731.50	3745.36	3731.26	3731.02	
3733.20	3728.28	3727.74	3732.92	3723.32	3719.26	3716.84	3713.70	3713.50	3716.84	3723.64	3727.92	3723.94	3727.24	3748.54	3707.42	

*******************************************2025/03/29;10:22:03
Probe number 52
Concentration entered by User 2.43% (Compensated: 2.77% at temperature 25.0)
1268.62	1266.98	1293.62	1306.50	1319.66	1334.94	1353.20	1368.80	1388.56	1405.98	1427.64	1455.42	1475.32	1501.44	1528.62	1562.58	
1592.16	1623.40	1655.50	1692.14	1728.52	1768.52	1807.56	1852.14	1903.08	1952.58	2008.74	2082.28	2161.24	2272.54	2417.66	2604.30	
2913.58	3218.02	3458.10	3604.80	3624.02	3649.42	3652.48	3661.08	3667.44	3664.86	3656.70	3662.80	3671.68	3673.64	3680.72	3686.66	
3686.16	3683.04	3684.12	3698.88	3691.32	3698.44	3700.76	3701.12	3710.06	3719.02	3723.62	3724.80	3724.50	3726.04	3726.38	3724.00	
3729.26	3729.58	3727.14	3723.46	3726.22	3724.20	3727.74	3732.22	3731.02	3735.64	3737.44	3734.84	3737.66	3737.94	3745.90	3741.50	
3743.64	3747.92	3744.04	3737.70	3740.68	3738.92	3737.82	3731.54	3736.66	3738.50	3727.40	3740.42	3741.06	3742.70	3740.70	3742.22	
3733.70	3719.36	3718.58	3717.96	3717.48	3718.64	3733.60	3749.14	3739.68	3736.74	3729.90	3712.80	3732.98	3746.38	3732.98	3732.34	
3735.20	3730.24	3729.26	3734.74	3725.46	3721.28	3718.96	3715.60	3715.06	3718.76	3725.00	3729.36	3725.64	3728.88	3749.98	3709.50	

*******************************************2025/03/29;10:42:03
Probe number 53
Concentration entered by User 2.40% (Compensated: 2.75% at temperature 25.0)
1268.60	1267.14	1294.12	1306.72	1320.08	1335.80	1354.40	1369.62	1389.40	1407.00	1428.96	1456.70	1476.98	1502.86	1530.92	1563.44	
1591.18	1625.36	1657.98	1692.72	1728.30	1771.64	1813.00	1852.08	1905.76	1961.02	2015.80	2086.04	2158.02	2271.04	2412.02	2622.50	
2931.70	3219.40	3461.98	3611.82	3629.64	3655.10	3657.08	3665.86	3671.72	3669.78	3661.18	3667.32	3677.10	3678.82	3685.76	3691.04	
3690.70	3687.84	3688.54	3703.18	3695.58	3702.62	3705.16	3705.14	3713.94	3723.04	3727.12	3728.60	3728.38	3729.58	3730.44	3727.92	
3732.72	3733.52	3730.64	3727.16	3729.32	3728.02	3731.18	3735.86	3734.20	3739.06	3740.58	3738.56	3741.20	3740.94	3749.22	3744.66	
3747.20	3751.04	3747.28	3741.04	3743.80	3742.02	3741.36	3735.14	3740.02	3742.10	3731.00	3743.62	3744.50	3746.30	3744.10	3745.54	
3736.62	3723.68	3723.00	3722.08	3721.26	3722.34	3736.82	3752.18	3743.10	3740.20	3733.36	3716.42	3736.68	3749.74	3737.08	3736.00	
3738.40	3733.58	3732.96	3738.58	3729.32	3724.88	3722.92	3719.04	3719.14	3722.80	3729.00	3733.12	3729.28	3732.70	3753.30	3713.26	

*******************************************2025/03/29;11:02:03
Probe number 54
Concentration entered by User 2.43% (Compensated: 2.79% at temperature 25.2)
1266.94	1265.56	1291.58	1305.64	1318.70	1333.34	1352.34	1367.52	1388.36	1405.42	1426.98	1454.44	1474.38	1501.02	1527.52	1560.26	
1588.78	1623.28	1655.00	1689.64	1724.56	1765.04	1802.82	1850.30	1899.86	1945.08	2008.44	2076.96	2155.32	2272.84	2417.74	2614.66	
2921.24	3212.90	3455.30	3608.48	3615.32	3639.64	3641.28	3650.80	3657.06	3654.58	3646.02	3653.08	3663.54	3665.34	3672.72	3678.38	
3677.98	3674.54	3676.06	3691.12	3682.90	3690.74	3692.90	3693.12	3702.58	3711.64	3716.60	3717.78	3717.58	3719.08	3719.58	3717.10	
3722.16	3722.72	3719.96	3716.32	3719.08	3717.28	3720.42	3725.62	3724.16	3728.90	3730.72	3728.40	3731.38	3731.20	3739.56	3734.92	
3737.36	3741.28	3737.68	3731.32	3734.12	3732.14	3731.70	3724.58	3730.08	3732.38	3720.52	3734.08	3734.82	3736.58	3734.68	3735.98	
3726.90	3712.66	3712.28	3711.56	3710.20	3711.94	3727.10	3743.38	3733.42	3730.26	3723.32	3706.06	3726.88	3740.88	3727.32	3725.78	
3728.70	3723.90	3723.08	3728.50	3718.96	3714.28	3711.82	3708.52	3708.38	3711.88	3718.82	3723.32	3719.18	3722.28	3744.26	3702.42	

*******************************************2025/03/29;11:22:03
Probe number 55
Concentration entered by User 2.41% (Compensated: 2.79% at temperature 25.4)
1268.06	1266.94	1293.36	1306.82	1319.48	1334.60	1354.28	1369.74	1389.58	1406.90	1428.34	1455.54	1475.32	1501.14	1528.94	1562.18	
1588.58	1623.14	1656.80	1691.28	1725.10	1769.38	1805.92	1851.88	1903.88	1957.36	2011.76	2079.80	2157.26	2264.14	2419.64	2622.82	
2921.56	3227.14	3455.96	3606.20	3615.44	3640.54	3641.82	3651.70	3659.52	3656.90	3647.78	3655.16	3665.78	3667.90	3675.40	3680.90	
3680.78	3677.22	3678.46	3693.66	3686.00	3693.40	3695.72	3695.86	3705.42	3714.80	3719.48	3720.38	3720.26	3721.78	3722.52	3719.98	
3725.32	3725.42	3722.88	3719.30	3722.08	3719.98	3724.08	3728.26	3726.86	3731.88	3733.36	3731.12	3734.00	3733.94	3742.48	3737.90	
3739.86	3743.76	3740.22	3733.74	3736.24	3734.66	3734.04	3726.98	3732.84	3734.82	3723.20	3736.66	3737.62	3739.52	3737.30	3738.80	
3730.02	3715.50	3715.56	3714.34	3713.78	3714.90	3730.08	3746.30	3736.28	3733.60	3726.60	3708.86	3729.86	3743.28	3730.54	3729.02	
3731.72	3726.62	3726.46	3731.82	3722.02	3717.74	3715.20	3711.68	3711.78	3715.38	3721.74	3726.06	3722.68	3725.54	3747.40	3706.24	

*******************************************2025/03/29;11:42:03
Probe number 56
Concentration entered by User 2.41% (Compensated: 2.80% at temperature 25.5)
1268.16	1266.72	1293.78	1306.12	1319.34	1334.94	1353.48	1368.74	1389.28	1406.94	1428.50	1456.26	1475.68	1501.14	1527.58	1562.06	
1590.48	1623.54	1654.92	1691.60	1726.32	1767.22	1806.18	1851.26	1902.24	1951.34	2014.78	2077.94	2155.78	2277.40	2416.42	2628.84	
2915.82	3220.74	3470.42	3596.70	3610.84	3636.26	3637.70	3648.62	3655.94	3653.88	3644.00	3651.80	3662.16	3664.28	3672.22	3677.88	
3678.14	3674.24	3676.02	3691.22	3682.74	3690.60	3692.66	3692.58	3702.48	3711.82	3716.76	3717.78	3718.08	3719.30	3720.24	3717.50	
3722.66	3723.14	3720.54	3716.88	3719.54	3717.38	3721.36	3726.02	3724.80	3729.50	3731.18	3729.02	3731.74	3731.90	3740.58	3735.68	
3737.68	3741.66	3738.54	3731.54	3734.04	3732.52	3731.92	3724.78	3730.50	3732.64	3721.00	3734.52	3735.84	3737.50	3735.60	3737.16	
3727.62	3713.38	3713.30	3712.08	3711.78	3712.82	3728.28	3744.58	3733.90	3731.34	3724.70	3706.84	3727.68	3741.44	3728.32	3727.00	
3729.60	3724.82	3724.30	3729.80	3720.22	3715.76	3712.94	3709.40	3709.70	3712.74	3719.70	3724.10	3720.48	3723.64	3745.14	3703.94	

*******************************************2025/03/29;12:02:03
Probe number 57
Concentration entered by User 2.39% (Compensated: 2.79% at temperature 25.7)
1268.84	1267.76	1294.68	1307.64	1321.06	1336.26	1355.24	1370.44	1390.76	1407.60	1429.00	1457.38	1476.74	1503.40	1531.10	1564.10	
1590.42	1624.48	1656.08	1691.66	1729.92	1768.28	1809.24	1854.50	1904.02	1953.34	2010.60	2080.24	2161.46	2269.74	2421.50	2625.44	
2939.42	3230.78	3462.56	3602.86	3614.50	3638.68	3640.64	3651.38	3658.74	3655.88	3647.40	3654.12	3664.82	3666.90	3674.66	3680.20	
3680.72	3676.70	3677.76	3693.46	3685.48	3692.64	3694.88	3695.26	3704.80	3714.30	3719.00	3719.76	3719.80	3721.48	3722.60	3719.42	
3724.90	3725.26	3723.12	3719.28	3722.16	3720.04	3723.70	3728.38	3727.10	3731.72	3733.12	3730.90	3733.66	3733.70	3742.76	3738.04	
3739.82	3743.68	3740.42	3733.32	3735.92	3734.40	3734.06	3727.08	3732.62	3734.48	3723.74	3736.94	3737.70	3739.92	3737.40	3739.50	
3729.90	3715.48	3715.62	3714.26	3714.30	3715.22	3730.66	3746.58	3736.20	3733.74	3726.78	3709.36	3730.22	3743.72	3730.96	3729.62	
3731.82	3727.16	3726.76	3732.06	3722.52	3717.98	3715.62	3712.10	3711.88	3715.54	3722.46	3726.76	3722.60	3725.96	3747.62	3706.30	

*******************************************2025/03/29;12:22:03
Probe number 58
Concentration entered by User 2.38% (Compensated: 2.79% at temperature 25.7)
1269.70	1268.20	1294.98	1308.34	1321.58	1336.64	1356.02	1371.18	1391.74	1409.14	1430.58	1457.70	1478.02	1503.70	1531.12	1564.74	
1593.02	1626.02	1657.70	1692.38	1727.54	1769.50	1812.46	1852.68	1905.06	1957.26	2013.30	2077.22	2161.04	2268.70	2431.86	2638.66	
2916.12	3235.56	3468.04	3607.78	3613.68	3640.56	3641.76	3652.84	3660.04	3658.00	3648.64	3655.84	3666.48	3668.40	3675.82	3682.40	
3683.02	3678.68	3679.40	3695.36	3687.02	3694.48	3696.26	3696.52	3706.26	3716.02	3720.42	3721.08	3721.24	3722.86	3724.00	3721.22	
3726.22	3726.34	3724.02	3721.00	3723.60	3721.66	3725.38	3729.72	3728.32	3733.32	3734.42	3732.18	3735.16	3735.00	3743.94	3739.48	
3740.94	3744.92	3741.64	3734.94	3737.56	3735.68	3734.76	3728.12	3733.72	3735.76	3724.94	3738.04	3739.32	3740.78	3738.84	3740.66	
3731.08	3717.04	3717.50	3716.22	3715.80	3716.88	3731.92	3747.76	3737.88	3734.88	3728.34	3711.30	3731.62	3745.04	3732.34	3731.04	
3733.16	3728.54	3728.32	3733.48	3724.28	3719.52	3717.16	3713.44	3713.70	3717.26	3723.72	3728.30	3724.10	3727.40	3748.98	3707.92	

*******************************************2025/03/29;12:42:03
Probe number 59
Concentration entered by User 2.39% (Compensated: 2.80% at temperature 25.7)
1269.10	1267.74	1294.12	1307.64	1320.96	1336.20	1355.36	1370.92	1390.58	1408.12	1430.00	1457.68	1478.32	1504.10	1530.86	1564.44	
1591.80	1625.54	1657.50	1692.32	1727.84	1770.66	1809.02	1854.90	1904.16	1958.80	2013.24	2080.92	2155.12	2280.52	2428.74	2617.10	
2932.30	3226.76	3470.02	3600.14	3613.16	3639.60	3641.00	3651.40	3659.10	3656.64	3647.48	3654.66	3665.06	3667.30	3674.98	3681.44	
3681.34	3677.02	3678.66	3693.82	3685.90	3693.24	3695.40	3695.74	3705.12	3714.96	3719.24	3720.50	3720.16	3721.94	3722.92	3719.82	
3725.64	3725.70	3722.82	3719.52	3722.68	3720.36	3724.42	3728.60	3727.28	3731.80	3733.34	3731.02	3733.88	3734.04	3742.94	3738.34	
3740.00	3743.90	3740.74	3733.70	3736.16	3734.86	3734.02	3727.02	3733.04	3734.68	3723.94	3737.24	3738.10	3740.00	3738.06	3739.72	
3730.12	3716.28	3716.68	3715.32	3715.18	3715.68	3731.04	3747.24	3737.08	3734.06	3726.80	3710.16	3730.56	3744.42	3731.34	3730.02	
3732.62	3727.50	3727.36	3732.50	3723.14	3718.36	3715.86	3712.70	3712.50	3716.02	3723.00	3727.46	3723.06	3726.08	3748.00	3707.22	

*******************************************2025/03/29;13:02:03
Probe number 60
Concentration entered by User 2.40% (Compensated: 2.81% at temperature 25.9)
1268.68	1267.12	1293.62	1307.30	1320.28	1335.80	1354.22	1370.06	1389.52	1408.28	1429.38	1456.86	1476.76	1502.74	1529.62	1562.94	
1591.62	1625.04	1656.98	1691.48	1725.78	1769.46	1810.02	1852.06	1906.56	1953.72	2009.74	2076.16	2152.74	2271.38	2418.54	2617.90	
2930.68	3236.06	3457.66	3602.06	3610.18	3637.14	3638.14	3649.08	3657.06	3653.96	3644.22	3651.46	3662.42	3664.62	3672.88	3679.02	
3678.78	3674.30	3675.78	3691.44	3683.40	3690.72	3692.60	3692.66	3702.50	3712.68	3717.20	3718.08	3717.90	3719.80	3720.78	3717.36	
3723.36	3723.60	3720.74	3717.62	3720.46	3718.46	3722.20	3726.70	3725.46	3729.90	3731.08	3729.10	3731.86	3732.20	3741.24	3736.34	
3737.86	3742.32	3738.62	3731.60	3734.48	3732.80	3731.92	3725.00	3730.84	3732.64	3721.86	3735.16	3736.30	3738.18	3735.98	3738.02	
3728.12	3714.12	3714.26	3712.96	3713.00	3713.94	3729.40	3745.48	3735.00	3732.32	3725.30	3707.82	3728.58	3742.42	3729.50	3728.24	
3730.34	3725.74	3725.52	3730.66	3721.10	3716.68	3714.04	3710.68	3710.86	3714.14	3720.86	3725.36	3721.34	3724.36	3746.20	3704.84	

*******************************************2025/03/29;13:22:03
Probe number 61
Concentration entered by User 2.41% (Compensated: 2.82% at temperature 25.8)
1268.88	1267.26	1294.14	1307.66	1321.28	1336.34	1355.18	1370.54	1390.56	1408.54	1430.30	1457.04	1477.88	1504.24	1531.40	1563.14	
1591.14	1625.44	1657.76	1692.88	1730.04	1770.06	1808.92	1855.54	1904.46	1959.86	2013.80	2078.70	2156.08	2273.18	2406.96	2634.04	
2922.64	3225.20	3459.54	3603.12	3616.18	3641.20	3643.22	3653.84	3661.14	3658.18	3648.78	3656.26	3666.70	3668.78	3676.68	3683.04	
3682.72	3678.92	3679.62	3695.34	3687.44	3694.68	3696.38	3696.48	3706.08	3716.06	3720.52	3721.38	3721.30	3723.14	3723.68	3720.72	
3726.22	3726.88	3724.36	3720.96	3724.02	3721.74	3725.72	3729.82	3728.28	3733.10	3734.14	3732.18	3734.86	3735.16	3744.12	3739.06	
3740.70	3745.04	3741.42	3734.64	3737.20	3735.76	3734.74	3728.34	3733.96	3735.80	3724.84	3737.86	3739.24	3740.72	3739.38	3741.04	
3731.50	3717.36	3717.70	3716.26	3716.26	3717.06	3732.34	3748.00	3738.10	3735.38	3728.46	3711.62	3731.92	3745.42	3732.18	3731.32	
3733.30	3728.94	3728.46	3733.58	3724.50	3719.94	3717.40	3714.10	3714.06	3717.82	3724.10	3728.50	3724.70	3727.34	3749.24	3708.24	

*******************************************2025/03/29;13:42:03
Probe number 62
Concentration entered by User 2.41% (Compensated: 2.82% at temperature 25.8)
1268.46	1267.06	1293.60	1307.24	1320.34	1336.24	1354.90	1370.78	1390.28	1408.50	1429.22	1456.68	1477.10	1503.08	1530.24	1564.24	
1592.02	1624.96	1656.88	1692.22	1726.58	1770.22	1807.94	1856.26	1905.20	1952.76	2008.42	2076.40	2153.18	2264.22	2422.20	2621.80	
2919.56	3221.90	3467.04	3599.10	3610.86	3637.10	3638.40	3649.12	3656.96	3653.78	3644.98	3652.64	3662.92	3664.56	3672.80	3679.40	
3679.52	3675.04	3676.12	3691.40	3683.42	3690.66	3692.64	3693.00	3702.68	3712.98	3717.44	3718.34	3718.12	3720.04	3721.12	3717.80	
3723.30	3723.28	3721.44	3718.06	3721.10	3718.36	3722.76	3726.60	3725.08	3730.14	3731.50	3729.26	3731.92	3732.46	3741.22	3736.26	
3738.12	3742.12	3738.88	3731.66	3734.14	3732.84	3732.14	3725.66	3730.98	3732.68	3722.18	3735.04	3736.42	3737.94	3736.48	3738.28	
3728.44	3713.88	3714.58	3713.22	3713.18	3713.74	3729.40	3745.40	3735.36	3732.32	3725.76	3707.94	3728.70	3742.34	3729.40	3728.30	
3730.56	3725.80	3725.52	3730.84	3721.26	3716.62	3713.98	3711.20	3710.88	3714.26	3721.10	3725.62	3721.68	3724.34	3746.38	3705.20	

*******************************************2025/03/29;14:02:03
Probe number 63
Concentration entered by User 2.40% (Compensated: 2.81% at temperature 25.9)
1270.30	1268.72	1295.50	1308.96	1322.06	1337.44	1356.44	1371.98	1392.58	1409.48	1431.64	1459.24	1478.74	1505.28	1533.06	1566.80	
1594.10	1628.36	1660.64	1696.64	1732.18	1772.18	1812.70	1858.62	1904.80	1954.80	2015.06	2084.12	2160.34	2273.24	2415.42	2630.16	
2918.96	3219.34	3473.16	3608.62	3617.28	3643.26	3644.40	3654.32	3661.82	3659.58	3650.14	3657.76	3667.58	3669.44	3677.44	3684.18	
3684.32	3679.68	3680.42	3695.70	3687.64	3694.92	3696.70	3697.12	3706.86	3717.36	3721.64	3721.88	3721.88	3723.68	3724.32	3721.46	
3726.82	3727.34	3724.82	3721.60	3724.44	3722.12	3726.38	3730.42	3728.82	3733.50	3734.68	3732.92	3735.22	3736.12	3744.28	3739.52	
3741.24	3745.80	3742.10	3735.06	3737.42	3736.18	3735.70	3729.12	3734.68	3736.36	3725.64	3738.82	3739.94	3741.52	3739.90	3741.86	
3732.04	3718.06	3718.30	3716.78	3717.30	3717.56	3733.26	3748.74	3738.74	3735.80	3729.34	3712.44	3732.42	3745.98	3732.78	3731.78	
3733.82	3729.36	3729.38	3734.44	3724.74	3720.44	3717.98	3714.94	3714.44	3718.60	3724.70	3729.20	3725.14	3728.06	3749.66	3709.38	

*******************************************2025/03/29;14:22:03
Probe number 64
Concentration entered by User 2.45% (Compensated: 2.86% at temperature 25.8)
1269.02	1267.72	1294.74	1307.96	1320.94	1336.46	1356.14	1370.62	1391.20	1408.52	1430.52	1458.36	1478.30	1503.88	1530.98	1564.78	
1591.88	1627.22	1658.20	1693.72	1729.18	1770.46	1809.48	1853.90	1906.02	1954.76	2015.44	2081.48	2151.46	2257.38	2409.50	2622.98	
2918.54	3215.88	3441.70	3597.72	3610.20	3637.44	3639.28	3649.36	3657.42	3654.94	3645.20	3652.46	3663.46	3665.36	3673.34	3679.78	
3680.32	3675.62	3676.18	3691.70	3683.64	3691.02	3692.94	3693.00	3702.72	3713.30	3718.28	3718.74	3718.08	3720.06	3721.08	3718.00	
3723.28	3723.86	3721.42	3718.10	3721.42	3719.04	3722.58	3727.20	3725.70	3730.50	3731.84	3729.76	3732.00	3732.60	3741.38	3736.74	
3738.20	3742.74	3739.30	3731.66	3734.18	3733.36	3732.26	3725.76	3731.54	3733.24	3722.38	3735.82	3736.82	3738.34	3736.86	3738.62	
3728.82	3714.78	3714.98	3713.44	3713.54	3714.42	3730.02	3745.68	3735.46	3732.48	3725.82	3708.58	3729.46	3742.76	3729.56	3728.94	
3730.54	3725.96	3725.82	3731.00	3721.58	3717.32	3714.50	3711.28	3711.42	3714.46	3721.66	3725.68	3721.48	3724.82	3746.88	3705.64	

*******************************************2025/03/29;14:42:03
Probe number 65
Concentration entered by User 2.39% (Compensated: 2.81% at temperature 25.9)
1269.72	1268.38	1295.42	1308.50	1322.24	1337.30	1356.44	1371.78	1391.96	1409.56	1431.64	1458.90	1478.66	1504.94	1532.20	1565.98	
1594.02	1629.14	1660.46	1695.34	1731.72	1772.64	1813.80	1857.32	1906.92	1955.70	2014.88	2079.04	2156.72	2268.04	2415.74	2618.58	
2922.18	3225.84	3470.70	3607.90	3614.82	3641.42	3643.52	3653.60	3661.88	3659.34	3649.64	3656.48	3667.48	3669.36	3676.98	3683.84	
3683.90	3679.12	3680.60	3695.60	3687.74	3694.72	3696.64	3697.10	3706.66	3717.14	3721.58	3721.76	3721.74	3723.62	3724.50	3721.52	
3727.20	3727.26	3724.60	3721.32	3724.80	3722.20	3726.20	3730.18	3728.94	3733.50	3734.78	3732.72	3735.26	3735.58	3744.34	3739.52	
3741.10	3745.36	3742.28	3734.56	3737.38	3736.28	3735.52	3728.90	3734.36	3735.94	3725.64	3739.00	3739.80	3741.32	3739.80	3741.74	
3732.00	3718.06	3718.36	3716.80	3717.06	3717.36	3733.22	3748.40	3738.64	3735.92	3729.30	3712.10	3732.10	3745.92	3732.70	3732.02	
3733.78	3729.32	3729.18	3734.24	3724.96	3720.32	3717.72	3714.82	3714.98	3718.18	3724.76	3728.76	3725.30	3728.24	3749.64	3709.22	

*******************************************2025/03/29;15:02:03
Probe number 66
Concentration entered by User 2.41% (Compensated: 2.84% at temperature 26.1)
1270.70	1269.44	1295.94	1309.16	1322.14	1338.34	1357.58	1372.72	1393.60	1410.34	1432.22	1459.88	1480.00	1507.38	1532.34	1565.72	
1594.86	1628.68	1662.28	1694.74	1731.90	1772.78	1813.62	1858.24	1907.48	1957.98	2016.98	2086.90	2162.76	2274.66	2413.08	2611.44	
2927.44	3227.82	3457.72	3598.80	3613.06	3640.70	3642.28	3652.02	3659.88	3658.14	3648.10	3655.72	3666.52	3668.36	3676.54	3682.88	
3683.28	3678.30	3679.40	3694.90	3686.84	3693.68	3695.48	3696.38	3705.54	3716.18	3720.50	3721.12	3720.68	3722.44	3723.50	3720.72	
3726.08	3726.54	3724.06	3721.30	3724.18	3721.68	3725.90	3729.96	3728.38	3733.12	3734.26	3732.36	3734.62	3735.30	3743.96	3739.10	
3740.82	3745.06	3741.80	3734.32	3736.50	3735.54	3734.66	3728.60	3733.76	3735.76	3725.12	3738.54	3739.24	3741.12	3739.54	3741.38	
3731.68	3717.50	3717.92	3716.42	3716.46	3717.16	3732.82	3748.26	3738.10	3735.42	3728.72	3711.66	3732.16	3745.32	3732.12	3731.80	
3733.46	3728.94	3728.64	3734.00	3724.14	3720.18	3717.46	3714.38	3714.54	3717.66	3724.68	3728.88	3724.84	3727.68	3749.66	3709.06	

*******************************************2025/03/29;15:22:03
Probe number 67
Concentration entered by User 2.38% (Compensated: 2.81% at temperature 26.0)
1270.62	1269.14	1296.38	1309.56	1323.08	1338.56	1358.22	1372.98	1393.50	1411.54	1433.02	1460.30	1481.28	1506.86	1534.12	1566.88	
1594.10	1630.26	1661.62	1698.28	1733.08	1773.80	1813.28	1860.04	1912.80	1960.58	2013.72	2084.18	2160.40	2268.12	2421.68	2623.60	
2921.16	3236.94	3470.78	3607.24	3616.94	3643.84	3645.50	3655.88	3663.74	3661.58	3652.28	3658.92	3669.76	3671.34	3679.04	3685.94	
3685.88	3681.08	3681.88	3697.56	3689.64	3697.02	3698.46	3698.70	3708.60	3718.42	3723.22	3723.50	3723.02	3724.86	3726.12	3723.08	
3728.88	3728.82	3726.24	3723.68	3726.24	3724.18	3727.76	3731.82	3730.24	3734.82	3736.30	3734.62	3736.90	3737.48	3745.94	3741.26	
3742.70	3747.34	3744.06	3736.32	3738.56	3738.46	3736.92	3730.54	3735.80	3737.54	3727.30	3740.54	3741.58	3742.96	3741.64	3743.44	
3733.58	3719.94	3720.08	3718.80	3719.16	3719.44	3734.86	3749.96	3740.26	3737.00	3730.86	3714.02	3734.20	3747.42	3734.32	3733.82	
3735.40	3730.98	3731.04	3735.80	3726.40	3722.28	3719.36	3716.76	3716.64	3720.22	3726.48	3730.80	3727.28	3729.78	3751.20	3711.20	

*******************************************2025/03/29;15:42:03
Probe number 68
Concentration entered by User 2.40% (Compensated: 2.84% at temperature 26.2)
1271.06	1269.02	1296.50	1309.56	1323.06	1338.74	1358.20	1373.94	1393.72	1412.22	1433.38	1461.38	1481.30	1506.78	1535.30	1568.04	
1595.36	1628.90	1661.48	1696.98	1733.44	1773.00	1813.24	1856.56	1910.78	1959.18	2013.28	2085.98	2156.50	2272.46	2428.26	2630.70	
2920.40	3219.90	3470.02	3605.12	3614.88	3642.50	3644.48	3654.88	3662.68	3660.16	3651.76	3658.26	3669.28	3670.94	3678.72	3685.64	
3685.96	3680.64	3681.62	3697.04	3688.98	3696.78	3698.12	3698.14	3708.02	3718.74	3722.78	3722.88	3722.78	3724.48	3725.72	3722.56	
3728.08	3728.36	3726.12	3723.10	3725.92	3723.58	3727.42	3731.56	3729.58	3734.78	3735.92	3734.16	3736.38	3737.20	3745.58	3740.82	
3742.78	3746.76	3743.40	3735.72	3738.32	3737.54	3736.30	3730.22	3735.26	3737.28	3726.98	3740.12	3741.02	3742.70	3741.20	3743.20	
3733.54	3720.08	3720.04	3718.22	3718.48	3719.16	3734.36	3749.80	3740.10	3737.06	3730.54	3713.68	3733.80	3747.20	3733.98	3733.64	
3735.10	3730.78	3730.50	3735.56	3726.40	3721.82	3719.36	3716.80	3716.60	3720.12	3726.50	3730.28	3726.72	3729.42	3750.78	3710.86	

*******************************************2025/03/29;16:02:03
Probe number 69
Concentration entered by User 2.39% (Compensated: 2.84% at temperature 26.3)
1270.98	1269.70	1296.60	1309.96	1323.52	1339.04	1357.60	1373.38	1394.22	1411.86	1433.08	1461.58	1482.36	1507.64	1534.58	1568.78	
1595.70	1629.70	1659.52	1697.60	1733.68	1774.94	1815.24	1857.88	1904.34	1954.96	2022.96	2085.28	2162.20	2270.84	2416.10	2645.58	
2921.12	3225.78	3468.54	3603.92	3614.14	3642.62	3644.34	3655.34	3663.04	3660.88	3651.44	3658.82	3669.50	3671.00	3678.74	3685.74	
3685.86	3681.02	3681.10	3696.90	3689.10	3696.34	3697.52	3698.06	3707.68	3718.46	3722.50	3723.04	3722.60	3724.54	3725.76	3722.76	
3728.46	3728.50	3726.34	3723.32	3726.06	3723.72	3727.58	3731.60	3730.14	3734.68	3736.18	3734.22	3736.48	3737.58	3745.70	3740.80	
3742.64	3746.82	3743.62	3735.62	3738.36	3737.40	3736.44	3730.14	3735.40	3737.30	3727.28	3740.64	3741.04	3742.84	3741.62	3743.20	
3733.86	3720.22	3720.06	3718.72	3718.84	3719.46	3735.24	3749.86	3740.36	3737.28	3730.78	3713.92	3734.18	3747.54	3734.58	3734.08	
3735.44	3730.76	3730.80	3735.72	3726.44	3722.34	3719.56	3717.00	3717.26	3719.90	3726.82	3730.48	3726.68	3729.58	3751.20	3711.48	

*******************************************2025/03/29;16:22:03
Probe number 70
Concentration entered by User 2.41% (Compensated: 2.85% at temperature 26.3)
1271.50	1269.38	1296.74	1310.28	1323.56	1338.92	1357.66	1373.38	1393.96	1411.80	1434.22	1460.78	1480.64	1507.64	1535.00	1566.84	
1594.48	1629.94	1662.80	1699.00	1733.14	1774.16	1811.98	1857.70	1911.16	1957.86	2013.02	2083.26	2154.64	2277.06	2421.88	2627.28	
2907.62	3222.06	3471.08	3602.16	3610.54	3639.28	3641.46	3652.72	3660.44	3658.40	3648.44	3655.56	3666.38	3667.94	3676.16	3683.42	
3683.96	3678.60	3678.96	3694.90	3686.76	3694.02	3696.02	3696.04	3705.98	3716.62	3721.00	3721.16	3720.44	3722.64	3723.56	3720.92	
3726.26	3726.62	3724.50	3721.26	3724.18	3721.80	3725.48	3729.56	3728.12	3732.80	3734.52	3732.60	3734.44	3735.76	3744.30	3739.32	
3740.86	3745.30	3741.94	3733.76	3736.60	3735.62	3734.60	3728.14	3733.88	3735.74	3725.08	3738.70	3739.64	3741.20	3740.06	3741.48	
3731.76	3718.02	3717.98	3716.96	3717.12	3717.24	3733.48	3748.16	3738.60	3735.56	3729.24	3711.98	3732.18	3745.86	3732.14	3732.42	
3733.76	3728.94	3728.84	3733.90	3724.60	3720.24	3717.58	3714.80	3714.84	3718.34	3724.80	3728.80	3724.56	3728.10	3749.38	3709.52	

*******************************************2025/03/29;16:42:03
Probe number 71
Concentration entered by User 2.37% (Compensated: 2.83% at temperature 26.4)
1271.88	1270.26	1297.86	1310.52	1324.58	1339.70	1358.70	1374.78	1395.00	1412.30	1433.76	1462.30	1481.86	1508.08	1536.42	1568.66	
1596.54	1630.74	1662.72	1699.58	1733.78	1775.54	1815.42	1856.58	1906.10	1956.16	2016.00	2085.60	2169.28	2278.90	2406.02	2627.92	
2928.54	3228.88	3476.48	3608.36	3614.06	3641.58	3644.10	3654.92	3662.38	3660.46	3651.12	3658.58	3668.72	3670.92	3678.98	3686.00	
3686.40	3681.42	3681.84	3697.14	3688.94	3696.40	3698.20	3698.20	3708.26	3718.56	3723.32	3723.22	3723.02	3724.58	3725.94	3723.26	
3728.60	3729.20	3726.46	3723.94	3726.46	3724.14	3727.82	3731.74	3729.92	3735.02	3736.20	3734.66	3736.60	3737.70	3745.84	3741.10	
3742.46	3747.12	3743.88	3735.96	3738.50	3737.64	3736.68	3730.48	3735.88	3737.82	3727.48	3741.00	3741.40	3743.32	3742.24	3743.46	
3733.84	3720.54	3720.64	3719.08	3719.52	3719.66	3735.62	3750.38	3740.60	3737.74	3731.30	3714.44	3734.62	3748.18	3734.16	3734.66	
3735.86	3731.40	3730.86	3736.02	3726.88	3722.36	3720.02	3716.98	3717.44	3720.62	3727.16	3730.74	3727.20	3730.00	3751.34	3711.82	

*******************************************2025/03/29;17:02:03
Probe number 72
Concentration entered by User 2.40% (Compensated: 2.85% at temperature 26.4)
1272.08	1270.48	1297.78	1310.50	1324.34	1340.02	1359.32	1374.96	1395.30	1413.42	1434.44	1462.56	1483.02	1508.52	1534.86	1567.72	
1597.10	1631.64	1664.18	1700.04	1734.20	1778.02	1817.26	1859.86	1909.78	1961.62	2020.46	2083.18	2158.08	2266.70	2432.54	2625.94	
2918.12	3221.62	3475.16	3602.02	3613.76	3642.18	3645.16	3655.64	3663.80	3661.62	3652.04	3659.14	3669.98	3671.18	3680.02	3686.76	
3687.26	3682.24	3682.60	3697.74	3689.84	3697.46	3698.34	3698.88	3708.50	3719.16	3723.64	3723.36	3723.26	3724.96	3726.44	3723.64	
3729.08	3729.24	3726.76	3723.84	3726.88	3724.20	3728.00	3731.94	3730.82	3735.48	3736.70	3734.56	3736.86	3738.16	3746.40	3741.34	
3743.02	3747.44	3744.00	3736.26	3738.84	3738.16	3736.64	3731.00	3736.00	3738.18	3727.70	3741.32	3741.88	3743.76	3742.50	3743.74	
3734.18	3721.02	3720.80	3719.66	3719.70	3720.14	3735.96	3750.38	3741.28	3737.98	3731.60	3714.72	3734.76	3748.54	3734.58	3734.64	
3736.04	3731.66	3731.46	3736.24	3727.36	3722.76	3720.54	3717.22	3717.86	3721.18	3727.38	3731.32	3727.74	3730.50	3751.64	3712.34	

*******************************************2025/03/29;17:22:03
Probe number 73
Concentration entered by User 2.39% (Compensated: 2.84% at temperature 26.4)
1271.90	1270.58	1297.84	1310.86	1325.00	1339.86	1359.20	1374.82	1395.44	1413.50	1434.54	1462.58	1482.00	1508.94	1535.20	1569.12	
1596.76	1631.02	1662.32	1699.68	1733.48	1775.94	1815.00	1857.76	1910.68	1961.10	2017.24	2081.02	2170.48	2271.64	2411.80	2618.18	
2930.10	3223.78	3468.32	3608.86	3616.64	3643.32	3646.48	3656.22	3664.64	3662.64	3652.80	3660.04	3670.68	3672.46	3680.50	3687.28	
3687.62	3682.32	3683.06	3698.22	3690.30	3697.92	3699.34	3699.22	3708.94	3719.50	3723.98	3723.96	3723.62	3725.92	3726.98	3724.06	
3729.84	3729.54	3727.52	3724.28	3727.30	3724.48	3728.28	3732.24	3731.12	3735.98	3737.00	3735.28	3737.60	3738.64	3746.62	3742.14	
3743.00	3747.96	3744.48	3736.60	3739.58	3738.46	3737.36	3731.38	3736.20	3738.30	3728.34	3741.54	3742.20	3743.94	3742.80	3744.30	
3734.60	3721.46	3721.08	3720.16	3720.54	3720.58	3736.46	3750.78	3741.32	3738.40	3732.06	3715.40	3735.10	3748.62	3735.14	3735.18	
3736.66	3732.30	3731.62	3736.72	3727.50	3723.52	3720.90	3718.24	3718.10	3721.54	3727.62	3731.50	3727.96	3730.50	3752.16	3712.84	

*******************************************2025/03/29;17:42:03
Probe number 74
Concentration entered by User 2.43% (Compensated: 2.89% at temperature 26.5)
1271.08	1269.80	1296.56	1309.78	1323.36	1338.36	1357.78	1372.94	1393.12	1411.58	1432.92	1460.26	1480.48	1506.18	1533.72	1567.02	
1592.90	1629.06	1661.10	1694.68	1730.72	1772.88	1808.60	1852.08	1903.14	1956.32	2014.92	2082.32	2162.20	2271.36	2415.50	2609.16	
2933.40	3207.18	3466.92	3593.38	3602.90	3631.82	3634.22	3645.48	3653.84	3651.08	3641.74	3648.74	3659.54	3661.66	3670.24	3677.76	
3678.18	3672.72	3673.56	3689.14	3680.76	3688.60	3689.66	3689.74	3700.22	3710.90	3716.06	3715.66	3715.56	3717.34	3718.64	3715.68	
3721.16	3721.66	3719.18	3716.14	3719.20	3716.40	3720.16	3724.44	3723.18	3728.02	3729.32	3728.02	3729.82	3731.08	3739.36	3734.48	
3735.82	3740.72	3737.08	3728.94	3731.76	3730.44	3729.54	3723.02	3728.64	3730.62	3720.06	3733.98	3734.68	3736.70	3735.46	3737.16	
3726.88	3713.24	3712.96	3711.78	3711.78	3712.26	3728.74	3743.72	3733.82	3731.28	3723.88	3706.74	3727.20	3741.58	3727.46	3727.70	
3729.08	3724.10	3723.92	3729.00	3719.72	3715.42	3712.74	3709.64	3709.78	3713.42	3719.66	3724.06	3719.98	3723.06	3744.90	3704.44	

*******************************************2025/03/29;18:02:04
Probe number 75
Concentration entered by User 2.40% (Compensated: 2.87% at temperature 26.5)
1270.60	1268.86	1296.42	1309.92	1323.74	1339.04	1358.70	1374.78	1394.30	1412.32	1434.40	1462.34	1481.72	1506.98	1534.68	1569.08	
1595.88	1629.90	1662.56	1697.40	1732.04	1772.12	1812.22	1858.52	1903.02	1955.78	2022.62	2086.48	2160.74	2263.66	2413.82	2608.86	
2927.14	3230.94	3462.00	3602.20	3608.52	3639.12	3641.18	3651.38	3660.06	3657.20	3648.20	3655.28	3665.80	3667.48	3676.18	3683.54	
3683.70	3678.42	3678.70	3694.02	3686.28	3693.88	3695.18	3694.92	3705.36	3715.94	3720.66	3720.40	3720.54	3722.32	3723.44	3720.76	
3726.16	3726.50	3723.80	3720.84	3723.68	3721.00	3724.60	3728.98	3727.54	3732.64	3733.72	3731.88	3734.14	3735.58	3743.54	3738.48	
3740.54	3744.70	3741.06	3733.20	3736.06	3735.06	3733.86	3727.84	3732.84	3735.28	3724.90	3738.78	3739.12	3741.02	3739.64	3741.28	
3731.64	3717.64	3717.90	3716.76	3716.78	3716.94	3733.36	3747.66	3738.16	3735.24	3728.84	3711.66	3731.98	3745.78	3731.54	3732.32	
3733.28	3728.70	3728.56	3733.70	3724.34	3720.18	3717.48	3714.74	3714.52	3717.90	3724.54	3728.30	3724.22	3727.50	3749.00	3708.96	

*******************************************2025/03/29;18:22:03
Probe number 76
Concentration entered by User 2.46% (Compensated: 2.93% at temperature 26.6)
1270.92	1269.60	1296.58	1310.10	1323.26	1338.58	1357.88	1373.26	1393.84	1412.04	1432.54	1461.72	1481.00	1506.80	1534.38	1567.16	
1593.26	1630.14	1661.24	1697.98	1731.44	1773.28	1813.60	1853.64	1905.26	1955.14	2011.44	2079.90	2155.14	2268.62	2418.82	2604.46	
2911.88	3205.76	3454.78	3593.48	3601.32	3629.68	3633.06	3644.14	3651.90	3649.84	3640.14	3647.26	3658.64	3660.24	3669.26	3676.58	
3676.90	3671.32	3672.10	3687.88	3679.68	3687.50	3688.74	3688.88	3699.28	3710.04	3714.54	3714.76	3714.26	3716.24	3717.76	3715.06	
3720.18	3721.06	3718.36	3715.40	3718.12	3715.54	3719.26	3723.28	3721.98	3727.70	3728.42	3726.52	3728.96	3730.24	3738.44	3733.52	
3735.34	3740.04	3736.38	3728.04	3730.66	3729.58	3728.20	3722.10	3727.58	3729.82	3719.08	3733.24	3733.98	3735.84	3734.54	3736.22	
3726.22	3712.30	3711.96	3710.90	3711.26	3711.44	3728.04	3742.90	3732.88	3730.16	3722.80	3705.68	3726.84	3740.74	3726.34	3726.78	
3728.12	3723.30	3723.18	3728.04	3718.46	3714.24	3711.34	3708.58	3708.92	3712.50	3718.78	3722.88	3718.58	3721.86	3744.10	3702.66	

*******************************************2025/03/29;18:42:03
Probe number 77
Concentration entered by User 2.45% (Compensated: 2.93% at temperature 26.7)
1271.54	1270.04	1297.22	1310.68	1324.32	1339.28	1358.44	1374.32	1393.50	1411.94	1433.62	1460.66	1481.26	1507.78	1534.84	1566.84	
1595.04	1628.58	1661.22	1696.80	1730.70	1771.34	1814.14	1851.62	1901.06	1957.50	2013.96	2082.54	2145.86	2264.54	2408.76	2617.16	
2919.12	3202.24	3460.06	3588.46	3599.18	3627.98	3632.06	3643.08	3650.94	3649.26	3639.06	3646.92	3657.72	3660.08	3669.04	3676.56	
3676.78	3671.26	3671.84	3687.68	3679.42	3686.88	3688.58	3688.60	3699.10	3710.20	3714.86	3714.32	3714.30	3716.40	3717.40	3714.62	
3720.12	3720.62	3718.22	3715.02	3718.04	3715.26	3719.26	3723.22	3722.10	3727.28	3728.44	3726.74	3728.90	3730.38	3738.38	3733.42	
3735.40	3739.80	3736.10	3727.64	3730.30	3729.22	3728.22	3721.94	3727.20	3729.98	3719.08	3733.40	3733.66	3735.64	3734.72	3736.32	
3726.58	3712.20	3711.80	3711.02	3710.90	3711.26	3727.90	3743.04	3732.90	3730.16	3723.14	3705.60	3726.42	3740.84	3726.24	3726.54	
3728.04	3722.92	3722.72	3728.30	3718.46	3714.34	3711.26	3708.70	3708.76	3712.32	3718.70	3722.68	3718.40	3721.86	3744.06	3702.74	

*******************************************2025/03/29;19:02:03
Probe number 78
Concentration entered by User 2.45% (Compensated: 2.92% at temperature 26.7)
1271.54	1270.08	1297.48	1310.44	1324.28	1339.42	1358.60	1374.86	1395.10	1412.94	1434.00	1461.04	1481.06	1507.48	1535.06	1567.98	
1595.06	1629.64	1661.18	1696.86	1731.70	1773.94	1812.74	1856.90	1904.90	1957.10	2013.44	2087.26	2152.24	2270.88	2421.02	2629.56	
2907.60	3211.78	3455.86	3594.70	3603.46	3632.20	3635.06	3645.70	3653.84	3651.60	3642.68	3650.02	3661.16	3662.48	3671.76	3679.04	
3679.72	3674.08	3674.72	3690.02	3682.20	3689.52	3690.84	3690.74	3701.36	3712.36	3716.76	3716.84	3716.54	3718.64	3719.76	3717.16	
3722.90	3722.78	3720.20	3717.38	3720.26	3717.38	3721.12	3725.34	3724.32	3729.20	3730.34	3728.26	3731.20	3732.20	3740.26	3735.46	
3736.94	3741.86	3737.92	3729.58	3732.68	3731.18	3730.52	3724.20	3729.68	3731.92	3721.60	3735.42	3735.62	3738.06	3736.60	3738.14	
3728.60	3714.60	3714.12	3712.96	3712.92	3713.36	3730.34	3744.84	3734.74	3732.04	3725.20	3708.10	3728.86	3742.54	3728.22	3728.82	
3730.30	3725.14	3725.00	3730.16	3720.86	3716.34	3713.80	3710.84	3711.00	3714.28	3721.14	3724.80	3721.06	3724.16	3746.00	3705.20	

*******************************************2025/03/29;19:22:03
Probe number 79
Concentration entered by User 2.43% (Compensated: 2.91% at temperature 26.7)
1271.50	1270.32	1297.56	1310.62	1324.84	1340.12	1359.64	1374.90	1395.26	1413.96	1435.18	1462.50	1482.30	1508.62	1536.38	1567.80	
1596.98	1630.14	1663.38	1697.78	1734.36	1775.82	1814.06	1852.68	1903.94	1958.44	2019.04	2081.92	2151.46	2268.72	2414.72	2608.88	
2916.74	3218.50	3462.80	3596.34	3602.58	3631.44	3635.32	3645.52	3654.02	3651.78	3642.90	3650.44	3661.06	3662.96	3671.94	3679.58	
3679.76	3674.20	3675.04	3690.36	3682.20	3689.90	3691.22	3691.32	3701.50	3712.66	3717.12	3717.30	3716.82	3718.70	3720.46	3717.52	
3723.14	3723.04	3720.48	3717.70	3720.80	3717.66	3721.52	3725.50	3724.44	3729.84	3730.90	3728.82	3731.22	3732.92	3740.78	3735.30	
3737.78	3742.00	3738.08	3729.92	3732.66	3731.14	3730.10	3724.30	3729.42	3732.14	3721.66	3735.90	3736.10	3738.30	3737.24	3738.62	
3729.10	3715.08	3714.48	3713.76	3713.56	3714.34	3730.42	3745.22	3735.32	3732.44	3725.64	3708.30	3729.08	3743.14	3728.54	3729.40	
3730.66	3725.56	3725.40	3730.72	3721.08	3717.08	3714.16	3711.30	3711.58	3714.94	3721.56	3725.26	3721.06	3724.62	3746.30	3705.84	

*******************************************2025/03/29;19:42:03
Probe number 80
Concentration entered by User 2.41% (Compensated: 2.90% at temperature 26.8)
1271.98	1271.00	1298.32	1311.58	1325.24	1341.00	1360.14	1375.82	1396.10	1414.88	1435.82	1463.12	1483.06	1509.94	1537.42	1568.90	
1598.08	1630.64	1661.98	1699.66	1734.36	1775.54	1813.16	1859.36	1908.72	1959.54	2019.04	2079.30	2158.80	2263.96	2396.06	2619.66	
2917.46	3221.30	3465.24	3596.34	3604.56	3633.34	3636.84	3647.46	3655.68	3653.22	3644.48	3651.34	3662.06	3663.84	3672.52	3680.72	
3680.86	3675.42	3675.60	3691.10	3682.78	3690.36	3692.04	3691.72	3702.14	3713.34	3717.80	3717.78	3717.30	3719.44	3720.96	3717.94	
3723.50	3723.42	3720.94	3718.30	3720.74	3718.16	3722.18	3726.34	3725.00	3729.82	3731.28	3729.58	3731.54	3733.28	3741.00	3736.28	
3737.74	3742.66	3738.82	3730.30	3733.40	3731.40	3730.68	3724.74	3729.84	3732.44	3722.16	3736.48	3736.30	3738.80	3737.84	3739.06	
3729.56	3715.36	3715.04	3714.38	3714.02	3714.42	3730.82	3745.72	3735.62	3732.84	3726.18	3708.68	3729.48	3743.72	3729.00	3729.70	
3731.00	3725.78	3726.04	3731.50	3721.76	3717.34	3714.54	3711.88	3711.74	3715.48	3721.74	3725.92	3721.68	3724.98	3746.54	3706.20	

*******************************************2025/03/29;20:02:03
Probe number 81
Concentration entered by User 2.44% (Compensated: 2.92% at temperature 26.7)
1271.38	1269.58	1297.46	1310.44	1324.32	1339.98	1359.68	1374.78	1395.26	1413.18	1433.78	1461.70	1481.78	1507.18	1534.32	1569.28	
1596.10	1629.18	1663.06	1697.30	1732.74	1774.78	1813.60	1854.58	1909.20	1958.48	2011.88	2081.88	2150.90	2260.18	2405.28	2608.12	
2907.80	3213.08	3458.40	3592.78	3599.68	3628.84	3633.18	3644.32	3651.76	3649.96	3640.30	3647.48	3658.38	3660.00	3669.44	3676.74	
3677.14	3671.52	3672.04	3687.66	3679.20	3686.60	3687.90	3688.36	3699.18	3709.84	3714.42	3714.26	3714.22	3715.98	3717.68	3714.76	
3720.06	3720.06	3718.02	3715.24	3717.72	3714.72	3718.82	3723.18	3722.24	3727.36	3728.28	3726.32	3728.84	3730.18	3738.18	3733.14	
3734.84	3739.38	3735.54	3727.54	3730.04	3728.68	3727.30	3721.54	3726.74	3729.84	3719.00	3733.38	3733.46	3735.74	3734.64	3736.32	
3726.40	3712.02	3711.90	3710.72	3710.72	3710.94	3727.86	3742.66	3732.62	3729.60	3722.62	3705.36	3726.16	3740.28	3726.16	3726.68	
3728.28	3722.80	3722.64	3728.06	3718.50	3713.92	3711.34	3708.26	3708.60	3712.16	3718.62	3722.38	3717.94	3721.70	3743.60	3702.68	

*******************************************2025/03/29;20:22:03
Probe number 82
Concentration entered by User 2.44% (Compensated: 2.93% at temperature 26.8)
1272.34	1270.92	1298.30	1311.32	1325.22	1340.92	1360.14	1375.94	1396.18	1414.88	1436.18	1463.98	1483.62	1509.20	1537.00	1569.66	
1597.12	1631.06	1664.68	1700.20	1735.78	1775.24	1815.80	1858.26	1910.62	1958.60	2023.08	2076.72	2163.06	2263.86	2413.86	2601.20	
2911.16	3208.82	3459.74	3597.18	3603.96	3631.76	3635.12	3646.96	3654.72	3652.52	3643.36	3650.28	3661.36	3663.16	3672.06	3679.38	
3680.26	3674.54	3674.42	3690.08	3682.00	3689.46	3690.48	3690.82	3701.20	3712.20	3717.42	3716.58	3716.44	3718.68	3720.12	3717.34	
3722.52	3722.50	3720.20	3717.36	3720.26	3717.06	3721.14	3725.50	3724.22	3729.50	3730.32	3728.42	3731.04	3732.78	3740.40	3735.44	
3737.00	3741.72	3737.90	3729.52	3732.40	3730.62	3729.72	3723.72	3729.14	3731.84	3721.14	3735.86	3735.64	3738.38	3737.04	3738.78	
3728.70	3714.72	3714.18	3713.40	3713.24	3713.74	3730.28	3744.78	3735.26	3732.28	3725.14	3707.84	3728.84	3742.76	3728.22	3728.98	
3730.36	3725.50	3725.10	3730.44	3720.80	3716.42	3713.96	3711.04	3711.06	3714.42	3720.90	3725.00	3720.66	3723.96	3745.80	3705.34	

*******************************************2025/03/29;20:42:03
Probe number 83
Concentration entered by User 2.42% (Compensated: 2.91% at temperature 26.8)
1272.68	1271.10	1298.48	1311.82	1325.36	1341.38	1360.80	1376.54	1396.84	1414.88	1436.52	1463.98	1484.12	1510.34	1538.00	1570.54	
1597.66	1631.18	1663.50	1701.94	1734.92	1778.26	1817.82	1864.06	1910.56	1961.24	2017.44	2082.34	2152.78	2259.40	2409.16	2621.70	
2908.38	3221.56	3462.84	3594.50	3606.46	3634.74	3637.02	3648.10	3656.58	3653.76	3644.58	3651.70	3662.60	3664.00	3672.56	3680.30	
3681.14	3675.58	3676.16	3691.06	3682.54	3690.38	3691.18	3691.42	3701.48	3713.24	3717.44	3717.46	3717.00	3719.28	3720.62	3717.94	
3722.84	3723.30	3720.68	3717.40	3720.56	3717.62	3721.88	3726.02	3724.82	3729.94	3730.94	3729.30	3731.70	3733.18	3740.98	3735.84	
3737.72	3742.12	3738.36	3729.92	3733.16	3731.32	3730.22	3724.40	3729.40	3732.62	3722.26	3736.16	3736.26	3738.28	3737.24	3739.08	
3729.20	3714.92	3714.30	3713.96	3713.70	3714.48	3730.86	3745.44	3735.28	3732.68	3725.86	3708.44	3729.48	3743.02	3729.02	3729.32	
3730.84	3725.78	3725.64	3730.62	3721.02	3717.16	3714.52	3711.32	3711.68	3715.30	3721.28	3725.54	3721.00	3724.38	3745.82	3705.48	

*******************************************2025/03/29;21:02:03
Probe number 84
Concentration entered by User 2.44% (Compensated: 2.92% at temperature 26.7)
1272.28	1271.08	1298.48	1311.28	1325.72	1341.24	1360.58	1375.60	1395.34	1413.04	1435.54	1463.66	1483.38	1508.80	1536.64	1569.88	
1597.04	1630.50	1664.18	1698.78	1734.94	1776.90	1814.58	1859.72	1908.52	1957.34	2017.54	2080.76	2146.36	2259.76	2403.28	2606.16	
2903.24	3216.08	3458.16	3596.96	3603.70	3631.20	3634.28	3644.76	3652.68	3650.74	3641.08	3648.36	3659.20	3660.90	3669.48	3677.10	
3677.58	3672.26	3672.92	3687.92	3679.56	3687.02	3688.84	3688.38	3698.82	3710.28	3714.96	3714.74	3714.02	3716.36	3717.80	3714.94	
3720.44	3720.60	3718.10	3715.12	3718.04	3714.94	3719.16	3723.50	3722.04	3727.40	3728.20	3726.54	3729.08	3730.62	3738.36	3733.58	
3735.44	3739.90	3736.16	3727.42	3730.24	3728.60	3727.80	3721.88	3727.18	3729.94	3719.44	3733.84	3733.90	3736.06	3735.16	3736.62	
3726.72	3712.54	3711.88	3711.38	3710.78	3711.76	3728.10	3743.12	3732.96	3730.12	3722.82	3705.46	3726.40	3740.82	3726.04	3727.00	
3727.94	3723.22	3722.62	3727.76	3718.30	3714.52	3711.52	3708.48	3708.96	3712.06	3718.72	3722.94	3718.44	3721.68	3743.76	3702.66	

*******************************************2025/03/29;21:22:03
Probe number 85
Concentration entered by User 2.43% (Compensated: 2.91% at temperature 26.7)
1272.64	1271.12	1298.96	1311.88	1325.84	1341.08	1360.68	1376.46	1396.54	1414.96	1436.54	1464.76	1483.56	1509.60	1538.32	1569.92	
1596.90	1631.38	1665.66	1700.16	1735.64	1777.80	1816.84	1859.58	1911.40	1960.38	2020.10	2086.66	2153.86	2253.46	2397.28	2607.86	
2904.46	3221.50	3462.44	3594.72	3602.96	3632.26	3634.74	3646.40	3654.48	3651.58	3643.24	3650.26	3660.50	3662.30	3671.44	3679.16	
3679.32	3674.00	3674.30	3689.64	3680.92	3688.76	3690.10	3689.96	3700.34	3711.78	3716.36	3715.90	3715.82	3717.88	3719.46	3716.44	
3721.70	3722.16	3719.54	3716.70	3719.52	3716.78	3720.68	3724.82	3723.62	3728.62	3729.84	3728.08	3730.44	3732.04	3739.82	3735.28	
3736.90	3741.30	3737.56	3728.76	3731.88	3730.02	3729.04	3723.12	3728.76	3731.62	3721.38	3735.44	3735.10	3737.88	3736.40	3738.10	
3728.04	3714.04	3713.54	3712.60	3712.48	3712.88	3729.42	3744.46	3734.60	3731.50	3724.66	3706.98	3728.02	3742.34	3727.84	3728.22	
3729.62	3724.58	3724.46	3729.46	3719.68	3715.62	3712.88	3710.14	3710.28	3713.70	3720.18	3724.08	3719.64	3723.22	3744.92	3704.38	

*******************************************2025/03/29;21:42:03
Probe number 86
Concentration entered by User 2.44% (Compensated: 2.93% at temperature 26.8)
1273.50	1272.00	1299.76	1313.46	1327.34	1342.64	1362.36	1378.76	1398.90	1416.72	1437.92	1466.96	1487.04	1512.70	1540.42	1572.94	
1599.12	1634.44	1666.58	1702.22	1735.50	1779.48	1821.90	1863.02	1909.88	1959.96	2021.76	2079.70	2163.02	2269.26	2408.20	2617.90	
2916.30	3209.14	3463.64	3590.08	3605.00	3632.18	3637.52	3647.86	3657.14	3654.38	3645.22	3652.32	3662.70	3664.68	3673.76	3681.16	
3681.62	3676.70	3677.12	3692.20	3683.76	3690.84	3692.28	3691.98	3702.58	3713.40	3718.20	3718.06	3718.12	3720.10	3721.66	3718.62	
3723.70	3723.86	3721.72	3718.74	3721.46	3718.46	3722.74	3726.78	3725.84	3730.78	3731.80	3729.96	3732.38	3733.94	3741.80	3736.66	
3738.66	3742.92	3739.24	3730.76	3733.78	3732.00	3730.96	3725.20	3730.54	3733.22	3723.28	3737.24	3737.44	3739.22	3738.16	3739.96	
3730.36	3716.02	3715.48	3714.88	3714.56	3715.48	3731.46	3746.28	3736.28	3733.30	3726.44	3709.40	3730.08	3743.90	3729.72	3730.38	
3731.86	3726.54	3726.24	3731.44	3721.74	3717.88	3715.30	3712.28	3712.58	3715.92	3722.28	3726.40	3722.02	3725.10	3747.02	3706.62	

*******************************************2025/03/29;22:02:03
Probe number 87
Concentration entered by User 2.45% (Compensated: 2.93% at temperature 26.7)
1271.28	1270.02	1297.30	1310.60	1324.20	1340.10	1359.76	1375.92	1396.88	1414.84	1436.16	1464.12	1484.06	1510.48	1539.88	1572.90	
1597.70	1631.78	1664.34	1699.62	1736.72	1782.16	1818.46	1861.66	1913.22	1962.40	2024.80	2080.66	2154.28	2250.04	2414.72	2606.38	
2918.04	3207.72	3451.18	3596.42	3609.36	3638.06	3640.66	3652.54	3659.94	3657.66	3647.62	3654.46	3664.40	3666.06	3674.94	3681.52	
3682.16	3676.54	3676.88	3691.82	3683.54	3691.06	3692.20	3692.16	3701.78	3713.36	3717.92	3718.04	3717.50	3719.16	3720.86	3718.18	
3722.96	3723.42	3720.74	3718.14	3720.80	3717.82	3721.64	3726.08	3724.74	3729.86	3730.92	3729.06	3731.62	3733.08	3740.56	3736.02	
3737.92	3742.24	3738.74	3730.16	3732.90	3731.44	3730.46	3724.54	3729.76	3733.12	3722.64	3736.62	3736.24	3738.32	3737.46	3739.06	
3729.52	3715.14	3714.58	3713.74	3713.76	3714.24	3730.40	3745.30	3735.42	3732.48	3725.34	3708.38	3728.78	3743.10	3728.58	3729.48	
3730.60	3725.40	3725.20	3730.48	3720.92	3716.90	3714.04	3711.04	3711.14	3714.24	3721.14	3724.88	3720.40	3724.36	3745.84	3705.14	

*******************************************2025/03/29;22:22:04
Probe number 88
Concentration entered by User 2.36% (Compensated: 2.82% at temperature 26.5)
1268.28	1266.90	1294.26	1307.40	1321.24	1337.12	1356.50	1371.68	1392.90	1411.18	1433.20	1461.34	1481.36	1506.92	1536.38	1568.70	
1596.76	1630.76	1664.30	1701.04	1736.38	1776.20	1818.04	1863.98	1915.42	1962.08	2019.86	2088.92	2172.44	2274.62	2405.52	2613.80	
2931.10	3226.94	3483.54	3620.94	3629.94	3655.44	3659.02	3668.78	3676.44	3673.80	3663.48	3669.02	3678.38	3679.36	3687.02	3693.28	
3693.36	3687.92	3687.88	3702.26	3693.90	3700.60	3701.42	3700.92	3710.68	3721.06	3725.72	3725.38	3724.84	3726.26	3728.18	3725.18	
3730.14	3730.02	3728.12	3724.76	3727.30	3725.04	3728.26	3732.42	3731.14	3735.82	3737.10	3735.34	3737.96	3738.82	3746.68	3742.28	
3743.96	3748.22	3744.70	3736.42	3739.18	3737.94	3736.76	3731.30	3736.28	3738.94	3729.16	3742.46	3742.50	3744.14	3743.34	3744.60	
3735.44	3721.70	3721.18	3720.80	3720.12	3720.84	3736.58	3750.96	3741.34	3738.62	3731.82	3714.72	3735.10	3748.68	3734.70	3735.54	
3736.78	3731.62	3731.52	3736.56	3727.22	3723.20	3720.56	3717.74	3717.96	3721.08	3727.28	3730.66	3726.86	3730.44	3751.32	3711.96	

*******************************************2025/03/29;22:42:04
Probe number 89
Concentration entered by User 2.38% (Compensated: 2.83% at temperature 26.3)
1266.86	1265.70	1293.42	1306.16	1320.28	1336.16	1355.96	1371.90	1392.40	1410.76	1432.40	1459.84	1480.00	1506.00	1533.46	1567.30	
1594.88	1629.68	1664.34	1701.24	1734.44	1777.28	1817.88	1862.92	1911.44	1959.80	2019.24	2091.74	2159.28	2268.50	2403.18	2608.20	
2907.12	3226.06	3477.86	3622.86	3628.72	3654.90	3656.62	3666.90	3673.84	3671.28	3661.48	3666.74	3676.04	3677.48	3684.84	3691.18	
3691.10	3685.96	3685.94	3700.02	3691.74	3699.08	3699.18	3699.22	3708.78	3719.40	3724.20	3723.82	3723.26	3725.16	3726.62	3723.64	
3728.44	3728.84	3726.26	3723.58	3726.20	3723.14	3726.74	3730.62	3729.58	3734.68	3735.54	3734.10	3736.52	3737.70	3745.10	3740.88	
3742.46	3746.74	3743.62	3735.04	3737.72	3736.60	3735.44	3730.14	3735.02	3737.54	3727.80	3741.10	3740.96	3743.06	3741.72	3743.28	
3734.14	3720.14	3719.70	3718.78	3718.82	3719.36	3735.26	3749.30	3739.88	3737.14	3730.08	3713.08	3733.56	3747.30	3733.44	3733.60	
3735.12	3729.96	3729.64	3734.72	3725.48	3721.08	3718.76	3715.86	3716.00	3718.98	3725.76	3729.16	3725.32	3728.66	3750.10	3710.36	

*******************************************2025/03/29;23:02:04
Probe number 90
Concentration entered by User 2.42% (Compensated: 2.86% at temperature 26.1)
1265.20	1264.12	1290.78	1303.84	1318.22	1333.46	1352.72	1369.46	1389.60	1408.10	1430.28	1458.62	1479.28	1504.78	1532.48	1566.60	
1594.48	1629.54	1661.64	1699.16	1734.80	1775.14	1815.80	1865.54	1911.58	1961.44	2019.86	2091.32	2160.52	2269.92	2400.98	2597.88	
2899.72	3206.66	3472.60	3617.20	3628.36	3654.04	3656.12	3666.12	3672.62	3671.02	3660.88	3666.50	3675.86	3677.12	3684.46	3690.72	
3690.70	3685.46	3685.08	3699.72	3691.44	3698.06	3699.10	3698.58	3707.76	3718.82	3723.44	3723.04	3722.54	3724.18	3725.46	3722.74	
3727.46	3727.62	3724.86	3722.24	3725.10	3721.94	3725.42	3729.68	3728.02	3733.28	3734.30	3732.40	3735.14	3736.26	3743.76	3739.98	
3740.92	3745.78	3742.40	3734.08	3736.52	3735.80	3734.70	3728.94	3734.08	3736.68	3726.24	3739.66	3739.86	3741.50	3740.46	3742.02	
3732.72	3718.92	3718.54	3717.08	3717.00	3717.46	3733.44	3748.24	3738.56	3735.46	3728.90	3711.64	3732.12	3745.64	3731.96	3732.32	
3733.88	3728.62	3728.28	3733.14	3723.92	3720.38	3717.42	3714.34	3714.50	3717.78	3724.18	3727.84	3724.14	3727.24	3748.94	3708.62	

*******************************************2025/03/29;23:22:04
Probe number 91
Concentration entered by User 2.42% (Compensated: 2.84% at temperature 26.0)
1265.92	1264.86	1291.72	1304.76	1318.44	1334.30	1354.08	1369.94	1390.98	1409.64	1430.88	1458.90	1479.18	1505.62	1533.16	1567.44	
1594.20	1629.32	1663.14	1700.66	1738.28	1777.74	1816.98	1864.16	1913.30	1963.68	2020.46	2089.24	2162.82	2267.68	2406.18	2603.50	
2916.66	3206.22	3468.02	3614.14	3629.28	3653.92	3656.96	3667.08	3674.54	3671.56	3661.34	3666.68	3676.64	3677.36	3685.02	3690.96	
3690.98	3685.36	3685.52	3699.96	3691.74	3698.74	3699.24	3698.90	3708.42	3719.16	3723.84	3723.34	3723.00	3724.42	3726.32	3722.52	
3727.92	3728.36	3725.74	3722.32	3725.60	3722.58	3726.38	3730.06	3728.98	3733.90	3734.84	3732.90	3735.70	3736.40	3744.46	3740.28	
3741.78	3746.30	3742.98	3735.08	3737.66	3736.50	3735.34	3729.68	3734.98	3737.44	3727.32	3740.32	3740.66	3741.96	3741.02	3742.40	
3732.78	3719.32	3719.04	3717.54	3717.94	3717.98	3733.98	3748.78	3739.26	3736.04	3729.64	3712.30	3732.60	3746.30	3732.86	3732.56	
3733.82	3729.48	3728.92	3734.02	3724.96	3720.58	3717.44	3714.76	3714.56	3718.04	3724.88	3728.44	3724.64	3727.64	3749.38	3709.60	

*******************************************2025/03/29;23:42:03
Probe number 92
Concentration entered by User 2.44% (Compensated: 2.85% at temperature 25.8)
1264.44	1263.44	1290.78	1303.16	1317.44	1332.90	1352.86	1368.94	1389.32	1407.48	1430.18	1457.90	1478.92	1505.32	1532.84	1565.18	
1594.04	1629.04	1661.70	1698.98	1735.58	1779.22	1817.38	1861.88	1913.26	1963.10	2021.98	2080.90	2161.60	2266.90	2403.00	2613.08	
2895.04	3200.10	3462.94	3614.38	3626.46	3651.72	3654.16	3664.66	3672.02	3668.22	3658.74	3664.00	3672.44	3673.92	3681.46	3687.46	
3687.22	3681.52	3681.78	3696.60	3688.56	3695.40	3695.68	3695.18	3704.50	3715.62	3720.40	3720.04	3719.26	3720.88	3722.50	3718.96	
3724.32	3724.18	3722.06	3718.86	3721.90	3719.16	3722.24	3726.52	3725.08	3729.92	3731.38	3729.36	3731.82	3732.96	3741.12	3736.88	
3738.24	3742.96	3739.66	3731.40	3733.80	3732.90	3732.04	3726.08	3731.62	3733.90	3723.60	3736.44	3737.22	3738.48	3737.38	3739.10	
3729.54	3715.06	3715.00	3713.26	3714.02	3714.00	3730.10	3745.32	3735.72	3732.16	3725.66	3708.06	3728.58	3742.78	3728.82	3728.60	
3730.52	3725.58	3725.22	3730.46	3720.72	3716.44	3713.56	3710.64	3710.76	3714.18	3720.68	3724.62	3720.96	3723.90	3746.14	3704.76	

