*******************************************2025/03/22;00:03:56
Probe number 10
Concentration entered by User 2.03% (Compensated: 2.20% at temperature 22.5)
1148.46	1148.50	1166.54	1177.94	1188.08	1200.64	1215.28	1227.72	1244.08	1255.62	1273.60	1298.50	1316.50	1340.46	1364.06	1393.10	
1417.58	1449.82	1480.32	1516.22	1553.14	1598.82	1640.94	1686.16	1739.74	1796.38	1873.88	1956.02	2059.00	2186.64	2361.78	2607.68	
2975.38	3330.06	3588.86	3700.76	3687.40	3709.30	3700.56	3709.14	3716.00	3717.48	3717.52	3718.42	3724.86	3723.84	3724.58	3721.20	
3713.50	3714.52	3721.10	3733.08	3724.14	3726.26	3725.14	3725.12	3731.26	3735.50	3738.70	3738.34	3735.82	3735.76	3732.10	3728.18	
3731.44	3733.00	3730.10	3723.96	3721.76	3719.42	3722.68	3729.06	3727.60	3730.00	3731.92	3727.60	3731.46	3730.72	3744.74	3734.30	
3741.66	3746.08	3740.86	3737.44	3739.08	3738.40	3736.86	3729.62	3735.14	3737.04	3722.82	3733.90	3736.06	3736.14	3733.48	3735.02	
3725.64	3710.94	3710.30	3709.02	3706.62	3706.46	3723.18	3740.18	3731.40	3727.92	3722.00	3699.84	3721.58	3736.56	3725.66	3726.80	
3729.64	3722.20	3718.80	3724.50	3716.48	3714.32	3713.50	3707.68	3704.52	3709.00	3717.14	3721.18	3718.10	3721.12	3742.84	3700.28	

*******************************************2025/03/22;00:23:56
Probe number 11
Concentration entered by User 2.03% (Compensated: 2.21% at temperature 22.6)
1147.92	1147.84	1165.78	1176.88	1187.18	1199.82	1214.34	1226.10	1242.84	1254.60	1272.58	1297.44	1314.80	1339.32	1362.50	1392.16	
1416.66	1448.30	1478.88	1515.20	1551.84	1595.42	1639.52	1683.50	1737.30	1793.24	1869.22	1955.58	2055.82	2184.56	2356.22	2602.60	
2972.28	3328.80	3588.60	3698.56	3685.94	3708.14	3698.94	3708.04	3714.08	3715.98	3715.94	3716.88	3723.32	3722.20	3722.94	3720.04	
3711.64	3713.02	3719.86	3731.66	3722.58	3724.80	3723.52	3724.16	3730.20	3734.60	3737.20	3737.02	3734.70	3734.14	3730.38	3726.50	
3730.40	3731.68	3728.44	3722.16	3720.24	3717.70	3721.34	3727.10	3725.88	3728.66	3730.36	3726.16	3729.64	3729.12	3742.94	3732.80	
3740.04	3744.74	3739.60	3735.84	3737.88	3737.06	3735.28	3728.24	3733.78	3735.14	3721.36	3732.48	3734.52	3734.62	3732.16	3733.64	
3724.08	3709.24	3708.56	3707.24	3704.88	3704.72	3721.28	3738.90	3730.16	3726.36	3720.10	3698.50	3719.88	3735.02	3724.08	3725.52	
3727.84	3720.26	3716.60	3722.58	3714.82	3712.60	3711.76	3705.96	3703.04	3706.84	3715.64	3719.72	3716.56	3719.28	3741.28	3698.16	

*******************************************2025/03/22;00:43:56
Probe number 12
Concentration entered by User 2.05% (Compensated: 2.23% at temperature 22.7)
1146.26	1146.08	1164.76	1175.94	1185.74	1198.12	1213.22	1224.78	1241.36	1253.20	1271.50	1294.76	1312.62	1337.24	1360.72	1390.28	
1414.32	1445.98	1476.54	1513.50	1549.88	1593.82	1637.52	1681.08	1733.08	1790.68	1866.06	1952.80	2051.30	2182.88	2353.88	2600.98	
2972.28	3322.66	3583.38	3694.32	3680.34	3703.36	3694.50	3702.52	3709.56	3710.98	3711.34	3712.16	3718.68	3717.86	3718.70	3715.66	
3707.36	3708.82	3715.36	3727.52	3718.50	3720.14	3719.20	3719.46	3726.18	3730.32	3733.30	3732.60	3730.18	3729.62	3726.44	3721.98	
3725.66	3727.20	3724.20	3717.58	3715.78	3712.84	3716.60	3722.76	3721.18	3723.82	3725.94	3721.50	3725.74	3724.62	3739.04	3728.56	
3736.14	3740.40	3735.32	3731.50	3733.16	3732.88	3730.90	3723.62	3729.34	3731.00	3716.18	3728.20	3730.16	3730.06	3728.02	3728.94	
3719.38	3704.24	3703.76	3701.92	3699.88	3700.04	3716.94	3734.90	3725.64	3721.84	3715.78	3693.42	3715.26	3730.42	3719.04	3721.06	
3723.34	3716.06	3711.98	3717.80	3709.70	3707.66	3706.94	3701.10	3697.78	3702.22	3710.94	3714.98	3711.78	3714.84	3737.28	3693.26	

*******************************************2025/03/22;01:03:56
Probe number 13
Concentration entered by User 2.02% (Compensated: 2.21% at temperature 22.8)
1147.22	1147.14	1165.44	1176.74	1186.90	1198.88	1214.16	1225.86	1241.94	1253.32	1271.64	1297.20	1313.26	1338.16	1362.62	1391.40	
1415.64	1447.16	1476.44	1513.22	1550.64	1595.80	1638.26	1683.64	1737.72	1793.14	1867.52	1955.90	2054.10	2185.28	2359.14	2604.54	
2978.46	3330.24	3592.78	3698.70	3685.50	3708.26	3699.20	3707.02	3714.14	3715.70	3715.66	3716.06	3723.02	3721.98	3722.76	3719.60	
3711.94	3713.10	3720.14	3731.38	3722.52	3724.00	3723.26	3723.96	3730.40	3734.82	3737.00	3736.50	3734.02	3733.88	3730.80	3726.00	
3729.96	3731.26	3727.84	3721.96	3720.12	3717.10	3720.66	3726.90	3725.52	3728.16	3729.88	3725.62	3729.20	3729.00	3742.56	3732.28	
3740.20	3744.40	3739.22	3735.50	3737.32	3736.60	3734.42	3727.76	3733.20	3734.82	3720.82	3731.82	3734.28	3733.86	3731.56	3733.24	
3723.18	3709.10	3708.08	3706.90	3704.76	3704.16	3721.04	3738.52	3729.36	3725.94	3719.78	3697.94	3719.54	3734.56	3723.36	3724.80	
3727.40	3720.00	3716.22	3722.42	3714.04	3712.36	3711.48	3705.42	3702.20	3706.40	3715.12	3719.10	3716.34	3718.82	3740.96	3698.06	

*******************************************2025/03/22;01:23:56
Probe number 14
Concentration entered by User 2.03% (Compensated: 2.22% at temperature 22.8)
1147.04	1147.08	1165.58	1176.84	1186.62	1198.96	1213.46	1225.34	1241.86	1252.98	1270.86	1295.88	1313.42	1337.84	1361.28	1391.24	
1416.20	1446.90	1477.14	1513.30	1549.80	1594.74	1638.00	1681.14	1737.34	1790.80	1868.92	1955.20	2052.78	2183.84	2357.48	2605.52	
2969.76	3332.22	3589.26	3696.50	3683.82	3706.56	3697.32	3705.74	3712.80	3714.30	3714.48	3715.22	3721.84	3721.10	3721.52	3718.52	
3710.82	3712.18	3718.52	3730.70	3721.22	3722.94	3722.22	3722.92	3729.70	3733.86	3736.38	3735.66	3732.58	3732.62	3729.70	3725.08	
3728.68	3730.24	3726.90	3720.64	3718.90	3716.22	3719.58	3725.66	3724.22	3727.22	3728.38	3724.54	3728.24	3727.56	3741.80	3731.50	
3738.84	3743.34	3737.64	3734.26	3736.44	3735.78	3733.60	3726.50	3732.10	3733.62	3719.66	3730.88	3733.22	3733.00	3730.54	3731.92	
3722.38	3707.68	3706.96	3705.40	3703.22	3702.76	3719.98	3737.68	3728.30	3724.58	3718.66	3696.20	3718.32	3733.38	3721.92	3723.96	
3726.46	3718.74	3714.66	3721.20	3712.94	3710.98	3709.96	3704.42	3701.08	3705.46	3713.98	3718.22	3714.84	3717.70	3740.12	3696.46	

*******************************************2025/03/22;01:43:56
Probe number 15
Concentration entered by User 2.02% (Compensated: 2.21% at temperature 22.9)
1147.58	1147.32	1165.00	1176.52	1186.54	1199.32	1213.38	1225.42	1241.74	1253.48	1270.90	1295.80	1313.70	1337.20	1361.68	1391.76	
1416.06	1447.76	1478.20	1514.18	1551.28	1596.02	1638.32	1683.76	1738.04	1794.08	1869.58	1954.90	2055.82	2185.70	2361.62	2606.48	
2977.54	3336.44	3591.48	3698.76	3685.74	3708.30	3699.44	3707.68	3714.48	3716.12	3716.06	3716.94	3723.84	3722.54	3723.28	3719.98	
3712.80	3714.22	3720.40	3731.86	3722.68	3724.24	3723.72	3724.14	3730.96	3735.04	3737.52	3737.02	3734.58	3733.88	3730.96	3726.06	
3730.44	3731.72	3728.22	3722.16	3720.14	3717.80	3720.66	3726.92	3725.86	3727.94	3730.16	3725.84	3729.48	3729.16	3743.06	3732.88	
3740.12	3744.40	3739.42	3735.42	3737.62	3737.04	3735.00	3728.00	3733.46	3734.80	3721.04	3732.20	3734.38	3734.20	3732.08	3733.10	
3723.72	3709.08	3708.34	3707.30	3704.64	3704.70	3721.24	3738.76	3729.50	3726.38	3720.22	3698.40	3719.72	3734.60	3723.34	3725.40	
3727.70	3720.02	3716.18	3722.56	3714.20	3712.28	3711.46	3705.72	3702.30	3706.88	3715.44	3719.64	3716.04	3719.44	3741.12	3697.90	

*******************************************2025/03/22;02:03:56
Probe number 16
Concentration entered by User 2.00% (Compensated: 2.20% at temperature 22.9)
1147.32	1147.30	1165.26	1176.70	1186.90	1199.22	1214.06	1225.60	1241.96	1253.54	1271.12	1295.46	1313.56	1337.78	1361.78	1391.56	
1416.52	1447.60	1478.60	1514.24	1551.52	1595.86	1637.60	1683.58	1737.98	1795.08	1870.06	1955.44	2055.22	2187.84	2359.06	2611.56	
2982.94	3340.26	3594.42	3699.86	3687.20	3710.02	3701.08	3709.16	3715.66	3717.86	3717.70	3718.76	3724.98	3724.16	3724.90	3721.52	
3714.32	3715.68	3722.24	3733.36	3723.92	3726.28	3725.60	3725.92	3732.86	3736.76	3738.74	3738.12	3735.74	3735.36	3732.52	3727.74	
3731.74	3733.06	3729.90	3723.58	3721.86	3719.16	3722.38	3728.54	3726.88	3729.64	3731.48	3727.50	3730.98	3730.80	3744.38	3734.20	
3741.68	3745.84	3740.86	3737.00	3738.90	3738.44	3735.86	3729.50	3735.00	3736.64	3722.54	3733.80	3735.92	3735.62	3733.40	3734.78	
3725.26	3710.66	3709.80	3708.36	3706.32	3706.18	3723.18	3740.16	3731.12	3727.58	3721.66	3699.80	3721.14	3736.12	3724.90	3726.88	
3729.20	3721.88	3717.96	3724.22	3716.34	3714.00	3713.36	3707.48	3704.42	3708.56	3717.12	3721.14	3717.68	3721.16	3742.26	3699.80	

*******************************************2025/03/22;02:23:56
Probe number 17
Concentration entered by User 2.01% (Compensated: 2.21% at temperature 23.0)
1146.92	1147.48	1165.04	1176.52	1186.00	1198.70	1213.12	1224.98	1241.42	1253.02	1270.44	1294.78	1311.84	1336.58	1360.82	1389.72	
1415.56	1447.02	1476.96	1512.72	1549.00	1594.02	1637.80	1681.98	1736.52	1796.32	1869.02	1954.32	2053.28	2188.38	2364.12	2606.32	
2985.74	3335.60	3596.30	3699.42	3686.32	3708.96	3700.02	3708.26	3714.84	3716.20	3716.08	3717.38	3724.06	3723.16	3724.02	3720.72	
3713.42	3714.58	3721.02	3732.44	3723.16	3725.38	3723.92	3725.02	3731.84	3736.02	3737.84	3737.30	3734.42	3734.10	3731.22	3726.68	
3730.48	3731.96	3728.94	3722.62	3720.84	3717.82	3721.18	3727.70	3726.16	3728.62	3730.48	3726.32	3729.84	3729.52	3743.48	3733.06	
3740.62	3744.66	3740.20	3735.92	3738.30	3737.26	3735.10	3728.54	3734.00	3735.64	3721.38	3732.90	3735.00	3734.62	3732.56	3733.72	
3723.78	3709.92	3708.92	3707.26	3704.90	3705.00	3722.30	3739.20	3730.30	3726.70	3720.26	3698.50	3720.46	3735.14	3723.72	3725.56	
3727.84	3720.76	3717.14	3723.10	3714.78	3712.66	3712.02	3706.26	3703.10	3707.30	3716.14	3720.08	3716.58	3719.90	3741.70	3698.12	

*******************************************2025/03/22;02:43:56
Probe number 18
Concentration entered by User 2.00% (Compensated: 2.20% at temperature 23.0)
1146.90	1146.96	1165.32	1176.56	1186.48	1199.10	1213.62	1225.36	1241.92	1253.14	1270.38	1295.76	1313.36	1336.78	1360.30	1390.64	
1415.98	1447.16	1477.18	1513.44	1550.62	1595.12	1637.48	1683.86	1738.44	1794.44	1869.42	1955.58	2053.96	2190.18	2364.00	2612.72	
2988.62	3338.44	3597.36	3701.20	3687.60	3710.12	3701.34	3709.54	3716.34	3717.76	3717.94	3718.84	3725.56	3724.42	3725.34	3722.04	
3714.86	3716.18	3722.80	3733.92	3724.76	3726.54	3726.22	3727.04	3733.30	3737.36	3739.02	3738.68	3736.04	3735.24	3732.42	3728.16	
3732.18	3733.70	3730.40	3724.46	3722.22	3719.80	3722.94	3728.96	3728.04	3730.34	3732.06	3727.88	3731.64	3731.28	3744.92	3734.58	
3742.12	3746.08	3741.28	3737.70	3739.78	3738.90	3736.62	3730.10	3735.28	3736.94	3723.22	3734.36	3736.26	3736.48	3734.22	3734.96	
3725.76	3711.10	3710.74	3709.20	3706.80	3706.70	3723.82	3740.80	3731.58	3728.40	3722.14	3700.40	3721.92	3736.60	3725.50	3727.24	
3729.82	3721.86	3718.62	3724.48	3716.56	3714.66	3713.44	3708.12	3705.00	3708.88	3717.76	3721.96	3718.36	3721.50	3743.12	3700.22	

*******************************************2025/03/22;03:03:56
Probe number 19
Concentration entered by User 2.01% (Compensated: 2.22% at temperature 23.1)
1146.30	1146.82	1164.98	1175.68	1185.62	1198.88	1213.18	1224.92	1240.98	1252.14	1269.56	1293.68	1311.96	1335.20	1359.36	1389.06	
1413.50	1445.64	1476.82	1510.84	1549.04	1592.62	1636.78	1680.68	1738.90	1793.06	1868.58	1956.08	2051.06	2185.68	2362.06	2604.74	
2980.36	3338.86	3593.00	3697.82	3683.70	3707.08	3698.36	3706.36	3713.38	3714.84	3714.58	3715.90	3722.56	3721.84	3722.22	3719.26	
3712.18	3713.68	3719.58	3731.34	3721.76	3723.66	3723.20	3723.48	3731.16	3734.86	3736.60	3735.60	3733.14	3732.70	3729.68	3725.10	
3729.52	3730.74	3727.28	3721.40	3719.54	3716.22	3719.86	3726.06	3725.08	3727.34	3729.10	3724.80	3728.42	3728.40	3742.10	3731.78	
3739.44	3743.56	3738.70	3734.64	3736.78	3735.92	3734.28	3727.08	3732.66	3734.36	3719.80	3731.72	3733.22	3733.28	3731.28	3732.64	
3722.90	3708.34	3707.40	3705.76	3703.58	3703.28	3721.02	3738.24	3728.78	3725.24	3719.16	3697.02	3718.68	3733.74	3722.40	3724.54	
3726.58	3719.04	3715.42	3721.70	3713.42	3711.48	3710.74	3704.82	3701.80	3705.50	3714.74	3718.86	3715.56	3718.30	3740.46	3697.14	

*******************************************2025/03/22;03:23:56
Probe number 20
Concentration entered by User 2.01% (Compensated: 2.22% at temperature 23.1)
1147.02	1146.78	1164.94	1176.18	1185.72	1198.40	1213.24	1224.74	1241.24	1252.62	1269.96	1294.50	1312.20	1336.26	1359.10	1388.72	
1414.40	1446.14	1476.72	1512.44	1549.46	1593.22	1634.90	1681.12	1736.62	1793.20	1870.18	1956.90	2054.02	2187.86	2359.82	2609.34	
2984.60	3335.44	3595.64	3699.16	3685.54	3708.70	3699.84	3708.46	3714.40	3716.68	3716.32	3717.72	3724.14	3723.24	3723.52	3720.60	
3713.78	3715.08	3721.24	3732.18	3723.02	3725.22	3724.62	3725.14	3732.28	3736.10	3737.82	3737.22	3734.60	3733.96	3731.06	3727.02	
3730.66	3731.98	3728.86	3722.56	3720.92	3717.80	3721.50	3727.54	3726.38	3728.96	3730.78	3726.30	3730.16	3729.76	3743.64	3732.92	
3740.62	3745.16	3740.04	3736.32	3738.36	3737.76	3735.20	3728.52	3734.00	3735.66	3721.70	3733.00	3735.12	3735.14	3732.60	3733.80	
3724.22	3709.90	3709.14	3707.62	3705.48	3704.96	3721.90	3739.20	3730.10	3726.46	3720.40	3698.98	3720.38	3735.30	3723.60	3725.72	
3728.12	3720.56	3716.94	3723.02	3714.94	3713.18	3712.08	3706.18	3703.34	3707.76	3716.46	3720.08	3716.98	3720.00	3741.52	3698.94	

*******************************************2025/03/22;03:43:56
Probe number 21
Concentration entered by User 2.01% (Compensated: 2.22% at temperature 23.1)
1146.68	1147.28	1165.10	1175.86	1185.64	1198.40	1212.90	1224.70	1240.82	1252.70	1269.82	1293.70	1312.08	1335.96	1359.00	1389.10	
1413.78	1445.72	1476.96	1512.98	1547.86	1591.82	1635.64	1681.80	1737.92	1793.54	1871.62	1953.48	2053.38	2187.02	2361.12	2607.96	
2985.72	3333.54	3596.04	3698.50	3685.76	3708.46	3699.18	3707.72	3714.22	3715.84	3715.72	3717.08	3723.90	3722.88	3723.14	3720.08	
3713.48	3714.76	3721.10	3732.38	3723.00	3724.82	3724.30	3724.46	3731.86	3735.82	3737.48	3736.64	3733.94	3733.82	3730.92	3726.62	
3730.52	3731.72	3728.44	3722.12	3720.32	3717.46	3721.28	3726.96	3725.94	3728.38	3730.24	3726.02	3729.56	3729.52	3743.10	3732.80	
3740.22	3744.48	3739.56	3735.74	3737.86	3737.62	3735.08	3728.24	3733.62	3735.32	3721.28	3732.50	3734.48	3734.54	3732.42	3733.48	
3723.72	3709.38	3708.50	3706.70	3704.92	3704.86	3721.52	3738.88	3729.74	3726.48	3720.12	3698.22	3720.30	3734.66	3723.36	3725.42	
3727.62	3720.32	3716.70	3722.50	3714.64	3712.62	3711.88	3706.00	3702.82	3707.14	3715.64	3719.86	3716.70	3719.70	3741.20	3698.28	

*******************************************2025/03/22;04:00:03
Probe number 22
Concentration entered by User 2.00% (Compensated: 2.22% at temperature 23.2)
1146.94	1146.54	1164.76	1176.14	1185.64	1198.06	1213.12	1225.00	1241.04	1252.06	1269.16	1294.34	1311.48	1334.80	1358.94	1388.74	
1413.54	1446.84	1477.30	1511.56	1548.74	1593.10	1636.16	1680.48	1736.48	1794.90	1869.62	1954.48	2052.26	2186.68	2353.50	2613.60	
2987.80	3334.12	3597.26	3697.02	3685.04	3708.08	3698.82	3707.42	3714.18	3715.88	3715.64	3716.94	3723.50	3722.62	3723.16	3720.16	
3712.96	3714.48	3720.80	3731.88	3722.32	3724.60	3723.96	3724.34	3731.80	3735.52	3736.92	3736.24	3733.42	3733.16	3730.20	3726.28	
3730.14	3731.34	3728.16	3721.70	3720.10	3717.10	3720.22	3726.72	3725.42	3727.98	3730.22	3725.66	3729.66	3729.26	3743.12	3732.66	
3739.86	3744.16	3739.12	3735.50	3737.84	3737.10	3734.70	3727.98	3733.20	3734.90	3720.76	3732.20	3734.26	3734.18	3732.08	3733.10	
3723.72	3708.96	3708.12	3706.40	3704.06	3704.22	3721.84	3738.68	3729.78	3725.86	3719.80	3698.36	3719.82	3734.92	3722.84	3725.54	
3727.48	3720.38	3716.14	3722.38	3714.18	3712.42	3711.42	3705.82	3702.38	3706.60	3715.58	3719.36	3716.66	3719.28	3740.82	3698.04	

*******************************************2025/03/22;04:03:56
Probe number 23
Concentration entered by User 2.01% (Compensated: 2.22% at temperature 23.2)
1146.52	1146.68	1164.52	1175.58	1185.54	1198.24	1212.76	1224.02	1240.88	1252.00	1269.30	1293.56	1311.38	1334.74	1358.48	1387.88	
1412.98	1445.06	1476.50	1512.24	1547.88	1592.54	1634.74	1680.82	1735.66	1792.52	1870.66	1954.44	2051.88	2186.96	2355.94	2612.36	
2983.80	3337.48	3594.54	3696.02	3685.42	3708.06	3698.86	3707.10	3713.60	3715.18	3715.30	3716.60	3723.54	3722.38	3722.92	3719.82	
3712.98	3714.68	3720.74	3731.88	3722.48	3724.40	3723.80	3724.06	3731.68	3735.38	3737.08	3736.38	3733.50	3733.22	3730.46	3726.12	
3730.12	3731.54	3728.10	3721.84	3720.38	3717.34	3720.80	3727.10	3725.46	3728.16	3729.96	3725.90	3729.44	3728.92	3742.88	3732.58	
3739.98	3744.40	3739.34	3735.56	3737.54	3736.96	3734.80	3727.84	3733.30	3735.00	3720.84	3732.38	3734.36	3734.22	3732.12	3732.94	
3723.64	3709.02	3708.14	3706.62	3704.60	3704.32	3721.46	3738.90	3729.32	3725.96	3719.80	3698.12	3719.52	3734.78	3722.82	3724.96	
3727.36	3719.82	3716.34	3722.40	3714.18	3712.46	3711.22	3705.84	3702.84	3706.52	3715.56	3719.50	3716.24	3718.94	3741.02	3697.82	

*******************************************2025/03/22;04:23:56
Probe number 24
Concentration entered by User 2.00% (Compensated: 2.21% at temperature 23.2)
1147.10	1146.94	1165.00	1176.22	1185.76	1198.34	1213.14	1224.60	1241.12	1252.66	1269.64	1294.36	1312.12	1335.60	1358.56	1388.44	
1414.06	1445.92	1476.94	1512.62	1548.96	1594.22	1635.98	1681.04	1736.94	1795.40	1871.90	1958.26	2052.12	2189.98	2357.84	2612.94	
2985.02	3341.18	3596.28	3702.34	3688.10	3710.00	3701.66	3709.46	3716.28	3718.30	3718.22	3719.34	3725.76	3725.04	3725.44	3722.42	
3715.54	3717.10	3723.46	3733.80	3724.58	3726.72	3726.26	3726.74	3733.96	3737.68	3739.26	3738.70	3735.90	3735.24	3732.50	3728.58	
3732.40	3733.74	3730.34	3724.16	3722.38	3719.62	3722.98	3729.12	3727.82	3730.52	3732.34	3727.80	3731.56	3731.46	3744.84	3734.84	
3741.94	3746.26	3741.12	3737.90	3739.74	3739.48	3736.94	3730.52	3735.56	3737.26	3722.98	3734.56	3736.60	3736.16	3734.38	3735.38	
3725.84	3711.68	3710.84	3709.40	3707.18	3706.74	3724.06	3740.86	3731.70	3728.28	3722.58	3700.72	3722.18	3736.98	3725.08	3727.70	
3729.52	3722.38	3718.88	3725.02	3716.94	3714.68	3713.88	3708.20	3705.00	3708.92	3717.80	3722.10	3719.04	3721.70	3743.34	3700.72	

*******************************************2025/03/22;04:43:56
Probe number 25
Concentration entered by User 2.00% (Compensated: 2.22% at temperature 23.2)
1146.26	1146.00	1164.04	1174.92	1184.66	1197.60	1212.24	1224.40	1240.18	1251.86	1268.16	1292.42	1310.32	1334.82	1357.94	1387.52	
1412.02	1444.40	1475.60	1512.10	1546.44	1592.28	1633.82	1678.58	1735.72	1792.96	1869.60	1956.34	2050.10	2186.36	2355.06	2611.38	
2983.18	3339.82	3593.42	3698.24	3684.06	3706.52	3698.06	3706.24	3713.12	3714.68	3714.34	3715.86	3722.46	3721.52	3722.04	3718.80	
3712.32	3713.84	3719.74	3730.50	3721.24	3723.26	3722.74	3723.26	3730.56	3734.46	3735.70	3735.34	3732.40	3731.96	3729.54	3724.98	
3729.30	3730.60	3727.02	3720.68	3719.30	3716.06	3720.04	3725.84	3724.40	3727.06	3728.82	3724.46	3728.42	3727.70	3741.92	3731.44	
3738.92	3743.30	3738.60	3734.56	3736.82	3735.98	3733.86	3726.78	3732.34	3733.86	3719.86	3731.46	3733.36	3733.52	3731.20	3731.90	
3722.76	3708.06	3707.38	3705.66	3703.46	3703.56	3720.62	3737.82	3728.98	3725.00	3718.86	3696.94	3718.26	3733.54	3722.44	3724.34	
3726.76	3718.90	3715.36	3721.50	3713.20	3711.06	3710.66	3704.54	3701.52	3705.86	3714.48	3718.42	3715.56	3718.34	3739.66	3696.72	

*******************************************2025/03/22;05:03:56
Probe number 26
Concentration entered by User 2.00% (Compensated: 2.22% at temperature 23.2)
1146.86	1146.52	1164.82	1176.02	1185.70	1198.26	1212.60	1224.86	1240.58	1252.34	1269.28	1293.16	1311.38	1334.90	1359.48	1388.48	
1413.56	1444.36	1476.88	1512.94	1548.30	1593.04	1635.10	1681.82	1736.08	1795.40	1869.98	1957.38	2052.36	2189.74	2361.74	2613.20	
2989.64	3335.40	3597.16	3701.48	3686.60	3709.32	3700.60	3708.94	3715.64	3717.34	3716.94	3718.44	3725.10	3723.96	3724.62	3721.66	
3714.96	3716.60	3722.72	3733.58	3723.92	3725.96	3725.74	3725.78	3733.34	3736.94	3738.30	3737.80	3734.86	3734.38	3732.02	3727.86	
3731.72	3732.96	3729.72	3723.66	3721.72	3718.72	3722.32	3728.64	3727.00	3729.50	3731.06	3727.42	3730.84	3730.62	3744.44	3733.74	
3741.14	3745.80	3740.36	3736.58	3738.88	3738.56	3736.32	3729.54	3734.80	3736.50	3722.38	3733.82	3736.08	3735.62	3733.72	3734.68	
3725.46	3710.76	3710.08	3708.14	3706.40	3706.48	3723.34	3740.18	3731.22	3727.42	3721.50	3699.96	3720.98	3736.24	3724.66	3727.04	
3728.96	3721.48	3718.04	3724.12	3716.16	3714.12	3713.34	3707.40	3704.38	3708.46	3716.96	3721.02	3718.10	3720.76	3742.46	3699.62	

*******************************************2025/03/22;05:23:56
Probe number 27
Concentration entered by User 2.00% (Compensated: 2.22% at temperature 23.2)
1146.14	1146.24	1164.68	1175.30	1185.04	1197.36	1212.52	1224.10	1240.38	1251.76	1268.84	1292.84	1310.66	1334.28	1358.16	1387.82	
1412.60	1444.52	1475.32	1512.02	1547.34	1592.86	1635.08	1680.08	1736.80	1793.80	1871.78	1959.66	2054.24	2187.92	2356.76	2610.56	
2987.92	3339.48	3596.60	3701.28	3686.70	3709.12	3700.14	3708.50	3715.16	3716.64	3716.48	3718.12	3724.54	3723.66	3724.04	3721.04	
3714.30	3716.48	3722.06	3732.68	3723.52	3725.72	3724.56	3725.82	3732.72	3736.50	3737.92	3737.16	3734.16	3733.94	3731.54	3727.18	
3731.04	3732.50	3728.86	3722.84	3721.36	3718.34	3721.44	3727.74	3726.56	3728.70	3730.58	3726.54	3730.42	3730.30	3743.96	3733.72	
3741.02	3745.06	3740.14	3736.74	3738.76	3737.96	3735.32	3729.00	3734.24	3735.84	3722.02	3733.50	3735.40	3735.28	3732.88	3734.38	
3724.52	3710.20	3709.58	3707.94	3705.76	3705.86	3722.82	3739.78	3730.50	3727.06	3720.96	3699.36	3720.80	3735.40	3724.14	3726.26	
3728.72	3720.78	3717.40	3723.44	3715.34	3713.46	3712.52	3706.64	3703.82	3707.74	3716.68	3720.22	3717.32	3720.48	3741.86	3699.14	

*******************************************2025/03/22;05:43:56
Probe number 28
Concentration entered by User 2.00% (Compensated: 2.22% at temperature 23.3)
1146.04	1146.10	1164.80	1175.78	1185.52	1197.72	1212.78	1224.20	1240.34	1251.68	1268.90	1292.76	1310.14	1334.10	1358.58	1387.52	
1412.10	1444.36	1475.96	1511.24	1547.14	1591.76	1633.86	1679.96	1734.94	1792.96	1870.88	1957.88	2054.08	2186.04	2356.12	2608.86	
2988.18	3339.50	3597.74	3701.32	3686.70	3708.98	3700.20	3708.24	3714.82	3716.50	3716.48	3717.66	3724.58	3723.48	3723.90	3720.66	
3714.18	3715.74	3722.02	3732.60	3723.16	3725.14	3724.86	3725.56	3732.54	3736.42	3737.58	3736.82	3733.96	3733.58	3730.86	3727.02	
3731.08	3732.12	3728.66	3722.36	3720.84	3717.68	3721.76	3728.10	3726.12	3728.66	3730.54	3726.54	3730.24	3729.94	3743.62	3733.38	
3740.32	3744.90	3740.22	3736.32	3738.58	3737.66	3735.38	3728.80	3734.10	3736.28	3721.64	3733.20	3734.88	3735.04	3733.06	3734.02	
3725.14	3710.02	3709.28	3707.42	3705.50	3705.58	3722.50	3739.46	3730.60	3726.66	3720.72	3699.10	3720.58	3735.44	3723.60	3726.16	
3728.52	3720.98	3717.02	3723.48	3715.46	3713.16	3712.36	3706.70	3703.74	3707.80	3716.46	3720.66	3717.46	3720.26	3741.72	3698.80	

*******************************************2025/03/22;06:03:56
Probe number 29
Concentration entered by User 2.00% (Compensated: 2.22% at temperature 23.3)
1145.88	1145.66	1164.20	1175.24	1184.96	1197.68	1211.94	1223.94	1239.70	1251.54	1268.80	1292.40	1309.68	1333.50	1357.46	1387.16	
1411.74	1443.26	1475.06	1511.86	1548.26	1591.88	1633.50	1679.76	1735.06	1791.46	1870.34	1957.88	2053.28	2186.44	2359.92	2611.98	
2983.84	3342.20	3595.70	3700.02	3686.40	3708.74	3700.14	3708.10	3714.90	3716.20	3716.48	3717.36	3724.08	3723.36	3723.76	3720.82	
3713.92	3715.92	3721.86	3732.56	3722.84	3725.02	3724.58	3725.36	3732.60	3736.44	3737.38	3736.90	3733.62	3733.18	3730.70	3726.58	
3730.92	3732.14	3728.36	3722.30	3720.52	3718.10	3721.08	3727.44	3725.90	3728.70	3730.24	3726.06	3730.10	3729.72	3743.36	3733.02	
3740.40	3744.50	3739.88	3735.98	3738.40	3737.80	3735.24	3728.52	3733.84	3735.70	3721.44	3733.04	3735.04	3734.84	3732.74	3733.64	
3724.56	3710.04	3708.92	3707.38	3705.42	3704.78	3722.48	3739.22	3729.98	3726.80	3720.78	3698.98	3720.34	3735.06	3723.52	3726.26	
3728.04	3720.88	3716.98	3723.02	3714.92	3713.30	3712.20	3706.72	3703.26	3707.62	3716.06	3720.10	3717.18	3720.36	3741.46	3698.52	

*******************************************2025/03/22;06:23:56
Probe number 30
Concentration entered by User 2.00% (Compensated: 2.22% at temperature 23.3)
1145.86	1145.96	1164.32	1175.34	1185.20	1197.42	1212.08	1224.04	1240.22	1251.80	1268.30	1292.18	1308.86	1333.30	1357.14	1387.18	
1412.00	1443.76	1474.26	1510.68	1547.48	1592.16	1634.26	1680.00	1734.22	1792.56	1869.86	1956.66	2053.46	2188.50	2357.56	2612.82	
2985.72	3339.74	3595.96	3700.56	3685.84	3708.54	3699.96	3707.94	3714.36	3716.22	3716.00	3717.28	3723.72	3723.08	3723.70	3720.36	
3713.96	3715.56	3721.64	3732.22	3722.94	3725.44	3724.34	3725.24	3732.24	3736.28	3737.46	3736.56	3733.52	3732.96	3730.40	3726.80	
3730.58	3731.98	3728.34	3722.22	3720.42	3717.96	3720.96	3727.48	3725.92	3728.50	3730.26	3726.28	3730.00	3729.54	3743.36	3732.96	
3740.18	3744.70	3739.60	3736.20	3737.98	3737.42	3735.34	3728.44	3733.84	3735.50	3721.62	3732.76	3735.04	3734.54	3732.66	3733.66	
3724.42	3709.62	3708.88	3707.42	3705.32	3704.90	3722.26	3739.08	3730.10	3726.54	3720.54	3699.04	3719.88	3735.12	3723.60	3725.86	
3728.00	3720.28	3716.74	3723.20	3714.94	3712.96	3711.96	3706.26	3703.04	3707.38	3715.96	3719.90	3716.90	3719.64	3741.42	3698.28	

*******************************************2025/03/22;06:43:56
Probe number 31
Concentration entered by User 1.98% (Compensated: 2.21% at temperature 23.3)
1145.66	1146.32	1164.66	1175.74	1185.54	1197.90	1212.36	1224.30	1240.44	1252.20	1268.94	1292.60	1310.28	1334.18	1358.76	1388.70	
1413.48	1444.62	1475.00	1512.56	1548.66	1593.60	1636.64	1680.50	1735.18	1791.58	1871.70	1962.62	2055.52	2192.98	2359.48	2615.26	
2988.92	3344.76	3601.12	3703.14	3688.70	3711.32	3702.16	3710.34	3717.06	3718.78	3718.46	3719.80	3726.26	3725.22	3725.90	3722.70	
3716.44	3718.12	3723.88	3734.28	3724.76	3727.16	3726.50	3727.22	3734.78	3738.08	3739.24	3738.62	3735.30	3735.14	3732.76	3728.76	
3732.60	3733.96	3730.46	3724.32	3722.64	3720.04	3723.42	3729.44	3727.98	3730.24	3732.06	3728.28	3731.76	3731.56	3745.16	3735.14	
3742.38	3746.64	3741.60	3737.98	3740.26	3739.68	3737.08	3730.62	3735.82	3737.52	3723.76	3735.14	3737.18	3736.66	3734.80	3735.64	
3726.60	3711.76	3711.04	3709.66	3707.36	3707.56	3724.20	3741.38	3732.20	3728.82	3722.36	3701.06	3722.78	3736.94	3725.84	3727.78	
3730.38	3722.64	3719.26	3725.10	3717.32	3715.06	3714.14	3708.84	3705.90	3709.22	3718.50	3722.16	3719.24	3722.32	3743.18	3700.68	

*******************************************2025/03/22;07:00:03
Probe number 32
Concentration entered by User 2.00% (Compensated: 2.22% at temperature 23.3)
1146.00	1146.20	1164.64	1175.90	1185.36	1198.02	1212.14	1224.60	1240.40	1251.84	1268.76	1292.24	1309.46	1333.98	1358.20	1387.84	
1411.80	1443.32	1474.42	1511.16	1547.68	1592.48	1634.98	1679.90	1735.06	1792.26	1870.20	1958.20	2053.32	2189.10	2357.02	2608.66	
2988.48	3340.88	3595.04	3699.42	3686.30	3708.60	3699.22	3707.48	3714.04	3715.94	3715.52	3717.04	3723.50	3723.02	3722.96	3720.20	
3713.84	3715.78	3721.38	3732.10	3722.38	3724.74	3724.32	3724.88	3732.40	3736.14	3736.96	3736.42	3733.00	3732.62	3730.28	3726.34	
3730.54	3731.90	3727.88	3721.62	3720.22	3717.46	3720.58	3727.16	3725.74	3728.36	3729.94	3725.98	3729.48	3729.10	3743.12	3732.46	
3740.32	3744.44	3739.66	3736.00	3737.80	3737.26	3734.82	3728.08	3733.42	3735.42	3721.12	3732.66	3734.36	3734.40	3732.20	3733.56	
3723.98	3709.30	3708.48	3706.98	3704.86	3704.74	3722.12	3739.22	3729.68	3726.28	3720.08	3698.38	3720.02	3734.74	3723.22	3725.48	
3727.70	3720.24	3716.48	3722.82	3714.62	3712.72	3712.00	3705.94	3702.84	3707.02	3715.84	3719.84	3716.42	3719.86	3740.90	3698.30	

*******************************************2025/03/22;07:03:56
Probe number 33
Concentration entered by User 1.99% (Compensated: 2.21% at temperature 23.3)
1145.70	1145.72	1164.08	1175.28	1184.92	1197.48	1211.68	1223.84	1240.24	1251.82	1268.38	1292.28	1309.46	1333.62	1357.12	1387.32	
1412.42	1443.10	1473.54	1510.58	1546.62	1592.46	1634.74	1680.06	1733.84	1792.98	1871.66	1958.60	2054.14	2189.40	2361.48	2611.82	
2985.94	3342.80	3599.78	3701.56	3688.34	3710.46	3702.10	3709.66	3716.36	3718.04	3718.04	3719.10	3725.84	3724.84	3725.28	3722.22	
3715.58	3717.80	3723.38	3734.04	3724.64	3726.94	3726.52	3726.98	3734.56	3737.82	3739.02	3738.14	3735.16	3734.78	3732.66	3728.12	
3732.56	3733.98	3729.72	3723.70	3722.36	3719.38	3722.92	3729.36	3727.68	3730.40	3731.82	3728.06	3731.72	3731.50	3744.92	3734.46	
3742.22	3746.36	3741.58	3737.64	3739.78	3739.22	3737.06	3730.36	3735.82	3737.20	3723.42	3734.36	3736.72	3736.38	3734.60	3735.34	
3726.30	3712.00	3710.64	3709.02	3707.12	3707.02	3724.08	3740.86	3731.90	3728.08	3722.20	3700.64	3722.16	3736.60	3725.80	3727.82	
3729.60	3722.36	3718.80	3724.78	3716.78	3714.50	3714.00	3708.62	3705.62	3709.22	3717.84	3722.02	3718.88	3721.68	3742.88	3700.40	

*******************************************2025/03/22;07:23:56
Probe number 34
Concentration entered by User 1.98% (Compensated: 2.20% at temperature 23.3)
1146.22	1146.36	1164.70	1176.00	1185.20	1198.08	1212.70	1225.12	1240.58	1252.30	1269.06	1292.58	1309.84	1334.76	1358.66	1388.52	
1413.10	1444.46	1475.64	1511.92	1549.52	1594.34	1636.24	1681.28	1735.28	1791.32	1872.36	1959.74	2056.46	2190.98	2360.34	2612.92	
2990.02	3347.22	3601.64	3702.98	3689.12	3711.42	3702.66	3710.58	3716.72	3718.38	3718.24	3719.50	3726.40	3725.10	3725.48	3722.28	
3716.40	3718.38	3723.82	3734.24	3724.74	3726.88	3726.58	3727.30	3734.80	3737.90	3739.08	3738.40	3735.14	3734.78	3732.34	3728.28	
3732.56	3733.84	3730.10	3723.78	3722.68	3719.52	3723.28	3729.30	3727.72	3730.86	3732.16	3728.18	3732.20	3731.86	3745.12	3734.84	
3742.12	3746.70	3741.86	3738.04	3740.22	3739.52	3737.02	3730.30	3735.56	3737.52	3723.84	3734.92	3736.80	3736.54	3734.76	3735.90	
3726.42	3711.72	3711.28	3709.46	3707.80	3707.34	3724.10	3741.40	3732.26	3728.58	3722.36	3700.82	3722.12	3736.98	3725.28	3728.08	
3729.98	3722.66	3719.00	3725.34	3717.54	3715.08	3714.28	3708.64	3705.56	3709.80	3718.06	3722.32	3719.26	3721.90	3742.88	3700.50	

*******************************************2025/03/22;07:43:56
Probe number 35
Concentration entered by User 2.00% (Compensated: 2.23% at temperature 23.3)
1145.64	1145.94	1164.40	1175.90	1185.42	1197.64	1211.80	1224.14	1240.24	1251.02	1268.62	1291.74	1309.34	1333.38	1358.18	1387.66	
1412.50	1443.22	1473.74	1510.06	1547.44	1592.14	1635.78	1677.96	1732.22	1789.92	1870.20	1958.58	2056.82	2188.16	2355.02	2613.92	
2987.44	3337.44	3594.96	3700.08	3686.44	3708.84	3699.62	3707.86	3714.50	3716.12	3715.90	3717.02	3724.12	3722.88	3723.02	3720.22	
3714.10	3715.62	3721.80	3732.30	3722.34	3724.90	3724.28	3725.04	3732.54	3735.84	3736.86	3736.24	3732.94	3732.42	3730.08	3726.16	
3730.48	3731.82	3727.84	3721.76	3720.48	3717.40	3720.68	3727.16	3725.70	3728.54	3729.90	3726.10	3729.74	3729.44	3743.10	3732.94	
3740.06	3744.64	3739.76	3736.04	3737.98	3737.28	3735.14	3728.50	3733.74	3735.40	3721.40	3732.78	3735.06	3734.92	3732.18	3733.60	
3723.70	3709.18	3708.48	3706.90	3704.64	3704.94	3721.94	3739.08	3730.04	3726.44	3719.96	3698.90	3719.86	3735.16	3723.22	3725.70	
3728.00	3720.46	3716.78	3722.82	3715.04	3712.74	3712.00	3706.36	3703.00	3706.90	3715.82	3719.78	3716.82	3719.72	3741.18	3698.24	

*******************************************2025/03/22;08:03:56
Probe number 36
Concentration entered by User 2.00% (Compensated: 2.22% at temperature 23.3)
1145.36	1145.38	1163.88	1175.10	1184.92	1197.36	1211.32	1223.42	1239.26	1251.08	1268.18	1291.76	1309.16	1332.78	1357.52	1387.02	
1412.10	1442.86	1473.42	1510.46	1546.06	1593.52	1635.58	1678.98	1734.54	1789.06	1871.40	1956.46	2058.46	2184.48	2360.04	2611.26	
2985.56	3340.74	3595.58	3698.80	3685.76	3707.96	3699.22	3707.14	3713.74	3715.32	3715.28	3716.68	3723.24	3722.56	3722.62	3719.32	
3713.10	3715.22	3721.00	3731.24	3721.86	3724.22	3723.72	3724.22	3731.90	3735.42	3736.54	3735.64	3732.28	3731.78	3729.64	3725.44	
3729.80	3731.34	3727.10	3721.06	3719.48	3716.94	3720.38	3726.42	3725.28	3727.86	3729.72	3725.44	3729.12	3728.92	3742.78	3732.48	
3739.52	3743.90	3739.16	3735.42	3737.64	3736.92	3734.44	3727.70	3733.20	3734.72	3720.80	3732.26	3733.98	3733.90	3731.98	3733.00	
3723.82	3708.88	3708.28	3706.22	3704.08	3704.30	3721.36	3738.26	3729.40	3725.78	3719.82	3697.80	3719.26	3734.52	3722.52	3724.94	
3727.56	3719.86	3716.32	3722.30	3714.34	3711.98	3711.16	3705.84	3702.64	3706.48	3715.20	3719.38	3716.08	3719.22	3740.68	3697.68	

*******************************************2025/03/22;08:23:56
Probe number 37
Concentration entered by User 2.00% (Compensated: 2.23% at temperature 23.3)
1145.08	1145.46	1163.58	1174.96	1184.70	1197.32	1211.60	1224.00	1239.44	1251.00	1267.94	1291.78	1309.00	1332.72	1356.52	1385.76	
1411.76	1442.74	1473.40	1509.24	1547.66	1592.40	1634.18	1679.92	1731.26	1790.22	1867.44	1957.40	2054.82	2192.44	2356.26	2608.08	
2988.28	3338.06	3596.06	3700.42	3685.14	3708.02	3698.90	3707.08	3713.36	3715.08	3715.28	3716.44	3723.14	3722.14	3722.18	3719.36	
3713.18	3715.12	3720.50	3731.44	3721.52	3724.10	3723.56	3724.26	3731.40	3735.30	3736.22	3735.28	3731.86	3731.62	3729.30	3725.42	
3730.02	3731.18	3726.98	3720.90	3719.56	3716.42	3720.14	3726.46	3725.04	3727.84	3729.48	3725.18	3729.16	3729.08	3742.44	3732.20	
3739.58	3744.36	3738.90	3735.30	3737.38	3736.84	3734.32	3727.56	3733.08	3734.80	3720.40	3732.22	3733.92	3734.04	3731.54	3732.62	
3723.46	3708.90	3707.90	3706.34	3704.04	3704.14	3721.32	3738.80	3729.04	3725.48	3719.30	3697.80	3719.50	3734.32	3722.50	3724.90	
3727.10	3719.48	3715.90	3722.02	3714.10	3712.00	3711.12	3705.26	3702.64	3706.66	3715.20	3719.28	3715.96	3718.84	3740.20	3697.06	

*******************************************2025/03/22;08:43:56
Probe number 38
Concentration entered by User 2.00% (Compensated: 2.23% at temperature 23.3)
1145.26	1144.74	1163.34	1174.92	1184.70	1197.20	1211.50	1223.94	1239.48	1250.82	1268.26	1291.92	1308.94	1332.50	1357.04	1386.46	
1411.24	1442.58	1473.46	1510.00	1546.70	1591.88	1634.46	1678.24	1731.48	1789.88	1868.20	1960.60	2054.44	2185.52	2355.12	2611.60	
2986.86	3339.42	3593.62	3699.30	3685.20	3707.92	3698.80	3706.86	3713.32	3715.26	3714.78	3716.28	3723.22	3722.26	3722.16	3719.20	
3713.32	3715.20	3720.90	3731.18	3721.58	3723.96	3723.46	3724.00	3731.88	3734.94	3736.00	3735.26	3731.84	3731.52	3729.30	3725.36	
3729.94	3731.38	3727.28	3721.02	3719.48	3716.66	3720.18	3726.56	3724.98	3727.76	3729.64	3725.14	3729.16	3728.80	3742.16	3732.28	
3739.60	3744.24	3739.02	3735.14	3737.40	3736.66	3734.64	3727.68	3733.14	3734.58	3720.36	3732.24	3734.02	3734.24	3731.86	3732.64	
3723.56	3708.76	3708.02	3706.22	3704.18	3704.10	3721.76	3738.68	3729.34	3725.56	3719.28	3697.78	3719.16	3734.18	3722.78	3724.78	
3726.84	3719.50	3715.54	3721.98	3714.10	3711.92	3711.04	3705.64	3702.18	3706.08	3715.24	3719.08	3716.04	3718.84	3740.64	3697.00	

*******************************************2025/03/22;09:03:56
Probe number 39
Concentration entered by User 1.99% (Compensated: 2.21% at temperature 23.3)
1145.42	1145.28	1163.74	1175.38	1184.82	1197.90	1212.18	1223.96	1239.72	1251.68	1268.40	1292.50	1309.22	1333.14	1357.12	1387.40	
1412.62	1443.82	1474.58	1511.12	1548.06	1593.36	1636.40	1681.54	1734.10	1790.68	1869.94	1959.66	2053.88	2188.72	2360.96	2611.32	
2988.68	3343.88	3600.16	3702.64	3687.76	3710.62	3701.88	3709.38	3716.00	3717.62	3717.28	3718.50	3725.58	3724.36	3724.32	3721.40	
3715.76	3717.58	3723.18	3733.40	3723.72	3726.00	3726.02	3726.40	3733.86	3737.00	3738.44	3737.50	3734.28	3733.42	3731.52	3727.78	
3731.96	3733.22	3729.28	3723.16	3722.00	3719.04	3722.56	3728.64	3727.26	3730.02	3731.66	3727.66	3730.98	3730.92	3744.70	3734.28	
3741.46	3745.74	3740.98	3737.52	3739.76	3738.92	3736.36	3730.02	3735.16	3737.02	3722.96	3734.38	3736.22	3736.22	3733.82	3734.76	
3725.86	3711.14	3710.44	3708.66	3706.78	3706.66	3723.74	3740.76	3731.34	3727.64	3721.70	3700.20	3721.42	3736.20	3724.76	3727.06	
3729.42	3721.94	3718.24	3724.32	3716.38	3714.22	3713.62	3707.78	3704.78	3708.70	3717.54	3721.36	3718.40	3721.20	3742.48	3699.52	

*******************************************2025/03/22;09:23:56
Probe number 40
Concentration entered by User 1.99% (Compensated: 2.21% at temperature 23.3)
1145.62	1145.12	1164.00	1175.06	1184.66	1197.42	1211.64	1223.90	1239.54	1250.84	1268.02	1291.64	1308.82	1332.72	1356.82	1387.30	
1412.10	1443.32	1473.54	1509.50	1547.22	1592.10	1634.76	1680.20	1733.74	1789.70	1870.00	1958.94	2057.30	2186.34	2357.64	2614.62	
2987.80	3344.06	3598.84	3702.26	3688.22	3710.22	3701.08	3709.40	3716.16	3717.46	3717.32	3718.60	3725.26	3724.58	3724.42	3721.32	
3715.76	3717.46	3723.12	3733.32	3723.72	3725.96	3725.50	3726.38	3733.68	3737.10	3737.98	3737.40	3734.30	3733.52	3731.64	3727.66	
3732.00	3733.48	3729.44	3722.96	3721.94	3718.90	3722.32	3729.02	3727.44	3730.16	3731.34	3727.44	3731.36	3731.16	3744.26	3734.44	
3741.56	3745.84	3741.10	3737.22	3739.32	3739.02	3736.74	3730.00	3735.22	3736.94	3722.90	3734.22	3736.00	3735.76	3734.06	3734.98	
3725.30	3711.36	3710.40	3708.50	3706.52	3706.84	3723.72	3740.84	3731.48	3727.68	3721.88	3700.02	3721.56	3736.56	3724.92	3726.94	
3729.46	3722.04	3718.26	3724.42	3716.14	3714.48	3713.44	3707.70	3705.20	3708.86	3717.44	3721.68	3718.40	3721.30	3742.66	3699.98	

*******************************************2025/03/22;09:43:56
Probe number 41
Concentration entered by User 2.00% (Compensated: 2.23% at temperature 23.3)
1145.14	1145.46	1163.38	1174.52	1184.86	1197.38	1211.54	1223.38	1239.46	1250.24	1267.86	1291.22	1308.74	1332.86	1355.86	1385.78	
1411.98	1443.12	1473.90	1508.98	1545.94	1590.96	1634.10	1679.72	1730.54	1788.18	1870.56	1956.70	2053.46	2185.58	2363.44	2606.08	
2985.00	3339.92	3595.60	3698.96	3686.00	3707.92	3699.18	3706.94	3713.98	3715.34	3715.08	3716.68	3722.88	3722.24	3722.32	3719.46	
3713.48	3715.48	3721.08	3731.32	3721.64	3724.36	3723.86	3724.46	3731.66	3735.02	3736.16	3735.50	3731.98	3731.62	3729.46	3725.56	
3729.88	3731.32	3727.26	3720.86	3719.90	3716.72	3720.24	3726.56	3725.22	3727.98	3729.42	3725.72	3729.44	3729.20	3742.60	3732.32	
3739.54	3744.20	3739.22	3735.68	3737.50	3736.78	3734.62	3727.62	3733.02	3735.04	3720.74	3732.36	3734.18	3734.22	3732.04	3732.86	
3723.60	3709.02	3708.02	3706.72	3704.48	3704.40	3721.74	3738.82	3729.20	3725.86	3719.68	3697.98	3719.42	3734.36	3722.74	3724.88	
3727.24	3719.82	3716.02	3722.54	3714.52	3712.06	3711.52	3706.10	3702.48	3706.60	3715.32	3719.64	3716.20	3719.20	3740.64	3697.68	

*******************************************2025/03/22;10:03:56
Probe number 42
Concentration entered by User 1.98% (Compensated: 2.21% at temperature 23.3)
1145.76	1145.74	1164.08	1175.26	1185.22	1197.96	1211.58	1224.10	1240.54	1251.42	1268.32	1292.06	1308.68	1333.44	1357.40	1387.50	
1412.90	1443.76	1473.94	1510.30	1548.34	1592.62	1635.06	1680.72	1735.28	1790.70	1869.56	1960.08	2057.68	2189.18	2362.30	2612.38	
2990.22	3345.76	3600.56	3704.50	3690.08	3712.46	3703.62	3711.86	3718.20	3719.50	3719.70	3721.06	3727.52	3726.78	3726.54	3724.04	
3718.08	3719.94	3725.22	3735.68	3725.94	3728.08	3728.06	3728.38	3735.96	3739.16	3740.06	3738.90	3735.98	3735.56	3733.52	3729.86	
3733.88	3735.24	3731.16	3725.18	3723.88	3721.02	3724.80	3730.74	3729.70	3731.96	3733.54	3729.88	3733.66	3733.36	3746.42	3736.46	
3743.74	3747.82	3743.08	3739.48	3741.48	3741.00	3738.52	3731.90	3737.20	3739.00	3725.12	3736.34	3738.16	3737.78	3735.96	3737.12	
3727.60	3713.42	3712.50	3711.30	3708.94	3709.28	3726.16	3742.58	3733.56	3729.90	3724.00	3702.80	3724.00	3738.38	3727.36	3728.96	
3731.16	3724.38	3720.58	3726.60	3718.70	3716.54	3715.68	3709.98	3707.40	3711.04	3719.56	3723.28	3720.76	3723.56	3744.32	3702.50	

*******************************************2025/03/22;10:23:56
Probe number 43
Concentration entered by User 2.01% (Compensated: 2.23% at temperature 23.3)
1144.72	1144.86	1162.90	1174.16	1184.02	1196.52	1210.92	1222.74	1239.10	1250.12	1267.26	1290.98	1307.76	1331.56	1355.44	1385.92	
1410.52	1441.58	1471.90	1507.46	1544.58	1589.46	1633.40	1677.24	1731.82	1788.68	1865.96	1955.78	2052.30	2186.06	2357.42	2606.58	
2985.00	3339.12	3592.52	3698.64	3685.06	3707.48	3698.22	3706.38	3713.18	3714.98	3714.60	3716.28	3722.90	3721.86	3721.94	3719.16	
3713.24	3714.84	3720.34	3730.80	3720.90	3723.64	3723.06	3723.84	3731.40	3734.80	3735.42	3734.90	3731.40	3730.94	3728.88	3725.10	
3729.38	3730.64	3726.60	3720.52	3719.00	3716.12	3719.64	3725.86	3724.60	3727.26	3729.00	3724.86	3728.70	3728.32	3742.12	3731.80	
3739.06	3743.42	3738.70	3734.96	3737.24	3736.46	3734.06	3727.24	3732.78	3734.66	3720.20	3731.84	3733.88	3733.54	3731.56	3732.42	
3722.96	3708.34	3707.30	3705.76	3703.72	3704.00	3720.74	3738.30	3728.64	3725.24	3718.70	3697.38	3718.82	3733.36	3722.48	3724.58	
3726.86	3719.10	3715.10	3721.90	3713.32	3711.30	3710.98	3704.98	3702.12	3705.96	3714.64	3718.50	3715.48	3718.26	3740.16	3696.60	

*******************************************2025/03/22;10:43:56
Probe number 44
Concentration entered by User 2.00% (Compensated: 2.23% at temperature 23.4)
1144.72	1145.20	1163.26	1174.54	1184.14	1197.58	1211.56	1223.62	1239.72	1250.56	1268.06	1291.54	1308.18	1331.70	1356.20	1386.70	
1412.06	1443.00	1472.58	1509.70	1545.98	1591.62	1634.44	1678.92	1732.64	1789.42	1868.60	1958.10	2053.94	2186.94	2359.54	2608.40	
2984.84	3339.30	3596.36	3701.18	3687.82	3710.26	3701.28	3708.92	3715.70	3717.32	3717.26	3718.44	3725.10	3724.30	3724.44	3721.50	
3715.54	3717.58	3723.16	3733.04	3723.72	3725.84	3725.40	3726.34	3733.86	3737.18	3737.78	3737.02	3733.66	3733.22	3731.20	3727.42	
3731.72	3733.04	3729.00	3722.80	3721.64	3718.76	3722.28	3728.28	3727.10	3729.64	3731.20	3727.22	3730.86	3730.82	3744.38	3734.38	
3741.38	3745.48	3740.76	3737.12	3739.10	3738.66	3736.66	3729.76	3735.02	3736.70	3722.84	3733.94	3736.00	3735.72	3734.00	3734.78	
3725.64	3711.08	3709.98	3708.48	3706.88	3706.52	3723.50	3740.66	3731.28	3727.92	3721.88	3700.08	3721.52	3735.72	3724.82	3727.00	
3729.18	3721.60	3717.90	3724.04	3716.02	3714.12	3713.18	3708.10	3704.80	3708.38	3717.00	3721.26	3717.94	3720.84	3742.34	3699.28	

*******************************************2025/03/22;11:03:56
Probe number 45
Concentration entered by User 2.00% (Compensated: 2.22% at temperature 23.4)
1145.28	1145.12	1163.32	1175.08	1184.36	1197.66	1211.50	1223.44	1239.52	1250.52	1267.84	1291.96	1308.60	1331.82	1356.06	1386.12	
1411.54	1443.46	1473.00	1509.86	1546.82	1591.50	1633.44	1680.52	1733.58	1791.22	1867.62	1954.98	2055.02	2187.18	2361.22	2610.68	
2987.68	3341.32	3596.26	3701.62	3686.80	3709.44	3700.18	3708.50	3715.14	3716.58	3716.60	3717.84	3724.50	3723.54	3723.58	3720.86	
3714.68	3716.94	3722.60	3732.62	3722.84	3725.14	3724.96	3725.78	3732.96	3736.42	3737.20	3736.46	3733.22	3732.52	3730.50	3726.62	
3731.18	3732.24	3728.36	3722.14	3720.80	3717.96	3721.18	3728.08	3726.56	3729.10	3730.58	3726.76	3730.28	3730.12	3743.98	3733.62	
3740.98	3745.02	3740.48	3736.54	3739.24	3738.16	3736.16	3729.26	3734.60	3736.34	3722.18	3733.72	3735.38	3735.36	3733.22	3734.48	
3724.86	3710.48	3709.70	3708.22	3705.98	3705.94	3723.26	3740.14	3730.68	3726.92	3720.94	3699.22	3720.48	3735.58	3723.76	3726.50	
3728.44	3721.06	3717.46	3723.54	3715.64	3713.28	3712.76	3707.24	3703.68	3708.10	3716.50	3721.08	3717.56	3720.50	3741.72	3698.74	

*******************************************2025/03/22;11:23:56
Probe number 46
Concentration entered by User 1.98% (Compensated: 2.21% at temperature 23.4)
1145.30	1145.34	1163.34	1174.62	1184.44	1197.58	1211.92	1224.20	1240.54	1250.92	1268.26	1291.92	1308.82	1332.94	1357.06	1386.22	
1412.40	1443.50	1473.46	1510.30	1547.24	1592.78	1634.44	1679.56	1734.86	1789.54	1867.00	1959.88	2057.84	2188.56	2361.60	2611.62	
2989.34	3344.26	3601.46	3702.70	3689.48	3711.20	3702.18	3710.12	3716.78	3718.54	3718.18	3719.66	3726.36	3725.44	3725.42	3722.68	
3717.12	3718.56	3723.78	3734.30	3724.64	3727.12	3726.70	3727.20	3734.92	3737.92	3738.76	3738.00	3734.72	3734.38	3732.48	3728.34	
3733.12	3734.28	3730.32	3724.16	3722.98	3719.86	3723.18	3729.60	3728.36	3730.90	3732.68	3728.22	3732.10	3731.88	3745.86	3735.60	
3742.38	3746.70	3742.26	3738.50	3740.68	3739.84	3737.68	3730.86	3736.56	3737.88	3724.22	3735.18	3737.08	3737.14	3735.14	3736.18	
3727.16	3712.26	3711.54	3709.86	3707.92	3707.86	3725.10	3741.38	3732.62	3728.80	3722.62	3701.40	3722.80	3737.36	3725.84	3728.04	
3729.96	3723.00	3719.32	3725.42	3717.52	3715.56	3714.86	3709.04	3706.74	3709.68	3718.66	3722.38	3719.54	3722.28	3743.42	3700.98	

*******************************************2025/03/22;11:43:56
Probe number 47
Concentration entered by User 1.98% (Compensated: 2.21% at temperature 23.4)
1145.84	1145.90	1163.70	1175.52	1184.58	1197.30	1212.42	1224.52	1240.50	1251.58	1268.70	1291.94	1309.00	1333.26	1357.50	1386.44	
1413.04	1444.52	1473.78	1510.64	1547.66	1593.34	1636.56	1680.80	1735.88	1790.72	1870.28	1959.86	2058.68	2186.48	2364.22	2614.48	
2992.24	3346.04	3601.04	3703.22	3688.94	3710.96	3701.92	3709.94	3716.66	3718.46	3717.90	3719.26	3725.94	3725.08	3725.14	3722.26	
3716.82	3718.52	3724.02	3733.92	3724.18	3726.98	3726.68	3727.04	3734.92	3737.86	3738.70	3737.90	3734.54	3734.08	3732.22	3728.30	
3732.50	3733.88	3729.78	3723.60	3722.54	3719.88	3723.34	3729.50	3727.74	3730.64	3732.28	3728.34	3732.10	3732.26	3745.16	3735.08	
3741.90	3746.52	3741.90	3738.02	3740.60	3739.78	3737.16	3730.90	3736.18	3737.74	3723.62	3735.14	3736.84	3736.76	3734.80	3736.08	
3726.34	3712.04	3711.18	3709.30	3707.74	3707.88	3724.78	3741.32	3732.18	3728.46	3723.00	3701.08	3722.10	3736.96	3725.50	3727.78	
3730.16	3722.24	3718.98	3725.26	3717.40	3715.26	3714.32	3709.16	3706.32	3710.00	3718.12	3722.32	3718.94	3722.00	3743.06	3700.96	

*******************************************2025/03/22;12:03:56
Probe number 48
Concentration entered by User 2.00% (Compensated: 2.24% at temperature 23.4)
1144.76	1144.92	1162.96	1174.06	1183.82	1196.18	1211.04	1223.14	1239.68	1250.58	1267.56	1290.64	1308.46	1331.72	1356.18	1386.04	
1410.98	1442.72	1473.14	1509.50	1545.30	1591.06	1634.34	1678.98	1732.44	1788.26	1867.02	1957.88	2055.58	2187.74	2360.48	2608.52	
2987.48	3338.80	3593.60	3700.20	3685.12	3708.12	3698.56	3706.78	3713.66	3715.34	3715.16	3716.38	3723.10	3722.34	3722.28	3719.52	
3713.64	3715.50	3721.38	3731.26	3721.14	3723.94	3723.40	3723.82	3732.12	3735.20	3735.64	3735.18	3731.72	3731.32	3729.06	3725.30	
3729.94	3731.26	3727.00	3720.44	3719.74	3716.54	3720.12	3726.58	3725.00	3727.92	3729.58	3725.32	3728.98	3729.06	3742.62	3732.24	
3739.36	3743.92	3739.56	3735.50	3737.32	3737.08	3734.52	3727.80	3733.18	3734.96	3720.78	3732.36	3734.22	3734.12	3731.90	3732.88	
3723.52	3709.28	3707.84	3706.46	3704.22	3704.80	3721.84	3738.90	3729.20	3725.62	3719.58	3698.06	3719.34	3734.12	3722.46	3724.92	
3727.14	3719.44	3716.12	3722.56	3714.32	3711.90	3711.22	3705.44	3702.74	3706.66	3715.52	3719.02	3716.36	3719.18	3740.50	3697.66	

*******************************************2025/03/22;12:23:56
Probe number 49
Concentration entered by User 1.98% (Compensated: 2.21% at temperature 23.4)
1145.14	1145.30	1163.64	1174.98	1184.72	1197.22	1212.24	1224.16	1240.26	1251.22	1268.62	1292.54	1309.18	1333.30	1356.54	1387.00	
1412.76	1443.88	1474.40	1510.38	1548.48	1593.18	1636.36	1680.60	1735.46	1791.90	1869.82	1960.94	2059.98	2189.54	2366.94	2610.02	
2994.20	3347.28	3601.66	3704.26	3690.74	3713.02	3703.78	3711.86	3718.08	3719.50	3719.66	3721.00	3727.72	3726.52	3726.90	3723.58	
3718.64	3719.86	3725.82	3735.42	3726.00	3728.04	3728.12	3728.40	3736.28	3739.26	3739.72	3738.90	3735.56	3735.32	3733.24	3729.20	
3734.14	3735.22	3731.20	3725.24	3724.20	3721.18	3724.28	3730.70	3729.62	3732.02	3733.92	3729.60	3733.28	3733.08	3746.44	3736.34	
3743.40	3747.90	3743.28	3739.54	3741.78	3740.80	3738.86	3732.18	3737.44	3739.12	3725.54	3736.68	3738.30	3738.10	3736.36	3737.34	
3728.10	3713.84	3712.52	3711.26	3708.86	3709.44	3726.26	3742.38	3733.50	3730.12	3724.36	3702.72	3724.02	3738.30	3727.28	3729.32	
3731.42	3724.10	3720.50	3726.90	3719.06	3716.58	3715.96	3710.26	3707.58	3710.96	3719.78	3723.62	3720.80	3723.64	3744.38	3702.10	

*******************************************2025/03/22;12:43:56
Probe number 50
Concentration entered by User 1.98% (Compensated: 2.21% at temperature 23.5)
1145.54	1145.74	1163.64	1175.18	1185.16	1197.42	1211.96	1224.44	1240.58	1251.04	1268.80	1292.26	1309.54	1333.26	1357.02	1386.84	
1413.06	1444.46	1474.34	1510.16	1547.48	1593.70	1636.30	1681.02	1734.84	1791.00	1869.30	1959.44	2056.62	2190.70	2365.44	2614.98	
2992.74	3345.04	3602.00	3702.28	3690.24	3711.84	3702.96	3711.32	3717.54	3719.42	3719.18	3720.48	3727.00	3726.04	3726.28	3723.34	
3717.56	3719.58	3725.48	3735.04	3725.12	3727.88	3727.38	3727.90	3735.84	3738.88	3739.62	3739.08	3735.68	3734.98	3733.22	3729.28	
3733.88	3734.98	3730.88	3724.88	3723.90	3720.84	3724.18	3730.38	3729.32	3731.80	3733.20	3729.52	3732.90	3733.06	3746.36	3736.38	
3743.40	3747.58	3743.12	3739.40	3741.50	3740.88	3738.60	3731.76	3737.04	3739.12	3725.00	3736.44	3738.20	3737.72	3735.78	3736.86	
3727.92	3713.46	3712.40	3711.38	3708.70	3708.96	3726.12	3742.56	3733.08	3729.82	3723.58	3702.56	3723.76	3738.28	3726.56	3729.08	
3731.16	3723.90	3720.16	3726.76	3718.56	3716.44	3715.94	3710.32	3707.28	3711.20	3719.68	3723.60	3720.26	3723.44	3744.32	3702.40	

*******************************************2025/03/22;13:03:56
Probe number 51
Concentration entered by User 1.98% (Compensated: 2.22% at temperature 23.5)
1145.88	1146.00	1163.98	1175.44	1184.86	1197.38	1212.14	1224.10	1240.82	1251.30	1268.36	1293.12	1309.20	1332.52	1356.86	1386.46	
1412.26	1443.74	1474.08	1509.64	1546.52	1593.60	1635.04	1680.48	1735.12	1792.00	1869.22	1957.80	2058.74	2188.56	2366.50	2610.62	
2993.38	3344.44	3598.56	3701.86	3687.58	3709.70	3700.50	3708.66	3715.18	3716.88	3716.88	3718.32	3724.78	3724.10	3723.72	3721.14	
3715.22	3717.52	3722.86	3732.92	3723.00	3725.40	3725.38	3725.64	3733.16	3736.54	3737.12	3736.58	3733.22	3732.50	3730.72	3727.06	
3731.28	3732.70	3728.42	3722.36	3721.34	3718.28	3721.74	3727.90	3726.96	3729.46	3731.10	3727.14	3730.58	3730.62	3744.18	3733.92	
3741.04	3745.48	3740.66	3736.74	3739.36	3738.50	3736.10	3729.36	3734.82	3736.28	3722.56	3734.12	3735.32	3735.64	3733.54	3734.76	
3725.56	3710.72	3709.90	3708.34	3706.40	3706.34	3723.66	3740.52	3730.88	3727.30	3721.00	3700.06	3721.46	3736.08	3724.16	3726.62	
3728.96	3721.26	3717.58	3723.88	3716.26	3713.54	3713.08	3707.50	3704.48	3708.12	3716.98	3720.96	3717.78	3721.20	3741.94	3699.82	

*******************************************2025/03/22;13:23:56
Probe number 52
Concentration entered by User 1.98% (Compensated: 2.21% at temperature 23.5)
1145.14	1145.20	1163.16	1175.10	1184.58	1197.54	1211.56	1223.78	1240.46	1251.16	1268.48	1292.04	1309.14	1333.26	1357.60	1386.84	
1412.28	1444.34	1474.98	1509.98	1547.54	1593.76	1637.12	1681.66	1735.96	1793.94	1870.22	1958.04	2059.34	2193.18	2364.44	2613.88	
2991.92	3346.82	3603.08	3704.06	3689.40	3711.48	3702.46	3710.82	3717.28	3718.34	3718.56	3720.10	3726.56	3725.78	3725.58	3722.82	
3717.16	3718.74	3724.42	3734.08	3724.44	3727.10	3726.74	3727.28	3735.22	3737.92	3738.50	3737.86	3734.96	3734.34	3732.54	3728.56	
3732.98	3734.48	3730.14	3723.84	3723.02	3720.02	3723.26	3729.88	3728.14	3731.06	3732.74	3728.74	3732.14	3732.36	3745.84	3735.40	
3742.58	3747.04	3742.44	3738.48	3740.70	3740.00	3737.78	3731.22	3736.28	3737.84	3724.54	3735.90	3737.38	3737.24	3735.48	3736.18	
3727.30	3712.40	3711.72	3710.28	3707.48	3708.06	3725.22	3741.82	3732.54	3729.20	3722.66	3701.88	3723.02	3737.38	3725.78	3728.34	
3730.48	3723.04	3719.48	3725.54	3717.96	3715.64	3714.76	3709.00	3706.54	3710.30	3718.76	3722.64	3719.82	3722.52	3743.58	3701.16	

*******************************************2025/03/22;13:43:56
Probe number 53
Concentration entered by User 1.98% (Compensated: 2.22% at temperature 23.5)
1145.36	1145.48	1163.16	1175.24	1184.34	1197.24	1211.74	1223.78	1239.80	1250.52	1268.24	1292.12	1308.94	1332.78	1356.42	1386.26	
1412.20	1443.76	1474.42	1510.64	1547.16	1592.72	1635.52	1681.20	1736.62	1791.08	1868.40	1958.92	2060.92	2190.36	2363.62	2609.68	
2994.14	3347.26	3602.34	3703.18	3688.80	3711.16	3702.04	3710.22	3716.66	3718.38	3718.04	3719.74	3726.30	3725.52	3725.24	3722.58	
3716.84	3718.90	3724.40	3734.08	3724.62	3726.92	3726.56	3727.42	3735.22	3737.92	3738.66	3738.02	3734.58	3733.90	3732.08	3728.18	
3732.94	3734.46	3729.88	3723.90	3722.66	3719.62	3723.12	3729.58	3728.08	3731.12	3732.58	3728.62	3732.24	3732.08	3745.40	3735.18	
3742.24	3746.86	3742.08	3738.20	3740.46	3739.98	3737.66	3730.98	3736.20	3738.20	3724.16	3735.32	3737.18	3736.96	3734.90	3735.88	
3726.92	3712.42	3711.48	3710.22	3707.66	3708.04	3725.14	3741.74	3732.26	3728.78	3722.66	3701.52	3722.72	3737.44	3725.48	3728.16	
3730.42	3722.90	3719.52	3725.48	3717.62	3715.58	3714.80	3709.26	3706.28	3709.84	3718.48	3722.58	3719.30	3722.52	3743.34	3701.02	

*******************************************2025/03/22;14:03:56
Probe number 54
Concentration entered by User 1.96% (Compensated: 2.20% at temperature 23.5)
1145.72	1145.74	1163.94	1175.04	1184.80	1197.60	1212.42	1223.88	1240.56	1251.60	1269.12	1292.52	1309.56	1333.44	1357.38	1387.14	
1413.00	1445.18	1475.80	1511.50	1547.32	1594.60	1636.74	1682.60	1736.54	1793.40	1869.38	1960.04	2064.56	2193.00	2371.20	2611.36	
3001.48	3352.20	3603.90	3706.26	3691.66	3713.82	3704.56	3712.56	3718.88	3720.66	3720.48	3721.64	3728.16	3727.44	3727.16	3724.28	
3718.78	3720.94	3726.44	3735.84	3726.46	3729.02	3728.56	3729.16	3736.98	3739.88	3740.44	3739.80	3736.36	3735.90	3734.08	3730.64	
3734.90	3735.96	3732.04	3725.82	3725.02	3722.16	3725.32	3731.40	3730.38	3732.78	3734.40	3730.56	3734.42	3734.18	3747.20	3737.18	
3744.14	3748.80	3743.96	3740.42	3742.52	3742.02	3739.86	3732.96	3738.24	3739.80	3725.84	3737.56	3738.98	3738.80	3737.22	3737.92	
3728.78	3714.72	3713.92	3712.32	3710.22	3710.22	3727.30	3743.64	3734.32	3730.48	3725.02	3704.06	3725.02	3739.32	3727.64	3729.96	
3732.50	3725.22	3721.52	3727.74	3720.08	3717.78	3716.92	3711.32	3708.52	3712.48	3720.56	3724.80	3721.50	3724.90	3745.16	3703.34	

*******************************************2025/03/22;14:23:56
Probe number 55
Concentration entered by User 1.98% (Compensated: 2.22% at temperature 23.6)
1145.10	1145.04	1163.02	1174.34	1183.80	1196.92	1211.40	1223.32	1239.98	1250.64	1268.18	1291.36	1308.52	1332.44	1356.08	1385.76	
1412.16	1443.32	1474.10	1509.46	1546.04	1593.14	1635.86	1682.16	1736.28	1790.56	1867.94	1957.76	2057.76	2191.72	2365.06	2611.78	
2994.26	3346.92	3600.60	3702.40	3688.46	3710.74	3701.22	3709.56	3716.36	3717.60	3717.46	3719.06	3725.94	3724.80	3724.56	3721.78	
3716.38	3718.34	3724.24	3733.46	3723.72	3726.38	3725.96	3726.74	3734.54	3737.52	3738.06	3737.18	3734.24	3733.32	3731.78	3727.56	
3732.66	3733.90	3729.20	3723.22	3722.40	3719.44	3722.92	3729.24	3727.94	3730.56	3731.82	3728.10	3731.82	3731.28	3745.12	3734.94	
3741.88	3746.36	3741.60	3738.00	3740.02	3739.32	3737.06	3730.28	3735.72	3737.78	3723.48	3734.78	3736.70	3736.76	3734.50	3735.44	
3726.30	3711.56	3711.08	3709.46	3707.04	3707.12	3724.56	3741.12	3731.68	3728.30	3722.30	3700.96	3722.24	3736.70	3725.08	3727.46	
3729.58	3722.84	3718.94	3725.08	3717.20	3714.92	3714.20	3708.62	3705.88	3709.60	3718.32	3722.10	3719.00	3721.88	3742.78	3700.52	

*******************************************2025/03/22;14:43:56
Probe number 56
Concentration entered by User 1.97% (Compensated: 2.21% at temperature 23.6)
1145.60	1145.92	1163.62	1174.60	1184.32	1197.56	1212.12	1224.80	1240.62	1251.54	1268.68	1292.56	1309.46	1333.12	1357.00	1387.10	
1413.52	1444.58	1475.44	1511.24	1547.86	1593.86	1636.50	1682.74	1737.08	1792.56	1871.16	1959.70	2060.28	2192.82	2368.42	2613.90	
2994.14	3352.06	3603.02	3706.14	3691.00	3712.94	3704.22	3712.10	3718.70	3720.18	3719.92	3721.64	3727.78	3727.30	3726.64	3724.20	
3719.06	3721.04	3726.02	3735.56	3726.24	3728.76	3728.10	3728.82	3736.36	3739.48	3740.08	3739.46	3736.58	3735.56	3733.60	3730.30	
3734.60	3735.54	3731.60	3725.56	3725.02	3721.70	3725.02	3731.18	3730.40	3732.80	3733.94	3730.36	3734.02	3733.84	3746.96	3736.74	
3744.00	3748.58	3743.76	3740.12	3742.46	3741.50	3739.48	3732.68	3737.86	3739.86	3725.82	3737.40	3738.84	3738.66	3736.80	3737.80	
3728.58	3714.06	3713.08	3712.08	3710.00	3710.26	3726.86	3743.44	3734.34	3730.66	3724.62	3703.56	3724.54	3738.96	3727.58	3729.72	
3732.12	3724.74	3721.58	3727.40	3719.54	3717.26	3716.70	3711.38	3708.10	3711.88	3720.44	3724.48	3721.32	3724.24	3744.92	3703.20	

*******************************************2025/03/22;15:03:56
Probe number 57
Concentration entered by User 1.97% (Compensated: 2.22% at temperature 23.6)
1145.14	1145.48	1163.40	1174.42	1183.86	1196.82	1211.38	1223.76	1239.68	1250.42	1268.26	1291.90	1308.76	1332.52	1356.76	1387.08	
1412.78	1443.32	1474.56	1509.82	1547.40	1593.94	1635.76	1680.96	1737.12	1791.42	1870.40	1960.22	2061.44	2187.10	2365.36	2614.02	
2997.24	3346.86	3602.60	3703.56	3688.20	3710.22	3701.42	3709.68	3715.66	3717.16	3717.10	3718.74	3725.52	3724.70	3724.18	3721.62	
3716.08	3718.00	3723.12	3733.00	3723.30	3725.70	3725.46	3726.14	3733.78	3737.00	3737.64	3737.00	3733.62	3732.94	3731.06	3727.32	
3731.96	3732.98	3729.06	3722.68	3721.96	3718.82	3722.12	3728.48	3727.22	3729.90	3731.66	3727.66	3731.08	3731.20	3744.46	3734.42	
3741.28	3745.90	3741.24	3737.42	3739.82	3739.08	3736.60	3729.76	3735.28	3737.20	3723.16	3734.62	3736.32	3735.94	3734.10	3735.14	
3726.32	3711.38	3710.44	3708.88	3706.84	3707.02	3724.16	3740.80	3731.18	3727.94	3722.06	3700.50	3721.76	3736.14	3724.56	3727.22	
3729.38	3721.84	3718.58	3724.34	3716.62	3714.42	3713.60	3707.98	3704.82	3709.30	3717.72	3721.52	3718.34	3721.46	3742.38	3699.62	

*******************************************2025/03/22;15:23:56
Probe number 58
Concentration entered by User 1.97% (Compensated: 2.22% at temperature 23.6)
1144.84	1145.04	1163.16	1174.30	1183.96	1196.50	1211.60	1223.44	1239.10	1250.36	1268.56	1291.72	1308.28	1332.58	1356.16	1386.06	
1412.24	1444.26	1474.10	1510.08	1546.28	1593.16	1634.78	1680.46	1734.46	1791.16	1869.50	1958.10	2057.74	2189.66	2364.32	2612.82	
2994.44	3350.86	3601.48	3701.80	3687.86	3709.72	3701.00	3708.88	3715.34	3717.36	3717.08	3718.12	3725.08	3724.36	3723.92	3721.04	
3715.40	3717.80	3723.22	3732.84	3723.12	3725.70	3725.34	3726.10	3733.92	3736.74	3737.34	3736.66	3733.36	3732.62	3730.88	3727.08	
3731.82	3733.12	3728.80	3722.52	3721.56	3718.66	3721.94	3728.44	3727.24	3729.54	3731.36	3727.56	3731.08	3731.12	3744.28	3734.20	
3741.14	3745.82	3741.00	3737.60	3739.82	3738.86	3736.20	3729.76	3735.04	3736.88	3722.64	3734.40	3736.08	3735.76	3734.00	3735.02	
3725.88	3711.50	3710.48	3708.40	3706.98	3706.70	3723.78	3740.62	3731.28	3727.48	3721.74	3700.30	3721.44	3736.08	3724.34	3727.06	
3729.04	3721.82	3718.08	3724.48	3716.50	3714.20	3713.64	3708.10	3704.76	3708.92	3717.32	3721.24	3718.04	3720.98	3742.08	3699.54	

*******************************************2025/03/22;15:43:56
Probe number 59
Concentration entered by User 1.98% (Compensated: 2.23% at temperature 23.6)
1144.94	1145.82	1163.42	1174.28	1184.20	1196.92	1211.36	1223.80	1239.58	1250.46	1267.96	1291.96	1309.02	1332.30	1356.26	1386.86	
1412.90	1443.94	1473.80	1510.48	1548.44	1593.54	1635.14	1682.70	1735.56	1791.20	1869.00	1958.88	2058.98	2189.44	2368.90	2609.96	
2990.00	3347.12	3600.44	3702.22	3687.52	3709.56	3700.28	3708.72	3715.10	3716.94	3716.64	3718.04	3724.86	3724.22	3723.78	3721.04	
3715.54	3717.32	3722.82	3732.64	3722.88	3725.44	3725.00	3725.72	3733.70	3736.42	3737.02	3736.30	3733.08	3732.08	3730.46	3726.90	
3731.84	3732.64	3728.28	3722.30	3721.56	3718.50	3721.42	3728.02	3726.80	3729.52	3731.26	3727.42	3731.00	3730.66	3744.34	3733.90	
3741.40	3745.42	3740.74	3736.92	3739.50	3738.90	3736.64	3729.20	3735.08	3736.56	3722.76	3734.18	3735.76	3735.52	3733.80	3734.52	
3725.68	3710.64	3710.12	3708.68	3706.38	3706.34	3723.64	3740.58	3731.06	3727.46	3721.48	3700.16	3721.52	3735.92	3724.58	3726.80	
3728.72	3721.40	3717.78	3723.98	3716.18	3713.84	3712.80	3707.50	3704.76	3708.48	3717.36	3721.14	3718.04	3720.42	3741.96	3699.38	

*******************************************2025/03/22;16:03:56
Probe number 60
Concentration entered by User 1.96% (Compensated: 2.21% at temperature 23.6)
1145.10	1145.44	1163.70	1174.56	1183.98	1196.88	1211.66	1223.68	1239.88	1251.06	1268.48	1292.16	1308.50	1332.72	1356.88	1387.22	
1413.42	1444.82	1474.82	1511.00	1548.04	1594.76	1636.40	1682.32	1735.16	1792.60	1868.84	1961.52	2060.14	2193.96	2371.80	2614.60	
2996.20	3353.24	3604.38	3705.28	3689.60	3712.12	3703.46	3711.16	3717.68	3719.26	3719.02	3720.34	3726.62	3726.26	3726.02	3722.96	
3717.66	3720.04	3724.92	3734.70	3724.88	3727.66	3727.10	3727.90	3735.84	3738.76	3739.08	3738.58	3735.44	3734.44	3732.58	3728.88	
3733.44	3734.74	3730.18	3724.66	3723.50	3720.60	3724.04	3730.28	3728.82	3731.64	3733.30	3729.48	3733.08	3732.80	3746.12	3736.16	
3742.88	3747.44	3742.88	3738.98	3741.48	3740.64	3738.20	3731.32	3736.86	3738.74	3724.68	3736.14	3737.92	3737.74	3735.44	3736.76	
3727.74	3713.34	3712.36	3711.18	3708.78	3708.86	3726.12	3742.38	3733.14	3729.64	3723.62	3702.60	3723.44	3738.02	3726.40	3728.60	
3731.18	3723.68	3720.14	3726.34	3718.56	3716.14	3715.34	3710.08	3707.08	3710.90	3719.02	3723.26	3719.64	3723.06	3743.84	3701.68	

*******************************************2025/03/22;16:23:56
Probe number 61
Concentration entered by User 1.97% (Compensated: 2.22% at temperature 23.6)
1145.16	1145.14	1163.42	1174.08	1184.12	1196.54	1211.02	1223.40	1239.30	1249.96	1267.80	1292.26	1308.90	1332.68	1356.44	1387.06	
1412.46	1443.86	1473.80	1509.96	1546.88	1593.14	1633.94	1680.16	1734.32	1792.16	1868.74	1954.78	2062.68	2191.84	2364.48	2611.46	
2996.68	3349.22	3602.52	3701.48	3687.92	3709.34	3700.20	3708.48	3714.98	3716.90	3716.38	3717.64	3724.98	3723.50	3723.66	3720.82	
3715.04	3717.52	3722.76	3732.58	3722.34	3724.92	3724.42	3725.54	3733.34	3736.44	3736.98	3736.22	3732.76	3732.06	3730.50	3726.64	
3731.08	3732.46	3727.98	3722.26	3721.24	3718.22	3721.62	3727.94	3726.72	3729.46	3731.02	3727.10	3730.74	3730.68	3744.12	3733.86	
3741.04	3745.46	3740.70	3736.96	3739.30	3738.78	3736.32	3729.56	3734.98	3736.44	3722.80	3734.34	3735.76	3735.82	3733.92	3734.56	
3725.46	3711.06	3709.60	3708.46	3706.28	3706.56	3723.64	3740.12	3730.82	3727.24	3721.44	3699.56	3721.24	3736.00	3723.94	3726.38	
3728.66	3721.40	3717.86	3724.32	3716.00	3714.02	3713.10	3707.74	3704.72	3708.60	3716.88	3721.12	3717.74	3720.68	3741.50	3699.10	

*******************************************2025/03/22;16:43:56
Probe number 62
Concentration entered by User 1.96% (Compensated: 2.21% at temperature 23.6)
1145.28	1145.40	1163.16	1174.58	1184.32	1196.92	1212.04	1223.60	1239.72	1251.08	1267.96	1292.72	1308.90	1333.00	1356.66	1387.06	
1412.90	1444.50	1474.20	1509.80	1547.20	1594.26	1635.46	1680.46	1736.60	1794.98	1868.50	1962.42	2057.60	2194.36	2366.60	2611.28	
3000.98	3351.72	3605.18	3704.08	3690.44	3711.88	3702.72	3711.04	3717.18	3718.88	3718.80	3720.32	3726.88	3725.96	3725.68	3723.38	
3717.54	3719.66	3724.92	3734.38	3724.90	3727.46	3727.12	3727.70	3735.48	3738.46	3738.90	3738.36	3734.98	3734.50	3732.50	3728.70	
3733.54	3734.64	3730.44	3724.30	3723.80	3720.42	3723.70	3729.84	3728.76	3731.82	3733.12	3729.08	3732.54	3732.96	3746.20	3736.14	
3743.14	3747.64	3743.00	3738.94	3741.56	3740.58	3738.00	3731.32	3736.74	3738.64	3725.00	3736.20	3737.88	3737.94	3735.86	3736.76	
3727.80	3713.16	3712.54	3710.72	3708.88	3708.74	3725.82	3742.42	3732.92	3729.48	3723.40	3702.38	3723.36	3737.74	3726.24	3728.80	
3731.20	3723.46	3720.24	3726.18	3718.54	3716.28	3715.46	3709.72	3707.36	3710.78	3719.40	3723.32	3720.12	3723.02	3743.90	3701.54	

*******************************************2025/03/22;17:03:56
Probe number 63
Concentration entered by User 1.96% (Compensated: 2.21% at temperature 23.6)
1144.94	1145.64	1163.64	1174.72	1184.08	1197.02	1211.86	1223.98	1240.22	1251.06	1268.48	1292.32	1309.16	1332.56	1356.56	1386.56	
1412.60	1443.80	1474.68	1510.08	1547.30	1593.70	1635.70	1680.28	1734.70	1792.74	1870.46	1959.74	2060.82	2190.08	2367.14	2614.80	
3004.70	3348.92	3605.90	3704.34	3689.88	3711.74	3702.96	3710.78	3717.28	3718.62	3718.58	3720.04	3726.52	3726.14	3725.74	3722.78	
3717.12	3719.32	3724.70	3734.40	3724.74	3727.10	3727.28	3727.58	3735.56	3738.48	3738.64	3738.04	3734.82	3734.28	3732.54	3728.98	
3733.28	3734.62	3730.38	3724.32	3723.24	3720.26	3723.68	3729.86	3728.58	3731.34	3733.22	3729.12	3732.70	3732.38	3745.90	3735.82	
3742.94	3747.50	3742.46	3738.56	3741.14	3740.84	3738.22	3731.60	3736.80	3738.82	3724.70	3736.30	3737.76	3737.66	3735.60	3736.46	
3727.46	3713.18	3712.40	3710.40	3708.58	3708.38	3725.80	3742.32	3732.84	3729.56	3723.50	3702.30	3723.06	3737.54	3726.24	3728.88	
3730.84	3723.78	3720.10	3726.46	3718.26	3716.04	3715.24	3710.34	3706.84	3710.10	3719.18	3723.02	3720.10	3722.84	3743.58	3701.74	

*******************************************2025/03/22;17:23:56
Probe number 64
Concentration entered by User 1.95% (Compensated: 2.19% at temperature 23.6)
1145.34	1145.88	1163.64	1175.34	1184.86	1197.64	1211.82	1224.30	1240.18	1251.52	1268.78	1292.52	1310.04	1333.60	1357.42	1387.58	
1413.50	1445.44	1474.98	1510.22	1548.02	1594.82	1637.46	1682.52	1735.44	1795.50	1872.00	1961.32	2062.82	2192.90	2369.22	2617.30	
3002.18	3354.78	3609.86	3706.56	3693.24	3714.72	3706.18	3714.04	3720.46	3721.64	3721.64	3723.14	3729.76	3728.54	3728.62	3725.82	
3720.36	3722.42	3727.70	3737.18	3727.56	3729.96	3729.84	3730.56	3738.30	3741.00	3741.46	3740.76	3737.34	3737.02	3735.08	3731.46	
3736.18	3737.20	3732.68	3727.32	3726.30	3723.20	3726.58	3732.40	3731.40	3734.42	3735.64	3732.10	3735.78	3735.52	3748.50	3738.68	
3745.74	3750.00	3745.26	3741.66	3743.68	3742.92	3740.68	3734.54	3739.36	3741.20	3727.48	3738.56	3740.12	3740.32	3738.34	3739.28	
3730.36	3715.94	3715.08	3713.98	3711.62	3711.50	3728.52	3744.70	3735.78	3732.08	3726.20	3705.64	3726.12	3740.28	3728.80	3731.52	
3733.76	3726.38	3722.64	3728.96	3721.42	3719.20	3718.16	3712.92	3709.92	3713.92	3722.14	3725.74	3722.72	3725.56	3746.12	3704.52	

*******************************************2025/03/22;17:43:56
Probe number 65
Concentration entered by User 1.96% (Compensated: 2.21% at temperature 23.6)
1144.54	1145.02	1163.12	1174.48	1183.90	1196.64	1210.96	1222.88	1239.42	1250.48	1267.98	1292.04	1308.56	1332.26	1356.22	1387.28	
1412.62	1444.16	1474.06	1509.88	1547.48	1593.12	1636.64	1680.18	1735.20	1792.10	1869.00	1958.74	2062.86	2189.48	2370.18	2614.42	
2996.22	3353.32	3601.48	3703.82	3689.38	3711.32	3702.44	3710.36	3716.78	3718.56	3718.62	3719.72	3726.74	3725.42	3725.48	3722.62	
3717.22	3719.40	3724.78	3734.38	3724.66	3727.18	3726.66	3727.22	3735.62	3738.02	3738.58	3737.92	3734.68	3733.82	3732.32	3728.90	
3733.44	3734.60	3730.26	3723.84	3723.18	3720.08	3723.46	3729.82	3728.84	3731.04	3733.12	3728.88	3732.82	3732.48	3745.88	3735.60	
3742.84	3747.14	3742.24	3738.88	3741.18	3740.38	3738.10	3731.20	3736.86	3738.74	3724.50	3736.02	3737.40	3737.44	3735.46	3736.56	
3727.26	3712.64	3711.60	3710.62	3708.40	3708.50	3725.70	3742.18	3733.08	3729.38	3723.44	3702.42	3723.06	3737.52	3725.78	3728.66	
3730.84	3723.36	3719.74	3726.16	3718.18	3716.12	3715.14	3709.78	3706.68	3710.64	3719.10	3723.08	3719.50	3722.76	3743.58	3701.06	

*******************************************2025/03/22;18:03:56
Probe number 66
Concentration entered by User 2.01% (Compensated: 2.26% at temperature 23.7)
1143.44	1143.88	1161.86	1172.48	1182.54	1194.92	1209.38	1221.52	1237.14	1248.88	1266.38	1289.92	1306.40	1330.42	1353.86	1383.74	
1410.24	1440.74	1470.08	1505.70	1543.90	1589.06	1632.34	1676.10	1728.16	1786.92	1865.92	1950.18	2053.04	2185.22	2358.82	2602.94	
2983.86	3337.24	3589.78	3694.24	3678.44	3701.76	3692.20	3700.96	3707.36	3709.30	3708.88	3710.24	3717.18	3716.20	3716.28	3713.30	
3707.70	3709.84	3715.52	3725.42	3715.30	3717.96	3717.42	3717.92	3726.42	3729.52	3729.92	3728.94	3725.86	3724.92	3723.20	3719.54	
3724.42	3725.74	3720.98	3714.90	3713.86	3710.44	3714.16	3720.92	3719.68	3722.36	3723.86	3720.12	3723.66	3723.72	3737.46	3726.90	
3734.46	3739.30	3734.08	3730.34	3732.44	3731.94	3729.18	3722.48	3727.88	3730.04	3714.90	3727.10	3728.98	3728.48	3726.66	3728.00	
3718.06	3703.06	3701.74	3700.52	3698.26	3698.68	3716.60	3733.64	3723.98	3720.32	3713.64	3692.00	3713.72	3728.72	3716.74	3719.40	
3721.56	3713.78	3710.42	3716.52	3708.36	3706.36	3705.44	3699.48	3696.90	3700.60	3709.32	3713.44	3710.06	3713.44	3735.14	3690.96	

*******************************************2025/03/22;18:23:56
Probe number 67
Concentration entered by User 1.97% (Compensated: 2.21% at temperature 23.6)
1144.76	1145.36	1163.32	1174.42	1184.36	1196.84	1211.32	1223.72	1239.76	1250.60	1267.92	1291.98	1308.70	1332.92	1356.10	1385.50	
1412.52	1444.02	1473.74	1509.62	1546.66	1592.00	1635.50	1681.26	1734.30	1793.26	1869.58	1955.76	2060.70	2189.16	2370.58	2615.08	
2996.56	3350.70	3603.42	3703.80	3689.56	3711.74	3702.60	3711.26	3717.18	3718.78	3718.40	3720.32	3726.34	3725.56	3725.24	3722.60	
3717.24	3719.36	3724.84	3734.06	3724.64	3727.24	3726.58	3727.58	3735.26	3738.28	3738.62	3737.66	3734.72	3733.98	3732.24	3728.70	
3733.42	3734.30	3730.18	3723.96	3723.28	3720.20	3723.78	3729.90	3728.48	3731.34	3732.84	3729.14	3732.80	3732.84	3745.96	3735.88	
3742.76	3747.04	3742.18	3738.76	3741.36	3740.70	3738.22	3731.30	3736.46	3738.34	3724.80	3736.14	3737.72	3737.36	3735.78	3736.76	
3727.50	3713.24	3712.26	3710.62	3708.20	3708.52	3725.70	3742.06	3732.84	3729.16	3723.36	3702.10	3722.72	3737.76	3726.02	3728.44	
3730.88	3723.26	3719.72	3726.16	3718.28	3715.90	3714.88	3709.86	3706.62	3710.42	3719.06	3723.26	3719.74	3722.72	3743.52	3701.48	

*******************************************2025/03/22;18:43:56
Probe number 68
Concentration entered by User 1.98% (Compensated: 2.23% at temperature 23.6)
1144.10	1144.36	1162.34	1173.80	1183.34	1195.68	1210.44	1222.96	1238.88	1250.18	1267.62	1290.74	1307.94	1331.56	1355.04	1385.58	
1411.54	1442.72	1473.22	1507.44	1545.32	1591.66	1635.36	1679.00	1732.24	1792.24	1867.56	1954.16	2059.70	2184.24	2363.92	2609.54	
2992.10	3349.78	3599.18	3701.08	3686.66	3708.62	3699.62	3707.62	3714.12	3716.08	3715.90	3717.04	3723.88	3722.96	3723.08	3719.90	
3714.58	3716.80	3722.14	3731.74	3721.82	3724.24	3724.30	3724.72	3732.88	3735.58	3736.20	3735.26	3731.94	3731.38	3729.54	3726.20	
3730.86	3731.66	3727.46	3721.26	3720.28	3717.48	3721.08	3727.30	3725.94	3728.54	3730.54	3726.50	3729.90	3729.78	3743.64	3733.22	
3740.50	3745.24	3739.92	3736.28	3739.04	3737.96	3735.86	3728.94	3734.48	3736.24	3721.86	3733.46	3734.96	3735.26	3732.88	3733.66	
3724.54	3709.94	3709.32	3707.56	3705.84	3705.66	3722.88	3739.56	3730.52	3726.38	3720.64	3698.86	3720.66	3735.12	3723.10	3725.74	
3728.10	3720.46	3717.10	3723.58	3715.60	3712.98	3712.14	3706.88	3703.66	3707.42	3716.46	3720.60	3716.98	3719.88	3741.00	3698.46	

*******************************************2025/03/22;19:03:56
Probe number 69
Concentration entered by User 1.97% (Compensated: 2.22% at temperature 23.6)
1144.94	1145.04	1163.02	1174.22	1183.84	1196.46	1210.86	1223.22	1238.90	1250.60	1268.54	1291.74	1308.60	1332.82	1356.82	1386.72	
1412.52	1443.66	1473.88	1509.50	1547.08	1592.78	1635.64	1680.70	1733.58	1792.96	1870.10	1959.00	2061.64	2187.42	2368.30	2613.42	
2997.82	3349.46	3601.10	3703.72	3689.30	3711.32	3702.34	3710.56	3716.82	3718.70	3718.36	3719.84	3726.54	3725.52	3725.18	3722.74	
3717.06	3719.28	3724.76	3734.24	3724.28	3727.24	3726.92	3727.46	3735.44	3738.00	3738.74	3737.74	3734.32	3733.86	3732.00	3728.74	
3733.20	3734.18	3729.82	3723.86	3723.12	3720.12	3723.40	3729.72	3728.88	3731.10	3732.66	3728.94	3732.66	3732.54	3745.70	3735.72	
3742.48	3747.28	3742.18	3739.02	3740.92	3740.86	3737.78	3731.04	3736.76	3738.38	3724.60	3735.78	3737.20	3737.44	3735.26	3736.36	
3727.30	3713.16	3711.86	3710.52	3708.04	3708.80	3725.76	3742.18	3732.98	3729.10	3723.28	3702.26	3722.98	3737.36	3725.88	3728.34	
3730.78	3723.56	3719.56	3725.90	3718.06	3715.80	3715.14	3709.62	3706.42	3710.66	3719.12	3722.94	3720.02	3722.80	3743.48	3701.42	

*******************************************2025/03/22;19:23:56
Probe number 70
Concentration entered by User 1.97% (Compensated: 2.21% at temperature 23.6)
1144.76	1145.04	1162.70	1174.14	1183.54	1196.30	1210.58	1223.04	1239.18	1250.52	1267.72	1292.06	1308.82	1332.52	1356.68	1386.54	
1412.00	1443.62	1474.18	1509.68	1546.56	1593.22	1636.60	1681.52	1735.34	1791.94	1867.46	1957.56	2059.40	2190.88	2365.88	2613.06	
2995.20	3351.76	3602.38	3704.24	3689.40	3711.68	3702.28	3710.70	3717.00	3718.08	3717.98	3719.68	3726.02	3725.46	3725.38	3722.38	
3717.16	3719.06	3724.78	3734.04	3724.14	3726.76	3726.60	3727.22	3735.12	3737.90	3738.12	3737.66	3734.34	3733.70	3732.14	3728.64	
3733.24	3734.24	3729.84	3723.82	3722.90	3719.70	3723.52	3729.50	3728.30	3731.28	3732.84	3729.24	3732.52	3732.56	3745.86	3735.50	
3742.34	3747.34	3742.34	3738.74	3741.22	3740.26	3737.94	3731.36	3736.56	3738.28	3724.48	3735.80	3736.96	3737.14	3735.48	3736.40	
3727.20	3713.16	3711.84	3710.24	3708.54	3708.32	3725.50	3742.00	3732.76	3729.02	3723.18	3701.98	3723.10	3737.38	3725.68	3728.28	
3730.88	3723.22	3719.70	3726.00	3718.16	3716.04	3714.84	3709.78	3706.60	3710.74	3719.12	3722.68	3719.68	3722.64	3743.40	3701.38	

*******************************************2025/03/22;19:43:56
Probe number 71
Concentration entered by User 1.97% (Compensated: 2.22% at temperature 23.6)
1143.96	1144.62	1162.84	1173.86	1183.26	1195.78	1211.08	1222.88	1238.80	1249.90	1267.52	1291.40	1308.46	1332.10	1356.20	1385.56	
1411.70	1442.96	1473.50	1508.94	1545.94	1592.52	1636.78	1680.64	1734.10	1791.84	1868.70	1957.52	2061.30	2187.76	2368.94	2610.96	
2996.82	3349.04	3601.52	3703.56	3689.48	3711.38	3702.32	3710.56	3716.68	3718.22	3718.24	3719.48	3726.28	3725.40	3725.12	3722.46	
3717.08	3719.32	3724.46	3733.84	3723.96	3726.88	3726.52	3727.00	3735.14	3737.96	3738.34	3737.44	3734.26	3733.40	3732.10	3728.06	
3733.24	3734.08	3729.62	3723.68	3723.12	3719.50	3723.20	3729.72	3728.26	3731.06	3732.64	3728.70	3732.42	3732.04	3745.76	3735.64	
3742.64	3746.62	3742.28	3738.66	3741.16	3740.06	3737.72	3731.16	3736.64	3738.32	3724.26	3735.94	3737.58	3737.28	3735.40	3736.10	
3727.14	3712.64	3711.60	3710.06	3708.32	3708.20	3725.40	3741.66	3732.50	3728.90	3722.92	3701.76	3722.66	3737.56	3725.68	3728.42	
3730.54	3723.10	3719.50	3725.76	3717.98	3715.68	3715.00	3709.48	3706.86	3709.94	3718.60	3722.78	3719.20	3722.32	3743.34	3701.00	

*******************************************2025/03/22;20:03:56
Probe number 72
Concentration entered by User 1.98% (Compensated: 2.23% at temperature 23.6)
1144.28	1144.92	1163.30	1174.14	1183.58	1196.10	1210.68	1223.00	1239.04	1250.00	1268.00	1291.68	1308.68	1332.08	1356.66	1385.56	
1410.72	1443.04	1474.20	1508.96	1545.18	1592.40	1634.50	1679.06	1733.84	1792.88	1868.40	1955.76	2057.72	2188.90	2362.74	2607.94	
2993.54	3347.06	3599.34	3701.54	3687.42	3708.94	3699.74	3708.04	3714.38	3716.22	3715.64	3717.68	3724.34	3723.38	3722.92	3720.02	
3715.08	3717.18	3722.46	3732.04	3722.02	3724.84	3724.22	3724.82	3733.12	3736.34	3736.56	3735.52	3732.18	3731.70	3730.28	3726.24	
3731.02	3732.34	3727.84	3721.82	3720.84	3717.74	3721.02	3727.26	3726.58	3729.24	3730.62	3726.74	3730.62	3730.38	3743.82	3733.60	
3740.92	3745.32	3740.72	3736.64	3739.26	3738.36	3736.12	3729.22	3734.88	3736.38	3722.10	3734.10	3735.48	3735.38	3733.58	3734.34	
3725.16	3710.60	3709.12	3707.86	3706.18	3706.20	3723.60	3740.26	3730.54	3727.08	3720.94	3699.82	3720.86	3735.66	3723.28	3726.44	
3728.62	3721.14	3717.42	3723.66	3716.14	3713.72	3712.76	3707.64	3704.28	3708.36	3716.80	3720.58	3717.44	3720.22	3741.42	3698.68	

*******************************************2025/03/22;20:23:56
Probe number 73
Concentration entered by User 1.97% (Compensated: 2.22% at temperature 23.6)
1144.62	1144.98	1163.16	1174.34	1183.94	1196.16	1211.44	1223.28	1239.14	1250.58	1268.06	1291.80	1309.56	1333.04	1357.08	1387.20	
1412.46	1444.34	1474.48	1509.12	1546.72	1593.46	1636.70	1681.10	1734.66	1791.74	1869.34	1956.90	2058.80	2188.64	2371.96	2612.22	
2995.94	3348.62	3601.84	3703.84	3689.58	3711.56	3702.64	3710.98	3717.16	3718.66	3718.42	3719.80	3726.54	3725.72	3725.24	3723.18	
3717.56	3719.72	3724.80	3734.26	3724.36	3727.20	3726.84	3727.64	3735.42	3738.24	3738.56	3737.70	3734.70	3733.90	3732.14	3728.94	
3733.76	3734.70	3730.26	3724.48	3723.56	3720.20	3723.56	3730.12	3728.98	3731.62	3733.32	3729.48	3733.02	3732.68	3746.34	3736.00	
3743.22	3747.34	3742.70	3738.90	3741.44	3740.70	3738.58	3731.96	3737.30	3739.00	3725.10	3736.24	3738.04	3737.56	3735.98	3736.72	
3727.76	3713.16	3712.16	3710.80	3708.60	3708.88	3726.04	3742.50	3733.12	3729.82	3723.28	3702.50	3723.60	3738.06	3726.06	3728.76	
3731.32	3723.60	3719.78	3726.20	3718.58	3716.20	3715.60	3710.16	3706.86	3710.78	3719.38	3723.26	3720.04	3722.76	3743.70	3701.90	

*******************************************2025/03/22;20:43:56
Probe number 74
Concentration entered by User 1.98% (Compensated: 2.23% at temperature 23.6)
1144.10	1144.80	1162.88	1174.12	1183.60	1195.90	1210.62	1222.52	1238.90	1250.36	1267.52	1291.66	1308.26	1332.00	1355.88	1385.12	
1410.62	1442.00	1473.18	1508.60	1544.98	1592.42	1634.98	1679.80	1734.16	1790.34	1867.44	1955.22	2056.82	2187.38	2364.40	2610.14	
2993.04	3346.76	3598.72	3700.36	3687.16	3708.88	3700.04	3708.64	3714.52	3716.28	3716.26	3717.52	3724.34	3723.44	3723.24	3720.50	
3715.48	3717.60	3722.76	3732.36	3722.26	3724.84	3724.80	3725.02	3733.30	3736.30	3736.48	3735.70	3732.42	3731.92	3730.40	3726.34	
3731.24	3732.36	3728.26	3722.18	3721.24	3718.24	3721.72	3727.84	3726.58	3729.80	3731.10	3727.18	3730.82	3730.84	3744.26	3733.80	
3741.14	3745.32	3740.98	3737.16	3739.32	3738.80	3736.32	3729.86	3735.08	3736.74	3722.62	3734.04	3735.82	3735.60	3733.52	3734.82	
3725.58	3710.86	3709.90	3708.38	3706.38	3706.66	3723.90	3740.72	3731.12	3727.36	3721.38	3700.14	3720.94	3735.72	3724.10	3726.46	
3728.80	3721.36	3717.86	3724.00	3716.44	3713.98	3712.96	3707.82	3704.66	3708.52	3717.28	3721.26	3717.78	3720.50	3741.62	3698.92	

*******************************************2025/03/22;21:03:56
Probe number 75
Concentration entered by User 1.97% (Compensated: 2.22% at temperature 23.6)
1144.48	1144.92	1163.22	1173.84	1183.94	1196.08	1210.38	1222.96	1239.42	1251.02	1267.96	1291.66	1309.40	1332.46	1356.56	1385.28	
1411.52	1443.90	1474.08	1509.32	1547.32	1593.42	1635.12	1680.36	1734.84	1792.30	1868.36	1957.02	2060.10	2192.28	2362.76	2610.92	
2997.62	3347.56	3600.60	3704.94	3690.18	3711.88	3702.74	3711.08	3717.00	3718.86	3718.46	3720.02	3726.50	3725.76	3725.22	3722.70	
3717.48	3719.58	3724.86	3734.06	3724.62	3727.08	3726.76	3727.56	3735.54	3738.24	3738.40	3737.86	3734.60	3734.04	3732.48	3728.62	
3733.76	3734.50	3730.20	3724.30	3723.82	3720.38	3723.74	3730.08	3728.64	3731.66	3733.04	3729.42	3733.02	3732.84	3746.10	3735.90	
3743.30	3747.28	3742.76	3739.42	3741.26	3740.52	3738.30	3731.60	3737.04	3738.80	3724.80	3736.18	3737.76	3737.66	3735.92	3736.62	
3727.74	3713.04	3712.50	3710.96	3708.72	3708.48	3726.02	3742.24	3733.32	3729.18	3723.42	3702.34	3723.52	3737.90	3726.34	3728.58	
3731.14	3723.54	3720.12	3726.24	3718.28	3716.14	3715.22	3709.96	3707.30	3710.98	3718.92	3723.26	3720.12	3723.08	3743.72	3701.76	

*******************************************2025/03/22;21:23:56
Probe number 76
Concentration entered by User 1.96% (Compensated: 2.20% at temperature 23.6)
1145.04	1145.18	1163.54	1174.64	1184.18	1196.50	1211.24	1223.86	1239.58	1250.76	1268.52	1292.74	1309.52	1333.20	1357.12	1386.86	
1412.54	1444.52	1475.40	1510.20	1548.60	1593.20	1636.64	1680.82	1735.48	1793.82	1869.82	1958.38	2060.52	2190.64	2370.42	2614.04	
2996.60	3355.98	3604.60	3707.34	3693.70	3714.82	3706.10	3714.20	3720.66	3722.08	3722.12	3723.32	3729.96	3729.00	3728.52	3725.82	
3721.08	3723.06	3728.00	3737.38	3727.84	3730.32	3729.90	3730.28	3738.52	3741.00	3741.50	3740.56	3737.58	3737.06	3735.44	3731.86	
3736.38	3737.90	3733.26	3727.66	3726.58	3723.80	3727.34	3733.04	3732.08	3734.88	3736.08	3732.46	3735.86	3735.84	3748.78	3739.14	
3746.04	3750.20	3745.42	3742.04	3744.36	3743.72	3741.34	3734.74	3739.80	3741.74	3728.06	3739.18	3740.72	3740.78	3738.68	3739.84	
3730.84	3716.84	3715.78	3714.36	3712.16	3712.38	3728.90	3745.32	3735.90	3732.16	3726.48	3706.08	3726.66	3740.70	3729.06	3731.86	
3734.00	3726.76	3723.58	3729.44	3721.92	3719.84	3718.80	3713.78	3710.62	3714.30	3722.56	3726.58	3723.16	3725.88	3746.46	3705.38	

*******************************************2025/03/22;21:43:56
Probe number 77
Concentration entered by User 1.97% (Compensated: 2.22% at temperature 23.6)
1144.80	1145.12	1163.32	1174.00	1183.96	1196.46	1211.16	1222.90	1238.94	1250.36	1267.94	1292.08	1309.14	1332.30	1356.74	1386.90	
1411.78	1443.38	1473.76	1510.34	1546.64	1593.12	1636.18	1681.54	1734.08	1792.38	1868.20	1957.66	2059.06	2186.62	2372.30	2608.72	
2995.30	3349.72	3601.34	3704.92	3690.90	3712.30	3703.30	3711.16	3717.44	3719.24	3719.18	3720.40	3727.14	3726.54	3725.94	3723.24	
3718.24	3720.32	3725.08	3734.54	3725.10	3727.60	3727.62	3728.08	3736.16	3738.64	3739.12	3738.60	3734.98	3734.30	3732.80	3729.24	
3733.98	3735.18	3730.68	3724.68	3724.02	3720.76	3724.38	3730.62	3729.76	3732.32	3733.68	3729.66	3733.22	3733.00	3746.88	3736.40	
3743.40	3747.94	3743.10	3739.58	3741.72	3741.18	3738.84	3732.02	3737.42	3738.94	3725.46	3736.66	3738.36	3738.32	3736.38	3736.94	
3728.10	3713.64	3712.76	3711.06	3709.34	3709.40	3726.56	3742.96	3733.34	3729.92	3723.80	3702.96	3724.10	3738.16	3726.74	3729.06	
3731.66	3724.32	3720.76	3726.74	3718.90	3716.92	3715.84	3710.36	3707.74	3711.20	3719.82	3723.52	3720.78	3723.46	3744.36	3702.24	

*******************************************2025/03/22;22:03:56
Probe number 78
Concentration entered by User 1.98% (Compensated: 2.22% at temperature 23.6)
1144.24	1144.86	1163.62	1173.74	1183.88	1195.84	1210.54	1222.86	1239.38	1250.28	1267.78	1291.68	1308.96	1332.00	1355.88	1385.76	
1412.16	1443.84	1473.50	1509.36	1547.44	1592.44	1634.04	1680.74	1733.40	1792.70	1869.06	1955.00	2060.00	2185.34	2367.72	2606.50	
2996.76	3347.14	3599.62	3704.46	3690.42	3711.86	3703.02	3711.14	3717.48	3719.30	3718.94	3720.46	3727.06	3726.20	3726.12	3723.02	
3717.94	3719.98	3725.36	3734.68	3724.88	3727.54	3726.82	3727.68	3735.66	3738.64	3738.82	3738.12	3734.90	3734.20	3732.74	3729.24	
3733.96	3734.96	3730.54	3724.40	3724.02	3721.08	3724.18	3730.40	3729.34	3732.02	3733.50	3729.74	3733.52	3733.20	3746.68	3736.34	
3743.34	3747.82	3743.18	3739.46	3741.78	3741.10	3738.54	3732.38	3737.16	3739.06	3725.08	3736.50	3738.26	3737.98	3736.26	3736.82	
3728.28	3713.62	3712.98	3711.16	3709.18	3709.30	3726.48	3742.78	3733.60	3729.94	3723.70	3703.04	3724.04	3738.26	3726.26	3729.12	
3731.22	3724.16	3720.76	3726.78	3719.00	3716.50	3715.68	3710.10	3707.40	3711.12	3719.78	3723.50	3720.34	3723.24	3743.98	3702.24	

*******************************************2025/03/22;22:23:56
Probe number 79
Concentration entered by User 1.96% (Compensated: 2.21% at temperature 23.6)
1144.22	1145.50	1163.86	1174.94	1184.12	1196.20	1210.88	1223.60	1239.40	1250.82	1268.58	1292.88	1309.24	1333.08	1357.72	1387.04	
1411.92	1443.78	1475.64	1511.00	1548.18	1594.14	1636.10	1681.66	1734.70	1792.88	1871.10	1957.70	2060.78	2194.86	2366.72	2612.38	
2995.40	3352.04	3603.78	3707.66	3694.98	3715.16	3706.54	3714.44	3720.52	3722.32	3721.82	3723.68	3730.30	3729.22	3728.66	3726.20	
3721.34	3723.28	3728.36	3737.48	3727.84	3730.56	3730.14	3730.52	3738.36	3741.62	3741.90	3741.06	3738.04	3737.28	3735.36	3732.30	
3736.82	3738.08	3733.32	3727.84	3727.26	3723.94	3727.28	3733.30	3732.20	3735.04	3736.54	3732.36	3735.88	3736.16	3749.12	3739.34	
3746.34	3750.70	3745.90	3742.28	3744.62	3743.90	3741.46	3735.30	3740.02	3741.60	3728.20	3739.58	3740.96	3740.80	3738.84	3739.78	
3731.18	3716.88	3716.08	3714.76	3712.80	3712.46	3729.58	3745.62	3736.44	3732.80	3727.00	3706.46	3726.94	3741.10	3729.52	3731.86	
3734.10	3727.22	3723.56	3730.06	3722.16	3719.46	3719.20	3713.54	3710.80	3714.30	3722.86	3727.10	3723.58	3726.34	3746.58	3705.68	

*******************************************2025/03/22;22:43:56
Probe number 80
Concentration entered by User 1.99% (Compensated: 2.23% at temperature 23.6)
1143.50	1144.48	1162.60	1172.90	1182.78	1195.02	1210.10	1221.88	1237.88	1249.56	1267.44	1291.60	1308.02	1331.26	1354.48	1385.14	
1409.98	1441.92	1472.48	1509.22	1545.46	1591.68	1633.66	1679.90	1733.42	1788.88	1866.54	1954.82	2058.96	2184.24	2365.58	2605.96	
2988.86	3346.06	3598.24	3702.04	3689.46	3710.10	3701.32	3709.38	3715.78	3717.30	3717.22	3718.96	3725.26	3724.32	3724.04	3721.48	
3716.40	3718.50	3723.72	3732.98	3723.38	3725.74	3725.42	3726.00	3734.48	3737.00	3737.08	3736.54	3733.30	3732.60	3730.72	3727.44	
3732.16	3733.20	3729.04	3723.04	3722.20	3719.30	3722.38	3728.58	3727.64	3730.04	3731.78	3728.38	3731.50	3731.74	3744.74	3734.84	
3741.76	3746.36	3741.56	3737.86	3740.44	3739.40	3736.92	3730.42	3735.68	3737.82	3723.76	3735.16	3736.52	3736.38	3734.56	3735.72	
3726.66	3711.64	3710.94	3709.34	3707.20	3707.40	3724.48	3741.16	3731.78	3728.16	3722.42	3700.92	3722.42	3736.76	3724.64	3727.22	
3729.80	3722.30	3718.56	3725.10	3717.28	3715.00	3714.02	3708.72	3705.70	3709.32	3717.74	3721.82	3718.66	3721.78	3742.54	3700.16	

*******************************************2025/03/22;23:03:56
Probe number 81
Concentration entered by User 1.97% (Compensated: 2.22% at temperature 23.6)
1144.12	1144.72	1162.84	1174.18	1183.42	1195.68	1210.42	1222.70	1238.88	1249.88	1267.88	1291.86	1307.22	1331.70	1355.90	1385.86	
1410.86	1443.06	1472.88	1508.96	1546.28	1592.16	1635.28	1681.62	1733.76	1790.14	1869.66	1957.66	2058.20	2188.08	2366.78	2606.14	
2993.74	3349.30	3601.08	3705.10	3691.42	3712.80	3703.54	3711.58	3718.06	3719.56	3719.58	3720.86	3727.84	3726.42	3726.60	3723.90	
3718.54	3720.78	3725.78	3735.16	3725.26	3728.08	3727.54	3728.02	3736.38	3739.30	3739.50	3738.74	3735.28	3734.78	3732.96	3729.62	
3734.16	3735.44	3731.08	3724.74	3724.46	3721.30	3724.66	3730.92	3729.80	3732.48	3734.08	3730.12	3733.94	3733.64	3746.96	3736.82	
3743.86	3748.12	3743.52	3739.72	3742.30	3741.66	3739.10	3732.50	3737.96	3739.36	3725.72	3736.92	3738.66	3738.68	3736.64	3737.48	
3728.82	3713.90	3713.04	3712.14	3709.76	3709.70	3727.02	3743.14	3733.82	3730.14	3724.54	3703.54	3724.36	3738.84	3727.24	3729.82	
3731.98	3724.52	3721.26	3727.28	3719.72	3717.24	3716.36	3711.02	3708.46	3711.66	3720.24	3723.92	3720.94	3723.74	3744.32	3702.32	

*******************************************2025/03/22;23:23:56
Probe number 82
Concentration entered by User 1.99% (Compensated: 2.23% at temperature 23.5)
1144.00	1144.36	1162.66	1173.40	1182.68	1195.58	1210.00	1222.40	1238.38	1249.12	1267.24	1291.34	1308.22	1330.64	1355.10	1383.96	
1410.16	1441.76	1472.00	1507.90	1545.56	1591.00	1632.62	1679.22	1732.16	1790.82	1866.72	1954.50	2054.08	2186.90	2361.72	2604.52	
2989.62	3345.42	3597.74	3702.22	3688.72	3710.08	3701.16	3709.70	3715.44	3717.36	3717.38	3718.82	3725.38	3724.56	3724.22	3721.26	
3716.22	3718.72	3723.78	3733.34	3723.06	3725.86	3725.72	3725.82	3734.28	3737.28	3737.18	3736.62	3733.50	3732.40	3730.82	3727.38	
3732.50	3733.62	3728.78	3723.10	3722.26	3719.26	3722.68	3728.66	3727.74	3730.34	3732.04	3728.14	3731.82	3731.72	3745.02	3734.74	
3741.66	3746.36	3741.78	3738.24	3740.48	3739.74	3737.22	3730.40	3735.80	3737.48	3723.56	3735.28	3736.92	3736.54	3734.52	3735.54	
3726.82	3711.84	3711.08	3709.38	3707.40	3707.58	3724.80	3741.14	3731.76	3728.24	3722.54	3701.34	3722.40	3737.04	3725.02	3727.44	
3729.72	3722.40	3719.26	3725.06	3717.24	3714.98	3714.16	3708.86	3705.72	3709.38	3718.28	3721.98	3718.56	3721.70	3742.78	3700.16	

*******************************************2025/03/22;23:43:56
Probe number 83
Concentration entered by User 1.98% (Compensated: 2.22% at temperature 23.5)
1144.70	1144.76	1163.50	1174.40	1183.66	1196.20	1210.84	1222.86	1238.62	1249.90	1267.80	1291.76	1308.28	1331.44	1356.30	1385.92	
1410.86	1442.88	1473.20	1509.02	1545.80	1592.36	1635.12	1682.28	1734.04	1790.36	1868.72	1956.14	2057.02	2188.26	2363.12	2605.88	
2993.94	3346.42	3601.16	3705.30	3692.00	3713.20	3703.92	3712.16	3718.38	3720.42	3719.98	3721.78	3728.22	3727.44	3726.74	3723.74	
3719.58	3721.32	3726.24	3735.66	3725.66	3728.58	3728.24	3728.44	3736.52	3739.50	3739.38	3739.22	3735.74	3735.32	3733.30	3730.12	
3734.80	3735.98	3731.34	3725.58	3724.86	3721.72	3724.70	3731.04	3730.14	3732.92	3734.42	3730.52	3734.36	3734.14	3747.24	3737.56	
3744.16	3748.44	3744.30	3740.72	3742.60	3742.06	3739.70	3733.06	3738.44	3739.88	3726.36	3737.58	3738.86	3738.92	3736.80	3738.08	
3729.00	3714.64	3713.86	3712.22	3710.40	3710.42	3727.34	3743.72	3734.48	3730.58	3724.70	3703.76	3724.86	3738.82	3727.58	3730.10	
3732.02	3724.92	3721.58	3727.52	3720.02	3717.70	3716.54	3711.30	3708.40	3712.48	3720.64	3724.58	3721.42	3724.00	3744.66	3703.00	

