*******************************************2025/07/08;04:00:03
Probe number 0
Concentration entered by User -1.00% (Compensated: -1.00% at temperature 28.4)
3372.34	3495.96	3614.80	3605.58	3584.70	3606.54	3616.30	3605.00	3605.48	3617.78	3619.68	3635.66	3632.92	3634.36	3646.36	3647.34	
3643.14	3647.70	3643.54	3639.14	3636.72	3630.58	3616.34	3611.26	3618.52	3625.46	3627.46	3631.30	3621.54	3623.32	3641.70	3639.62	
3657.52	3667.90	3667.02	3683.66	3686.82	3698.96	3710.24	3708.92	3714.76	3715.14	3699.34	3695.90	3711.92	3724.84	3736.40	3718.78	
3699.36	3705.14	3725.72	3733.20	3723.34	3724.86	3730.30	3726.64	3733.56	3732.32	3738.58	3746.36	3745.84	3748.14	3748.00	3744.82	
3736.00	3736.60	3734.56	3730.40	3730.30	3721.60	3727.32	3726.76	3710.34	3711.62	3709.34	3719.22	3712.60	3701.16	3685.02	3692.50	
3671.08	3649.64	3617.08	3543.24	3490.68	3461.90	3578.16	3620.22	3639.08	3642.04	3652.48	3662.16	3651.40	3719.72	3725.44	3704.06	
3661.60	3629.14	3622.80	3602.22	3578.24	3574.50	3615.56	3644.54	3644.06	3663.50	3657.16	3665.38	3688.54	3709.02	3696.94	3705.68	
3719.14	3724.26	3721.26	3734.24	3729.52	3717.02	3716.52	3703.68	3695.66	3714.10	3726.62	3730.48	3729.68	3728.80	3747.96	3702.66	

*******************************************2025/07/08;07:00:03
Probe number 1
Concentration entered by User -1.00% (Compensated: -1.00% at temperature 28.5)
3375.82	3498.58	3616.54	3607.88	3586.94	3609.00	3618.28	3607.06	3607.74	3620.12	3621.20	3638.04	3634.78	3636.74	3648.92	3649.16	
3645.18	3650.26	3645.10	3640.70	3638.48	3633.06	3618.90	3612.82	3620.86	3627.34	3629.18	3633.52	3623.84	3625.08	3644.00	3641.26	
3659.44	3669.56	3669.12	3685.52	3688.86	3700.70	3711.50	3710.18	3715.92	3716.70	3700.40	3697.40	3713.34	3726.66	3737.48	3720.10	
3700.70	3707.26	3727.36	3734.74	3724.62	3726.52	3731.64	3728.14	3735.12	3733.72	3739.86	3747.56	3747.22	3749.44	3749.02	3746.28	
3737.22	3737.80	3735.68	3731.74	3731.66	3722.52	3728.62	3728.04	3711.64	3713.16	3711.00	3720.84	3714.16	3703.20	3687.32	3694.32	
3673.00	3651.98	3619.74	3546.08	3493.90	3464.84	3580.42	3622.84	3641.12	3644.32	3655.16	3664.12	3653.54	3721.74	3726.92	3705.96	
3664.68	3632.06	3625.78	3605.04	3581.64	3577.34	3618.10	3647.42	3646.18	3665.98	3659.88	3667.80	3690.38	3710.64	3698.82	3707.20	
3720.52	3725.76	3722.40	3735.82	3730.78	3718.46	3717.84	3705.26	3697.14	3715.84	3728.08	3731.56	3730.82	3729.98	3749.06	3704.44	

