*******************************************2025/04/01;04:00:03
Probe number 0
Concentration entered by User -1.00% (Compensated: -1.00% at temperature 24.5)
2920.62	2954.02	3068.82	3059.00	3046.62	3050.72	3019.88	2987.30	2979.92	2978.06	2991.98	3036.18	3036.14	3065.84	3137.04	3177.74	
3174.90	3209.24	3263.24	3296.42	3370.34	3420.76	3479.90	3521.02	3545.66	3579.20	3590.82	3625.90	3652.74	3625.70	3576.28	3513.96	
3505.14	3507.60	3506.56	3443.54	3329.24	3257.36	3165.88	3033.90	2954.28	2870.04	2800.74	2706.38	2576.64	2513.86	2518.92	2550.74	
2578.90	2688.58	2830.22	3005.46	3205.74	3340.90	3546.38	3693.52	3728.56	3766.20	3805.66	3823.14	3831.58	3841.30	3840.84	3835.84	
3830.34	3820.86	3825.18	3802.30	3801.92	3811.40	3795.32	3714.96	3560.58	3616.06	3534.96	3438.72	3333.26	3329.18	3265.18	3238.26	
3148.60	3185.54	3269.84	3211.64	3346.94	3443.08	3541.42	3667.68	3759.56	3812.42	3819.34	3830.92	3837.56	3828.14	3827.82	3837.26	
3834.74	3814.10	3731.00	3661.06	3625.34	3517.76	3409.82	3306.54	3270.52	3293.90	3290.14	3243.94	3363.66	3483.70	3504.28	3567.58	
3519.74	3409.92	3386.00	3448.08	3475.30	3424.68	3313.54	3219.88	3104.26	3172.00	3139.70	3124.24	3160.12	3065.10	2999.76	2872.98	

*******************************************2025/04/01;07:00:03
Probe number 1
Concentration entered by User -1.00% (Compensated: -1.00% at temperature 23.9)
2969.18	3013.42	3115.88	3121.26	3110.28	3108.54	3100.24	3094.28	3116.62	3115.58	3129.16	3146.82	3148.60	3160.18	3219.64	3247.82	
3243.86	3319.24	3362.76	3411.76	3432.80	3430.86	3453.66	3474.40	3470.48	3503.64	3548.14	3557.54	3540.58	3501.50	3475.98	3444.34	
3421.12	3432.60	3454.70	3415.80	3331.02	3316.06	3326.34	3210.38	3113.46	3021.16	3005.18	2976.74	2907.68	2879.02	2890.86	2890.76	
2931.34	3014.70	3085.50	3274.52	3378.92	3494.76	3585.46	3706.16	3756.20	3763.96	3791.94	3815.78	3837.16	3841.96	3842.38	3839.28	
3834.48	3827.04	3830.98	3828.70	3834.68	3841.16	3838.06	3808.22	3702.22	3730.04	3681.60	3609.28	3515.64	3528.64	3458.72	3384.32	
3278.52	3331.90	3418.66	3386.00	3527.72	3564.68	3657.32	3754.02	3790.64	3825.66	3830.66	3841.34	3843.24	3838.52	3833.90	3833.84	
3830.76	3797.30	3731.32	3667.22	3593.46	3515.92	3435.86	3343.52	3370.98	3382.38	3407.00	3424.80	3537.26	3628.48	3652.74	3715.84	
3689.68	3602.06	3576.22	3590.82	3644.26	3613.86	3486.08	3348.24	3221.80	3269.34	3268.54	3291.62	3274.08	3129.52	3056.24	2920.38	

*******************************************2025/04/01;10:42:53
Probe number 2
Concentration entered by User 2.83% (Compensated: 3.24% at temperature 25.9)
1142.30	1147.68	1173.20	1186.22	1198.06	1214.74	1233.14	1249.70	1268.26	1287.48	1309.92	1335.84	1360.50	1387.26	1415.42	1446.48	
1476.46	1509.76	1542.04	1578.78	1619.82	1669.32	1716.22	1769.04	1832.08	1894.62	1965.44	2043.92	2129.60	2238.56	2372.38	2523.10	
2733.30	3018.22	3356.88	3595.22	3723.44	3731.74	3719.08	3717.74	3716.92	3717.98	3712.20	3712.00	3716.60	3714.94	3715.06	3710.24	
3707.70	3709.40	3715.44	3722.14	3710.92	3714.54	3713.88	3713.36	3721.92	3724.30	3728.14	3730.44	3729.78	3729.30	3728.26	3725.50	
3730.14	3730.86	3729.08	3724.78	3726.88	3724.30	3726.54	3731.10	3729.50	3734.10	3734.94	3732.28	3734.84	3733.96	3741.08	3741.08	
3742.66	3746.66	3744.66	3738.76	3740.98	3739.94	3739.06	3734.28	3741.10	3742.34	3729.60	3741.26	3742.58	3742.98	3741.60	3742.68	
3733.82	3720.56	3721.02	3720.20	3720.36	3719.68	3734.88	3749.88	3741.12	3737.16	3732.66	3717.44	3738.30	3751.84	3740.08	3741.12	
3744.00	3741.92	3739.74	3745.00	3736.84	3734.96	3732.10	3726.96	3727.32	3728.46	3730.54	3733.88	3727.46	3734.74	3753.30	3692.42	

*******************************************2025/04/01;11:02:52
Probe number 3
Concentration entered by User 2.85% (Compensated: 3.27% at temperature 25.9)
1188.28	1189.00	1211.08	1222.78	1233.30	1248.14	1264.88	1279.32	1297.96	1315.40	1335.18	1361.04	1382.60	1408.36	1435.64	1468.16	
1497.30	1530.92	1564.74	1601.54	1642.42	1691.94	1739.76	1792.58	1851.84	1913.86	1980.06	2058.08	2143.12	2247.00	2381.54	2531.14	
2736.38	3019.36	3351.16	3578.94	3717.12	3753.82	3736.68	3737.02	3735.68	3735.34	3729.84	3729.22	3732.46	3731.06	3730.74	3725.56	
3720.72	3721.04	3724.72	3729.76	3718.46	3721.32	3720.00	3717.86	3724.02	3725.24	3727.64	3730.60	3730.50	3729.48	3727.34	3723.10	
3728.10	3728.44	3726.68	3722.52	3723.88	3721.60	3723.52	3727.88	3726.88	3731.24	3732.40	3730.08	3732.94	3732.38	3739.38	3740.62	
3742.02	3746.08	3744.54	3739.20	3741.14	3740.30	3738.82	3732.26	3738.10	3739.38	3725.42	3737.22	3739.50	3740.08	3737.68	3738.30	
3728.68	3714.52	3714.46	3714.06	3714.02	3713.72	3729.18	3744.76	3735.56	3731.32	3726.90	3711.42	3733.82	3747.32	3734.66	3736.56	
3739.20	3737.20	3736.00	3741.64	3733.42	3731.72	3730.44	3728.24	3729.80	3733.84	3740.38	3744.40	3742.20	3744.22	3763.72	3726.06	

*******************************************2025/04/01;11:22:52
Probe number 4
Concentration entered by User 2.82% (Compensated: 3.25% at temperature 26.1)
1197.48	1197.88	1221.18	1232.82	1243.88	1258.56	1276.06	1290.02	1307.52	1325.98	1345.68	1372.14	1393.52	1419.00	1448.00	1478.86	
1508.40	1543.86	1576.06	1612.84	1651.96	1701.10	1749.32	1802.90	1863.50	1924.94	1993.24	2069.94	2154.64	2261.34	2392.02	2542.20	
2749.32	3033.16	3358.34	3586.14	3719.04	3754.74	3737.98	3737.66	3735.92	3736.26	3730.82	3728.34	3730.26	3726.82	3725.88	3720.62	
3715.26	3714.62	3718.50	3723.84	3712.10	3713.92	3712.24	3710.74	3719.02	3720.56	3723.32	3725.48	3724.14	3722.86	3721.02	3716.92	
3721.86	3722.42	3719.78	3715.36	3716.98	3713.54	3716.08	3720.94	3719.42	3724.48	3725.56	3722.84	3725.60	3725.14	3732.52	3733.52	
3735.96	3740.26	3738.74	3733.36	3735.46	3734.62	3732.68	3726.78	3732.74	3733.26	3718.40	3729.82	3731.16	3731.64	3729.88	3730.20	
3720.18	3705.40	3705.30	3704.20	3703.64	3703.42	3720.18	3736.18	3726.56	3722.82	3718.08	3701.50	3724.94	3740.00	3726.92	3728.44	
3730.28	3728.16	3727.04	3732.90	3724.76	3722.44	3721.34	3718.54	3720.32	3725.30	3731.72	3736.12	3734.02	3735.90	3756.28	3718.32	

*******************************************2025/04/01;11:42:52
Probe number 5
Concentration entered by User 2.67% (Compensated: 3.12% at temperature 26.4)
1203.76	1203.64	1227.52	1239.14	1251.04	1265.62	1282.48	1297.08	1315.08	1331.38	1351.20	1377.52	1397.90	1425.74	1453.14	1484.94	
1515.36	1549.56	1583.82	1619.46	1658.68	1709.52	1758.38	1812.52	1870.64	1933.12	2004.48	2085.82	2172.98	2282.12	2425.34	2585.36	
2802.58	3092.70	3406.82	3608.54	3718.64	3743.78	3729.48	3728.32	3726.46	3726.68	3722.94	3721.64	3723.22	3720.18	3719.10	3713.48	
3709.30	3709.36	3713.08	3718.16	3706.40	3708.14	3707.02	3706.12	3714.74	3717.12	3720.38	3722.10	3720.04	3718.46	3716.34	3712.42	
3717.96	3718.48	3716.00	3711.30	3712.66	3709.22	3711.16	3716.10	3715.18	3721.08	3722.28	3719.64	3722.34	3721.70	3729.24	3729.64	
3732.16	3736.68	3734.90	3729.84	3731.42	3730.46	3729.10	3722.34	3728.82	3729.80	3714.04	3726.08	3726.46	3727.30	3725.52	3725.48	
3715.44	3700.84	3700.58	3699.92	3699.58	3698.46	3715.68	3731.88	3722.16	3717.84	3712.80	3695.88	3720.02	3735.82	3722.72	3724.64	
3726.50	3723.40	3722.58	3727.80	3719.92	3717.66	3716.32	3713.40	3714.90	3719.30	3726.82	3731.12	3729.42	3731.76	3752.72	3713.32	

*******************************************2025/04/01;12:02:52
Probe number 6
Concentration entered by User 2.69% (Compensated: 3.15% at temperature 26.5)
1214.08	1213.96	1238.48	1250.02	1261.38	1276.08	1294.10	1308.38	1326.28	1343.62	1364.12	1389.68	1412.52	1437.10	1463.96	1495.32	
1525.76	1561.42	1595.26	1633.88	1674.38	1725.54	1772.44	1824.68	1882.38	1945.16	2016.12	2095.86	2181.80	2291.62	2430.16	2589.10	
2799.60	3077.86	3400.48	3603.30	3724.44	3745.62	3733.06	3731.88	3728.24	3727.70	3723.72	3722.98	3724.74	3720.56	3718.94	3713.34	
3708.74	3708.18	3712.36	3718.02	3706.04	3708.64	3706.88	3706.14	3714.36	3716.44	3719.34	3721.62	3719.24	3717.70	3715.16	3711.58	
3717.14	3717.84	3715.84	3711.54	3712.36	3708.98	3710.92	3716.26	3715.24	3720.56	3721.92	3718.74	3721.76	3721.22	3728.30	3728.80	
3731.20	3735.84	3733.90	3728.58	3731.10	3729.60	3728.22	3722.06	3728.46	3729.62	3714.00	3726.06	3726.16	3726.50	3724.22	3724.36	
3714.02	3699.04	3699.22	3698.12	3697.62	3696.88	3714.10	3730.92	3721.60	3717.30	3711.84	3695.18	3718.74	3735.22	3721.94	3723.40	
3724.58	3721.54	3720.20	3726.18	3717.72	3715.84	3713.92	3711.90	3712.78	3716.60	3723.50	3728.98	3727.58	3730.98	3752.22	3713.44	

*******************************************2025/04/01;12:22:52
Probe number 7
Concentration entered by User 2.51% (Compensated: 2.99% at temperature 26.7)
1222.60	1222.98	1247.78	1259.48	1271.36	1286.88	1304.16	1319.54	1337.24	1354.36	1374.38	1400.58	1422.56	1448.12	1476.26	1509.98	
1540.36	1572.66	1608.04	1646.30	1686.00	1735.44	1782.66	1836.78	1897.32	1962.74	2036.42	2121.50	2208.34	2322.22	2464.12	2627.96	
2846.70	3135.68	3456.68	3651.74	3732.46	3752.02	3742.92	3740.46	3737.88	3736.36	3730.82	3728.56	3729.82	3726.20	3724.72	3718.68	
3713.52	3712.76	3717.14	3723.16	3711.26	3713.90	3712.26	3709.84	3718.36	3720.02	3722.82	3725.16	3724.38	3722.58	3720.38	3716.30	
3720.56	3721.38	3719.80	3715.74	3717.10	3713.50	3715.52	3720.18	3718.74	3724.52	3725.64	3722.84	3725.84	3725.16	3732.04	3732.66	
3735.00	3739.48	3737.38	3732.16	3734.50	3733.28	3731.60	3726.02	3731.52	3733.32	3718.04	3729.88	3730.32	3730.48	3728.18	3728.10	
3717.94	3703.20	3703.00	3701.98	3701.50	3701.44	3718.36	3734.28	3725.34	3721.10	3715.66	3699.80	3723.04	3738.84	3725.22	3726.38	
3727.76	3724.42	3723.34	3728.68	3720.84	3718.82	3717.08	3714.78	3716.10	3720.16	3726.98	3732.24	3730.00	3733.52	3754.72	3716.96	

*******************************************2025/04/01;12:42:52
Probe number 8
Concentration entered by User 2.55% (Compensated: 3.05% at temperature 26.9)
1227.68	1227.22	1251.36	1263.56	1275.66	1292.30	1309.22	1324.20	1341.80	1359.12	1378.46	1405.60	1427.46	1452.90	1481.40	1513.80	
1543.48	1578.80	1613.82	1651.72	1693.88	1742.86	1787.36	1839.20	1897.56	1958.20	2033.40	2111.72	2197.18	2309.24	2449.56	2608.26	
2830.02	3130.98	3447.52	3630.86	3729.64	3756.04	3742.66	3740.72	3735.76	3734.10	3730.26	3728.46	3729.02	3726.24	3723.82	3718.42	
3714.50	3715.10	3718.40	3723.90	3711.78	3713.56	3711.64	3710.28	3719.36	3721.28	3724.40	3725.32	3724.10	3723.12	3720.88	3716.80	
3722.00	3722.14	3720.12	3715.64	3717.10	3714.00	3716.30	3720.82	3719.60	3725.08	3726.04	3723.14	3726.16	3725.56	3732.44	3732.66	
3735.56	3739.36	3737.48	3732.08	3734.86	3733.50	3732.24	3726.32	3731.86	3733.72	3718.48	3730.56	3730.26	3731.22	3728.50	3728.64	
3718.54	3703.22	3702.52	3702.34	3701.30	3701.46	3718.42	3734.90	3725.58	3722.18	3717.04	3700.38	3722.82	3738.64	3724.92	3726.74	
3728.44	3724.54	3723.20	3728.46	3720.70	3718.60	3716.20	3713.50	3715.14	3720.22	3726.50	3731.22	3729.06	3732.94	3753.84	3716.36	

*******************************************2025/04/01;13:02:52
Probe number 9
Concentration entered by User 2.57% (Compensated: 3.07% at temperature 26.9)
1229.70	1229.82	1254.58	1267.24	1279.12	1293.96	1312.40	1326.96	1345.48	1362.44	1382.84	1408.42	1430.76	1454.86	1482.50	1515.06	
1545.48	1577.36	1611.02	1652.90	1695.44	1743.24	1788.42	1836.50	1897.08	1954.24	2024.58	2108.76	2205.44	2312.72	2459.24	2614.64	
2829.82	3134.22	3441.12	3612.24	3726.02	3756.08	3743.28	3739.30	3733.82	3731.68	3728.12	3726.14	3727.10	3723.86	3722.58	3717.02	
3713.22	3713.64	3716.66	3721.50	3709.48	3711.22	3709.80	3708.56	3717.38	3719.60	3722.00	3723.66	3722.20	3721.36	3719.02	3715.50	
3720.60	3721.46	3719.54	3714.34	3715.02	3711.64	3714.34	3719.54	3718.22	3723.74	3724.36	3721.46	3724.68	3723.84	3730.80	3731.44	
3733.78	3738.20	3736.12	3730.46	3733.64	3732.02	3730.56	3724.22	3729.64	3732.22	3716.82	3729.32	3729.12	3729.80	3727.04	3727.30	
3717.32	3702.16	3701.06	3700.80	3699.76	3700.10	3717.52	3733.50	3724.02	3720.76	3715.50	3699.06	3721.72	3736.94	3723.42	3725.04	
3726.18	3722.34	3720.42	3726.50	3718.56	3716.96	3715.28	3713.00	3714.20	3718.94	3725.60	3729.38	3726.62	3730.44	3752.50	3714.26	

*******************************************2025/04/01;13:22:52
Probe number 10
Concentration entered by User 2.56% (Compensated: 3.08% at temperature 27.2)
1231.40	1231.30	1256.66	1269.52	1281.28	1296.24	1314.16	1329.38	1347.42	1365.62	1386.44	1411.86	1432.72	1459.18	1486.12	1517.94	
1546.78	1582.90	1618.06	1656.52	1698.78	1750.36	1797.78	1850.72	1911.24	1977.70	2049.58	2132.26	2216.24	2329.00	2473.52	2625.66	
2847.42	3147.22	3432.06	3607.74	3729.38	3758.58	3745.98	3740.14	3734.82	3734.48	3729.68	3727.92	3729.78	3725.90	3725.32	3720.46	
3717.24	3717.78	3720.58	3725.64	3713.66	3715.58	3714.46	3713.16	3721.60	3723.84	3726.28	3727.64	3726.82	3726.34	3724.10	3720.12	
3724.88	3725.30	3723.14	3718.64	3719.66	3716.64	3719.34	3724.16	3722.36	3727.86	3728.54	3726.32	3728.84	3728.10	3734.96	3735.84	
3737.96	3742.14	3739.76	3734.50	3737.48	3735.86	3734.64	3728.54	3734.00	3736.32	3721.84	3733.60	3733.60	3734.64	3731.40	3731.44	
3721.66	3706.42	3706.12	3705.46	3704.38	3704.98	3721.82	3737.66	3727.90	3724.38	3719.14	3703.14	3725.36	3740.78	3727.20	3728.58	
3730.30	3726.16	3724.56	3730.42	3722.70	3720.94	3719.40	3716.94	3717.98	3722.52	3729.50	3733.50	3730.48	3734.60	3755.24	3717.66	

*******************************************2025/04/01;13:42:52
Probe number 11
Concentration entered by User 2.64% (Compensated: 3.15% at temperature 27.1)
1232.26	1232.12	1257.10	1269.26	1281.48	1296.20	1314.48	1329.62	1347.60	1364.88	1385.54	1411.16	1432.82	1457.88	1485.46	1516.78	
1545.74	1577.62	1612.08	1652.12	1694.00	1741.74	1790.40	1842.84	1900.46	1962.40	2031.38	2113.54	2207.80	2321.82	2458.56	2608.40	
2823.52	3131.18	3411.30	3585.30	3716.86	3752.98	3739.96	3734.50	3730.30	3731.02	3726.80	3725.28	3727.12	3724.24	3724.02	3719.00	
3715.06	3715.62	3719.36	3724.96	3713.32	3715.90	3714.28	3712.56	3721.06	3723.50	3725.94	3728.26	3727.00	3726.16	3724.08	3720.12	
3725.00	3725.64	3723.76	3719.34	3720.62	3717.40	3719.66	3724.32	3722.68	3728.54	3729.14	3726.66	3729.10	3728.74	3735.38	3735.84	
3738.54	3742.10	3740.38	3735.00	3737.76	3736.04	3735.30	3729.20	3734.56	3736.72	3721.98	3734.16	3733.86	3734.92	3732.00	3731.88	
3722.06	3706.88	3706.16	3705.72	3704.40	3705.70	3722.30	3738.00	3728.04	3724.46	3719.56	3703.10	3725.48	3740.68	3727.36	3728.76	
3730.40	3726.38	3724.92	3730.50	3722.48	3720.38	3719.08	3716.88	3717.54	3722.40	3729.28	3733.36	3729.72	3734.36	3754.66	3717.18	

*******************************************2025/04/01;14:02:52
Probe number 12
Concentration entered by User 2.58% (Compensated: 3.09% at temperature 27.1)
1233.34	1233.10	1258.08	1271.16	1283.16	1298.64	1315.32	1331.34	1349.02	1366.52	1387.36	1413.52	1435.40	1460.54	1487.40	1521.48	
1548.12	1580.96	1614.58	1652.26	1692.98	1740.42	1790.94	1844.86	1898.58	1964.72	2030.68	2114.76	2218.12	2351.82	2508.26	2650.86	
2859.66	3158.30	3423.62	3583.78	3719.68	3752.22	3741.18	3736.26	3732.68	3732.76	3729.02	3728.16	3730.40	3727.74	3727.12	3722.08	
3719.02	3719.98	3723.68	3728.78	3717.16	3719.86	3718.50	3716.64	3725.10	3727.84	3730.78	3732.08	3731.46	3730.76	3728.50	3724.88	
3729.42	3729.56	3727.80	3723.14	3724.98	3721.72	3724.30	3728.82	3727.50	3732.52	3733.42	3730.92	3733.34	3732.88	3739.40	3740.06	
3742.34	3745.82	3744.04	3739.10	3741.74	3740.02	3739.22	3733.42	3738.98	3740.68	3726.68	3738.28	3738.38	3739.16	3736.36	3736.68	
3726.64	3711.76	3711.14	3710.36	3709.16	3710.02	3726.44	3742.18	3732.50	3728.72	3723.92	3707.72	3729.40	3744.48	3731.50	3732.38	
3734.56	3730.74	3729.84	3734.86	3726.16	3724.26	3723.28	3721.36	3721.84	3726.14	3733.06	3737.18	3733.84	3738.12	3758.18	3720.70	

*******************************************2025/04/01;14:22:52
Probe number 13
Concentration entered by User 2.45% (Compensated: 2.97% at temperature 27.3)
1236.00	1236.08	1261.14	1274.98	1287.62	1302.92	1321.54	1336.00	1354.20	1372.50	1392.42	1418.22	1440.62	1466.92	1494.50	1522.90	
1552.96	1586.70	1620.24	1656.10	1693.16	1740.64	1785.80	1835.48	1896.92	1958.08	2033.22	2117.54	2217.16	2361.26	2565.06	2755.46	
2961.72	3209.90	3426.26	3590.16	3726.52	3746.70	3737.32	3733.82	3730.50	3730.22	3726.48	3726.72	3729.18	3726.58	3726.64	3721.86	
3718.88	3720.06	3724.20	3729.36	3717.94	3720.74	3719.32	3717.60	3726.38	3728.44	3731.42	3733.18	3732.42	3731.26	3729.04	3725.50	
3730.26	3731.44	3729.60	3725.14	3725.66	3722.28	3724.82	3729.54	3728.72	3733.98	3734.58	3731.88	3734.38	3733.74	3740.06	3741.26	
3743.40	3746.78	3745.18	3739.90	3742.40	3740.76	3739.84	3733.96	3739.44	3741.40	3727.26	3739.22	3738.98	3740.22	3737.26	3737.40	
3727.62	3712.26	3711.82	3711.60	3710.58	3711.64	3726.96	3742.76	3732.96	3729.72	3724.96	3708.84	3730.04	3744.94	3732.40	3732.84	
3734.72	3731.20	3730.04	3734.94	3726.62	3724.54	3723.84	3721.52	3722.90	3727.24	3733.46	3737.24	3733.84	3738.52	3758.42	3721.20	

*******************************************2025/04/01;14:42:52
Probe number 14
Concentration entered by User 2.36% (Compensated: 2.88% at temperature 27.2)
1235.10	1235.42	1260.24	1273.44	1285.28	1300.96	1318.60	1333.18	1352.30	1369.76	1390.74	1416.54	1438.82	1465.46	1491.92	1521.42	
1551.74	1583.92	1617.46	1655.10	1690.88	1740.34	1786.90	1835.82	1898.30	1970.20	2037.24	2117.10	2219.14	2354.36	2562.14	2762.06	
2976.32	3203.02	3440.32	3678.74	3722.24	3734.88	3728.76	3726.86	3724.68	3725.68	3723.76	3724.82	3727.60	3725.58	3725.66	3720.44	
3717.50	3719.16	3723.84	3729.88	3718.28	3721.18	3719.58	3718.32	3727.04	3729.36	3732.62	3734.10	3733.16	3732.28	3730.22	3726.50	
3731.48	3732.14	3730.64	3725.50	3726.56	3723.48	3726.26	3730.68	3729.76	3734.86	3735.34	3732.74	3735.22	3734.42	3741.30	3742.02	
3744.28	3747.80	3745.96	3741.34	3743.70	3741.96	3741.22	3735.40	3740.80	3742.58	3728.94	3740.18	3740.46	3741.34	3738.32	3738.62	
3728.82	3714.14	3713.38	3712.68	3711.82	3713.12	3728.26	3744.04	3734.60	3731.16	3725.90	3709.96	3731.40	3746.00	3733.36	3733.80	
3736.00	3732.36	3730.98	3736.06	3727.98	3726.00	3725.10	3723.34	3723.78	3728.02	3734.16	3738.10	3734.36	3739.52	3760.26	3723.36	

*******************************************2025/04/01;15:02:52
Probe number 15
Concentration entered by User 2.13% (Compensated: 2.65% at temperature 27.3)
1236.54	1236.42	1261.36	1274.32	1286.64	1301.80	1318.56	1333.60	1352.64	1370.46	1389.26	1414.28	1437.18	1462.98	1491.26	1522.96	
1552.66	1587.44	1624.92	1660.90	1706.32	1754.36	1797.98	1852.12	1914.72	1980.96	2050.06	2136.08	2219.84	2330.18	2442.78	2574.60	
2824.72	3268.68	3686.72	3735.26	3727.98	3734.62	3727.58	3725.42	3722.60	3723.28	3720.68	3721.60	3725.52	3723.90	3723.34	3718.48	
3715.54	3717.78	3722.50	3728.62	3716.90	3719.30	3718.68	3716.84	3725.78	3728.02	3731.20	3733.34	3732.60	3731.76	3729.78	3725.70	
3730.60	3731.38	3729.30	3724.92	3726.02	3722.94	3725.58	3729.56	3728.54	3733.72	3734.54	3732.00	3734.70	3733.94	3740.48	3741.36	
3743.16	3746.58	3744.82	3739.84	3742.52	3741.00	3740.40	3734.12	3739.72	3741.28	3727.80	3739.26	3739.60	3741.02	3737.96	3738.38	
3728.46	3713.06	3712.58	3711.74	3710.52	3712.36	3727.98	3743.40	3733.62	3729.88	3724.56	3708.66	3730.78	3745.28	3732.54	3732.44	
3734.94	3731.60	3730.52	3735.22	3727.14	3724.98	3724.22	3721.56	3722.46	3727.02	3733.18	3736.74	3733.82	3738.44	3759.14	3721.76	

*******************************************2025/04/01;15:22:52
Probe number 16
Concentration entered by User 1.67% (Compensated: 2.21% at temperature 27.4)
1236.86	1236.72	1261.54	1274.58	1286.66	1302.42	1320.64	1334.68	1354.12	1372.58	1391.64	1417.20	1439.32	1466.16	1494.58	1526.12	
1555.66	1592.66	1629.92	1667.94	1708.74	1757.32	1805.20	1857.02	1918.18	1979.46	2046.30	2119.72	2213.12	2326.84	2462.70	2653.96	
3027.88	3494.30	3687.30	3728.30	3724.08	3730.58	3724.52	3726.02	3724.40	3724.52	3721.30	3721.78	3725.18	3724.22	3724.42	3720.04	
3716.82	3718.22	3723.24	3730.24	3718.54	3721.44	3720.16	3719.02	3728.06	3730.22	3733.18	3735.32	3734.50	3733.34	3730.98	3727.46	
3732.60	3733.54	3731.68	3727.12	3727.94	3724.84	3727.12	3731.46	3730.66	3736.26	3736.64	3733.96	3736.22	3735.44	3741.82	3742.88	
3744.82	3747.88	3746.82	3741.90	3744.38	3742.68	3741.82	3735.42	3741.20	3743.26	3729.90	3741.18	3741.60	3742.34	3739.54	3740.06	
3730.02	3714.54	3714.26	3713.12	3712.36	3714.12	3729.76	3745.06	3734.64	3731.46	3726.22	3710.72	3731.98	3746.18	3733.44	3733.82	
3735.90	3732.92	3731.16	3736.30	3728.06	3726.28	3725.60	3722.96	3723.36	3727.82	3734.28	3738.44	3734.84	3739.14	3759.30	3721.96	

*******************************************2025/04/01;15:42:52
Probe number 17
Concentration entered by User 1.57% (Compensated: 2.10% at temperature 27.4)
1233.30	1232.70	1258.74	1272.26	1285.68	1300.62	1318.06	1333.26	1351.36	1370.78	1389.70	1414.56	1436.54	1463.76	1491.82	1523.84	
1554.16	1591.12	1623.44	1662.12	1703.12	1752.34	1795.60	1845.68	1903.82	1965.52	2034.30	2110.58	2198.08	2318.10	2493.34	2756.24	
3151.02	3468.52	3647.20	3712.70	3710.94	3718.50	3712.34	3713.00	3711.90	3713.02	3709.06	3710.14	3714.48	3714.04	3714.80	3710.08	
3707.08	3708.68	3713.68	3721.34	3710.36	3712.98	3711.50	3710.08	3719.32	3721.56	3724.86	3727.40	3727.00	3726.06	3723.18	3718.62	
3724.16	3724.98	3723.54	3719.18	3720.40	3716.74	3718.94	3723.32	3722.44	3728.54	3729.16	3726.52	3728.76	3728.08	3734.64	3735.62	
3737.58	3740.96	3739.66	3734.66	3736.88	3735.12	3734.54	3728.10	3733.98	3736.10	3721.70	3733.84	3734.52	3735.16	3732.38	3732.78	
3722.60	3706.30	3705.52	3705.34	3703.96	3705.76	3721.40	3737.22	3726.64	3723.46	3718.08	3701.78	3723.62	3739.30	3725.60	3726.06	
3728.38	3724.88	3722.98	3728.22	3719.66	3717.44	3716.72	3713.96	3715.06	3719.52	3726.42	3730.90	3727.32	3731.66	3752.62	3713.44	

*******************************************2025/04/01;16:02:52
Probe number 18
Concentration entered by User 1.46% (Compensated: 2.01% at temperature 27.6)
1235.14	1235.52	1261.88	1275.86	1287.40	1302.96	1320.82	1336.42	1354.86	1373.54	1393.74	1420.56	1443.26	1470.84	1499.64	1532.18	
1561.14	1596.08	1631.20	1668.22	1705.76	1750.28	1791.28	1842.88	1898.32	1959.66	2029.60	2114.22	2193.88	2332.70	2569.12	2865.78	
3193.80	3472.28	3633.80	3708.12	3708.02	3716.42	3711.20	3711.36	3710.34	3712.28	3709.08	3709.88	3714.78	3714.44	3714.96	3709.76	
3706.84	3707.56	3712.66	3720.48	3709.30	3711.80	3710.48	3708.78	3717.60	3720.16	3723.92	3726.62	3726.56	3725.50	3722.60	3718.18	
3723.44	3724.42	3723.28	3718.40	3719.78	3716.56	3719.04	3723.08	3722.04	3727.60	3728.66	3725.64	3728.14	3727.20	3733.92	3734.88	
3736.68	3740.26	3739.32	3733.90	3736.44	3734.48	3733.80	3727.30	3733.60	3735.76	3721.30	3733.20	3733.70	3734.66	3731.70	3732.46	
3722.02	3706.06	3706.10	3704.22	3703.62	3704.76	3720.66	3736.66	3725.70	3722.64	3717.06	3700.74	3723.14	3738.28	3725.22	3725.24	
3727.28	3723.98	3722.46	3727.74	3719.10	3716.50	3715.72	3712.80	3713.42	3718.30	3725.26	3730.06	3726.52	3730.36	3751.48	3712.54	

*******************************************2025/04/01;16:22:52
Probe number 19
Concentration entered by User 1.49% (Compensated: 2.03% at temperature 27.5)
1233.80	1233.84	1258.94	1272.62	1284.88	1300.20	1318.24	1334.58	1353.92	1372.36	1393.22	1420.98	1443.44	1469.26	1497.92	1531.68	
1561.18	1595.36	1628.58	1661.02	1698.62	1744.66	1784.76	1835.28	1892.62	1959.14	2030.66	2106.52	2209.52	2360.68	2564.98	2870.48	
3213.94	3443.90	3616.30	3699.78	3708.92	3714.62	3708.48	3710.66	3710.96	3712.48	3708.30	3709.88	3715.00	3714.02	3715.02	3709.26	
3706.42	3708.34	3713.54	3720.64	3709.70	3712.38	3710.46	3709.04	3717.84	3720.80	3725.02	3727.90	3727.18	3726.34	3724.00	3719.54	
3724.52	3725.16	3723.60	3718.94	3720.58	3717.78	3720.34	3724.54	3722.24	3727.74	3728.78	3726.64	3729.58	3728.14	3734.90	3735.88	
3737.88	3741.34	3740.10	3735.20	3737.10	3735.64	3734.72	3728.52	3734.64	3736.20	3722.30	3734.66	3734.72	3735.58	3732.64	3733.18	
3722.96	3707.44	3707.02	3705.76	3704.30	3705.18	3721.14	3736.96	3725.92	3722.96	3717.06	3700.98	3723.68	3739.12	3726.40	3726.00	
3728.16	3724.64	3723.10	3728.54	3720.04	3717.88	3715.66	3712.24	3713.08	3718.64	3726.36	3730.86	3726.36	3730.10	3751.42	3713.42	

*******************************************2025/04/01;16:42:52
Probe number 20
Concentration entered by User 1.61% (Compensated: 2.15% at temperature 27.5)
1234.02	1234.08	1259.72	1272.64	1285.12	1300.74	1318.66	1334.54	1354.04	1372.68	1393.92	1421.62	1443.74	1469.82	1497.88	1531.50	
1561.82	1595.52	1625.44	1662.54	1701.66	1748.66	1789.28	1844.02	1903.74	1958.00	2032.28	2123.82	2222.96	2371.80	2572.02	2843.42	
3162.50	3422.74	3609.92	3692.20	3704.56	3709.48	3703.94	3707.50	3708.02	3709.90	3705.90	3707.80	3712.54	3710.94	3711.60	3707.20	
3703.90	3706.10	3710.30	3716.94	3705.88	3709.46	3708.34	3706.70	3715.66	3718.08	3722.20	3725.28	3724.68	3723.82	3721.00	3716.30	
3721.42	3722.50	3720.48	3715.70	3717.46	3714.60	3717.38	3721.34	3719.28	3725.16	3726.00	3723.88	3726.44	3725.04	3732.14	3732.84	
3735.38	3738.60	3737.18	3732.08	3734.48	3732.66	3732.18	3725.58	3731.88	3733.60	3719.56	3731.52	3731.86	3732.84	3730.02	3730.78	
3720.64	3704.54	3704.08	3702.48	3700.66	3701.72	3717.92	3734.28	3722.96	3719.70	3713.46	3697.32	3720.56	3736.58	3723.52	3723.14	
3724.98	3721.32	3720.08	3725.30	3716.98	3714.38	3712.06	3708.46	3709.26	3715.68	3723.54	3728.02	3723.64	3726.54	3748.28	3708.48	

*******************************************2025/04/01;17:02:52
Probe number 21
Concentration entered by User 1.65% (Compensated: 2.20% at temperature 27.7)
1238.40	1238.36	1264.36	1278.00	1290.58	1306.52	1325.52	1341.14	1360.44	1378.92	1399.82	1425.98	1449.38	1476.30	1504.48	1538.10	
1565.22	1598.06	1632.22	1667.92	1706.34	1755.00	1798.00	1849.54	1906.58	1965.38	2039.30	2145.64	2240.86	2378.68	2587.98	2819.52	
3147.34	3415.28	3611.08	3699.56	3710.22	3714.88	3708.72	3710.08	3710.44	3712.34	3709.10	3710.86	3715.62	3713.50	3713.70	3709.74	
3706.52	3708.90	3713.78	3720.18	3708.48	3712.14	3711.08	3709.50	3718.90	3721.54	3725.50	3727.66	3727.22	3726.44	3724.26	3719.92	
3725.08	3725.48	3723.84	3719.18	3720.72	3717.94	3720.30	3724.14	3722.58	3728.20	3729.32	3726.78	3729.00	3728.50	3735.04	3736.16	
3738.24	3741.52	3740.40	3735.00	3737.50	3735.84	3734.92	3728.50	3735.16	3736.32	3722.44	3734.44	3734.88	3735.94	3733.62	3734.10	
3724.10	3708.30	3707.22	3705.56	3704.16	3705.34	3721.04	3736.84	3725.64	3722.10	3716.98	3700.78	3723.64	3739.18	3726.88	3726.36	
3728.24	3724.40	3722.78	3728.54	3720.16	3717.28	3715.18	3711.48	3712.72	3718.50	3726.66	3730.80	3726.08	3728.58	3750.20	3711.60	

*******************************************2025/04/01;17:04:40
Probe number 22
Concentration entered by User 1.64% (Compensated: 2.19% at temperature 27.7)
1239.98	1239.42	1265.40	1278.76	1291.86	1307.94	1326.94	1342.64	1362.18	1381.62	1402.30	1428.76	1451.88	1478.40	1507.36	1540.60	
1568.36	1600.60	1634.66	1668.24	1707.12	1755.14	1799.72	1850.84	1912.68	1966.74	2051.10	2140.96	2245.76	2387.96	2591.78	2832.38	
3147.28	3415.20	3613.70	3704.30	3713.42	3718.90	3712.48	3714.98	3714.64	3716.22	3713.48	3715.06	3719.26	3717.60	3717.72	3713.60	
3710.50	3712.78	3717.42	3724.24	3712.88	3716.08	3714.66	3713.66	3722.72	3725.46	3728.82	3731.52	3730.72	3729.98	3727.88	3724.10	
3728.32	3729.24	3727.14	3722.60	3724.16	3721.56	3724.36	3728.12	3726.70	3731.82	3732.92	3730.40	3732.72	3731.76	3738.66	3739.66	
3741.18	3744.94	3743.50	3738.58	3740.58	3738.98	3738.34	3731.76	3738.10	3739.92	3725.96	3737.64	3738.16	3739.10	3736.72	3737.48	
3727.70	3711.94	3711.38	3709.64	3708.00	3709.24	3724.88	3740.12	3729.00	3726.04	3720.54	3704.70	3727.28	3742.86	3730.22	3729.88	
3731.66	3727.96	3726.48	3731.80	3723.20	3720.92	3718.64	3714.82	3715.96	3722.18	3729.66	3733.72	3729.26	3731.84	3753.06	3715.34	

*******************************************2025/04/01;17:24:39
Probe number 23
Concentration entered by User 1.62% (Compensated: 2.17% at temperature 27.7)
1237.34	1237.36	1262.16	1276.44	1289.10	1304.30	1323.22	1339.14	1357.82	1376.86	1397.98	1424.32	1446.98	1474.20	1503.36	1535.22	
1564.92	1598.68	1630.48	1665.34	1704.10	1753.40	1799.94	1850.74	1911.30	1968.76	2056.76	2146.28	2259.72	2407.48	2594.58	2823.16	
3145.82	3440.02	3610.56	3692.82	3709.76	3715.54	3709.86	3711.20	3711.72	3713.94	3711.16	3712.52	3716.20	3714.86	3715.68	3710.98	
3708.12	3709.68	3714.64	3721.36	3710.16	3713.08	3712.18	3711.04	3719.92	3722.42	3726.06	3728.58	3727.92	3727.26	3725.38	3720.82	
3725.72	3726.66	3725.24	3720.28	3721.76	3719.06	3721.40	3725.12	3723.38	3729.38	3729.98	3727.78	3730.18	3729.24	3735.68	3736.88	
3738.92	3742.40	3741.04	3736.12	3738.10	3736.30	3735.66	3729.26	3735.36	3737.22	3723.02	3735.06	3736.06	3736.74	3734.60	3735.10	
3724.56	3709.10	3708.78	3707.00	3705.40	3706.40	3721.72	3737.28	3726.44	3723.46	3717.56	3701.58	3724.48	3740.22	3727.74	3726.68	
3728.76	3724.94	3723.36	3728.76	3720.50	3717.62	3715.56	3712.08	3713.22	3719.26	3726.90	3731.36	3725.70	3728.48	3750.76	3712.12	

*******************************************2025/04/01;17:44:39
Probe number 24
Concentration entered by User 1.66% (Compensated: 2.22% at temperature 27.8)
1240.02	1240.14	1266.00	1279.70	1292.60	1309.26	1326.68	1342.54	1361.92	1379.98	1399.58	1426.60	1449.38	1475.28	1503.36	1535.46	
1563.34	1596.70	1630.38	1670.12	1709.56	1760.20	1806.72	1855.54	1920.52	1985.38	2064.20	2153.46	2264.74	2420.64	2621.14	2849.34	
3119.52	3421.64	3608.20	3691.22	3713.02	3714.46	3705.64	3708.94	3712.26	3716.18	3712.48	3712.86	3715.74	3713.56	3713.24	3708.36	
3706.36	3708.54	3714.26	3720.88	3708.84	3711.44	3710.34	3708.36	3717.78	3720.18	3724.30	3726.80	3725.88	3725.16	3722.82	3718.72	
3723.88	3724.84	3723.66	3718.48	3720.04	3716.72	3719.14	3722.60	3720.82	3726.88	3728.24	3725.52	3727.74	3726.98	3733.58	3734.74	
3736.32	3740.00	3738.86	3734.16	3736.08	3734.60	3733.50	3726.94	3733.52	3734.76	3721.04	3733.14	3734.18	3734.84	3732.02	3733.02	
3722.72	3706.82	3706.82	3704.54	3702.52	3703.62	3719.90	3735.54	3724.46	3721.18	3715.00	3698.70	3722.18	3738.06	3725.30	3724.58	
3726.26	3722.42	3720.44	3726.56	3718.10	3715.24	3713.00	3709.46	3710.42	3716.50	3724.78	3728.34	3724.14	3726.46	3748.26	3709.16	

*******************************************2025/04/01;18:04:39
Probe number 25
Concentration entered by User 1.63% (Compensated: 2.20% at temperature 27.9)
1241.14	1240.62	1266.42	1280.82	1293.68	1309.08	1328.40	1344.52	1363.76	1381.86	1403.04	1428.32	1450.56	1478.58	1508.18	1538.74	
1569.98	1601.52	1631.76	1673.88	1715.52	1766.78	1810.78	1867.30	1924.06	1995.10	2078.48	2167.10	2288.50	2415.02	2629.24	2853.18	
3129.52	3431.78	3610.82	3698.16	3715.46	3718.88	3711.02	3714.54	3716.96	3720.50	3717.04	3717.34	3719.66	3717.14	3716.76	3712.12	
3709.60	3711.88	3717.80	3723.94	3712.42	3715.08	3714.12	3712.76	3721.60	3724.06	3727.74	3730.12	3729.70	3728.90	3726.68	3722.50	
3727.34	3727.98	3726.64	3722.22	3723.52	3720.70	3722.64	3726.24	3724.56	3730.46	3731.50	3729.08	3731.28	3730.18	3736.90	3738.00	
3740.00	3743.06	3742.18	3736.98	3738.92	3737.30	3736.30	3730.02	3736.66	3738.36	3725.48	3736.88	3737.04	3737.50	3735.44	3736.64	
3726.00	3710.44	3710.28	3708.06	3706.86	3707.96	3723.62	3738.60	3727.68	3724.38	3718.44	3702.50	3725.58	3741.50	3728.64	3727.84	
3729.58	3725.54	3724.30	3729.64	3721.10	3718.30	3715.88	3712.86	3713.56	3719.48	3727.38	3731.88	3727.32	3729.38	3750.62	3712.78	

*******************************************2025/04/01;18:24:39
Probe number 26
Concentration entered by User 1.78% (Compensated: 2.35% at temperature 27.8)
1241.06	1240.96	1266.82	1280.06	1291.90	1308.36	1327.98	1343.70	1363.02	1380.68	1400.84	1427.28	1448.64	1477.30	1506.46	1539.08	
1567.56	1600.80	1633.98	1672.38	1716.40	1769.42	1815.88	1864.04	1927.38	1999.62	2084.02	2167.68	2276.82	2412.72	2605.52	2823.10	
3091.80	3370.60	3613.48	3693.18	3715.50	3716.54	3707.62	3713.06	3717.36	3721.36	3717.76	3718.02	3720.44	3717.54	3717.04	3711.98	
3709.92	3713.06	3718.40	3724.88	3712.56	3715.34	3714.44	3712.98	3722.42	3724.68	3728.28	3730.80	3730.04	3729.70	3726.82	3722.38	
3727.58	3728.36	3726.92	3722.92	3724.24	3721.32	3722.88	3726.82	3724.74	3730.76	3731.74	3729.80	3731.66	3730.78	3737.28	3738.36	
3739.84	3743.24	3742.76	3737.34	3739.52	3737.66	3736.74	3730.78	3737.22	3738.96	3726.10	3737.18	3737.08	3737.52	3736.22	3737.08	
3726.76	3711.08	3710.58	3708.42	3707.24	3707.54	3723.84	3739.06	3728.10	3725.10	3718.94	3702.90	3725.54	3741.62	3728.98	3728.26	
3729.62	3726.34	3724.52	3730.32	3721.62	3718.68	3715.94	3713.34	3713.96	3719.44	3727.68	3732.24	3727.12	3729.36	3750.80	3712.98	

*******************************************2025/04/01;18:44:39
Probe number 27
Concentration entered by User 1.81% (Compensated: 2.39% at temperature 27.9)
1239.44	1239.06	1264.48	1278.40	1291.04	1307.14	1325.06	1340.60	1359.18	1378.54	1397.98	1423.22	1446.20	1474.96	1504.52	1536.72	
1566.52	1601.14	1635.02	1675.60	1717.94	1769.40	1813.66	1869.02	1930.58	2000.22	2079.40	2178.40	2283.18	2426.72	2590.18	2753.72	
3048.58	3404.88	3609.46	3687.12	3710.80	3718.96	3714.20	3719.14	3721.70	3724.62	3720.90	3721.24	3723.18	3720.20	3719.76	3713.84	
3712.28	3715.78	3721.00	3727.18	3714.70	3717.12	3716.70	3715.18	3724.34	3726.12	3729.70	3732.04	3731.56	3730.48	3728.62	3724.68	
3728.94	3729.54	3728.48	3723.96	3726.12	3723.00	3724.82	3728.16	3726.50	3732.12	3733.48	3730.82	3732.96	3732.12	3738.76	3739.48	
3741.14	3744.48	3744.14	3738.52	3740.56	3738.98	3738.36	3732.18	3739.04	3740.64	3727.08	3738.06	3738.82	3739.06	3737.76	3738.54	
3728.28	3712.82	3712.08	3709.88	3709.48	3709.98	3725.64	3740.30	3729.56	3726.10	3720.40	3704.60	3727.52	3743.16	3730.04	3729.66	
3731.06	3727.52	3725.74	3731.22	3722.86	3719.98	3718.08	3714.60	3715.16	3720.56	3728.62	3733.24	3728.82	3730.64	3752.20	3714.66	

*******************************************2025/04/01;19:04:39
Probe number 28
Concentration entered by User 1.37% (Compensated: 1.94% at temperature 27.9)
1242.10	1242.14	1268.12	1282.52	1294.34	1310.10	1329.20	1344.74	1363.00	1382.14	1403.26	1428.30	1450.88	1478.96	1508.36	1541.22	
1571.00	1605.52	1639.16	1678.38	1718.50	1768.02	1817.28	1863.70	1923.84	2003.36	2079.50	2169.20	2285.68	2443.64	2683.74	2950.10	
3238.48	3466.62	3614.38	3690.48	3713.52	3717.86	3709.86	3717.48	3722.04	3724.30	3720.04	3719.80	3722.28	3718.84	3718.12	3712.86	
3712.24	3715.36	3720.74	3725.84	3713.44	3715.94	3715.92	3715.06	3724.68	3726.28	3729.20	3731.14	3730.76	3730.54	3728.58	3724.32	
3728.64	3729.30	3727.92	3723.14	3725.36	3722.72	3724.62	3727.94	3725.60	3731.56	3732.28	3730.12	3732.04	3731.38	3738.02	3739.24	
3740.48	3743.90	3743.06	3738.16	3740.28	3738.52	3737.72	3731.74	3738.08	3739.72	3726.44	3737.60	3737.94	3738.42	3736.44	3737.88	
3727.68	3711.92	3711.64	3709.12	3708.54	3709.80	3724.94	3740.14	3728.84	3725.90	3719.62	3703.96	3726.84	3742.48	3729.58	3728.90	
3730.54	3727.00	3725.28	3730.58	3722.30	3719.50	3717.04	3714.26	3714.48	3719.22	3727.36	3732.38	3727.48	3729.78	3751.16	3713.58	

*******************************************2025/04/01;19:24:39
Probe number 29
Concentration entered by User 1.39% (Compensated: 1.97% at temperature 27.9)
1243.46	1243.20	1269.20	1283.48	1296.18	1311.76	1330.44	1346.48	1365.80	1383.62	1404.08	1430.12	1452.46	1480.44	1509.76	1541.26	
1570.56	1607.04	1641.56	1679.30	1719.64	1773.14	1823.04	1868.90	1933.94	2003.40	2086.02	2184.18	2293.92	2444.48	2672.18	2922.36	
3220.48	3478.00	3621.24	3695.84	3711.34	3722.34	3716.40	3724.56	3727.12	3728.02	3722.56	3722.02	3723.88	3720.96	3720.34	3714.74	
3713.86	3717.14	3721.88	3726.42	3713.62	3716.58	3716.72	3715.76	3724.88	3726.66	3729.44	3731.30	3730.44	3730.22	3728.88	3724.56	
3728.50	3728.94	3727.50	3723.66	3725.66	3722.84	3724.46	3727.40	3725.34	3731.34	3732.68	3730.62	3732.68	3731.22	3737.84	3739.18	
3740.76	3743.86	3743.08	3737.66	3740.22	3738.40	3737.90	3731.88	3738.08	3739.78	3726.28	3737.58	3737.74	3737.90	3736.54	3737.92	
3727.64	3712.00	3711.60	3709.34	3708.64	3709.44	3725.08	3739.70	3728.84	3725.56	3719.78	3703.78	3726.58	3741.98	3729.12	3728.56	
3730.28	3726.48	3725.08	3730.26	3721.66	3719.20	3717.28	3713.72	3713.88	3719.32	3727.00	3731.82	3727.36	3729.06	3750.58	3712.50	

*******************************************2025/04/01;19:44:39
Probe number 30
Concentration entered by User 1.45% (Compensated: 2.03% at temperature 28.0)
1240.18	1240.64	1266.86	1280.38	1293.90	1310.02	1328.14	1344.02	1362.02	1380.28	1400.74	1426.88	1450.16	1477.30	1506.52	1537.92	
1569.28	1602.10	1636.44	1673.16	1711.64	1763.26	1810.82	1863.82	1925.24	1997.96	2080.36	2181.56	2295.66	2441.58	2659.06	2907.64	
3203.56	3467.98	3617.16	3696.64	3713.74	3719.26	3714.78	3718.94	3720.14	3720.84	3716.50	3718.18	3721.42	3718.86	3719.12	3714.08	
3712.60	3714.26	3718.70	3723.10	3711.40	3715.80	3716.00	3715.10	3724.58	3725.24	3727.96	3729.78	3729.34	3729.84	3727.68	3723.96	
3728.76	3728.44	3726.84	3722.40	3724.42	3721.64	3723.66	3726.90	3724.98	3730.92	3731.98	3729.44	3731.76	3730.82	3737.80	3738.30	
3739.66	3743.42	3743.04	3737.50	3739.66	3737.70	3736.84	3730.92	3737.30	3738.96	3725.48	3736.74	3736.98	3737.42	3735.76	3737.04	
3727.00	3711.32	3711.18	3709.00	3708.66	3708.82	3724.10	3739.10	3727.90	3725.30	3719.72	3703.22	3725.86	3741.36	3728.48	3728.06	
3730.12	3726.10	3724.10	3729.46	3721.24	3718.36	3716.24	3712.98	3713.36	3718.72	3726.42	3730.92	3726.66	3728.62	3750.34	3711.50	

*******************************************2025/04/01;20:04:39
Probe number 31
Concentration entered by User 1.49% (Compensated: 2.06% at temperature 27.9)
1240.68	1240.54	1266.62	1280.74	1293.16	1308.96	1327.40	1343.38	1362.14	1380.76	1400.12	1424.96	1446.86	1474.64	1503.50	1536.70	
1566.00	1597.94	1634.16	1673.48	1712.46	1759.96	1811.14	1867.36	1930.64	1995.38	2089.68	2182.88	2292.34	2425.82	2645.42	2888.96	
3191.12	3454.40	3624.62	3699.92	3717.74	3715.22	3712.00	3719.86	3724.60	3725.80	3718.22	3718.18	3720.96	3719.16	3719.70	3715.96	
3714.18	3715.96	3720.28	3724.80	3712.54	3715.70	3716.76	3716.90	3726.34	3727.46	3730.00	3731.48	3731.26	3731.24	3729.90	3726.10	
3730.40	3730.34	3728.66	3723.70	3725.56	3723.80	3725.16	3728.62	3726.14	3731.88	3733.04	3730.74	3732.72	3731.94	3739.04	3739.88	
3741.18	3744.44	3743.70	3738.10	3740.58	3738.98	3738.64	3731.74	3737.88	3740.00	3726.58	3738.14	3738.34	3738.62	3736.88	3738.18	
3728.48	3713.04	3712.90	3710.44	3709.94	3710.16	3725.54	3740.34	3729.66	3726.98	3721.48	3704.60	3726.96	3742.40	3729.64	3729.36	
3731.32	3727.34	3725.22	3730.30	3722.24	3719.90	3717.68	3714.82	3715.40	3720.14	3727.28	3731.18	3727.32	3729.36	3750.94	3712.36	

*******************************************2025/04/01;20:24:39
Probe number 32
Concentration entered by User 1.71% (Compensated: 2.26% at temperature 27.6)
1240.94	1240.80	1267.30	1281.10	1293.84	1310.10	1328.78	1345.84	1364.04	1382.38	1401.98	1428.72	1451.42	1478.24	1506.96	1541.80	
1572.80	1605.12	1638.90	1678.06	1716.68	1768.86	1811.68	1869.04	1928.34	1999.00	2077.98	2169.92	2274.32	2417.50	2618.02	2843.32	
3127.42	3396.64	3591.48	3685.38	3709.08	3713.38	3712.00	3715.54	3719.32	3721.32	3713.64	3712.82	3717.28	3716.54	3718.08	3714.64	
3711.78	3712.26	3716.52	3720.80	3708.12	3712.56	3714.32	3714.42	3723.64	3724.08	3726.22	3727.60	3727.04	3727.48	3726.38	3722.78	
3727.02	3726.50	3724.00	3719.38	3721.66	3719.12	3721.54	3725.42	3723.00	3728.10	3729.68	3727.34	3729.82	3729.12	3735.18	3736.08	
3737.94	3741.24	3740.16	3735.32	3737.28	3735.30	3734.26	3728.16	3734.58	3736.52	3723.20	3734.22	3734.36	3734.96	3733.48	3735.46	
3725.16	3709.20	3709.38	3706.54	3705.64	3706.00	3721.10	3736.88	3726.02	3723.72	3718.24	3700.40	3722.40	3738.32	3726.08	3726.08	
3727.76	3723.42	3721.04	3726.08	3718.06	3715.52	3714.12	3711.16	3711.56	3716.00	3723.62	3727.94	3723.90	3726.04	3747.60	3707.90	

*******************************************2025/04/01;20:44:39
Probe number 33
Concentration entered by User 1.97% (Compensated: 2.50% at temperature 27.4)
1241.06	1241.28	1267.26	1281.10	1294.42	1309.84	1329.72	1345.10	1364.70	1384.48	1403.08	1427.52	1450.52	1477.64	1506.24	1539.36	
1568.28	1602.64	1635.36	1673.34	1715.88	1762.80	1806.40	1863.40	1920.56	1982.34	2065.36	2165.34	2255.54	2394.04	2543.22	2735.80	
3018.54	3355.54	3570.88	3684.20	3707.68	3716.42	3712.40	3715.24	3714.38	3714.94	3709.68	3708.32	3713.22	3715.02	3718.18	3714.26	
3710.32	3710.52	3715.54	3720.46	3707.84	3712.18	3713.82	3714.62	3723.54	3723.66	3725.52	3727.18	3726.38	3726.20	3725.44	3721.76	
3726.34	3725.46	3722.88	3718.18	3720.46	3718.32	3720.72	3724.04	3721.56	3726.80	3728.38	3726.12	3729.10	3728.10	3734.42	3735.50	
3737.16	3740.70	3739.58	3734.10	3736.50	3734.26	3733.60	3726.68	3733.64	3735.66	3721.90	3733.50	3733.50	3734.12	3732.50	3733.64	
3724.64	3708.60	3707.84	3705.92	3704.40	3704.72	3719.80	3735.84	3725.04	3722.86	3716.52	3698.60	3721.28	3737.48	3724.74	3724.76	
3726.92	3721.90	3719.62	3725.18	3716.76	3714.50	3712.90	3710.14	3710.48	3714.54	3721.52	3726.20	3722.58	3725.56	3746.90	3706.50	

*******************************************2025/04/01;21:04:39
Probe number 34
Concentration entered by User 1.89% (Compensated: 2.41% at temperature 27.2)
1240.04	1240.30	1265.98	1280.32	1292.92	1309.82	1328.36	1344.70	1364.42	1383.00	1402.18	1427.58	1451.08	1477.56	1504.54	1538.14	
1567.80	1600.06	1634.26	1669.36	1712.62	1763.00	1809.30	1865.08	1926.12	1989.46	2064.22	2169.40	2272.64	2395.78	2546.24	2731.36	
3037.98	3385.24	3582.94	3681.14	3704.02	3712.10	3709.82	3712.50	3712.90	3715.08	3709.00	3707.58	3712.58	3714.62	3717.44	3714.54	
3710.34	3711.00	3715.92	3719.62	3707.68	3711.80	3714.00	3714.96	3723.50	3723.50	3724.74	3726.40	3726.32	3725.84	3724.18	3721.30	
3725.74	3725.42	3721.96	3717.10	3719.88	3717.42	3719.02	3723.02	3721.16	3726.86	3728.06	3725.40	3728.34	3727.34	3733.66	3735.14	
3736.96	3740.08	3739.02	3733.40	3735.66	3733.62	3732.64	3726.30	3732.50	3734.94	3720.96	3732.66	3732.74	3733.54	3731.78	3733.30	
3723.74	3707.42	3706.98	3704.76	3703.14	3703.86	3719.28	3735.24	3724.14	3721.60	3715.34	3697.64	3720.44	3736.72	3724.08	3723.84	
3725.88	3721.42	3719.16	3724.56	3715.92	3713.20	3711.92	3709.26	3709.76	3713.96	3720.82	3725.18	3722.04	3725.02	3746.32	3706.02	

*******************************************2025/04/01;21:24:39
Probe number 35
Concentration entered by User 1.72% (Compensated: 2.23% at temperature 27.1)
1238.50	1239.10	1265.18	1279.06	1292.08	1308.14	1327.50	1344.36	1362.74	1381.20	1402.02	1427.88	1450.76	1479.06	1507.26	1537.62	
1565.60	1601.38	1633.00	1669.60	1710.20	1763.40	1810.04	1863.14	1924.64	1992.62	2066.78	2165.24	2276.34	2408.40	2581.38	2773.84	
3113.96	3419.02	3594.50	3696.18	3713.44	3723.02	3717.18	3718.56	3718.74	3722.76	3717.90	3717.06	3720.78	3721.50	3724.14	3721.28	
3717.28	3717.78	3722.46	3726.52	3714.12	3717.96	3719.20	3720.76	3729.78	3728.96	3730.44	3732.20	3731.90	3731.40	3729.96	3727.26	
3731.54	3730.64	3727.42	3722.36	3725.16	3722.68	3724.36	3728.44	3726.28	3731.80	3733.34	3730.86	3733.56	3732.44	3738.42	3739.80	
3741.78	3745.22	3744.42	3738.42	3740.36	3738.78	3737.58	3731.46	3737.40	3739.66	3726.20	3737.70	3737.82	3738.56	3736.80	3738.14	
3729.34	3713.48	3712.66	3710.92	3709.12	3709.54	3724.68	3740.42	3729.38	3726.66	3720.76	3703.26	3725.96	3741.72	3729.12	3729.46	
3731.26	3726.96	3724.56	3729.86	3721.10	3718.58	3717.60	3714.98	3715.32	3719.64	3726.20	3730.48	3727.30	3730.46	3750.98	3712.10	

*******************************************2025/04/01;21:44:39
Probe number 36
Concentration entered by User 1.66% (Compensated: 2.15% at temperature 26.9)
1236.80	1237.10	1263.30	1277.52	1289.28	1305.68	1324.20	1340.42	1360.18	1378.76	1399.18	1425.96	1448.24	1475.56	1504.04	1537.64	
1565.10	1597.50	1629.72	1666.08	1707.66	1758.62	1803.36	1864.46	1921.20	1977.50	2061.44	2154.46	2258.32	2404.76	2609.56	2848.32	
3142.16	3416.48	3586.76	3696.80	3717.42	3725.54	3719.20	3718.64	3719.74	3724.96	3721.56	3719.98	3722.28	3722.86	3725.08	3721.32	
3717.64	3718.92	3724.46	3728.78	3717.20	3719.86	3720.58	3721.56	3730.42	3729.86	3731.66	3732.92	3732.52	3731.84	3730.78	3728.24	
3732.76	3731.38	3727.82	3722.94	3725.68	3723.52	3725.32	3728.84	3726.68	3732.42	3733.82	3731.34	3734.24	3733.28	3738.68	3740.36	
3742.10	3746.08	3744.76	3739.22	3741.56	3739.76	3738.50	3732.12	3738.36	3740.38	3727.14	3738.68	3738.46	3739.00	3737.20	3738.90	
3729.94	3714.68	3713.46	3711.74	3710.24	3710.32	3725.44	3741.04	3730.02	3727.66	3721.44	3704.18	3726.56	3742.28	3729.92	3730.02	
3731.90	3727.52	3725.24	3730.72	3721.42	3719.30	3718.40	3715.74	3715.34	3720.02	3726.62	3731.28	3728.34	3730.88	3751.50	3712.30	

*******************************************2025/04/01;22:04:39
Probe number 37
Concentration entered by User 1.58% (Compensated: 2.06% at temperature 26.7)
1234.36	1235.56	1260.62	1274.18	1287.42	1303.44	1322.84	1337.82	1357.44	1376.52	1396.66	1423.42	1446.90	1474.66	1504.02	1537.38	
1564.28	1595.28	1626.00	1666.68	1707.16	1755.04	1798.06	1852.82	1914.28	1981.36	2063.86	2146.02	2259.40	2396.44	2624.50	2871.84	
3181.38	3421.24	3595.44	3699.66	3714.50	3725.42	3722.06	3721.30	3719.90	3723.72	3719.74	3719.06	3721.58	3721.52	3724.94	3722.80	
3720.68	3721.44	3725.78	3729.38	3717.30	3719.72	3720.98	3722.84	3731.46	3731.58	3732.62	3733.42	3732.54	3732.22	3731.62	3728.96	
3733.42	3732.24	3728.68	3724.14	3726.64	3724.44	3726.24	3729.30	3727.04	3732.60	3734.36	3731.62	3734.56	3733.96	3739.56	3740.90	
3742.76	3746.66	3745.28	3740.18	3742.44	3740.50	3739.12	3733.30	3738.76	3740.90	3727.60	3739.22	3739.02	3739.58	3737.96	3738.90	
3730.60	3715.18	3713.78	3712.42	3710.74	3710.72	3726.32	3741.64	3730.70	3728.00	3721.94	3704.80	3727.10	3742.94	3730.34	3730.60	
3732.82	3728.08	3725.68	3730.86	3722.14	3720.08	3719.08	3715.86	3715.40	3720.08	3727.36	3731.96	3729.04	3730.88	3752.00	3713.40	

*******************************************2025/04/01;22:24:39
Probe number 38
Concentration entered by User 1.66% (Compensated: 2.13% at temperature 26.6)
1230.08	1230.72	1256.40	1270.12	1283.34	1299.46	1317.46	1334.86	1353.16	1370.72	1391.50	1419.50	1442.08	1469.12	1496.24	1527.94	
1556.94	1591.90	1620.58	1659.18	1703.60	1749.18	1794.50	1850.16	1908.18	1971.54	2053.98	2137.44	2255.12	2389.40	2606.64	2855.64	
3152.30	3399.72	3592.38	3699.40	3712.88	3724.54	3722.00	3722.02	3720.50	3723.26	3718.18	3717.74	3721.04	3721.48	3723.60	3721.70	
3720.60	3722.88	3726.68	3730.44	3717.94	3719.84	3720.60	3722.26	3731.94	3733.16	3734.30	3734.08	3732.96	3732.42	3731.58	3729.12	
3733.44	3732.76	3728.88	3724.32	3726.54	3724.36	3726.02	3729.16	3727.24	3732.80	3734.16	3731.64	3734.22	3734.06	3739.90	3741.12	
3743.14	3746.88	3745.28	3740.30	3742.72	3740.98	3739.40	3733.62	3739.10	3741.44	3727.82	3739.42	3739.04	3739.98	3737.84	3738.98	
3730.02	3715.46	3714.24	3712.76	3710.62	3710.88	3726.78	3741.82	3731.00	3728.12	3722.18	3704.88	3727.42	3743.64	3730.12	3731.14	
3732.78	3728.04	3725.80	3731.34	3722.72	3720.28	3719.42	3716.10	3715.48	3720.28	3727.04	3732.28	3728.96	3731.18	3752.00	3713.68	

*******************************************2025/04/01;22:44:39
Probe number 39
Concentration entered by User 1.76% (Compensated: 2.21% at temperature 26.4)
1225.20	1225.80	1250.98	1264.60	1276.88	1293.14	1313.28	1329.14	1347.68	1365.68	1387.14	1413.64	1436.00	1462.92	1492.60	1523.20	
1551.54	1584.88	1618.14	1655.16	1697.22	1749.60	1787.84	1843.60	1904.72	1967.60	2053.14	2131.66	2236.20	2360.76	2562.68	2823.66	
3123.72	3382.06	3573.04	3693.12	3709.50	3722.90	3721.38	3721.50	3719.20	3720.94	3715.22	3715.10	3720.14	3721.32	3723.42	3720.34	
3719.10	3720.90	3725.20	3728.92	3716.80	3719.32	3719.26	3720.10	3729.70	3731.52	3732.70	3732.72	3730.82	3730.20	3729.30	3726.78	
3731.38	3730.70	3726.76	3722.00	3724.22	3722.28	3723.62	3726.88	3724.88	3730.48	3731.74	3729.36	3731.98	3731.66	3737.76	3739.08	
3740.74	3744.92	3743.52	3738.04	3740.66	3738.98	3737.48	3731.58	3736.62	3739.00	3725.26	3737.14	3736.98	3737.76	3735.60	3736.76	
3727.66	3712.46	3711.56	3710.02	3708.38	3708.02	3723.96	3739.42	3728.70	3725.84	3719.90	3702.72	3725.24	3741.08	3727.40	3728.76	
3730.14	3725.48	3723.14	3728.80	3719.88	3717.84	3716.76	3713.48	3713.20	3718.04	3725.10	3729.92	3726.72	3729.02	3750.44	3711.44	

*******************************************2025/04/01;23:04:39
Probe number 40
Concentration entered by User 1.81% (Compensated: 2.25% at temperature 26.2)
1221.98	1222.00	1247.42	1260.92	1273.68	1290.04	1309.30	1324.32	1342.22	1361.30	1382.54	1409.54	1430.80	1458.78	1486.92	1518.88	
1548.60	1578.54	1612.18	1650.08	1692.82	1738.96	1785.58	1840.46	1898.00	1963.86	2035.96	2126.06	2232.84	2367.34	2575.90	2826.86	
3100.94	3365.58	3580.32	3695.68	3714.86	3727.30	3725.04	3724.78	3723.64	3724.40	3719.78	3719.84	3724.42	3724.98	3726.34	3723.36	
3721.88	3722.80	3726.66	3730.84	3719.48	3722.02	3722.74	3723.22	3732.16	3732.88	3734.08	3734.46	3733.46	3732.56	3732.04	3729.30	
3733.72	3732.64	3728.34	3723.38	3726.62	3724.80	3726.36	3729.88	3727.66	3732.36	3733.64	3730.92	3734.10	3733.82	3740.50	3741.30	
3742.80	3746.42	3745.36	3739.88	3742.56	3740.88	3739.14	3733.72	3738.54	3740.96	3727.56	3739.24	3739.00	3739.28	3737.68	3738.34	
3729.50	3714.72	3713.72	3712.22	3710.76	3710.26	3726.46	3741.28	3730.86	3727.76	3721.94	3704.98	3727.44	3742.96	3729.42	3730.84	
3732.48	3728.02	3725.60	3730.98	3722.02	3719.62	3719.10	3715.96	3715.34	3719.64	3726.86	3731.34	3728.74	3731.10	3751.96	3713.66	

*******************************************2025/04/01;23:24:39
Probe number 41
Concentration entered by User 1.75% (Compensated: 2.18% at temperature 26.1)
1216.38	1217.34	1241.04	1255.12	1267.44	1283.72	1302.04	1317.82	1337.94	1356.10	1376.02	1401.72	1423.60	1449.98	1478.54	1510.88	
1538.20	1572.04	1603.70	1643.04	1683.98	1732.96	1776.10	1824.72	1889.04	1953.34	2027.68	2121.20	2222.76	2367.44	2596.60	2831.88	
3129.26	3381.92	3577.34	3693.42	3714.06	3725.50	3721.84	3722.86	3722.86	3724.82	3720.80	3721.46	3725.78	3724.84	3726.40	3723.28	
3721.02	3721.64	3725.00	3729.98	3718.66	3720.68	3721.28	3721.34	3729.88	3731.00	3731.22	3732.20	3730.94	3731.08	3730.18	3726.92	
3730.98	3729.98	3726.40	3721.68	3724.52	3721.82	3724.14	3727.72	3725.14	3730.36	3731.60	3728.78	3731.88	3731.68	3737.92	3739.16	
3740.42	3744.50	3743.22	3737.74	3740.20	3738.84	3737.16	3731.62	3736.78	3738.72	3724.92	3736.80	3736.50	3737.18	3735.46	3736.08	
3726.84	3712.16	3710.98	3709.42	3708.20	3707.90	3724.14	3739.20	3728.68	3725.36	3719.48	3702.18	3724.68	3740.52	3727.02	3728.30	
3730.12	3725.20	3722.80	3727.96	3719.22	3717.26	3716.96	3714.02	3713.30	3717.36	3724.60	3729.20	3726.40	3728.82	3750.18	3711.34	

*******************************************2025/04/01;23:44:39
Probe number 42
Concentration entered by User 1.65% (Compensated: 2.07% at temperature 26.0)
1208.16	1209.28	1233.34	1245.80	1257.44	1273.06	1291.46	1307.80	1327.08	1344.68	1364.20	1390.54	1413.30	1440.44	1469.92	1501.32	
1530.44	1563.30	1594.84	1633.76	1674.74	1720.20	1766.08	1816.68	1879.72	1931.70	2010.90	2101.38	2207.90	2346.52	2533.24	2766.58	
3116.66	3456.18	3616.84	3687.22	3709.54	3722.72	3720.26	3722.12	3721.94	3722.76	3718.70	3719.00	3723.04	3723.70	3725.10	3721.64	
3719.10	3718.82	3722.60	3727.30	3715.12	3718.18	3718.52	3718.98	3728.42	3729.94	3730.66	3731.08	3729.78	3728.60	3727.44	3724.10	
3729.08	3728.76	3724.94	3719.06	3720.98	3718.64	3721.42	3725.20	3722.82	3727.80	3728.94	3726.04	3729.22	3729.02	3735.10	3736.46	
3738.12	3742.38	3741.14	3735.04	3737.84	3736.26	3735.06	3729.06	3734.54	3736.52	3722.38	3734.16	3734.24	3734.50	3732.82	3733.56	
3724.40	3709.72	3708.02	3706.50	3705.50	3704.82	3721.58	3736.76	3726.32	3722.28	3716.90	3699.24	3722.26	3738.32	3724.40	3725.70	
3727.36	3722.70	3720.50	3726.10	3716.96	3714.34	3713.74	3711.18	3710.58	3714.48	3721.90	3726.54	3723.54	3726.72	3748.56	3709.44	

