*******************************************2025/03/21;00:02:35
Probe number 15
Concentration entered by User -1.00% (Compensated: -1.00% at temperature 24.9)
3362.44	3466.08	3580.66	3602.98	3604.32	3603.92	3604.56	3601.60	3623.32	3598.66	3606.84	3639.12	3617.18	3622.82	3618.20	3636.08	
3643.06	3665.50	3671.62	3677.08	3673.52	3679.98	3675.10	3675.58	3684.18	3678.04	3684.76	3687.90	3686.56	3695.70	3709.04	3702.92	
3705.94	3706.70	3703.56	3697.96	3700.56	3726.82	3715.42	3719.98	3722.56	3723.80	3722.38	3720.36	3727.74	3725.00	3724.66	3726.60	
3728.62	3728.58	3722.46	3728.40	3725.10	3728.76	3725.26	3726.12	3732.72	3733.02	3730.30	3733.46	3739.68	3740.76	3734.48	3727.60	
3732.38	3734.60	3733.70	3729.40	3732.20	3730.22	3731.16	3734.00	3731.36	3733.76	3735.30	3732.30	3735.58	3733.52	3743.18	3724.16	
3726.36	3725.54	3716.86	3709.14	3705.60	3699.76	3697.48	3687.38	3692.34	3692.56	3676.46	3693.06	3698.26	3703.26	3709.08	3715.70	
3708.86	3697.08	3697.66	3699.38	3704.84	3706.94	3723.94	3739.74	3730.72	3728.88	3723.54	3705.40	3728.40	3745.08	3732.52	3731.72	
3732.68	3727.78	3726.56	3731.44	3722.70	3718.06	3716.58	3715.14	3714.76	3718.98	3726.38	3729.62	3727.04	3731.14	3753.20	3715.14	

*******************************************2025/03/21;00:22:35
Probe number 16
Concentration entered by User -1.00% (Compensated: -1.00% at temperature 24.9)
3360.68	3463.84	3578.48	3600.52	3602.48	3601.30	3602.70	3598.76	3620.16	3596.46	3604.34	3636.56	3614.50	3619.96	3616.38	3633.64	
3640.00	3663.46	3669.38	3675.38	3671.28	3677.92	3672.74	3673.48	3682.48	3675.70	3682.82	3685.70	3684.38	3694.32	3707.42	3701.16	
3703.94	3704.58	3701.28	3696.04	3698.88	3724.98	3713.58	3717.80	3720.70	3721.96	3720.36	3718.50	3725.94	3723.20	3723.18	3724.52	
3727.28	3727.04	3720.74	3726.34	3723.36	3727.12	3723.48	3724.30	3731.00	3731.52	3728.80	3731.78	3738.08	3738.88	3733.02	3725.68	
3730.58	3732.98	3731.92	3727.84	3730.64	3728.62	3729.80	3732.44	3729.82	3732.00	3733.46	3731.02	3733.76	3731.92	3741.50	3722.70	
3724.64	3723.22	3715.06	3707.24	3703.62	3697.80	3695.24	3685.16	3690.46	3690.64	3674.56	3691.38	3696.08	3701.50	3707.68	3713.82	
3707.10	3695.36	3695.42	3697.56	3702.70	3705.26	3722.22	3738.42	3729.40	3727.28	3721.94	3703.00	3726.74	3743.34	3731.08	3729.76	
3730.80	3725.76	3724.50	3729.78	3721.10	3716.24	3714.78	3713.38	3713.24	3717.24	3724.78	3727.88	3725.02	3729.56	3751.76	3713.04	

*******************************************2025/03/21;00:42:35
Probe number 17
Concentration entered by User -1.00% (Compensated: -1.00% at temperature 24.9)
3364.42	3468.46	3583.10	3604.10	3606.34	3604.56	3606.04	3602.70	3624.02	3600.16	3607.90	3640.40	3617.68	3624.04	3620.04	3637.30	
3643.84	3666.10	3672.72	3678.32	3675.12	3681.42	3675.92	3676.52	3685.34	3678.86	3686.14	3688.72	3687.94	3696.88	3710.22	3703.84	
3706.62	3707.30	3704.12	3699.30	3702.08	3727.66	3716.54	3720.84	3723.30	3724.56	3723.20	3721.16	3728.22	3725.70	3725.64	3727.40	
3729.70	3729.46	3723.22	3729.08	3726.00	3729.88	3726.24	3727.20	3733.64	3734.08	3731.20	3734.34	3740.40	3741.74	3735.38	3728.58	
3732.72	3735.10	3734.40	3730.54	3733.00	3731.04	3732.16	3734.88	3732.42	3734.32	3736.24	3733.38	3736.14	3734.32	3743.66	3725.24	
3727.14	3726.36	3717.96	3709.90	3706.48	3700.86	3698.44	3688.28	3693.80	3693.76	3677.58	3693.96	3699.28	3703.98	3710.46	3716.90	
3709.96	3698.12	3698.84	3700.58	3705.98	3708.10	3724.88	3741.12	3732.10	3729.78	3724.52	3706.48	3729.42	3745.60	3733.82	3732.48	
3733.08	3728.38	3726.94	3732.48	3723.60	3718.78	3717.78	3716.00	3716.22	3719.98	3727.12	3730.52	3727.74	3732.10	3754.06	3715.64	

*******************************************2025/03/21;01:02:35
Probe number 18
Concentration entered by User -1.00% (Compensated: -1.00% at temperature 24.9)
3362.00	3465.54	3579.56	3600.94	3603.16	3601.80	3602.52	3599.46	3620.44	3597.34	3604.86	3637.18	3615.20	3620.94	3617.10	3634.38	
3641.20	3663.86	3670.18	3675.70	3672.06	3678.54	3673.48	3674.10	3683.00	3676.64	3683.76	3686.40	3685.22	3694.58	3707.64	3701.74	
3704.32	3704.94	3702.14	3697.16	3699.66	3725.36	3714.32	3718.66	3721.08	3722.62	3721.04	3719.02	3726.16	3723.34	3723.78	3725.32	
3727.56	3727.18	3720.84	3727.24	3723.68	3727.88	3723.86	3725.30	3731.54	3732.04	3729.14	3732.26	3738.58	3739.68	3733.42	3726.22	
3730.98	3733.24	3732.34	3728.28	3730.92	3728.88	3730.02	3732.92	3730.30	3732.30	3733.96	3731.62	3734.30	3732.24	3741.82	3722.96	
3725.00	3723.90	3715.60	3707.74	3704.16	3698.02	3695.74	3685.76	3691.00	3691.30	3674.94	3691.90	3696.24	3702.08	3708.06	3714.64	
3707.62	3695.32	3696.18	3698.14	3703.10	3705.84	3722.98	3738.88	3729.94	3727.56	3722.40	3703.50	3727.16	3743.80	3731.30	3730.26	
3731.12	3726.54	3725.16	3730.40	3721.74	3716.64	3715.22	3713.56	3713.40	3717.90	3724.98	3728.18	3725.74	3730.04	3752.24	3713.64	

*******************************************2025/03/21;01:22:35
Probe number 19
Concentration entered by User -1.00% (Compensated: -1.00% at temperature 24.8)
3361.46	3465.58	3579.56	3600.82	3602.76	3601.74	3602.26	3599.32	3620.28	3597.04	3605.02	3637.20	3615.26	3620.58	3616.92	3634.46	
3640.86	3663.90	3670.14	3675.92	3672.22	3678.96	3673.44	3674.06	3682.82	3676.38	3683.52	3686.52	3685.10	3694.38	3707.78	3701.38	
3704.52	3705.08	3702.36	3697.14	3699.40	3725.36	3714.16	3718.86	3720.98	3722.42	3721.12	3719.44	3726.24	3723.58	3723.48	3725.02	
3727.58	3727.44	3721.34	3727.32	3723.76	3727.58	3724.22	3725.06	3731.54	3731.76	3729.36	3732.58	3738.62	3739.70	3733.44	3726.32	
3731.12	3733.34	3732.54	3728.32	3730.96	3728.96	3730.34	3733.00	3730.10	3732.74	3734.02	3731.30	3734.14	3732.46	3741.62	3723.00	
3725.38	3724.20	3715.64	3707.64	3704.42	3698.28	3696.04	3685.72	3691.22	3691.38	3675.20	3691.64	3696.74	3701.92	3708.02	3714.70	
3707.64	3695.78	3696.46	3698.02	3703.48	3705.86	3723.00	3738.84	3730.04	3727.66	3722.58	3703.92	3727.90	3743.88	3731.66	3730.60	
3731.20	3726.18	3725.18	3730.50	3721.72	3716.48	3715.34	3713.70	3713.70	3717.46	3725.16	3728.54	3725.76	3730.04	3752.16	3713.74	

*******************************************2025/03/21;01:42:35
Probe number 20
Concentration entered by User -1.00% (Compensated: -1.00% at temperature 24.8)
3364.92	3469.56	3583.84	3604.78	3606.48	3605.54	3606.62	3602.60	3624.16	3600.60	3608.80	3640.62	3618.76	3624.16	3620.38	3637.86	
3644.42	3667.12	3672.82	3678.96	3675.36	3681.86	3676.66	3677.34	3685.82	3679.72	3686.82	3689.22	3688.26	3697.32	3710.76	3704.52	
3707.32	3708.30	3705.12	3700.22	3702.66	3728.18	3716.86	3721.42	3723.86	3725.32	3723.66	3721.70	3729.14	3726.40	3726.28	3727.80	
3730.44	3730.08	3724.06	3729.78	3726.72	3730.42	3726.96	3727.60	3734.22	3734.54	3731.74	3734.52	3740.98	3741.88	3735.96	3729.30	
3733.42	3735.76	3734.68	3730.94	3733.48	3731.64	3732.90	3735.70	3732.88	3734.96	3736.66	3734.02	3736.70	3734.78	3743.80	3725.82	
3727.36	3726.98	3718.28	3710.36	3707.12	3701.28	3698.94	3688.52	3694.36	3694.70	3678.38	3694.66	3699.34	3704.68	3710.80	3717.16	
3710.30	3699.02	3699.30	3700.84	3706.36	3708.90	3725.44	3741.36	3732.58	3730.42	3724.98	3706.70	3730.10	3746.60	3734.28	3732.94	
3733.72	3729.02	3727.82	3732.98	3724.34	3719.22	3717.96	3716.48	3716.40	3720.72	3727.54	3731.02	3728.36	3732.40	3754.26	3716.42	

*******************************************2025/03/21;02:02:35
Probe number 21
Concentration entered by User -1.00% (Compensated: -1.00% at temperature 24.8)
3365.22	3469.86	3584.28	3604.86	3606.62	3605.34	3606.60	3603.32	3624.76	3600.36	3608.82	3640.90	3619.02	3624.56	3621.16	3638.30	
3644.62	3667.06	3673.18	3678.82	3675.58	3682.40	3676.88	3677.70	3686.38	3679.60	3686.96	3689.98	3688.76	3698.10	3710.98	3704.52	
3707.62	3708.60	3705.46	3700.04	3702.56	3728.32	3717.32	3721.74	3724.20	3725.46	3723.82	3721.86	3729.06	3726.64	3726.28	3727.92	
3730.32	3730.30	3724.00	3730.22	3726.70	3730.66	3727.06	3728.04	3734.60	3735.08	3731.94	3735.30	3740.98	3742.16	3736.18	3729.24	
3733.70	3736.14	3735.20	3731.36	3733.98	3731.82	3732.64	3735.76	3732.86	3735.28	3736.58	3734.18	3736.84	3735.12	3744.14	3726.30	
3727.76	3726.86	3718.74	3710.66	3707.78	3701.42	3699.28	3688.84	3694.64	3694.20	3678.48	3694.78	3699.86	3704.56	3710.60	3717.62	
3711.14	3699.04	3699.56	3701.70	3706.68	3709.16	3725.78	3741.70	3732.60	3730.36	3725.66	3707.38	3730.26	3746.50	3734.44	3733.40	
3734.30	3729.20	3728.20	3733.24	3724.44	3719.42	3718.18	3716.40	3716.64	3720.72	3727.92	3731.06	3728.42	3732.82	3754.52	3716.54	

*******************************************2025/03/21;02:22:35
Probe number 22
Concentration entered by User -1.00% (Compensated: -1.00% at temperature 24.8)
3360.30	3463.10	3577.70	3598.80	3600.20	3599.32	3600.58	3597.34	3618.60	3594.70	3602.66	3635.10	3613.44	3618.94	3614.88	3632.36	
3639.44	3661.76	3668.06	3674.08	3670.64	3677.20	3672.06	3672.52	3681.74	3674.98	3681.98	3685.00	3683.82	3692.88	3706.46	3700.26	
3703.10	3703.62	3701.02	3696.00	3698.26	3724.34	3712.64	3717.40	3719.86	3721.26	3719.66	3717.76	3725.26	3722.24	3722.38	3723.88	
3726.34	3726.22	3719.82	3725.66	3722.62	3726.50	3723.18	3724.00	3730.38	3730.82	3728.20	3731.00	3737.60	3738.44	3731.92	3725.26	
3729.82	3732.08	3731.52	3727.24	3729.80	3728.00	3729.04	3731.78	3729.18	3731.32	3732.80	3730.18	3733.08	3730.88	3740.36	3722.04	
3724.08	3722.80	3714.46	3705.96	3703.18	3696.94	3694.70	3684.16	3690.08	3690.06	3673.52	3690.56	3695.60	3700.36	3706.62	3712.96	
3706.48	3694.30	3695.14	3696.92	3702.36	3704.74	3721.66	3738.14	3729.02	3726.72	3721.36	3702.46	3726.34	3742.92	3730.72	3729.06	
3730.44	3725.26	3724.02	3729.28	3720.42	3715.22	3714.30	3712.48	3712.18	3716.32	3723.68	3727.28	3724.42	3728.84	3751.12	3712.08	

*******************************************2025/03/21;02:42:35
Probe number 23
Concentration entered by User -1.00% (Compensated: -1.00% at temperature 24.8)
3362.34	3464.06	3578.42	3599.48	3600.80	3599.80	3601.20	3597.70	3618.98	3595.38	3603.56	3635.10	3613.62	3619.64	3615.38	3632.88	
3639.72	3662.82	3668.66	3674.08	3670.92	3677.44	3671.90	3672.74	3682.18	3675.34	3682.68	3685.18	3684.38	3693.48	3706.86	3700.76	
3703.36	3704.06	3700.92	3696.06	3698.36	3724.52	3712.66	3717.84	3720.08	3721.50	3720.14	3718.10	3725.84	3723.18	3722.94	3724.36	
3726.46	3726.50	3720.08	3726.22	3722.76	3726.82	3722.92	3723.92	3730.68	3731.26	3728.46	3731.54	3737.76	3738.74	3732.62	3725.40	
3730.22	3732.80	3731.48	3727.70	3730.40	3728.12	3729.48	3732.28	3729.50	3731.78	3733.02	3730.28	3733.34	3731.30	3740.56	3722.56	
3724.10	3723.30	3714.70	3706.78	3703.30	3697.24	3695.06	3684.34	3690.54	3690.08	3674.28	3690.38	3695.76	3700.82	3707.26	3713.38	
3706.92	3694.74	3695.54	3697.54	3702.54	3704.90	3722.08	3738.22	3729.10	3726.90	3721.22	3703.18	3726.52	3743.26	3731.24	3729.42	
3730.40	3725.66	3724.54	3729.86	3720.50	3715.24	3714.38	3712.84	3712.62	3716.84	3724.14	3727.62	3724.70	3729.32	3751.50	3712.12	

*******************************************2025/03/21;03:02:35
Probe number 24
Concentration entered by User -1.00% (Compensated: -1.00% at temperature 24.7)
3361.04	3464.10	3578.22	3599.16	3600.28	3599.38	3600.26	3597.30	3618.28	3595.14	3603.10	3635.48	3613.36	3618.74	3614.80	3632.56	
3639.18	3662.06	3668.58	3674.20	3670.68	3676.90	3671.92	3672.16	3681.50	3674.82	3682.26	3685.14	3683.84	3693.20	3706.28	3700.42	
3703.12	3703.60	3700.68	3695.54	3698.58	3724.28	3712.92	3717.68	3720.22	3721.48	3719.58	3717.96	3725.68	3722.76	3722.28	3724.02	
3726.48	3726.26	3720.18	3725.80	3722.86	3726.96	3723.04	3723.66	3730.18	3730.82	3727.96	3731.40	3737.40	3738.74	3732.26	3725.30	
3730.04	3732.16	3731.36	3727.44	3729.90	3727.90	3729.12	3731.92	3729.02	3731.56	3733.26	3730.44	3733.40	3731.20	3740.56	3722.08	
3724.04	3722.78	3714.54	3706.90	3702.98	3697.16	3694.58	3684.30	3690.04	3690.20	3674.08	3690.40	3695.18	3700.84	3706.66	3713.26	
3706.62	3694.58	3695.20	3697.32	3702.44	3704.72	3721.64	3738.12	3728.92	3726.88	3721.32	3702.78	3726.58	3742.80	3730.84	3729.36	
3730.12	3725.38	3723.98	3729.34	3720.22	3715.38	3714.02	3712.52	3712.24	3716.76	3724.12	3727.30	3724.48	3728.90	3751.28	3712.32	

*******************************************2025/03/21;03:22:35
Probe number 25
Concentration entered by User -1.00% (Compensated: -1.00% at temperature 24.7)
3363.60	3467.68	3581.88	3602.56	3603.50	3602.62	3603.38	3600.72	3621.98	3598.62	3606.60	3638.24	3617.16	3622.02	3618.34	3635.30	
3641.74	3664.92	3671.16	3676.74	3673.52	3679.88	3674.80	3675.36	3684.50	3677.94	3685.10	3687.92	3686.64	3696.24	3709.20	3702.92	
3706.08	3706.54	3703.32	3699.02	3701.14	3726.86	3715.58	3720.28	3722.50	3724.12	3722.50	3720.16	3727.76	3725.18	3724.84	3726.52	
3728.72	3728.78	3722.66	3728.28	3725.18	3729.26	3725.38	3726.44	3732.80	3733.08	3730.60	3733.76	3739.74	3741.00	3734.66	3727.54	
3732.40	3734.42	3733.74	3729.80	3732.32	3730.28	3731.62	3734.30	3731.58	3733.70	3735.28	3732.86	3735.58	3733.42	3742.78	3724.78	
3726.56	3725.32	3716.90	3709.14	3705.46	3699.96	3697.54	3687.08	3692.90	3692.94	3676.66	3693.10	3698.46	3703.34	3709.42	3715.92	
3709.20	3697.52	3698.14	3700.00	3705.10	3707.32	3724.26	3740.02	3731.20	3729.12	3723.98	3705.58	3728.64	3745.22	3732.88	3731.92	
3732.70	3727.92	3726.52	3731.42	3722.78	3717.34	3716.60	3715.00	3715.20	3718.98	3726.38	3729.62	3727.02	3731.28	3753.34	3715.00	

*******************************************2025/03/21;03:42:35
Probe number 26
Concentration entered by User -1.00% (Compensated: -1.00% at temperature 24.7)
3365.24	3468.70	3583.54	3603.18	3604.32	3602.96	3604.62	3601.80	3622.32	3599.10	3607.54	3638.94	3617.58	3623.06	3619.10	3636.58	
3642.60	3665.88	3671.70	3677.68	3674.16	3680.82	3675.18	3676.14	3685.12	3678.52	3685.88	3688.60	3687.36	3696.74	3709.98	3704.00	
3706.36	3707.04	3704.22	3699.54	3701.80	3727.42	3715.98	3720.86	3722.98	3724.50	3723.08	3721.18	3728.40	3725.62	3725.30	3727.16	
3729.42	3729.48	3723.34	3729.14	3726.20	3729.58	3726.02	3726.88	3733.48	3733.88	3731.24	3734.24	3740.18	3741.22	3735.22	3728.50	
3732.74	3735.44	3734.40	3730.50	3733.02	3731.00	3732.30	3734.94	3731.86	3734.74	3736.10	3733.34	3736.30	3734.08	3743.42	3725.26	
3727.04	3726.06	3717.90	3709.96	3706.64	3700.50	3698.46	3687.72	3693.78	3693.58	3677.58	3693.84	3698.74	3704.16	3710.30	3716.82	
3710.10	3697.94	3698.90	3700.60	3705.70	3708.10	3724.88	3741.12	3732.12	3729.70	3724.56	3706.40	3729.28	3745.74	3733.88	3732.16	
3733.14	3728.48	3727.34	3732.42	3723.16	3718.40	3716.98	3715.60	3715.42	3719.72	3726.62	3730.32	3727.72	3731.94	3753.98	3715.72	

*******************************************2025/03/21;04:00:03
Probe number 27
Concentration entered by User -1.00% (Compensated: -1.00% at temperature 24.6)
3363.04	3465.46	3580.22	3601.18	3601.30	3600.78	3601.92	3598.72	3619.98	3596.50	3604.36	3636.54	3614.68	3620.46	3616.76	3633.74	
3640.34	3663.18	3669.48	3675.70	3671.82	3678.40	3673.26	3673.84	3683.12	3676.46	3683.60	3686.52	3685.00	3694.78	3707.88	3701.78	
3704.58	3705.30	3702.34	3697.52	3700.06	3725.48	3714.02	3719.08	3721.44	3722.86	3721.32	3719.22	3726.66	3723.78	3723.72	3725.36	
3727.64	3727.96	3721.48	3727.30	3724.18	3728.04	3724.28	3725.36	3731.88	3732.10	3729.18	3732.64	3738.52	3739.66	3733.44	3726.62	
3731.12	3733.56	3732.46	3729.04	3731.60	3729.36	3730.30	3733.16	3730.30	3732.82	3734.48	3731.84	3734.62	3732.50	3741.46	3723.86	
3725.20	3724.30	3715.78	3707.84	3704.82	3698.28	3696.16	3685.52	3691.58	3691.54	3675.44	3691.92	3696.84	3701.96	3708.10	3714.58	
3707.76	3695.86	3696.68	3698.52	3703.74	3705.88	3722.98	3739.14	3730.36	3727.94	3722.54	3704.26	3727.82	3743.96	3732.22	3730.30	
3731.62	3726.52	3725.10	3730.48	3721.42	3716.44	3715.50	3713.68	3714.00	3718.00	3725.28	3728.62	3726.10	3730.32	3752.32	3713.46	

*******************************************2025/03/21;04:02:35
Probe number 28
Concentration entered by User -1.00% (Compensated: -1.00% at temperature 24.6)
3362.20	3465.78	3580.28	3600.58	3601.66	3600.74	3601.88	3598.48	3620.08	3596.66	3604.46	3636.22	3614.62	3620.44	3616.66	3634.10	
3640.26	3663.28	3669.50	3675.26	3671.94	3678.66	3673.04	3674.14	3682.62	3676.14	3683.86	3686.64	3685.42	3694.70	3707.78	3702.22	
3704.62	3705.44	3701.96	3697.22	3699.70	3725.38	3714.18	3718.82	3721.44	3722.72	3720.86	3719.06	3726.50	3723.72	3723.76	3725.34	
3727.72	3727.76	3721.48	3727.08	3724.04	3727.90	3724.46	3725.18	3731.64	3732.28	3729.22	3732.32	3738.34	3739.82	3733.36	3726.46	
3731.14	3733.50	3732.58	3728.68	3731.24	3729.34	3730.46	3733.04	3730.28	3732.68	3734.06	3731.84	3734.26	3732.58	3741.16	3723.48	
3725.20	3724.34	3715.90	3708.44	3704.62	3698.72	3696.26	3685.58	3691.80	3691.20	3675.82	3691.70	3696.74	3701.86	3707.74	3714.32	
3707.84	3695.98	3696.58	3698.64	3703.62	3706.18	3722.88	3738.84	3730.44	3728.08	3722.60	3704.36	3727.68	3744.10	3731.96	3730.46	
3731.66	3726.58	3725.44	3730.48	3721.40	3716.50	3715.28	3713.60	3713.74	3717.56	3725.00	3728.44	3725.52	3730.10	3752.26	3713.40	

*******************************************2025/03/21;04:22:35
Probe number 29
Concentration entered by User -1.00% (Compensated: -1.00% at temperature 24.6)
3365.80	3470.30	3583.80	3604.64	3605.22	3604.86	3605.28	3602.64	3623.44	3600.54	3608.46	3640.18	3618.62	3624.02	3619.82	3636.90	
3643.98	3666.68	3672.82	3678.94	3675.26	3681.80	3676.36	3677.68	3686.50	3679.72	3686.86	3689.62	3688.58	3697.74	3710.98	3704.78	
3707.72	3708.16	3705.32	3700.46	3703.06	3727.84	3717.26	3721.40	3724.32	3725.62	3723.88	3722.06	3729.14	3726.52	3726.24	3727.90	
3730.06	3730.14	3724.28	3730.08	3726.80	3730.64	3727.12	3727.70	3734.06	3734.50	3731.98	3734.86	3741.24	3742.30	3736.38	3729.46	
3733.54	3736.24	3735.02	3731.24	3733.88	3731.88	3733.08	3735.80	3733.02	3735.36	3736.68	3734.26	3736.96	3735.28	3744.20	3726.42	
3727.76	3727.14	3718.84	3710.84	3707.80	3701.68	3699.60	3689.06	3694.66	3694.56	3678.72	3695.02	3699.82	3705.14	3710.90	3718.12	
3711.10	3698.88	3700.08	3701.74	3706.86	3709.26	3725.82	3741.68	3732.92	3730.84	3725.38	3707.16	3730.38	3746.58	3734.56	3732.92	
3734.26	3729.00	3728.10	3732.92	3724.40	3719.46	3718.18	3716.24	3716.96	3720.40	3728.08	3731.28	3728.70	3732.88	3754.70	3716.32	

*******************************************2025/03/21;04:42:35
Probe number 30
Concentration entered by User -1.00% (Compensated: -1.00% at temperature 24.6)
3363.50	3467.72	3581.38	3601.66	3602.18	3602.16	3602.66	3599.52	3620.76	3597.70	3605.62	3637.66	3616.08	3621.04	3617.40	3634.76	
3641.78	3664.28	3670.30	3675.94	3673.02	3679.34	3674.06	3674.64	3683.92	3677.20	3684.50	3687.40	3686.40	3695.72	3708.96	3702.30	
3705.36	3705.82	3703.00	3698.12	3700.64	3726.32	3715.12	3719.86	3722.22	3723.60	3721.86	3720.08	3727.66	3724.68	3724.38	3725.82	
3728.50	3728.66	3722.28	3727.94	3725.02	3728.82	3725.12	3726.24	3732.42	3733.06	3730.24	3733.10	3739.40	3740.34	3734.54	3727.38	
3731.84	3734.30	3733.28	3729.72	3732.16	3730.36	3731.28	3734.00	3731.30	3733.66	3734.84	3732.46	3735.42	3733.08	3742.32	3724.20	
3726.30	3725.04	3716.82	3709.14	3705.44	3699.48	3697.08	3686.48	3692.62	3692.56	3676.36	3692.90	3697.84	3702.64	3708.58	3715.54	
3708.82	3697.08	3697.56	3699.62	3704.88	3707.40	3723.74	3740.14	3730.90	3728.82	3723.40	3705.10	3728.14	3744.82	3732.66	3731.10	
3732.38	3727.56	3726.12	3731.32	3722.18	3717.44	3716.10	3714.48	3714.26	3718.78	3726.20	3729.46	3726.66	3730.94	3753.00	3714.42	

*******************************************2025/03/21;05:02:35
Probe number 31
Concentration entered by User -1.00% (Compensated: -1.00% at temperature 24.6)
3363.04	3467.14	3581.36	3601.52	3602.02	3601.92	3602.52	3599.58	3620.46	3597.28	3605.16	3637.22	3615.80	3621.06	3617.88	3634.56	
3640.76	3664.18	3670.68	3676.24	3672.72	3679.28	3674.08	3674.72	3683.88	3677.02	3684.60	3687.24	3686.08	3695.32	3708.40	3702.22	
3705.24	3705.70	3702.78	3698.26	3700.46	3726.00	3714.78	3719.52	3721.84	3723.48	3721.46	3719.70	3727.06	3724.54	3724.48	3725.94	
3728.00	3728.32	3722.22	3727.78	3724.78	3728.64	3724.66	3725.66	3732.04	3732.86	3729.84	3732.96	3739.36	3740.58	3734.28	3727.28	
3731.80	3734.12	3733.06	3729.42	3732.10	3730.04	3731.14	3733.94	3731.02	3733.46	3734.82	3732.18	3735.10	3733.06	3741.92	3723.98	
3725.98	3724.74	3716.46	3708.78	3705.18	3699.30	3696.96	3686.40	3692.48	3692.04	3676.34	3692.66	3697.42	3702.74	3708.64	3715.32	
3708.54	3696.42	3697.42	3699.64	3704.32	3706.82	3723.66	3739.96	3730.86	3728.66	3723.54	3705.14	3728.16	3744.70	3732.78	3731.20	
3731.94	3727.70	3725.84	3731.28	3722.04	3717.34	3715.84	3714.30	3714.46	3718.66	3725.88	3729.22	3726.42	3730.96	3752.86	3714.12	

*******************************************2025/03/21;05:22:35
Probe number 32
Concentration entered by User -1.00% (Compensated: -1.00% at temperature 24.6)
3363.66	3467.30	3581.30	3601.50	3602.38	3601.48	3602.78	3599.50	3620.92	3597.60	3605.88	3637.58	3615.80	3621.18	3618.10	3634.44	
3641.00	3664.38	3670.78	3676.36	3672.94	3679.20	3674.08	3674.88	3684.02	3677.14	3684.22	3687.70	3685.82	3695.30	3708.72	3702.44	
3705.18	3705.96	3703.04	3698.22	3700.78	3726.12	3715.36	3719.64	3722.04	3723.72	3721.90	3719.90	3727.50	3724.66	3724.38	3725.96	
3728.46	3728.36	3722.04	3727.94	3724.88	3728.66	3725.20	3725.66	3732.26	3732.96	3730.36	3733.20	3739.24	3740.52	3734.36	3727.44	
3732.00	3734.16	3733.26	3729.44	3732.08	3729.92	3730.90	3734.12	3731.42	3733.64	3734.98	3732.52	3735.34	3733.28	3742.26	3724.46	
3726.08	3725.04	3716.52	3708.92	3705.44	3699.14	3697.12	3686.84	3692.80	3692.48	3676.52	3692.50	3697.56	3702.86	3708.52	3715.74	
3708.84	3696.88	3697.22	3699.86	3704.60	3707.30	3723.60	3740.16	3730.98	3728.94	3723.62	3705.24	3728.58	3745.04	3732.76	3731.22	
3732.52	3727.42	3726.16	3731.34	3722.20	3717.46	3716.28	3714.70	3714.52	3718.72	3725.80	3729.16	3726.74	3730.68	3753.02	3714.32	

*******************************************2025/03/21;05:42:35
Probe number 33
Concentration entered by User -1.00% (Compensated: -1.00% at temperature 24.6)
3363.36	3467.16	3580.56	3601.34	3601.40	3601.18	3602.24	3599.64	3620.32	3597.18	3605.36	3636.98	3616.42	3621.00	3617.56	3634.34	
3641.00	3664.08	3670.12	3676.24	3673.02	3679.04	3674.24	3674.62	3683.38	3676.98	3684.50	3687.42	3685.94	3695.14	3708.50	3702.18	
3705.08	3705.58	3702.84	3697.96	3700.58	3725.64	3714.68	3719.62	3721.76	3723.40	3721.72	3719.68	3726.96	3724.94	3724.34	3725.82	
3728.44	3728.24	3722.06	3727.96	3724.70	3728.72	3725.12	3725.90	3732.18	3732.34	3730.04	3732.94	3739.30	3740.20	3734.04	3727.18	
3731.64	3734.12	3733.14	3729.38	3731.98	3729.96	3731.26	3733.86	3730.92	3733.42	3734.94	3732.56	3735.00	3732.82	3741.82	3724.16	
3725.98	3724.74	3716.82	3709.04	3705.18	3699.34	3696.92	3686.16	3692.34	3692.68	3676.02	3692.80	3697.70	3702.68	3708.38	3715.26	
3708.66	3696.88	3697.68	3699.56	3704.58	3707.00	3723.60	3739.68	3730.88	3728.58	3723.50	3704.78	3728.32	3744.78	3732.78	3731.20	
3732.10	3727.32	3725.88	3731.10	3722.10	3717.04	3715.64	3714.18	3714.44	3718.76	3725.70	3728.90	3726.46	3730.84	3753.00	3714.18	

*******************************************2025/03/21;06:02:35
Probe number 34
Concentration entered by User -1.00% (Compensated: -1.00% at temperature 24.6)
3363.82	3467.40	3582.02	3601.14	3601.74	3601.52	3602.60	3599.36	3620.74	3597.48	3605.38	3637.14	3615.98	3621.14	3617.96	3634.60	
3641.02	3664.28	3670.40	3676.20	3672.80	3679.54	3674.18	3674.60	3683.84	3677.28	3684.44	3687.62	3686.18	3695.56	3708.98	3702.20	
3705.26	3705.86	3703.16	3698.06	3700.66	3725.76	3714.92	3719.54	3722.22	3723.58	3721.70	3719.84	3727.58	3724.80	3724.18	3725.98	
3728.38	3728.56	3722.10	3728.02	3725.06	3728.90	3725.12	3725.82	3732.42	3733.12	3730.04	3733.12	3739.34	3740.30	3734.16	3727.22	
3731.58	3734.14	3733.48	3729.54	3732.06	3730.02	3731.14	3734.06	3731.14	3733.58	3735.20	3732.46	3735.18	3733.22	3742.26	3724.80	
3726.10	3724.80	3716.78	3708.94	3705.56	3699.38	3697.30	3686.92	3692.54	3692.36	3676.36	3692.90	3697.62	3702.92	3708.50	3715.36	
3709.02	3697.04	3697.70	3699.72	3704.68	3707.24	3723.72	3740.26	3730.96	3728.70	3723.52	3705.06	3728.46	3744.88	3732.86	3731.06	
3732.42	3727.06	3726.00	3731.18	3722.00	3717.34	3716.34	3714.36	3714.98	3718.52	3726.06	3729.12	3726.54	3730.74	3752.98	3714.38	

*******************************************2025/03/21;06:22:35
Probe number 35
Concentration entered by User -1.00% (Compensated: -1.00% at temperature 24.6)
3364.10	3467.96	3581.08	3601.58	3602.30	3601.12	3602.54	3599.56	3620.64	3597.92	3605.46	3637.08	3615.96	3621.44	3617.20	3634.74	
3641.36	3663.88	3670.28	3676.26	3672.94	3679.14	3674.20	3674.68	3683.52	3677.18	3684.68	3687.72	3686.08	3695.70	3709.06	3702.58	
3705.64	3705.80	3703.02	3698.46	3700.88	3726.16	3715.04	3719.70	3722.38	3723.50	3721.92	3720.22	3727.48	3724.58	3724.42	3725.96	
3728.54	3728.62	3722.20	3728.00	3725.30	3728.76	3724.82	3725.92	3732.42	3732.92	3730.24	3733.06	3739.54	3740.62	3734.26	3727.32	
3731.44	3734.16	3733.14	3729.44	3732.22	3729.86	3731.24	3734.02	3731.12	3733.54	3735.18	3732.58	3735.20	3733.30	3742.08	3724.42	
3726.24	3725.30	3717.06	3709.10	3705.54	3699.62	3696.90	3686.36	3692.76	3692.72	3676.82	3693.06	3697.78	3702.86	3708.80	3715.34	
3708.74	3696.86	3697.66	3699.76	3704.92	3707.08	3723.78	3740.14	3731.16	3728.86	3723.52	3705.04	3728.44	3744.96	3732.98	3731.26	
3732.52	3727.44	3726.28	3731.20	3722.00	3717.36	3716.36	3714.32	3714.40	3719.04	3725.68	3729.36	3726.84	3730.52	3752.90	3714.46	

*******************************************2025/03/21;06:42:35
Probe number 36
Concentration entered by User -1.00% (Compensated: -1.00% at temperature 24.6)
3360.82	3463.12	3577.28	3597.64	3597.54	3597.42	3598.80	3595.02	3616.20	3593.70	3601.40	3633.50	3611.76	3616.96	3613.28	3630.58	
3637.26	3660.56	3666.66	3672.34	3669.10	3675.86	3670.58	3671.16	3680.30	3673.54	3681.40	3684.04	3682.82	3692.04	3705.74	3699.28	
3702.16	3702.62	3699.54	3694.74	3697.50	3723.08	3712.04	3716.80	3719.06	3720.70	3718.98	3716.90	3724.46	3721.64	3721.28	3723.12	
3725.66	3725.44	3719.18	3725.28	3722.34	3726.08	3722.38	3723.26	3729.64	3730.20	3727.34	3730.64	3736.90	3737.54	3731.72	3724.34	
3728.92	3731.50	3730.48	3726.70	3729.44	3727.18	3728.62	3731.18	3728.34	3731.02	3732.18	3729.64	3732.38	3730.44	3739.42	3721.76	
3723.32	3722.10	3713.88	3705.84	3702.38	3696.22	3693.84	3683.12	3689.74	3689.10	3672.82	3689.46	3694.34	3699.44	3705.42	3712.16	
3705.90	3693.72	3694.56	3696.20	3701.66	3704.32	3721.14	3737.46	3728.38	3726.14	3720.66	3702.08	3725.58	3742.26	3730.30	3728.32	
3729.66	3724.44	3723.34	3728.34	3719.68	3714.40	3712.92	3711.24	3711.72	3715.50	3723.18	3726.54	3723.96	3727.96	3750.58	3711.30	

*******************************************2025/03/21;07:00:02
Probe number 37
Concentration entered by User -1.00% (Compensated: -1.00% at temperature 24.7)
3363.72	3466.84	3580.16	3599.94	3600.60	3599.90	3600.94	3597.90	3619.32	3596.46	3604.56	3635.78	3614.52	3619.74	3616.08	3632.66	
3639.70	3663.10	3669.30	3675.24	3671.50	3678.10	3672.60	3673.42	3682.84	3676.06	3683.50	3686.22	3685.36	3694.78	3707.88	3701.40	
3704.70	3704.92	3701.98	3697.46	3700.22	3725.06	3714.00	3718.80	3721.48	3722.74	3720.94	3719.02	3726.40	3723.92	3723.56	3725.10	
3727.68	3727.76	3721.32	3727.18	3724.14	3728.12	3724.30	3725.10	3731.40	3732.10	3729.18	3732.46	3738.84	3739.76	3733.70	3726.46	
3731.44	3733.50	3732.82	3728.76	3731.48	3729.44	3730.34	3733.26	3730.42	3732.86	3734.48	3731.52	3734.34	3732.32	3741.14	3723.24	
3724.88	3724.06	3715.20	3707.16	3703.78	3697.32	3695.34	3684.36	3690.10	3690.06	3674.24	3690.72	3696.12	3700.96	3707.32	3714.00	
3707.58	3695.52	3696.68	3699.02	3703.84	3706.70	3723.30	3739.60	3730.72	3728.20	3723.12	3704.60	3728.34	3744.74	3732.90	3730.70	
3731.84	3726.80	3725.62	3730.70	3722.02	3716.80	3715.98	3714.16	3714.52	3718.56	3725.80	3729.02	3726.08	3730.48	3752.42	3714.16	

*******************************************2025/03/21;07:02:35
Probe number 38
Concentration entered by User -1.00% (Compensated: -1.00% at temperature 24.7)
3363.06	3466.50	3579.72	3599.88	3599.98	3599.42	3600.64	3597.88	3618.78	3595.98	3603.60	3635.26	3614.22	3619.14	3615.30	3632.06	
3639.04	3662.24	3669.02	3674.86	3671.34	3677.52	3672.38	3672.84	3682.22	3675.58	3683.12	3686.06	3684.68	3694.06	3707.52	3701.10	
3704.02	3704.52	3702.06	3697.28	3700.08	3725.02	3714.10	3718.66	3721.02	3722.58	3720.74	3719.00	3726.52	3723.62	3723.52	3725.06	
3727.46	3727.46	3721.40	3727.08	3724.04	3727.66	3724.46	3724.94	3731.02	3731.80	3728.86	3732.06	3738.58	3739.64	3733.44	3726.40	
3730.94	3733.34	3732.12	3728.74	3731.18	3729.06	3730.38	3733.30	3730.18	3732.54	3734.26	3731.54	3734.38	3732.50	3741.08	3723.24	
3724.82	3723.48	3714.78	3706.76	3703.74	3697.40	3694.76	3683.76	3689.56	3689.82	3673.68	3690.30	3695.80	3700.76	3706.82	3713.88	
3707.46	3695.46	3696.22	3698.64	3704.14	3706.48	3723.10	3739.28	3730.24	3728.36	3722.72	3704.78	3727.82	3744.56	3732.62	3730.56	
3731.60	3726.64	3725.46	3730.86	3721.80	3716.68	3715.86	3714.02	3713.84	3718.54	3725.42	3728.92	3726.18	3730.30	3752.44	3713.78	

*******************************************2025/03/21;07:22:35
Probe number 39
Concentration entered by User -1.00% (Compensated: -1.00% at temperature 24.8)
3364.26	3469.44	3582.88	3601.86	3601.90	3601.52	3603.02	3599.74	3621.22	3598.44	3606.38	3637.52	3616.70	3621.12	3617.56	3634.58	
3641.20	3664.56	3670.92	3676.52	3672.94	3679.82	3674.02	3675.14	3684.20	3677.44	3685.10	3688.00	3686.86	3696.00	3709.54	3703.34	
3705.74	3706.42	3703.48	3699.00	3701.62	3726.48	3715.44	3720.22	3722.88	3724.22	3722.44	3720.66	3727.98	3725.28	3725.26	3726.64	
3729.22	3729.00	3722.66	3728.50	3725.56	3729.44	3726.02	3726.48	3733.12	3733.32	3730.86	3733.80	3740.28	3741.06	3735.02	3728.00	
3732.58	3735.14	3733.80	3730.58	3732.84	3730.98	3732.08	3734.84	3731.96	3734.16	3735.76	3733.38	3735.94	3733.94	3742.86	3725.58	
3726.60	3725.64	3717.22	3709.40	3706.16	3699.62	3697.42	3686.44	3692.60	3692.46	3676.28	3693.12	3697.96	3703.42	3709.06	3715.92	
3709.20	3697.36	3698.58	3700.68	3706.04	3708.26	3724.82	3740.80	3732.08	3729.98	3724.46	3706.16	3729.12	3745.54	3734.18	3732.32	
3733.32	3728.44	3727.20	3732.34	3723.22	3718.30	3716.96	3715.58	3715.62	3719.74	3726.98	3730.32	3727.82	3731.80	3754.14	3715.46	

*******************************************2025/03/21;07:42:35
Probe number 40
Concentration entered by User -1.00% (Compensated: -1.00% at temperature 24.9)
3361.24	3463.92	3577.88	3597.28	3597.46	3596.70	3598.20	3595.16	3616.12	3593.56	3600.90	3632.78	3611.40	3616.46	3613.04	3630.28	
3636.98	3660.44	3666.82	3672.66	3669.36	3675.60	3670.10	3670.86	3680.26	3673.70	3681.08	3683.82	3682.68	3692.38	3705.74	3699.32	
3702.28	3703.00	3700.12	3695.14	3697.86	3723.26	3712.30	3717.00	3719.54	3721.28	3719.38	3717.16	3725.08	3722.14	3722.10	3723.34	
3725.82	3725.78	3719.36	3725.80	3722.26	3726.22	3722.48	3723.12	3729.54	3730.36	3727.26	3730.64	3737.20	3737.94	3732.00	3724.80	
3729.56	3731.68	3730.90	3727.12	3729.84	3727.72	3728.86	3731.30	3728.56	3731.32	3732.78	3730.04	3732.84	3731.02	3739.84	3721.68	
3723.34	3721.86	3713.76	3705.14	3702.10	3695.62	3693.52	3682.26	3688.50	3688.66	3672.24	3689.30	3694.60	3699.68	3705.84	3712.12	
3705.66	3693.64	3695.26	3697.24	3702.82	3705.10	3721.44	3738.04	3728.76	3726.60	3721.48	3702.44	3726.44	3743.14	3730.82	3729.18	
3730.38	3725.06	3724.10	3728.88	3720.02	3715.14	3713.90	3712.24	3712.34	3716.40	3723.66	3727.38	3724.42	3728.48	3751.24	3712.02	

*******************************************2025/03/21;08:02:35
Probe number 41
Concentration entered by User -1.00% (Compensated: -1.00% at temperature 25.0)
3367.24	3473.00	3586.00	3605.26	3605.06	3604.64	3606.22	3602.80	3623.44	3601.16	3608.96	3640.26	3619.42	3624.40	3620.98	3637.76	
3643.96	3667.06	3673.46	3679.86	3675.88	3682.22	3677.04	3677.58	3686.86	3680.44	3687.34	3690.92	3689.42	3698.50	3711.78	3705.56	
3708.64	3708.82	3705.64	3701.66	3703.90	3728.76	3717.74	3722.54	3724.86	3726.60	3724.78	3722.96	3730.38	3727.62	3727.32	3728.78	
3731.30	3731.26	3725.30	3730.88	3727.50	3731.68	3727.88	3728.84	3735.12	3735.58	3732.76	3735.80	3742.22	3743.04	3737.10	3730.10	
3735.02	3737.32	3736.26	3732.80	3735.06	3733.18	3734.18	3736.50	3733.88	3736.26	3737.56	3735.38	3737.80	3736.28	3744.50	3727.54	
3728.90	3727.74	3719.58	3711.46	3708.00	3701.94	3699.68	3689.30	3694.94	3695.18	3679.04	3695.48	3700.48	3705.70	3711.32	3717.84	
3711.56	3700.02	3700.78	3703.28	3708.42	3710.88	3727.26	3743.14	3734.06	3732.02	3726.50	3708.54	3731.48	3747.80	3736.20	3734.64	
3735.32	3730.48	3729.26	3734.34	3725.38	3720.72	3719.50	3718.06	3718.02	3722.24	3729.28	3732.54	3730.16	3733.96	3755.80	3717.86	

*******************************************2025/03/21;18:39:52
Probe number 0
Concentration entered by User 2.06% (Compensated: 2.10% at temperature 20.6)
1147.74	1148.40	1166.46	1176.80	1186.08	1198.32	1213.10	1225.48	1242.56	1255.18	1273.94	1298.86	1316.10	1340.10	1364.40	1394.92	
1420.50	1452.50	1483.34	1521.52	1558.62	1604.26	1647.42	1694.62	1751.34	1808.52	1883.28	1971.24	2071.22	2203.00	2377.82	2614.68	
2961.48	3322.98	3573.30	3699.34	3691.92	3709.82	3702.76	3711.42	3718.10	3719.92	3719.88	3720.64	3726.60	3724.58	3726.44	3723.66	
3713.86	3713.28	3719.98	3733.00	3724.48	3724.28	3722.78	3724.58	3726.28	3731.28	3736.40	3736.98	3735.90	3735.40	3730.96	3728.26	
3731.12	3731.48	3730.56	3724.64	3724.00	3722.48	3722.80	3729.56	3728.14	3732.06	3735.28	3729.90	3734.32	3734.20	3746.50	3737.28	
3744.72	3749.58	3744.40	3740.98	3742.86	3742.52	3740.50	3733.60	3738.40	3740.96	3726.60	3737.36	3739.78	3739.74	3737.26	3737.82	
3729.04	3715.32	3714.16	3713.14	3710.52	3709.76	3725.62	3742.14	3733.64	3730.22	3724.62	3702.80	3724.08	3738.60	3726.36	3728.64	
3730.78	3724.50	3720.62	3727.84	3718.92	3715.82	3714.36	3708.74	3703.34	3708.42	3717.48	3723.60	3718.12	3719.22	3740.88	3699.66	

*******************************************2025/03/21;18:40:59
Probe number 1
Concentration entered by User 2.07% (Compensated: 2.11% at temperature 20.6)
1148.50	1148.82	1166.30	1176.60	1186.46	1198.80	1213.70	1225.70	1242.88	1255.30	1274.10	1299.06	1316.36	1341.28	1364.84	1395.40	
1420.12	1452.08	1483.64	1520.50	1557.86	1603.90	1648.22	1693.94	1750.22	1806.38	1881.28	1969.42	2070.24	2204.34	2374.14	2606.92	
2959.20	3318.28	3572.10	3698.32	3690.90	3709.08	3701.78	3710.54	3717.32	3719.14	3718.92	3720.08	3725.52	3724.04	3725.38	3722.80	
3713.16	3712.12	3719.10	3732.58	3723.96	3723.78	3721.46	3723.76	3725.70	3730.32	3735.52	3736.42	3735.36	3734.64	3730.24	3727.60	
3730.64	3730.56	3729.30	3724.06	3723.08	3721.60	3722.50	3728.70	3727.58	3730.92	3734.42	3729.06	3733.56	3733.80	3745.98	3736.82	
3744.20	3749.04	3743.78	3740.50	3742.14	3741.82	3739.92	3732.96	3737.94	3739.68	3726.04	3736.38	3739.24	3738.84	3736.66	3737.20	
3728.50	3714.76	3713.46	3712.20	3710.16	3708.80	3725.06	3741.44	3733.30	3729.64	3724.30	3702.46	3723.14	3737.98	3726.50	3728.40	
3730.42	3723.98	3719.92	3727.28	3718.42	3715.30	3713.76	3708.38	3701.86	3707.68	3716.92	3722.14	3717.16	3718.76	3739.94	3699.24	

*******************************************2025/03/21;18:41:14
Probe number 2
Concentration entered by User 2.06% (Compensated: 2.10% at temperature 20.6)
1148.46	1148.70	1166.54	1176.82	1186.36	1198.70	1213.36	1226.24	1243.04	1255.20	1274.46	1299.16	1316.46	1341.22	1364.90	1395.20	
1421.32	1452.52	1484.42	1521.86	1558.64	1604.26	1648.34	1695.56	1751.18	1806.50	1882.06	1969.12	2070.28	2202.00	2375.74	2613.10	
2959.92	3323.58	3571.26	3699.36	3692.52	3710.14	3702.92	3711.30	3718.48	3720.22	3720.26	3720.72	3726.62	3724.84	3726.12	3723.74	
3714.00	3713.38	3719.80	3733.24	3725.00	3724.96	3722.56	3724.94	3726.62	3731.34	3736.66	3737.44	3736.16	3735.70	3731.34	3728.44	
3731.40	3731.40	3730.16	3724.90	3724.12	3722.62	3723.28	3729.86	3728.50	3732.06	3735.52	3730.48	3734.80	3734.26	3746.94	3737.74	
3744.84	3750.08	3745.02	3741.38	3743.44	3742.92	3740.82	3733.92	3738.56	3740.74	3726.56	3737.58	3740.26	3739.78	3737.82	3738.32	
3729.52	3715.78	3714.70	3713.28	3711.08	3709.76	3725.92	3742.56	3734.50	3730.50	3725.24	3703.06	3724.78	3739.02	3727.58	3729.16	
3731.48	3724.90	3721.44	3728.22	3719.74	3716.36	3715.50	3709.58	3703.40	3708.90	3718.02	3723.58	3718.34	3719.44	3741.30	3700.52	

*******************************************2025/03/21;18:41:52
Probe number 3
Concentration entered by User 2.07% (Compensated: 2.11% at temperature 20.5)
1149.08	1149.18	1167.16	1177.58	1186.96	1199.40	1214.38	1226.48	1243.50	1255.84	1274.60	1299.68	1317.04	1341.38	1365.32	1395.70	
1421.52	1453.62	1485.02	1521.86	1558.24	1604.94	1648.30	1695.74	1751.00	1807.74	1881.12	1969.12	2070.06	2205.80	2371.94	2611.02	
2959.18	3318.22	3570.84	3699.58	3692.54	3710.40	3703.30	3711.60	3719.18	3720.82	3721.12	3721.34	3727.26	3725.58	3726.92	3724.44	
3714.40	3713.86	3720.36	3733.84	3724.76	3725.16	3722.48	3725.20	3726.84	3731.78	3736.74	3737.66	3736.52	3736.02	3731.56	3729.06	
3731.74	3731.58	3730.52	3725.24	3724.42	3723.18	3723.78	3730.10	3728.82	3732.30	3735.86	3730.64	3734.90	3734.72	3747.34	3738.46	
3745.46	3750.54	3745.08	3741.72	3743.90	3743.32	3741.44	3734.54	3738.94	3741.00	3727.30	3737.80	3740.86	3740.70	3738.34	3738.66	
3730.08	3716.36	3715.16	3714.34	3711.60	3710.94	3726.48	3742.92	3735.20	3730.72	3725.72	3703.86	3724.76	3739.56	3727.96	3729.86	
3731.84	3725.44	3722.02	3729.06	3720.16	3717.10	3715.56	3710.12	3704.06	3709.50	3718.40	3723.62	3719.08	3720.24	3742.00	3701.42	

*******************************************2025/03/21;18:45:00
Probe number 4
Concentration entered by User 2.08% (Compensated: 2.11% at temperature 20.5)
1149.28	1149.44	1167.16	1178.08	1187.24	1199.58	1214.14	1226.42	1243.74	1256.54	1275.36	1300.34	1317.28	1342.12	1366.42	1395.68	
1421.38	1453.76	1485.04	1521.84	1559.90	1605.48	1649.80	1693.92	1749.84	1806.14	1882.52	1969.58	2073.62	2205.82	2377.00	2611.22	
2956.96	3318.72	3570.58	3697.68	3692.02	3709.34	3702.24	3710.90	3718.10	3719.90	3719.96	3720.48	3725.98	3724.54	3725.44	3723.18	
3712.96	3712.36	3719.52	3732.60	3724.34	3724.38	3722.12	3724.38	3726.22	3731.24	3736.58	3736.94	3736.14	3735.62	3731.28	3728.40	
3731.14	3731.16	3729.92	3724.30	3723.34	3722.34	3723.18	3729.74	3728.60	3732.14	3735.26	3730.30	3734.86	3734.20	3747.62	3738.12	
3745.26	3750.30	3744.94	3741.88	3743.84	3742.84	3741.10	3734.48	3738.74	3740.56	3726.60	3737.78	3740.70	3740.12	3737.86	3738.86	
3729.86	3715.90	3715.20	3714.42	3711.94	3710.96	3726.26	3743.04	3734.98	3731.26	3725.92	3703.82	3724.82	3739.22	3728.42	3729.52	
3731.80	3726.02	3721.98	3729.18	3720.66	3717.74	3716.24	3710.64	3705.16	3710.06	3718.64	3723.80	3719.26	3720.60	3742.46	3701.10	

*******************************************2025/03/21;18:45:33
Probe number 5
Concentration entered by User 2.09% (Compensated: 2.12% at temperature 20.5)
1148.60	1148.44	1166.82	1177.26	1186.64	1198.86	1213.56	1225.60	1242.84	1255.56	1274.86	1299.90	1316.76	1340.68	1364.68	1394.98	
1421.24	1453.16	1484.58	1521.12	1558.90	1603.66	1647.38	1693.88	1747.22	1803.72	1880.36	1969.52	2069.58	2199.44	2371.54	2602.16	
2955.76	3314.24	3567.00	3694.64	3687.94	3706.18	3698.68	3707.62	3714.74	3716.04	3716.44	3716.74	3722.66	3720.78	3722.66	3720.00	
3709.72	3709.04	3716.16	3729.74	3721.26	3721.08	3718.94	3721.18	3723.02	3727.84	3733.60	3734.18	3732.72	3732.26	3728.12	3725.32	
3728.06	3727.70	3726.64	3721.24	3719.72	3718.96	3720.00	3726.46	3725.22	3728.72	3732.36	3727.12	3731.82	3731.08	3744.18	3734.92	
3742.40	3747.46	3742.40	3738.80	3740.66	3739.94	3738.14	3731.34	3736.20	3737.90	3723.70	3734.74	3737.78	3737.24	3735.10	3735.92	
3726.74	3712.44	3711.78	3710.56	3708.00	3707.56	3722.76	3740.16	3732.16	3727.82	3722.94	3700.52	3721.34	3736.38	3724.72	3726.20	
3729.06	3722.72	3718.98	3725.90	3716.88	3714.00	3712.84	3707.22	3701.80	3706.10	3715.62	3720.46	3715.96	3717.56	3739.40	3697.26	

*******************************************2025/03/21;18:47:53
Probe number 6
Concentration entered by User 2.10% (Compensated: 2.13% at temperature 20.5)
1148.64	1148.60	1166.86	1177.52	1186.96	1199.18	1213.80	1226.24	1243.36	1256.14	1274.92	1299.70	1317.28	1341.30	1364.96	1395.00	
1420.84	1452.84	1483.94	1520.70	1558.06	1603.96	1646.76	1693.32	1747.82	1803.26	1880.02	1968.24	2070.68	2200.36	2374.80	2609.84	
2948.98	3312.42	3563.60	3692.76	3685.92	3704.08	3696.32	3705.54	3712.92	3714.36	3714.48	3714.88	3721.02	3719.22	3720.56	3717.70	
3707.30	3706.94	3714.00	3727.80	3719.06	3719.10	3716.92	3719.30	3720.82	3726.44	3731.68	3732.46	3731.46	3730.88	3726.52	3723.18	
3726.18	3726.32	3724.98	3719.68	3718.28	3717.12	3718.40	3724.84	3724.00	3727.22	3730.84	3725.32	3729.90	3729.26	3742.68	3733.56	
3740.92	3745.56	3740.72	3737.40	3738.84	3738.44	3736.48	3729.34	3734.56	3736.30	3722.22	3733.14	3736.18	3735.82	3733.22	3734.18	
3725.16	3710.66	3709.88	3708.88	3706.70	3705.26	3721.16	3738.60	3730.50	3726.22	3720.92	3698.48	3720.12	3734.82	3723.44	3724.54	
3727.00	3721.18	3716.84	3724.14	3715.28	3712.08	3711.28	3705.26	3700.34	3704.86	3713.72	3718.88	3715.06	3716.06	3738.10	3695.18	

*******************************************2025/03/21;18:48:15
Probe number 7
Concentration entered by User 2.07% (Compensated: 2.11% at temperature 20.6)
1149.80	1149.82	1167.80	1178.54	1187.92	1199.98	1214.84	1226.78	1244.16	1256.70	1275.92	1300.70	1317.94	1342.22	1366.12	1396.50	
1422.06	1453.76	1485.76	1522.38	1560.10	1606.48	1650.80	1694.82	1750.08	1805.72	1881.86	1970.76	2074.04	2201.12	2376.36	2611.76	
2956.38	3320.28	3569.28	3696.86	3690.26	3707.86	3700.76	3709.60	3716.54	3718.36	3718.50	3718.60	3724.60	3723.06	3723.82	3721.22	
3711.34	3711.20	3718.10	3731.18	3722.54	3722.76	3720.38	3722.90	3724.68	3729.94	3735.26	3736.02	3734.80	3734.22	3730.30	3726.96	
3729.66	3729.64	3728.78	3723.16	3722.48	3720.70	3721.72	3728.62	3727.44	3730.74	3734.02	3728.90	3733.40	3732.90	3745.88	3736.94	
3744.10	3749.00	3743.78	3740.60	3742.30	3741.66	3739.68	3732.94	3737.90	3739.80	3725.86	3736.52	3739.62	3739.38	3736.62	3737.94	
3728.64	3714.58	3714.00	3712.64	3710.26	3709.12	3724.84	3741.92	3733.72	3729.84	3724.72	3702.34	3723.44	3738.08	3726.90	3728.04	
3730.52	3724.72	3720.60	3727.96	3719.08	3715.82	3715.02	3709.36	3704.14	3708.76	3717.46	3722.64	3718.30	3719.88	3741.54	3699.70	

*******************************************2025/03/21;18:51:46
Probe number 0
Concentration entered by User 2.08% (Compensated: 2.12% at temperature 20.6)
1149.50	1149.80	1167.88	1178.42	1187.78	1199.88	1214.78	1227.02	1244.50	1256.76	1275.60	1300.92	1318.18	1342.30	1365.82	1396.12	
1422.04	1454.00	1485.16	1522.12	1560.04	1605.00	1649.14	1695.04	1749.00	1805.42	1880.90	1970.66	2073.10	2200.54	2375.40	2609.76	
2956.38	3314.56	3568.46	3694.74	3687.38	3706.12	3698.02	3706.94	3714.18	3715.80	3715.74	3715.98	3721.92	3720.98	3721.44	3718.92	
3708.62	3708.32	3715.26	3729.28	3720.42	3720.40	3718.34	3720.36	3722.30	3727.78	3733.38	3733.76	3732.98	3732.06	3728.02	3724.66	
3727.66	3727.68	3726.50	3721.38	3720.06	3718.96	3720.14	3726.92	3725.32	3728.80	3732.34	3727.22	3731.68	3731.04	3744.18	3734.94	
3742.44	3746.90	3741.78	3738.28	3740.02	3739.66	3737.56	3731.00	3735.82	3737.26	3724.28	3734.68	3737.52	3737.34	3734.58	3735.86	
3726.66	3712.12	3711.36	3710.20	3707.64	3706.76	3722.54	3739.96	3731.46	3727.42	3722.34	3699.98	3721.68	3736.18	3724.90	3725.88	
3728.48	3722.08	3718.52	3725.40	3716.64	3713.54	3712.78	3707.26	3702.62	3706.92	3715.56	3720.28	3716.20	3717.72	3739.74	3697.18	

*******************************************2025/03/21;18:53:24
Probe number 1
Concentration entered by User 2.07% (Compensated: 2.12% at temperature 20.6)
1150.36	1150.36	1168.62	1178.68	1188.46	1200.36	1215.40	1227.68	1245.12	1257.84	1276.44	1301.60	1319.24	1343.22	1366.76	1396.84	
1423.28	1455.02	1486.80	1524.06	1561.82	1607.44	1651.14	1696.34	1749.92	1805.68	1882.42	1972.52	2073.62	2204.76	2377.02	2614.08	
2961.46	3317.56	3572.04	3690.80	3690.14	3707.90	3699.76	3708.68	3716.18	3718.10	3717.86	3717.94	3724.00	3722.04	3723.40	3720.86	
3710.96	3710.38	3717.54	3730.90	3722.44	3722.50	3719.94	3722.28	3724.16	3729.86	3735.24	3735.70	3734.56	3733.98	3729.70	3726.80	
3729.84	3730.12	3728.86	3723.56	3722.00	3721.26	3722.44	3728.48	3727.60	3730.82	3734.26	3729.12	3733.58	3733.08	3745.90	3736.80	
3743.92	3748.74	3743.54	3740.30	3742.10	3741.28	3739.16	3732.92	3737.62	3739.50	3725.94	3736.70	3739.42	3739.12	3736.50	3737.54	
3728.66	3713.98	3713.76	3712.76	3710.20	3708.78	3724.62	3741.94	3733.18	3729.70	3724.44	3702.40	3723.24	3737.82	3726.88	3728.08	
3730.96	3724.04	3720.16	3727.32	3718.82	3715.86	3715.02	3710.04	3704.96	3709.16	3717.42	3722.40	3718.26	3720.12	3741.74	3699.70	

*******************************************2025/03/21;20:59:09
Probe number 0
Concentration entered by User 2.07% (Compensated: 2.12% at temperature 20.8)
1151.70	1151.66	1169.38	1179.80	1189.10	1202.24	1216.54	1229.12	1246.30	1259.02	1277.62	1302.42	1320.22	1344.28	1368.22	1398.06	
1423.58	1455.46	1487.22	1524.58	1562.18	1608.48	1652.24	1697.64	1750.90	1806.44	1883.72	1972.20	2076.46	2205.20	2377.74	2616.04	
2960.66	3321.22	3569.96	3696.76	3688.84	3708.12	3700.36	3709.10	3716.54	3717.86	3717.56	3717.96	3723.90	3722.52	3723.44	3720.70	
3710.76	3709.98	3717.60	3730.78	3722.14	3722.20	3720.12	3721.96	3724.38	3729.64	3734.98	3736.14	3734.66	3734.12	3729.84	3726.68	
3729.76	3729.88	3728.94	3723.78	3722.92	3721.22	3722.52	3729.22	3727.94	3730.82	3734.08	3729.04	3733.70	3732.94	3745.80	3736.98	
3743.62	3748.70	3743.56	3739.66	3741.80	3741.38	3739.48	3732.90	3737.98	3739.60	3725.84	3736.66	3739.50	3739.06	3736.26	3737.66	
3728.26	3714.04	3713.28	3712.00	3709.40	3708.44	3724.48	3741.76	3733.26	3729.28	3724.18	3701.84	3722.94	3738.00	3726.90	3728.04	
3730.74	3724.06	3720.32	3726.76	3718.46	3716.06	3715.06	3709.52	3705.76	3709.40	3718.00	3722.64	3718.78	3720.52	3742.16	3699.48	

*******************************************2025/03/21;21:03:56
Probe number 1
Concentration entered by User 2.06% (Compensated: 2.12% at temperature 20.8)
1152.84	1152.68	1170.74	1181.56	1191.00	1203.50	1218.32	1230.94	1248.06	1260.52	1279.52	1304.46	1321.52	1346.46	1370.00	1400.28	
1425.50	1457.80	1489.52	1526.44	1564.40	1611.14	1654.30	1697.68	1752.46	1808.88	1885.32	1974.60	2077.08	2207.26	2379.02	2619.92	
2967.98	3320.40	3573.04	3698.76	3691.20	3710.26	3702.62	3711.58	3718.56	3719.84	3719.68	3720.16	3725.96	3724.36	3725.30	3722.48	
3712.76	3712.42	3719.50	3733.02	3724.54	3724.52	3722.18	3724.12	3726.68	3731.78	3737.28	3737.90	3736.88	3736.26	3732.36	3728.80	
3731.84	3732.22	3730.98	3725.98	3724.96	3723.20	3725.02	3731.34	3730.00	3733.00	3735.78	3731.44	3735.68	3734.68	3747.84	3738.66	
3745.58	3750.42	3745.30	3742.24	3743.82	3743.14	3741.46	3734.80	3739.66	3741.28	3727.72	3738.50	3741.14	3740.88	3738.14	3739.46	
3729.80	3715.84	3715.58	3714.18	3711.70	3711.16	3726.32	3743.48	3735.16	3731.38	3726.16	3703.80	3725.26	3739.54	3729.08	3729.86	
3732.44	3726.34	3722.14	3728.68	3720.60	3718.10	3717.10	3712.10	3708.78	3712.08	3720.60	3725.16	3720.94	3722.54	3744.26	3702.46	

*******************************************2025/03/21;21:23:56
Probe number 2
Concentration entered by User 2.05% (Compensated: 2.13% at temperature 21.2)
1153.84	1153.80	1172.44	1182.72	1192.58	1204.82	1219.52	1231.92	1249.46	1261.98	1281.28	1305.76	1323.20	1348.24	1371.98	1402.66	
1427.60	1460.70	1492.38	1527.92	1566.86	1613.10	1656.22	1701.60	1755.44	1811.46	1886.46	1977.24	2073.82	2212.44	2380.08	2618.88	
2968.76	3325.04	3574.94	3696.18	3687.52	3706.84	3699.36	3708.08	3714.52	3715.60	3715.74	3716.46	3722.16	3720.18	3721.74	3718.44	
3708.80	3708.50	3715.88	3729.40	3720.36	3721.06	3719.26	3720.98	3723.90	3729.26	3734.64	3735.36	3733.90	3733.62	3729.08	3725.82	
3729.00	3729.18	3728.18	3722.84	3721.36	3719.78	3721.72	3727.78	3726.80	3729.36	3732.26	3727.46	3731.86	3730.82	3744.62	3734.68	
3742.24	3746.92	3741.50	3737.82	3740.04	3739.46	3737.72	3730.58	3736.32	3737.34	3723.68	3734.54	3737.42	3737.02	3734.50	3735.26	
3726.10	3711.74	3710.94	3709.66	3707.18	3706.50	3722.42	3740.04	3731.46	3727.76	3721.88	3700.22	3721.30	3736.30	3725.54	3726.06	
3728.92	3722.20	3718.42	3724.94	3716.50	3713.52	3713.30	3707.98	3704.84	3708.64	3717.58	3721.48	3717.72	3719.74	3741.82	3698.90	

*******************************************2025/03/21;21:43:56
Probe number 3
Concentration entered by User 2.04% (Compensated: 2.14% at temperature 21.4)
1155.44	1155.22	1173.54	1184.08	1193.86	1207.16	1222.34	1234.10	1251.32	1264.40	1283.14	1307.98	1326.24	1351.58	1374.90	1405.16	
1430.90	1462.74	1493.24	1531.08	1567.98	1614.64	1658.10	1704.92	1759.66	1817.14	1893.00	1982.94	2081.12	2211.14	2389.20	2621.98	
2980.22	3325.18	3575.94	3696.80	3685.90	3706.22	3698.16	3706.84	3713.66	3714.54	3714.64	3714.98	3721.72	3719.74	3720.72	3717.96	
3708.16	3708.36	3715.68	3729.00	3720.20	3720.94	3719.00	3720.70	3724.18	3729.68	3734.72	3735.36	3733.80	3733.42	3729.00	3725.18	
3728.46	3729.20	3727.62	3722.28	3720.74	3718.70	3720.88	3726.92	3725.96	3728.78	3731.54	3726.82	3730.76	3730.22	3743.54	3733.80	
3741.60	3746.00	3740.44	3737.50	3739.28	3738.66	3737.00	3729.64	3735.10	3736.70	3723.12	3734.10	3736.82	3736.34	3733.54	3734.66	
3725.06	3710.82	3710.26	3708.74	3706.24	3705.46	3721.48	3739.50	3730.44	3726.80	3721.34	3699.22	3720.72	3735.62	3724.62	3725.58	
3728.22	3721.52	3718.00	3724.32	3715.86	3713.20	3712.46	3707.30	3704.62	3708.12	3717.02	3720.98	3717.20	3719.62	3741.48	3698.74	

*******************************************2025/03/21;22:03:56
Probe number 4
Concentration entered by User 2.04% (Compensated: 2.15% at temperature 21.6)
1154.08	1154.20	1172.46	1183.70	1193.38	1206.00	1220.96	1233.54	1251.38	1263.60	1282.98	1307.76	1325.22	1349.62	1373.32	1404.34	
1429.46	1461.04	1492.52	1528.92	1566.74	1612.72	1656.00	1701.88	1758.44	1816.16	1893.12	1980.26	2083.32	2211.18	2384.54	2628.30	
2976.30	3326.62	3576.68	3695.70	3684.24	3705.28	3697.28	3706.22	3712.74	3714.40	3713.62	3714.62	3720.92	3719.34	3720.72	3717.52	
3708.50	3708.44	3716.00	3729.04	3720.00	3721.38	3719.70	3720.90	3725.00	3729.72	3734.70	3735.12	3733.50	3733.42	3728.58	3724.40	
3728.02	3728.82	3726.56	3721.18	3719.58	3717.16	3719.94	3725.96	3725.10	3727.68	3730.20	3725.94	3730.08	3729.18	3743.02	3733.24	
3740.70	3745.12	3739.92	3736.48	3738.00	3737.86	3735.90	3728.94	3734.62	3735.90	3722.04	3733.28	3735.72	3735.34	3732.64	3733.82	
3724.62	3709.44	3708.92	3707.96	3705.26	3704.64	3720.84	3738.76	3729.90	3726.26	3720.92	3698.52	3719.92	3734.94	3724.14	3725.20	
3727.88	3721.20	3717.14	3723.66	3715.12	3712.28	3711.84	3706.70	3703.32	3707.64	3716.28	3720.62	3716.88	3719.26	3741.16	3697.88	

*******************************************2025/03/21;22:23:56
Probe number 5
Concentration entered by User 2.03% (Compensated: 2.15% at temperature 21.8)
1152.44	1152.18	1170.86	1182.06	1191.58	1204.32	1219.80	1232.10	1249.08	1261.70	1279.56	1303.94	1321.80	1346.54	1370.74	1400.36	
1425.48	1458.24	1488.00	1525.50	1562.42	1607.74	1649.84	1695.74	1754.18	1809.56	1886.58	1973.04	2071.84	2211.52	2381.72	2625.58	
2972.46	3329.70	3584.74	3701.78	3689.38	3710.82	3703.02	3711.20	3718.08	3718.96	3718.76	3719.66	3726.24	3724.96	3726.10	3722.70	
3713.88	3714.20	3721.40	3733.78	3725.48	3726.84	3725.56	3726.22	3730.60	3735.68	3740.08	3740.22	3738.44	3737.92	3734.08	3729.96	
3733.24	3734.26	3732.22	3726.24	3724.44	3722.10	3725.04	3730.86	3729.72	3732.62	3734.84	3730.44	3734.68	3733.42	3747.16	3737.70	
3744.86	3749.24	3744.18	3740.88	3742.48	3742.06	3740.38	3733.54	3738.72	3740.40	3726.44	3737.68	3740.06	3740.00	3737.02	3738.38	
3729.36	3714.96	3714.52	3713.02	3710.58	3710.18	3726.00	3743.34	3734.70	3731.50	3725.82	3703.76	3725.66	3739.28	3728.90	3730.00	
3732.86	3725.90	3722.22	3728.38	3720.12	3717.58	3717.68	3711.68	3708.86	3712.94	3721.42	3725.12	3721.84	3724.40	3745.92	3703.92	

*******************************************2025/03/21;22:43:56
Probe number 6
Concentration entered by User 2.09% (Compensated: 2.22% at temperature 22.0)
1148.82	1148.86	1167.02	1178.34	1188.36	1200.86	1215.92	1227.68	1244.94	1256.56	1274.54	1298.34	1316.32	1339.94	1363.40	1392.74	
1417.84	1449.80	1480.62	1516.64	1552.70	1596.44	1638.52	1685.00	1740.00	1795.66	1872.02	1960.82	2056.82	2184.78	2364.18	2599.36	
2957.60	3313.42	3569.54	3691.74	3678.86	3700.84	3692.28	3700.88	3707.82	3709.04	3708.94	3709.72	3716.70	3715.14	3716.08	3712.90	
3703.80	3704.52	3711.56	3724.74	3716.00	3717.24	3716.04	3716.52	3721.98	3727.20	3731.12	3731.20	3729.36	3728.88	3724.60	3720.26	
3723.92	3725.30	3722.54	3716.46	3714.36	3711.86	3714.94	3721.50	3720.14	3722.80	3725.36	3720.72	3724.62	3723.88	3738.10	3727.94	
3735.52	3739.94	3734.60	3731.32	3733.12	3732.24	3730.24	3723.24	3729.08	3730.42	3715.88	3727.48	3730.06	3729.76	3727.22	3728.54	
3718.76	3703.76	3703.28	3701.72	3699.44	3698.92	3715.92	3734.32	3724.80	3720.94	3715.38	3692.24	3714.70	3730.24	3718.62	3719.66	
3723.10	3715.26	3711.58	3718.02	3709.44	3706.96	3706.52	3700.46	3697.30	3702.14	3710.32	3714.48	3711.00	3713.74	3736.52	3692.38	

*******************************************2025/03/21;23:03:56
Probe number 7
Concentration entered by User 2.07% (Compensated: 2.21% at temperature 22.1)
1149.14	1149.04	1167.48	1178.54	1188.58	1202.08	1216.54	1228.00	1244.88	1256.78	1274.64	1298.78	1316.08	1340.82	1364.08	1393.64	
1419.22	1451.08	1482.14	1517.84	1552.64	1598.84	1640.24	1684.72	1739.26	1794.86	1870.90	1960.48	2060.20	2186.26	2362.62	2601.16	
2961.86	3321.42	3574.32	3691.80	3679.48	3701.54	3692.78	3701.76	3708.22	3709.82	3709.42	3710.36	3717.20	3716.04	3716.68	3713.18	
3704.74	3706.36	3712.88	3725.50	3716.72	3718.18	3716.82	3717.42	3722.88	3727.84	3731.78	3731.68	3729.24	3729.26	3725.10	3720.84	
3724.70	3726.00	3723.06	3717.04	3714.74	3712.66	3715.28	3722.18	3720.68	3723.28	3725.54	3721.12	3724.98	3724.22	3738.30	3728.52	
3735.52	3740.20	3734.88	3731.40	3733.04	3732.36	3730.32	3723.16	3728.96	3730.28	3716.16	3727.74	3730.16	3729.88	3727.18	3728.72	
3718.62	3704.06	3703.42	3702.04	3699.26	3699.34	3716.28	3733.94	3725.04	3721.76	3715.06	3692.90	3714.76	3730.20	3718.84	3720.50	
3722.94	3715.60	3711.58	3718.06	3709.60	3707.10	3706.48	3700.62	3697.34	3701.52	3710.62	3714.30	3711.38	3714.06	3736.66	3692.72	

*******************************************2025/03/21;23:23:56
Probe number 8
Concentration entered by User 2.07% (Compensated: 2.22% at temperature 22.3)
1148.34	1147.94	1166.26	1177.58	1187.30	1200.54	1215.44	1227.14	1243.92	1255.64	1273.42	1297.94	1315.64	1339.30	1362.56	1392.14	
1416.82	1448.86	1480.16	1515.56	1552.72	1597.20	1638.60	1681.40	1737.12	1795.50	1869.56	1955.18	2058.54	2182.84	2352.84	2597.22	
2960.54	3317.46	3578.86	3692.58	3679.98	3701.72	3692.78	3701.48	3708.70	3709.98	3709.46	3710.68	3717.38	3716.20	3716.72	3713.76	
3705.52	3706.36	3713.48	3726.10	3717.12	3718.56	3717.50	3717.96	3723.72	3728.48	3732.20	3731.80	3729.92	3729.42	3725.74	3721.22	
3724.68	3726.28	3723.54	3717.18	3715.08	3712.72	3715.94	3722.22	3720.96	3723.46	3725.60	3721.22	3725.04	3724.54	3738.60	3728.28	
3735.54	3740.34	3735.24	3731.38	3733.42	3732.20	3730.60	3723.20	3729.20	3730.50	3715.94	3727.84	3730.10	3729.92	3727.70	3728.88	
3719.08	3703.74	3703.48	3701.80	3699.64	3699.30	3716.22	3734.58	3725.24	3721.42	3715.60	3692.92	3715.26	3730.36	3718.78	3720.40	
3723.10	3715.92	3711.74	3717.68	3709.56	3707.06	3706.62	3701.10	3697.38	3701.78	3710.48	3714.34	3711.24	3714.36	3736.92	3692.46	

*******************************************2025/03/21;23:43:56
Probe number 9
Concentration entered by User 2.07% (Compensated: 2.23% at temperature 22.4)
1148.00	1147.96	1166.02	1177.00	1187.36	1200.60	1215.36	1227.38	1243.42	1255.70	1273.66	1297.94	1315.88	1339.00	1363.40	1391.90	
1416.62	1448.52	1479.52	1515.36	1551.96	1596.20	1638.38	1680.94	1737.26	1790.84	1869.34	1954.32	2057.40	2184.44	2353.30	2596.52	
2965.92	3317.66	3578.78	3693.30	3680.62	3702.78	3693.90	3702.20	3709.44	3710.72	3710.64	3711.96	3718.16	3717.12	3718.20	3714.78	
3706.78	3708.08	3714.80	3726.90	3718.10	3719.80	3718.54	3719.16	3725.22	3729.92	3732.98	3732.92	3730.44	3730.04	3726.42	3722.06	
3725.66	3727.48	3724.68	3718.08	3716.12	3713.30	3716.78	3722.98	3721.58	3724.46	3726.38	3721.44	3725.70	3725.18	3739.20	3728.60	
3736.62	3740.80	3735.68	3731.90	3733.60	3733.00	3731.18	3724.08	3729.62	3731.10	3716.92	3728.48	3730.52	3730.36	3728.06	3729.70	
3719.72	3704.60	3704.04	3702.78	3700.02	3700.12	3717.10	3735.24	3726.02	3722.46	3716.00	3693.88	3715.34	3731.06	3719.76	3721.06	
3723.56	3716.14	3712.22	3718.50	3709.92	3708.18	3707.10	3701.76	3698.18	3702.54	3710.94	3715.24	3712.34	3714.96	3737.68	3693.44	

