*******************************************2025/09/04;04:00:03
Probe number 0
Concentration entered by User -1.00% (Compensated: -1.00% at temperature 27.8)
3383.88	3506.58	3625.62	3612.78	3592.46	3615.08	3627.70	3613.18	3613.30	3626.06	3626.34	3639.94	3639.00	3641.36	3654.32	3656.48	
3650.34	3656.76	3654.06	3651.46	3652.30	3652.38	3643.58	3639.08	3647.36	3654.08	3653.74	3656.96	3654.02	3654.16	3668.56	3668.02	
3683.32	3692.84	3688.72	3702.00	3705.66	3714.36	3722.76	3725.20	3725.92	3730.94	3720.38	3715.44	3729.96	3740.42	3749.38	3739.38	
3724.00	3724.42	3741.08	3748.02	3739.02	3739.08	3742.56	3743.56	3747.14	3746.68	3744.38	3746.82	3746.34	3744.16	3747.28	3751.54	
3751.70	3750.40	3743.68	3741.50	3741.06	3733.92	3739.24	3744.38	3736.98	3746.44	3745.90	3747.10	3749.32	3737.24	3733.08	3741.48	
3730.18	3726.40	3712.80	3673.44	3640.64	3625.66	3675.76	3687.56	3695.12	3694.04	3690.42	3706.58	3694.18	3729.90	3741.00	3738.84	
3717.94	3698.84	3697.18	3688.68	3680.58	3678.32	3706.36	3726.08	3715.18	3716.22	3700.30	3690.04	3709.98	3727.10	3715.28	3720.64	
3729.66	3729.42	3725.66	3735.58	3735.84	3729.98	3729.54	3713.74	3704.04	3720.24	3734.56	3736.46	3734.46	3732.80	3752.80	3710.18	

*******************************************2025/09/04;07:00:03
Probe number 1
Concentration entered by User -1.00% (Compensated: -1.00% at temperature 27.9)
3384.68	3507.38	3626.18	3612.88	3592.42	3615.98	3627.52	3613.72	3613.78	3626.24	3626.62	3640.62	3639.54	3641.88	3654.54	3656.88	
3651.34	3657.30	3654.50	3651.76	3652.58	3653.10	3643.62	3639.38	3647.56	3654.74	3653.70	3657.38	3654.68	3653.80	3668.18	3668.28	
3683.64	3693.22	3689.02	3702.34	3705.68	3714.74	3723.20	3725.58	3726.58	3731.18	3720.50	3715.54	3730.24	3740.68	3749.88	3739.34	
3724.50	3724.64	3741.18	3748.40	3739.32	3738.86	3742.76	3743.72	3747.46	3746.72	3744.48	3747.16	3746.52	3744.38	3747.56	3751.70	
3752.20	3750.88	3743.98	3741.98	3741.36	3733.86	3739.22	3744.54	3736.96	3746.46	3746.04	3747.52	3749.18	3737.44	3733.54	3741.76	
3730.78	3726.78	3713.18	3673.92	3641.08	3625.64	3676.02	3687.60	3695.40	3694.40	3690.42	3706.74	3694.30	3729.66	3741.10	3738.96	
3718.18	3699.18	3696.92	3689.02	3681.06	3679.10	3706.38	3726.20	3715.54	3716.20	3700.78	3690.38	3710.56	3727.58	3715.64	3721.34	
3730.08	3729.84	3726.32	3735.66	3736.18	3730.36	3729.80	3714.10	3704.84	3720.64	3734.70	3736.82	3734.90	3733.08	3753.04	3710.22	

