*******************************************2025/04/11;17:14:32
Probe number 0
Concentration entered by User 3.44% (Compensated: 3.63% at temperature 22.8)
1292.92	1291.34	1320.86	1335.24	1348.96	1370.08	1392.92	1410.30	1429.76	1451.36	1474.24	1503.64	1527.86	1557.98	1592.16	1628.18	
1661.10	1697.94	1736.58	1775.88	1816.78	1864.84	1908.62	1950.66	2001.16	2050.30	2118.88	2190.64	2270.58	2385.28	2519.56	2691.50	
2898.50	3122.74	3290.46	3386.48	3403.50	3419.36	3410.32	3428.08	3445.04	3438.62	3443.54	3432.14	3440.24	3434.46	3427.62	3428.02	
3426.28	3442.22	3451.14	3458.42	3419.70	3413.36	3420.08	3464.26	3516.84	3556.84	3565.80	3594.70	3623.76	3643.14	3662.50	3678.82	
3703.50	3719.96	3727.76	3727.72	3730.66	3726.48	3732.08	3740.98	3741.92	3745.42	3744.70	3743.18	3748.80	3744.06	3746.06	3745.60	
3737.32	3738.66	3737.34	3735.68	3731.74	3716.36	3711.86	3704.44	3710.62	3716.42	3697.66	3705.68	3709.66	3705.32	3703.22	3711.36	
3706.74	3690.62	3692.78	3695.98	3690.72	3687.46	3713.48	3736.86	3727.62	3716.72	3713.72	3690.58	3712.92	3731.06	3716.34	3713.96	
3721.00	3717.10	3708.58	3713.94	3713.04	3715.76	3716.30	3707.36	3702.16	3706.90	3714.94	3724.42	3724.56	3722.52	3737.50	3692.66	

*******************************************2025/04/11;17:15:10
Probe number 1
Concentration entered by User -1.00% (Compensated: -1.00% at temperature 22.8)
3416.92	3538.00	3627.32	3617.30	3617.42	3641.46	3661.30	3660.38	3673.64	3697.18	3714.70	3735.02	3738.18	3741.52	3744.32	3750.32	
3749.06	3754.36	3753.42	3758.82	3766.66	3774.62	3767.66	3760.18	3754.22	3736.10	3721.50	3697.60	3661.18	3635.86	3614.94	3587.76	
3554.10	3513.64	3465.62	3415.64	3381.42	3372.34	3333.94	3349.70	3386.06	3401.40	3414.96	3413.66	3443.96	3467.40	3480.74	3487.86	
3480.62	3501.30	3546.08	3590.00	3591.82	3571.28	3553.94	3605.74	3605.74	3578.36	3548.32	3560.76	3652.86	3676.00	3661.10	3675.30	
3700.56	3709.46	3730.24	3745.44	3768.66	3769.48	3760.94	3787.26	3797.74	3802.50	3803.66	3801.58	3801.44	3791.14	3785.14	3791.76	
3791.62	3792.74	3782.64	3780.46	3777.82	3771.84	3772.58	3762.36	3770.06	3769.10	3753.78	3769.24	3777.20	3776.12	3760.14	3752.22	
3729.62	3721.24	3727.74	3711.26	3673.78	3657.46	3676.98	3712.98	3693.54	3678.18	3688.02	3677.06	3710.78	3730.40	3711.78	3706.78	
3719.48	3718.34	3690.00	3714.12	3716.16	3730.92	3718.36	3706.60	3675.02	3692.72	3708.16	3736.40	3731.04	3737.04	3737.08	3692.38	

*******************************************2025/04/11;17:15:57
Probe number 2
Concentration entered by User -1.00% (Compensated: -1.00% at temperature 23.5)
1307.52	1307.04	1339.96	1358.34	1374.74	1397.64	1421.52	1441.72	1464.86	1490.98	1518.74	1551.90	1578.30	1609.12	1643.16	1679.60	
1713.68	1754.38	1792.92	1836.42	1883.36	1940.94	1986.12	2028.38	2082.58	2136.76	2191.26	2256.26	2335.96	2438.86	2559.50	2695.60	
2886.60	3094.86	3230.98	3306.30	3301.50	3303.56	3276.30	3286.06	3304.02	3318.20	3325.44	3325.12	3361.66	3370.02	3377.38	3386.02	
3400.46	3434.40	3483.36	3522.90	3512.02	3509.78	3527.24	3578.98	3620.58	3644.02	3647.44	3672.28	3698.66	3710.44	3718.20	3732.82	
3753.02	3757.42	3760.04	3757.54	3758.88	3755.38	3757.66	3764.38	3764.06	3762.98	3756.92	3753.00	3754.20	3748.20	3746.30	3748.82	
3740.52	3738.90	3733.40	3734.08	3733.96	3717.16	3707.16	3695.98	3703.80	3711.34	3697.82	3710.08	3711.78	3700.90	3699.74	3710.50	
3709.20	3700.74	3696.56	3695.34	3684.78	3677.82	3704.80	3728.88	3723.12	3712.84	3708.94	3687.94	3712.48	3736.96	3725.08	3722.52	
3723.12	3714.26	3703.04	3725.70	3720.64	3715.86	3705.68	3703.30	3690.52	3700.46	3708.58	3724.12	3718.44	3725.32	3729.48	3678.80	

*******************************************2025/04/11;17:16:10
Probe number 3
Concentration entered by User -1.00% (Compensated: -1.00% at temperature 23.7)
1308.56	1307.24	1339.80	1358.70	1375.90	1399.42	1423.64	1444.38	1468.08	1493.70	1521.00	1553.78	1581.94	1614.20	1648.50	1684.46	
1718.72	1757.76	1798.44	1844.04	1890.76	1940.36	1984.66	2032.54	2084.38	2135.72	2184.28	2245.94	2328.98	2431.84	2553.64	2714.98	
2901.70	3102.62	3221.30	3285.58	3278.94	3277.92	3252.32	3266.04	3287.00	3304.34	3311.98	3308.26	3347.82	3362.02	3369.44	3382.64	
3398.18	3426.12	3468.56	3501.88	3490.92	3489.16	3506.04	3557.16	3602.70	3629.68	3636.58	3662.28	3687.90	3701.66	3711.32	3726.62	
3747.82	3753.72	3757.24	3755.30	3757.10	3753.90	3755.88	3763.10	3762.48	3761.54	3755.60	3750.96	3752.12	3745.36	3743.52	3745.72	
3735.82	3732.04	3725.40	3722.38	3720.74	3702.98	3691.00	3679.30	3687.20	3693.50	3680.86	3693.74	3695.72	3686.12	3685.02	3696.86	
3693.94	3684.42	3681.40	3683.64	3676.58	3672.58	3700.36	3725.10	3720.90	3713.18	3711.84	3691.86	3717.14	3741.18	3729.88	3728.38	
3729.82	3721.00	3710.16	3731.06	3725.74	3720.76	3711.78	3708.84	3695.74	3704.48	3711.88	3727.60	3722.12	3728.88	3733.64	3684.56	

*******************************************2025/04/11;17:16:42
Probe number 4
Concentration entered by User -1.00% (Compensated: -1.00% at temperature 24.1)
3276.40	3415.14	3587.48	3626.36	3653.44	3695.02	3720.78	3743.74	3761.30	3773.46	3772.86	3779.48	3776.54	3777.06	3774.18	3761.88	
3739.44	3714.40	3664.88	3639.62	3620.22	3582.44	3523.36	3475.90	3442.50	3423.16	3467.98	3456.34	3462.72	3493.96	3478.30	3415.20	
3314.36	3371.64	3514.82	3514.16	3461.12	3338.38	3221.24	3193.48	3191.54	3227.04	3312.48	3400.64	3474.34	3462.32	3438.30	3432.48	
3438.62	3473.86	3541.18	3585.22	3578.68	3573.44	3576.16	3617.38	3651.04	3675.90	3680.70	3697.44	3713.76	3724.84	3732.24	3744.46	
3761.78	3767.82	3770.88	3767.12	3765.00	3759.94	3757.96	3760.80	3759.32	3761.64	3756.10	3750.74	3751.28	3743.26	3739.38	3743.04	
3736.80	3733.12	3726.72	3723.44	3721.60	3701.48	3688.62	3675.18	3690.18	3682.90	3630.90	3557.98	3417.38	3267.12	3178.52	3179.12	
3177.36	3189.86	3250.78	3326.50	3365.44	3418.86	3552.52	3639.16	3692.30	3746.54	3753.78	3730.10	3735.50	3729.30	3699.36	3675.82	
3683.68	3675.92	3688.24	3724.24	3713.44	3586.88	3452.32	3379.44	3299.90	3334.90	3380.80	3408.26	3444.38	3486.16	3559.20	3545.80	

*******************************************2025/04/11;17:18:53
Probe number 5
Concentration entered by User 16.17% (Compensated: 16.49% at temperature 24.3)
1325.90	1326.84	1363.74	1383.98	1405.14	1432.20	1461.10	1488.14	1514.98	1538.88	1561.06	1592.92	1623.90	1659.26	1697.76	1741.90	
1781.80	1825.78	1866.14	1908.10	1954.00	2007.52	2053.36	2100.40	2145.74	2197.56	2249.72	2307.90	2361.24	2427.50	2489.54	2569.78	
2693.06	2794.26	2840.84	2854.52	2793.24	2690.66	2559.10	2470.26	2465.42	2560.48	2722.12	2856.56	2968.88	3024.30	3026.58	3029.22	
3084.38	3198.00	3301.78	3421.22	3458.44	3454.68	3426.76	3421.66	3428.46	3416.44	3430.76	3455.28	3465.48	3504.02	3549.66	3585.06	
3594.64	3595.10	3644.42	3659.38	3679.22	3694.60	3713.56	3709.88	3691.28	3723.16	3730.22	3735.86	3742.96	3748.56	3753.92	3757.90	
3770.60	3779.18	3781.64	3784.90	3787.00	3764.74	3745.50	3702.54	3638.30	3496.48	3294.10	3117.70	2939.92	2834.40	2691.14	2576.98	
2500.04	2505.10	2614.84	2837.30	3033.10	3171.16	3333.90	3487.54	3576.90	3726.64	3795.12	3755.16	3682.04	3551.58	3375.42	3268.68	
3339.20	3373.98	3425.00	3543.12	3487.56	3289.18	3198.74	3145.08	3184.34	3271.78	3224.16	3281.10	3367.78	3553.18	3587.42	3567.62	

*******************************************2025/04/11;17:20:17
Probe number 6
Concentration entered by User 14.22% (Compensated: 14.52% at temperature 24.1)
1314.72	1311.02	1340.50	1357.36	1376.90	1407.00	1430.68	1451.56	1473.26	1487.16	1500.44	1524.90	1554.50	1590.92	1640.26	1705.16	
1765.50	1819.50	1868.04	1921.88	1977.20	2036.78	2088.00	2144.74	2220.08	2290.18	2354.48	2425.30	2484.40	2547.04	2568.58	2592.88	
2688.34	2750.48	2748.84	2679.74	2591.48	2518.54	2430.82	2393.40	2439.86	2541.76	2707.66	2862.52	3011.46	3129.24	3186.88	3228.20	
3325.72	3463.68	3579.26	3706.82	3738.50	3735.28	3722.52	3726.34	3710.66	3638.62	3604.30	3595.36	3571.96	3565.96	3580.86	3607.82	
3578.50	3469.62	3451.14	3461.64	3491.50	3530.88	3580.24	3603.60	3587.12	3631.16	3646.56	3673.44	3705.24	3720.06	3740.70	3746.50	
3760.16	3770.14	3780.00	3790.52	3798.70	3781.02	3758.02	3717.38	3656.12	3523.16	3291.84	3114.24	2920.52	2795.48	2651.26	2491.94	
2390.76	2379.08	2458.16	2631.60	2870.96	3089.36	3300.60	3487.14	3629.90	3744.84	3812.74	3804.96	3745.18	3625.42	3474.60	3376.22	
3472.40	3529.62	3578.24	3592.22	3488.32	3375.60	3293.14	3246.78	3223.82	3215.18	3290.06	3398.80	3552.44	3724.50	3777.00	3759.70	

*******************************************2025/04/11;17:22:49
Probe number 7
Concentration entered by User 4.12% (Compensated: 4.46% at temperature 24.7)
1285.10	1287.02	1322.80	1341.94	1354.18	1374.30	1396.66	1419.26	1450.06	1480.02	1510.58	1544.42	1568.64	1607.28	1637.60	1676.00	
1723.68	1761.98	1790.06	1828.78	1860.40	1900.84	1938.48	2000.98	2063.68	2123.58	2190.02	2263.72	2322.94	2405.88	2498.08	2605.60	
2782.56	2999.52	3186.10	3306.26	3357.06	3446.08	3498.02	3530.38	3557.04	3588.14	3625.40	3672.56	3694.90	3698.88	3705.48	3726.12	
3740.92	3718.54	3710.66	3724.06	3716.22	3731.12	3732.64	3723.50	3733.38	3706.22	3669.72	3648.96	3629.08	3679.66	3700.38	3727.66	
3728.76	3725.82	3737.80	3751.48	3774.10	3753.30	3748.06	3743.52	3712.72	3705.94	3720.28	3720.42	3706.92	3734.84	3716.02	3703.56	
3709.08	3726.60	3703.52	3688.78	3698.44	3635.28	3560.34	3519.14	3462.60	3369.96	3316.66	3355.22	3437.88	3541.58	3577.42	3646.02	
3630.28	3637.04	3703.84	3769.38	3793.46	3792.16	3818.50	3828.10	3827.82	3822.76	3801.62	3774.60	3792.68	3819.50	3815.98	3762.02	
3700.72	3753.42	3795.78	3813.94	3795.96	3727.32	3738.74	3770.22	3766.74	3740.58	3715.88	3719.14	3710.72	3724.32	3755.52	3698.48	

*******************************************2025/04/11;17:23:21
Probe number 8
Concentration entered by User 4.19% (Compensated: 4.53% at temperature 24.8)
1298.90	1300.96	1336.28	1355.70	1367.40	1383.90	1400.62	1416.00	1439.86	1462.20	1484.66	1512.24	1532.70	1574.40	1607.96	1638.66	
1685.74	1723.32	1744.86	1776.50	1807.04	1849.80	1897.22	1969.98	2048.70	2121.30	2205.40	2290.26	2347.18	2426.56	2518.54	2618.70	
2793.14	3006.76	3187.86	3291.74	3351.00	3441.56	3486.94	3502.16	3515.36	3540.84	3573.82	3619.60	3643.06	3649.48	3660.70	3673.86	
3683.88	3654.26	3644.36	3662.52	3656.44	3677.44	3690.68	3704.90	3727.26	3717.64	3688.04	3653.70	3634.78	3660.36	3678.56	3726.48	
3735.90	3723.44	3730.56	3726.24	3739.96	3723.96	3725.44	3738.72	3718.10	3708.14	3703.38	3711.66	3714.60	3743.54	3728.22	3720.12	
3728.26	3748.22	3740.70	3728.88	3694.06	3577.36	3472.80	3407.78	3362.02	3295.44	3265.12	3273.32	3341.80	3467.10	3530.74	3626.34	
3635.24	3652.64	3710.76	3769.36	3787.10	3785.92	3803.60	3811.48	3792.24	3761.10	3716.62	3663.90	3686.24	3727.84	3723.66	3631.08	
3564.16	3656.56	3712.38	3731.12	3698.54	3607.82	3638.32	3701.54	3694.34	3670.14	3655.44	3661.34	3639.72	3670.58	3715.86	3657.92	

*******************************************2025/04/11;17:24:57
Probe number 9
Concentration entered by User 3.53% (Compensated: 3.87% at temperature 24.9)
1272.42	1275.92	1309.66	1327.48	1338.80	1356.42	1376.06	1391.34	1415.50	1440.36	1465.70	1495.54	1520.62	1562.50	1598.96	1629.44	
1670.22	1710.02	1736.22	1766.08	1802.38	1848.50	1895.06	1961.78	2026.46	2091.12	2176.70	2256.26	2312.68	2390.74	2502.66	2612.46	
2786.54	3023.28	3253.22	3385.06	3432.94	3503.74	3542.24	3566.70	3589.14	3611.12	3639.58	3691.24	3710.36	3710.98	3716.80	3714.02	
3712.86	3697.44	3675.20	3716.32	3717.42	3718.92	3713.32	3712.40	3723.46	3683.80	3662.74	3663.28	3650.76	3697.22	3711.44	3749.32	
3769.14	3771.88	3791.16	3794.34	3805.54	3801.10	3791.00	3777.36	3752.40	3720.60	3700.16	3709.20	3722.36	3730.48	3695.04	3702.58	
3730.90	3733.56	3716.02	3683.84	3721.20	3674.50	3658.56	3601.18	3545.72	3493.38	3472.04	3506.40	3525.70	3602.42	3646.30	3691.34	
3687.60	3707.40	3773.00	3792.62	3810.98	3799.80	3805.56	3808.42	3791.78	3803.56	3768.90	3734.66	3751.62	3775.62	3778.80	3708.46	
3672.54	3743.90	3792.26	3820.20	3820.08	3772.80	3788.08	3778.18	3780.82	3767.00	3735.10	3705.28	3687.10	3706.10	3729.78	3676.96	

