*******************************************2025/03/20;18:14:31
Probe number 0
Concentration entered by User 7.93% (Compensated: 8.37% at temperature 25.9)
1053.10	1054.68	1066.66	1078.54	1088.46	1095.44	1105.56	1113.72	1125.22	1133.24	1146.54	1163.88	1174.96	1190.94	1205.84	1225.66	
1242.18	1263.10	1282.64	1304.66	1327.44	1358.32	1383.26	1409.78	1442.52	1473.56	1510.98	1554.82	1598.52	1649.52	1704.38	1760.02	
1826.44	1907.60	1997.96	2102.26	2241.76	2462.96	2731.84	3085.50	3379.58	3599.76	3687.22	3675.08	3687.14	3687.90	3691.38	3689.26	
3685.14	3689.34	3696.00	3708.48	3697.92	3701.02	3699.74	3700.44	3711.64	3714.16	3717.92	3721.82	3723.60	3725.40	3724.12	3723.44	
3729.20	3730.64	3727.92	3722.44	3724.52	3721.68	3724.00	3728.38	3727.92	3731.88	3733.44	3730.62	3732.68	3732.58	3745.66	3730.58	
3739.78	3742.86	3738.72	3736.60	3739.66	3738.22	3737.18	3729.98	3734.50	3735.84	3721.82	3733.98	3735.32	3734.68	3732.88	3732.70	
3721.28	3706.76	3705.98	3704.42	3705.08	3706.70	3724.36	3739.54	3728.42	3725.94	3720.38	3701.38	3723.90	3740.48	3727.30	3725.56	
3726.82	3720.76	3720.14	3725.76	3716.88	3711.52	3709.92	3708.10	3709.16	3712.18	3721.08	3725.62	3722.32	3725.40	3746.74	3706.30	

*******************************************2025/03/20;18:15:02
Probe number 1
Concentration entered by User 7.95% (Compensated: 8.38% at temperature 25.9)
1052.08	1054.28	1066.50	1076.50	1084.48	1093.72	1104.56	1112.98	1124.46	1132.48	1146.02	1163.40	1174.28	1190.64	1206.24	1226.22	
1242.42	1262.36	1281.96	1305.48	1327.40	1356.86	1383.00	1412.38	1445.58	1475.12	1512.46	1554.84	1597.96	1648.72	1704.46	1758.60	
1824.16	1905.68	1995.42	2098.00	2238.62	2460.16	2727.64	3081.74	3375.22	3596.32	3684.46	3672.72	3684.12	3684.76	3688.06	3686.06	
3682.36	3686.52	3693.68	3705.44	3695.22	3698.82	3697.40	3698.38	3709.48	3712.14	3716.06	3719.76	3721.26	3723.12	3721.70	3721.28	
3727.12	3728.10	3725.88	3720.24	3722.60	3720.00	3722.18	3726.60	3725.84	3729.44	3731.48	3728.44	3730.84	3730.30	3743.94	3728.54	
3737.70	3741.04	3736.78	3734.48	3737.42	3735.82	3735.00	3727.58	3732.48	3733.52	3719.20	3731.96	3733.04	3732.38	3730.58	3730.20	
3718.86	3705.08	3703.76	3702.58	3702.70	3704.46	3722.56	3737.46	3726.82	3723.92	3718.42	3699.20	3721.82	3738.48	3725.14	3723.56	
3724.66	3718.68	3717.88	3724.04	3715.00	3709.68	3708.36	3705.86	3706.66	3709.56	3718.56	3722.78	3719.54	3722.20	3744.38	3703.06	

*******************************************2025/03/20;18:19:04
Probe number 2
Concentration entered by User 8.04% (Compensated: 8.48% at temperature 26.0)
1052.36	1054.42	1067.20	1078.06	1084.76	1093.58	1104.12	1111.90	1123.34	1131.22	1144.12	1161.92	1172.70	1189.02	1204.64	1224.86	
1241.76	1261.92	1281.68	1303.16	1324.80	1354.98	1380.76	1408.46	1442.02	1472.16	1510.16	1550.74	1593.62	1645.58	1701.34	1752.94	
1816.16	1897.04	1986.62	2087.14	2219.54	2431.20	2686.60	3039.34	3348.98	3577.34	3690.18	3681.98	3690.16	3691.26	3694.70	3692.98	
3689.50	3693.66	3700.94	3712.18	3702.18	3705.50	3704.60	3706.12	3716.36	3719.12	3722.50	3726.16	3727.42	3728.98	3727.62	3727.02	
3732.82	3733.94	3731.54	3725.98	3728.50	3726.44	3728.46	3733.22	3732.22	3735.80	3737.46	3734.42	3737.06	3736.30	3749.52	3734.90	
3743.66	3746.96	3743.00	3740.32	3743.22	3741.48	3740.04	3733.28	3737.92	3739.12	3725.52	3737.40	3738.52	3737.98	3736.36	3736.52	
3725.48	3711.90	3711.54	3710.16	3710.12	3711.50	3728.80	3743.64	3733.14	3730.64	3724.92	3706.46	3728.78	3744.14	3730.84	3729.52	
3730.74	3725.48	3725.06	3731.00	3721.44	3717.02	3715.34	3712.64	3712.80	3715.90	3724.26	3728.06	3725.20	3728.16	3749.38	3708.12	

*******************************************2025/03/20;18:19:49
Probe number 3
Concentration entered by User 8.01% (Compensated: 8.45% at temperature 26.0)
1049.80	1050.86	1062.12	1070.78	1077.06	1085.98	1096.46	1104.88	1116.38	1123.90	1137.20	1154.28	1165.60	1181.76	1197.64	1218.30	
1234.64	1254.02	1273.84	1295.62	1318.48	1348.28	1373.62	1401.54	1435.72	1467.78	1506.40	1548.22	1590.54	1644.02	1700.72	1752.88	
1816.48	1897.24	1987.34	2089.30	2223.82	2438.70	2699.72	3055.46	3358.40	3583.34	3684.42	3672.48	3682.64	3683.40	3686.18	3684.68	
3681.34	3685.44	3692.18	3704.34	3694.10	3697.84	3696.88	3697.46	3709.00	3711.78	3715.38	3719.52	3720.68	3722.76	3721.82	3720.56	
3726.82	3728.32	3725.70	3720.74	3723.04	3720.56	3722.90	3727.48	3726.00	3729.42	3731.12	3727.70	3729.84	3729.46	3743.64	3728.10	
3737.02	3740.40	3735.90	3733.22	3736.12	3734.62	3733.18	3725.82	3730.78	3732.12	3717.78	3730.40	3732.18	3731.84	3729.88	3730.30	
3719.50	3705.76	3704.92	3703.28	3703.08	3704.86	3722.46	3737.64	3727.12	3724.00	3718.90	3699.52	3722.76	3738.78	3725.50	3724.84	
3726.46	3721.74	3722.04	3727.54	3716.82	3711.48	3709.30	3707.14	3707.92	3711.74	3719.26	3722.24	3718.06	3721.22	3744.02	3702.48	

*******************************************2025/03/20;18:20:23
Probe number 4
Concentration entered by User 8.01% (Compensated: 8.44% at temperature 26.0)
1050.18	1051.14	1062.06	1070.68	1077.40	1086.34	1096.74	1104.88	1116.58	1124.22	1137.40	1154.68	1165.46	1181.88	1197.62	1218.00	
1234.90	1254.72	1274.20	1295.88	1318.90	1348.86	1373.58	1401.72	1435.90	1468.32	1506.80	1548.52	1591.34	1644.50	1701.48	1753.78	
1817.08	1898.50	1989.30	2090.62	2225.36	2440.08	2702.18	3057.50	3359.04	3583.86	3685.72	3675.10	3684.60	3685.62	3688.84	3687.44	
3683.84	3687.68	3694.78	3706.42	3695.92	3699.72	3698.60	3700.40	3711.02	3713.90	3717.56	3721.60	3722.98	3724.82	3723.60	3722.86	
3728.86	3730.24	3727.90	3723.06	3725.00	3722.60	3725.24	3729.64	3728.26	3731.26	3733.40	3729.90	3732.42	3731.58	3745.56	3730.44	
3738.66	3742.30	3738.10	3735.22	3737.92	3736.68	3735.38	3727.84	3732.84	3734.24	3719.80	3732.82	3733.96	3733.84	3732.20	3732.14	
3721.48	3707.86	3707.02	3705.76	3705.66	3707.00	3724.44	3739.60	3729.54	3726.60	3720.80	3702.10	3725.04	3740.56	3727.42	3726.66	
3728.54	3723.62	3723.80	3729.54	3719.08	3713.82	3711.54	3709.24	3709.90	3714.48	3721.16	3724.20	3719.70	3723.62	3746.28	3704.58	

*******************************************2025/03/20;18:23:16
Probe number 5
Concentration entered by User 19.02% (Compensated: 19.48% at temperature 26.0)
977.24	979.14	984.20	989.00	991.72	996.32	1001.96	1005.88	1011.52	1014.64	1021.78	1030.64	1035.92	1043.38	1050.16	1059.56	
1066.54	1075.88	1083.84	1093.38	1102.22	1115.80	1126.12	1136.70	1150.84	1162.68	1176.12	1191.50	1204.82	1223.40	1242.18	1257.94	
1274.94	1296.84	1318.84	1341.66	1368.22	1406.48	1434.02	1468.84	1507.14	1546.10	1587.12	1632.90	1687.40	1744.74	1810.90	1884.46	
1970.80	2079.90	2215.82	2401.92	2644.92	3007.42	3341.72	3580.66	3714.70	3708.76	3702.84	3706.12	3705.68	3706.30	3704.84	3703.24	
3711.52	3714.64	3713.58	3710.28	3713.50	3712.38	3717.50	3724.84	3725.38	3730.38	3734.18	3732.34	3737.12	3737.90	3752.70	3739.18	
3747.92	3751.62	3746.92	3744.16	3746.54	3745.44	3743.28	3736.98	3741.72	3743.30	3729.98	3741.54	3743.22	3742.96	3741.22	3741.72	
3731.98	3719.00	3718.84	3717.06	3716.62	3717.24	3733.28	3747.98	3738.84	3735.84	3730.26	3711.56	3732.64	3746.94	3734.62	3734.28	
3734.92	3729.18	3729.08	3734.68	3725.52	3720.86	3719.02	3716.36	3715.94	3719.34	3726.46	3730.42	3727.02	3729.70	3751.42	3710.70	

*******************************************2025/03/20;18:23:40
Probe number 6
Concentration entered by User 19.05% (Compensated: 19.51% at temperature 26.0)
976.06	977.58	982.62	987.84	990.22	994.60	1000.38	1004.26	1009.94	1013.00	1020.20	1028.92	1034.22	1041.88	1048.72	1058.16	
1064.84	1073.92	1081.76	1091.72	1100.64	1113.78	1124.00	1134.92	1148.72	1160.38	1173.54	1188.82	1202.64	1220.94	1239.68	1255.60	
1272.58	1294.40	1316.04	1338.52	1365.12	1403.76	1430.80	1465.54	1503.80	1542.88	1583.28	1628.64	1683.26	1740.10	1806.56	1879.38	
1965.50	2074.00	2208.90	2392.86	2634.60	2993.94	3330.16	3571.60	3710.14	3705.12	3698.08	3701.66	3700.68	3701.82	3700.06	3698.92	
3707.28	3709.94	3708.90	3706.06	3709.56	3708.74	3713.02	3720.24	3721.30	3726.42	3729.82	3728.60	3733.06	3733.52	3749.04	3735.14	
3744.48	3748.16	3743.24	3740.72	3742.84	3741.90	3739.72	3732.76	3738.50	3739.52	3725.94	3737.46	3739.08	3739.22	3736.96	3737.58	
3728.02	3714.46	3714.48	3712.48	3711.72	3712.60	3729.72	3744.98	3735.34	3732.42	3726.42	3706.74	3728.46	3743.14	3730.48	3730.12	
3730.94	3725.00	3724.78	3730.88	3721.72	3716.84	3714.44	3711.92	3711.62	3714.96	3722.52	3726.50	3722.34	3725.80	3747.34	3706.08	

*******************************************2025/03/20;18:23:58
Probe number 7
Concentration entered by User 19.04% (Compensated: 19.50% at temperature 26.0)
976.06	977.64	982.52	987.52	990.28	994.70	999.84	1004.44	1009.44	1013.06	1020.38	1029.10	1034.32	1042.30	1048.62	1058.12	
1064.98	1073.92	1082.42	1091.42	1100.92	1113.94	1124.52	1135.10	1149.26	1160.86	1174.14	1189.48	1202.98	1221.50	1240.22	1256.18	
1273.16	1295.60	1316.92	1339.62	1366.44	1404.48	1432.22	1466.98	1504.82	1543.56	1584.76	1630.28	1685.12	1741.90	1808.12	1881.42	
1967.76	2075.50	2211.44	2395.52	2636.58	2996.44	3334.50	3575.90	3713.74	3710.84	3703.26	3706.98	3706.26	3707.16	3705.70	3704.38	
3712.64	3714.98	3713.90	3711.08	3714.64	3713.60	3718.24	3725.24	3726.18	3730.66	3734.74	3733.00	3737.32	3737.94	3752.80	3739.50	
3748.40	3752.22	3747.66	3744.84	3747.16	3746.12	3744.20	3737.30	3742.52	3744.00	3730.88	3741.82	3743.34	3743.74	3741.84	3742.20	
3732.72	3719.44	3719.42	3717.40	3716.56	3717.32	3733.94	3749.20	3740.18	3736.98	3730.94	3711.84	3732.82	3747.22	3735.28	3734.90	
3735.40	3729.20	3729.02	3735.50	3726.32	3721.78	3719.48	3716.94	3716.72	3719.74	3726.96	3730.72	3727.08	3730.40	3751.58	3711.08	

*******************************************2025/03/20;18:24:05
Probe number 8
Concentration entered by User 19.07% (Compensated: 19.53% at temperature 26.0)
976.18	977.60	982.64	987.68	990.22	994.96	1000.14	1004.52	1009.68	1012.86	1020.12	1028.58	1033.98	1041.64	1048.30	1057.80	
1064.92	1073.88	1081.86	1091.50	1100.36	1113.82	1124.12	1134.66	1148.94	1160.12	1173.64	1188.74	1202.62	1220.86	1239.48	1255.44	
1272.04	1294.36	1316.00	1338.48	1365.34	1403.40	1430.50	1465.56	1503.06	1542.18	1582.68	1628.38	1682.74	1739.54	1805.24	1878.02	
1964.04	2070.84	2204.82	2387.72	2626.74	2983.52	3322.42	3565.50	3709.26	3708.26	3700.04	3703.36	3702.70	3703.60	3701.92	3700.58	
3708.76	3711.86	3710.38	3707.54	3711.20	3710.06	3715.24	3722.38	3723.00	3727.66	3731.54	3729.88	3734.40	3734.80	3750.28	3736.38	
3745.96	3749.70	3745.14	3742.22	3744.76	3743.56	3741.62	3734.70	3739.94	3741.34	3728.06	3739.36	3741.06	3740.82	3739.16	3739.40	
3729.60	3716.24	3716.04	3714.22	3713.76	3713.80	3731.42	3746.60	3737.46	3734.12	3728.24	3708.10	3729.94	3744.60	3732.24	3732.16	
3732.60	3726.32	3726.26	3732.24	3723.30	3718.28	3716.24	3713.64	3713.36	3716.78	3724.22	3728.20	3724.54	3727.08	3749.10	3707.74	

*******************************************2025/03/20;18:31:32
Probe number 9
Concentration entered by User 2.72% (Compensated: 3.14% at temperature 26.0)
1130.82	1132.54	1150.30	1162.26	1172.92	1185.92	1201.42	1214.58	1231.78	1244.54	1263.82	1289.60	1307.00	1331.62	1355.70	1387.10	
1413.90	1446.16	1477.76	1513.72	1553.02	1600.38	1642.50	1689.12	1743.64	1799.14	1868.08	1949.30	2033.70	2146.78	2296.34	2453.64	
2703.86	3077.44	3402.88	3598.88	3713.70	3735.08	3721.38	3727.84	3730.96	3732.52	3732.08	3733.92	3739.52	3738.56	3739.68	3738.34	
3735.82	3738.10	3741.46	3748.98	3739.06	3741.32	3739.38	3738.72	3746.00	3747.54	3748.92	3750.04	3748.14	3747.32	3743.06	3739.06	
3742.92	3741.94	3737.84	3731.38	3732.56	3729.08	3730.00	3733.22	3730.88	3732.42	3733.72	3730.32	3733.04	3732.96	3746.60	3731.00	
3740.26	3743.78	3739.46	3736.28	3739.26	3737.58	3735.28	3728.04	3733.10	3734.38	3720.24	3732.82	3734.70	3734.14	3731.94	3732.10	
3723.30	3709.10	3709.10	3706.52	3705.70	3706.78	3723.96	3739.34	3729.42	3725.98	3719.90	3700.60	3723.24	3738.00	3723.92	3723.56	
3725.12	3720.16	3719.88	3725.16	3714.90	3710.24	3708.48	3705.52	3705.08	3708.54	3715.94	3720.68	3716.42	3719.32	3741.70	3699.34	

*******************************************2025/03/20;18:31:49
Probe number 10
Concentration entered by User 2.79% (Compensated: 3.21% at temperature 26.0)
1129.90	1131.32	1148.60	1160.86	1171.56	1184.14	1199.18	1212.56	1230.14	1242.40	1261.10	1286.62	1304.00	1328.26	1352.48	1383.10	
1409.66	1441.92	1473.30	1509.12	1548.12	1594.62	1636.58	1682.66	1737.76	1791.22	1861.54	1937.82	2027.78	2137.50	2280.28	2440.34	
2697.42	3054.34	3382.66	3577.68	3697.48	3721.26	3706.58	3712.86	3716.56	3718.72	3717.80	3719.50	3725.80	3724.92	3725.52	3724.26	
3721.66	3724.08	3727.46	3735.52	3724.62	3726.82	3725.30	3724.26	3731.90	3733.70	3735.24	3736.14	3734.66	3733.58	3729.08	3724.92	
3728.54	3727.80	3723.12	3716.18	3717.36	3713.74	3714.94	3718.48	3715.52	3717.50	3718.54	3714.50	3717.88	3717.56	3732.84	3715.94	
3725.60	3729.58	3725.28	3721.40	3724.52	3722.86	3720.24	3712.30	3718.22	3719.94	3704.28	3717.66	3719.28	3719.04	3716.54	3716.74	
3707.14	3692.22	3692.54	3689.62	3688.32	3690.06	3708.02	3725.46	3714.14	3710.66	3704.26	3683.64	3707.90	3723.50	3708.08	3707.74	
3709.26	3704.08	3703.82	3709.76	3698.80	3692.90	3691.34	3688.34	3688.00	3691.30	3699.70	3704.30	3699.98	3703.18	3727.80	3681.92	

*******************************************2025/03/20;18:32:38
Probe number 11
Concentration entered by User 2.80% (Compensated: 3.22% at temperature 26.0)
1129.86	1131.62	1149.20	1160.94	1171.80	1184.44	1199.68	1213.18	1230.24	1242.18	1261.34	1287.32	1304.34	1329.06	1352.44	1383.58	
1410.30	1442.84	1474.08	1510.36	1548.24	1595.94	1637.06	1684.28	1739.34	1792.98	1862.58	1941.48	2025.00	2142.34	2277.72	2438.72	
2693.34	3048.32	3378.58	3578.10	3700.74	3727.46	3711.96	3718.46	3721.64	3723.92	3722.72	3724.08	3730.12	3729.08	3729.68	3728.36	
3725.76	3728.48	3731.50	3739.50	3728.30	3730.80	3729.22	3728.36	3736.12	3737.28	3738.84	3740.56	3738.64	3737.54	3733.02	3728.64	
3732.48	3731.52	3727.38	3720.58	3721.62	3718.00	3718.96	3722.82	3719.68	3721.42	3722.66	3718.90	3721.66	3721.94	3736.52	3720.78	
3729.80	3733.92	3729.02	3725.64	3728.40	3727.10	3724.62	3717.00	3722.32	3723.68	3708.86	3722.10	3723.42	3723.52	3721.06	3721.20	
3711.38	3696.94	3697.26	3694.64	3693.24	3694.38	3712.56	3728.94	3718.22	3715.02	3708.54	3688.50	3712.12	3727.16	3712.66	3712.06	
3713.44	3708.30	3708.84	3714.44	3703.42	3697.86	3695.98	3693.22	3692.94	3696.72	3704.30	3708.54	3705.06	3707.62	3731.64	3686.74	

*******************************************2025/03/20;18:34:45
Probe number 12
Concentration entered by User 2.88% (Compensated: 3.31% at temperature 26.0)
1130.24	1131.32	1149.12	1160.96	1171.92	1184.52	1199.30	1212.92	1230.28	1242.12	1261.66	1287.36	1303.94	1328.26	1352.36	1383.80	
1409.26	1442.34	1473.04	1509.26	1547.60	1593.98	1635.76	1682.74	1736.40	1791.56	1859.06	1938.06	2022.88	2130.26	2265.18	2423.14	
2668.50	3001.22	3360.26	3563.54	3701.76	3739.06	3719.84	3726.80	3730.02	3731.68	3730.98	3732.48	3738.08	3736.90	3737.30	3736.28	
3733.60	3735.98	3739.48	3746.74	3736.44	3738.52	3736.78	3736.52	3743.10	3745.12	3746.58	3747.68	3745.86	3745.22	3741.08	3736.82	
3740.14	3739.32	3735.36	3728.92	3729.92	3726.46	3727.62	3731.50	3728.14	3729.92	3731.08	3727.00	3730.58	3729.92	3744.32	3729.10	
3737.86	3741.64	3737.16	3734.08	3736.68	3735.24	3732.66	3725.60	3730.84	3732.18	3717.82	3730.04	3732.14	3731.84	3729.52	3729.76	
3720.28	3706.10	3706.28	3703.92	3703.06	3703.72	3721.16	3737.08	3726.42	3723.58	3717.56	3698.22	3721.16	3735.54	3721.22	3721.22	
3722.26	3717.62	3717.34	3723.20	3712.42	3706.78	3705.36	3702.70	3702.02	3705.62	3712.94	3717.16	3713.66	3716.74	3739.62	3696.38	

*******************************************2025/03/20;18:35:06
Probe number 13
Concentration entered by User 2.89% (Compensated: 3.31% at temperature 26.0)
1130.22	1131.54	1149.20	1161.22	1171.80	1184.74	1199.92	1212.62	1230.06	1242.06	1261.74	1287.34	1303.94	1328.08	1353.14	1382.90	
1410.08	1441.98	1472.44	1509.14	1548.08	1593.52	1635.20	1682.26	1737.88	1789.54	1859.52	1936.86	2021.66	2128.28	2266.64	2425.14	
2663.82	3001.96	3357.80	3563.30	3699.78	3738.00	3718.44	3725.86	3729.18	3730.66	3730.12	3731.76	3737.20	3736.42	3736.84	3735.56	
3733.14	3735.24	3738.50	3745.98	3735.46	3738.06	3735.86	3735.46	3742.68	3744.22	3745.88	3746.98	3745.24	3744.26	3740.18	3736.02	
3739.14	3738.46	3734.64	3728.38	3728.72	3726.12	3726.54	3730.58	3727.08	3729.20	3730.02	3726.10	3729.36	3728.76	3743.20	3727.92	
3736.68	3740.52	3736.00	3732.84	3735.84	3734.40	3731.96	3724.50	3729.76	3731.26	3716.78	3729.38	3730.68	3730.46	3728.14	3728.72	
3718.90	3704.80	3704.78	3702.56	3701.66	3702.64	3719.90	3736.16	3725.52	3722.36	3716.50	3696.68	3719.84	3734.58	3720.34	3719.96	
3721.14	3716.22	3716.50	3721.92	3711.42	3706.00	3704.02	3701.64	3701.38	3704.54	3711.76	3716.80	3712.64	3715.94	3738.60	3695.28	

*******************************************2025/03/20;18:42:47
Probe number 14
Concentration entered by User 3.70% (Compensated: 4.13% at temperature 26.0)
1082.52	1084.24	1099.32	1109.32	1117.60	1128.26	1142.16	1154.00	1169.46	1179.98	1197.44	1220.72	1236.74	1258.48	1279.30	1306.52	
1329.90	1358.86	1385.94	1417.58	1452.42	1495.56	1532.34	1575.86	1626.56	1674.16	1735.46	1807.56	1883.92	1981.44	2097.08	2230.34	
2431.32	2706.50	3050.74	3337.22	3571.66	3696.18	3667.62	3675.28	3678.20	3679.30	3678.40	3682.20	3690.66	3694.36	3701.10	3700.78	
3698.84	3702.46	3708.04	3717.34	3707.32	3712.24	3710.90	3711.44	3723.10	3726.02	3728.74	3731.04	3731.22	3731.60	3727.86	3724.90	
3727.06	3725.36	3719.48	3708.50	3703.84	3709.90	3717.56	3722.38	3720.26	3727.72	3732.58	3725.92	3730.14	3736.32	3752.94	3740.86	
3746.50	3751.12	3746.40	3743.56	3746.36	3746.04	3744.30	3737.90	3743.02	3744.10	3730.78	3742.40	3743.80	3743.76	3741.84	3742.32	
3732.72	3719.86	3719.56	3717.58	3716.70	3717.58	3734.54	3748.98	3738.56	3735.64	3729.82	3710.14	3731.10	3745.86	3733.30	3733.12	
3733.78	3727.96	3728.12	3733.96	3724.44	3720.88	3719.30	3715.82	3714.80	3717.36	3724.36	3728.28	3725.28	3728.36	3749.70	3708.76	

*******************************************2025/03/20;18:43:10
Probe number 15
Concentration entered by User 3.70% (Compensated: 4.13% at temperature 26.1)
1084.64	1086.30	1100.70	1111.26	1119.44	1130.20	1143.66	1155.46	1170.44	1181.30	1198.74	1221.74	1237.82	1259.80	1280.90	1308.02	
1331.42	1361.04	1387.80	1420.52	1454.60	1497.68	1534.28	1577.32	1628.06	1676.48	1737.00	1808.72	1886.62	1983.32	2099.36	2232.72	
2432.48	2706.32	3049.60	3337.72	3572.30	3698.24	3670.46	3677.70	3681.18	3681.84	3681.22	3684.60	3692.88	3696.76	3703.16	3703.28	
3701.50	3704.82	3710.38	3719.84	3709.46	3714.34	3713.24	3713.66	3725.20	3728.14	3730.96	3733.30	3733.32	3733.72	3730.14	3726.58	
3729.44	3727.78	3721.94	3711.96	3708.52	3713.84	3720.52	3725.48	3723.00	3730.50	3735.16	3728.70	3732.70	3738.22	3754.48	3742.30	
3748.24	3752.80	3748.32	3745.66	3748.24	3747.78	3746.36	3740.02	3744.84	3745.84	3733.30	3744.24	3745.68	3745.74	3743.50	3744.24	
3734.98	3721.84	3721.70	3719.78	3719.16	3719.98	3736.62	3750.60	3740.66	3737.64	3731.62	3712.36	3733.14	3747.36	3735.04	3735.20	
3736.24	3730.40	3730.30	3735.98	3726.40	3722.88	3721.10	3718.20	3717.08	3719.52	3726.12	3730.04	3726.84	3730.66	3751.58	3711.34	

*******************************************2025/03/20;18:43:54
Probe number 16
Concentration entered by User 3.73% (Compensated: 4.16% at temperature 26.1)
1083.96	1085.54	1099.98	1110.72	1118.54	1129.38	1142.28	1154.06	1169.72	1180.14	1197.76	1220.78	1236.22	1258.68	1279.40	1306.46	
1329.86	1359.16	1386.60	1418.58	1452.76	1496.26	1533.06	1575.20	1625.60	1674.28	1734.52	1806.34	1883.26	1979.96	2095.46	2228.40	
2427.58	2700.22	3042.06	3329.60	3565.12	3694.02	3666.14	3673.70	3676.86	3677.20	3676.62	3680.18	3688.62	3692.44	3699.12	3698.78	
3697.32	3700.72	3706.74	3715.78	3705.62	3710.28	3709.34	3709.76	3721.58	3725.02	3727.12	3729.80	3729.34	3730.20	3726.96	3723.44	
3725.96	3724.52	3718.92	3708.98	3705.62	3710.52	3717.14	3722.12	3719.88	3726.56	3731.74	3725.46	3729.30	3734.46	3750.96	3738.66	
3744.98	3749.54	3744.92	3741.94	3744.86	3744.24	3742.60	3736.02	3741.12	3742.30	3729.10	3740.78	3742.16	3742.08	3740.00	3740.20	
3731.00	3717.94	3717.54	3715.52	3715.04	3715.92	3732.70	3746.98	3737.18	3733.90	3727.82	3708.12	3729.16	3744.18	3730.86	3731.14	
3732.02	3726.60	3726.54	3732.16	3722.62	3718.68	3716.74	3713.76	3712.84	3715.16	3722.08	3725.92	3723.20	3726.62	3748.04	3706.62	

*******************************************2025/03/20;18:45:17
Probe number 17
Concentration entered by User 3.74% (Compensated: 4.17% at temperature 26.1)
1084.60	1086.84	1101.00	1112.04	1119.18	1130.70	1143.64	1154.46	1170.10	1180.60	1198.20	1220.86	1235.78	1258.26	1279.60	1306.76	
1329.90	1359.68	1386.16	1418.12	1452.38	1495.44	1532.10	1574.30	1624.32	1672.28	1733.12	1804.46	1881.12	1977.92	2093.42	2226.28	
2425.14	2696.38	3037.72	3326.86	3561.58	3691.32	3662.84	3670.24	3673.82	3674.52	3673.64	3677.36	3685.74	3690.04	3696.32	3696.32	
3694.56	3698.36	3703.80	3713.10	3702.90	3708.24	3706.84	3707.32	3719.60	3722.64	3725.00	3727.64	3727.54	3728.06	3724.60	3720.96	
3723.70	3722.56	3716.74	3706.90	3703.48	3708.42	3714.62	3719.60	3717.52	3724.74	3729.38	3723.14	3727.08	3732.22	3748.88	3736.00	
3743.04	3747.30	3742.74	3740.12	3742.82	3742.04	3740.24	3733.88	3739.28	3740.44	3726.80	3738.32	3739.92	3739.92	3737.82	3738.26	
3728.76	3715.24	3715.42	3713.44	3712.58	3713.52	3730.68	3745.14	3734.92	3731.66	3725.50	3705.66	3726.94	3741.90	3729.00	3728.96	
3729.60	3723.96	3724.38	3730.00	3720.42	3715.74	3714.58	3711.38	3710.04	3712.94	3719.78	3723.54	3720.82	3724.50	3745.84	3704.38	

*******************************************2025/03/20;18:46:11
Probe number 0
Concentration entered by User 3.81% (Compensated: 4.25% at temperature 26.1)
1085.24	1087.10	1101.64	1112.24	1119.48	1131.02	1143.42	1155.24	1170.56	1180.78	1198.16	1220.88	1236.34	1258.38	1279.14	1306.24	
1329.26	1358.06	1385.24	1417.28	1450.96	1494.06	1530.48	1572.16	1621.38	1669.16	1729.52	1799.50	1875.34	1970.50	2084.78	2214.32	
2408.70	2671.44	3012.76	3303.56	3546.22	3691.10	3665.50	3670.54	3674.02	3674.88	3674.54	3677.60	3686.26	3690.32	3696.62	3696.62	
3694.80	3698.22	3704.34	3713.28	3702.98	3708.36	3707.12	3708.10	3719.42	3722.98	3725.52	3727.86	3727.94	3728.38	3724.88	3721.58	
3724.22	3722.64	3717.24	3707.52	3703.78	3708.92	3715.52	3720.18	3717.88	3724.76	3729.70	3723.48	3727.40	3732.56	3749.08	3736.88	
3743.22	3747.58	3742.94	3740.30	3743.08	3742.32	3740.60	3734.28	3739.32	3740.70	3726.80	3738.74	3740.58	3739.84	3737.92	3738.70	
3729.14	3716.04	3715.62	3713.48	3712.88	3713.86	3730.68	3745.46	3735.22	3731.92	3725.62	3705.86	3727.28	3742.36	3729.18	3728.96	
3729.96	3724.22	3724.70	3730.14	3720.68	3716.62	3715.12	3711.52	3710.12	3713.22	3720.00	3723.72	3721.12	3724.60	3746.44	3704.50	

*******************************************2025/03/20;19:02:35
Probe number 0
Concentration entered by User -1.00% (Compensated: -1.00% at temperature 26.3)
3361.16	3464.42	3581.06	3606.58	3608.92	3607.36	3607.50	3604.08	3625.38	3600.10	3608.18	3640.56	3617.18	3622.40	3618.14	3635.88	
3642.54	3664.86	3670.76	3676.34	3671.72	3678.38	3672.80	3673.40	3682.16	3675.48	3681.92	3684.54	3682.96	3692.44	3705.54	3699.94	
3702.50	3703.26	3700.38	3693.82	3696.38	3724.18	3712.02	3716.70	3718.76	3719.82	3718.42	3716.64	3724.32	3721.88	3721.96	3723.80	
3726.32	3725.76	3719.24	3725.44	3722.56	3726.64	3722.98	3723.88	3730.40	3730.60	3727.82	3731.56	3737.86	3739.16	3732.74	3726.06	
3731.40	3733.88	3733.12	3729.60	3732.70	3730.66	3731.50	3734.84	3731.78	3733.94	3736.18	3734.00	3736.72	3734.82	3744.24	3724.76	
3727.22	3725.86	3716.82	3708.92	3706.24	3701.34	3699.62	3689.34	3694.34	3694.16	3678.32	3694.14	3698.78	3705.42	3712.22	3718.02	
3711.34	3699.76	3700.62	3702.34	3707.36	3709.76	3727.46	3743.12	3735.12	3733.46	3727.96	3709.64	3732.20	3748.50	3735.84	3734.56	
3735.50	3731.34	3729.94	3735.90	3728.34	3724.30	3722.44	3720.96	3720.64	3723.66	3730.22	3733.32	3730.76	3735.04	3756.36	3718.18	

*******************************************2025/03/20;19:22:35
Probe number 1
Concentration entered by User -1.00% (Compensated: -1.00% at temperature 25.8)
3363.34	3465.12	3581.32	3606.18	3610.02	3607.12	3607.62	3604.24	3625.60	3600.18	3608.56	3641.28	3617.82	3623.04	3618.58	3637.38	
3643.48	3665.80	3671.88	3677.72	3673.20	3680.40	3674.90	3675.88	3684.44	3678.68	3684.72	3687.12	3686.20	3695.68	3708.12	3702.48	
3705.28	3705.56	3703.48	3696.88	3699.34	3726.46	3715.08	3719.72	3721.84	3723.02	3721.58	3720.08	3727.12	3724.60	3724.84	3726.60	
3729.00	3729.06	3722.18	3728.38	3725.20	3728.88	3725.30	3726.04	3732.52	3732.52	3729.58	3733.62	3739.78	3741.62	3735.28	3728.46	
3733.72	3735.70	3734.70	3731.00	3733.42	3731.22	3732.44	3735.42	3732.56	3735.00	3736.86	3733.86	3736.76	3735.40	3744.66	3725.06	
3727.88	3726.34	3717.48	3709.86	3707.32	3701.72	3699.52	3689.40	3694.60	3694.46	3678.42	3694.30	3699.06	3705.16	3712.14	3717.44	
3711.10	3699.12	3699.34	3701.64	3706.06	3708.34	3726.26	3741.38	3733.12	3731.46	3725.92	3707.40	3730.72	3747.34	3734.28	3733.74	
3734.56	3730.08	3728.68	3734.40	3726.60	3722.06	3719.98	3718.30	3718.46	3721.44	3728.18	3731.58	3729.40	3733.96	3755.28	3717.16	

*******************************************2025/03/20;19:42:35
Probe number 2
Concentration entered by User -1.00% (Compensated: -1.00% at temperature 25.6)
3366.12	3470.38	3586.30	3609.62	3613.34	3611.32	3611.78	3608.44	3629.26	3604.44	3612.84	3644.68	3622.10	3627.54	3623.14	3641.38	
3647.50	3669.78	3675.52	3681.14	3677.02	3683.94	3678.02	3679.54	3687.62	3681.94	3688.48	3691.16	3690.02	3699.76	3712.00	3706.38	
3708.92	3709.38	3706.78	3700.70	3702.84	3729.40	3718.16	3722.84	3725.04	3726.22	3724.82	3723.20	3730.24	3727.72	3728.02	3729.92	
3732.36	3731.94	3725.32	3731.58	3728.08	3731.50	3728.28	3729.10	3735.82	3735.68	3732.82	3736.52	3742.68	3744.04	3738.12	3731.72	
3736.30	3738.42	3737.16	3733.50	3735.92	3733.50	3734.70	3737.52	3734.92	3737.46	3738.88	3736.54	3739.18	3737.64	3746.82	3727.80	
3730.52	3729.14	3720.24	3712.48	3710.00	3704.42	3702.04	3692.26	3697.18	3697.38	3681.22	3697.28	3701.46	3707.56	3714.26	3719.64	
3713.42	3701.70	3701.86	3704.06	3708.58	3711.00	3728.44	3743.36	3735.44	3733.02	3728.20	3709.52	3732.58	3748.94	3735.94	3735.90	
3736.36	3731.86	3730.80	3736.08	3728.32	3723.64	3722.10	3720.74	3720.60	3724.22	3730.86	3734.14	3731.76	3736.06	3757.12	3719.92	

*******************************************2025/03/20;20:02:35
Probe number 3
Concentration entered by User -1.00% (Compensated: -1.00% at temperature 25.4)
3362.48	3465.96	3581.72	3605.16	3609.24	3606.96	3607.14	3603.94	3624.90	3600.18	3608.10	3640.84	3617.96	3623.40	3619.26	3637.74	
3643.78	3666.34	3671.82	3677.66	3673.64	3680.76	3674.56	3675.90	3684.26	3678.48	3685.26	3687.66	3686.70	3696.36	3709.08	3702.74	
3705.70	3706.58	3703.56	3697.36	3700.00	3726.88	3715.18	3720.14	3722.22	3723.52	3721.72	3720.12	3727.70	3725.06	3725.10	3726.98	
3729.70	3729.38	3722.42	3728.80	3724.86	3728.76	3725.46	3726.48	3733.04	3733.02	3730.22	3733.74	3739.90	3741.36	3735.12	3728.32	
3733.22	3735.66	3734.36	3730.68	3733.02	3731.04	3731.94	3734.72	3732.28	3734.70	3736.06	3733.28	3736.16	3734.82	3744.20	3724.66	
3727.22	3726.24	3717.24	3709.22	3706.66	3701.08	3698.60	3688.20	3693.80	3693.70	3677.62	3693.98	3698.54	3704.10	3710.56	3716.34	
3709.98	3697.82	3698.00	3700.08	3705.14	3707.38	3724.72	3740.62	3731.88	3729.92	3724.62	3705.90	3729.24	3746.02	3732.90	3732.64	
3733.58	3728.72	3727.52	3733.06	3725.04	3719.98	3718.98	3717.42	3717.16	3720.54	3727.66	3730.90	3728.24	3732.86	3754.78	3716.46	

*******************************************2025/03/20;20:22:35
Probe number 4
Concentration entered by User -1.00% (Compensated: -1.00% at temperature 25.3)
3364.86	3468.28	3583.64	3607.32	3611.26	3608.88	3609.40	3605.96	3626.76	3601.58	3610.20	3642.62	3619.60	3625.30	3621.12	3639.66	
3646.00	3667.76	3673.60	3679.50	3675.42	3682.64	3676.30	3678.02	3686.02	3680.26	3686.76	3689.66	3688.20	3698.14	3710.74	3704.84	
3707.10	3707.86	3705.68	3699.18	3701.90	3728.44	3717.04	3721.32	3723.38	3724.70	3723.44	3721.82	3728.78	3726.32	3726.60	3728.68	
3730.74	3730.62	3723.98	3730.18	3726.48	3730.18	3726.90	3727.88	3734.10	3734.40	3731.62	3735.10	3741.56	3742.46	3736.38	3730.02	
3734.62	3736.68	3735.82	3731.74	3734.30	3731.88	3733.00	3735.86	3733.36	3736.04	3737.62	3734.34	3737.50	3736.02	3745.30	3726.28	
3728.70	3727.56	3718.84	3710.96	3708.26	3702.44	3700.02	3689.56	3695.16	3695.14	3679.30	3695.72	3699.98	3705.80	3712.12	3717.62	
3711.28	3699.22	3699.70	3701.42	3706.70	3708.66	3726.14	3741.70	3733.16	3730.90	3725.44	3707.38	3730.64	3746.90	3734.12	3734.08	
3734.44	3729.90	3729.06	3734.38	3725.90	3721.26	3719.94	3718.48	3718.26	3721.74	3728.96	3732.04	3729.52	3734.32	3755.68	3717.46	

*******************************************2025/03/20;20:42:35
Probe number 5
Concentration entered by User -1.00% (Compensated: -1.00% at temperature 25.3)
3369.16	3474.32	3589.30	3612.34	3615.96	3613.50	3614.12	3610.56	3631.62	3607.58	3615.02	3647.46	3624.50	3630.66	3625.88	3644.12	
3650.46	3672.02	3678.26	3683.46	3679.58	3686.52	3681.18	3682.04	3690.00	3684.62	3690.92	3693.46	3692.18	3701.82	3714.44	3708.76	
3711.00	3711.70	3709.24	3703.70	3705.86	3731.82	3720.58	3725.46	3727.08	3728.64	3727.12	3725.56	3732.58	3729.66	3730.12	3731.74	
3734.46	3733.84	3727.20	3733.22	3730.04	3733.62	3730.18	3731.22	3737.54	3737.66	3734.92	3738.52	3744.58	3745.74	3739.52	3733.40	
3737.96	3739.98	3738.84	3734.96	3737.48	3735.28	3736.68	3739.28	3736.58	3739.08	3740.64	3738.18	3740.34	3739.16	3748.36	3729.44	
3731.96	3730.94	3721.96	3714.74	3712.00	3706.50	3704.08	3693.78	3699.46	3699.22	3683.56	3699.26	3703.90	3709.32	3715.62	3721.20	
3714.82	3703.08	3703.22	3705.44	3710.26	3712.68	3729.70	3744.40	3736.16	3734.48	3729.06	3711.22	3733.68	3750.00	3737.56	3736.88	
3737.86	3733.16	3732.30	3737.38	3729.14	3724.36	3723.12	3721.50	3721.52	3725.26	3732.12	3735.50	3732.80	3737.34	3758.62	3721.36	

*******************************************2025/03/20;21:02:35
Probe number 6
Concentration entered by User -1.00% (Compensated: -1.00% at temperature 25.2)
3361.88	3464.88	3580.30	3603.40	3606.78	3604.86	3605.48	3602.02	3623.48	3598.56	3606.42	3639.78	3616.66	3622.30	3618.00	3636.02	
3642.52	3665.04	3670.86	3676.68	3672.40	3679.38	3673.92	3675.14	3683.32	3677.34	3683.80	3686.76	3685.70	3695.64	3708.06	3702.42	
3705.10	3705.42	3702.80	3696.94	3699.50	3725.94	3714.74	3719.00	3721.42	3722.88	3721.62	3719.34	3726.90	3724.24	3724.40	3726.18	
3728.42	3727.96	3721.76	3727.56	3724.06	3727.96	3724.44	3725.12	3732.16	3732.26	3729.44	3732.66	3739.18	3740.22	3734.26	3727.32	
3732.20	3734.34	3733.14	3729.32	3731.98	3729.72	3730.82	3733.74	3731.14	3733.60	3734.92	3732.30	3734.92	3733.52	3743.08	3723.54	
3726.00	3724.94	3716.28	3708.52	3705.72	3699.66	3697.18	3686.80	3692.42	3692.34	3676.30	3692.70	3697.20	3702.48	3709.42	3714.76	
3708.76	3696.70	3696.64	3698.78	3703.92	3706.18	3723.60	3738.78	3730.78	3728.26	3722.84	3704.52	3727.86	3744.86	3732.04	3731.30	
3732.00	3727.52	3725.92	3731.58	3723.04	3718.10	3716.94	3715.66	3715.02	3719.00	3726.18	3729.56	3727.04	3731.48	3753.40	3715.56	

*******************************************2025/03/20;21:22:35
Probe number 7
Concentration entered by User -1.00% (Compensated: -1.00% at temperature 25.1)
3363.44	3466.60	3581.58	3604.76	3607.54	3606.24	3607.30	3603.80	3624.48	3600.06	3608.10	3640.90	3618.04	3623.76	3619.72	3637.58	
3643.52	3666.26	3672.08	3677.92	3674.00	3681.08	3675.20	3676.12	3685.16	3678.38	3685.20	3688.02	3686.94	3696.72	3709.24	3703.36	
3705.80	3706.48	3703.88	3698.12	3700.36	3727.14	3715.42	3720.16	3722.22	3723.88	3722.44	3720.88	3728.08	3725.40	3725.34	3726.90	
3729.50	3729.12	3722.64	3728.64	3725.00	3728.90	3725.20	3726.70	3733.24	3733.12	3730.64	3733.92	3739.90	3741.16	3734.98	3728.22	
3733.10	3735.48	3734.46	3730.38	3732.76	3730.62	3731.82	3734.74	3732.06	3734.36	3735.74	3733.14	3735.72	3734.26	3743.94	3724.64	
3727.18	3726.02	3717.76	3709.84	3706.46	3700.80	3698.02	3688.00	3693.58	3693.64	3677.42	3694.20	3698.56	3703.76	3710.48	3715.96	
3709.54	3697.56	3697.82	3699.80	3704.84	3707.00	3724.68	3739.96	3731.70	3729.40	3724.02	3705.34	3728.72	3745.56	3732.66	3732.40	
3732.96	3728.30	3727.06	3732.64	3724.02	3719.04	3717.82	3716.42	3716.56	3719.92	3727.08	3730.30	3727.86	3732.32	3754.10	3716.40	

*******************************************2025/03/20;21:42:35
Probe number 8
Concentration entered by User -1.00% (Compensated: -1.00% at temperature 25.1)
3363.50	3467.66	3583.12	3605.32	3608.36	3606.92	3607.88	3604.36	3625.64	3601.14	3608.96	3641.52	3618.64	3624.46	3620.16	3638.50	
3644.74	3667.54	3672.92	3678.62	3674.60	3681.88	3676.44	3676.98	3685.76	3679.30	3686.36	3688.88	3687.66	3697.48	3710.54	3704.34	
3707.18	3707.36	3704.72	3698.94	3701.50	3727.98	3716.06	3720.56	3723.34	3724.82	3723.30	3721.34	3728.56	3726.12	3725.92	3727.66	
3730.04	3729.38	3723.28	3729.56	3725.86	3729.58	3726.42	3727.28	3733.98	3734.04	3731.00	3734.74	3740.56	3741.70	3735.74	3729.12	
3733.70	3735.90	3735.00	3730.90	3733.34	3730.92	3732.44	3735.30	3732.70	3735.04	3736.62	3733.96	3736.38	3734.90	3744.58	3725.50	
3727.82	3727.04	3718.24	3710.10	3707.24	3701.28	3699.38	3689.24	3694.38	3694.12	3678.62	3694.60	3699.18	3704.56	3710.94	3716.78	
3710.20	3698.40	3698.52	3700.48	3705.80	3708.06	3725.24	3740.80	3732.20	3730.04	3724.88	3706.42	3729.62	3746.30	3733.38	3732.82	
3733.58	3728.82	3727.70	3733.14	3724.48	3719.68	3718.42	3717.16	3716.82	3720.80	3727.94	3731.20	3728.26	3732.98	3754.58	3716.70	

*******************************************2025/03/20;22:02:35
Probe number 9
Concentration entered by User -1.00% (Compensated: -1.00% at temperature 25.1)
3359.18	3462.06	3578.08	3600.32	3603.02	3601.42	3602.44	3598.90	3620.46	3595.74	3603.66	3636.54	3614.08	3619.50	3614.84	3633.50	
3639.68	3663.02	3668.74	3674.44	3670.50	3677.04	3672.34	3672.76	3681.70	3675.34	3681.88	3684.66	3683.90	3693.66	3706.02	3700.44	
3702.80	3703.30	3700.96	3695.08	3697.20	3724.08	3712.60	3717.30	3719.68	3720.88	3719.56	3717.56	3725.02	3722.10	3722.16	3724.16	
3726.54	3726.08	3719.64	3725.68	3722.20	3726.52	3722.66	3723.94	3730.36	3730.64	3727.58	3731.10	3737.32	3738.38	3732.60	3725.22	
3730.36	3732.60	3731.54	3727.58	3729.88	3727.74	3729.10	3731.82	3729.06	3731.52	3733.32	3730.48	3733.46	3731.50	3741.12	3721.82	
3723.92	3723.14	3714.62	3706.56	3703.20	3697.44	3694.90	3684.58	3690.34	3690.10	3673.78	3690.48	3695.30	3700.76	3707.20	3713.16	
3705.74	3694.02	3694.40	3696.26	3701.92	3703.90	3721.28	3737.32	3728.94	3726.38	3721.30	3702.04	3725.98	3742.68	3730.00	3729.28	
3730.18	3725.66	3724.16	3729.60	3720.82	3715.38	3714.28	3713.06	3712.78	3716.78	3724.16	3727.52	3724.86	3729.28	3751.44	3712.88	

*******************************************2025/03/20;22:22:35
Probe number 10
Concentration entered by User -1.00% (Compensated: -1.00% at temperature 25.1)
3360.84	3463.66	3578.38	3600.50	3604.02	3602.10	3603.20	3599.74	3620.88	3596.68	3604.86	3637.64	3614.60	3620.46	3616.42	3633.94	
3640.96	3663.64	3669.48	3675.40	3671.38	3678.32	3672.18	3673.62	3682.24	3676.18	3682.78	3685.72	3684.34	3693.86	3706.74	3701.36	
3703.62	3704.50	3701.78	3695.72	3698.24	3724.88	3713.00	3717.76	3720.28	3721.70	3720.18	3718.50	3725.56	3722.98	3722.78	3724.64	
3727.24	3726.84	3720.28	3726.28	3722.92	3727.16	3723.24	3724.46	3730.94	3731.12	3728.58	3731.92	3737.82	3739.38	3732.80	3726.06	
3730.88	3733.12	3731.90	3728.00	3730.62	3728.56	3729.50	3732.28	3729.62	3732.06	3733.56	3730.82	3733.86	3731.86	3741.54	3722.70	
3724.82	3723.50	3715.02	3707.10	3703.98	3697.64	3695.66	3685.24	3690.72	3690.94	3674.72	3691.12	3695.92	3701.30	3707.72	3713.56	
3706.76	3695.12	3695.26	3697.24	3702.20	3704.54	3722.16	3738.08	3729.26	3726.88	3721.72	3702.92	3726.38	3743.42	3730.34	3729.74	
3730.86	3726.10	3724.66	3729.98	3721.50	3716.32	3715.14	3713.56	3713.64	3717.46	3724.84	3728.04	3725.48	3729.90	3752.20	3713.76	

*******************************************2025/03/20;22:42:35
Probe number 11
Concentration entered by User -1.00% (Compensated: -1.00% at temperature 25.0)
3360.42	3464.28	3579.14	3601.64	3603.94	3602.82	3603.52	3600.46	3621.64	3597.52	3605.66	3637.62	3615.52	3620.86	3616.98	3634.74	
3641.58	3663.98	3670.22	3676.02	3672.18	3678.94	3673.30	3674.06	3683.28	3676.40	3683.38	3686.08	3685.14	3694.74	3707.50	3701.74	
3704.18	3704.94	3701.72	3696.54	3698.86	3725.60	3713.86	3718.56	3720.48	3722.40	3720.60	3718.94	3726.30	3723.60	3723.46	3725.00	
3727.68	3727.32	3720.84	3726.98	3723.62	3727.30	3723.70	3725.00	3731.48	3731.74	3728.88	3732.34	3738.44	3739.40	3733.28	3726.60	
3731.02	3733.32	3732.22	3728.50	3731.12	3728.82	3730.04	3733.00	3730.16	3732.70	3734.06	3730.96	3734.00	3732.62	3741.92	3722.80	
3725.24	3724.08	3715.48	3707.52	3704.36	3698.08	3696.18	3685.82	3691.58	3691.44	3674.74	3691.76	3696.28	3701.82	3708.22	3714.24	
3707.36	3695.46	3695.82	3697.96	3703.12	3705.84	3722.54	3738.30	3729.44	3727.42	3722.18	3703.54	3726.74	3743.86	3731.32	3730.14	
3731.02	3726.08	3725.02	3730.68	3721.64	3716.68	3715.68	3714.06	3713.80	3717.98	3724.88	3728.40	3725.80	3730.34	3752.66	3714.00	

*******************************************2025/03/20;23:02:35
Probe number 12
Concentration entered by User -1.00% (Compensated: -1.00% at temperature 25.0)
3365.90	3468.54	3583.30	3605.54	3607.32	3606.52	3607.50	3604.22	3625.16	3601.04	3609.14	3641.42	3618.94	3624.80	3620.42	3638.62	
3644.96	3667.56	3673.58	3679.32	3675.22	3682.10	3676.54	3677.54	3686.28	3679.88	3687.08	3689.42	3688.36	3698.10	3710.66	3704.44	
3707.20	3708.32	3705.28	3699.90	3702.14	3728.12	3716.88	3721.36	3723.92	3724.88	3723.98	3722.18	3729.02	3726.12	3726.08	3728.04	
3730.26	3729.78	3723.66	3729.78	3726.54	3730.16	3726.66	3727.60	3734.18	3734.38	3731.68	3734.86	3741.02	3742.22	3736.10	3729.02	
3733.88	3736.14	3735.08	3731.22	3733.54	3731.44	3732.70	3735.56	3732.68	3735.02	3736.48	3734.00	3736.96	3735.08	3744.30	3725.92	
3727.84	3726.90	3718.48	3710.74	3707.40	3701.96	3699.20	3688.92	3694.36	3694.46	3678.88	3694.80	3700.04	3704.96	3711.44	3716.98	
3710.72	3698.74	3699.22	3700.98	3706.36	3708.52	3725.36	3740.92	3732.60	3730.26	3725.00	3706.52	3729.48	3746.44	3733.84	3732.88	
3733.74	3729.16	3727.94	3733.20	3724.54	3719.56	3718.46	3716.86	3716.62	3720.46	3727.86	3731.10	3728.72	3732.96	3754.70	3716.38	

*******************************************2025/03/20;23:22:35
Probe number 13
Concentration entered by User -1.00% (Compensated: -1.00% at temperature 25.0)
3362.20	3466.02	3580.44	3602.68	3604.80	3603.68	3604.76	3601.04	3622.92	3598.46	3606.50	3639.02	3616.40	3622.06	3618.38	3636.26	
3642.56	3665.12	3671.30	3677.00	3673.24	3680.06	3674.26	3675.34	3684.04	3677.34	3684.50	3687.36	3685.88	3695.50	3708.68	3702.48	
3705.22	3705.94	3703.26	3697.88	3699.92	3726.00	3714.90	3719.34	3721.84	3723.48	3721.80	3719.94	3727.32	3724.62	3724.10	3725.94	
3728.62	3728.10	3722.02	3727.84	3724.54	3728.20	3724.74	3725.60	3731.94	3732.50	3729.94	3733.08	3739.50	3740.30	3734.20	3727.36	
3731.92	3734.04	3733.24	3729.10	3732.08	3729.80	3730.92	3733.62	3730.90	3733.24	3734.88	3732.30	3735.04	3733.28	3742.52	3724.14	
3725.72	3725.14	3716.52	3708.58	3705.18	3699.26	3697.10	3686.66	3692.58	3692.70	3676.36	3692.74	3697.58	3702.54	3709.20	3715.12	
3708.86	3696.64	3696.86	3699.14	3703.98	3706.60	3723.84	3739.62	3730.42	3728.44	3723.36	3704.62	3727.76	3744.68	3732.26	3731.14	
3732.08	3727.36	3725.94	3731.32	3722.34	3717.70	3716.48	3715.00	3714.80	3718.74	3726.16	3729.12	3726.76	3731.28	3753.14	3714.46	

*******************************************2025/03/20;23:42:35
Probe number 14
Concentration entered by User -1.00% (Compensated: -1.00% at temperature 25.0)
3362.06	3466.00	3581.06	3602.72	3604.66	3603.62	3604.82	3601.50	3622.56	3598.54	3606.78	3638.94	3616.86	3622.06	3618.32	3635.86	
3642.50	3665.26	3671.24	3676.64	3673.70	3680.30	3674.40	3675.20	3684.46	3677.52	3684.74	3687.60	3686.56	3695.74	3708.80	3703.00	
3705.32	3705.96	3703.30	3697.96	3700.30	3726.34	3714.92	3719.40	3722.00	3723.52	3721.96	3720.24	3727.32	3724.48	3724.62	3726.26	
3728.44	3728.44	3722.06	3728.24	3724.66	3728.56	3725.08	3725.84	3732.20	3732.74	3729.66	3732.90	3739.36	3740.56	3734.12	3727.40	
3731.86	3734.34	3733.06	3729.70	3731.96	3730.10	3730.84	3734.04	3731.12	3733.66	3735.02	3732.38	3735.18	3733.22	3742.78	3724.22	
3725.96	3724.88	3716.62	3708.82	3705.32	3699.62	3697.10	3687.08	3692.60	3692.50	3676.46	3692.74	3697.74	3702.76	3708.98	3715.48	
3708.58	3697.02	3696.98	3699.44	3704.08	3706.56	3723.54	3739.58	3730.96	3728.92	3723.34	3704.96	3728.42	3744.76	3732.36	3731.34	
3732.34	3727.34	3726.10	3731.26	3722.70	3717.74	3716.46	3715.22	3715.14	3719.20	3725.88	3729.64	3726.64	3731.08	3753.00	3714.88	

