*******************************************2025/03/31;00:02:04
Probe number 167
Concentration entered by User 2.14% (Compensated: 2.51% at temperature 25.4)
1308.34	1307.04	1337.26	1351.50	1363.94	1380.04	1400.16	1414.74	1436.06	1452.24	1472.58	1498.42	1518.54	1545.84	1573.40	1601.64	
1630.46	1664.58	1691.34	1724.44	1761.60	1803.80	1840.82	1891.64	1940.04	1995.88	2052.38	2105.14	2199.74	2322.66	2492.82	2712.06	
2979.60	3294.12	3542.48	3641.02	3658.88	3675.88	3672.84	3681.40	3689.20	3694.78	3693.78	3697.38	3704.22	3702.76	3703.60	3701.74	
3700.76	3703.92	3711.20	3721.44	3712.72	3716.64	3715.10	3713.58	3723.06	3726.52	3729.72	3731.70	3731.22	3730.98	3728.88	3725.10	
3729.70	3730.40	3728.32	3724.42	3726.78	3723.52	3725.52	3729.22	3727.84	3732.44	3734.16	3731.88	3734.76	3733.36	3741.30	3739.46	
3741.36	3744.90	3743.66	3739.16	3740.62	3739.04	3737.66	3731.86	3737.60	3739.18	3725.94	3736.46	3737.86	3738.40	3737.98	3739.24	
3729.26	3714.70	3714.46	3713.06	3712.52	3713.26	3729.14	3744.10	3734.84	3730.58	3724.28	3705.28	3725.98	3740.64	3727.24	3726.38	
3728.16	3723.90	3722.22	3727.38	3717.44	3713.36	3710.76	3707.12	3706.84	3710.76	3717.34	3721.52	3718.30	3720.64	3743.64	3701.92	

*******************************************2025/03/31;00:22:04
Probe number 168
Concentration entered by User 1.91% (Compensated: 2.28% at temperature 25.3)
1304.88	1302.72	1332.84	1347.96	1360.60	1378.24	1396.84	1410.24	1431.26	1449.26	1470.60	1496.16	1513.86	1538.64	1562.10	1592.02	
1616.34	1646.54	1673.42	1706.28	1743.08	1784.10	1823.72	1865.90	1905.04	1953.58	2014.92	2086.08	2166.12	2287.36	2453.76	2638.04	
3014.20	3396.60	3593.84	3669.16	3672.64	3688.10	3682.40	3688.44	3694.20	3700.62	3698.46	3700.90	3706.70	3704.98	3705.76	3703.80	
3702.52	3705.88	3713.08	3721.86	3713.48	3717.68	3715.92	3715.18	3724.08	3726.92	3730.66	3732.90	3732.46	3731.72	3729.42	3726.08	
3730.32	3731.32	3729.24	3725.04	3726.98	3724.22	3726.10	3730.30	3728.92	3733.46	3734.74	3732.74	3735.38	3734.26	3741.84	3740.48	
3742.24	3745.66	3744.80	3740.02	3741.02	3739.40	3738.22	3732.42	3737.62	3739.86	3726.26	3736.92	3738.42	3738.76	3738.12	3739.74	
3730.38	3715.52	3714.88	3713.32	3712.98	3714.30	3729.22	3744.90	3734.98	3731.28	3725.08	3705.80	3726.62	3740.86	3727.88	3726.94	
3728.78	3724.28	3722.54	3727.84	3718.58	3714.36	3711.24	3707.88	3707.28	3711.46	3718.20	3722.42	3719.20	3721.62	3744.42	3702.50	

*******************************************2025/03/31;00:42:04
Probe number 169
Concentration entered by User 1.90% (Compensated: 2.26% at temperature 25.2)
1297.32	1295.12	1324.20	1339.18	1352.50	1368.04	1388.88	1402.94	1422.30	1440.62	1460.40	1487.68	1508.88	1533.68	1560.44	1588.36	
1615.72	1644.76	1673.64	1710.26	1746.96	1787.46	1829.92	1873.44	1921.94	1964.68	2021.32	2094.22	2160.42	2293.48	2460.28	2661.16	
3072.16	3384.54	3556.40	3678.48	3685.54	3697.78	3692.24	3696.36	3700.50	3706.40	3704.28	3706.24	3711.96	3709.06	3709.22	3707.18	
3705.72	3708.78	3715.50	3724.82	3716.76	3719.96	3718.04	3717.10	3726.10	3729.24	3732.86	3734.76	3734.42	3733.74	3731.64	3727.92	
3732.44	3733.30	3730.66	3726.50	3728.60	3726.10	3728.54	3733.26	3731.18	3735.32	3736.58	3734.40	3737.32	3736.30	3743.88	3742.68	
3744.10	3747.14	3745.86	3741.70	3743.02	3741.20	3739.84	3734.40	3739.82	3741.96	3728.36	3738.60	3739.94	3740.66	3739.86	3741.32	
3732.20	3717.30	3716.86	3715.54	3714.68	3715.82	3730.84	3746.52	3736.98	3733.14	3726.88	3708.26	3728.74	3742.20	3729.78	3728.90	
3730.72	3726.42	3724.50	3729.68	3720.12	3716.20	3713.64	3709.78	3709.40	3713.32	3720.48	3724.48	3721.04	3723.72	3745.64	3704.60	

*******************************************2025/03/31;01:02:04
Probe number 170
Concentration entered by User 1.83% (Compensated: 2.18% at temperature 25.1)
1292.68	1290.72	1319.76	1335.78	1348.96	1365.56	1385.14	1398.82	1418.78	1436.38	1456.44	1481.68	1501.58	1528.32	1554.06	1582.90	
1609.08	1641.72	1668.34	1704.40	1738.02	1781.34	1824.48	1866.88	1914.84	1961.08	2013.98	2081.64	2175.52	2328.90	2497.94	2690.78	
3042.48	3388.34	3634.58	3707.78	3698.92	3708.90	3701.62	3704.68	3707.00	3712.46	3710.76	3711.16	3717.36	3714.48	3714.50	3711.38	
3709.30	3711.50	3717.66	3726.94	3718.84	3722.48	3720.38	3718.68	3727.62	3730.78	3734.12	3736.26	3735.62	3734.90	3732.60	3729.12	
3733.36	3733.98	3731.78	3727.58	3729.80	3726.96	3729.18	3733.82	3731.62	3735.78	3737.42	3734.92	3738.16	3736.70	3744.38	3743.60	
3744.86	3748.12	3746.82	3742.70	3744.36	3742.46	3741.14	3735.42	3741.24	3742.80	3729.58	3739.58	3740.82	3741.58	3740.34	3742.02	
3732.66	3718.00	3717.42	3716.22	3715.54	3716.74	3731.64	3747.06	3737.24	3733.56	3727.40	3708.98	3729.24	3742.92	3730.78	3729.40	
3731.48	3726.78	3725.14	3730.46	3720.94	3716.82	3713.96	3710.84	3710.58	3714.68	3721.28	3725.76	3722.34	3724.98	3746.76	3705.40	

*******************************************2025/03/31;01:22:04
Probe number 171
Concentration entered by User 1.94% (Compensated: 2.29% at temperature 25.0)
1287.46	1286.04	1314.50	1329.52	1342.50	1359.04	1377.96	1391.76	1412.84	1429.78	1448.36	1475.94	1496.00	1520.88	1546.22	1576.84	
1601.76	1631.74	1659.64	1695.12	1734.20	1780.00	1821.44	1870.72	1923.32	1971.70	2025.08	2092.40	2187.88	2328.54	2508.16	2687.02	
3016.44	3393.48	3565.36	3641.36	3704.52	3718.82	3708.72	3707.94	3708.32	3711.68	3709.20	3710.20	3716.46	3714.10	3712.40	3709.26	
3707.00	3708.72	3714.94	3723.94	3715.92	3719.94	3717.04	3715.64	3724.22	3727.00	3731.04	3733.08	3732.56	3731.74	3728.90	3725.36	
3730.06	3730.78	3728.36	3724.02	3725.92	3722.82	3725.42	3730.36	3728.26	3732.66	3733.82	3731.48	3734.50	3733.44	3741.28	3740.14	
3741.30	3744.64	3743.66	3739.54	3741.30	3738.72	3738.06	3731.78	3737.16	3739.06	3725.50	3736.48	3737.48	3738.14	3737.22	3738.60	
3728.94	3714.36	3713.40	3712.24	3711.22	3712.44	3727.94	3743.84	3733.98	3730.06	3723.34	3704.56	3725.10	3739.92	3726.78	3725.46	
3727.88	3722.98	3720.96	3726.70	3717.62	3713.28	3710.52	3706.90	3706.24	3710.92	3717.60	3721.64	3718.44	3720.88	3743.32	3701.42	

*******************************************2025/03/31;01:42:04
Probe number 172
Concentration entered by User 1.78% (Compensated: 2.12% at temperature 24.9)
1282.44	1280.84	1309.46	1323.48	1338.54	1354.66	1373.02	1388.00	1407.76	1424.94	1445.14	1470.32	1490.56	1514.22	1541.28	1572.20	
1597.62	1628.90	1659.78	1691.90	1729.38	1772.28	1811.84	1866.12	1916.08	1965.36	2022.04	2096.28	2196.00	2324.72	2499.68	2686.14	
3013.42	3473.80	3602.66	3668.18	3717.54	3724.68	3717.22	3716.18	3715.46	3717.70	3715.32	3716.04	3720.98	3718.32	3717.44	3713.92	
3711.22	3713.22	3719.36	3728.18	3719.92	3723.60	3720.56	3718.84	3727.42	3730.92	3734.36	3736.58	3735.70	3734.48	3732.56	3728.56	
3733.02	3734.02	3731.52	3727.24	3728.70	3725.94	3728.74	3733.34	3731.42	3735.94	3736.96	3734.64	3737.42	3736.48	3744.04	3743.02	
3744.22	3747.60	3746.38	3742.54	3743.78	3741.74	3740.60	3734.90	3740.14	3742.02	3728.60	3739.34	3740.34	3740.90	3739.82	3741.54	
3732.08	3717.02	3716.80	3715.82	3714.46	3715.82	3730.96	3746.34	3736.60	3733.10	3726.70	3708.04	3728.22	3742.54	3729.80	3728.30	
3730.88	3726.62	3724.30	3729.72	3720.56	3716.40	3713.82	3710.30	3710.00	3714.04	3720.76	3725.32	3721.78	3724.36	3745.94	3705.08	

*******************************************2025/03/31;02:02:04
Probe number 173
Concentration entered by User 1.98% (Compensated: 2.32% at temperature 24.9)
1276.82	1275.04	1303.50	1317.20	1330.44	1347.72	1366.32	1382.12	1400.10	1417.60	1438.28	1463.42	1483.18	1508.62	1533.86	1566.38	
1594.58	1623.58	1652.96	1687.64	1725.12	1766.20	1807.82	1860.84	1915.16	1958.64	2019.76	2092.66	2190.44	2327.66	2488.72	2645.48	
2960.28	3370.24	3602.08	3697.28	3720.60	3726.30	3718.56	3719.72	3718.54	3718.68	3714.66	3715.14	3720.32	3717.98	3716.06	3712.36	
3709.76	3711.36	3717.32	3726.00	3717.54	3720.78	3718.22	3716.00	3724.78	3728.12	3732.32	3734.08	3732.78	3731.46	3729.16	3725.50	
3729.92	3731.22	3728.48	3724.22	3725.86	3722.52	3725.26	3730.16	3728.10	3732.66	3733.86	3731.44	3734.44	3733.20	3741.06	3740.06	
3741.38	3744.88	3743.42	3739.44	3740.90	3738.68	3737.72	3731.42	3737.10	3738.90	3725.50	3736.18	3737.34	3738.04	3736.88	3738.56	
3729.14	3713.54	3713.40	3712.16	3710.98	3712.28	3727.46	3743.50	3733.52	3729.70	3723.32	3704.38	3725.18	3739.64	3726.52	3725.06	
3727.68	3723.34	3721.12	3726.62	3716.78	3712.70	3709.96	3706.28	3706.26	3710.70	3717.22	3721.96	3718.62	3720.98	3743.04	3701.16	

*******************************************2025/03/31;02:22:04
Probe number 174
Concentration entered by User 1.97% (Compensated: 2.30% at temperature 24.8)
1275.56	1274.28	1303.06	1317.10	1330.82	1346.44	1365.54	1380.12	1400.26	1416.90	1436.42	1463.46	1485.64	1509.54	1536.74	1568.22	
1595.08	1625.74	1656.28	1688.52	1722.68	1764.90	1811.00	1861.28	1914.84	1960.58	2022.72	2098.84	2198.00	2326.74	2502.56	2647.26	
2973.98	3384.38	3590.52	3678.90	3727.86	3736.40	3729.90	3729.44	3725.52	3723.96	3719.18	3718.54	3724.22	3722.06	3719.66	3715.40	
3712.18	3713.96	3720.04	3728.24	3719.74	3722.66	3719.86	3717.34	3725.80	3729.26	3733.00	3734.98	3733.96	3732.54	3730.72	3726.86	
3731.40	3732.24	3728.92	3724.58	3726.36	3723.52	3726.38	3731.22	3729.18	3733.54	3734.38	3732.14	3735.18	3733.76	3742.00	3740.54	
3742.08	3745.38	3743.90	3739.78	3741.76	3739.42	3738.26	3732.20	3737.98	3739.72	3726.18	3736.92	3737.92	3738.74	3737.24	3738.90	
3729.58	3714.38	3713.90	3712.84	3712.00	3713.02	3728.42	3744.08	3734.00	3730.50	3724.04	3704.90	3725.78	3740.00	3727.26	3725.86	
3728.40	3723.64	3721.64	3726.94	3717.90	3713.74	3710.84	3707.00	3707.04	3711.44	3718.30	3722.70	3719.70	3721.74	3744.16	3701.54	

*******************************************2025/03/31;02:42:04
Probe number 175
Concentration entered by User 1.96% (Compensated: 2.29% at temperature 24.7)
1276.14	1275.18	1302.80	1316.08	1330.20	1346.20	1366.32	1380.58	1399.44	1416.50	1435.64	1462.86	1481.88	1507.12	1534.70	1564.54	
1592.24	1622.54	1651.20	1686.08	1722.12	1763.90	1809.30	1852.62	1907.62	1955.20	2015.20	2094.88	2191.78	2322.74	2465.66	2634.98	
2989.78	3374.34	3603.68	3684.24	3728.68	3737.60	3729.96	3730.88	3727.06	3724.78	3719.52	3718.30	3723.56	3721.12	3719.30	3715.16	
3711.88	3712.58	3718.78	3727.24	3718.14	3721.18	3718.30	3716.06	3724.10	3727.94	3731.32	3732.96	3731.78	3730.82	3729.06	3724.90	
3729.50	3730.30	3727.44	3722.58	3724.06	3721.52	3724.44	3729.00	3727.16	3731.36	3732.06	3729.92	3733.12	3731.78	3739.26	3738.88	
3740.44	3743.30	3741.98	3737.84	3739.56	3737.70	3736.32	3729.86	3735.74	3737.42	3723.82	3734.62	3735.94	3736.54	3735.44	3736.96	
3727.62	3711.78	3711.18	3710.16	3709.46	3711.16	3726.14	3742.10	3731.94	3728.32	3721.74	3703.06	3723.42	3738.06	3724.90	3723.78	
3726.00	3721.60	3719.66	3725.22	3715.48	3711.56	3708.40	3704.84	3704.90	3709.10	3716.08	3720.70	3717.32	3719.68	3742.00	3699.30	

*******************************************2025/03/31;03:02:04
Probe number 176
Concentration entered by User 1.89% (Compensated: 2.21% at temperature 24.7)
1272.04	1271.30	1299.02	1313.22	1326.92	1343.30	1362.88	1376.90	1396.14	1413.48	1433.38	1460.66	1484.04	1510.64	1538.88	1570.92	
1597.42	1629.32	1656.32	1691.76	1725.42	1769.96	1811.14	1861.36	1910.88	1960.10	2013.44	2089.38	2176.94	2306.16	2469.08	2647.48	
3031.14	3370.98	3625.92	3706.94	3731.16	3738.54	3730.04	3730.22	3727.48	3725.66	3720.42	3718.72	3723.66	3721.16	3719.18	3715.46	
3711.76	3712.56	3718.82	3726.82	3717.42	3720.20	3717.26	3715.32	3723.52	3727.42	3730.22	3731.74	3731.04	3730.16	3728.28	3724.04	
3728.10	3729.02	3726.38	3721.70	3723.24	3720.16	3723.08	3728.02	3725.50	3730.14	3731.28	3728.96	3732.12	3730.64	3738.42	3737.26	
3739.06	3742.22	3740.78	3736.60	3738.22	3736.20	3735.32	3729.00	3734.68	3736.22	3722.36	3733.60	3734.76	3735.44	3734.18	3735.66	
3726.36	3710.58	3710.02	3709.14	3707.64	3709.42	3724.56	3740.94	3730.66	3727.10	3720.68	3701.26	3722.40	3736.46	3723.92	3722.62	
3725.10	3720.36	3717.82	3723.92	3713.92	3710.08	3707.30	3703.16	3703.18	3707.86	3714.46	3719.32	3715.88	3718.28	3740.90	3698.20	

*******************************************2025/03/31;03:22:04
Probe number 177
Concentration entered by User 2.04% (Compensated: 2.36% at temperature 24.6)
1273.40	1272.04	1299.82	1313.90	1327.10	1344.66	1364.10	1378.32	1397.38	1415.36	1434.64	1461.04	1482.18	1507.70	1536.12	1565.12	
1589.68	1622.48	1652.58	1684.42	1721.24	1765.22	1809.16	1861.18	1918.14	1971.78	2037.48	2113.56	2200.16	2318.70	2503.12	2672.56	
2905.42	3295.94	3675.10	3713.02	3732.78	3741.18	3732.22	3731.02	3728.34	3726.04	3721.48	3720.50	3725.26	3722.28	3720.48	3716.90	
3713.20	3713.96	3719.10	3727.40	3718.66	3721.38	3718.62	3716.48	3724.58	3727.74	3731.10	3732.68	3732.06	3731.04	3728.74	3724.42	
3728.80	3729.68	3726.66	3721.94	3723.88	3720.70	3723.92	3728.54	3726.48	3730.76	3731.96	3729.42	3732.56	3731.16	3738.80	3737.80	
3739.38	3742.82	3741.10	3736.88	3739.00	3736.84	3735.78	3729.48	3734.90	3737.04	3723.24	3734.24	3735.28	3735.78	3734.68	3736.18	
3726.70	3711.32	3710.70	3709.50	3708.46	3710.24	3725.62	3741.48	3731.06	3727.48	3721.56	3702.30	3722.82	3737.12	3724.60	3722.90	
3725.72	3720.80	3718.74	3724.06	3714.60	3710.54	3707.94	3703.72	3703.94	3708.54	3714.98	3719.70	3716.46	3719.08	3741.66	3698.64	

*******************************************2025/03/31;03:42:04
Probe number 178
Concentration entered by User 1.67% (Compensated: 1.99% at temperature 24.5)
1274.22	1273.96	1301.40	1315.36	1329.52	1345.50	1364.60	1380.26	1399.84	1416.38	1437.12	1463.46	1484.64	1510.44	1536.84	1568.48	
1595.40	1625.36	1654.54	1688.28	1724.56	1769.30	1813.24	1865.36	1924.00	1973.72	2038.24	2106.38	2181.10	2311.72	2499.44	2721.00	
2998.92	3502.24	3673.68	3709.62	3739.84	3741.52	3732.78	3732.64	3729.26	3728.38	3724.14	3723.28	3727.96	3724.94	3722.94	3719.10	
3715.14	3715.48	3720.88	3728.84	3719.94	3722.56	3720.08	3717.72	3725.80	3729.00	3732.10	3733.98	3733.12	3731.74	3729.40	3725.64	
3729.90	3730.62	3727.92	3723.28	3725.12	3721.74	3724.84	3729.62	3727.14	3731.78	3732.86	3730.56	3733.54	3731.90	3740.06	3739.10	
3740.34	3743.48	3741.68	3737.72	3739.76	3737.88	3736.76	3730.42	3736.08	3737.44	3723.68	3735.40	3736.30	3736.94	3735.42	3737.24	
3727.72	3712.16	3711.68	3710.98	3709.54	3710.98	3726.50	3742.26	3732.66	3728.50	3722.24	3703.02	3724.10	3737.84	3725.24	3723.86	
3726.72	3721.64	3719.68	3725.26	3715.64	3711.58	3708.70	3705.12	3704.74	3709.14	3716.04	3721.36	3717.38	3720.12	3742.52	3699.48	

*******************************************2025/03/31;04:00:03
Probe number 179
Concentration entered by User 1.69% (Compensated: 2.00% at temperature 24.5)
1269.16	1268.30	1295.56	1309.94	1323.72	1340.18	1359.32	1375.10	1394.66	1411.26	1431.80	1457.98	1478.40	1503.90	1529.56	1560.30	
1586.80	1619.04	1648.44	1681.38	1716.58	1761.08	1806.02	1855.22	1918.12	1965.20	2029.16	2101.44	2178.32	2316.02	2496.82	2709.08	
2976.52	3500.32	3679.04	3733.22	3744.10	3737.76	3733.84	3730.66	3728.42	3728.22	3724.82	3723.64	3728.12	3724.80	3722.22	3718.02	
3713.78	3713.96	3719.28	3728.14	3719.54	3722.28	3719.02	3716.48	3724.84	3727.46	3730.86	3732.52	3731.88	3730.84	3728.08	3723.76	
3728.00	3729.02	3726.08	3721.64	3723.30	3719.90	3722.84	3727.56	3725.76	3729.88	3731.16	3728.50	3731.64	3730.36	3738.48	3737.72	
3738.68	3741.56	3739.84	3735.84	3738.36	3736.72	3735.52	3728.70	3733.70	3735.44	3721.74	3733.60	3734.94	3735.56	3733.30	3735.10	
3725.52	3709.96	3709.64	3708.84	3707.28	3708.88	3724.46	3740.32	3730.44	3726.76	3720.12	3701.02	3722.02	3736.36	3723.56	3722.10	
3724.80	3719.84	3717.60	3723.40	3713.90	3709.30	3706.60	3703.32	3703.16	3707.34	3714.10	3718.82	3715.76	3717.96	3740.44	3697.64	

*******************************************2025/03/31;04:02:04
Probe number 180
Concentration entered by User 1.75% (Compensated: 2.06% at temperature 24.5)
1267.92	1267.68	1295.06	1309.28	1322.76	1339.42	1358.74	1373.84	1393.38	1411.26	1431.20	1457.74	1477.44	1502.60	1529.84	1557.54	
1583.90	1618.08	1646.98	1679.04	1714.96	1760.06	1806.14	1854.94	1913.18	1963.66	2024.46	2098.58	2174.56	2311.96	2492.58	2704.10	
2966.30	3470.18	3668.12	3730.68	3739.18	3733.66	3729.42	3726.20	3724.18	3724.30	3720.40	3719.54	3723.86	3720.18	3717.52	3713.12	
3709.04	3708.98	3715.28	3723.72	3714.92	3717.64	3714.20	3712.08	3720.28	3723.16	3726.66	3728.46	3727.64	3726.52	3723.78	3719.16	
3723.74	3724.52	3721.74	3717.06	3718.34	3715.68	3718.34	3723.24	3721.38	3725.62	3726.78	3724.36	3727.44	3726.00	3734.20	3733.36	
3734.48	3737.64	3735.78	3731.82	3734.10	3732.56	3731.36	3724.50	3729.60	3731.42	3717.38	3729.00	3730.48	3731.16	3729.30	3730.92	
3721.18	3705.24	3704.64	3703.64	3702.70	3704.18	3719.90	3736.54	3726.00	3722.26	3715.64	3696.24	3717.34	3732.46	3718.78	3717.78	
3720.10	3714.96	3712.68	3718.96	3708.94	3704.38	3701.62	3698.00	3697.70	3702.42	3709.52	3714.32	3710.58	3713.14	3736.28	3692.42	

*******************************************2025/03/31;04:22:04
Probe number 181
Concentration entered by User 2.21% (Compensated: 2.52% at temperature 24.4)
1264.62	1264.22	1291.48	1306.36	1320.12	1336.30	1356.26	1371.52	1390.24	1408.10	1428.54	1454.48	1475.10	1500.64	1525.86	1556.58	
1582.28	1614.90	1647.70	1680.64	1712.24	1757.00	1804.26	1853.44	1906.76	1962.54	2021.84	2093.84	2185.42	2332.84	2528.70	2716.68	
2941.80	3258.70	3519.76	3691.82	3737.12	3738.84	3733.22	3731.50	3730.36	3730.88	3726.36	3724.54	3728.72	3724.92	3722.70	3718.86	
3714.80	3715.08	3720.80	3729.44	3720.54	3722.90	3719.60	3716.66	3724.18	3727.56	3731.14	3732.76	3731.82	3730.36	3727.58	3722.86	
3727.64	3728.24	3725.32	3720.48	3721.90	3719.14	3721.58	3726.60	3724.78	3728.78	3729.86	3727.32	3730.74	3729.28	3737.32	3735.78	
3737.74	3740.62	3738.94	3735.28	3737.22	3735.12	3734.28	3727.28	3732.88	3734.90	3721.00	3732.24	3733.50	3733.66	3732.24	3733.70	
3724.24	3708.62	3708.14	3707.82	3706.24	3707.48	3723.34	3739.56	3729.36	3725.26	3718.76	3700.12	3720.60	3735.22	3721.88	3720.58	
3723.48	3718.64	3716.32	3722.08	3712.66	3708.32	3705.74	3701.62	3701.54	3706.22	3712.96	3717.72	3713.82	3716.72	3739.44	3696.02	

*******************************************2025/03/31;04:42:04
Probe number 182
Concentration entered by User 1.67% (Compensated: 1.97% at temperature 24.4)
1251.34	1250.78	1277.22	1291.68	1305.18	1322.12	1342.32	1357.66	1376.92	1394.64	1415.38	1441.52	1461.66	1485.06	1511.88	1542.14	
1568.78	1600.36	1629.56	1665.18	1699.92	1741.86	1782.60	1831.46	1884.80	1933.30	1996.36	2066.38	2157.42	2296.76	2496.00	2721.44	
3094.94	3412.64	3698.90	3745.62	3730.90	3738.30	3730.94	3732.44	3730.28	3730.40	3725.74	3723.86	3728.12	3724.32	3722.44	3717.96	
3713.76	3714.02	3719.10	3727.34	3717.86	3720.02	3716.70	3713.74	3721.60	3724.88	3728.28	3730.14	3729.00	3727.26	3724.58	3720.20	
3724.48	3724.96	3721.64	3717.00	3718.86	3715.52	3718.12	3723.16	3720.74	3724.86	3726.28	3723.62	3727.10	3725.70	3733.66	3732.78	
3733.92	3737.32	3735.44	3731.20	3733.94	3731.70	3730.30	3723.22	3728.60	3731.28	3717.34	3728.98	3730.02	3730.28	3728.18	3729.86	
3720.60	3705.04	3704.54	3703.50	3701.66	3703.34	3719.26	3735.88	3725.54	3721.74	3714.90	3695.28	3716.88	3731.56	3718.38	3716.66	
3719.32	3714.74	3712.48	3718.52	3708.40	3704.14	3701.22	3696.92	3697.12	3701.98	3709.02	3714.00	3709.80	3712.26	3735.58	3691.28	

*******************************************2025/03/31;05:02:04
Probe number 183
Concentration entered by User 1.50% (Compensated: 1.80% at temperature 24.3)
1241.10	1241.44	1267.42	1282.06	1295.64	1311.74	1331.22	1347.22	1366.90	1384.14	1405.40	1431.30	1449.34	1474.36	1501.72	1534.72	
1559.74	1594.16	1627.86	1662.02	1696.56	1740.70	1785.68	1834.40	1889.52	1938.56	1996.74	2068.26	2142.04	2274.60	2459.66	2726.76	
3103.82	3544.20	3711.60	3723.26	3736.38	3744.20	3737.16	3736.58	3733.74	3732.32	3727.00	3724.54	3727.48	3724.04	3723.74	3721.30	
3716.62	3716.62	3721.42	3728.14	3717.60	3719.50	3716.20	3716.10	3723.98	3725.54	3727.48	3728.30	3727.82	3726.40	3723.92	3719.18	
3723.36	3723.60	3720.42	3715.74	3717.18	3714.22	3716.80	3721.48	3719.04	3723.68	3725.04	3721.84	3725.34	3723.90	3731.94	3730.86	
3732.42	3735.40	3734.02	3729.78	3732.42	3730.46	3728.92	3721.76	3727.12	3729.38	3715.38	3727.42	3729.00	3729.06	3726.88	3728.12	
3718.84	3703.32	3702.60	3701.90	3699.92	3701.60	3717.36	3734.52	3723.74	3719.90	3713.30	3693.14	3714.88	3730.14	3716.38	3715.20	
3717.98	3712.78	3710.92	3716.48	3706.74	3702.04	3699.36	3695.52	3695.34	3700.44	3706.88	3711.44	3708.22	3711.34	3734.56	3689.64	

*******************************************2025/03/31;05:22:04
Probe number 184
Concentration entered by User 2.04% (Compensated: 2.34% at temperature 24.3)
1233.12	1233.86	1258.76	1272.92	1286.68	1302.54	1322.22	1337.68	1357.30	1374.88	1394.98	1419.90	1441.56	1465.88	1491.56	1521.66	
1547.36	1581.04	1612.40	1648.42	1687.78	1736.20	1782.10	1832.80	1886.74	1938.40	2001.78	2067.52	2151.56	2287.02	2461.38	2661.64	
2942.38	3305.44	3615.54	3740.42	3727.28	3738.20	3734.28	3736.24	3736.24	3734.78	3729.06	3726.96	3729.22	3726.22	3725.30	3721.28	
3717.36	3717.44	3722.92	3730.28	3720.60	3722.10	3718.86	3716.62	3724.66	3726.84	3729.36	3730.60	3729.84	3727.98	3725.26	3720.28	
3724.28	3724.50	3721.66	3716.48	3718.30	3715.02	3717.76	3722.04	3719.60	3724.16	3725.08	3722.94	3726.16	3724.62	3732.74	3731.30	
3733.00	3736.04	3734.46	3730.40	3732.62	3730.50	3729.56	3722.88	3727.82	3729.82	3715.82	3728.10	3729.18	3729.70	3727.80	3729.08	
3719.50	3704.00	3703.42	3702.82	3700.74	3701.86	3718.20	3734.88	3724.50	3720.92	3713.90	3693.96	3715.60	3730.60	3716.92	3715.60	
3718.40	3713.42	3711.02	3717.14	3707.46	3702.78	3700.46	3696.22	3695.94	3700.74	3707.44	3712.08	3709.48	3712.02	3735.18	3690.36	

*******************************************2025/03/31;05:42:04
Probe number 185
Concentration entered by User 2.19% (Compensated: 2.48% at temperature 24.3)
1229.92	1230.36	1255.24	1269.70	1283.96	1299.42	1318.38	1333.88	1353.46	1370.78	1390.04	1416.80	1435.30	1460.30	1486.26	1517.86	
1544.94	1579.10	1610.22	1646.80	1684.02	1729.72	1774.08	1825.22	1881.66	1935.40	2005.26	2078.36	2175.36	2299.54	2446.42	2611.56	
2888.98	3259.70	3570.50	3739.92	3728.66	3741.68	3737.44	3740.62	3738.94	3737.72	3732.72	3729.72	3732.50	3729.10	3727.68	3724.16	
3720.72	3720.84	3726.00	3732.80	3723.06	3724.48	3720.50	3718.54	3726.44	3728.48	3731.14	3732.38	3731.28	3729.38	3726.38	3721.82	
3725.50	3725.78	3722.48	3718.14	3719.96	3715.82	3717.80	3722.48	3720.46	3724.90	3726.12	3723.64	3726.86	3725.36	3733.10	3731.78	
3733.74	3737.04	3735.16	3730.94	3732.96	3731.36	3730.14	3723.40	3728.28	3730.32	3716.84	3728.96	3730.08	3729.78	3728.08	3729.34	
3720.44	3704.78	3704.14	3703.50	3700.98	3702.34	3718.46	3735.74	3725.12	3721.32	3714.22	3694.54	3716.12	3731.10	3717.88	3716.36	
3719.18	3714.06	3711.88	3718.12	3707.96	3703.38	3700.76	3697.02	3696.56	3701.32	3708.16	3712.52	3709.72	3712.82	3735.84	3691.28	

*******************************************2025/03/31;06:02:04
Probe number 186
Concentration entered by User 1.60% (Compensated: 1.89% at temperature 24.2)
1227.08	1228.38	1252.82	1267.24	1280.22	1295.74	1315.28	1330.92	1350.54	1367.14	1386.56	1411.74	1432.66	1457.44	1482.46	1511.48	
1536.22	1568.80	1598.46	1630.74	1669.18	1709.72	1750.82	1798.48	1845.44	1900.02	1968.48	2039.94	2135.44	2258.72	2467.52	2822.44	
3171.54	3381.22	3673.28	3755.82	3736.36	3747.42	3742.38	3744.84	3743.24	3741.26	3736.08	3733.94	3736.92	3733.64	3731.94	3728.28	
3723.92	3724.96	3729.62	3736.68	3726.90	3728.56	3725.04	3722.38	3729.36	3731.82	3734.58	3735.84	3734.64	3732.82	3729.60	3724.76	
3728.52	3729.08	3725.54	3720.90	3722.82	3719.16	3720.98	3725.26	3723.38	3727.56	3729.18	3726.30	3729.62	3728.40	3735.90	3735.04	
3736.20	3739.72	3737.98	3733.60	3735.82	3734.08	3733.14	3725.98	3730.98	3733.62	3719.46	3731.52	3732.68	3732.82	3731.02	3731.64	
3723.06	3708.00	3707.82	3706.68	3703.90	3705.60	3721.62	3738.04	3728.02	3724.04	3717.46	3698.02	3718.94	3734.00	3720.44	3719.42	
3721.60	3717.10	3714.80	3720.84	3711.32	3706.46	3704.34	3700.04	3699.90	3703.98	3711.02	3715.92	3712.76	3715.56	3738.42	3694.72	

*******************************************2025/03/31;06:22:04
Probe number 187
Concentration entered by User 1.64% (Compensated: 1.92% at temperature 24.2)
1223.28	1224.18	1248.90	1263.86	1276.58	1292.70	1311.60	1326.80	1346.08	1363.10	1383.70	1409.50	1428.32	1453.08	1478.38	1506.02	
1531.84	1562.18	1594.06	1627.86	1663.32	1706.68	1750.76	1789.02	1838.90	1894.84	1953.18	2034.68	2125.80	2242.86	2469.04	2785.30	
3153.16	3384.88	3664.22	3752.82	3736.66	3747.76	3743.40	3745.34	3743.62	3741.80	3736.98	3734.62	3737.94	3734.24	3732.64	3728.74	
3724.50	3725.14	3729.98	3737.00	3727.60	3728.80	3725.34	3722.52	3729.82	3731.94	3734.04	3735.62	3734.46	3732.02	3729.06	3723.82	
3727.72	3727.80	3724.88	3719.78	3721.32	3717.62	3719.40	3724.18	3721.60	3726.04	3727.34	3724.68	3728.48	3726.82	3734.50	3733.04	
3734.80	3738.14	3736.66	3732.18	3734.44	3732.76	3731.00	3724.46	3729.46	3731.94	3718.16	3730.22	3731.04	3731.32	3729.44	3730.46	
3721.36	3706.46	3705.92	3705.06	3702.44	3704.08	3719.96	3736.90	3726.84	3722.88	3715.32	3695.94	3717.24	3732.46	3718.62	3717.48	
3720.06	3715.50	3713.30	3718.96	3709.20	3704.70	3702.20	3698.12	3698.34	3702.68	3709.42	3714.32	3710.90	3713.80	3736.52	3692.66	

*******************************************2025/03/31;06:42:04
Probe number 188
Concentration entered by User 1.57% (Compensated: 1.86% at temperature 24.3)
1235.52	1235.40	1260.02	1272.62	1284.56	1299.56	1316.36	1329.26	1347.00	1362.38	1380.20	1402.26	1419.96	1444.58	1468.40	1497.78	
1523.62	1556.72	1584.98	1617.92	1652.56	1696.06	1736.00	1777.72	1828.62	1877.64	1939.22	2006.98	2090.54	2204.86	2386.92	2695.66	
3116.56	3483.00	3709.94	3751.92	3727.48	3737.14	3728.06	3727.38	3725.00	3725.94	3723.14	3721.82	3725.10	3720.92	3718.10	3713.58	
3710.02	3711.32	3717.04	3724.88	3714.54	3715.64	3712.36	3710.08	3717.92	3721.32	3724.56	3726.08	3724.92	3723.24	3720.58	3716.24	
3720.32	3721.22	3718.76	3714.62	3716.64	3713.14	3715.32	3719.60	3717.22	3721.38	3723.46	3721.66	3725.44	3723.52	3731.12	3729.40	
3731.28	3735.56	3733.48	3729.06	3731.28	3729.46	3727.78	3721.08	3726.50	3728.86	3714.40	3726.36	3727.68	3728.28	3726.50	3727.58	
3718.04	3702.46	3701.78	3700.90	3699.36	3700.44	3716.44	3733.56	3723.10	3718.90	3711.88	3692.32	3714.02	3729.10	3715.36	3714.08	
3716.72	3711.72	3709.06	3715.84	3705.20	3701.20	3698.88	3694.38	3694.32	3699.26	3705.68	3710.48	3707.24	3710.14	3733.44	3689.02	

*******************************************2025/03/31;07:00:03
Probe number 189
Concentration entered by User 2.49% (Compensated: 2.79% at temperature 24.4)
1262.48	1261.42	1288.12	1301.64	1314.64	1329.86	1348.78	1363.44	1382.10	1400.44	1421.58	1449.44	1471.98	1496.82	1524.58	1559.28	
1587.74	1624.44	1656.26	1696.20	1739.08	1782.66	1828.24	1876.34	1928.18	1982.22	2059.08	2132.44	2221.14	2325.44	2473.84	2637.76	
2866.28	3166.80	3452.18	3636.98	3721.82	3726.70	3713.88	3715.82	3714.60	3714.44	3708.86	3708.22	3715.04	3713.02	3713.04	3710.34	
3707.96	3709.26	3714.42	3722.28	3713.12	3717.76	3716.44	3714.74	3722.44	3725.50	3729.18	3730.40	3729.44	3728.46	3726.98	3723.18	
3727.44	3727.74	3725.18	3721.56	3723.16	3720.10	3722.18	3726.86	3725.28	3729.74	3731.42	3728.92	3732.06	3730.02	3737.32	3736.56	
3738.80	3742.62	3740.30	3735.88	3737.66	3735.90	3734.92	3728.42	3733.52	3736.06	3722.30	3733.70	3734.52	3735.46	3733.84	3734.72	
3725.46	3710.52	3709.88	3709.28	3707.42	3708.60	3724.12	3740.88	3730.78	3726.58	3720.22	3700.98	3721.82	3736.36	3723.02	3722.08	
3724.62	3719.34	3717.56	3723.56	3713.54	3709.14	3706.08	3702.56	3702.60	3707.34	3714.42	3718.50	3714.64	3717.64	3740.88	3697.48	

*******************************************2025/03/31;07:02:04
Probe number 190
Concentration entered by User 2.40% (Compensated: 2.70% at temperature 24.4)
1263.42	1262.30	1288.90	1301.76	1314.80	1329.76	1349.04	1364.52	1384.74	1402.00	1423.86	1450.24	1472.90	1500.28	1527.06	1562.02	
1591.90	1628.48	1661.82	1700.10	1743.78	1791.78	1837.90	1883.84	1937.92	1997.30	2063.62	2144.66	2227.32	2351.26	2485.80	2671.70	
2884.38	3194.92	3480.90	3652.82	3732.78	3734.92	3720.86	3722.30	3720.70	3720.30	3714.44	3712.52	3718.38	3716.40	3716.08	3714.04	
3711.56	3712.92	3717.38	3724.82	3715.62	3719.70	3718.96	3717.04	3725.02	3727.74	3731.38	3732.90	3732.42	3731.06	3729.52	3725.72	
3729.80	3729.62	3727.32	3723.48	3725.14	3722.26	3724.48	3728.90	3727.64	3731.88	3733.36	3730.62	3734.06	3732.54	3739.66	3738.56	
3740.90	3744.30	3742.02	3737.80	3739.92	3738.00	3737.04	3730.34	3735.52	3737.88	3724.10	3735.58	3736.66	3737.44	3735.36	3736.86	
3728.08	3712.88	3712.16	3711.64	3709.90	3711.02	3726.96	3742.74	3732.50	3728.78	3722.18	3703.50	3724.00	3738.58	3725.14	3723.96	
3726.28	3721.80	3719.78	3725.66	3716.02	3711.52	3709.02	3705.06	3705.22	3710.02	3716.34	3720.60	3717.24	3720.14	3742.50	3699.78	

*******************************************2025/03/31;07:22:04
Probe number 191
Concentration entered by User 2.33% (Compensated: 2.64% at temperature 24.6)
1268.96	1267.50	1294.86	1307.74	1320.36	1335.86	1354.78	1369.32	1389.48	1406.80	1427.74	1456.32	1478.14	1507.04	1535.52	1568.86	
1598.58	1632.90	1668.42	1707.48	1750.50	1799.68	1846.88	1892.98	1948.64	2002.74	2064.22	2137.44	2228.64	2352.18	2508.04	2682.90	
2901.32	3218.34	3503.00	3666.62	3742.64	3734.42	3721.46	3722.24	3721.38	3719.54	3713.04	3711.84	3716.94	3714.44	3714.02	3710.80	
3708.24	3709.80	3714.68	3722.12	3713.08	3716.72	3715.24	3713.72	3722.18	3725.24	3728.78	3730.08	3729.46	3727.98	3726.12	3722.56	
3727.16	3727.52	3725.04	3720.76	3722.64	3719.76	3721.98	3726.56	3724.80	3729.22	3730.86	3728.60	3731.66	3729.76	3737.36	3736.34	
3738.74	3741.98	3739.90	3735.22	3737.48	3735.92	3734.36	3727.86	3733.24	3735.72	3721.84	3733.38	3734.20	3735.10	3733.16	3734.56	
3725.54	3710.04	3709.42	3708.82	3707.12	3708.50	3724.28	3740.18	3730.10	3726.56	3719.98	3700.66	3721.68	3736.12	3723.10	3721.72	
3723.80	3719.38	3717.32	3723.24	3713.58	3708.82	3706.28	3702.32	3702.46	3706.94	3714.18	3718.34	3715.02	3717.56	3740.30	3697.18	

*******************************************2025/03/31;07:42:04
Probe number 192
Concentration entered by User 2.23% (Compensated: 2.58% at temperature 25.0)
1287.56	1285.08	1313.22	1326.56	1339.40	1355.88	1375.58	1390.60	1410.92	1428.94	1450.44	1479.44	1501.46	1529.30	1556.62	1590.42	
1618.06	1654.50	1687.34	1730.14	1767.12	1811.98	1850.62	1891.96	1942.30	2001.34	2066.86	2151.64	2239.02	2374.14	2536.04	2701.92	
2936.22	3213.80	3554.04	3715.04	3708.10	3716.22	3709.30	3712.94	3713.28	3713.64	3708.20	3707.44	3713.14	3711.48	3711.20	3708.26	
3705.38	3707.38	3713.42	3722.34	3714.00	3717.78	3716.12	3714.04	3722.56	3725.74	3729.58	3731.66	3731.34	3730.10	3728.20	3724.64	
3729.36	3729.26	3727.08	3722.78	3724.96	3722.02	3725.00	3729.22	3727.54	3731.74	3733.00	3730.82	3734.04	3732.42	3739.58	3738.84	
3740.88	3744.34	3742.20	3737.96	3739.90	3738.18	3737.18	3729.98	3735.36	3738.12	3724.68	3735.86	3736.50	3737.08	3735.52	3736.98	
3728.34	3713.02	3712.78	3711.78	3710.06	3711.72	3727.22	3742.86	3732.96	3729.26	3722.12	3703.34	3724.18	3738.54	3725.68	3724.18	
3727.06	3722.02	3720.00	3725.96	3716.34	3711.62	3708.84	3705.28	3705.70	3710.34	3717.14	3721.68	3717.36	3720.00	3742.80	3700.44	

*******************************************2025/03/31;08:02:04
Probe number 193
Concentration entered by User 1.86% (Compensated: 2.22% at temperature 25.2)
1295.62	1293.66	1323.04	1336.98	1350.34	1366.52	1385.88	1401.16	1420.50	1438.22	1459.70	1489.70	1512.64	1539.76	1567.28	1597.32	
1621.32	1652.86	1686.92	1724.44	1765.22	1809.68	1852.82	1901.92	1959.80	2016.00	2085.42	2170.66	2272.02	2391.88	2541.42	2695.90	
2973.08	3389.04	3672.76	3720.28	3706.06	3713.06	3706.68	3710.52	3712.76	3714.74	3710.10	3710.12	3715.78	3714.42	3713.90	3710.48	
3707.64	3709.86	3716.30	3724.82	3717.78	3721.68	3720.26	3718.10	3725.32	3728.62	3732.36	3734.90	3734.92	3734.26	3732.28	3728.66	
3732.48	3732.54	3730.38	3726.84	3728.62	3726.28	3728.46	3733.24	3731.48	3735.38	3736.88	3735.00	3737.84	3736.56	3743.76	3742.92	
3744.72	3747.76	3745.96	3741.90	3743.62	3742.08	3740.74	3733.90	3739.58	3741.90	3728.94	3739.64	3740.68	3740.90	3739.54	3741.44	
3731.96	3717.42	3716.98	3715.76	3714.94	3716.10	3731.18	3746.52	3736.84	3733.26	3726.54	3708.52	3728.26	3742.54	3729.74	3728.16	
3730.44	3726.36	3724.56	3729.86	3720.82	3716.42	3713.74	3709.86	3710.46	3715.00	3721.34	3725.76	3721.82	3724.48	3746.74	3705.24	

*******************************************2025/03/31;08:22:04
Probe number 194
Concentration entered by User 1.67% (Compensated: 2.05% at temperature 25.4)
1300.18	1297.82	1327.62	1340.64	1354.76	1371.54	1390.78	1406.66	1427.04	1443.64	1465.28	1493.78	1515.28	1542.38	1567.76	1597.34	
1624.20	1660.10	1696.12	1739.76	1782.08	1827.74	1866.72	1901.44	1950.26	2000.22	2062.78	2143.06	2229.88	2337.48	2488.14	2709.76	
3094.38	3458.06	3641.18	3706.32	3699.56	3706.58	3698.64	3701.96	3704.08	3708.24	3705.54	3706.88	3713.26	3711.02	3711.42	3708.30	
3704.92	3707.70	3714.82	3724.82	3717.66	3722.20	3719.86	3717.44	3725.24	3728.26	3732.36	3734.94	3734.46	3734.04	3732.06	3728.22	
3732.62	3732.66	3730.48	3726.90	3728.74	3726.02	3728.52	3733.14	3731.50	3735.62	3736.62	3735.20	3737.94	3736.90	3744.16	3742.86	
3744.76	3747.98	3746.44	3742.12	3743.64	3742.10	3740.52	3734.42	3740.00	3742.00	3729.40	3739.86	3740.48	3740.96	3739.48	3741.08	
3732.46	3718.04	3717.36	3715.98	3715.34	3716.36	3731.48	3747.06	3737.28	3733.28	3726.62	3707.94	3728.52	3742.32	3730.10	3728.52	
3730.48	3726.58	3725.06	3730.42	3720.76	3716.50	3713.38	3710.18	3710.46	3714.76	3721.50	3726.12	3722.30	3724.26	3746.50	3705.40	

*******************************************2025/03/31;08:42:04
Probe number 195
Concentration entered by User 1.65% (Compensated: 2.05% at temperature 25.7)
1303.48	1301.26	1330.74	1344.58	1357.30	1374.28	1392.86	1407.56	1428.50	1445.26	1465.56	1494.90	1514.24	1540.54	1568.00	1601.08	
1630.20	1666.28	1703.08	1743.74	1779.78	1822.28	1858.62	1890.52	1933.58	1981.80	2046.30	2127.56	2201.46	2320.66	2526.96	2788.50	
3139.00	3422.54	3617.34	3691.52	3686.38	3695.48	3687.30	3691.10	3693.84	3698.60	3696.64	3699.62	3706.56	3704.66	3704.60	3702.02	
3698.76	3701.02	3708.92	3719.52	3711.80	3715.78	3713.34	3711.42	3719.94	3722.98	3727.40	3729.58	3729.16	3728.40	3726.52	3722.34	
3727.16	3727.62	3725.48	3721.74	3723.86	3721.18	3723.70	3727.84	3726.18	3730.70	3732.48	3730.12	3732.84	3731.92	3739.52	3738.22	
3740.06	3743.52	3742.22	3737.38	3739.20	3737.30	3735.88	3729.40	3734.74	3737.52	3723.96	3734.92	3735.96	3736.20	3735.34	3736.50	
3726.94	3712.00	3711.66	3710.20	3709.82	3710.40	3726.40	3742.24	3732.14	3727.84	3721.42	3702.34	3723.24	3737.60	3724.58	3723.38	
3725.32	3721.40	3719.60	3725.14	3715.16	3710.86	3708.32	3704.66	3704.82	3709.18	3716.16	3720.84	3716.72	3718.96	3741.50	3699.14	

*******************************************2025/03/31;09:02:04
Probe number 196
Concentration entered by User 1.75% (Compensated: 2.16% at temperature 25.8)
1304.40	1302.20	1331.18	1344.14	1357.28	1374.46	1392.76	1408.08	1429.40	1447.26	1468.64	1495.52	1518.96	1547.12	1572.24	1607.84	
1637.08	1674.04	1706.42	1746.98	1778.48	1823.44	1865.16	1906.76	1951.58	1988.06	2055.36	2123.90	2206.84	2347.54	2552.00	2795.88	
3113.40	3387.52	3601.16	3684.58	3680.20	3688.98	3680.66	3684.92	3688.40	3694.20	3693.38	3697.14	3703.78	3701.26	3700.88	3697.84	
3695.02	3698.28	3706.32	3716.74	3708.88	3712.24	3710.08	3708.82	3717.70	3720.82	3725.36	3727.08	3726.48	3726.10	3724.02	3720.24	
3725.20	3725.22	3723.02	3719.44	3721.66	3718.88	3721.50	3725.82	3723.58	3728.36	3729.70	3727.74	3730.50	3729.74	3737.50	3736.16	
3737.82	3741.64	3740.28	3735.32	3737.00	3734.92	3733.66	3726.64	3732.62	3735.06	3721.54	3732.82	3733.66	3733.86	3732.60	3733.94	
3724.14	3709.32	3709.24	3707.50	3707.02	3707.86	3724.12	3739.72	3729.90	3725.60	3718.70	3699.80	3720.62	3735.88	3722.18	3721.64	
3722.82	3718.38	3716.92	3722.68	3713.00	3708.30	3705.06	3701.66	3702.26	3706.66	3713.70	3718.02	3713.92	3716.10	3739.76	3697.02	

*******************************************2025/03/31;09:22:04
Probe number 197
Concentration entered by User 1.74% (Compensated: 2.16% at temperature 26.1)
1303.44	1301.50	1330.32	1344.14	1357.02	1373.70	1393.52	1408.62	1428.90	1447.00	1467.62	1496.28	1519.70	1548.52	1576.64	1608.96	
1637.62	1669.66	1701.38	1743.56	1785.88	1823.74	1864.96	1901.02	1955.64	1996.40	2063.96	2140.94	2241.96	2376.04	2564.08	2802.94	
3125.52	3394.84	3591.60	3673.66	3678.94	3687.32	3679.02	3683.50	3687.40	3694.64	3695.72	3700.08	3705.84	3702.74	3702.10	3700.10	
3698.78	3702.10	3709.06	3719.14	3711.14	3714.48	3712.50	3710.98	3720.02	3723.42	3727.74	3729.12	3728.78	3728.08	3726.18	3722.80	
3727.26	3727.92	3725.62	3722.18	3724.28	3721.32	3723.14	3727.22	3725.94	3730.72	3732.30	3730.26	3732.28	3731.92	3739.56	3737.92	
3740.26	3743.54	3742.24	3737.34	3739.08	3737.58	3735.94	3729.10	3734.74	3737.30	3723.96	3734.86	3735.70	3735.84	3734.92	3736.40	
3726.64	3711.58	3711.46	3709.96	3709.24	3710.68	3726.52	3741.76	3732.08	3728.02	3721.22	3702.22	3723.36	3737.96	3724.44	3724.08	
3725.30	3720.82	3719.52	3724.72	3715.26	3710.68	3707.90	3704.58	3704.70	3709.02	3716.06	3720.72	3716.50	3718.88	3741.22	3699.72	

*******************************************2025/03/31;09:42:04
Probe number 198
Concentration entered by User 1.75% (Compensated: 2.20% at temperature 26.3)
1305.48	1303.34	1332.68	1347.30	1359.70	1376.64	1396.14	1411.00	1430.22	1447.28	1470.80	1499.00	1521.04	1549.36	1578.24	1610.40	
1639.64	1674.70	1709.56	1747.56	1785.50	1827.60	1861.26	1906.48	1952.80	2009.74	2072.48	2148.08	2234.40	2373.32	2548.22	2810.76	
3111.34	3401.44	3578.34	3668.54	3676.80	3685.48	3676.46	3681.46	3685.08	3692.38	3694.00	3697.88	3704.30	3702.16	3702.62	3699.26	
3698.18	3701.88	3708.94	3718.88	3711.32	3714.46	3712.40	3710.82	3720.26	3723.76	3727.72	3729.34	3728.84	3727.88	3726.60	3722.98	
3727.84	3727.66	3725.80	3722.20	3724.18	3721.60	3723.40	3727.06	3725.04	3730.20	3732.32	3730.16	3732.62	3732.08	3738.88	3737.04	
3739.32	3742.98	3742.32	3737.24	3738.82	3737.06	3735.54	3729.28	3734.54	3737.30	3724.32	3734.94	3735.54	3735.56	3735.40	3736.46	
3726.70	3711.88	3711.68	3709.96	3709.62	3710.72	3727.36	3741.94	3731.96	3728.08	3721.30	3702.60	3723.70	3738.38	3724.68	3724.40	
3725.62	3721.06	3719.92	3725.20	3715.50	3711.06	3708.32	3704.92	3705.12	3709.50	3716.48	3720.88	3716.78	3719.34	3741.76	3699.96	

*******************************************2025/03/31;10:02:04
Probe number 199
Concentration entered by User 1.74% (Compensated: 2.20% at temperature 26.5)
1306.42	1304.00	1333.86	1348.02	1361.42	1377.38	1397.06	1412.70	1432.16	1450.70	1473.40	1501.84	1524.46	1551.62	1581.12	1613.56	
1642.90	1678.76	1716.54	1749.44	1786.18	1831.20	1864.86	1915.34	1960.14	2008.68	2084.32	2160.86	2246.26	2383.78	2573.70	2774.74	
3115.48	3401.38	3601.94	3676.50	3679.62	3688.10	3678.86	3682.24	3686.90	3694.92	3695.18	3698.70	3705.86	3703.96	3704.38	3701.36	
3699.40	3702.90	3711.20	3721.08	3712.60	3715.50	3713.72	3712.50	3722.26	3724.80	3729.16	3730.82	3729.88	3729.28	3727.86	3724.94	
3729.36	3729.58	3727.12	3723.54	3725.50	3722.92	3724.90	3728.56	3726.24	3731.42	3733.02	3730.78	3733.24	3733.06	3739.96	3738.32	
3740.40	3744.48	3743.54	3738.54	3740.34	3738.44	3736.78	3730.58	3736.28	3738.84	3725.34	3736.48	3736.64	3737.34	3736.80	3737.44	
3728.08	3713.96	3713.08	3711.64	3710.84	3711.90	3728.52	3743.40	3733.58	3729.80	3722.78	3704.28	3725.20	3739.96	3725.70	3726.36	
3727.02	3722.46	3721.54	3726.42	3717.10	3712.66	3709.84	3706.76	3707.04	3711.80	3717.82	3722.18	3717.98	3720.64	3742.88	3701.78	

*******************************************2025/03/31;10:22:04
Probe number 200
Concentration entered by User 1.78% (Compensated: 2.25% at temperature 26.7)
1309.20	1306.78	1336.64	1350.50	1363.46	1380.24	1400.44	1415.20	1436.66	1452.98	1475.68	1504.68	1526.18	1554.94	1583.86	1620.28	
1648.40	1684.20	1718.34	1755.86	1790.54	1840.18	1875.02	1916.88	1972.88	2023.40	2099.02	2172.56	2243.60	2382.08	2580.12	2788.58	
3072.16	3420.08	3579.60	3659.70	3676.12	3688.92	3681.26	3685.88	3689.84	3697.64	3698.56	3701.36	3707.52	3707.02	3707.78	3705.20	
3703.76	3706.94	3714.52	3724.04	3715.90	3719.44	3717.60	3716.56	3725.74	3728.86	3732.54	3734.22	3733.30	3732.68	3731.16	3728.30	
3732.42	3732.90	3730.54	3726.66	3728.50	3725.84	3727.72	3731.52	3729.12	3734.42	3736.18	3733.72	3736.26	3736.14	3742.78	3740.98	
3742.58	3746.96	3746.18	3741.20	3742.68	3741.02	3739.50	3733.76	3739.12	3741.80	3728.48	3739.54	3739.36	3740.46	3739.68	3740.20	
3731.20	3716.98	3716.46	3715.00	3714.74	3715.28	3731.58	3746.06	3736.40	3732.78	3725.90	3708.18	3728.12	3742.94	3728.80	3729.68	
3730.44	3725.92	3724.50	3729.92	3720.60	3716.24	3713.34	3710.34	3710.54	3714.76	3721.14	3725.44	3721.38	3723.88	3745.76	3705.28	

*******************************************2025/03/31;10:42:04
Probe number 201
Concentration entered by User 1.73% (Compensated: 2.20% at temperature 26.6)
1306.84	1304.12	1334.26	1348.24	1361.08	1378.08	1397.98	1413.54	1434.24	1452.34	1474.70	1502.34	1523.54	1551.26	1578.70	1613.58	
1647.28	1682.82	1712.62	1748.50	1789.54	1825.74	1865.40	1912.02	1962.06	2016.48	2083.02	2156.14	2261.04	2393.10	2590.48	2834.28	
3137.10	3400.24	3565.08	3664.66	3678.38	3688.34	3681.30	3685.88	3690.98	3697.90	3697.96	3699.98	3706.38	3706.38	3707.56	3704.44	
3702.84	3706.26	3713.24	3723.44	3714.46	3718.12	3716.50	3715.12	3724.80	3727.86	3731.70	3733.12	3732.36	3731.96	3730.18	3726.98	
3731.68	3731.80	3729.56	3725.30	3727.74	3724.60	3726.72	3730.22	3727.92	3733.52	3734.96	3732.58	3735.26	3734.68	3741.78	3739.66	
3741.78	3745.78	3745.00	3739.78	3741.90	3739.96	3738.26	3732.62	3737.66	3740.72	3727.24	3738.36	3738.14	3739.10	3738.92	3739.54	
3730.16	3715.84	3715.16	3713.94	3713.50	3714.06	3730.66	3744.70	3735.50	3731.52	3724.62	3706.74	3727.16	3741.60	3727.88	3728.46	
3729.52	3724.56	3723.30	3728.88	3719.12	3714.80	3711.62	3708.76	3709.16	3713.92	3720.10	3724.02	3720.42	3722.60	3744.88	3704.22	

*******************************************2025/03/31;11:02:04
Probe number 202
Concentration entered by User 1.78% (Compensated: 2.25% at temperature 26.6)
1307.52	1305.48	1334.48	1348.28	1362.36	1379.38	1398.56	1414.64	1433.86	1451.12	1474.32	1500.64	1524.44	1551.90	1581.26	1616.48	
1646.22	1684.24	1719.72	1749.90	1790.32	1832.06	1872.60	1907.04	1960.88	2022.78	2077.04	2167.42	2260.62	2393.86	2566.86	2789.08	
3110.76	3394.82	3579.68	3657.30	3674.92	3688.22	3682.66	3687.28	3691.86	3698.60	3698.78	3701.20	3707.26	3706.90	3708.26	3705.12	
3703.20	3706.68	3713.70	3723.44	3715.04	3718.48	3716.66	3715.24	3724.92	3728.08	3731.78	3733.38	3732.50	3732.12	3730.70	3727.24	
3732.06	3731.98	3729.28	3725.52	3727.52	3724.36	3726.58	3730.28	3727.88	3733.42	3734.54	3732.18	3735.16	3735.06	3741.38	3740.12	
3742.06	3746.16	3744.82	3740.14	3741.84	3739.98	3738.28	3732.92	3738.38	3740.98	3727.34	3738.68	3738.62	3739.04	3738.90	3740.00	
3730.26	3715.96	3715.40	3714.10	3713.54	3714.56	3731.00	3745.40	3735.20	3731.60	3724.90	3706.98	3727.56	3742.08	3727.98	3728.42	
3729.64	3724.70	3723.32	3728.94	3719.66	3715.30	3712.08	3709.18	3709.54	3714.02	3719.82	3724.56	3720.54	3722.82	3744.68	3704.26	

*******************************************2025/03/31;11:22:04
Probe number 203
Concentration entered by User 1.83% (Compensated: 2.31% at temperature 26.7)
1309.00	1305.86	1335.72	1349.68	1363.72	1379.82	1400.40	1415.56	1434.80	1453.88	1475.60	1504.78	1525.48	1554.20	1585.38	1617.98	
1647.14	1685.02	1717.92	1755.48	1790.32	1830.06	1872.50	1918.58	1975.30	2028.42	2088.82	2159.56	2267.52	2385.22	2553.06	2755.36	
3063.88	3398.84	3588.96	3662.64	3672.96	3687.58	3682.06	3687.86	3691.78	3697.20	3696.72	3699.04	3705.82	3705.76	3706.82	3704.66	
3702.46	3705.34	3712.86	3722.86	3714.70	3718.24	3716.42	3715.46	3724.68	3727.78	3731.90	3733.14	3732.16	3731.68	3730.30	3727.08	
3731.86	3731.80	3729.26	3725.08	3727.22	3724.64	3726.26	3729.68	3727.68	3732.80	3734.32	3732.18	3734.82	3734.60	3741.32	3738.82	
3741.48	3745.42	3744.76	3740.08	3741.70	3739.74	3738.40	3732.66	3738.08	3741.04	3727.46	3738.60	3737.92	3739.02	3738.82	3739.28	
3729.84	3715.62	3714.68	3713.54	3712.98	3714.12	3730.24	3744.68	3734.96	3731.68	3724.96	3706.60	3727.52	3741.82	3727.32	3728.28	
3729.60	3724.74	3723.14	3728.26	3718.96	3715.26	3712.02	3708.74	3708.72	3713.40	3720.06	3724.66	3720.34	3722.12	3744.48	3704.02	

*******************************************2025/03/31;11:42:04
Probe number 204
Concentration entered by User 1.74% (Compensated: 2.21% at temperature 26.6)
1307.72	1305.32	1335.12	1349.48	1363.04	1380.44	1398.92	1413.30	1434.22	1451.54	1471.68	1499.46	1522.62	1551.28	1581.56	1615.70	
1643.62	1676.08	1711.12	1747.14	1782.00	1827.92	1860.02	1912.38	1963.10	2015.38	2088.82	2152.82	2260.04	2392.44	2592.34	2808.28	
3104.52	3400.54	3597.32	3672.18	3675.56	3687.66	3682.98	3688.70	3692.36	3697.74	3696.96	3699.76	3706.26	3705.20	3707.10	3705.38	
3703.88	3706.38	3713.14	3722.90	3714.80	3718.58	3716.74	3715.68	3725.36	3728.08	3731.84	3733.14	3732.46	3731.98	3730.48	3727.76	
3731.74	3731.98	3729.38	3725.46	3727.50	3724.52	3726.66	3729.74	3727.88	3733.38	3734.40	3732.44	3735.32	3734.96	3742.12	3739.64	
3742.00	3746.00	3745.08	3740.50	3742.30	3740.44	3739.10	3733.32	3738.48	3741.28	3727.56	3739.12	3738.24	3739.58	3739.26	3740.16	
3730.52	3716.20	3715.34	3714.12	3713.72	3714.94	3730.94	3745.38	3735.62	3732.16	3725.30	3707.18	3727.76	3742.36	3728.36	3728.80	
3730.02	3725.50	3723.86	3728.66	3719.34	3715.64	3712.88	3709.72	3709.86	3713.48	3720.42	3725.02	3720.84	3723.20	3744.78	3704.50	

*******************************************2025/03/31;12:02:04
Probe number 205
Concentration entered by User 1.80% (Compensated: 2.28% at temperature 26.7)
1310.82	1308.34	1338.14	1351.86	1365.48	1382.42	1402.94	1418.34	1437.70	1456.04	1477.08	1503.70	1525.14	1557.24	1585.52	1620.28	
1649.42	1685.48	1716.96	1750.18	1787.86	1832.12	1869.16	1918.20	1965.12	2030.20	2101.54	2177.80	2271.84	2419.16	2587.86	2794.64	
3108.08	3387.00	3573.38	3663.02	3675.28	3688.54	3683.56	3689.10	3694.00	3700.16	3698.18	3701.26	3708.02	3707.58	3709.42	3707.48	
3706.30	3709.08	3715.88	3725.26	3717.10	3720.94	3719.38	3718.28	3727.54	3730.44	3734.26	3735.70	3735.46	3734.54	3733.32	3730.14	
3734.48	3734.68	3732.32	3728.06	3729.78	3727.48	3728.92	3732.08	3730.46	3735.58	3736.86	3734.94	3737.26	3736.94	3743.80	3742.06	
3744.20	3747.92	3747.32	3742.72	3744.56	3742.72	3741.18	3735.58	3740.64	3743.68	3730.08	3741.42	3741.06	3742.12	3741.84	3742.38	
3733.52	3718.92	3718.14	3716.86	3716.40	3717.38	3733.92	3747.78	3738.10	3734.56	3727.92	3710.20	3730.18	3744.74	3730.48	3731.16	
3732.62	3727.80	3726.22	3731.58	3721.98	3718.18	3715.24	3712.16	3712.48	3716.60	3723.20	3727.34	3723.30	3725.86	3747.26	3707.08	

*******************************************2025/03/31;12:22:04
Probe number 206
Concentration entered by User 1.85% (Compensated: 2.34% at temperature 26.9)
1309.04	1307.10	1337.42	1351.40	1365.00	1381.24	1401.68	1416.96	1437.64	1453.90	1475.90	1504.26	1525.86	1554.40	1585.66	1619.88	
1646.72	1682.24	1715.34	1756.60	1789.48	1838.08	1872.50	1914.80	1969.82	2018.82	2099.84	2181.92	2268.52	2417.48	2606.52	2823.70	
3106.92	3357.82	3561.66	3659.62	3671.20	3686.48	3682.52	3688.72	3693.04	3699.00	3698.22	3701.54	3707.46	3707.02	3708.92	3707.16	
3706.36	3709.00	3715.70	3725.36	3716.74	3720.50	3719.04	3718.08	3727.76	3730.60	3734.54	3735.72	3734.98	3734.94	3733.40	3730.38	
3734.68	3734.26	3731.64	3728.16	3730.30	3726.92	3728.78	3732.12	3730.22	3735.54	3736.80	3734.70	3737.36	3737.12	3743.88	3742.28	
3744.30	3748.06	3747.36	3742.52	3744.38	3742.74	3741.34	3735.68	3740.38	3743.40	3730.48	3741.62	3741.06	3742.10	3742.02	3742.62	
3733.06	3719.14	3718.36	3717.40	3716.92	3717.78	3733.72	3747.82	3738.16	3734.84	3728.16	3709.90	3730.16	3744.62	3730.62	3731.44	
3732.54	3727.52	3726.30	3731.46	3722.14	3718.58	3715.42	3712.34	3712.52	3717.04	3723.18	3727.18	3723.16	3725.86	3747.30	3706.66	

*******************************************2025/03/31;12:42:04
Probe number 207
Concentration entered by User 1.90% (Compensated: 2.38% at temperature 26.8)
1308.14	1305.72	1336.12	1350.68	1364.12	1380.92	1399.54	1413.72	1435.40	1452.72	1474.50	1502.86	1526.44	1554.46	1582.68	1617.02	
1650.00	1684.60	1715.26	1747.66	1784.46	1832.32	1869.10	1915.60	1968.80	2018.64	2097.44	2170.66	2260.34	2405.76	2594.56	2826.72	
3102.18	3352.54	3541.74	3644.98	3667.94	3683.76	3680.50	3687.10	3690.64	3695.70	3694.98	3698.62	3705.58	3705.20	3706.88	3704.78	
3704.26	3706.94	3713.54	3723.22	3714.92	3718.98	3717.08	3716.18	3725.84	3728.80	3732.76	3733.94	3733.42	3732.78	3731.44	3728.42	
3732.62	3732.54	3730.12	3725.98	3727.98	3725.16	3726.82	3730.70	3728.48	3734.02	3735.04	3732.70	3735.48	3734.96	3741.92	3740.26	
3742.30	3746.10	3745.32	3740.74	3742.30	3740.38	3739.20	3733.54	3739.00	3741.74	3728.54	3739.62	3738.94	3740.52	3740.18	3740.70	
3731.48	3716.90	3716.12	3715.28	3714.82	3715.86	3731.92	3745.90	3736.28	3732.44	3725.66	3707.94	3728.18	3742.96	3728.82	3729.50	
3730.90	3725.80	3724.44	3729.62	3720.02	3716.28	3713.48	3710.22	3710.58	3714.50	3721.24	3725.42	3721.18	3723.68	3745.48	3704.60	

*******************************************2025/03/31;13:02:04
Probe number 208
Concentration entered by User 1.74% (Compensated: 2.23% at temperature 27.0)
1310.12	1307.78	1338.48	1353.08	1366.16	1382.62	1401.58	1417.16	1437.30	1454.74	1477.50	1506.48	1527.42	1556.46	1588.22	1620.36	
1651.64	1685.58	1718.42	1753.74	1788.66	1837.46	1875.88	1917.42	1973.00	2032.34	2099.20	2185.92	2281.72	2420.98	2602.16	2832.72	
3147.02	3388.96	3573.94	3652.38	3671.42	3687.38	3684.66	3690.94	3694.02	3699.36	3698.38	3701.10	3708.24	3707.98	3709.10	3707.28	
3706.54	3709.48	3715.88	3725.54	3717.38	3721.26	3719.16	3718.08	3728.02	3731.04	3734.78	3736.18	3735.34	3735.26	3733.54	3730.32	
3734.92	3734.50	3731.94	3727.76	3729.60	3726.74	3728.76	3732.32	3730.26	3735.52	3736.68	3734.60	3736.92	3737.06	3743.76	3741.96	
3744.06	3747.70	3747.16	3742.54	3744.56	3742.26	3741.32	3735.26	3740.60	3743.48	3730.24	3741.52	3740.82	3742.34	3741.90	3742.78	
3733.46	3718.82	3718.16	3717.24	3716.68	3717.96	3733.50	3747.60	3737.66	3735.02	3728.08	3710.08	3730.08	3744.64	3730.86	3731.30	
3732.74	3728.28	3726.66	3731.74	3722.58	3718.88	3715.44	3712.24	3712.72	3716.92	3723.78	3727.22	3723.14	3725.98	3747.06	3706.76	

*******************************************2025/03/31;13:22:04
Probe number 209
Concentration entered by User 1.75% (Compensated: 2.25% at temperature 27.0)
1309.74	1307.28	1337.60	1352.08	1365.02	1380.52	1400.66	1415.58	1436.22	1454.40	1475.54	1505.52	1527.82	1555.98	1585.32	1621.32	
1647.58	1682.34	1716.46	1749.82	1789.86	1833.90	1876.40	1917.86	1972.90	2028.52	2090.22	2172.36	2280.68	2413.12	2622.22	2844.66	
3131.92	3396.32	3563.52	3647.38	3668.84	3685.26	3681.30	3687.44	3690.12	3694.48	3693.82	3696.36	3703.92	3704.06	3705.80	3703.48	
3702.92	3706.06	3712.58	3722.24	3713.66	3717.58	3715.80	3715.26	3724.92	3728.02	3731.60	3733.16	3732.32	3732.08	3730.90	3727.76	
3732.08	3731.62	3728.76	3724.44	3726.48	3723.82	3725.54	3729.28	3727.28	3732.90	3733.78	3731.74	3734.20	3733.78	3740.84	3739.20	
3741.36	3745.24	3744.86	3740.02	3741.80	3739.40	3738.24	3732.52	3738.30	3741.08	3727.46	3738.90	3737.88	3739.52	3739.14	3739.96	
3730.70	3715.08	3714.74	3714.14	3713.80	3714.74	3730.88	3745.00	3735.04	3731.96	3725.10	3707.06	3727.36	3741.94	3728.20	3728.56	
3729.98	3724.94	3723.54	3728.68	3719.14	3715.52	3712.24	3708.90	3709.88	3714.36	3720.04	3723.82	3719.44	3722.44	3744.22	3703.32	

*******************************************2025/03/31;13:42:04
Probe number 210
Concentration entered by User 1.76% (Compensated: 2.26% at temperature 27.0)
1309.38	1307.46	1337.76	1352.08	1365.52	1382.14	1400.66	1415.90	1436.78	1453.88	1475.44	1504.30	1526.16	1557.94	1587.74	1620.86	
1649.28	1684.86	1719.90	1754.04	1792.76	1838.34	1879.78	1923.82	1974.58	2026.86	2101.36	2176.22	2278.00	2419.62	2610.96	2839.52	
3133.44	3387.26	3564.76	3652.42	3671.96	3688.04	3684.16	3691.48	3694.18	3698.96	3698.32	3701.12	3708.22	3707.68	3709.08	3707.56	
3707.28	3710.60	3716.98	3726.20	3718.06	3721.96	3720.02	3718.94	3728.96	3731.84	3735.50	3737.00	3735.90	3735.88	3734.56	3731.72	
3735.94	3735.52	3732.74	3728.62	3730.40	3727.90	3729.76	3733.28	3730.98	3736.24	3737.52	3735.44	3737.86	3737.64	3744.30	3742.32	
3744.82	3748.66	3747.80	3743.56	3745.50	3743.18	3742.00	3736.10	3741.92	3744.64	3731.58	3742.40	3742.10	3743.16	3742.72	3743.36	
3734.54	3719.88	3719.16	3718.80	3718.12	3718.98	3734.56	3748.44	3738.82	3735.94	3728.72	3711.14	3731.14	3745.38	3731.96	3732.08	
3733.76	3728.74	3727.46	3732.80	3723.30	3719.10	3716.26	3713.56	3714.54	3718.54	3723.56	3727.04	3723.24	3726.70	3748.08	3707.62	

*******************************************2025/03/31;14:02:04
Probe number 211
Concentration entered by User 1.79% (Compensated: 2.30% at temperature 27.2)
1310.86	1308.30	1338.52	1353.34	1367.88	1383.84	1403.52	1417.88	1438.26	1456.98	1477.80	1508.18	1530.36	1559.52	1587.80	1621.62	
1651.30	1686.82	1718.86	1757.80	1794.98	1838.70	1883.82	1925.92	1985.88	2042.98	2114.10	2193.06	2281.44	2425.30	2607.64	2801.06	
3119.02	3388.00	3574.74	3652.42	3670.46	3687.30	3683.56	3689.54	3692.26	3696.92	3696.86	3699.78	3706.60	3705.42	3707.00	3705.84	
3705.20	3708.78	3715.32	3724.12	3715.98	3719.54	3718.22	3717.04	3727.38	3730.44	3733.90	3735.28	3734.36	3733.90	3733.02	3729.94	
3734.12	3733.58	3730.70	3726.78	3728.62	3725.74	3727.94	3731.52	3729.58	3734.78	3736.18	3733.74	3736.36	3735.82	3742.42	3741.22	
3743.60	3747.16	3746.42	3742.24	3743.56	3741.54	3740.76	3734.68	3740.22	3743.00	3729.92	3740.88	3739.80	3741.66	3741.34	3742.22	
3732.92	3717.82	3717.66	3716.70	3715.98	3717.56	3732.86	3747.30	3737.22	3733.94	3726.98	3709.26	3729.64	3743.96	3730.50	3730.34	
3732.22	3727.32	3726.06	3731.00	3721.92	3717.76	3714.52	3711.88	3712.64	3716.92	3721.60	3724.78	3721.40	3725.06	3746.56	3705.34	

*******************************************2025/03/31;14:22:04
Probe number 212
Concentration entered by User 1.81% (Compensated: 2.32% at temperature 27.2)
1311.18	1309.42	1339.80	1354.26	1367.48	1383.68	1403.04	1418.96	1439.00	1456.62	1479.14	1507.82	1529.40	1560.50	1590.08	1622.76	
1651.80	1685.28	1722.50	1761.22	1796.52	1840.84	1884.90	1930.16	1981.98	2044.20	2113.98	2194.64	2287.30	2414.58	2597.78	2801.34	
3106.14	3397.66	3556.88	3642.38	3671.04	3687.52	3684.10	3689.76	3693.44	3698.74	3697.36	3700.12	3706.90	3706.50	3707.74	3706.60	
3705.56	3709.20	3715.56	3724.52	3716.32	3720.42	3718.84	3717.86	3727.84	3730.66	3734.60	3735.92	3735.08	3734.68	3733.36	3730.34	
3734.20	3734.18	3731.24	3727.32	3729.32	3726.88	3728.76	3731.98	3730.22	3735.32	3736.22	3734.50	3736.70	3736.18	3742.96	3741.52	
3743.32	3747.40	3746.44	3742.58	3743.96	3741.66	3740.76	3734.90	3740.38	3743.22	3729.86	3740.84	3740.38	3741.94	3741.52	3742.44	
3733.28	3718.48	3717.78	3717.02	3716.30	3717.90	3733.00	3747.36	3737.20	3734.78	3727.56	3709.76	3729.54	3744.24	3730.76	3730.60	
3732.56	3727.82	3726.30	3731.56	3722.54	3718.18	3714.88	3712.00	3713.24	3716.98	3722.30	3725.64	3721.42	3725.34	3746.60	3706.14	

*******************************************2025/03/31;14:42:04
Probe number 213
Concentration entered by User 1.81% (Compensated: 2.32% at temperature 27.2)
1308.98	1306.22	1335.46	1351.18	1364.50	1380.58	1399.98	1415.22	1435.92	1454.44	1475.62	1504.10	1527.22	1556.94	1585.80	1621.10	
1650.20	1686.46	1719.30	1752.98	1795.64	1843.20	1874.90	1924.70	1977.36	2036.62	2110.24	2187.64	2283.22	2414.88	2587.24	2833.62	
3112.64	3383.26	3560.62	3636.66	3661.24	3676.96	3673.86	3680.96	3684.82	3689.98	3688.20	3690.66	3698.32	3697.40	3699.04	3697.34	
3696.80	3700.44	3707.08	3716.12	3707.22	3711.98	3710.28	3708.98	3718.80	3722.32	3726.18	3727.58	3726.56	3726.30	3724.94	3722.02	
3726.18	3726.04	3723.28	3718.88	3721.28	3717.94	3720.08	3723.74	3721.88	3727.36	3728.64	3726.44	3729.14	3728.34	3735.60	3733.70	
3736.12	3739.94	3739.18	3734.72	3736.26	3734.26	3732.80	3726.66	3732.20	3735.36	3721.46	3732.98	3732.18	3733.96	3733.30	3734.78	
3724.82	3709.44	3709.06	3707.84	3707.30	3708.70	3724.98	3739.64	3729.16	3726.38	3718.82	3700.40	3721.22	3736.46	3722.06	3722.20	
3724.42	3718.94	3717.76	3722.90	3713.34	3708.92	3706.10	3703.00	3703.70	3707.94	3713.62	3717.36	3712.78	3716.54	3738.76	3696.78	

*******************************************2025/03/31;15:02:04
Probe number 214
Concentration entered by User 1.78% (Compensated: 2.31% at temperature 27.4)
1307.92	1305.36	1335.80	1351.20	1363.90	1380.08	1399.70	1415.70	1435.96	1454.02	1476.08	1506.70	1529.58	1557.62	1587.82	1622.08	
1656.78	1690.06	1722.54	1758.42	1793.40	1841.18	1879.40	1930.96	1989.30	2041.68	2132.76	2202.52	2297.16	2427.48	2623.82	2846.26	
3133.20	3385.08	3553.90	3636.82	3658.50	3677.42	3675.10	3682.62	3686.66	3691.88	3690.24	3692.96	3700.10	3699.90	3701.00	3699.22	
3698.58	3701.54	3707.94	3717.12	3708.92	3713.42	3711.90	3710.60	3720.98	3723.08	3726.88	3728.56	3727.90	3727.18	3726.12	3722.78	
3727.14	3726.88	3724.28	3720.00	3721.88	3719.08	3721.32	3725.24	3723.32	3728.12	3729.32	3727.32	3729.82	3729.42	3736.34	3734.68	
3737.18	3740.70	3740.20	3735.58	3737.44	3734.92	3733.68	3727.44	3733.54	3736.68	3723.14	3734.28	3733.54	3735.08	3734.38	3735.56	
3726.00	3710.74	3710.64	3709.12	3708.16	3709.98	3725.88	3740.84	3730.76	3727.34	3720.18	3701.78	3722.82	3737.06	3723.66	3723.40	
3725.40	3720.74	3719.16	3724.06	3714.48	3710.40	3707.42	3704.02	3704.48	3708.94	3714.98	3718.30	3714.20	3717.30	3739.82	3697.98	

*******************************************2025/03/31;15:22:04
Probe number 215
Concentration entered by User 1.76% (Compensated: 2.29% at temperature 27.3)
1307.80	1305.94	1336.96	1350.80	1364.02	1381.10	1400.30	1415.80	1436.76	1454.50	1475.98	1506.68	1531.64	1559.52	1588.08	1622.34	
1651.80	1687.32	1722.94	1758.52	1796.72	1844.54	1885.00	1928.44	1989.08	2037.86	2114.74	2198.86	2295.60	2428.42	2611.90	2840.14	
3132.94	3384.58	3571.30	3649.72	3665.54	3680.88	3677.74	3683.98	3688.30	3692.92	3691.06	3692.88	3700.38	3700.26	3701.84	3699.78	
3699.18	3701.84	3709.06	3717.58	3709.36	3713.56	3711.66	3711.12	3721.20	3723.88	3727.96	3729.40	3728.10	3727.70	3726.50	3723.16	
3727.54	3727.26	3724.58	3720.40	3722.20	3719.52	3721.96	3725.62	3723.48	3728.90	3730.34	3727.88	3730.60	3729.84	3736.94	3735.24	
3737.30	3741.14	3740.82	3736.50	3738.02	3735.26	3734.14	3727.68	3734.04	3736.92	3723.38	3734.72	3733.86	3735.22	3734.36	3736.04	
3726.30	3710.88	3710.64	3709.64	3708.54	3710.16	3726.08	3741.36	3730.92	3727.68	3720.20	3702.06	3722.72	3738.04	3724.10	3723.74	
3725.62	3720.72	3719.28	3724.58	3715.18	3710.70	3707.46	3704.16	3705.04	3709.46	3715.42	3719.10	3714.10	3717.94	3739.78	3698.48	

*******************************************2025/03/31;15:42:04
Probe number 216
Concentration entered by User 1.73% (Compensated: 2.26% at temperature 27.5)
1307.94	1306.18	1334.74	1350.02	1363.06	1380.72	1400.50	1414.48	1435.20	1453.76	1476.62	1506.56	1529.60	1558.44	1588.80	1621.76	
1652.28	1688.34	1721.40	1757.06	1795.78	1845.92	1888.64	1936.78	1986.34	2051.16	2114.48	2205.10	2299.54	2445.32	2630.94	2868.36	
3138.08	3392.86	3571.00	3650.06	3665.86	3683.26	3679.52	3684.74	3688.90	3693.34	3691.78	3694.20	3701.62	3700.78	3701.82	3700.08	
3699.00	3702.18	3709.14	3718.62	3709.96	3714.02	3711.92	3710.90	3721.22	3723.50	3727.76	3729.26	3728.20	3727.72	3726.52	3723.80	
3727.60	3727.20	3724.24	3720.20	3721.94	3720.08	3722.48	3725.94	3723.80	3728.84	3729.86	3727.92	3730.64	3730.18	3737.02	3735.52	
3737.32	3741.00	3741.06	3736.48	3737.90	3735.30	3734.20	3727.66	3734.02	3736.96	3723.54	3734.48	3734.00	3735.46	3734.48	3735.38	
3726.34	3710.68	3710.80	3709.72	3708.22	3710.26	3725.94	3740.88	3730.72	3727.74	3720.22	3701.88	3722.68	3737.58	3724.54	3723.32	
3725.08	3720.36	3719.10	3725.04	3715.04	3711.20	3707.38	3704.10	3704.64	3709.16	3715.48	3719.06	3714.58	3717.68	3740.00	3698.08	

*******************************************2025/03/31;16:02:04
Probe number 217
Concentration entered by User 1.76% (Compensated: 2.31% at temperature 27.6)
1309.16	1306.96	1337.68	1352.76	1366.62	1382.04	1401.86	1417.78	1438.92	1457.62	1479.48	1508.92	1530.28	1561.54	1591.26	1626.36	
1655.82	1692.48	1725.24	1760.70	1796.16	1849.62	1897.80	1939.52	2008.00	2060.24	2122.50	2210.02	2313.48	2442.30	2625.40	2849.52	
3104.10	3396.40	3575.62	3657.32	3668.96	3683.70	3681.52	3687.96	3692.14	3695.08	3693.40	3696.74	3703.58	3702.22	3703.48	3701.60	
3700.74	3703.68	3710.30	3719.34	3710.16	3714.32	3712.66	3711.82	3722.02	3724.46	3728.64	3730.02	3729.24	3729.04	3727.48	3724.36	
3728.30	3727.52	3725.28	3721.26	3723.16	3720.22	3722.72	3726.46	3724.54	3729.46	3730.82	3728.70	3730.96	3730.34	3737.54	3736.50	
3738.66	3742.06	3741.40	3736.74	3738.48	3736.10	3735.16	3728.90	3735.22	3737.54	3724.20	3735.38	3735.24	3736.36	3735.32	3736.50	
3726.84	3711.54	3711.84	3710.46	3709.26	3710.80	3726.76	3742.18	3731.62	3728.24	3721.26	3703.32	3723.70	3738.12	3725.28	3724.52	
3726.22	3721.28	3719.84	3725.70	3715.94	3711.80	3708.52	3704.90	3705.76	3710.32	3716.66	3719.76	3715.22	3718.32	3740.80	3699.08	

*******************************************2025/03/31;16:22:04
Probe number 218
Concentration entered by User 1.64% (Compensated: 2.18% at temperature 27.5)
1307.34	1304.72	1334.78	1348.92	1362.50	1380.02	1399.70	1414.50	1435.38	1453.56	1477.36	1507.42	1530.12	1558.44	1586.88	1622.34	
1654.06	1687.14	1719.92	1756.04	1796.32	1841.38	1889.86	1941.76	1996.92	2054.92	2115.70	2204.36	2286.58	2439.12	2630.28	2854.00	
3150.38	3423.32	3594.24	3659.36	3668.38	3683.24	3679.70	3684.78	3687.80	3691.40	3689.56	3693.48	3700.56	3699.62	3701.06	3699.04	
3698.16	3701.20	3708.24	3717.22	3708.12	3712.28	3711.00	3709.94	3720.26	3723.06	3726.44	3728.12	3727.02	3726.78	3725.42	3722.24	
3725.96	3726.06	3723.22	3719.18	3721.40	3718.72	3720.92	3724.60	3722.60	3728.18	3729.14	3727.26	3729.38	3728.70	3735.48	3734.90	
3737.12	3740.52	3739.84	3735.22	3737.18	3734.48	3733.34	3727.04	3733.38	3736.34	3722.32	3733.42	3732.90	3734.50	3733.66	3735.06	
3725.10	3709.62	3709.28	3708.04	3707.32	3709.20	3725.32	3740.34	3729.48	3726.42	3718.78	3701.36	3721.88	3736.62	3723.14	3722.20	
3724.06	3719.58	3718.24	3723.58	3713.78	3709.96	3706.66	3702.50	3703.40	3708.36	3714.14	3717.84	3713.64	3716.68	3739.08	3696.68	

*******************************************2025/03/31;16:42:04
Probe number 219
Concentration entered by User 1.62% (Compensated: 2.18% at temperature 27.7)
1310.62	1308.64	1338.98	1353.72	1366.92	1383.78	1403.34	1419.32	1439.14	1458.26	1481.62	1510.04	1534.12	1560.94	1590.94	1625.08	
1656.50	1691.82	1717.34	1758.72	1802.80	1848.20	1886.24	1939.72	1997.86	2047.78	2125.98	2204.60	2303.76	2450.64	2623.88	2843.78	
3163.08	3429.14	3592.80	3663.40	3667.12	3681.38	3678.14	3685.48	3688.56	3692.74	3690.94	3693.72	3700.72	3699.84	3700.70	3699.36	
3698.74	3701.50	3708.44	3717.78	3708.40	3712.42	3710.78	3710.04	3720.38	3722.84	3726.58	3728.30	3727.36	3727.14	3725.46	3722.58	
3726.72	3726.16	3723.54	3719.04	3721.42	3718.96	3721.20	3725.24	3722.76	3728.18	3729.26	3727.18	3729.62	3728.58	3735.80	3734.54	
3736.88	3740.16	3740.06	3735.60	3737.12	3734.64	3733.64	3726.92	3733.48	3736.00	3722.64	3733.82	3733.28	3734.40	3733.80	3735.72	
3725.42	3709.70	3709.78	3708.44	3707.80	3709.60	3725.50	3740.14	3729.54	3726.68	3719.44	3701.22	3721.92	3736.68	3723.76	3722.42	
3724.54	3719.82	3718.30	3723.66	3714.14	3710.30	3706.20	3702.84	3703.54	3707.98	3714.90	3718.34	3713.36	3716.98	3739.22	3696.72	

*******************************************2025/03/31;17:02:04
Probe number 220
Concentration entered by User 1.67% (Compensated: 2.22% at temperature 27.6)
1309.56	1306.90	1337.08	1351.02	1364.68	1381.86	1401.18	1416.06	1437.58	1455.24	1479.18	1507.40	1530.58	1561.26	1589.46	1624.80	
1653.80	1689.48	1719.98	1757.54	1795.46	1841.28	1893.60	1941.58	1995.92	2046.94	2124.28	2204.52	2297.66	2445.02	2645.36	2870.78	
3141.12	3409.10	3586.92	3658.90	3667.38	3684.08	3680.96	3687.10	3690.46	3694.92	3692.64	3695.98	3702.86	3701.90	3703.52	3701.92	
3701.44	3704.28	3711.16	3719.84	3711.14	3714.86	3714.36	3713.14	3723.52	3725.96	3729.60	3730.96	3730.06	3729.76	3728.60	3725.04	
3729.16	3729.36	3726.48	3722.58	3724.84	3722.02	3724.62	3727.66	3725.76	3730.94	3732.10	3730.08	3732.04	3731.70	3738.56	3737.62	
3739.42	3742.94	3742.48	3738.14	3739.56	3737.24	3736.62	3729.58	3736.14	3738.92	3725.70	3736.78	3735.78	3737.26	3736.38	3737.90	
3727.82	3712.64	3713.24	3711.76	3710.66	3712.86	3728.06	3743.00	3732.56	3729.82	3722.46	3704.10	3724.84	3739.38	3726.80	3725.60	
3727.66	3722.98	3721.50	3726.84	3716.98	3713.14	3709.98	3705.98	3706.84	3711.90	3717.98	3721.74	3716.78	3720.14	3741.98	3700.34	

*******************************************2025/03/31;17:22:04
Probe number 221
Concentration entered by User 1.71% (Compensated: 2.26% at temperature 27.6)
1309.12	1306.64	1337.10	1351.44	1364.44	1380.98	1401.38	1417.08	1438.80	1456.86	1478.58	1507.54	1531.06	1558.18	1587.70	1621.46	
1653.10	1688.18	1719.84	1761.12	1798.72	1842.14	1893.60	1936.96	1992.54	2051.20	2126.70	2208.28	2307.02	2451.12	2641.04	2861.72	
3145.48	3397.18	3573.74	3651.08	3666.70	3683.14	3680.02	3686.46	3690.52	3694.94	3692.52	3695.48	3702.64	3701.90	3703.82	3701.46	
3701.44	3704.56	3710.96	3720.22	3711.36	3715.34	3714.34	3713.02	3723.40	3726.12	3729.46	3731.08	3729.92	3729.86	3728.54	3725.52	
3729.58	3729.28	3726.70	3722.22	3724.46	3722.00	3724.30	3727.96	3725.70	3731.12	3732.14	3730.16	3732.06	3731.74	3738.32	3737.74	
3739.22	3742.96	3742.36	3738.26	3739.30	3737.18	3736.20	3729.88	3736.30	3738.62	3725.84	3736.64	3735.56	3737.28	3736.04	3738.04	
3728.38	3712.94	3713.02	3711.36	3710.76	3712.90	3728.58	3743.12	3732.72	3729.80	3722.34	3704.46	3724.98	3739.80	3726.64	3725.72	
3727.50	3722.92	3721.24	3727.00	3717.46	3713.42	3709.78	3706.14	3706.96	3711.84	3717.96	3721.72	3717.44	3720.16	3742.08	3700.64	

*******************************************2025/03/31;17:42:04
Probe number 222
Concentration entered by User 1.76% (Compensated: 2.32% at temperature 27.7)
1309.26	1307.78	1338.60	1352.34	1365.68	1382.04	1401.68	1418.30	1438.68	1457.82	1479.38	1508.84	1531.88	1561.52	1590.42	1623.10	
1653.68	1688.14	1721.96	1758.14	1796.08	1849.10	1894.00	1941.62	1989.32	2045.26	2122.62	2212.56	2306.34	2442.68	2648.44	2862.70	
3119.94	3392.76	3563.74	3642.40	3664.60	3680.14	3677.88	3684.48	3688.50	3693.30	3690.16	3692.68	3700.32	3700.28	3702.28	3700.18	
3699.94	3702.62	3708.98	3718.32	3709.24	3713.32	3712.88	3711.62	3722.00	3724.58	3728.12	3729.46	3728.30	3728.00	3726.90	3723.52	
3727.82	3727.70	3725.34	3720.84	3722.60	3720.60	3722.78	3726.30	3724.22	3729.38	3730.50	3728.50	3730.38	3730.42	3737.44	3736.32	
3737.70	3741.26	3740.70	3736.78	3738.02	3735.98	3734.96	3727.80	3734.74	3737.26	3724.40	3735.04	3734.36	3735.56	3734.60	3736.68	
3726.42	3710.94	3711.12	3709.80	3709.16	3710.80	3726.42	3741.54	3731.20	3728.18	3720.88	3703.00	3723.46	3738.00	3725.58	3724.04	
3725.60	3721.02	3719.88	3725.56	3716.00	3711.74	3707.86	3704.32	3705.24	3710.36	3716.44	3720.22	3715.24	3718.56	3740.44	3698.78	

*******************************************2025/03/31;18:02:04
Probe number 223
Concentration entered by User 1.86% (Compensated: 2.41% at temperature 27.6)
1308.20	1305.36	1335.96	1350.12	1364.44	1380.66	1400.34	1416.22	1435.86	1454.52	1476.24	1506.28	1529.14	1557.02	1587.02	1621.32	
1651.24	1682.82	1717.84	1757.54	1790.54	1837.04	1885.68	1935.34	1988.52	2046.62	2122.32	2211.16	2307.60	2457.12	2612.98	2825.96	
3129.40	3359.86	3542.54	3638.16	3661.60	3678.50	3676.08	3682.98	3686.36	3691.44	3688.82	3692.38	3699.68	3699.62	3701.32	3699.58	
3698.70	3701.82	3708.28	3717.46	3708.72	3712.86	3711.72	3710.68	3720.36	3723.28	3727.00	3728.68	3727.68	3727.52	3726.46	3722.84	
3727.16	3726.58	3724.22	3719.86	3721.84	3719.90	3721.84	3725.44	3723.46	3728.72	3729.62	3727.48	3729.86	3729.36	3735.90	3735.12	
3736.90	3740.32	3740.02	3735.74	3737.16	3734.70	3733.86	3727.36	3733.70	3736.42	3723.32	3734.26	3733.28	3735.14	3734.58	3736.10	
3725.92	3710.68	3710.54	3709.60	3708.54	3710.16	3725.80	3741.10	3730.66	3727.42	3719.92	3701.90	3722.32	3737.20	3724.38	3723.30	
3725.14	3720.30	3718.86	3724.18	3715.10	3710.62	3707.02	3702.88	3704.02	3709.26	3715.64	3718.92	3713.98	3717.18	3740.08	3697.50	

*******************************************2025/03/31;18:22:04
Probe number 224
Concentration entered by User 1.76% (Compensated: 2.32% at temperature 27.7)
1308.28	1306.38	1336.88	1351.38	1364.76	1382.16	1400.92	1416.58	1436.82	1455.28	1477.44	1505.24	1528.22	1555.80	1583.54	1617.36	
1648.24	1681.36	1718.20	1757.24	1794.02	1839.10	1891.32	1930.18	1985.20	2052.90	2117.24	2197.68	2310.70	2451.66	2643.08	2858.68	
3123.92	3402.02	3549.80	3631.10	3661.46	3678.70	3678.50	3686.00	3688.28	3692.92	3690.66	3693.04	3700.90	3700.70	3702.36	3701.10	
3701.02	3703.10	3709.88	3718.92	3709.78	3714.32	3713.46	3712.30	3722.28	3725.02	3728.76	3730.18	3729.24	3729.00	3727.58	3724.42	
3728.46	3728.26	3725.96	3721.48	3723.82	3721.64	3723.76	3726.86	3725.24	3730.24	3731.38	3729.08	3731.70	3730.94	3737.66	3736.42	
3738.42	3741.74	3741.78	3737.04	3738.32	3736.14	3735.28	3728.76	3735.16	3737.88	3724.94	3735.44	3734.98	3736.78	3735.68	3737.10	
3727.12	3712.12	3712.42	3711.00	3710.28	3712.08	3727.30	3742.42	3732.26	3728.86	3721.90	3703.60	3724.12	3738.68	3725.64	3724.84	
3726.52	3721.84	3720.44	3725.68	3716.78	3712.40	3708.68	3705.06	3706.04	3711.24	3717.68	3720.56	3716.48	3719.26	3741.20	3699.90	

*******************************************2025/03/31;18:42:04
Probe number 225
Concentration entered by User 1.68% (Compensated: 2.24% at temperature 27.7)
1311.04	1308.76	1337.90	1352.80	1367.04	1384.38	1403.72	1420.08	1438.64	1458.42	1477.90	1507.20	1531.44	1558.12	1586.88	1619.06	
1653.18	1685.28	1718.70	1756.66	1800.86	1847.38	1891.54	1942.80	1994.46	2048.46	2124.70	2211.80	2306.72	2458.04	2642.16	2849.10	
3123.34	3420.08	3595.86	3662.50	3671.34	3685.70	3683.20	3689.24	3692.60	3696.86	3694.66	3696.92	3703.38	3703.34	3704.94	3703.54	
3702.94	3705.74	3712.04	3720.92	3711.80	3716.26	3715.08	3714.34	3724.36	3726.48	3730.22	3732.04	3730.84	3731.04	3729.48	3726.46	
3730.80	3730.02	3727.90	3723.72	3726.14	3723.36	3725.38	3728.82	3726.66	3731.88	3732.80	3730.60	3733.04	3732.86	3739.04	3738.46	
3739.88	3743.44	3743.28	3738.74	3740.38	3737.74	3737.08	3730.98	3737.24	3739.70	3726.66	3737.40	3737.00	3738.16	3737.04	3738.80	
3729.22	3713.94	3714.44	3712.66	3712.06	3713.78	3728.96	3744.02	3733.70	3730.56	3723.64	3705.70	3725.84	3740.42	3727.70	3726.54	
3728.30	3723.56	3722.20	3727.52	3718.64	3714.58	3710.48	3707.16	3708.28	3713.04	3718.88	3722.18	3718.18	3720.94	3743.12	3701.54	

*******************************************2025/03/31;19:02:04
Probe number 226
Concentration entered by User 1.74% (Compensated: 2.29% at temperature 27.6)
1309.10	1307.16	1337.74	1351.98	1364.48	1380.46	1399.10	1417.24	1437.10	1455.44	1476.94	1506.00	1530.32	1557.22	1586.02	1616.98	
1649.14	1685.14	1717.32	1758.12	1798.52	1840.80	1890.30	1929.26	1988.42	2047.50	2118.36	2210.42	2304.60	2412.84	2597.00	2817.98	
3118.10	3406.20	3576.62	3653.96	3667.70	3683.32	3679.16	3686.04	3690.52	3694.88	3692.32	3694.72	3702.50	3702.52	3704.26	3702.42	
3702.18	3704.70	3710.84	3719.72	3710.74	3715.12	3714.06	3713.30	3722.96	3726.06	3729.88	3731.14	3730.28	3729.90	3728.94	3725.76	
3729.82	3729.34	3726.94	3722.68	3724.78	3722.16	3724.74	3728.08	3726.08	3731.60	3732.46	3730.08	3732.52	3732.28	3739.00	3738.28	
3739.84	3743.22	3743.06	3738.44	3740.00	3737.54	3736.60	3730.02	3736.54	3739.26	3726.14	3736.96	3736.30	3737.18	3736.56	3738.30	
3728.48	3713.82	3713.24	3711.98	3711.44	3713.28	3728.40	3743.60	3733.20	3729.78	3722.92	3704.94	3725.14	3739.82	3727.12	3725.98	
3727.82	3723.04	3721.72	3727.24	3717.94	3713.80	3709.82	3706.46	3707.14	3712.18	3718.40	3721.44	3717.04	3720.38	3742.10	3700.60	

*******************************************2025/03/31;19:22:04
Probe number 227
Concentration entered by User 1.87% (Compensated: 2.43% at temperature 27.7)
1308.08	1306.28	1336.72	1352.34	1363.96	1380.58	1400.30	1416.22	1436.38	1455.68	1477.46	1506.18	1529.24	1557.72	1586.52	1622.64	
1651.48	1687.86	1720.86	1761.20	1799.12	1838.62	1892.70	1940.00	1991.42	2047.48	2116.86	2191.80	2286.10	2427.16	2639.00	2819.04	
3101.00	3360.82	3556.46	3647.38	3662.42	3680.02	3678.22	3683.88	3687.48	3693.08	3691.20	3693.22	3700.54	3700.70	3702.06	3699.60	
3699.48	3702.84	3709.40	3717.96	3708.64	3712.80	3711.78	3710.66	3721.10	3724.24	3727.80	3729.34	3728.02	3727.54	3726.14	3722.92	
3727.64	3727.02	3724.36	3720.28	3722.42	3720.20	3722.42	3726.04	3724.04	3729.20	3730.22	3728.10	3730.68	3730.48	3736.80	3736.20	
3737.80	3741.12	3740.68	3736.28	3737.86	3735.16	3735.00	3728.12	3734.24	3736.76	3723.60	3734.72	3734.02	3735.08	3734.66	3735.80	
3726.34	3710.90	3710.68	3709.26	3708.90	3710.40	3726.34	3741.20	3730.52	3727.72	3720.38	3702.24	3722.76	3737.78	3724.96	3723.68	
3725.34	3720.76	3719.52	3725.10	3715.70	3711.24	3707.14	3704.02	3705.04	3710.00	3716.24	3719.82	3714.30	3717.74	3740.16	3698.44	

*******************************************2025/03/31;19:42:04
Probe number 228
Concentration entered by User 1.79% (Compensated: 2.35% at temperature 27.8)
1308.76	1306.78	1337.22	1351.60	1365.36	1382.56	1401.12	1417.14	1438.44	1458.38	1479.92	1508.60	1529.86	1559.20	1587.98	1621.36	
1647.36	1684.90	1717.06	1755.96	1797.30	1842.32	1886.32	1938.04	1992.26	2045.38	2121.50	2216.90	2312.56	2461.06	2655.98	2858.24	
3120.06	3383.20	3555.54	3644.46	3660.16	3677.84	3676.70	3683.72	3686.92	3692.50	3690.30	3692.82	3700.42	3699.76	3700.72	3699.24	
3698.86	3702.14	3709.18	3717.34	3707.78	3712.40	3711.52	3710.68	3721.18	3723.28	3726.98	3728.44	3727.74	3727.54	3726.20	3722.82	
3726.82	3726.46	3724.20	3719.76	3722.44	3720.02	3721.98	3725.24	3722.88	3728.68	3729.62	3727.44	3729.94	3729.70	3736.02	3735.48	
3737.50	3741.00	3740.60	3735.72	3737.16	3735.26	3734.12	3727.40	3734.04	3736.42	3723.30	3734.34	3733.84	3735.08	3734.32	3736.00	
3725.66	3710.32	3710.74	3709.40	3708.52	3709.92	3726.30	3741.02	3730.42	3727.40	3719.94	3702.04	3722.58	3737.44	3724.44	3723.26	
3724.84	3719.94	3718.96	3724.84	3715.06	3710.72	3706.22	3703.60	3704.86	3709.82	3715.64	3719.30	3714.34	3717.66	3739.84	3697.52	

