*******************************************2025/04/03;00:04:40
Probe number 117
Concentration entered by User 1.45% (Compensated: 1.98% at temperature 27.3)
1227.24	1227.44	1252.64	1266.82	1279.66	1295.58	1314.72	1329.92	1350.04	1370.10	1391.48	1418.94	1443.84	1471.48	1501.26	1537.54	
1566.94	1603.26	1639.44	1677.52	1721.34	1769.12	1822.40	1878.28	1938.66	1993.36	2071.56	2158.26	2265.20	2401.42	2607.64	2847.80	
3196.10	3486.68	3635.98	3720.92	3725.88	3734.58	3733.36	3735.54	3735.32	3735.76	3729.84	3727.66	3727.38	3723.72	3723.46	3721.62	
3720.58	3720.60	3723.60	3728.22	3716.56	3718.66	3718.04	3717.76	3727.42	3730.04	3731.06	3731.66	3730.28	3729.92	3729.36	3725.64	
3729.60	3729.42	3726.78	3722.04	3723.88	3722.24	3724.62	3728.08	3725.42	3730.48	3730.90	3728.44	3731.98	3731.76	3737.06	3738.14	
3737.80	3742.12	3742.38	3737.56	3739.36	3736.72	3735.82	3729.18	3735.36	3737.76	3723.96	3734.88	3734.08	3735.66	3734.28	3735.84	
3725.92	3710.74	3710.34	3710.48	3709.06	3710.02	3724.62	3739.18	3728.04	3725.02	3718.16	3701.12	3722.46	3737.00	3723.56	3723.04	
3726.12	3722.40	3719.30	3724.22	3715.04	3712.52	3710.66	3706.78	3706.84	3712.08	3718.90	3723.52	3719.34	3721.64	3743.86	3703.14	

*******************************************2025/04/03;00:24:40
Probe number 118
Concentration entered by User 1.56% (Compensated: 2.09% at temperature 27.3)
1238.44	1238.88	1264.32	1277.98	1290.24	1306.18	1325.40	1341.66	1361.06	1381.58	1403.40	1430.92	1454.40	1482.54	1512.74	1545.12	
1575.04	1611.68	1646.60	1684.94	1727.92	1780.74	1831.84	1878.14	1940.08	2005.84	2070.80	2149.26	2256.90	2399.00	2560.96	2821.42	
3158.56	3446.92	3645.78	3717.00	3715.78	3724.84	3724.52	3725.22	3724.62	3726.78	3722.00	3721.04	3723.06	3720.62	3721.92	3719.82	
3717.56	3718.74	3723.74	3729.90	3719.34	3721.16	3719.48	3719.44	3729.48	3731.96	3734.14	3734.92	3733.74	3733.60	3732.52	3729.42	
3733.74	3733.18	3730.70	3725.68	3728.04	3726.12	3728.18	3731.84	3729.20	3733.98	3734.62	3731.32	3736.38	3736.24	3740.92	3741.62	
3740.98	3745.76	3746.56	3741.96	3743.46	3740.34	3739.34	3733.36	3739.06	3741.28	3728.06	3738.86	3738.58	3739.46	3738.06	3739.64	
3729.98	3715.30	3714.68	3714.06	3713.30	3714.00	3728.58	3743.84	3732.24	3728.70	3722.70	3705.94	3726.88	3741.14	3727.94	3727.16	
3730.18	3726.06	3723.06	3728.24	3719.02	3716.64	3714.68	3711.20	3711.56	3716.70	3722.94	3727.28	3723.42	3725.74	3747.62	3707.10	

*******************************************2025/04/03;00:44:40
Probe number 119
Concentration entered by User 1.66% (Compensated: 2.19% at temperature 27.3)
1236.52	1236.08	1262.04	1275.76	1288.70	1305.32	1324.24	1340.36	1358.94	1379.32	1401.96	1429.12	1452.44	1481.84	1509.58	1543.22	
1573.72	1609.68	1645.94	1686.60	1728.80	1780.34	1826.60	1886.06	1944.32	2003.62	2082.30	2174.10	2272.10	2395.84	2592.64	2823.46	
3126.26	3415.76	3617.48	3704.66	3716.60	3724.78	3725.02	3726.08	3725.18	3727.08	3722.46	3721.56	3723.64	3720.86	3721.76	3720.10	
3717.64	3718.08	3723.04	3729.22	3718.68	3721.04	3719.32	3718.98	3728.66	3730.90	3732.92	3734.14	3733.20	3732.70	3731.18	3728.16	
3732.42	3732.04	3729.56	3724.66	3727.04	3724.70	3726.40	3730.26	3727.82	3732.94	3733.58	3730.62	3734.38	3734.48	3739.82	3740.38	
3740.06	3744.30	3745.26	3740.12	3741.70	3739.14	3738.24	3731.42	3737.54	3739.66	3726.46	3736.94	3736.90	3738.46	3736.90	3738.00	
3728.16	3713.38	3713.42	3712.36	3711.14	3711.94	3727.20	3742.18	3730.92	3727.68	3720.92	3703.32	3725.50	3740.26	3726.76	3725.54	
3728.22	3724.62	3722.02	3727.00	3717.76	3714.86	3712.38	3709.48	3710.18	3714.74	3721.28	3725.90	3722.34	3724.38	3745.70	3705.16	

*******************************************2025/04/03;01:04:40
Probe number 120
Concentration entered by User 1.64% (Compensated: 2.17% at temperature 27.4)
1236.30	1236.22	1261.80	1275.40	1288.46	1305.46	1324.32	1340.44	1360.00	1380.56	1402.76	1429.14	1452.16	1480.04	1510.04	1544.46	
1574.40	1609.26	1649.32	1688.92	1731.62	1781.14	1830.34	1884.60	1947.00	2006.86	2085.96	2177.30	2277.80	2425.78	2614.12	2822.00	
3134.66	3434.78	3610.20	3704.14	3719.26	3729.32	3729.58	3730.54	3729.74	3730.98	3726.22	3725.72	3727.46	3724.74	3725.30	3723.26	
3720.44	3721.12	3726.26	3731.84	3721.32	3723.52	3721.74	3721.42	3730.80	3732.94	3735.12	3736.20	3735.08	3734.74	3733.62	3730.24	
3734.40	3734.10	3731.40	3726.04	3728.66	3727.12	3728.52	3731.78	3729.52	3734.90	3735.52	3733.02	3736.54	3736.36	3740.88	3741.74	
3742.00	3746.24	3747.44	3742.02	3743.52	3740.84	3739.76	3733.18	3739.16	3741.20	3728.10	3738.78	3738.84	3739.70	3738.72	3740.26	
3730.32	3715.84	3715.42	3714.72	3713.88	3714.12	3728.80	3744.04	3732.38	3729.18	3722.94	3706.14	3727.22	3741.96	3728.76	3727.56	
3729.90	3726.58	3724.42	3729.22	3720.04	3716.98	3714.56	3711.34	3712.28	3717.52	3723.44	3728.30	3724.24	3726.52	3747.26	3707.20	

*******************************************2025/04/03;01:24:40
Probe number 121
Concentration entered by User 1.47% (Compensated: 2.00% at temperature 27.4)
1242.50	1242.08	1268.08	1282.78	1295.48	1311.60	1330.82	1346.22	1365.56	1384.92	1406.36	1433.20	1455.72	1483.12	1512.16	1545.08	
1574.68	1611.28	1647.62	1683.70	1728.86	1778.68	1827.70	1879.48	1945.40	2009.36	2085.48	2170.84	2267.74	2401.54	2586.10	2839.68	
3193.70	3468.06	3657.44	3721.02	3719.92	3727.18	3725.44	3728.14	3727.80	3728.42	3723.16	3721.02	3722.12	3720.16	3722.64	3720.76	
3718.50	3718.82	3723.84	3730.44	3719.48	3721.84	3720.80	3720.42	3730.32	3732.38	3734.80	3736.12	3735.68	3734.86	3733.94	3730.58	
3734.78	3734.34	3731.98	3727.76	3730.34	3728.06	3729.86	3732.66	3730.48	3735.40	3736.06	3733.50	3737.64	3737.24	3741.70	3742.88	
3742.82	3747.56	3747.92	3742.86	3744.22	3741.92	3740.92	3734.60	3740.32	3742.36	3729.52	3740.08	3739.68	3740.86	3739.32	3740.92	
3731.00	3716.42	3716.90	3715.74	3714.92	3715.80	3730.42	3745.12	3733.78	3729.98	3723.96	3707.34	3728.72	3742.66	3729.44	3728.80	
3731.40	3728.10	3726.08	3730.22	3721.04	3718.22	3715.62	3712.88	3713.50	3718.58	3725.18	3729.64	3725.72	3727.38	3748.60	3708.54	

*******************************************2025/04/03;01:44:40
Probe number 122
Concentration entered by User 1.52% (Compensated: 2.05% at temperature 27.3)
1246.04	1245.70	1272.26	1286.54	1298.82	1315.92	1335.20	1351.26	1370.16	1389.98	1411.80	1438.54	1461.92	1489.96	1516.60	1549.42	
1579.38	1614.04	1649.74	1686.20	1729.56	1778.38	1825.70	1880.78	1943.20	2002.46	2076.38	2163.92	2271.24	2418.10	2613.18	2854.66	
3177.70	3457.32	3624.32	3698.38	3697.62	3706.88	3705.58	3708.76	3709.42	3711.14	3706.44	3705.70	3708.38	3706.28	3707.82	3705.90	
3704.42	3705.44	3710.96	3717.46	3706.28	3708.30	3707.70	3707.54	3718.10	3720.44	3723.06	3724.46	3723.28	3722.58	3721.88	3718.64	
3723.54	3723.28	3720.14	3715.78	3717.92	3715.92	3717.82	3721.16	3718.88	3724.38	3724.64	3721.86	3725.96	3726.00	3731.20	3731.94	
3732.44	3737.12	3737.94	3731.86	3733.02	3730.92	3730.04	3723.34	3729.80	3732.22	3718.42	3728.78	3728.34	3729.96	3728.98	3730.60	
3720.12	3704.04	3703.68	3703.36	3702.24	3703.42	3718.90	3734.20	3722.00	3718.74	3712.70	3694.62	3716.34	3731.60	3717.84	3717.24	
3720.18	3715.90	3713.88	3718.52	3708.86	3705.52	3703.50	3700.26	3700.72	3706.30	3713.70	3718.08	3714.12	3715.64	3738.20	3695.98	

*******************************************2025/04/03;02:04:40
Probe number 123
Concentration entered by User 1.68% (Compensated: 2.22% at temperature 27.4)
1251.76	1251.48	1277.92	1292.28	1304.84	1321.38	1340.52	1356.20	1375.94	1397.14	1418.36	1444.36	1467.94	1494.22	1523.34	1557.54	
1588.20	1624.80	1660.12	1698.74	1738.24	1789.84	1833.82	1885.84	1939.00	2007.96	2087.66	2180.48	2272.80	2404.28	2599.74	2808.68	
3131.20	3421.22	3594.86	3691.18	3699.42	3709.60	3710.08	3715.28	3717.96	3720.84	3716.58	3716.24	3718.44	3717.46	3719.08	3717.08	
3716.10	3717.12	3723.10	3729.10	3718.96	3720.88	3719.98	3720.04	3730.06	3732.70	3735.02	3736.80	3735.68	3735.02	3734.08	3731.20	
3735.72	3735.66	3732.84	3728.28	3730.62	3728.66	3730.26	3733.90	3731.42	3736.26	3736.86	3735.00	3738.52	3738.56	3742.72	3743.72	
3744.26	3749.02	3749.52	3744.26	3745.36	3742.88	3741.80	3735.54	3742.00	3744.26	3731.04	3741.00	3740.96	3741.76	3740.22	3742.08	
3732.80	3718.36	3717.94	3716.78	3715.76	3716.60	3730.94	3745.98	3734.80	3731.60	3725.30	3708.46	3729.30	3743.64	3730.98	3730.14	
3732.64	3728.54	3726.40	3731.22	3722.36	3719.22	3716.94	3713.50	3714.22	3719.08	3725.70	3730.16	3726.52	3728.00	3749.20	3709.46	

*******************************************2025/04/03;02:24:40
Probe number 124
Concentration entered by User 1.67% (Compensated: 2.17% at temperature 27.1)
1250.56	1250.04	1277.02	1290.78	1302.96	1319.14	1337.78	1354.64	1375.30	1395.66	1417.16	1444.10	1467.64	1494.86	1523.32	1556.32	
1587.98	1624.68	1660.54	1694.56	1738.08	1787.34	1836.18	1893.50	1951.56	2009.42	2087.82	2169.80	2273.50	2396.46	2600.44	2839.52	
3140.06	3410.26	3600.88	3692.26	3702.40	3711.06	3710.58	3714.20	3715.02	3717.82	3713.68	3712.50	3715.06	3714.18	3716.24	3714.22	
3713.00	3714.28	3719.42	3726.08	3715.36	3717.82	3717.38	3717.12	3726.42	3729.42	3731.62	3733.40	3732.12	3731.06	3730.32	3727.66	
3732.62	3732.32	3729.52	3724.38	3726.52	3724.14	3725.52	3729.78	3727.78	3732.86	3733.52	3730.84	3734.84	3734.40	3738.94	3740.16	
3740.70	3745.74	3745.26	3740.04	3741.44	3738.76	3737.86	3731.90	3738.02	3740.48	3726.78	3737.06	3736.68	3738.36	3737.12	3738.44	
3728.72	3713.18	3713.20	3712.34	3711.44	3712.16	3726.78	3741.84	3730.86	3727.42	3721.18	3703.88	3725.18	3740.02	3726.46	3725.96	
3728.86	3724.20	3721.60	3727.18	3717.78	3714.98	3712.64	3709.52	3710.18	3714.90	3721.42	3726.02	3722.12	3724.02	3745.48	3704.92	

*******************************************2025/04/03;02:44:40
Probe number 125
Concentration entered by User 1.69% (Compensated: 2.19% at temperature 27.0)
1249.34	1249.04	1274.82	1288.12	1300.64	1316.74	1335.76	1352.42	1370.82	1390.20	1412.30	1438.56	1460.34	1486.50	1514.98	1547.72	
1576.46	1610.40	1643.48	1677.58	1719.20	1764.22	1817.04	1870.66	1929.90	1994.22	2076.22	2158.08	2254.60	2381.44	2579.20	2813.92	
3134.00	3414.44	3592.06	3682.66	3687.30	3702.30	3704.14	3709.62	3712.32	3714.14	3710.70	3711.14	3713.50	3711.46	3714.00	3712.66	
3711.38	3712.92	3718.32	3724.76	3714.62	3716.44	3715.46	3716.00	3725.24	3727.68	3731.18	3732.62	3731.32	3730.04	3729.90	3726.84	
3731.98	3732.30	3729.52	3724.74	3726.38	3723.46	3725.40	3729.52	3727.56	3732.80	3733.92	3730.74	3734.50	3734.18	3738.90	3739.88	
3740.54	3744.98	3745.24	3739.70	3741.28	3738.56	3737.52	3731.86	3737.76	3739.86	3725.98	3736.40	3736.74	3738.26	3736.80	3737.62	
3728.34	3713.56	3713.00	3712.38	3711.14	3711.54	3726.74	3741.96	3730.72	3727.00	3720.70	3703.90	3725.36	3740.12	3726.20	3725.78	
3728.20	3724.06	3721.78	3726.88	3717.92	3714.44	3711.92	3708.94	3710.44	3715.28	3721.14	3725.10	3721.56	3724.00	3745.52	3704.66	

*******************************************2025/04/03;03:04:40
Probe number 126
Concentration entered by User 1.66% (Compensated: 2.17% at temperature 27.1)
1248.42	1248.22	1274.78	1288.06	1300.16	1316.34	1335.94	1352.78	1372.36	1392.00	1413.22	1439.44	1462.56	1490.94	1518.60	1551.50	
1580.36	1614.56	1650.12	1688.18	1730.90	1782.74	1829.58	1883.72	1942.70	2001.02	2072.10	2166.76	2279.24	2401.16	2586.78	2822.70	
3117.66	3423.70	3620.88	3701.62	3702.68	3713.70	3714.04	3716.46	3718.44	3720.66	3716.34	3717.08	3719.34	3716.78	3719.18	3717.12	
3715.74	3717.46	3723.82	3729.84	3719.10	3721.34	3720.22	3720.28	3729.66	3731.90	3734.36	3736.62	3735.34	3734.74	3733.80	3731.16	
3735.62	3736.18	3733.90	3729.12	3730.26	3726.20	3728.70	3733.14	3731.68	3737.08	3737.12	3734.40	3737.60	3737.06	3742.18	3743.84	
3743.72	3748.50	3748.68	3743.56	3745.04	3742.02	3741.46	3735.50	3741.42	3743.68	3729.88	3740.26	3739.98	3741.56	3740.46	3741.56	
3732.02	3717.28	3716.94	3716.18	3715.14	3715.90	3730.26	3744.90	3734.22	3730.72	3724.46	3707.88	3729.10	3743.62	3730.64	3729.50	
3731.98	3727.94	3725.36	3731.12	3722.34	3718.34	3715.60	3713.04	3714.26	3718.92	3724.54	3728.60	3725.40	3727.86	3749.02	3708.78	

*******************************************2025/04/03;03:24:40
Probe number 127
Concentration entered by User 1.74% (Compensated: 2.25% at temperature 27.1)
1250.40	1249.58	1275.10	1288.52	1300.94	1317.52	1336.72	1352.12	1372.08	1393.32	1415.48	1441.92	1464.78	1490.96	1519.86	1552.18	
1582.16	1616.50	1651.50	1690.48	1731.58	1783.70	1829.14	1880.02	1945.14	2001.08	2079.06	2167.30	2270.56	2398.96	2586.24	2794.56	
3102.42	3406.70	3601.74	3688.24	3699.48	3707.98	3710.08	3712.68	3712.82	3714.86	3709.00	3709.74	3714.36	3712.88	3714.74	3712.74	
3709.60	3709.98	3716.16	3723.64	3715.12	3719.14	3716.60	3716.00	3725.72	3728.56	3730.94	3731.98	3731.08	3730.66	3729.50	3726.44	
3730.56	3730.02	3728.28	3724.00	3725.90	3722.84	3724.68	3729.04	3726.98	3732.20	3733.14	3730.76	3734.04	3732.72	3737.64	3739.68	
3739.66	3744.22	3744.54	3739.46	3740.94	3737.84	3736.56	3731.04	3736.62	3739.48	3725.86	3736.30	3735.86	3737.00	3735.18	3736.98	
3727.50	3713.04	3712.10	3711.32	3709.96	3710.86	3725.90	3741.54	3730.08	3726.22	3719.66	3702.24	3723.60	3738.96	3725.22	3724.90	
3727.12	3722.98	3720.28	3725.98	3717.12	3713.42	3710.96	3707.90	3708.30	3713.30	3719.72	3724.26	3719.80	3722.20	3743.88	3702.66	

*******************************************2025/04/03;03:44:40
Probe number 128
Concentration entered by User 1.60% (Compensated: 2.11% at temperature 27.1)
1251.06	1250.20	1276.20	1289.92	1302.12	1318.62	1336.48	1352.64	1372.22	1391.66	1413.04	1437.72	1459.64	1486.34	1513.74	1545.58	
1573.86	1607.42	1640.14	1679.24	1719.10	1766.66	1813.64	1865.38	1933.50	1994.70	2068.38	2161.08	2283.88	2413.54	2599.68	2826.56	
3144.12	3446.44	3618.98	3698.78	3698.16	3707.68	3706.64	3711.16	3712.94	3716.72	3711.66	3709.82	3713.92	3712.74	3715.02	3713.82	
3710.30	3710.96	3717.14	3723.66	3714.02	3717.22	3715.46	3715.78	3726.10	3728.54	3730.50	3731.78	3730.86	3730.64	3730.40	3727.34	
3732.38	3731.70	3728.60	3724.36	3726.50	3723.46	3725.02	3729.80	3727.90	3732.94	3733.92	3731.36	3734.58	3733.52	3738.66	3740.20	
3740.48	3744.72	3745.32	3740.20	3741.84	3739.34	3737.64	3731.30	3737.26	3739.86	3726.50	3737.48	3736.96	3737.74	3735.72	3736.92	
3728.14	3713.80	3713.76	3712.54	3710.78	3711.32	3727.08	3742.32	3731.10	3727.38	3720.50	3703.18	3725.08	3739.66	3726.64	3726.00	
3728.42	3723.34	3721.60	3727.20	3718.54	3715.02	3712.28	3708.66	3709.26	3714.36	3721.18	3725.16	3720.88	3722.48	3744.16	3703.72	

*******************************************2025/04/03;04:00:03
Probe number 129
Concentration entered by User 1.54% (Compensated: 2.05% at temperature 27.2)
1250.98	1249.98	1276.04	1289.62	1301.64	1317.52	1335.98	1352.02	1370.06	1389.08	1409.84	1436.16	1458.06	1483.78	1509.96	1540.94	
1570.30	1605.26	1638.04	1676.76	1719.70	1769.56	1815.24	1872.48	1939.00	2001.74	2081.76	2176.96	2300.54	2443.66	2633.34	2892.78	
3180.10	3434.92	3617.28	3702.08	3701.74	3710.90	3712.30	3716.38	3717.36	3719.54	3713.52	3713.30	3718.14	3716.80	3719.08	3716.28	
3712.42	3712.52	3719.60	3726.66	3717.28	3718.94	3717.36	3716.54	3727.36	3730.28	3732.04	3733.34	3732.54	3732.08	3731.52	3728.48	
3733.86	3733.16	3730.62	3725.92	3727.56	3725.16	3726.74	3730.26	3728.38	3734.20	3735.02	3732.62	3735.64	3734.50	3739.58	3741.38	
3741.96	3745.96	3746.14	3741.22	3742.62	3740.12	3738.86	3732.04	3737.94	3740.50	3727.44	3738.18	3737.92	3738.64	3736.98	3738.46	
3729.56	3715.50	3715.68	3713.82	3711.72	3712.36	3728.16	3743.38	3732.22	3728.22	3721.32	3704.46	3726.16	3741.04	3727.58	3726.50	
3728.92	3724.68	3723.10	3728.60	3719.78	3715.86	3713.42	3709.42	3710.82	3715.68	3722.30	3725.82	3722.08	3724.38	3746.28	3705.22	

*******************************************2025/04/03;04:04:40
Probe number 130
Concentration entered by User 1.53% (Compensated: 2.04% at temperature 27.2)
1252.08	1251.40	1276.78	1290.30	1302.56	1318.98	1337.12	1352.38	1372.12	1391.42	1411.86	1437.60	1460.42	1485.50	1509.78	1539.74	
1569.50	1606.36	1638.04	1675.46	1718.78	1771.44	1819.80	1876.18	1946.20	2008.42	2088.02	2187.16	2298.98	2440.50	2629.78	2877.14	
3176.06	3439.18	3636.12	3708.78	3701.64	3713.84	3714.60	3719.66	3720.32	3722.38	3716.50	3715.48	3719.94	3720.24	3722.42	3719.62	
3715.38	3716.26	3722.52	3730.46	3721.10	3722.60	3719.70	3718.88	3730.50	3734.14	3736.08	3736.56	3735.48	3734.82	3734.12	3731.44	
3736.96	3736.94	3733.08	3728.56	3730.84	3728.52	3730.42	3733.86	3731.12	3736.80	3737.58	3735.34	3738.64	3737.60	3742.68	3744.24	
3744.28	3747.98	3748.60	3743.78	3745.84	3743.94	3742.20	3735.02	3739.98	3742.56	3729.72	3740.86	3740.72	3741.76	3739.92	3741.30	
3732.50	3718.78	3718.90	3717.24	3715.14	3715.48	3730.82	3746.48	3735.12	3731.50	3725.02	3707.94	3729.22	3744.00	3730.98	3730.14	
3731.70	3727.92	3726.08	3731.48	3722.92	3719.20	3716.70	3713.14	3714.08	3718.92	3724.90	3728.74	3724.92	3727.06	3748.62	3708.50	

*******************************************2025/04/03;04:24:40
Probe number 131
Concentration entered by User 1.63% (Compensated: 2.13% at temperature 27.1)
1250.84	1250.22	1276.16	1289.62	1301.44	1317.50	1336.88	1352.10	1371.96	1391.56	1411.90	1437.10	1458.96	1484.82	1509.64	1541.64	
1570.50	1603.40	1638.26	1678.90	1721.58	1772.54	1821.64	1876.70	1943.06	2007.76	2081.50	2180.60	2289.14	2437.52	2644.40	2862.16	
3142.18	3416.80	3613.18	3703.56	3701.02	3710.10	3713.36	3717.72	3718.68	3719.62	3714.82	3714.56	3719.14	3718.68	3721.34	3718.78	
3714.40	3715.12	3721.96	3729.24	3719.26	3720.62	3718.70	3718.50	3729.42	3732.80	3735.48	3736.16	3734.40	3733.28	3732.96	3731.08	
3736.62	3736.02	3732.58	3727.84	3729.70	3727.08	3728.96	3731.94	3730.00	3735.78	3736.50	3734.16	3737.38	3736.68	3741.36	3742.84	
3743.40	3748.16	3748.08	3742.88	3744.78	3742.42	3741.38	3733.96	3739.36	3742.36	3729.28	3740.28	3739.68	3740.98	3739.22	3740.60	
3731.28	3717.84	3717.48	3715.88	3713.96	3714.78	3729.36	3745.24	3734.22	3730.84	3724.34	3706.44	3727.70	3742.64	3729.44	3728.62	
3730.96	3726.76	3724.46	3730.18	3721.88	3718.50	3715.66	3712.40	3712.56	3717.48	3723.84	3728.08	3724.06	3726.32	3747.42	3707.60	

*******************************************2025/04/03;04:44:40
Probe number 132
Concentration entered by User 1.55% (Compensated: 2.06% at temperature 27.2)
1250.82	1250.86	1276.70	1289.74	1302.24	1318.58	1337.26	1352.84	1372.08	1391.54	1413.72	1439.28	1461.02	1487.06	1513.50	1543.02	
1573.26	1605.74	1639.70	1678.42	1719.16	1770.86	1818.78	1876.10	1939.82	2006.48	2084.52	2184.46	2287.84	2445.60	2639.26	2862.62	
3166.88	3450.62	3615.96	3697.72	3698.08	3705.14	3706.86	3711.04	3711.90	3712.88	3707.64	3708.22	3711.98	3711.20	3714.24	3711.26	
3707.56	3707.34	3714.70	3721.96	3711.48	3713.02	3710.68	3710.42	3721.88	3725.66	3728.10	3728.80	3726.72	3725.54	3725.34	3723.20	
3728.58	3728.40	3724.88	3720.32	3721.46	3718.46	3720.62	3724.30	3722.52	3728.18	3729.26	3727.00	3729.72	3728.84	3733.98	3735.56	
3736.00	3740.98	3741.00	3735.50	3736.74	3735.42	3733.84	3726.26	3732.26	3734.64	3721.44	3732.72	3732.74	3733.98	3732.18	3733.28	
3723.88	3709.20	3709.18	3707.34	3705.44	3706.38	3722.02	3738.22	3726.30	3722.90	3716.16	3698.28	3719.82	3735.00	3721.66	3720.60	
3722.86	3718.90	3716.80	3722.40	3713.62	3709.48	3707.34	3704.00	3704.56	3709.90	3716.14	3720.12	3716.12	3719.28	3741.22	3698.94	

*******************************************2025/04/03;05:04:40
Probe number 133
Concentration entered by User 1.54% (Compensated: 2.06% at temperature 27.2)
1251.32	1251.28	1277.78	1290.54	1302.32	1319.06	1337.80	1353.16	1372.46	1392.76	1415.10	1441.10	1461.04	1486.46	1513.72	1545.40	
1574.94	1608.02	1643.56	1682.00	1724.60	1774.30	1821.22	1876.22	1942.18	2003.26	2079.22	2183.12	2292.16	2443.30	2619.98	2836.18	
3148.62	3463.86	3645.38	3713.74	3708.48	3713.50	3713.18	3716.92	3717.32	3718.46	3712.46	3712.34	3715.90	3714.94	3717.86	3715.36	
3711.26	3711.86	3718.76	3725.76	3715.90	3717.64	3715.30	3715.24	3726.26	3729.62	3732.02	3732.78	3730.88	3729.46	3729.72	3727.50	
3733.24	3732.60	3729.34	3724.16	3725.66	3722.98	3725.04	3729.02	3727.24	3732.12	3732.80	3730.70	3733.52	3732.78	3737.84	3739.58	
3740.26	3744.80	3744.90	3739.56	3741.54	3739.64	3738.08	3730.84	3736.02	3738.60	3725.78	3736.80	3736.98	3737.72	3736.00	3737.04	
3728.10	3713.22	3713.50	3711.76	3709.88	3710.94	3726.02	3741.76	3730.52	3727.68	3720.42	3702.70	3724.38	3739.34	3726.04	3724.96	
3727.66	3723.54	3721.28	3726.90	3717.48	3713.72	3711.46	3708.74	3709.08	3714.20	3720.42	3724.92	3720.86	3723.38	3745.64	3704.42	

*******************************************2025/04/03;05:24:40
Probe number 134
Concentration entered by User 1.59% (Compensated: 2.09% at temperature 27.1)
1255.88	1255.00	1281.82	1295.36	1307.64	1324.06	1342.58	1358.16	1377.06	1397.58	1418.36	1443.56	1465.16	1491.24	1518.08	1549.12	
1577.36	1612.62	1642.52	1679.76	1722.54	1774.48	1825.24	1884.14	1944.12	2002.40	2072.22	2178.50	2294.00	2449.58	2633.64	2865.28	
3154.62	3434.08	3612.86	3704.00	3703.22	3708.26	3710.34	3714.20	3715.22	3715.74	3709.96	3709.88	3714.54	3714.20	3717.44	3715.42	
3711.66	3712.12	3718.74	3726.02	3716.00	3718.48	3716.02	3715.84	3726.64	3730.20	3732.76	3734.12	3732.08	3731.04	3730.68	3729.02	
3734.26	3733.86	3730.86	3725.90	3726.94	3724.44	3726.38	3729.68	3728.38	3733.48	3734.32	3731.80	3734.36	3733.38	3738.46	3741.18	
3741.74	3746.06	3745.54	3740.16	3742.24	3740.84	3739.22	3732.04	3737.14	3740.26	3727.06	3738.10	3738.18	3739.18	3737.28	3738.82	
3729.54	3715.30	3714.54	3712.64	3711.20	3712.26	3727.50	3742.96	3731.96	3728.94	3722.16	3704.48	3725.90	3740.82	3727.48	3726.16	
3728.78	3724.56	3722.60	3727.98	3719.02	3714.96	3712.70	3710.10	3710.58	3715.44	3721.40	3725.84	3721.96	3724.66	3746.28	3705.92	

*******************************************2025/04/03;05:44:40
Probe number 135
Concentration entered by User 1.57% (Compensated: 2.06% at temperature 26.9)
1255.48	1254.82	1281.64	1295.24	1306.90	1323.30	1342.82	1358.40	1377.96	1396.24	1416.90	1442.20	1464.88	1491.34	1516.84	1547.32	
1575.94	1609.08	1639.76	1680.44	1721.22	1772.68	1819.98	1867.72	1932.22	1997.50	2073.82	2160.90	2267.82	2413.92	2610.06	2846.32	
3165.04	3440.44	3615.92	3696.74	3694.08	3701.42	3703.26	3708.06	3709.04	3710.62	3706.46	3705.42	3710.30	3710.16	3712.96	3711.30	
3708.20	3708.96	3715.82	3723.00	3713.16	3715.54	3714.08	3714.24	3725.48	3728.76	3730.98	3732.24	3731.00	3730.06	3729.66	3728.16	
3733.36	3733.18	3730.06	3724.98	3726.06	3723.02	3724.68	3728.54	3726.84	3732.44	3733.76	3730.76	3733.88	3732.40	3738.20	3739.98	
3740.76	3745.62	3744.94	3739.54	3741.32	3740.22	3738.26	3731.32	3736.48	3739.76	3726.06	3737.50	3737.22	3738.52	3736.92	3737.82	
3728.92	3714.20	3713.32	3712.32	3710.22	3711.18	3727.04	3742.22	3730.90	3728.08	3720.88	3703.16	3724.38	3739.48	3725.96	3725.40	
3727.64	3723.54	3721.20	3726.56	3717.56	3713.90	3711.98	3708.82	3709.76	3714.50	3720.32	3725.06	3721.20	3723.42	3745.16	3704.30	

*******************************************2025/04/03;06:04:40
Probe number 136
Concentration entered by User 1.65% (Compensated: 2.13% at temperature 26.7)
1255.60	1254.70	1281.28	1295.34	1307.68	1323.96	1342.88	1358.46	1378.10	1397.32	1416.96	1441.98	1462.62	1488.82	1516.40	1546.86	
1574.40	1609.32	1641.16	1678.66	1717.78	1767.30	1817.12	1871.80	1930.72	1996.78	2075.26	2162.14	2275.58	2429.10	2617.66	2824.18	
3133.68	3424.16	3609.74	3690.26	3695.10	3701.22	3704.16	3708.74	3709.84	3711.56	3706.80	3706.62	3711.68	3710.72	3714.38	3712.74	
3709.42	3709.66	3716.20	3723.26	3714.56	3716.30	3714.34	3714.78	3725.50	3728.48	3730.98	3732.54	3730.94	3730.02	3730.28	3728.00	
3733.24	3733.20	3730.06	3724.76	3726.10	3722.68	3724.64	3728.24	3726.88	3732.52	3733.82	3730.54	3733.28	3732.34	3737.62	3739.46	
3740.56	3745.52	3744.72	3738.66	3740.92	3739.56	3738.10	3731.26	3736.08	3739.48	3726.22	3737.54	3737.42	3737.98	3736.54	3737.48	
3728.66	3714.32	3712.80	3711.30	3710.16	3710.46	3726.78	3741.94	3730.80	3727.02	3720.68	3702.78	3725.06	3740.32	3725.66	3725.16	
3726.78	3722.80	3720.54	3726.26	3717.34	3713.14	3711.06	3708.56	3709.14	3713.94	3719.84	3724.20	3720.08	3722.78	3744.78	3704.24	

*******************************************2025/04/03;06:24:40
Probe number 137
Concentration entered by User 1.56% (Compensated: 2.01% at temperature 26.3)
1245.32	1245.14	1271.84	1285.38	1297.20	1312.86	1332.04	1348.42	1367.44	1385.90	1406.50	1431.22	1453.36	1480.14	1507.56	1539.92	
1568.02	1599.16	1630.40	1669.10	1709.86	1762.06	1805.90	1862.80	1928.06	1985.70	2056.68	2152.72	2261.84	2406.06	2599.40	2824.70	
3150.64	3464.74	3629.26	3704.36	3702.24	3711.10	3712.56	3717.18	3716.30	3717.18	3711.76	3710.40	3715.24	3714.00	3717.48	3715.28	
3711.32	3712.00	3718.48	3725.24	3715.10	3717.92	3715.64	3715.50	3726.02	3729.60	3732.14	3732.88	3731.14	3729.68	3729.14	3727.44	
3733.02	3732.56	3730.42	3724.98	3725.40	3721.64	3723.16	3727.76	3726.00	3731.68	3733.52	3730.14	3732.78	3731.72	3736.80	3739.40	
3739.92	3744.96	3744.00	3738.00	3740.26	3739.08	3736.94	3730.38	3735.40	3738.66	3725.12	3736.50	3736.60	3737.62	3735.78	3736.14	
3727.54	3713.60	3712.46	3710.78	3709.54	3709.68	3725.96	3741.16	3729.90	3726.32	3719.58	3702.02	3723.94	3739.22	3723.70	3724.10	
3725.88	3722.18	3720.22	3725.74	3716.00	3712.24	3710.74	3708.08	3708.28	3712.42	3718.82	3723.42	3719.46	3721.96	3744.32	3703.82	

*******************************************2025/04/03;06:44:40
Probe number 138
Concentration entered by User 1.78% (Compensated: 2.20% at temperature 26.1)
1257.28	1255.58	1281.78	1295.32	1307.42	1323.36	1341.16	1355.40	1374.98	1394.52	1414.44	1438.88	1461.08	1488.20	1516.74	1544.92	
1570.90	1602.84	1634.74	1672.76	1713.88	1764.94	1814.16	1862.92	1919.54	1978.64	2044.62	2133.24	2251.34	2393.42	2553.16	2771.36	
3086.80	3401.70	3597.34	3681.50	3680.04	3688.50	3693.52	3699.40	3701.10	3702.50	3697.68	3698.46	3703.68	3703.96	3706.38	3705.72	
3702.42	3704.08	3711.48	3718.56	3708.90	3711.70	3710.66	3710.30	3720.84	3723.98	3727.60	3729.16	3728.34	3727.00	3726.14	3723.52	
3729.60	3729.88	3727.04	3721.88	3723.10	3718.94	3720.42	3724.76	3723.56	3729.04	3730.00	3726.54	3729.36	3728.78	3734.60	3736.86	
3737.38	3742.56	3741.78	3735.40	3737.60	3736.84	3735.32	3728.28	3733.46	3736.28	3722.48	3734.00	3734.78	3735.28	3733.34	3733.54	
3724.42	3710.46	3709.46	3707.66	3706.24	3706.40	3723.10	3738.32	3727.64	3723.58	3716.94	3698.88	3721.18	3736.02	3721.16	3721.56	
3723.36	3719.64	3717.88	3722.90	3713.88	3709.92	3707.96	3704.98	3705.12	3710.12	3716.58	3721.04	3717.00	3719.22	3742.26	3700.70	

*******************************************2025/04/03;07:00:03
Probe number 139
Concentration entered by User 1.80% (Compensated: 2.23% at temperature 26.1)
1257.56	1256.26	1283.72	1296.16	1308.14	1323.42	1341.76	1357.50	1377.40	1395.34	1415.12	1440.88	1463.18	1488.66	1515.58	1547.36	
1574.90	1606.14	1635.80	1673.46	1711.90	1766.24	1811.12	1865.52	1924.84	1988.16	2071.52	2152.92	2241.06	2375.46	2558.12	2784.40	
3106.54	3382.18	3579.06	3680.72	3686.04	3692.34	3696.58	3702.18	3703.28	3706.04	3701.80	3702.80	3708.02	3706.62	3708.94	3707.40	
3704.08	3705.88	3713.82	3720.90	3710.66	3713.78	3712.54	3711.56	3721.90	3725.58	3728.84	3731.10	3729.30	3728.26	3727.06	3724.64	
3730.66	3731.36	3728.72	3724.04	3724.18	3720.04	3721.50	3726.46	3725.06	3730.60	3731.44	3727.84	3731.08	3730.58	3736.42	3738.42	
3738.60	3743.66	3742.90	3737.32	3739.32	3738.04	3736.28	3729.70	3734.50	3737.30	3724.08	3735.70	3735.74	3736.20	3734.14	3734.88	
3725.92	3711.96	3710.90	3709.60	3708.14	3707.76	3724.28	3739.32	3728.56	3724.92	3718.58	3700.72	3722.16	3737.06	3722.76	3723.70	
3725.64	3721.12	3718.40	3724.16	3715.16	3711.44	3709.56	3706.04	3706.12	3711.54	3717.78	3722.64	3718.80	3721.38	3743.80	3702.78	

*******************************************2025/04/03;07:04:40
Probe number 140
Concentration entered by User 1.72% (Compensated: 2.16% at temperature 26.2)
1257.18	1256.08	1282.92	1296.18	1307.88	1323.86	1342.26	1356.96	1376.20	1394.14	1412.80	1439.78	1461.78	1489.04	1515.34	1546.00	
1572.76	1603.46	1634.80	1672.16	1713.54	1760.26	1810.54	1865.46	1929.54	1987.26	2054.60	2139.56	2246.90	2392.94	2551.70	2773.28	
3108.88	3416.20	3604.64	3682.04	3688.68	3693.26	3697.26	3701.56	3702.24	3705.38	3700.98	3701.26	3706.24	3705.34	3708.60	3706.60	
3703.40	3705.12	3713.32	3720.56	3710.38	3712.80	3711.72	3710.92	3721.18	3724.82	3728.34	3730.52	3728.54	3727.28	3726.68	3724.02	
3730.24	3730.90	3728.58	3723.60	3723.52	3719.50	3721.04	3725.64	3724.72	3730.14	3731.06	3727.26	3730.44	3729.82	3736.06	3737.84	
3738.20	3742.96	3742.54	3736.60	3738.68	3737.76	3736.36	3729.22	3734.02	3736.76	3723.46	3735.02	3735.32	3735.76	3733.96	3734.30	
3724.94	3711.22	3710.36	3708.52	3707.18	3706.96	3723.16	3738.90	3728.06	3724.46	3718.52	3699.92	3721.38	3736.08	3721.78	3722.96	
3724.58	3720.54	3717.80	3723.44	3714.40	3710.58	3708.88	3705.96	3705.90	3711.08	3717.34	3721.76	3717.92	3720.88	3743.40	3702.42	

*******************************************2025/04/03;07:24:40
Probe number 141
Concentration entered by User 1.66% (Compensated: 2.10% at temperature 26.2)
1258.44	1257.02	1283.62	1296.32	1308.26	1324.46	1343.16	1358.14	1376.76	1394.44	1414.40	1439.44	1460.96	1488.54	1515.26	1546.82	
1573.58	1606.24	1635.56	1675.14	1716.08	1770.20	1813.92	1869.22	1928.18	1988.18	2059.08	2142.02	2267.76	2398.04	2589.16	2822.22	
3115.00	3427.34	3613.44	3692.56	3687.80	3693.52	3697.62	3703.14	3704.96	3708.38	3704.28	3704.40	3709.32	3708.30	3711.56	3709.86	
3706.64	3707.94	3715.14	3722.36	3712.70	3715.88	3713.70	3713.14	3723.58	3727.74	3731.44	3733.00	3731.52	3730.12	3728.36	3726.52	
3732.94	3733.70	3731.56	3725.58	3725.56	3722.22	3723.82	3728.30	3727.48	3732.64	3732.90	3729.64	3733.04	3732.46	3738.24	3740.12	
3741.34	3745.92	3744.62	3738.68	3741.16	3740.10	3738.58	3731.96	3736.82	3739.22	3726.02	3737.38	3738.06	3737.96	3736.16	3736.48	
3727.58	3714.34	3713.18	3711.16	3710.12	3709.10	3726.04	3741.30	3730.68	3726.96	3720.40	3702.52	3724.04	3739.08	3724.24	3725.28	
3727.18	3722.70	3720.10	3725.70	3716.90	3713.64	3711.68	3708.84	3709.10	3713.42	3719.86	3724.36	3720.68	3722.98	3745.30	3704.88	

*******************************************2025/04/03;07:44:40
Probe number 142
Concentration entered by User 1.65% (Compensated: 2.09% at temperature 26.2)
1257.78	1256.52	1282.96	1295.46	1307.54	1324.48	1343.54	1358.54	1376.52	1394.24	1415.06	1438.56	1460.52	1486.96	1513.66	1544.76	
1571.70	1604.56	1640.26	1673.76	1715.48	1765.66	1816.78	1874.56	1930.60	1997.22	2067.72	2161.86	2270.84	2413.50	2596.60	2831.12	
3151.54	3417.24	3599.36	3681.82	3681.16	3691.12	3694.50	3699.80	3703.28	3705.76	3702.42	3702.70	3707.22	3706.76	3709.80	3708.64	
3705.32	3706.54	3713.74	3720.88	3711.22	3714.22	3712.02	3711.82	3722.62	3726.36	3730.08	3731.18	3730.08	3729.10	3727.44	3725.22	
3731.64	3732.28	3730.30	3723.68	3724.36	3720.64	3722.16	3726.84	3725.78	3730.68	3731.44	3728.36	3731.98	3731.76	3736.70	3738.80	
3739.54	3744.54	3743.72	3737.64	3739.90	3738.90	3736.62	3730.40	3735.50	3738.24	3724.84	3735.92	3736.02	3736.82	3734.86	3735.66	
3726.58	3712.56	3711.46	3709.68	3708.08	3708.02	3724.62	3740.28	3729.88	3725.62	3718.86	3700.82	3722.24	3737.48	3722.66	3723.42	
3725.60	3720.72	3718.30	3723.70	3715.26	3712.02	3709.92	3707.30	3707.18	3712.38	3718.86	3722.94	3718.90	3721.46	3744.00	3703.00	

*******************************************2025/04/03;08:04:40
Probe number 143
Concentration entered by User 1.71% (Compensated: 2.17% at temperature 26.4)
1258.70	1257.02	1284.30	1297.52	1310.10	1326.06	1344.94	1359.44	1378.32	1395.84	1415.60	1440.64	1463.82	1490.60	1517.52	1549.60	
1577.56	1608.20	1641.74	1678.76	1719.92	1773.56	1819.94	1869.92	1928.36	1993.64	2059.98	2157.74	2268.30	2433.40	2615.28	2842.90	
3132.76	3391.26	3592.78	3683.68	3685.14	3692.66	3695.00	3701.34	3704.42	3708.16	3704.24	3704.84	3709.62	3708.46	3711.96	3710.38	
3707.60	3708.78	3716.02	3723.02	3713.96	3716.10	3714.22	3713.28	3724.00	3728.08	3732.18	3733.86	3732.32	3730.64	3729.38	3726.92	
3733.44	3735.16	3732.76	3726.74	3726.48	3722.06	3723.80	3728.78	3727.94	3732.60	3733.52	3730.14	3733.96	3733.40	3738.26	3740.34	
3741.46	3746.00	3745.70	3739.64	3741.94	3740.60	3738.60	3732.40	3737.70	3740.02	3726.96	3737.84	3738.22	3738.34	3736.74	3737.46	
3728.10	3714.38	3713.38	3711.68	3710.86	3710.50	3727.18	3742.38	3731.98	3727.68	3721.34	3703.32	3724.42	3739.70	3725.10	3725.90	
3727.90	3723.16	3720.50	3726.02	3717.32	3713.80	3712.04	3709.18	3709.18	3713.92	3720.60	3724.78	3721.10	3723.50	3745.28	3704.82	

*******************************************2025/04/03;08:24:40
Probe number 144
Concentration entered by User 1.65% (Compensated: 2.10% at temperature 26.3)
1257.02	1255.92	1282.76	1295.96	1308.24	1324.92	1343.56	1357.82	1377.28	1394.14	1412.86	1438.42	1463.52	1491.86	1519.08	1550.96	
1578.70	1609.98	1645.46	1678.60	1718.34	1771.22	1826.46	1877.38	1931.10	2003.36	2073.10	2164.28	2269.10	2404.96	2610.68	2843.70	
3127.52	3423.16	3603.08	3686.10	3684.34	3693.04	3695.74	3700.36	3701.84	3705.64	3701.92	3701.62	3706.04	3705.58	3708.04	3706.76	
3703.80	3705.40	3713.46	3721.14	3710.84	3714.14	3711.04	3710.54	3721.44	3725.46	3729.96	3731.86	3730.10	3728.52	3726.58	3723.38	
3731.00	3732.72	3730.70	3724.36	3723.78	3719.70	3721.86	3727.02	3725.58	3730.92	3731.26	3727.72	3731.48	3731.04	3736.14	3738.10	
3739.54	3744.06	3743.56	3737.32	3739.40	3738.24	3736.40	3730.22	3735.24	3737.40	3723.52	3735.10	3735.88	3736.04	3734.10	3735.02	
3725.32	3711.08	3710.36	3709.02	3708.36	3707.92	3724.46	3740.12	3729.42	3725.40	3718.88	3700.48	3722.02	3737.24	3722.90	3723.32	
3725.16	3720.40	3717.56	3723.44	3715.04	3711.02	3708.90	3705.60	3706.54	3712.14	3717.98	3722.10	3717.98	3720.98	3743.06	3702.24	

*******************************************2025/04/03;08:44:40
Probe number 145
Concentration entered by User 1.57% (Compensated: 2.03% at temperature 26.4)
1258.98	1258.30	1285.24	1299.52	1312.02	1328.56	1346.96	1362.36	1380.74	1398.38	1418.54	1443.24	1466.56	1494.24	1522.62	1556.96	
1583.78	1616.30	1648.50	1687.08	1726.92	1781.60	1831.56	1883.90	1948.06	2009.42	2081.58	2171.38	2289.36	2414.40	2617.24	2862.36	
3144.54	3448.08	3621.60	3691.38	3691.46	3698.74	3700.20	3705.26	3707.52	3710.56	3706.62	3707.46	3711.82	3709.96	3712.80	3711.64	
3709.30	3710.80	3719.04	3725.64	3715.64	3717.94	3715.08	3714.66	3725.88	3729.92	3733.72	3735.78	3734.10	3732.14	3730.92	3728.50	
3735.22	3736.44	3733.68	3727.82	3728.02	3724.08	3726.46	3731.62	3729.86	3734.74	3735.78	3732.34	3735.24	3734.36	3739.70	3741.96	
3743.02	3748.04	3747.02	3741.16	3742.70	3741.78	3740.40	3734.00	3739.58	3741.50	3728.06	3739.18	3739.64	3739.96	3738.34	3739.04	
3729.86	3716.00	3715.64	3714.32	3713.10	3712.68	3728.80	3743.62	3733.34	3729.88	3723.32	3705.06	3725.98	3741.18	3727.02	3727.82	
3729.24	3724.64	3722.16	3728.12	3719.72	3715.48	3713.32	3710.48	3710.90	3715.74	3722.08	3726.42	3722.90	3725.54	3747.00	3706.94	

*******************************************2025/04/03;09:04:40
Probe number 146
Concentration entered by User 1.53% (Compensated: 2.00% at temperature 26.6)
1257.46	1256.10	1283.52	1297.78	1309.88	1327.18	1345.14	1360.36	1378.20	1395.54	1415.38	1439.68	1462.72	1490.20	1517.92	1550.72	
1580.44	1611.20	1643.72	1683.96	1727.72	1777.26	1824.16	1878.54	1937.08	1995.36	2076.88	2165.72	2273.68	2417.20	2596.74	2864.02	
3173.24	3454.24	3623.70	3695.56	3689.74	3696.06	3697.56	3702.48	3704.02	3708.04	3703.80	3703.54	3708.54	3706.96	3709.28	3708.40	
3705.44	3707.96	3715.54	3722.52	3712.24	3715.08	3711.92	3711.54	3722.66	3726.86	3730.58	3733.20	3731.86	3730.34	3728.46	3725.88	
3732.80	3734.04	3731.46	3725.36	3725.78	3722.12	3724.36	3728.44	3726.78	3731.58	3732.58	3729.38	3732.56	3732.20	3736.98	3740.12	
3740.70	3745.10	3744.74	3738.72	3740.64	3739.54	3737.94	3731.64	3736.60	3739.26	3725.12	3736.22	3736.58	3737.48	3735.58	3736.36	
3727.16	3713.16	3712.38	3711.38	3709.98	3709.78	3725.68	3741.46	3730.92	3727.44	3720.46	3702.12	3723.74	3738.64	3724.82	3725.00	
3726.74	3722.02	3719.12	3725.28	3716.02	3712.58	3710.62	3707.32	3707.74	3713.02	3719.24	3723.54	3720.08	3722.94	3744.70	3703.90	

*******************************************2025/04/03;09:24:40
Probe number 147
Concentration entered by User 1.56% (Compensated: 2.03% at temperature 26.5)
1259.50	1258.34	1285.44	1299.26	1312.16	1328.32	1347.28	1362.14	1379.98	1397.26	1417.56	1441.94	1464.92	1492.42	1519.92	1551.92	
1580.28	1611.82	1645.00	1683.64	1724.86	1779.34	1829.10	1879.06	1940.48	2007.46	2077.84	2165.58	2281.84	2437.96	2625.96	2856.68	
3153.88	3452.14	3616.74	3689.32	3684.80	3693.60	3694.10	3699.58	3701.22	3704.40	3700.16	3701.06	3706.20	3704.44	3706.54	3705.84	
3703.70	3705.68	3714.42	3721.42	3710.50	3713.16	3709.88	3708.82	3720.10	3724.34	3728.52	3731.16	3730.06	3728.12	3726.18	3723.08	
3730.24	3731.82	3728.90	3722.62	3723.32	3720.16	3721.86	3726.02	3724.28	3729.26	3730.30	3727.66	3730.40	3729.34	3734.46	3737.74	
3738.46	3743.14	3742.12	3736.10	3738.18	3736.84	3735.44	3728.90	3734.02	3736.68	3722.52	3734.38	3734.36	3735.12	3733.38	3734.12	
3725.18	3710.94	3710.06	3708.70	3707.00	3707.22	3723.72	3739.04	3728.34	3724.62	3717.70	3699.12	3720.86	3735.68	3721.60	3722.44	
3724.46	3719.68	3717.26	3722.50	3713.92	3710.02	3708.16	3704.62	3704.84	3709.52	3715.96	3720.70	3717.14	3720.36	3742.34	3700.98	

*******************************************2025/04/03;09:44:40
Probe number 148
Concentration entered by User 1.52% (Compensated: 1.99% at temperature 26.7)
1260.70	1259.56	1287.88	1302.08	1313.88	1330.60	1349.28	1364.14	1381.16	1399.94	1420.20	1445.44	1468.24	1495.38	1525.44	1557.16	
1585.64	1616.72	1649.38	1688.54	1732.78	1789.22	1836.26	1886.40	1953.90	2010.52	2080.72	2180.16	2307.76	2440.16	2622.40	2879.44	
3190.26	3437.20	3627.30	3700.22	3692.66	3698.60	3700.08	3704.96	3706.68	3710.04	3705.98	3707.02	3711.18	3709.82	3711.54	3710.40	
3707.88	3710.34	3718.70	3725.42	3714.92	3717.00	3714.46	3712.94	3723.72	3727.86	3732.04	3734.68	3733.84	3731.84	3729.68	3726.80	
3733.48	3734.82	3732.42	3726.64	3727.26	3723.56	3725.32	3729.64	3727.96	3733.04	3734.04	3731.38	3734.00	3732.64	3738.24	3740.70	
3741.98	3746.52	3745.64	3739.46	3741.62	3739.90	3739.00	3732.90	3737.62	3740.00	3726.16	3737.18	3737.96	3738.30	3736.88	3737.82	
3729.18	3714.72	3713.96	3712.98	3711.64	3711.94	3727.12	3742.30	3732.06	3728.40	3721.78	3703.48	3724.36	3739.58	3725.80	3726.06	
3728.58	3723.66	3721.16	3726.64	3717.76	3713.88	3712.36	3709.12	3709.10	3713.92	3720.38	3724.92	3721.48	3724.52	3745.82	3704.94	

*******************************************2025/04/03;10:04:40
Probe number 149
Concentration entered by User 1.51% (Compensated: 1.99% at temperature 26.7)
1260.58	1259.54	1286.60	1300.54	1313.14	1331.18	1350.36	1364.74	1383.86	1402.90	1423.00	1448.40	1471.70	1499.26	1529.00	1561.38	
1590.84	1624.02	1657.36	1694.20	1735.66	1789.72	1844.00	1899.40	1960.38	2025.14	2098.60	2195.74	2317.54	2466.06	2652.54	2877.56	
3185.80	3450.76	3620.78	3696.48	3695.96	3702.84	3703.58	3709.10	3709.72	3712.14	3708.86	3709.96	3714.18	3712.74	3714.66	3712.56	
3710.08	3712.62	3720.32	3727.14	3716.92	3719.16	3715.92	3714.76	3725.24	3728.68	3732.76	3735.62	3734.76	3733.24	3731.10	3727.84	
3734.46	3735.26	3732.84	3726.94	3728.04	3725.50	3727.02	3731.04	3729.16	3733.80	3735.46	3732.46	3735.06	3734.46	3739.08	3741.70	
3742.66	3747.46	3746.32	3740.44	3742.22	3740.84	3739.42	3733.52	3738.64	3740.40	3726.88	3738.14	3738.68	3739.68	3737.84	3738.38	
3729.72	3715.94	3714.54	3713.70	3712.10	3712.54	3727.96	3743.44	3732.74	3729.30	3722.44	3704.22	3725.40	3740.72	3726.78	3727.08	
3728.80	3724.28	3721.86	3727.96	3719.06	3714.70	3712.84	3709.94	3710.68	3715.04	3721.20	3725.62	3722.42	3725.64	3747.18	3706.88	

*******************************************2025/04/03;10:36:29
Probe number 0
Concentration entered by User 1.53% (Compensated: 2.00% at temperature 26.6)
1259.74	1258.46	1285.66	1299.58	1312.28	1328.12	1347.46	1363.08	1380.88	1399.44	1421.30	1446.72	1469.24	1497.48	1525.04	1555.92	
1585.70	1619.58	1649.64	1690.16	1733.02	1786.02	1836.88	1895.06	1949.80	2014.70	2094.96	2186.00	2302.36	2445.52	2643.30	2859.60	
3170.18	3452.72	3624.84	3697.64	3692.16	3700.04	3699.84	3705.22	3706.42	3708.56	3705.02	3705.86	3710.90	3708.84	3711.30	3709.44	
3707.06	3709.14	3717.52	3724.30	3714.34	3717.32	3714.22	3712.26	3722.86	3726.58	3731.08	3733.90	3732.82	3731.06	3728.44	3725.02	
3731.66	3733.06	3730.76	3725.56	3726.20	3723.26	3723.94	3727.72	3725.96	3731.60	3733.04	3730.08	3732.68	3731.32	3736.50	3739.46	
3740.50	3745.20	3744.30	3737.80	3740.28	3738.62	3737.06	3730.88	3735.78	3738.52	3724.42	3736.06	3736.30	3736.88	3735.36	3736.30	
3727.40	3713.04	3712.02	3710.80	3709.58	3709.84	3725.54	3741.04	3729.78	3727.02	3720.22	3702.18	3722.92	3738.56	3724.48	3724.82	
3726.52	3721.96	3719.56	3725.00	3716.42	3712.42	3709.94	3706.98	3707.66	3712.68	3718.76	3723.16	3719.94	3722.98	3744.90	3703.96	

*******************************************2025/04/03;10:56:29
Probe number 1
Concentration entered by User 1.46% (Compensated: 1.94% at temperature 26.8)
1258.86	1257.48	1284.18	1298.18	1310.58	1327.26	1346.42	1360.52	1378.52	1397.34	1418.52	1444.50	1467.46	1495.02	1523.66	1554.50	
1583.40	1615.58	1650.28	1688.60	1730.62	1782.66	1835.88	1890.14	1950.90	2013.50	2093.68	2180.82	2313.14	2447.02	2639.74	2874.68	
3192.62	3473.28	3641.12	3701.42	3691.40	3699.40	3698.84	3703.58	3705.28	3707.78	3704.54	3704.00	3709.40	3708.64	3710.38	3707.96	
3705.60	3708.20	3716.94	3724.04	3713.08	3715.70	3713.00	3710.94	3721.02	3725.86	3731.24	3733.66	3732.62	3730.20	3727.82	3724.88	
3731.60	3732.62	3730.50	3725.06	3726.50	3723.04	3723.84	3727.50	3725.94	3731.06	3732.86	3730.38	3733.14	3731.46	3736.56	3739.24	
3740.10	3744.76	3743.78	3737.74	3740.20	3738.02	3737.14	3731.04	3736.02	3738.46	3724.14	3735.80	3736.06	3736.98	3735.12	3736.02	
3727.20	3712.90	3712.14	3710.96	3709.34	3709.60	3725.84	3741.22	3730.76	3727.58	3719.72	3701.72	3723.02	3738.34	3724.48	3724.76	
3726.48	3721.90	3719.30	3724.40	3715.42	3712.34	3710.20	3706.74	3707.58	3712.38	3718.58	3723.26	3720.02	3722.68	3744.30	3703.10	

*******************************************2025/04/03;11:16:29
Probe number 2
Concentration entered by User 1.49% (Compensated: 1.97% at temperature 26.8)
1261.56	1260.80	1288.52	1302.44	1314.48	1331.74	1350.94	1365.18	1384.02	1402.94	1423.96	1450.38	1473.80	1500.40	1529.02	1560.44	
1588.34	1621.82	1655.46	1694.72	1738.26	1792.16	1840.42	1895.86	1959.18	2020.58	2101.90	2190.40	2308.76	2458.40	2653.60	2898.44	
3178.94	3458.08	3631.96	3700.80	3694.30	3701.32	3701.92	3706.36	3707.14	3709.88	3706.56	3707.02	3712.08	3710.64	3712.72	3710.66	
3708.06	3711.00	3719.58	3726.46	3715.70	3718.44	3715.72	3714.06	3724.18	3728.80	3733.72	3736.26	3735.42	3733.32	3730.58	3728.10	
3734.54	3735.34	3733.26	3728.08	3728.48	3725.44	3726.30	3730.42	3728.58	3733.80	3735.04	3732.66	3735.50	3734.14	3739.30	3742.20	
3742.82	3747.32	3746.34	3740.62	3742.44	3741.10	3739.70	3733.12	3738.36	3740.72	3726.98	3738.40	3738.64	3739.48	3737.86	3738.78	
3730.18	3715.76	3714.94	3713.76	3712.12	3712.64	3728.70	3743.84	3733.08	3730.02	3722.92	3704.72	3726.02	3741.06	3727.52	3727.22	
3729.16	3724.22	3722.16	3727.54	3718.56	3715.22	3713.20	3710.08	3710.04	3715.50	3721.30	3725.78	3722.80	3725.42	3746.84	3706.24	

*******************************************2025/04/03;11:36:29
Probe number 3
Concentration entered by User 1.49% (Compensated: 1.98% at temperature 26.9)
1262.84	1261.66	1288.78	1302.58	1314.90	1332.60	1351.60	1365.96	1385.28	1403.50	1424.20	1450.50	1473.60	1502.28	1529.40	1564.50	
1593.80	1625.70	1661.90	1697.58	1742.94	1796.52	1848.58	1903.94	1967.60	2029.26	2113.70	2205.38	2319.60	2460.84	2665.22	2902.36	
3196.52	3446.74	3623.74	3694.54	3694.54	3700.98	3699.88	3704.80	3706.68	3709.98	3706.08	3706.54	3711.72	3710.34	3712.14	3709.12	
3707.28	3709.88	3718.62	3725.30	3714.90	3717.74	3714.92	3712.54	3722.48	3727.34	3732.32	3735.06	3734.00	3731.92	3729.92	3726.88	
3732.96	3733.92	3731.98	3726.38	3727.46	3724.14	3725.02	3728.98	3727.40	3732.54	3734.52	3731.36	3734.70	3732.84	3738.00	3741.20	
3741.64	3745.74	3745.30	3739.02	3741.48	3739.42	3738.44	3731.68	3736.98	3739.44	3725.26	3737.02	3737.22	3738.32	3736.52	3737.28	
3728.44	3714.26	3713.50	3712.42	3711.00	3711.28	3727.18	3742.40	3732.16	3728.62	3721.46	3703.68	3724.90	3739.54	3726.14	3725.74	
3728.14	3723.18	3720.90	3725.96	3717.20	3713.76	3711.74	3708.32	3709.00	3713.88	3720.12	3724.38	3721.28	3724.44	3745.76	3705.06	

*******************************************2025/04/03;11:56:29
Probe number 4
Concentration entered by User 1.52% (Compensated: 2.02% at temperature 27.0)
1262.56	1261.00	1288.56	1302.46	1314.94	1331.76	1350.76	1365.86	1383.56	1402.58	1423.24	1450.22	1474.02	1500.54	1529.44	1563.72	
1591.00	1623.56	1656.60	1697.32	1744.20	1796.18	1847.80	1900.08	1957.62	2032.96	2116.50	2216.34	2308.84	2472.72	2661.44	2872.46	
3184.42	3445.34	3629.58	3701.26	3695.30	3701.94	3701.20	3706.62	3707.94	3711.14	3707.68	3707.30	3713.16	3712.22	3714.02	3711.68	
3708.92	3711.42	3720.20	3727.48	3716.90	3719.74	3716.48	3714.24	3724.54	3728.80	3733.72	3736.32	3735.46	3733.30	3731.00	3727.90	
3734.30	3735.06	3732.88	3728.08	3729.32	3726.06	3726.94	3731.20	3728.98	3733.96	3735.50	3732.90	3736.08	3734.46	3739.00	3742.28	
3742.62	3747.00	3746.04	3740.70	3742.82	3740.90	3740.02	3733.36	3738.38	3740.86	3726.86	3738.54	3738.90	3740.16	3738.00	3738.92	
3729.90	3715.82	3714.78	3714.10	3712.76	3712.96	3728.44	3743.80	3732.98	3729.90	3723.10	3705.14	3725.46	3740.32	3727.44	3727.48	
3729.76	3725.06	3722.20	3727.34	3718.60	3715.18	3713.78	3710.78	3711.28	3715.72	3721.56	3726.12	3722.50	3725.42	3746.48	3706.06	

*******************************************2025/04/03;12:16:29
Probe number 5
Concentration entered by User 1.46% (Compensated: 1.96% at temperature 27.0)
1263.40	1262.12	1289.22	1302.96	1315.04	1331.82	1351.30	1365.74	1385.24	1403.86	1423.08	1449.10	1472.64	1500.42	1529.38	1562.04	
1590.70	1622.42	1656.96	1697.62	1742.78	1798.42	1847.68	1899.40	1964.40	2036.34	2117.78	2209.14	2310.40	2455.32	2634.54	2890.74	
3203.50	3458.68	3633.36	3699.66	3694.42	3699.78	3699.20	3703.84	3705.40	3708.20	3704.74	3705.02	3711.20	3710.06	3711.64	3708.48	
3706.40	3708.66	3717.60	3724.88	3714.32	3717.12	3713.90	3712.22	3722.52	3726.84	3731.62	3734.38	3733.30	3731.16	3728.92	3725.94	
3732.20	3732.92	3731.20	3726.00	3727.22	3723.76	3724.42	3728.28	3726.40	3731.74	3733.40	3730.90	3733.88	3732.06	3737.22	3740.12	
3740.72	3745.04	3744.02	3738.42	3740.52	3738.62	3737.64	3730.86	3736.20	3738.82	3724.76	3736.64	3736.46	3737.84	3735.72	3736.94	
3728.02	3713.32	3712.30	3711.56	3710.10	3711.06	3726.68	3741.70	3730.84	3727.64	3720.32	3702.42	3723.26	3738.44	3725.26	3725.52	
3727.62	3722.74	3720.10	3725.52	3716.60	3713.14	3711.08	3707.84	3708.30	3713.00	3719.06	3723.58	3720.20	3722.80	3744.16	3703.06	

*******************************************2025/04/03;12:36:29
Probe number 6
Concentration entered by User 1.42% (Compensated: 1.94% at temperature 27.2)
1264.54	1262.76	1290.32	1304.18	1316.18	1333.02	1352.00	1367.58	1386.58	1405.30	1425.92	1452.40	1476.86	1503.66	1534.24	1565.32	
1594.06	1628.74	1662.76	1702.40	1744.40	1798.66	1851.16	1910.50	1972.10	2036.08	2112.22	2214.58	2323.28	2480.86	2687.50	2901.82	
3201.34	3474.86	3637.36	3702.68	3696.16	3702.18	3701.64	3706.48	3708.18	3711.06	3707.24	3707.18	3712.72	3711.60	3713.80	3711.02	
3708.10	3710.82	3719.68	3726.76	3716.24	3718.50	3715.10	3713.54	3723.68	3727.70	3732.62	3735.22	3734.52	3732.32	3730.28	3727.32	
3733.14	3734.28	3732.58	3727.28	3728.26	3725.20	3725.84	3729.72	3727.88	3733.34	3735.14	3732.34	3735.40	3733.28	3738.26	3741.42	
3742.22	3746.42	3745.70	3740.04	3741.84	3739.62	3739.00	3732.16	3737.64	3739.72	3726.28	3737.82	3737.74	3739.02	3737.08	3738.40	
3729.02	3714.78	3714.40	3713.30	3711.92	3712.46	3727.82	3743.04	3731.86	3729.08	3722.08	3704.32	3725.00	3739.82	3726.66	3726.04	
3728.50	3723.84	3721.60	3726.36	3718.34	3714.78	3712.82	3709.16	3709.90	3714.88	3721.10	3725.34	3721.84	3724.28	3745.80	3704.92	

*******************************************2025/04/03;12:56:29
Probe number 7
Concentration entered by User 1.48% (Compensated: 1.99% at temperature 27.2)
1263.40	1262.42	1289.20	1302.40	1314.14	1330.96	1350.30	1365.42	1383.64	1402.78	1423.42	1449.76	1473.20	1502.54	1530.20	1562.28	
1592.48	1625.58	1657.88	1697.92	1743.18	1796.24	1849.28	1901.74	1968.54	2031.52	2111.42	2198.20	2323.88	2463.68	2663.26	2876.94	
3191.10	3464.96	3629.42	3701.06	3696.06	3702.44	3702.66	3707.24	3708.74	3711.62	3708.08	3708.52	3714.10	3712.80	3714.92	3712.18	
3710.12	3712.82	3721.70	3728.24	3717.52	3720.00	3716.76	3714.86	3724.54	3729.46	3734.38	3737.48	3736.42	3734.10	3731.76	3728.58	
3734.44	3735.34	3734.32	3729.60	3730.40	3726.70	3726.96	3730.90	3728.88	3734.46	3736.44	3734.14	3736.54	3734.12	3740.04	3742.88	
3743.72	3748.22	3747.44	3741.66	3743.40	3741.20	3740.66	3733.78	3739.32	3741.62	3728.04	3738.96	3739.14	3740.60	3738.72	3739.82	
3731.06	3716.46	3716.20	3714.94	3713.36	3714.72	3729.68	3744.90	3733.94	3730.72	3723.72	3706.40	3726.88	3741.42	3728.84	3727.96	
3730.24	3725.86	3723.52	3728.60	3719.90	3716.44	3714.26	3711.30	3711.64	3716.82	3722.56	3727.18	3723.94	3726.56	3747.46	3707.18	

*******************************************2025/04/03;13:16:29
Probe number 8
Concentration entered by User 1.43% (Compensated: 1.94% at temperature 27.2)
1264.42	1262.74	1290.24	1303.52	1316.46	1333.60	1352.54	1367.88	1386.78	1405.78	1426.26	1451.18	1474.98	1503.34	1532.34	1564.98	
1593.42	1624.20	1660.44	1700.64	1747.28	1797.18	1852.76	1908.08	1967.56	2035.98	2113.92	2211.56	2318.26	2449.18	2654.50	2899.02	
3198.48	3474.64	3642.14	3701.04	3696.42	3703.00	3702.22	3707.10	3708.36	3711.38	3707.12	3707.34	3712.72	3711.26	3713.46	3710.80	
3708.36	3711.12	3719.50	3726.06	3715.40	3718.14	3714.52	3712.42	3722.74	3727.86	3732.52	3735.32	3734.22	3731.92	3730.00	3726.60	
3732.60	3733.42	3732.32	3727.04	3728.56	3724.84	3725.20	3729.10	3726.86	3732.48	3734.88	3732.24	3735.12	3732.76	3738.04	3740.98	
3742.02	3746.30	3745.80	3739.62	3741.84	3739.50	3739.16	3732.22	3737.76	3740.34	3726.26	3736.96	3737.24	3738.50	3736.88	3737.98	
3729.34	3714.40	3714.26	3712.82	3711.92	3712.44	3727.96	3743.26	3732.36	3728.80	3721.94	3704.24	3725.20	3739.74	3727.08	3726.00	
3728.56	3724.00	3721.82	3726.96	3718.00	3714.78	3712.48	3709.26	3709.84	3714.64	3720.38	3724.82	3720.98	3724.20	3745.40	3704.32	

*******************************************2025/04/03;13:36:29
Probe number 9
Concentration entered by User 1.40% (Compensated: 1.93% at temperature 27.3)
1263.10	1262.06	1289.02	1302.98	1314.92	1332.10	1351.34	1366.68	1385.62	1404.34	1423.80	1451.12	1475.54	1504.74	1532.88	1566.58	
1595.76	1627.64	1659.66	1701.98	1749.20	1804.14	1852.02	1906.86	1971.20	2035.10	2108.18	2213.74	2327.50	2455.58	2660.94	2894.70	
3209.50	3482.38	3652.02	3708.60	3697.02	3703.12	3701.74	3706.42	3707.70	3710.22	3706.52	3706.44	3712.56	3710.72	3713.32	3710.22	
3707.72	3710.76	3719.42	3726.08	3715.20	3717.36	3714.54	3712.40	3722.86	3727.88	3732.94	3735.42	3734.34	3732.00	3730.00	3726.52	
3732.72	3733.80	3732.60	3727.60	3728.42	3724.76	3725.06	3728.74	3727.02	3733.02	3734.66	3731.62	3734.42	3732.72	3738.18	3740.84	
3741.64	3746.22	3745.52	3739.44	3741.42	3739.32	3738.96	3732.14	3737.82	3740.28	3726.58	3737.44	3737.14	3738.62	3736.82	3737.98	
3729.02	3713.92	3713.92	3712.42	3711.36	3712.20	3727.70	3743.04	3732.20	3728.84	3721.88	3704.26	3725.02	3739.48	3727.06	3726.02	
3728.30	3724.08	3721.96	3727.16	3717.98	3714.58	3712.40	3709.04	3709.78	3714.64	3720.90	3725.26	3721.54	3724.38	3745.20	3703.62	

*******************************************2025/04/03;13:56:29
Probe number 10
Concentration entered by User 1.51% (Compensated: 2.03% at temperature 27.3)
1265.64	1263.84	1291.12	1304.98	1316.68	1333.86	1352.78	1368.12	1387.22	1405.52	1427.18	1453.04	1477.28	1504.96	1533.92	1567.42	
1594.82	1628.98	1663.90	1703.28	1748.52	1802.30	1855.62	1910.16	1971.38	2035.36	2116.90	2207.32	2317.02	2454.50	2650.54	2886.68	
3179.58	3447.82	3631.12	3702.52	3694.50	3700.76	3700.06	3705.00	3706.42	3709.24	3705.74	3706.00	3711.38	3709.66	3712.06	3709.80	
3706.50	3709.72	3718.18	3725.50	3714.64	3717.12	3713.48	3711.88	3722.10	3727.48	3732.62	3735.18	3734.02	3731.60	3729.54	3726.50	
3732.34	3733.62	3732.22	3727.36	3727.64	3723.42	3723.94	3728.42	3726.84	3732.18	3734.00	3731.12	3733.96	3732.12	3737.56	3740.32	
3741.62	3746.10	3745.30	3739.28	3740.88	3738.44	3738.20	3731.86	3737.60	3739.54	3725.88	3736.80	3736.74	3738.16	3736.64	3737.84	
3728.72	3714.26	3713.54	3712.00	3710.94	3711.54	3727.38	3742.76	3731.54	3728.68	3721.26	3703.96	3724.54	3739.34	3726.46	3725.58	
3728.34	3723.46	3721.26	3726.54	3717.42	3713.98	3711.64	3708.86	3709.40	3714.26	3719.76	3724.42	3720.90	3723.50	3745.04	3703.60	

*******************************************2025/04/03;14:16:29
Probe number 11
Concentration entered by User 1.48% (Compensated: 2.01% at temperature 27.4)
1264.96	1263.48	1290.96	1305.04	1316.92	1333.70	1352.64	1367.96	1386.64	1406.20	1427.04	1452.94	1477.34	1505.54	1535.30	1569.24	
1597.98	1630.46	1665.90	1703.72	1750.42	1801.60	1857.02	1910.68	1969.12	2038.32	2116.84	2211.12	2312.96	2463.02	2671.32	2898.10	
3183.90	3461.22	3620.14	3692.30	3685.94	3692.28	3691.98	3697.00	3698.84	3701.56	3697.58	3697.68	3703.76	3702.16	3704.24	3700.66	
3697.94	3701.02	3710.52	3717.64	3706.46	3708.64	3704.82	3703.22	3713.42	3719.26	3724.50	3727.08	3725.86	3723.22	3720.68	3717.50	
3724.32	3725.42	3724.48	3718.78	3719.24	3715.22	3715.76	3720.30	3718.64	3724.20	3726.26	3722.84	3725.46	3724.12	3729.66	3732.86	
3733.96	3738.36	3737.70	3731.84	3733.42	3731.08	3730.38	3723.26	3729.42	3731.96	3717.16	3728.58	3729.00	3730.48	3728.48	3730.04	
3719.98	3704.68	3704.30	3702.86	3701.86	3702.64	3718.74	3734.98	3723.24	3719.64	3712.50	3693.74	3715.92	3731.44	3717.98	3716.70	
3719.30	3714.40	3712.68	3718.06	3708.32	3704.78	3702.42	3699.42	3699.82	3705.04	3710.98	3715.60	3712.24	3715.36	3737.52	3694.32	

*******************************************2025/04/03;14:36:29
Probe number 12
Concentration entered by User 1.47% (Compensated: 2.01% at temperature 27.5)
1265.12	1263.74	1290.36	1303.70	1315.78	1332.54	1351.52	1367.68	1385.20	1404.84	1426.34	1452.14	1476.92	1505.56	1533.52	1568.86	
1598.68	1630.80	1663.96	1704.92	1752.22	1804.92	1857.86	1914.96	1975.82	2039.02	2130.96	2221.62	2321.18	2476.82	2678.48	2887.52	
3199.78	3462.26	3615.26	3693.38	3687.76	3694.06	3693.84	3698.52	3700.46	3703.48	3699.34	3699.58	3705.28	3703.56	3705.16	3702.10	
3700.22	3703.50	3712.08	3719.04	3707.54	3709.32	3706.38	3704.02	3715.54	3720.72	3726.08	3728.18	3726.92	3724.08	3722.12	3718.76	
3724.96	3726.44	3725.12	3720.04	3720.40	3716.12	3716.66	3721.30	3719.86	3725.68	3727.62	3724.16	3726.42	3725.00	3731.34	3734.00	
3735.10	3739.36	3738.98	3732.76	3734.44	3732.50	3731.42	3724.26	3730.82	3733.04	3718.78	3729.92	3729.98	3731.70	3729.66	3730.82	
3720.76	3705.88	3705.84	3704.30	3703.44	3703.82	3720.14	3736.02	3724.06	3720.98	3713.56	3695.22	3716.60	3732.42	3718.94	3718.10	
3720.86	3715.86	3713.58	3718.84	3710.04	3706.12	3704.06	3700.72	3701.52	3706.22	3712.98	3716.92	3713.10	3715.86	3738.12	3695.22	

*******************************************2025/04/03;14:56:29
Probe number 13
Concentration entered by User 1.46% (Compensated: 1.99% at temperature 27.4)
1265.50	1263.62	1290.62	1304.44	1316.00	1332.80	1351.24	1367.08	1386.28	1404.98	1426.12	1453.18	1477.58	1507.00	1536.24	1570.66	
1600.24	1632.92	1668.48	1705.40	1749.06	1809.28	1856.66	1918.46	1977.16	2040.84	2128.28	2221.98	2319.92	2477.86	2663.68	2900.88	
3196.50	3461.26	3627.10	3692.44	3689.02	3694.72	3694.16	3698.98	3700.66	3704.08	3700.02	3700.30	3706.24	3704.24	3706.46	3703.66	
3701.02	3704.38	3713.36	3720.68	3709.22	3710.72	3707.82	3705.86	3716.68	3721.92	3726.82	3729.36	3728.34	3725.66	3723.40	3720.26	
3726.36	3727.72	3726.70	3721.04	3721.76	3717.66	3718.22	3722.70	3721.00	3726.32	3728.38	3725.42	3728.00	3726.68	3731.96	3735.14	
3736.26	3740.56	3740.26	3733.98	3735.78	3733.96	3733.00	3725.76	3732.00	3734.04	3720.18	3730.96	3731.52	3732.74	3730.84	3732.04	
3722.58	3707.34	3707.48	3705.98	3705.06	3705.74	3721.42	3737.58	3725.80	3722.48	3715.06	3696.66	3718.10	3733.48	3720.78	3719.56	
3722.10	3717.54	3715.34	3720.72	3711.48	3707.48	3705.36	3701.68	3702.34	3707.94	3713.84	3718.28	3714.62	3716.96	3739.22	3696.40	

*******************************************2025/04/03;15:16:29
Probe number 14
Concentration entered by User 1.46% (Compensated: 2.00% at temperature 27.5)
1268.22	1266.56	1293.18	1306.88	1319.00	1335.64	1355.50	1370.28	1388.62	1408.60	1429.84	1457.18	1483.08	1511.42	1541.84	1575.66	
1603.14	1635.74	1672.62	1712.08	1760.74	1813.42	1863.54	1918.52	1980.34	2052.84	2132.38	2225.60	2339.90	2477.28	2656.92	2891.78	
3207.30	3462.80	3625.66	3694.26	3691.18	3696.26	3696.18	3701.04	3702.62	3705.84	3701.42	3702.06	3707.62	3705.32	3708.16	3704.78	
3702.44	3705.58	3714.16	3721.36	3710.06	3712.02	3708.46	3706.72	3717.92	3723.12	3727.88	3730.14	3728.88	3726.60	3724.40	3721.48	
3727.46	3728.84	3727.96	3722.06	3722.74	3718.46	3718.92	3723.34	3721.94	3727.62	3729.36	3726.62	3728.64	3727.68	3733.02	3736.36	
3737.28	3741.76	3740.92	3734.68	3736.82	3734.64	3734.12	3727.08	3732.78	3734.68	3721.06	3732.08	3732.48	3734.14	3731.92	3733.22	
3723.66	3708.62	3708.20	3706.68	3706.10	3706.54	3722.16	3738.32	3727.06	3723.58	3716.32	3698.26	3719.12	3734.54	3721.66	3720.50	
3722.80	3718.34	3716.04	3721.44	3712.66	3709.00	3706.60	3702.90	3703.76	3708.80	3714.88	3719.32	3715.74	3718.14	3740.24	3697.48	

*******************************************2025/04/03;15:36:29
Probe number 15
Concentration entered by User 1.52% (Compensated: 2.06% at temperature 27.5)
1270.70	1269.08	1295.92	1310.18	1322.08	1339.34	1358.70	1374.46	1394.18	1414.32	1435.48	1463.40	1487.16	1517.10	1547.18	1579.12	
1608.20	1642.90	1677.42	1720.54	1764.56	1816.96	1867.64	1925.24	1988.98	2059.64	2138.04	2243.96	2340.02	2470.98	2654.28	2884.12	
3183.28	3450.66	3614.46	3690.82	3693.62	3697.44	3698.24	3702.90	3704.64	3707.16	3703.20	3703.76	3709.24	3707.44	3709.56	3706.48	
3703.82	3707.32	3715.44	3722.88	3711.68	3713.08	3709.12	3708.06	3718.74	3724.36	3729.42	3731.16	3729.90	3727.20	3724.94	3721.82	
3727.84	3729.52	3728.20	3723.12	3723.32	3719.14	3719.44	3724.02	3722.94	3728.48	3730.34	3727.20	3729.16	3728.12	3733.32	3736.94	
3737.96	3742.14	3741.60	3735.68	3736.96	3735.22	3734.46	3727.20	3733.30	3735.42	3721.30	3732.78	3733.58	3734.82	3732.38	3733.86	
3723.96	3709.26	3709.06	3707.62	3706.62	3707.28	3722.94	3739.20	3727.44	3724.46	3716.46	3698.46	3719.84	3735.34	3722.32	3721.00	
3723.54	3718.54	3716.72	3722.38	3713.20	3709.50	3707.24	3704.24	3704.70	3709.88	3715.50	3719.66	3715.96	3719.02	3741.14	3698.70	

*******************************************2025/04/03;15:56:29
Probe number 16
Concentration entered by User 1.39% (Compensated: 1.91% at temperature 27.3)
1267.48	1266.22	1292.56	1306.30	1317.88	1335.06	1354.50	1369.82	1389.96	1409.72	1431.12	1457.76	1482.82	1511.68	1543.14	1575.44	
1607.00	1640.54	1672.66	1715.20	1760.04	1814.50	1862.64	1922.24	1979.16	2046.76	2129.46	2222.18	2336.54	2479.44	2685.92	2921.20	
3214.78	3479.76	3639.40	3702.68	3697.08	3702.80	3703.08	3707.42	3709.80	3712.44	3708.80	3709.40	3714.20	3712.32	3714.80	3712.82	
3710.06	3713.16	3721.94	3728.74	3717.58	3719.24	3716.32	3715.12	3724.94	3729.96	3734.82	3736.64	3735.24	3732.86	3731.26	3728.02	
3733.82	3735.20	3734.04	3729.34	3729.70	3725.60	3725.92	3730.30	3729.02	3734.80	3736.26	3732.94	3735.28	3733.96	3739.00	3742.66	
3743.42	3747.44	3747.08	3741.14	3742.80	3741.14	3740.30	3733.32	3739.00	3741.22	3727.56	3738.42	3738.98	3740.42	3738.24	3739.38	
3730.38	3715.86	3715.34	3713.98	3712.98	3713.44	3728.96	3744.70	3733.58	3730.30	3723.16	3705.52	3726.16	3740.82	3728.44	3727.34	
3729.80	3725.52	3722.88	3728.40	3719.72	3716.24	3713.84	3710.66	3711.20	3715.84	3721.88	3726.20	3722.80	3725.32	3746.52	3705.92	

*******************************************2025/04/03;16:16:29
Probe number 17
Concentration entered by User 1.47% (Compensated: 1.98% at temperature 27.2)
1266.50	1265.08	1291.72	1305.74	1318.26	1334.88	1353.50	1369.02	1388.34	1408.00	1428.96	1455.80	1481.72	1510.38	1540.12	1574.60	
1604.40	1637.44	1672.46	1714.28	1759.00	1810.28	1865.34	1920.16	1980.74	2046.14	2129.20	2216.94	2328.98	2475.02	2666.68	2891.76	
3192.56	3464.20	3630.88	3700.68	3697.08	3701.48	3701.20	3706.02	3707.24	3710.30	3706.54	3706.46	3711.72	3710.34	3713.32	3710.80	
3708.38	3711.26	3719.90	3726.48	3715.02	3716.96	3713.98	3712.80	3723.46	3727.98	3732.44	3734.78	3733.16	3730.58	3728.90	3726.04	
3731.56	3733.40	3732.12	3727.34	3727.64	3722.98	3723.58	3727.88	3727.18	3732.64	3734.48	3731.04	3733.26	3731.70	3737.16	3740.96	
3741.70	3745.74	3745.36	3739.42	3740.98	3739.34	3738.24	3731.86	3737.40	3739.14	3725.62	3737.24	3737.02	3738.38	3736.16	3737.46	
3728.32	3713.68	3713.52	3712.10	3710.60	3711.44	3727.26	3742.68	3731.70	3728.60	3720.74	3702.86	3723.76	3739.46	3726.30	3725.32	
3727.72	3722.98	3720.36	3725.90	3717.26	3713.46	3711.20	3708.18	3708.88	3713.94	3719.74	3724.30	3720.26	3723.06	3744.40	3703.12	

*******************************************2025/04/03;16:36:29
Probe number 18
Concentration entered by User 1.48% (Compensated: 2.01% at temperature 27.4)
1266.80	1265.02	1291.88	1305.44	1317.60	1334.46	1353.64	1369.16	1389.26	1408.92	1429.74	1456.28	1481.72	1510.40	1541.14	1574.28	
1604.58	1637.72	1670.74	1711.58	1755.58	1813.80	1865.70	1920.40	1980.88	2044.16	2126.30	2218.82	2334.18	2484.70	2681.64	2887.48	
3186.80	3464.32	3623.04	3689.46	3687.32	3692.52	3692.48	3696.90	3698.92	3701.86	3697.86	3698.14	3704.14	3701.80	3704.44	3701.40	
3698.84	3702.10	3711.00	3717.60	3705.86	3708.02	3704.42	3703.38	3714.18	3719.60	3724.34	3726.10	3724.64	3722.60	3720.44	3717.04	
3723.14	3725.12	3723.82	3718.76	3719.04	3713.96	3715.34	3719.74	3718.60	3724.74	3726.14	3722.40	3724.46	3723.12	3729.10	3733.02	
3733.96	3737.98	3737.48	3731.24	3733.18	3731.52	3730.70	3723.04	3729.24	3731.12	3717.26	3728.72	3729.32	3730.40	3728.04	3729.40	
3719.64	3704.16	3704.54	3702.68	3701.52	3702.18	3718.90	3735.14	3723.28	3720.40	3711.96	3693.74	3714.98	3731.14	3717.86	3716.66	
3718.82	3714.64	3712.04	3717.72	3708.34	3704.06	3702.32	3698.66	3699.80	3704.80	3711.32	3715.36	3711.78	3714.80	3737.02	3693.94	

*******************************************2025/04/03;16:56:29
Probe number 19
Concentration entered by User 1.52% (Compensated: 2.06% at temperature 27.4)
1266.44	1265.04	1291.50	1305.22	1316.90	1334.08	1352.94	1368.88	1387.06	1407.56	1428.52	1456.22	1480.72	1509.82	1539.94	1574.92	
1604.56	1637.80	1671.70	1713.78	1757.60	1811.66	1861.06	1923.28	1980.84	2050.54	2130.38	2222.66	2339.42	2472.56	2664.78	2894.64	
3173.92	3445.14	3621.56	3693.18	3687.70	3694.10	3693.14	3697.90	3700.36	3703.20	3698.64	3698.58	3704.84	3702.68	3705.54	3702.36	
3700.56	3702.94	3711.88	3718.94	3707.16	3709.82	3705.38	3703.88	3715.18	3721.02	3725.84	3727.18	3725.86	3722.96	3721.54	3717.92	
3724.34	3726.02	3724.92	3719.80	3719.68	3714.96	3716.14	3720.72	3719.46	3725.80	3727.28	3723.90	3725.92	3724.44	3730.22	3733.74	
3734.92	3738.88	3738.68	3732.20	3734.54	3732.42	3731.60	3724.10	3730.54	3731.92	3718.34	3729.80	3730.78	3731.52	3729.14	3730.54	
3720.82	3705.78	3705.68	3704.22	3703.14	3703.94	3719.74	3735.98	3724.50	3721.10	3713.12	3694.78	3716.24	3732.04	3719.18	3717.92	
3720.26	3715.42	3713.34	3718.56	3709.88	3705.48	3703.12	3699.90	3700.90	3706.42	3712.16	3716.44	3712.56	3715.46	3738.00	3694.52	

*******************************************2025/04/03;17:16:29
Probe number 20
Concentration entered by User 1.49% (Compensated: 2.02% at temperature 27.5)
1270.02	1268.78	1295.64	1309.00	1320.94	1337.32	1357.30	1373.92	1393.38	1413.08	1435.10	1463.34	1487.78	1516.64	1548.10	1582.42	
1611.04	1646.74	1681.38	1720.68	1768.04	1819.58	1877.12	1933.26	1992.68	2057.96	2137.14	2233.32	2345.82	2477.96	2668.64	2908.44	
3201.18	3442.08	3621.48	3697.18	3692.00	3696.30	3695.74	3700.48	3701.90	3704.72	3701.00	3701.14	3707.28	3705.42	3706.62	3703.60	
3701.50	3704.80	3713.48	3720.76	3709.62	3711.30	3706.86	3705.40	3717.00	3722.64	3727.54	3729.36	3727.96	3724.48	3723.12	3719.58	
3725.76	3727.78	3726.42	3721.34	3721.50	3716.82	3717.70	3722.48	3721.52	3727.18	3729.12	3725.56	3726.92	3725.64	3731.40	3735.24	
3736.60	3740.42	3740.00	3733.92	3735.38	3733.74	3732.54	3725.62	3731.54	3733.26	3719.78	3730.88	3732.14	3732.96	3730.78	3732.20	
3722.20	3707.62	3707.46	3705.84	3705.06	3705.56	3721.56	3737.76	3725.84	3722.94	3714.82	3696.60	3717.82	3733.82	3720.88	3719.62	
3721.38	3716.94	3714.96	3720.56	3711.02	3707.20	3704.78	3701.80	3702.86	3707.64	3713.80	3718.12	3714.46	3716.88	3739.24	3696.42	

*******************************************2025/04/03;17:36:29
Probe number 21
Concentration entered by User 1.41% (Compensated: 1.95% at temperature 27.5)
1266.38	1265.16	1291.76	1304.96	1317.46	1333.92	1353.14	1368.92	1388.32	1408.12	1431.08	1457.72	1481.14	1511.92	1542.34	1576.96	
1609.26	1641.70	1675.28	1715.64	1759.66	1814.76	1870.40	1922.30	1979.18	2046.90	2129.68	2219.46	2326.92	2468.98	2654.80	2896.50	
3216.32	3475.20	3639.30	3700.68	3692.66	3697.72	3696.52	3701.16	3702.60	3706.02	3702.64	3702.44	3708.22	3706.20	3708.42	3705.50	
3702.30	3706.08	3714.84	3722.14	3711.24	3712.78	3708.56	3707.78	3719.02	3724.36	3728.90	3730.78	3729.22	3726.72	3724.30	3721.52	
3727.50	3729.30	3728.12	3722.76	3723.10	3718.56	3719.18	3723.82	3722.80	3728.82	3730.46	3727.20	3728.90	3727.40	3733.14	3737.12	
3738.24	3741.98	3741.30	3735.48	3737.30	3736.02	3734.40	3727.32	3733.16	3734.88	3721.76	3732.82	3733.40	3734.52	3732.22	3733.62	
3723.82	3709.14	3709.00	3707.44	3706.30	3707.26	3723.12	3739.04	3727.58	3724.06	3716.14	3698.18	3719.76	3735.38	3722.24	3721.14	
3723.30	3718.98	3716.50	3722.14	3712.70	3709.28	3706.78	3703.68	3704.26	3709.66	3715.86	3719.92	3716.08	3718.66	3741.00	3698.62	

*******************************************2025/04/03;17:56:29
Probe number 22
Concentration entered by User 1.46% (Compensated: 2.00% at temperature 27.5)
1266.96	1265.86	1292.50	1306.38	1318.04	1334.92	1353.92	1369.48	1389.72	1408.70	1431.44	1459.10	1483.08	1512.04	1542.86	1577.60	
1609.26	1644.94	1679.58	1718.98	1766.36	1815.36	1867.12	1926.74	1992.40	2055.86	2135.68	2228.64	2340.92	2482.48	2664.38	2910.84	
3191.50	3461.60	3631.00	3697.08	3694.20	3699.10	3698.86	3703.50	3704.84	3707.90	3704.10	3704.90	3710.50	3708.36	3710.42	3707.46	
3704.94	3708.04	3716.74	3724.16	3712.64	3714.32	3710.44	3709.04	3720.48	3726.02	3730.46	3732.38	3730.30	3727.42	3725.70	3722.88	
3729.00	3730.80	3729.58	3724.38	3724.70	3719.60	3720.54	3725.18	3724.22	3730.38	3731.98	3728.40	3729.90	3728.70	3734.70	3737.96	
3739.46	3743.32	3742.80	3736.78	3738.66	3737.08	3735.74	3729.00	3734.72	3736.34	3723.02	3734.30	3735.18	3735.80	3733.68	3734.90	
3725.14	3710.68	3710.86	3709.30	3708.20	3708.60	3724.34	3740.20	3729.08	3725.62	3718.26	3700.04	3721.24	3736.32	3723.62	3722.20	
3724.20	3720.24	3717.90	3723.42	3713.98	3710.52	3708.54	3705.12	3706.02	3710.90	3717.22	3721.22	3717.24	3720.28	3742.70	3700.16	

*******************************************2025/04/03;18:16:29
Probe number 23
Concentration entered by User 1.48% (Compensated: 2.02% at temperature 27.6)
1270.18	1268.30	1295.82	1308.68	1320.48	1337.50	1357.00	1373.36	1392.80	1413.00	1434.18	1461.58	1486.90	1515.50	1547.62	1582.82	
1612.46	1648.70	1683.74	1723.76	1768.06	1823.92	1874.86	1934.62	1996.10	2057.30	2136.06	2233.80	2331.12	2490.08	2668.80	2898.64	
3199.96	3453.92	3623.06	3695.62	3692.76	3698.18	3697.08	3701.36	3703.36	3706.14	3702.48	3703.70	3708.86	3706.50	3707.76	3704.84	
3702.50	3706.08	3714.60	3722.42	3711.16	3712.14	3708.08	3706.56	3718.64	3724.56	3729.20	3730.28	3728.54	3725.68	3723.64	3720.84	
3727.12	3729.10	3727.78	3722.58	3722.90	3717.66	3718.98	3723.66	3722.74	3728.54	3730.22	3726.58	3728.22	3726.56	3732.92	3736.64	
3737.44	3741.50	3740.96	3734.74	3736.52	3735.02	3734.10	3726.80	3732.92	3734.38	3720.52	3732.40	3733.16	3733.96	3731.94	3733.44	
3723.10	3708.24	3708.86	3706.76	3706.26	3706.60	3722.70	3738.60	3727.02	3723.72	3716.14	3697.90	3719.12	3734.58	3721.42	3720.18	
3722.22	3718.16	3715.94	3721.20	3712.06	3708.12	3705.88	3702.82	3703.94	3709.24	3715.14	3719.48	3715.42	3718.44	3740.42	3697.82	

*******************************************2025/04/03;18:36:29
Probe number 24
Concentration entered by User 1.49% (Compensated: 2.06% at temperature 27.8)
1268.84	1267.34	1294.10	1307.76	1319.18	1336.12	1355.18	1371.06	1390.62	1411.54	1433.42	1461.84	1485.52	1515.56	1546.92	1581.58	
1612.98	1649.08	1681.48	1723.80	1767.48	1821.28	1874.78	1930.40	1994.58	2062.10	2135.46	2235.56	2334.88	2489.00	2668.44	2878.08	
3188.68	3460.68	3622.36	3696.02	3694.70	3697.70	3696.52	3700.84	3703.06	3705.52	3701.48	3701.86	3707.62	3704.88	3706.60	3704.00	
3701.64	3704.30	3713.16	3720.18	3708.06	3710.34	3706.30	3704.84	3717.28	3722.64	3727.28	3728.62	3726.34	3723.42	3721.94	3718.68	
3724.94	3726.66	3725.70	3720.40	3720.86	3715.90	3717.20	3721.44	3720.56	3726.54	3728.00	3724.66	3726.32	3724.76	3731.02	3734.90	
3735.62	3739.74	3739.74	3733.22	3734.92	3733.66	3732.42	3724.98	3730.96	3732.64	3718.98	3730.36	3731.90	3732.26	3730.12	3731.22	
3721.06	3706.34	3706.98	3704.74	3704.28	3704.32	3720.50	3736.46	3725.18	3721.56	3714.02	3695.70	3717.24	3732.90	3719.54	3718.14	
3720.50	3716.02	3713.86	3719.50	3710.42	3706.34	3704.26	3701.00	3701.70	3706.44	3713.20	3717.72	3714.00	3716.20	3739.00	3695.82	

*******************************************2025/04/03;18:56:29
Probe number 25
Concentration entered by User 1.33% (Compensated: 1.87% at temperature 27.6)
1268.44	1267.06	1294.62	1307.94	1319.62	1336.72	1355.92	1372.36	1392.46	1413.10	1435.76	1463.78	1489.28	1517.38	1549.42	1586.42	
1617.04	1654.34	1689.92	1727.14	1774.38	1830.84	1882.14	1938.82	2008.14	2071.94	2156.42	2250.32	2369.42	2498.32	2704.36	2938.38	
3221.66	3493.26	3657.54	3715.84	3705.72	3710.04	3708.46	3711.02	3712.70	3714.20	3709.22	3708.86	3712.88	3710.70	3712.22	3709.80	
3706.74	3708.92	3716.86	3723.50	3712.06	3714.14	3710.44	3708.80	3720.38	3724.98	3729.56	3731.14	3729.02	3726.34	3725.10	3721.60	
3727.80	3729.52	3728.22	3722.90	3723.00	3718.56	3719.52	3724.00	3723.00	3729.32	3730.94	3727.16	3729.00	3727.28	3733.50	3736.64	
3737.96	3742.06	3741.64	3735.48	3737.34	3735.94	3734.78	3727.32	3733.36	3735.10	3721.36	3732.72	3733.62	3734.44	3732.06	3733.66	
3723.84	3709.06	3709.40	3707.42	3706.72	3706.40	3722.70	3738.80	3727.60	3723.82	3716.46	3698.04	3719.38	3734.86	3722.00	3720.50	
3723.00	3718.40	3716.30	3721.66	3712.80	3708.64	3706.02	3703.16	3703.86	3709.60	3715.98	3719.90	3716.26	3718.38	3741.16	3698.70	

*******************************************2025/04/03;19:16:29
Probe number 26
Concentration entered by User 1.14% (Compensated: 1.66% at temperature 27.3)
1266.36	1265.32	1291.44	1305.22	1318.08	1334.74	1354.28	1370.58	1390.96	1412.22	1434.40	1462.24	1488.98	1517.36	1549.62	1583.30	
1615.48	1652.18	1689.58	1732.32	1776.88	1831.16	1887.44	1940.26	2000.62	2067.86	2147.00	2248.26	2367.00	2538.30	2735.80	2978.66	
3270.24	3542.48	3685.02	3730.40	3719.52	3723.20	3719.40	3721.08	3721.40	3721.88	3716.52	3715.78	3719.86	3717.82	3719.00	3715.22	
3711.52	3713.74	3721.90	3728.04	3716.86	3718.42	3715.00	3714.16	3724.76	3729.30	3733.24	3734.78	3732.64	3730.84	3729.32	3725.72	
3731.50	3732.82	3731.84	3726.18	3726.32	3722.00	3722.74	3727.26	3726.62	3732.82	3734.00	3730.76	3732.26	3730.80	3736.46	3740.10	
3740.88	3745.16	3744.34	3738.72	3740.30	3738.82	3738.00	3730.94	3736.12	3738.12	3724.94	3736.02	3736.72	3737.80	3735.40	3736.40	
3727.04	3712.50	3712.36	3711.34	3710.32	3710.40	3725.96	3741.94	3731.14	3727.68	3720.66	3702.24	3722.92	3737.78	3725.06	3724.54	
3726.54	3722.02	3719.32	3725.08	3716.56	3712.52	3710.06	3706.90	3707.46	3713.04	3719.06	3723.38	3719.18	3722.06	3743.70	3702.06	

*******************************************2025/04/03;19:36:29
Probe number 27
Concentration entered by User 1.09% (Compensated: 1.59% at temperature 27.0)
1267.48	1265.84	1293.00	1306.42	1318.84	1335.86	1355.66	1372.50	1391.72	1412.70	1435.62	1463.08	1489.10	1518.44	1549.04	1584.14	
1616.84	1656.56	1693.04	1736.30	1778.12	1831.36	1883.12	1939.22	1998.96	2060.68	2157.48	2256.32	2360.24	2531.38	2744.70	2995.32	
3287.72	3547.28	3682.22	3729.14	3720.40	3724.28	3721.48	3722.44	3722.42	3723.04	3718.02	3717.24	3720.80	3718.92	3719.68	3716.40	
3713.24	3714.82	3722.44	3729.40	3718.12	3719.84	3716.72	3715.54	3726.08	3730.20	3734.44	3736.04	3734.24	3732.18	3730.18	3727.14	
3732.92	3734.16	3732.48	3727.76	3727.88	3723.44	3724.02	3728.92	3727.82	3733.98	3735.28	3732.10	3733.78	3732.36	3737.50	3741.26	
3742.24	3746.52	3745.56	3739.64	3741.90	3740.14	3738.82	3731.86	3737.24	3739.32	3726.04	3737.32	3738.16	3738.82	3736.74	3737.74	
3728.28	3713.82	3714.38	3713.06	3711.18	3711.64	3727.22	3743.12	3732.26	3728.88	3721.60	3703.94	3724.24	3739.32	3726.22	3725.28	
3727.80	3723.30	3721.02	3726.30	3717.56	3713.74	3711.54	3708.40	3709.24	3713.78	3720.12	3724.64	3721.20	3723.24	3744.94	3703.80	

*******************************************2025/04/03;19:56:29
Probe number 28
Concentration entered by User 1.20% (Compensated: 1.68% at temperature 26.8)
1267.28	1265.94	1292.90	1306.46	1318.40	1335.54	1355.94	1371.44	1392.40	1412.70	1433.96	1463.00	1487.74	1518.76	1550.32	1586.32	
1620.84	1656.26	1689.72	1733.98	1778.40	1831.78	1883.78	1941.20	2002.60	2075.44	2154.28	2249.04	2347.46	2516.06	2733.26	2985.20	
3251.50	3520.46	3667.08	3724.40	3714.72	3716.04	3712.46	3716.20	3717.68	3717.98	3713.48	3712.42	3716.50	3714.88	3717.50	3715.34	
3711.08	3712.60	3719.76	3726.28	3714.90	3717.64	3714.94	3713.52	3723.66	3727.14	3731.62	3733.20	3731.70	3729.32	3727.46	3724.34	
3730.00	3731.62	3730.12	3725.34	3725.58	3720.74	3721.72	3726.14	3725.18	3731.36	3732.92	3729.34	3731.38	3729.74	3734.82	3738.60	
3739.74	3744.16	3743.42	3737.40	3739.50	3737.52	3736.54	3729.60	3734.98	3737.24	3723.44	3734.66	3735.02	3736.24	3734.12	3735.04	
3725.94	3711.34	3710.94	3710.08	3708.14	3708.92	3724.88	3740.60	3729.72	3726.12	3718.66	3700.66	3721.32	3737.08	3723.28	3722.92	
3725.18	3720.36	3717.54	3723.32	3714.68	3711.20	3708.76	3705.08	3705.90	3711.46	3717.48	3721.60	3718.08	3721.00	3742.74	3700.82	

*******************************************2025/04/03;20:16:29
Probe number 29
Concentration entered by User 1.18% (Compensated: 1.65% at temperature 26.6)
1265.18	1264.36	1291.14	1304.30	1316.68	1334.02	1353.24	1370.56	1390.82	1411.18	1433.72	1462.40	1488.86	1516.48	1549.46	1585.84	
1616.90	1654.06	1693.48	1733.40	1774.70	1832.52	1883.74	1941.12	2007.52	2068.24	2147.44	2247.04	2351.12	2517.26	2737.98	2962.02	
3259.94	3530.50	3681.62	3719.92	3712.70	3716.70	3713.62	3715.18	3716.54	3717.16	3711.50	3710.38	3714.58	3714.80	3717.30	3714.24	
3710.36	3712.34	3720.68	3726.06	3714.16	3715.96	3712.98	3712.68	3723.18	3726.58	3730.12	3731.72	3730.18	3727.72	3726.00	3722.84	
3728.90	3730.36	3729.02	3723.60	3723.82	3719.18	3719.82	3724.70	3723.30	3729.36	3731.52	3727.82	3730.20	3728.18	3733.26	3737.28	
3737.88	3742.82	3742.14	3736.04	3738.20	3736.22	3734.54	3728.18	3732.82	3736.02	3722.24	3733.62	3733.92	3734.68	3732.70	3733.82	
3724.36	3710.04	3709.18	3708.32	3706.52	3706.98	3723.26	3739.20	3727.94	3724.70	3717.18	3698.72	3719.92	3735.26	3721.74	3721.22	
3723.52	3718.74	3715.76	3721.76	3713.30	3709.36	3707.08	3703.76	3704.34	3709.28	3715.44	3719.90	3716.20	3719.12	3741.12	3699.02	

*******************************************2025/04/03;20:36:29
Probe number 30
Concentration entered by User 1.22% (Compensated: 1.67% at temperature 26.4)
1262.80	1261.76	1289.22	1302.34	1314.64	1331.46	1350.92	1367.04	1387.68	1408.16	1431.68	1459.82	1485.02	1513.96	1545.46	1581.62	
1613.90	1651.98	1687.48	1729.00	1773.04	1827.02	1876.98	1933.12	2003.24	2066.56	2151.60	2236.80	2339.12	2496.88	2701.00	2942.82	
3254.34	3529.88	3678.42	3718.90	3711.00	3714.94	3712.36	3714.54	3715.04	3715.92	3710.92	3709.12	3713.52	3713.28	3715.52	3713.02	
3709.48	3711.86	3720.70	3725.94	3712.58	3714.96	3712.24	3711.48	3722.36	3725.70	3729.68	3730.96	3729.12	3727.14	3725.28	3722.02	
3727.68	3729.48	3727.78	3722.86	3722.92	3718.52	3719.14	3723.26	3722.34	3728.76	3730.52	3726.94	3729.28	3727.66	3732.70	3736.04	
3737.28	3742.28	3741.40	3735.14	3737.82	3735.80	3733.88	3727.46	3732.40	3735.04	3721.08	3732.60	3733.24	3733.62	3731.68	3732.84	
3723.80	3709.22	3708.22	3707.20	3705.50	3705.64	3722.58	3738.06	3727.08	3723.64	3716.80	3697.40	3718.32	3734.46	3720.28	3720.66	
3722.96	3718.04	3714.68	3720.38	3712.20	3708.60	3706.76	3702.72	3703.02	3708.42	3714.68	3719.38	3715.10	3718.42	3740.40	3698.74	

*******************************************2025/04/03;20:56:29
Probe number 31
Concentration entered by User 1.24% (Compensated: 1.68% at temperature 26.2)
1258.90	1257.92	1284.52	1298.34	1310.38	1328.14	1347.00	1362.96	1384.18	1405.54	1427.12	1455.92	1481.92	1511.30	1542.54	1577.74	
1609.84	1649.38	1686.26	1726.38	1771.26	1822.90	1878.06	1933.84	2001.86	2065.56	2140.92	2237.76	2352.66	2493.96	2698.10	2926.72	
3248.86	3530.70	3673.72	3715.82	3713.14	3718.94	3716.20	3718.62	3718.22	3719.36	3714.50	3712.54	3717.02	3716.18	3718.44	3715.32	
3712.74	3714.78	3723.64	3728.86	3716.46	3718.58	3715.30	3714.94	3725.38	3728.74	3731.92	3734.04	3732.06	3729.66	3727.62	3724.26	
3729.98	3731.96	3730.12	3725.12	3725.54	3720.68	3721.30	3725.62	3724.38	3730.82	3732.38	3728.86	3730.86	3729.48	3734.46	3738.20	
3739.08	3744.14	3743.42	3737.08	3739.26	3737.34	3735.62	3728.90	3734.36	3736.90	3723.00	3734.70	3735.06	3735.46	3733.88	3734.84	
3725.48	3711.56	3710.84	3709.80	3707.88	3707.94	3724.58	3739.94	3729.78	3725.48	3718.48	3699.48	3721.00	3736.52	3722.16	3722.66	
3724.88	3720.04	3716.88	3722.80	3714.24	3710.50	3708.78	3705.28	3705.66	3710.72	3716.90	3721.78	3717.90	3720.08	3742.36	3700.98	

*******************************************2025/04/03;21:16:29
Probe number 32
Concentration entered by User 1.29% (Compensated: 1.72% at temperature 26.0)
1257.80	1256.90	1283.32	1296.60	1308.62	1325.34	1344.66	1361.30	1381.70	1403.34	1425.66	1454.20	1480.76	1508.60	1541.08	1577.44	
1610.36	1646.96	1684.00	1725.74	1769.66	1824.66	1877.98	1938.46	1995.94	2056.04	2139.90	2241.68	2343.76	2487.46	2689.96	2939.78	
3233.46	3507.18	3665.08	3723.42	3719.14	3722.24	3718.52	3721.42	3721.18	3722.62	3718.36	3714.72	3718.26	3716.18	3718.84	3717.50	
3714.34	3715.60	3723.72	3729.04	3716.76	3718.18	3716.18	3716.14	3725.44	3728.66	3732.54	3734.44	3733.46	3729.36	3727.66	3724.32	
3730.28	3731.78	3730.74	3725.66	3725.60	3720.96	3721.38	3725.70	3724.80	3731.36	3733.32	3729.08	3731.56	3729.94	3735.36	3738.42	
3739.76	3744.56	3743.98	3737.46	3739.46	3737.66	3735.84	3729.42	3734.70	3737.18	3723.34	3734.90	3735.48	3735.56	3734.46	3734.90	
3725.74	3711.86	3711.14	3709.70	3708.30	3708.28	3725.04	3740.74	3730.22	3726.14	3718.82	3700.18	3721.40	3736.52	3722.18	3722.80	
3724.78	3720.02	3717.36	3722.92	3714.18	3711.00	3709.24	3705.34	3705.82	3711.22	3717.18	3721.60	3718.46	3721.20	3742.64	3701.24	

*******************************************2025/04/03;21:36:29
Probe number 33
Concentration entered by User 1.43% (Compensated: 1.84% at temperature 25.9)
1253.02	1252.76	1278.00	1292.44	1305.06	1322.10	1341.26	1357.60	1377.76	1398.80	1420.90	1448.72	1474.56	1502.32	1533.90	1569.90	
1604.18	1637.00	1673.58	1716.46	1760.32	1813.86	1865.14	1917.74	1976.04	2042.94	2113.68	2207.56	2323.70	2469.36	2656.24	2882.24	
3186.48	3491.44	3653.54	3717.52	3714.76	3716.80	3714.98	3718.48	3718.26	3719.18	3714.04	3711.50	3715.48	3713.70	3714.76	3712.68	
3709.54	3710.94	3718.38	3724.34	3712.72	3715.38	3712.94	3710.84	3720.46	3725.46	3729.38	3731.16	3729.06	3725.42	3723.64	3720.42	
3726.74	3728.22	3726.58	3721.86	3722.52	3717.80	3717.76	3722.24	3720.94	3727.10	3729.48	3725.32	3727.96	3726.44	3731.30	3735.12	
3735.54	3741.34	3740.42	3733.90	3736.02	3734.30	3732.42	3725.80	3730.86	3733.68	3719.72	3731.58	3731.94	3732.18	3730.78	3731.60	
3722.20	3707.68	3706.72	3705.50	3704.08	3704.30	3721.20	3736.88	3726.08	3721.64	3715.04	3695.88	3717.32	3732.84	3718.30	3718.82	
3720.48	3716.28	3713.54	3719.20	3710.48	3706.40	3704.88	3701.30	3701.66	3707.02	3713.46	3718.02	3714.36	3716.94	3739.72	3697.02	

*******************************************2025/04/03;21:56:29
Probe number 34
Concentration entered by User 1.65% (Compensated: 2.05% at temperature 25.7)
1247.72	1246.78	1272.70	1286.12	1298.58	1315.92	1334.78	1351.24	1370.88	1391.94	1414.78	1441.84	1465.58	1492.32	1523.34	1559.76	
1591.96	1629.00	1664.06	1705.10	1748.74	1803.32	1857.44	1914.86	1965.84	2045.94	2122.24	2212.34	2327.58	2475.34	2652.72	2873.96	
3164.84	3392.42	3602.56	3699.06	3704.14	3715.70	3719.60	3721.14	3720.82	3719.48	3712.32	3711.44	3715.56	3715.26	3716.02	3712.18	
3708.48	3709.34	3716.62	3722.14	3710.74	3713.38	3711.56	3709.32	3719.66	3723.38	3727.82	3729.34	3726.98	3724.46	3722.76	3718.88	
3724.94	3726.58	3725.44	3720.24	3720.74	3716.40	3716.30	3720.78	3719.50	3725.72	3727.72	3723.96	3726.94	3724.82	3730.14	3733.44	
3734.36	3739.86	3739.20	3732.46	3734.30	3732.64	3730.86	3724.46	3729.64	3732.24	3717.92	3729.60	3730.36	3730.74	3729.52	3730.36	
3720.50	3706.12	3705.32	3703.42	3702.38	3702.32	3719.38	3735.40	3724.42	3720.22	3713.30	3693.96	3715.76	3731.46	3717.16	3717.36	
3718.88	3714.66	3711.62	3717.14	3708.68	3704.90	3703.08	3699.40	3699.46	3704.98	3711.44	3716.04	3712.58	3715.00	3738.36	3695.34	

*******************************************2025/04/03;22:16:29
Probe number 35
Concentration entered by User 1.26% (Compensated: 1.65% at temperature 25.5)
1244.22	1244.06	1269.06	1281.96	1294.44	1311.52	1331.82	1346.84	1366.72	1386.96	1408.44	1435.34	1461.20	1489.78	1521.08	1557.86	
1589.20	1624.64	1659.52	1699.84	1747.28	1803.30	1857.80	1913.40	1973.02	2041.10	2126.78	2219.98	2321.82	2470.98	2657.04	2918.48	
3242.28	3519.92	3694.52	3734.80	3726.46	3729.16	3727.26	3730.98	3729.52	3728.88	3723.90	3722.60	3727.00	3724.62	3724.46	3720.96	
3718.88	3719.70	3725.80	3731.12	3721.20	3723.72	3720.30	3718.28	3727.30	3731.78	3736.04	3737.08	3735.86	3733.18	3731.36	3727.46	
3733.08	3734.90	3733.18	3728.12	3728.90	3724.66	3724.70	3728.60	3726.90	3732.76	3735.40	3732.16	3734.52	3732.36	3737.68	3741.02	
3741.64	3747.06	3746.52	3739.70	3741.78	3740.58	3738.90	3732.48	3737.76	3739.76	3726.12	3737.10	3738.16	3738.72	3737.16	3738.14	
3728.58	3714.66	3714.14	3711.84	3711.06	3710.98	3727.62	3742.82	3732.52	3728.20	3721.68	3703.06	3724.18	3738.80	3725.10	3725.54	
3727.72	3723.26	3720.24	3725.48	3716.90	3712.92	3711.60	3707.74	3708.52	3713.36	3719.66	3724.36	3721.48	3723.32	3745.58	3704.20	

*******************************************2025/04/03;22:36:29
Probe number 36
Concentration entered by User 1.54% (Compensated: 1.92% at temperature 25.5)
1233.90	1233.56	1258.10	1271.12	1283.08	1299.50	1318.46	1334.62	1354.08	1373.52	1395.36	1423.46	1447.94	1476.42	1508.56	1542.56	
1573.72	1608.58	1646.94	1687.12	1727.88	1779.06	1836.58	1885.42	1947.42	2012.54	2092.52	2192.06	2294.82	2426.42	2599.92	2825.46	
3134.52	3485.50	3654.60	3698.50	3712.86	3732.62	3733.22	3734.76	3732.26	3729.46	3722.54	3719.86	3725.08	3723.82	3724.48	3721.22	
3717.40	3716.70	3722.96	3728.78	3719.22	3721.92	3718.26	3715.96	3725.14	3729.58	3733.92	3734.62	3733.52	3731.34	3729.20	3725.30	
3730.74	3732.20	3730.90	3725.84	3725.62	3722.22	3722.40	3726.62	3725.52	3731.52	3733.14	3729.12	3731.14	3729.76	3735.76	3738.80	
3740.10	3744.94	3744.10	3737.34	3738.80	3737.74	3736.20	3729.98	3735.34	3737.48	3723.68	3734.86	3735.92	3736.18	3734.82	3735.72	
3725.58	3711.40	3711.08	3709.34	3708.86	3707.92	3724.98	3740.34	3729.74	3725.26	3719.12	3700.06	3721.78	3736.52	3722.64	3722.76	
3724.54	3720.36	3717.40	3723.02	3714.48	3710.62	3708.50	3704.96	3705.38	3710.22	3717.10	3721.48	3718.40	3720.72	3743.28	3701.76	

*******************************************2025/04/03;22:56:29
Probe number 37
Concentration entered by User 1.50% (Compensated: 1.88% at temperature 25.3)
1225.56	1225.08	1249.86	1262.06	1274.16	1290.50	1309.12	1324.02	1343.36	1362.58	1385.06	1411.16	1437.46	1465.10	1495.76	1530.54	
1561.74	1598.46	1631.26	1671.16	1713.60	1763.90	1814.30	1870.08	1936.32	2000.36	2072.38	2149.74	2243.28	2367.38	2536.02	2783.80	
3166.84	3483.22	3680.40	3727.58	3726.74	3732.78	3727.50	3730.26	3730.86	3731.28	3726.52	3725.12	3729.70	3726.90	3726.50	3723.72	
3719.26	3719.92	3726.26	3731.72	3720.80	3722.80	3719.02	3717.00	3726.58	3730.48	3733.58	3734.86	3733.24	3730.72	3729.24	3725.72	
3730.98	3732.34	3730.10	3724.64	3725.18	3721.76	3723.04	3727.44	3725.88	3731.56	3732.46	3728.36	3730.98	3729.80	3736.34	3740.04	
3739.68	3744.32	3743.48	3737.00	3739.12	3737.94	3736.28	3729.98	3735.24	3737.34	3723.70	3734.52	3736.04	3736.10	3734.56	3735.66	
3725.88	3711.38	3710.84	3708.68	3708.26	3708.16	3724.54	3740.56	3730.02	3725.76	3718.92	3699.88	3721.22	3736.52	3722.74	3722.78	
3724.20	3720.32	3717.14	3723.26	3714.32	3710.32	3708.16	3705.00	3704.88	3710.40	3716.90	3721.26	3718.46	3720.22	3742.90	3701.50	

*******************************************2025/04/03;23:16:29
Probe number 38
Concentration entered by User 1.87% (Compensated: 2.24% at temperature 25.2)
1217.48	1216.78	1240.74	1252.68	1265.46	1281.54	1299.84	1314.68	1333.94	1353.54	1373.24	1399.70	1423.88	1452.02	1483.26	1517.86	
1550.24	1584.68	1616.06	1655.18	1695.96	1748.00	1800.82	1857.26	1916.52	1987.10	2054.00	2131.46	2224.20	2347.98	2519.26	2769.14	
3081.78	3388.50	3561.04	3618.36	3711.56	3732.38	3735.48	3735.96	3733.84	3733.28	3727.50	3728.00	3733.64	3731.84	3731.20	3725.72	
3720.54	3721.30	3728.32	3734.14	3723.36	3723.62	3718.70	3716.36	3726.24	3731.20	3735.02	3735.90	3734.08	3730.42	3728.58	3724.64	
3730.62	3732.42	3729.74	3723.52	3724.32	3721.10	3722.78	3727.20	3724.92	3730.84	3731.84	3727.86	3730.14	3729.18	3735.74	3738.98	
3738.62	3743.14	3742.50	3736.66	3738.92	3737.52	3736.08	3729.12	3734.38	3736.18	3723.10	3733.90	3735.58	3735.60	3733.12	3734.72	
3724.88	3710.88	3710.66	3708.38	3707.76	3707.14	3723.90	3739.98	3729.10	3725.10	3718.20	3699.38	3720.42	3735.72	3722.28	3722.20	
3723.86	3720.14	3716.74	3722.44	3713.72	3709.86	3707.68	3704.28	3704.38	3709.50	3716.28	3720.60	3717.76	3719.58	3742.36	3700.40	

*******************************************2025/04/03;23:36:29
Probe number 39
Concentration entered by User 2.26% (Compensated: 2.62% at temperature 25.1)
1207.44	1207.70	1230.90	1242.68	1253.62	1268.88	1286.74	1301.98	1319.68	1339.24	1359.84	1386.62	1410.20	1436.52	1467.40	1502.38	
1534.68	1569.94	1601.98	1636.10	1678.28	1728.34	1783.58	1843.68	1902.78	1962.84	2029.68	2092.06	2172.70	2282.84	2473.24	2687.90	
2970.50	3252.84	3519.76	3598.76	3688.64	3739.78	3742.36	3739.58	3734.62	3733.56	3727.24	3726.34	3731.72	3729.16	3727.92	3723.80	
3719.22	3718.80	3725.56	3732.10	3721.02	3720.86	3715.62	3713.92	3724.12	3728.80	3732.68	3732.92	3729.96	3726.24	3724.26	3720.72	
3727.06	3727.46	3724.30	3718.54	3718.96	3715.94	3717.74	3722.36	3720.70	3726.30	3727.58	3723.16	3725.96	3724.38	3730.62	3734.58	
3734.22	3739.34	3738.86	3732.26	3733.82	3732.92	3730.86	3724.66	3729.90	3732.08	3718.10	3729.52	3730.66	3730.68	3729.02	3730.30	
3720.20	3705.94	3705.70	3703.62	3702.18	3702.14	3718.88	3735.52	3724.64	3720.18	3712.98	3693.66	3715.38	3731.04	3717.76	3717.16	
3718.96	3714.50	3711.66	3717.64	3708.94	3704.54	3703.00	3699.22	3699.22	3704.38	3711.30	3716.26	3713.04	3714.62	3737.68	3694.88	

*******************************************2025/04/03;23:56:29
Probe number 40
Concentration entered by User 2.02% (Compensated: 2.36% at temperature 25.0)
1197.04	1197.14	1219.32	1231.38	1242.52	1257.92	1275.64	1290.88	1309.98	1328.26	1349.04	1373.12	1397.78	1426.44	1456.82	1488.86	
1517.96	1551.54	1583.06	1623.68	1664.28	1718.48	1774.82	1836.98	1895.00	1949.58	2015.96	2085.78	2163.56	2289.42	2481.48	2709.36	
3011.86	3340.20	3577.66	3630.28	3695.36	3743.94	3747.54	3746.26	3742.56	3740.84	3734.64	3732.38	3736.44	3734.56	3733.88	3730.14	
3726.48	3726.04	3730.88	3737.40	3727.62	3726.90	3722.78	3721.38	3730.76	3734.26	3736.62	3736.86	3734.60	3731.78	3729.88	3726.74	
3731.88	3731.38	3727.48	3722.26	3723.90	3720.88	3722.02	3726.08	3724.44	3729.38	3731.08	3727.04	3729.90	3728.40	3734.32	3738.00	
3737.58	3742.26	3742.32	3736.00	3737.50	3736.42	3734.50	3727.84	3733.46	3735.60	3721.92	3732.78	3734.64	3734.42	3732.66	3734.40	
3723.88	3710.04	3710.18	3707.62	3706.14	3706.06	3722.42	3738.90	3728.32	3723.98	3717.60	3697.98	3718.90	3734.18	3721.58	3720.90	
3722.94	3718.92	3715.78	3721.24	3712.96	3708.90	3706.92	3703.24	3703.56	3708.84	3715.10	3720.36	3717.12	3718.52	3741.22	3699.30	

