*******************************************2025/05/19;04:00:03
Probe number 0
Concentration entered by User -1.00% (Compensated: -1.00% at temperature 24.6)
3390.14	3512.60	3624.50	3622.18	3608.76	3617.08	3622.26	3611.98	3615.62	3620.72	3620.48	3638.00	3638.50	3642.44	3647.48	3652.86	
3655.06	3659.30	3661.46	3668.42	3674.68	3686.58	3683.78	3681.94	3682.82	3683.86	3688.08	3689.16	3688.00	3692.76	3704.58	3700.34	
3704.16	3707.20	3704.88	3704.50	3704.58	3713.44	3715.56	3722.80	3726.68	3730.68	3727.60	3726.86	3730.92	3729.30	3730.84	3727.78	
3726.60	3727.84	3734.20	3739.06	3727.48	3729.68	3728.02	3726.62	3734.24	3736.46	3737.80	3737.60	3735.76	3734.72	3734.70	3731.54	
3735.82	3735.10	3734.72	3729.32	3728.78	3723.18	3724.82	3728.74	3727.46	3731.00	3729.14	3722.46	3724.52	3721.70	3725.34	3732.80	
3732.90	3737.98	3738.78	3738.18	3740.70	3734.88	3737.42	3731.78	3737.48	3738.36	3728.20	3741.88	3743.08	3744.02	3740.44	3739.48	
3728.24	3714.64	3713.58	3710.42	3709.90	3708.66	3723.92	3739.08	3727.64	3724.62	3717.22	3696.00	3718.38	3736.24	3723.46	3723.68	
3724.00	3717.78	3713.96	3722.38	3714.48	3709.50	3707.00	3701.76	3700.68	3707.80	3716.50	3719.52	3713.66	3718.44	3741.82	3701.06	

*******************************************2025/05/19;07:00:02
Probe number 1
Concentration entered by User -1.00% (Compensated: -1.00% at temperature 24.5)
3380.72	3500.88	3613.36	3611.30	3597.68	3606.20	3611.82	3600.48	3604.86	3610.14	3609.04	3627.02	3627.42	3631.76	3636.68	3642.54	
3644.08	3649.22	3651.42	3658.44	3664.72	3676.92	3673.82	3672.12	3672.84	3673.82	3678.28	3679.30	3678.36	3683.42	3695.36	3690.76	
3695.48	3697.94	3695.44	3695.70	3695.82	3704.72	3706.66	3714.76	3718.98	3722.42	3719.14	3718.50	3722.50	3720.90	3723.12	3719.86	
3718.28	3719.52	3726.28	3731.42	3719.38	3721.42	3719.70	3718.06	3726.66	3728.90	3730.26	3729.64	3727.94	3727.04	3726.98	3723.56	
3727.72	3726.94	3727.04	3720.76	3719.96	3714.54	3716.22	3720.58	3718.92	3722.38	3721.18	3714.10	3717.40	3714.70	3718.62	3725.90	
3725.80	3730.92	3732.04	3730.84	3733.98	3727.88	3729.32	3723.60	3729.30	3730.54	3719.58	3734.38	3735.46	3736.06	3732.90	3731.56	
3719.94	3705.32	3704.60	3701.76	3701.02	3699.66	3715.62	3731.48	3719.60	3716.22	3708.70	3686.58	3709.80	3728.52	3715.52	3715.10	
3715.82	3709.06	3705.22	3714.34	3705.48	3700.78	3698.02	3693.04	3692.54	3699.64	3708.26	3711.48	3705.68	3710.68	3734.84	3692.18	

*******************************************2025/05/19;10:42:09
Probe number 2
Concentration entered by User 6.41% (Compensated: 6.77% at temperature 25.1)
1073.56	1075.16	1088.66	1097.56	1104.62	1114.72	1126.02	1134.98	1146.16	1158.48	1171.10	1186.84	1201.56	1218.54	1237.44	1257.94	
1276.98	1299.04	1321.02	1346.02	1371.76	1404.52	1434.40	1466.98	1503.52	1540.98	1582.36	1628.08	1676.84	1735.96	1806.06	1878.06	
1964.76	2073.08	2201.92	2374.60	2619.88	2978.44	3318.32	3564.66	3700.36	3697.36	3685.32	3688.54	3696.18	3696.46	3699.64	3696.14	
3695.12	3697.66	3707.74	3715.70	3705.40	3709.04	3708.26	3707.08	3717.76	3721.00	3724.30	3726.70	3726.84	3726.34	3726.16	3723.24	
3727.50	3727.72	3726.54	3722.24	3723.58	3719.86	3722.28	3727.12	3724.26	3728.12	3729.40	3726.18	3728.96	3727.94	3732.34	3738.30	
3737.82	3739.14	3739.18	3732.36	3733.78	3730.58	3735.30	3727.10	3730.00	3733.08	3725.10	3740.68	3736.24	3739.16	3737.08	3738.88	
3727.20	3714.82	3714.08	3712.38	3711.04	3710.88	3726.50	3743.00	3731.82	3728.76	3720.92	3702.26	3722.54	3737.92	3724.90	3723.88	
3725.02	3720.58	3718.96	3723.84	3714.42	3710.66	3708.08	3703.88	3704.54	3708.96	3715.70	3719.44	3715.06	3717.72	3740.16	3698.04	

