*******************************************2025/09/06;04:00:03
Probe number 0
Concentration entered by User -1.00% (Compensated: -1.00% at temperature 26.5)
3372.22	3493.50	3614.54	3601.62	3579.36	3603.32	3616.04	3601.80	3602.00	3613.90	3615.62	3629.34	3629.06	3630.92	3643.70	3646.44	
3640.38	3647.38	3643.32	3641.40	3642.82	3642.30	3633.62	3628.26	3637.18	3643.58	3643.80	3647.14	3644.44	3643.00	3658.12	3657.68	
3673.60	3684.38	3679.24	3693.00	3697.52	3706.14	3714.26	3718.48	3718.50	3724.40	3713.40	3707.54	3722.82	3732.96	3743.40	3733.26	
3717.78	3716.78	3733.88	3742.24	3732.98	3731.92	3735.50	3737.08	3740.26	3740.40	3737.78	3740.72	3739.68	3738.20	3740.84	3745.64	
3745.90	3744.16	3737.18	3734.74	3734.38	3726.80	3732.38	3738.62	3730.70	3740.04	3740.06	3740.80	3743.48	3730.66	3726.38	3734.96	
3724.10	3719.64	3705.88	3667.38	3633.78	3616.18	3666.48	3679.48	3688.22	3686.48	3681.64	3699.34	3686.20	3721.76	3734.06	3732.36	
3711.98	3690.76	3688.46	3680.70	3671.28	3670.40	3697.92	3719.76	3708.22	3708.86	3693.02	3681.64	3702.78	3720.28	3709.24	3712.58	
3723.14	3723.26	3719.44	3729.34	3729.38	3723.36	3723.62	3706.32	3696.26	3712.50	3727.44	3729.44	3727.82	3725.86	3747.06	3702.20	

*******************************************2025/09/06;07:00:03
Probe number 1
Concentration entered by User -1.00% (Compensated: -1.00% at temperature 26.4)
3369.14	3488.42	3609.90	3597.12	3574.52	3599.42	3611.68	3597.90	3597.56	3609.86	3611.18	3625.32	3625.12	3627.30	3640.36	3643.04	
3636.50	3643.48	3639.82	3637.16	3638.88	3638.76	3629.76	3624.04	3633.26	3640.34	3640.06	3643.04	3640.52	3639.14	3655.16	3653.80	
3670.12	3680.98	3675.38	3689.62	3694.18	3703.16	3711.44	3715.38	3715.26	3721.72	3710.44	3704.32	3719.64	3730.30	3740.88	3730.46	
3714.58	3713.86	3731.20	3739.46	3729.78	3729.26	3732.94	3734.44	3737.72	3737.96	3735.10	3737.72	3737.26	3735.26	3738.66	3743.24	
3743.48	3741.66	3735.04	3732.20	3731.58	3723.74	3729.50	3736.06	3727.72	3737.40	3737.52	3738.34	3741.54	3728.00	3723.86	3732.56	
3721.14	3716.70	3702.94	3663.72	3630.32	3612.12	3662.62	3675.82	3684.50	3683.12	3678.18	3696.30	3683.20	3719.00	3731.08	3729.64	
3708.94	3687.32	3685.24	3677.64	3667.68	3666.46	3694.34	3717.08	3704.80	3705.62	3689.64	3678.46	3700.14	3717.52	3705.80	3709.60	
3720.54	3720.42	3716.20	3726.54	3726.76	3720.70	3720.44	3703.48	3692.76	3709.22	3724.76	3726.92	3725.10	3723.54	3744.46	3699.02	

