*******************************************2025/03/26;00:05:19
Probe number 14
Concentration entered by User -1.00% (Compensated: -1.00% at temperature 23.6)
3421.80	3556.54	3670.90	3692.62	3691.78	3690.64	3687.44	3670.34	3674.50	3640.28	3637.16	3657.86	3642.36	3655.36	3657.24	3673.90	
3676.52	3687.52	3684.64	3688.22	3694.08	3717.56	3725.18	3727.64	3731.02	3730.38	3737.42	3734.70	3739.34	3743.64	3748.70	3740.98	
3733.30	3721.80	3720.30	3692.76	3695.04	3726.16	3702.86	3692.54	3704.24	3704.26	3676.70	3675.10	3675.18	3675.20	3684.72	3673.12	
3647.60	3668.90	3683.18	3693.12	3658.56	3661.64	3676.84	3680.36	3679.30	3694.46	3702.12	3698.20	3706.06	3716.86	3721.20	3725.04	
3730.80	3730.88	3732.40	3727.34	3699.98	3708.46	3714.20	3726.72	3732.04	3716.94	3712.02	3713.62	3727.40	3739.10	3729.48	3730.34	
3705.38	3707.88	3704.02	3705.12	3741.64	3740.48	3747.50	3725.24	3745.44	3770.16	3780.40	3802.60	3781.72	3801.58	3774.20	3805.10	
3800.62	3778.40	3733.74	3724.96	3755.40	3762.00	3768.10	3778.06	3760.08	3749.90	3737.74	3709.84	3707.10	3692.56	3673.06	3649.48	
3666.64	3616.22	3589.44	3615.08	3616.66	3581.22	3600.82	3648.36	3657.80	3687.10	3704.34	3718.38	3724.96	3748.30	3778.64	3753.00	

*******************************************2025/03/26;00:25:19
Probe number 15
Concentration entered by User -1.00% (Compensated: -1.00% at temperature 23.5)
3425.46	3561.42	3675.24	3696.90	3696.44	3694.88	3691.74	3675.04	3678.80	3644.96	3640.22	3660.48	3644.10	3655.66	3656.24	3673.44	
3676.92	3688.46	3685.96	3688.04	3693.66	3716.42	3724.64	3726.80	3730.56	3730.32	3736.92	3734.44	3739.02	3743.40	3748.60	3740.86	
3733.82	3721.46	3719.88	3691.80	3693.92	3724.94	3701.16	3690.72	3702.58	3703.14	3675.62	3674.10	3673.92	3672.26	3682.52	3671.54	
3645.80	3668.16	3684.62	3694.38	3659.72	3660.94	3675.72	3679.44	3678.30	3694.00	3702.06	3697.84	3704.92	3715.74	3720.66	3724.24	
3729.74	3729.94	3731.74	3727.04	3700.04	3708.32	3714.80	3727.78	3733.32	3719.40	3714.66	3716.52	3730.44	3741.50	3732.22	3732.78	
3707.56	3709.88	3705.62	3706.50	3741.74	3741.78	3749.40	3728.34	3749.04	3774.30	3784.70	3806.12	3787.34	3805.10	3778.04	3807.70	
3803.44	3779.96	3735.44	3726.38	3756.00	3762.64	3768.56	3778.60	3760.92	3749.80	3736.74	3707.62	3705.58	3692.18	3675.44	3652.46	
3668.82	3617.20	3589.40	3617.94	3621.26	3585.94	3604.12	3651.56	3659.34	3687.90	3705.66	3718.78	3725.18	3749.06	3778.94	3753.90	

*******************************************2025/03/26;00:45:19
Probe number 16
Concentration entered by User -1.00% (Compensated: -1.00% at temperature 23.4)
3419.68	3554.32	3668.60	3689.62	3689.26	3688.46	3684.84	3668.50	3673.78	3638.82	3633.44	3652.22	3634.12	3644.36	3643.44	3660.54	
3665.78	3678.54	3676.40	3678.74	3684.62	3707.46	3715.80	3719.04	3723.64	3724.08	3731.78	3729.48	3734.54	3739.62	3745.56	3738.04	
3730.56	3718.52	3716.28	3688.20	3689.92	3721.16	3697.10	3686.48	3697.68	3698.76	3670.00	3668.68	3668.12	3666.98	3677.48	3666.30	
3639.90	3661.92	3678.52	3688.62	3652.18	3653.84	3668.50	3672.00	3670.28	3686.20	3694.42	3690.56	3697.62	3708.18	3713.20	3717.54	
3723.58	3723.58	3725.24	3720.50	3692.52	3700.90	3708.16	3721.74	3727.92	3714.04	3710.02	3712.20	3725.46	3737.38	3728.00	3728.30	
3702.80	3706.26	3701.38	3701.10	3736.48	3736.26	3744.76	3722.78	3743.84	3770.30	3780.58	3802.86	3782.96	3802.12	3774.00	3804.42	
3799.84	3776.86	3731.38	3723.26	3752.00	3758.30	3764.52	3774.60	3756.50	3744.60	3729.16	3697.14	3694.76	3682.02	3664.34	3639.18	
3655.02	3602.32	3573.60	3603.42	3608.06	3574.06	3595.00	3644.50	3652.20	3681.44	3700.80	3715.00	3721.14	3745.16	3776.08	3749.66	

*******************************************2025/03/26;01:05:19
Probe number 17
Concentration entered by User -1.00% (Compensated: -1.00% at temperature 23.2)
3427.04	3564.48	3677.14	3696.84	3696.50	3696.20	3693.56	3677.90	3682.52	3649.26	3643.68	3661.78	3641.64	3649.32	3646.62	3661.48	
3666.14	3681.10	3680.44	3685.22	3691.30	3713.54	3720.52	3722.48	3726.60	3726.24	3734.14	3733.78	3740.64	3746.46	3752.90	3745.86	
3738.12	3726.70	3724.86	3697.88	3699.12	3729.32	3706.40	3695.50	3706.14	3707.06	3679.74	3677.86	3677.46	3675.16	3685.68	3674.84	
3649.04	3671.48	3688.02	3698.20	3662.30	3662.28	3676.28	3679.52	3677.80	3693.26	3701.72	3697.74	3704.46	3714.46	3719.24	3722.48	
3728.46	3729.12	3730.54	3725.72	3698.18	3705.60	3713.30	3727.04	3733.58	3720.82	3717.32	3719.44	3731.64	3743.04	3735.14	3735.56	
3711.36	3714.76	3710.48	3710.08	3743.52	3744.22	3751.82	3730.32	3749.92	3775.28	3785.12	3806.02	3787.00	3805.50	3779.22	3807.24	
3802.52	3781.24	3737.92	3730.22	3757.58	3762.94	3769.24	3778.28	3761.22	3749.12	3732.40	3699.30	3697.70	3683.88	3666.22	3640.68	
3656.00	3603.84	3575.90	3608.86	3612.92	3581.26	3605.08	3654.66	3662.44	3691.24	3710.64	3724.66	3729.30	3752.44	3781.86	3756.02	

*******************************************2025/03/26;01:25:19
Probe number 18
Concentration entered by User -1.00% (Compensated: -1.00% at temperature 23.1)
3420.94	3558.00	3671.28	3690.38	3690.50	3690.04	3687.88	3671.84	3676.70	3643.74	3638.22	3655.90	3632.52	3637.24	3629.98	3642.68	
3645.98	3663.48	3667.30	3674.96	3682.80	3706.00	3711.36	3710.20	3713.66	3715.02	3724.82	3727.40	3735.94	3743.22	3749.94	3742.82	
3734.90	3722.96	3721.00	3693.34	3695.46	3725.38	3702.42	3690.62	3701.36	3702.76	3674.50	3672.26	3672.16	3669.80	3680.36	3669.56	
3644.48	3665.92	3682.14	3693.06	3656.62	3656.72	3671.14	3673.60	3672.22	3686.58	3694.82	3691.74	3697.86	3708.18	3713.08	3716.70	
3723.00	3723.72	3725.30	3720.06	3692.60	3700.12	3708.56	3722.58	3730.22	3717.14	3713.20	3715.74	3727.78	3738.90	3731.58	3732.22	
3707.86	3711.18	3705.86	3704.96	3739.00	3739.46	3746.98	3724.04	3744.14	3770.02	3779.68	3802.02	3782.26	3802.08	3774.76	3803.50	
3799.16	3777.90	3735.06	3726.68	3754.38	3759.58	3766.06	3775.82	3757.80	3744.62	3725.58	3689.84	3688.84	3673.16	3655.08	3629.64	
3645.10	3592.70	3564.06	3599.78	3604.10	3572.60	3598.44	3649.46	3656.44	3687.46	3707.20	3721.70	3725.92	3749.32	3778.96	3752.38	

*******************************************2025/03/26;01:45:19
Probe number 19
Concentration entered by User -1.00% (Compensated: -1.00% at temperature 23.0)
3423.10	3560.96	3673.96	3693.66	3693.58	3693.14	3690.60	3674.42	3679.48	3646.06	3641.56	3658.88	3635.28	3637.84	3628.76	3638.94	
3641.18	3658.12	3661.54	3670.98	3679.10	3701.86	3706.52	3704.66	3706.74	3707.04	3718.28	3720.28	3730.66	3738.72	3745.34	3738.14	
3729.54	3716.36	3714.44	3685.22	3686.80	3718.40	3695.14	3683.48	3694.76	3696.80	3668.08	3666.36	3666.54	3664.12	3674.66	3665.02	
3639.48	3662.56	3680.62	3691.28	3653.22	3653.04	3667.12	3670.62	3669.20	3684.58	3692.94	3688.30	3694.08	3704.12	3709.92	3713.78	
3720.18	3722.06	3723.58	3718.76	3691.54	3699.82	3709.54	3724.72	3732.40	3719.72	3715.80	3718.10	3729.62	3739.82	3732.94	3733.12	
3708.02	3710.22	3704.44	3703.92	3736.26	3736.94	3745.30	3723.58	3745.80	3773.18	3784.28	3805.68	3787.54	3805.18	3776.64	3806.28	
3801.78	3778.72	3733.56	3724.62	3753.20	3759.10	3764.96	3775.42	3757.42	3743.08	3723.82	3687.98	3687.92	3672.96	3656.38	3630.30	
3646.14	3592.90	3563.64	3601.12	3605.38	3572.70	3597.54	3648.50	3654.16	3684.40	3704.90	3718.90	3723.12	3746.24	3776.84	3749.80	

*******************************************2025/03/26;02:05:19
Probe number 20
Concentration entered by User -1.00% (Compensated: -1.00% at temperature 22.9)
3432.18	3572.88	3684.30	3703.30	3703.18	3702.54	3700.06	3684.46	3689.76	3657.86	3653.14	3670.24	3647.56	3649.66	3639.38	3648.62	
3649.56	3664.54	3668.20	3676.98	3684.64	3707.52	3712.46	3710.88	3712.66	3713.40	3724.74	3727.38	3736.94	3745.30	3752.12	3745.58	
3738.52	3727.20	3724.90	3697.06	3698.98	3729.06	3707.06	3695.52	3706.14	3708.26	3680.94	3679.30	3679.48	3675.00	3685.20	3676.40	
3650.68	3673.92	3691.50	3702.04	3664.44	3663.64	3676.68	3679.88	3678.96	3694.06	3702.58	3698.16	3703.60	3712.80	3718.06	3721.70	
3727.94	3729.70	3730.76	3726.26	3699.78	3707.56	3716.20	3730.06	3737.80	3726.90	3723.46	3726.10	3736.54	3745.56	3739.08	3739.24	
3715.28	3718.60	3713.28	3713.04	3742.78	3743.64	3751.52	3730.76	3752.36	3778.14	3788.06	3808.86	3792.62	3809.62	3782.74	3809.18	
3804.58	3783.12	3740.54	3733.14	3759.88	3764.24	3769.72	3779.46	3762.04	3747.90	3728.02	3693.16	3694.02	3680.58	3663.88	3637.38	
3652.20	3600.38	3572.54	3610.24	3613.78	3582.22	3606.90	3657.92	3663.30	3693.06	3713.10	3727.20	3731.08	3754.12	3782.82	3756.64	

*******************************************2025/03/26;02:25:19
Probe number 21
Concentration entered by User -1.00% (Compensated: -1.00% at temperature 22.8)
3430.28	3570.80	3681.92	3700.86	3700.68	3700.52	3698.48	3682.92	3687.58	3655.60	3650.68	3668.10	3645.22	3646.90	3636.22	3644.74	
3645.62	3659.40	3662.30	3671.72	3679.86	3702.96	3709.20	3707.94	3709.38	3710.14	3721.66	3724.38	3734.68	3742.74	3750.46	3744.02	
3738.20	3726.72	3724.80	3697.00	3699.26	3729.54	3707.10	3695.68	3706.12	3708.16	3680.08	3678.60	3678.30	3674.44	3684.50	3675.30	
3649.30	3672.58	3689.56	3701.02	3663.32	3662.34	3675.40	3678.78	3676.74	3691.68	3700.00	3696.12	3701.66	3710.90	3716.24	3720.02	
3726.56	3728.54	3729.82	3724.34	3698.06	3705.76	3714.58	3729.74	3737.46	3726.90	3722.90	3724.98	3735.52	3744.94	3738.92	3739.28	
3715.52	3718.34	3712.94	3711.54	3742.16	3743.32	3751.74	3730.88	3751.00	3776.12	3785.52	3807.02	3789.32	3807.38	3780.94	3807.90	
3803.10	3782.52	3740.18	3732.60	3758.92	3763.44	3769.06	3779.14	3761.36	3747.16	3726.58	3690.92	3691.44	3677.82	3661.26	3633.56	
3648.98	3596.82	3569.18	3608.48	3613.30	3583.78	3608.96	3659.44	3664.44	3694.80	3714.20	3727.90	3731.48	3753.80	3782.42	3756.34	

*******************************************2025/03/26;02:45:19
Probe number 22
Concentration entered by User -1.00% (Compensated: -1.00% at temperature 22.7)
3430.74	3572.10	3683.04	3700.88	3701.10	3701.28	3699.54	3683.44	3689.00	3656.76	3651.92	3668.96	3646.64	3648.48	3636.98	3643.60	
3642.58	3653.60	3655.22	3663.16	3671.40	3695.34	3702.82	3701.84	3704.28	3704.86	3716.18	3719.46	3729.84	3739.04	3748.46	3743.40	
3738.58	3727.46	3726.08	3698.54	3700.10	3730.72	3708.80	3697.14	3707.12	3709.62	3681.80	3679.32	3679.12	3674.74	3684.94	3676.04	
3651.12	3673.46	3691.32	3702.50	3664.48	3662.48	3675.94	3678.82	3677.02	3692.02	3700.36	3696.16	3701.82	3711.40	3716.36	3719.86	
3726.42	3727.96	3729.58	3724.28	3698.66	3705.20	3714.26	3728.76	3736.86	3726.12	3722.72	3724.92	3735.10	3744.08	3739.08	3738.90	
3716.00	3719.62	3714.32	3712.42	3742.82	3743.36	3752.62	3731.64	3751.70	3776.02	3784.76	3806.04	3788.48	3807.26	3780.78	3806.96	
3801.24	3781.74	3739.60	3731.22	3758.04	3761.90	3766.76	3776.64	3759.20	3744.60	3723.82	3686.48	3687.70	3675.20	3658.02	3631.10	
3646.76	3594.38	3567.74	3607.22	3611.78	3582.46	3609.70	3660.96	3665.24	3695.26	3715.38	3728.64	3732.62	3754.48	3782.80	3756.60	

*******************************************2025/03/26;03:05:19
Probe number 23
Concentration entered by User -1.00% (Compensated: -1.00% at temperature 22.6)
3432.14	3573.40	3684.54	3702.96	3703.48	3703.14	3701.32	3685.58	3691.18	3658.82	3654.38	3671.52	3648.72	3650.90	3639.08	3643.92	
3640.84	3649.70	3648.74	3654.58	3662.44	3687.80	3696.32	3695.66	3698.20	3698.12	3709.46	3711.90	3721.78	3731.58	3742.40	3737.88	
3734.66	3723.90	3721.92	3693.58	3695.08	3726.16	3704.36	3691.96	3703.02	3705.82	3677.82	3675.78	3676.00	3670.42	3681.34	3673.36	
3647.94	3671.66	3690.62	3701.96	3662.98	3660.48	3673.28	3676.70	3675.12	3689.80	3698.88	3694.08	3698.84	3708.18	3714.26	3717.50	
3723.90	3726.30	3727.52	3722.82	3697.38	3704.46	3714.44	3728.72	3737.32	3726.96	3723.92	3725.26	3735.90	3744.44	3739.12	3738.78	
3714.82	3718.50	3713.54	3711.42	3740.48	3740.80	3750.06	3729.58	3750.80	3777.20	3786.68	3807.28	3791.42	3808.66	3780.78	3808.48	
3802.34	3781.10	3738.46	3730.28	3757.08	3760.86	3764.28	3774.58	3758.50	3743.58	3721.66	3682.90	3684.70	3673.96	3657.74	3629.72	
3645.30	3592.40	3565.92	3606.00	3609.98	3580.50	3605.96	3658.28	3662.64	3692.02	3712.02	3726.14	3729.48	3751.44	3780.62	3753.78	

*******************************************2025/03/26;03:25:19
Probe number 24
Concentration entered by User -1.00% (Compensated: -1.00% at temperature 22.5)
3433.54	3575.66	3686.80	3703.42	3703.86	3703.96	3702.16	3686.96	3692.24	3661.10	3656.10	3673.10	3650.52	3653.16	3642.40	3646.92	
3643.70	3651.56	3650.14	3656.78	3663.50	3689.30	3698.56	3698.96	3701.76	3701.50	3713.24	3716.58	3726.04	3736.18	3746.38	3742.62	
3741.36	3731.50	3729.78	3702.64	3703.94	3734.22	3713.30	3700.82	3711.06	3713.94	3685.68	3683.42	3682.88	3677.80	3687.68	3679.10	
3653.30	3676.66	3694.52	3706.28	3668.36	3665.32	3678.36	3681.14	3679.78	3694.12	3702.78	3698.18	3703.46	3712.58	3717.78	3720.86	
3727.04	3729.26	3729.94	3725.62	3700.28	3707.10	3715.92	3729.64	3738.02	3727.74	3724.30	3726.12	3736.36	3744.72	3739.56	3739.90	
3716.32	3720.94	3716.24	3714.86	3743.38	3743.18	3751.74	3729.92	3750.20	3776.16	3784.36	3805.70	3789.56	3808.24	3781.24	3807.78	
3801.30	3782.08	3740.92	3734.28	3759.76	3762.98	3766.06	3775.24	3760.46	3745.68	3724.18	3684.50	3686.48	3676.18	3659.48	3631.52	
3648.34	3596.28	3569.96	3609.52	3614.08	3586.12	3612.86	3664.78	3669.06	3697.88	3717.22	3731.10	3734.96	3756.12	3783.96	3758.00	

*******************************************2025/03/26;03:45:19
Probe number 25
Concentration entered by User -1.00% (Compensated: -1.00% at temperature 22.4)
3434.46	3576.64	3687.52	3704.78	3705.28	3705.12	3703.60	3688.62	3693.56	3661.82	3657.56	3674.48	3652.14	3654.36	3643.58	3647.70	
3642.30	3649.18	3646.70	3652.44	3658.76	3684.36	3694.16	3694.64	3697.40	3695.86	3707.62	3711.06	3720.16	3730.60	3741.64	3737.72	
3737.50	3727.76	3725.52	3697.32	3699.18	3729.48	3708.44	3695.98	3706.30	3709.74	3681.88	3679.32	3679.26	3673.22	3684.18	3676.32	
3650.66	3674.82	3693.56	3704.94	3666.14	3663.10	3675.60	3678.92	3676.80	3691.76	3700.54	3695.92	3701.46	3710.60	3716.00	3719.06	
3725.76	3727.86	3728.58	3724.38	3699.26	3706.58	3716.12	3730.22	3738.88	3728.88	3724.76	3726.76	3736.64	3744.48	3739.80	3740.20	
3716.74	3720.74	3715.48	3713.42	3740.62	3741.04	3748.64	3726.42	3748.24	3776.18	3784.40	3805.44	3791.72	3809.04	3781.14	3808.40	
3801.64	3780.84	3738.46	3732.16	3757.90	3761.06	3762.72	3772.98	3759.18	3744.64	3722.94	3682.52	3685.14	3675.22	3659.14	3630.52	
3648.22	3595.38	3568.74	3608.58	3613.50	3585.48	3611.90	3663.24	3666.86	3695.40	3715.14	3728.64	3732.30	3753.82	3782.24	3755.68	

*******************************************2025/03/26;04:00:03
Probe number 26
Concentration entered by User -1.00% (Compensated: -1.00% at temperature 22.4)
3445.42	3592.14	3699.26	3715.74	3715.98	3715.94	3714.44	3699.44	3705.20	3674.86	3670.40	3686.90	3665.78	3667.48	3657.22	3661.00	
3655.60	3662.08	3659.24	3664.24	3669.86	3694.52	3702.96	3704.86	3707.90	3706.16	3718.22	3721.50	3730.26	3740.38	3750.50	3747.20	
3747.64	3739.32	3736.58	3710.34	3711.58	3741.20	3721.66	3709.60	3719.58	3722.02	3695.14	3692.48	3692.12	3686.54	3696.64	3689.26	
3664.22	3687.46	3705.62	3716.44	3678.98	3675.96	3688.02	3691.60	3689.14	3703.48	3711.42	3708.02	3713.28	3721.82	3726.42	3728.58	
3734.86	3737.22	3738.06	3733.68	3709.86	3716.06	3724.98	3738.12	3746.90	3737.32	3734.24	3735.44	3744.36	3751.28	3747.04	3747.98	
3726.58	3731.36	3726.48	3723.62	3748.80	3748.60	3756.94	3735.12	3757.28	3783.60	3790.10	3809.26	3796.94	3813.06	3787.04	3812.76	
3805.66	3786.68	3746.82	3741.74	3765.74	3768.32	3769.40	3779.14	3766.66	3752.80	3731.76	3692.94	3695.28	3687.00	3670.96	3643.94	
3661.26	3609.40	3584.06	3623.18	3627.98	3601.06	3626.52	3676.34	3680.00	3707.46	3725.82	3738.78	3741.94	3762.30	3789.08	3764.16	

*******************************************2025/03/26;04:05:19
Probe number 27
Concentration entered by User -1.00% (Compensated: -1.00% at temperature 22.3)
3442.38	3588.54	3696.44	3713.10	3713.12	3713.42	3712.22	3696.92	3702.08	3671.78	3667.24	3683.86	3662.30	3664.36	3653.70	3657.54	
3651.82	3657.78	3655.14	3660.22	3665.52	3690.58	3699.32	3700.68	3703.66	3701.98	3713.74	3717.64	3726.40	3736.68	3747.08	3744.06	
3744.64	3735.66	3732.74	3706.76	3708.44	3738.02	3718.12	3706.42	3716.04	3719.02	3691.58	3688.36	3688.52	3682.76	3692.84	3685.50	
3660.48	3684.40	3702.62	3713.74	3675.54	3672.14	3684.54	3688.70	3685.94	3700.74	3708.78	3705.04	3709.84	3718.56	3723.60	3725.88	
3732.12	3734.68	3735.84	3731.44	3707.00	3713.18	3722.94	3736.64	3745.60	3736.10	3732.10	3733.68	3742.72	3749.68	3745.62	3746.54	
3725.40	3730.54	3724.92	3721.56	3746.66	3746.16	3754.80	3733.52	3756.04	3783.10	3789.46	3808.42	3795.80	3812.14	3786.10	3812.42	
3805.20	3785.58	3744.74	3739.50	3763.84	3766.50	3767.94	3777.64	3765.26	3751.58	3730.68	3690.48	3693.78	3685.34	3669.16	3641.96	
3658.94	3607.14	3581.68	3621.34	3626.84	3600.00	3624.04	3674.58	3677.88	3705.52	3724.18	3737.00	3740.46	3760.68	3787.80	3762.54	

*******************************************2025/03/26;04:25:19
Probe number 28
Concentration entered by User -1.00% (Compensated: -1.00% at temperature 22.3)
3434.84	3577.14	3688.20	3705.14	3705.44	3705.72	3704.44	3688.80	3694.14	3662.68	3658.04	3675.32	3652.90	3655.16	3643.90	3648.42	
3641.26	3647.24	3643.00	3647.34	3652.60	3677.26	3685.92	3687.96	3690.82	3689.46	3701.82	3706.08	3715.46	3726.06	3737.18	3733.86	
3735.48	3725.88	3723.26	3696.42	3698.10	3729.50	3709.02	3697.32	3707.22	3710.78	3681.32	3677.60	3678.48	3673.12	3683.76	3677.42	
3651.84	3674.24	3693.48	3704.18	3664.22	3660.96	3674.78	3678.98	3676.62	3690.38	3698.84	3695.00	3700.32	3708.96	3714.38	3717.72	
3723.82	3726.00	3727.22	3722.10	3697.34	3703.46	3713.70	3728.20	3737.42	3728.00	3723.90	3724.68	3734.02	3741.30	3738.14	3739.08	
3717.64	3724.88	3717.74	3714.16	3738.30	3738.20	3745.32	3721.58	3746.10	3775.70	3780.36	3801.24	3788.96	3806.88	3778.86	3807.94	
3800.18	3778.46	3733.26	3728.84	3755.40	3758.40	3759.36	3770.60	3757.56	3743.62	3721.48	3680.42	3683.44	3675.84	3659.26	3631.16	
3648.76	3595.62	3570.34	3609.62	3614.66	3586.98	3612.04	3663.80	3667.50	3695.60	3714.88	3728.58	3731.84	3753.14	3781.76	3755.10	

*******************************************2025/03/26;04:45:19
Probe number 29
Concentration entered by User -1.00% (Compensated: -1.00% at temperature 22.2)
3442.60	3589.00	3697.58	3712.58	3712.70	3713.06	3711.78	3697.62	3702.88	3672.36	3667.64	3684.16	3662.44	3664.38	3653.68	3657.66	
3651.44	3656.90	3652.48	3656.82	3660.70	3684.14	3692.78	3695.40	3699.16	3697.34	3710.68	3715.66	3724.22	3734.58	3745.14	3742.20	
3744.34	3735.92	3733.64	3708.40	3710.64	3739.78	3721.24	3709.96	3718.70	3721.30	3693.98	3690.54	3692.12	3687.10	3696.98	3691.96	
3666.62	3687.62	3703.64	3713.28	3676.28	3674.00	3686.38	3689.20	3687.90	3699.20	3706.68	3702.34	3707.14	3716.00	3720.86	3723.88	
3730.24	3732.48	3732.36	3727.82	3704.20	3709.52	3719.42	3733.30	3742.18	3732.88	3730.24	3731.08	3740.18	3746.50	3743.90	3745.20	
3725.56	3734.04	3728.22	3724.26	3745.70	3745.00	3751.90	3728.70	3752.92	3781.00	3784.26	3804.24	3793.00	3809.52	3783.44	3811.20	
3804.32	3784.76	3741.44	3735.40	3760.84	3764.18	3765.02	3774.78	3762.56	3748.66	3727.46	3686.12	3691.88	3684.80	3667.98	3640.12	
3658.24	3605.74	3581.82	3621.28	3625.14	3598.58	3623.48	3674.56	3678.36	3705.58	3724.28	3736.98	3740.34	3760.36	3786.96	3761.82	

*******************************************2025/03/26;05:05:19
Probe number 30
Concentration entered by User -1.00% (Compensated: -1.00% at temperature 22.1)
3444.94	3592.80	3699.86	3714.44	3714.74	3714.98	3714.18	3699.84	3705.38	3674.68	3669.98	3686.78	3664.60	3666.52	3656.04	3660.20	
3652.68	3657.22	3652.46	3656.02	3658.70	3682.22	3689.94	3693.26	3697.72	3696.24	3708.96	3713.98	3723.48	3733.44	3743.84	3741.92	
3744.34	3734.62	3733.00	3708.26	3710.46	3739.98	3722.46	3710.70	3718.66	3718.90	3691.06	3688.44	3690.72	3687.06	3697.24	3692.60	
3667.88	3688.10	3701.08	3709.30	3674.52	3674.44	3687.96	3692.26	3691.14	3700.76	3705.34	3698.78	3703.62	3713.12	3718.36	3721.48	
3727.92	3731.86	3729.16	3720.52	3697.64	3703.90	3714.46	3726.48	3735.18	3727.46	3725.60	3727.36	3738.40	3744.66	3742.16	3744.16	
3727.08	3734.62	3727.80	3724.66	3746.56	3746.80	3754.80	3731.42	3755.36	3782.42	3786.06	3805.84	3795.72	3809.86	3782.62	3811.10	
3805.72	3786.56	3740.94	3732.90	3758.80	3764.62	3765.30	3775.56	3763.22	3747.34	3725.90	3684.70	3692.76	3685.96	3666.74	3635.68	
3656.30	3605.36	3582.66	3621.28	3623.44	3600.24	3625.60	3677.80	3679.70	3704.40	3721.44	3735.20	3739.72	3759.74	3785.96	3761.10	

*******************************************2025/03/26;05:25:19
Probe number 31
Concentration entered by User -1.00% (Compensated: -1.00% at temperature 22.0)
3442.96	3589.56	3697.32	3711.88	3712.24	3712.40	3711.50	3696.46	3702.40	3671.80	3667.34	3683.06	3661.52	3663.18	3652.36	3656.40	
3649.18	3652.94	3647.40	3650.36	3652.04	3675.54	3683.64	3686.78	3692.50	3690.72	3704.46	3710.18	3719.28	3729.10	3739.80	3737.70	
3740.92	3730.22	3728.36	3704.22	3706.10	3736.46	3718.50	3706.56	3713.86	3713.54	3686.70	3685.48	3688.94	3685.88	3696.00	3690.18	
3665.26	3684.44	3697.34	3705.14	3671.70	3670.52	3684.94	3689.44	3687.42	3696.08	3699.22	3691.92	3696.10	3705.46	3711.34	3714.84	
3721.08	3726.00	3721.70	3712.86	3689.34	3694.90	3705.46	3715.94	3724.56	3719.10	3717.72	3721.14	3732.50	3739.80	3737.68	3739.46	
3723.68	3732.54	3726.26	3724.58	3747.38	3746.76	3754.12	3728.80	3753.46	3780.44	3783.86	3804.66	3794.76	3807.48	3777.86	3808.56	
3802.92	3782.48	3735.54	3726.58	3754.12	3761.40	3762.16	3773.56	3759.04	3741.72	3717.20	3677.26	3688.98	3684.74	3662.92	3626.60	
3649.38	3599.20	3580.54	3622.98	3622.40	3596.72	3622.76	3675.02	3676.38	3698.90	3715.02	3729.38	3734.34	3754.68	3781.92	3756.64	

*******************************************2025/03/26;05:45:19
Probe number 32
Concentration entered by User -1.00% (Compensated: -1.00% at temperature 22.0)
3445.36	3592.36	3699.52	3714.62	3715.10	3715.20	3713.90	3699.40	3704.72	3674.68	3669.22	3685.72	3663.76	3666.14	3655.20	3658.44	
3650.34	3654.52	3648.10	3650.06	3651.38	3673.52	3680.78	3684.58	3690.52	3688.38	3702.42	3708.76	3717.40	3726.72	3737.18	3734.94	
3738.42	3726.88	3724.92	3701.02	3702.08	3732.74	3715.24	3701.56	3709.04	3708.68	3682.94	3684.00	3687.06	3685.00	3696.28	3690.48	
3666.18	3684.08	3696.16	3703.42	3671.68	3669.92	3685.06	3689.34	3686.72	3694.44	3696.54	3688.46	3692.30	3701.60	3708.08	3712.28	
3718.34	3723.36	3718.50	3709.32	3686.36	3692.18	3703.50	3713.88	3723.04	3718.94	3717.96	3721.46	3733.64	3740.92	3739.26	3740.60	
3724.58	3732.50	3726.82	3724.48	3747.60	3746.74	3753.14	3727.88	3753.16	3781.20	3785.32	3806.14	3797.24	3807.78	3776.64	3809.44	
3804.16	3781.88	3731.62	3722.50	3752.34	3760.34	3761.18	3772.96	3757.50	3738.96	3714.80	3674.90	3689.62	3688.22	3666.08	3626.00	
3650.36	3601.42	3585.06	3629.88	3626.86	3598.74	3623.42	3676.22	3676.06	3697.66	3712.56	3725.80	3731.32	3752.18	3779.80	3754.54	

*******************************************2025/03/26;06:05:19
Probe number 33
Concentration entered by User -1.00% (Compensated: -1.00% at temperature 21.9)
3442.96	3588.84	3696.96	3712.00	3711.82	3712.20	3710.80	3696.52	3702.12	3671.26	3666.22	3682.86	3660.72	3662.98	3652.14	3654.98	
3646.96	3650.84	3643.74	3646.10	3647.20	3669.12	3676.44	3680.50	3686.44	3684.36	3698.84	3706.46	3715.34	3725.26	3736.64	3733.96	
3738.18	3727.24	3725.64	3701.12	3702.42	3732.60	3715.72	3702.44	3709.90	3709.56	3683.98	3685.88	3688.88	3686.44	3697.42	3690.50	
3665.86	3683.48	3693.60	3701.20	3669.44	3667.26	3682.24	3686.76	3683.94	3689.60	3690.84	3683.38	3687.54	3697.50	3703.98	3708.36	
3714.02	3719.32	3714.78	3706.54	3683.64	3688.86	3699.72	3709.86	3718.88	3715.58	3713.82	3717.08	3729.86	3737.18	3736.48	3738.26	
3721.80	3729.84	3723.20	3720.98	3745.28	3744.90	3750.36	3722.72	3748.04	3776.06	3779.64	3802.92	3794.28	3804.96	3773.28	3807.02	
3802.06	3779.46	3727.14	3719.54	3751.00	3758.90	3758.68	3770.38	3753.68	3735.66	3711.30	3671.98	3686.64	3686.14	3662.40	3620.18	
3646.06	3597.64	3582.58	3630.24	3625.12	3595.16	3620.34	3673.64	3674.28	3696.58	3710.10	3722.98	3728.54	3750.24	3778.24	3752.60	

*******************************************2025/03/26;06:25:19
Probe number 34
Concentration entered by User 1.21% (Compensated: 1.43% at temperature 23.3)
1242.48	1243.10	1271.34	1286.72	1302.10	1318.04	1339.68	1358.78	1381.58	1402.02	1429.22	1464.30	1488.28	1518.78	1549.48	1587.14	
1620.64	1659.18	1696.32	1738.84	1783.36	1840.44	1890.98	1944.38	2008.38	2068.76	2143.10	2239.02	2342.26	2498.82	2695.28	2949.82	
3271.16	3515.76	3669.46	3722.38	3715.88	3734.78	3723.08	3726.38	3730.16	3728.16	3723.10	3722.04	3728.52	3728.06	3731.42	3728.78	
3722.90	3723.78	3725.06	3733.42	3726.20	3730.72	3730.28	3729.32	3736.00	3738.48	3739.50	3740.50	3741.14	3741.96	3739.42	3734.86	
3738.24	3740.52	3738.02	3734.26	3735.30	3731.32	3732.62	3736.34	3735.24	3738.68	3738.70	3736.02	3738.70	3736.92	3747.14	3737.14	
3738.86	3743.86	3739.18	3738.00	3739.82	3735.76	3729.84	3718.64	3728.78	3737.96	3726.54	3738.14	3732.56	3725.22	3722.14	3732.32	
3726.50	3709.24	3699.74	3697.88	3703.28	3705.94	3723.48	3738.78	3727.58	3721.52	3714.28	3692.34	3713.78	3726.32	3709.52	3702.46	
3699.78	3693.64	3694.48	3703.08	3692.68	3684.52	3686.34	3689.60	3691.26	3696.58	3702.92	3708.94	3709.08	3718.90	3741.16	3698.80	

*******************************************2025/03/26;06:45:19
Probe number 35
Concentration entered by User 1.21% (Compensated: 1.49% at temperature 24.0)
1242.30	1242.82	1271.06	1286.14	1299.84	1315.92	1338.94	1359.82	1382.32	1402.70	1430.18	1465.58	1489.76	1520.44	1548.54	1588.32	
1623.14	1663.04	1701.04	1746.34	1789.60	1843.42	1895.80	1954.00	2016.74	2080.28	2151.58	2233.94	2352.34	2497.76	2685.50	2935.76	
3262.80	3532.50	3679.16	3724.92	3713.96	3733.04	3721.38	3725.74	3729.28	3728.14	3724.24	3724.10	3730.80	3730.16	3733.18	3730.20	
3725.32	3726.88	3728.12	3736.22	3729.02	3732.86	3733.50	3733.22	3740.12	3741.66	3742.36	3743.36	3743.94	3745.40	3743.36	3739.50	
3743.24	3744.66	3741.84	3737.82	3738.60	3735.64	3737.32	3741.16	3740.36	3743.56	3743.84	3740.90	3743.06	3741.82	3751.46	3742.08	
3744.38	3748.58	3743.64	3741.42	3744.02	3740.44	3734.02	3722.80	3732.00	3740.40	3728.28	3740.30	3735.38	3728.18	3725.12	3733.58	
3728.30	3711.78	3702.92	3702.16	3706.84	3709.56	3726.38	3741.54	3730.46	3725.18	3717.62	3696.14	3716.08	3727.64	3709.32	3702.72	
3699.74	3692.08	3693.56	3701.98	3690.66	3683.48	3686.12	3689.74	3691.78	3699.34	3704.32	3710.42	3710.16	3721.42	3742.84	3701.44	

*******************************************2025/03/26;07:00:03
Probe number 36
Concentration entered by User 1.23% (Compensated: 1.51% at temperature 24.2)
1243.52	1243.32	1271.24	1286.24	1300.62	1317.32	1340.70	1360.60	1383.12	1404.16	1430.04	1466.82	1491.18	1523.00	1551.60	1589.40	
1624.96	1665.56	1704.08	1750.86	1794.28	1851.38	1900.50	1957.30	2020.62	2080.56	2159.10	2242.28	2354.30	2496.92	2677.32	2938.38	
3263.88	3521.58	3680.08	3726.64	3715.92	3734.68	3723.70	3728.64	3732.14	3731.20	3727.74	3727.56	3733.80	3733.62	3736.00	3733.58	
3728.60	3730.06	3731.86	3739.90	3732.16	3736.14	3736.86	3736.60	3743.70	3745.16	3745.94	3746.92	3747.32	3748.72	3747.02	3742.98	
3747.08	3748.22	3745.02	3741.36	3742.16	3739.66	3741.18	3745.12	3744.40	3747.54	3747.54	3744.76	3746.84	3745.12	3754.82	3745.98	
3748.16	3752.14	3747.06	3744.96	3747.62	3744.06	3736.82	3726.60	3735.56	3743.54	3731.06	3743.14	3738.74	3731.66	3727.44	3736.46	
3731.68	3714.56	3705.76	3706.32	3710.82	3713.12	3730.02	3744.16	3733.58	3728.48	3721.30	3700.06	3718.62	3729.78	3711.56	3704.94	
3701.78	3694.18	3695.24	3704.48	3692.68	3685.52	3688.32	3692.60	3694.94	3702.54	3707.46	3713.34	3713.00	3723.84	3745.40	3704.34	

*******************************************2025/03/26;07:05:19
Probe number 37
Concentration entered by User 1.21% (Compensated: 1.50% at temperature 24.3)
1243.18	1243.26	1271.28	1286.82	1300.50	1317.26	1339.88	1361.84	1384.08	1404.64	1431.68	1468.00	1491.66	1521.74	1551.54	1589.60	
1624.50	1666.76	1706.68	1750.36	1794.00	1851.34	1904.78	1957.44	2019.40	2074.26	2163.32	2243.74	2358.08	2502.08	2678.72	2940.88	
3269.42	3526.32	3683.62	3725.90	3716.86	3735.36	3723.84	3728.94	3732.54	3731.74	3728.14	3728.30	3734.56	3734.24	3736.96	3734.08	
3728.92	3730.80	3732.68	3740.70	3733.16	3736.92	3737.98	3737.46	3744.48	3745.74	3746.66	3747.82	3748.40	3749.64	3747.88	3744.28	
3748.06	3749.02	3745.86	3742.14	3743.02	3740.32	3741.58	3745.92	3744.96	3748.26	3748.54	3745.38	3747.66	3745.82	3755.54	3746.72	
3749.02	3753.04	3747.60	3745.72	3748.20	3744.32	3737.28	3727.10	3735.94	3744.36	3731.52	3743.76	3739.56	3731.96	3727.76	3736.76	
3732.18	3715.30	3706.18	3706.92	3711.78	3714.22	3730.52	3745.12	3734.48	3728.98	3721.94	3700.56	3719.34	3730.46	3712.04	3705.12	
3702.02	3694.40	3695.84	3704.76	3693.46	3686.00	3688.84	3693.08	3695.60	3703.58	3708.26	3713.56	3713.28	3724.28	3745.82	3704.96	

*******************************************2025/03/26;07:25:19
Probe number 38
Concentration entered by User 1.30% (Compensated: 1.61% at temperature 24.5)
1242.14	1242.00	1269.72	1285.88	1299.90	1314.82	1337.58	1358.78	1382.56	1403.50	1430.52	1465.64	1489.38	1520.34	1549.46	1588.06	
1623.48	1664.74	1704.74	1748.26	1795.54	1846.72	1900.22	1958.20	2017.02	2078.08	2154.34	2235.92	2348.70	2490.72	2674.58	2929.84	
3240.92	3501.76	3670.46	3719.38	3707.46	3727.94	3716.54	3722.16	3726.32	3725.30	3721.78	3721.96	3728.54	3728.50	3730.90	3727.88	
3723.42	3725.10	3727.26	3735.24	3727.18	3731.36	3732.08	3731.98	3739.22	3740.78	3741.30	3742.64	3743.16	3744.84	3742.96	3739.20	
3743.24	3744.44	3741.28	3737.26	3738.42	3735.48	3736.90	3741.14	3740.04	3743.30	3743.82	3740.22	3742.64	3741.46	3750.78	3741.94	
3744.74	3748.00	3742.86	3740.52	3743.40	3739.22	3731.74	3720.32	3730.38	3739.08	3724.88	3738.04	3734.32	3725.88	3721.16	3731.02	
3726.16	3708.14	3699.16	3700.98	3705.54	3708.18	3724.48	3739.76	3728.50	3723.26	3716.28	3693.54	3712.80	3724.32	3704.90	3697.34	
3693.78	3686.94	3687.86	3697.38	3685.08	3678.02	3681.54	3686.10	3688.32	3695.94	3700.72	3706.12	3705.46	3717.14	3739.46	3697.54	

*******************************************2025/03/26;07:45:19
Probe number 39
Concentration entered by User 1.22% (Compensated: 1.54% at temperature 24.7)
1242.92	1242.26	1269.76	1284.96	1300.40	1316.46	1339.20	1360.70	1383.84	1404.44	1431.28	1466.94	1492.68	1521.92	1551.42	1589.22	
1624.68	1666.78	1706.44	1753.40	1799.74	1853.70	1905.68	1957.70	2023.28	2079.00	2149.94	2237.34	2343.08	2494.10	2682.20	2937.62	
3271.02	3519.90	3672.38	3722.38	3712.74	3731.72	3719.82	3726.12	3730.52	3729.84	3726.50	3726.74	3732.90	3732.96	3735.10	3732.18	
3728.14	3729.70	3731.84	3740.10	3731.92	3736.14	3736.56	3736.54	3743.88	3744.90	3745.36	3746.82	3747.76	3749.06	3747.46	3743.48	
3747.60	3748.38	3745.32	3741.28	3742.90	3740.24	3741.58	3746.00	3745.18	3748.26	3748.52	3745.52	3747.26	3745.64	3754.96	3746.36	
3749.26	3752.52	3747.36	3745.00	3747.92	3744.08	3736.16	3725.46	3735.12	3743.48	3729.16	3742.36	3738.70	3730.28	3725.34	3735.18	
3730.88	3712.90	3704.24	3706.18	3710.50	3713.00	3729.36	3743.72	3732.68	3727.22	3720.42	3698.38	3717.44	3728.54	3709.46	3701.82	
3699.00	3691.66	3692.56	3701.92	3690.04	3683.40	3686.40	3691.10	3693.04	3701.06	3705.06	3710.38	3709.46	3721.30	3743.24	3701.92	

*******************************************2025/03/26;08:05:19
Probe number 40
Concentration entered by User 1.26% (Compensated: 1.60% at temperature 24.8)
1240.80	1240.38	1268.54	1283.96	1298.30	1313.30	1336.58	1357.90	1381.00	1401.62	1429.02	1464.24	1488.66	1519.18	1547.62	1586.54	
1622.50	1662.90	1702.44	1747.02	1794.64	1847.10	1902.04	1956.60	2018.06	2081.18	2153.22	2231.60	2352.52	2479.12	2666.70	2923.60	
3254.32	3515.38	3672.48	3715.94	3705.12	3725.22	3714.06	3720.18	3724.50	3723.44	3720.32	3720.68	3727.12	3726.90	3729.52	3726.44	
3722.24	3724.10	3726.38	3734.62	3726.80	3730.74	3731.70	3731.20	3738.72	3739.56	3740.68	3741.74	3742.58	3744.08	3742.62	3738.54	
3742.40	3743.24	3740.30	3736.24	3737.46	3734.62	3736.68	3741.30	3740.32	3743.44	3743.88	3740.52	3742.00	3740.60	3750.44	3741.34	
3744.52	3747.52	3742.30	3740.04	3743.00	3739.02	3730.74	3719.78	3729.66	3738.22	3723.16	3736.92	3732.82	3724.44	3719.40	3729.58	
3725.68	3706.78	3697.86	3700.14	3704.58	3707.18	3723.10	3738.48	3727.32	3721.74	3715.00	3692.12	3711.68	3722.50	3702.72	3694.70	
3691.88	3684.74	3685.88	3695.22	3682.68	3675.90	3679.86	3684.44	3686.74	3694.78	3698.54	3703.22	3702.98	3715.18	3737.46	3695.10	

*******************************************2025/03/26;08:25:19
Probe number 41
Concentration entered by User 1.25% (Compensated: 1.59% at temperature 25.0)
1241.62	1241.88	1270.38	1285.60	1298.72	1314.66	1337.56	1358.60	1382.10	1403.32	1431.34	1466.40	1491.60	1521.04	1550.04	1588.98	
1625.28	1666.82	1704.98	1750.42	1795.36	1851.32	1904.10	1957.82	2016.32	2075.14	2149.36	2234.84	2345.02	2484.58	2670.66	2922.54	
3265.90	3515.86	3672.02	3718.94	3708.56	3728.62	3717.42	3724.06	3728.34	3727.48	3724.18	3724.50	3730.72	3730.78	3733.36	3730.06	
3726.28	3727.80	3730.40	3738.70	3730.70	3734.74	3735.64	3735.26	3742.80	3743.06	3744.30	3745.50	3746.16	3747.82	3746.04	3742.16	
3746.88	3747.26	3744.16	3740.12	3741.46	3738.50	3740.78	3745.32	3744.40	3747.50	3747.74	3744.50	3745.76	3744.58	3754.34	3745.68	
3748.46	3751.34	3746.06	3743.84	3746.94	3742.90	3734.90	3723.84	3733.60	3742.00	3726.16	3740.16	3736.94	3728.36	3723.34	3733.62	
3729.74	3710.64	3703.24	3704.82	3709.40	3711.70	3727.52	3742.70	3731.56	3726.58	3719.66	3697.24	3715.56	3726.86	3707.92	3699.38	
3696.92	3690.04	3690.76	3699.80	3687.08	3680.94	3684.90	3690.12	3691.98	3699.44	3703.12	3708.00	3707.08	3719.02	3741.48	3699.74	

*******************************************2025/03/26;08:45:19
Probe number 42
Concentration entered by User 1.31% (Compensated: 1.66% at temperature 25.1)
1240.76	1240.80	1269.74	1284.74	1298.68	1314.50	1337.34	1358.26	1381.48	1402.30	1429.32	1465.02	1490.24	1520.86	1549.36	1586.80	
1621.52	1665.06	1701.64	1747.10	1791.18	1848.82	1895.68	1954.28	2016.14	2072.84	2141.50	2228.18	2340.74	2489.98	2661.20	2904.38	
3238.76	3513.08	3664.74	3713.18	3702.68	3723.00	3711.34	3719.34	3723.52	3723.16	3719.98	3719.96	3726.58	3726.82	3729.08	3725.58	
3721.56	3723.60	3726.20	3734.78	3726.50	3730.68	3731.66	3731.34	3739.00	3739.60	3740.48	3741.70	3742.64	3744.18	3742.28	3738.38	
3742.80	3743.34	3740.56	3736.22	3737.44	3734.60	3737.12	3742.00	3740.68	3744.16	3744.20	3740.80	3742.02	3740.66	3750.72	3742.28	
3745.48	3748.26	3742.72	3740.08	3743.34	3739.08	3731.02	3719.66	3729.96	3738.26	3721.32	3735.78	3732.94	3723.76	3718.84	3729.28	
3725.72	3705.72	3698.40	3701.08	3704.78	3707.68	3723.56	3739.00	3727.30	3722.80	3715.52	3692.78	3711.54	3722.38	3703.14	3694.74	
3692.16	3685.60	3686.28	3695.32	3682.34	3675.54	3680.18	3685.24	3687.04	3694.78	3697.46	3703.08	3702.38	3714.58	3737.22	3694.90	

*******************************************2025/03/26;09:05:19
Probe number 43
Concentration entered by User 1.28% (Compensated: 1.65% at temperature 25.3)
1241.90	1241.98	1270.26	1284.68	1299.34	1315.20	1338.28	1359.76	1381.88	1402.10	1429.34	1465.30	1489.96	1521.44	1549.12	1588.88	
1625.06	1666.80	1705.64	1746.80	1792.86	1849.74	1900.34	1953.96	2013.74	2076.68	2150.02	2229.28	2337.12	2472.26	2682.00	2925.38	
3248.28	3508.82	3666.24	3715.56	3706.20	3726.16	3715.08	3721.88	3726.56	3726.24	3723.50	3723.28	3729.86	3729.74	3732.20	3728.72	
3724.54	3726.96	3729.58	3738.40	3730.16	3734.02	3735.04	3734.56	3741.78	3742.08	3743.32	3744.86	3745.42	3746.88	3745.28	3741.34	
3745.80	3746.32	3743.08	3738.84	3740.14	3737.74	3740.02	3744.94	3743.58	3746.58	3747.04	3743.94	3745.48	3743.74	3753.78	3745.54	
3748.76	3751.20	3745.60	3742.84	3746.10	3742.64	3734.12	3722.82	3732.52	3740.54	3723.52	3738.10	3735.62	3726.52	3721.74	3732.20	
3728.76	3708.78	3702.08	3704.98	3708.90	3711.28	3727.06	3741.74	3730.80	3726.32	3719.26	3696.76	3715.28	3725.98	3707.38	3698.48	
3695.82	3689.12	3690.48	3698.80	3686.74	3679.86	3684.22	3689.34	3691.58	3698.64	3701.48	3706.58	3706.08	3718.16	3740.50	3698.68	

*******************************************2025/03/26;09:25:19
Probe number 44
Concentration entered by User 1.29% (Compensated: 1.65% at temperature 25.3)
1241.68	1241.70	1269.76	1284.70	1298.84	1315.96	1338.06	1358.20	1381.84	1402.66	1428.74	1464.72	1490.26	1521.54	1550.44	1588.66	
1624.88	1668.26	1706.56	1750.30	1791.18	1847.02	1901.70	1957.10	2017.88	2076.42	2150.26	2228.34	2333.62	2483.00	2678.28	2920.10	
3248.72	3505.08	3670.90	3718.34	3707.98	3728.48	3717.18	3724.24	3728.88	3728.52	3725.98	3725.56	3731.64	3732.26	3734.44	3730.92	
3727.42	3729.08	3732.12	3740.44	3732.32	3736.44	3737.48	3737.04	3744.16	3744.32	3745.72	3746.98	3747.26	3749.06	3747.34	3743.86	
3747.86	3748.26	3745.24	3741.08	3742.62	3740.26	3741.94	3747.20	3745.90	3748.90	3749.00	3745.76	3747.46	3745.94	3755.92	3747.94	
3751.00	3753.56	3747.96	3745.54	3748.52	3745.16	3736.80	3725.70	3735.18	3742.98	3725.54	3739.96	3737.88	3728.94	3724.08	3734.58	
3731.16	3711.52	3705.08	3708.08	3712.06	3714.22	3729.56	3744.34	3733.28	3728.72	3721.66	3699.82	3717.82	3728.76	3709.90	3701.08	
3699.18	3692.80	3693.34	3702.24	3689.64	3683.12	3687.42	3692.30	3694.32	3701.54	3704.62	3709.52	3708.64	3721.00	3742.96	3701.62	

*******************************************2025/03/26;09:45:19
Probe number 45
Concentration entered by User 1.27% (Compensated: 1.65% at temperature 25.4)
1241.24	1241.46	1269.00	1284.40	1298.78	1313.86	1336.78	1356.48	1380.38	1402.16	1428.80	1464.54	1489.50	1521.20	1549.42	1586.24	
1622.86	1664.02	1703.78	1745.78	1792.66	1843.98	1896.34	1951.80	2018.58	2077.16	2146.86	2226.04	2332.18	2478.62	2668.80	2926.90	
3256.76	3504.28	3668.34	3715.04	3705.28	3725.52	3714.08	3721.82	3726.56	3726.58	3723.34	3723.18	3729.64	3730.12	3732.48	3728.86	
3724.80	3727.04	3730.04	3738.60	3730.24	3734.46	3734.94	3735.24	3742.16	3742.50	3743.48	3744.90	3745.40	3746.92	3745.56	3741.66	
3745.96	3746.50	3743.62	3739.28	3740.90	3738.16	3740.66	3745.36	3744.30	3747.10	3747.60	3743.82	3745.84	3744.28	3754.42	3746.34	
3749.32	3751.82	3746.32	3743.66	3746.80	3743.34	3734.90	3723.50	3733.18	3740.54	3722.78	3737.40	3735.74	3726.44	3721.58	3732.56	
3728.80	3709.04	3703.48	3706.22	3709.80	3712.18	3727.78	3742.58	3731.28	3726.92	3719.74	3697.62	3716.00	3726.62	3708.20	3698.64	
3696.98	3690.78	3691.76	3700.20	3687.70	3680.84	3685.26	3690.36	3692.26	3699.66	3702.42	3707.58	3706.38	3719.38	3741.12	3699.50	

*******************************************2025/03/26;10:05:19
Probe number 46
Concentration entered by User 1.26% (Compensated: 1.65% at temperature 25.6)
1241.76	1242.14	1269.56	1284.70	1299.66	1314.78	1336.72	1357.10	1380.96	1402.66	1429.22	1464.66	1489.30	1520.94	1550.52	1587.80	
1623.24	1663.28	1702.74	1748.30	1792.28	1846.64	1894.22	1955.14	2013.32	2069.84	2143.04	2230.02	2343.14	2486.90	2670.40	2926.76	
3266.10	3507.44	3667.28	3714.26	3703.76	3725.12	3713.98	3721.02	3725.92	3726.06	3723.10	3722.88	3729.36	3730.00	3732.60	3728.84	
3725.14	3726.76	3730.02	3738.68	3730.56	3734.70	3735.56	3735.18	3742.46	3742.38	3743.22	3744.98	3745.38	3746.94	3745.50	3741.78	
3746.06	3746.70	3743.62	3739.20	3740.86	3738.58	3741.06	3745.64	3744.12	3747.54	3747.94	3744.16	3745.92	3744.46	3754.44	3746.64	
3749.94	3751.96	3746.50	3744.14	3747.06	3743.84	3735.12	3723.36	3733.14	3740.28	3721.94	3736.74	3735.68	3726.24	3721.32	3732.60	
3728.96	3708.74	3704.18	3706.54	3710.56	3712.56	3727.96	3742.72	3731.92	3727.32	3720.34	3698.08	3716.22	3726.84	3708.06	3699.00	
3696.96	3691.18	3691.88	3700.04	3687.50	3681.28	3685.48	3690.76	3692.86	3699.72	3702.58	3707.78	3707.36	3719.52	3741.78	3700.42	

*******************************************2025/03/26;10:25:19
Probe number 47
Concentration entered by User 1.25% (Compensated: 1.65% at temperature 25.7)
1241.76	1242.08	1269.96	1285.02	1299.22	1314.92	1337.12	1357.92	1381.68	1403.78	1430.56	1466.04	1490.02	1521.60	1550.16	1587.92	
1624.28	1665.32	1702.46	1747.70	1791.40	1849.08	1896.34	1954.86	2012.82	2069.48	2150.54	2230.22	2333.98	2467.44	2676.80	2937.62	
3253.72	3517.64	3673.04	3715.82	3706.26	3727.34	3716.32	3723.32	3727.76	3728.36	3725.76	3725.62	3731.70	3732.32	3734.88	3730.90	
3726.98	3729.32	3731.86	3740.84	3732.96	3737.06	3737.62	3737.42	3744.36	3744.40	3745.24	3746.76	3747.54	3749.12	3747.40	3743.94	
3748.10	3748.70	3745.60	3741.52	3742.66	3740.70	3742.86	3747.64	3746.32	3749.42	3749.88	3746.46	3747.96	3746.68	3756.74	3748.86	
3752.10	3754.26	3748.86	3746.18	3749.06	3746.22	3737.92	3725.74	3735.50	3742.34	3723.72	3738.50	3737.76	3728.10	3723.82	3735.20	
3731.30	3711.20	3706.64	3709.48	3713.66	3715.46	3730.68	3745.28	3734.12	3729.82	3723.12	3701.20	3719.28	3729.38	3710.98	3702.24	
3699.90	3694.40	3694.84	3703.12	3690.08	3684.08	3689.00	3694.00	3696.22	3702.64	3706.06	3710.96	3710.42	3722.26	3744.38	3703.12	

*******************************************2025/03/26;10:45:19
Probe number 48
Concentration entered by User 1.27% (Compensated: 1.68% at temperature 25.9)
1242.86	1243.22	1270.60	1285.28	1300.28	1315.80	1337.78	1357.98	1382.28	1403.60	1429.90	1465.50	1490.74	1521.84	1551.42	1590.12	
1624.72	1666.90	1704.28	1748.90	1792.88	1847.76	1900.82	1956.26	2015.28	2071.88	2145.84	2228.88	2338.36	2481.96	2678.22	2913.18	
3247.00	3518.72	3679.60	3715.62	3706.50	3727.84	3716.56	3723.68	3728.36	3728.94	3726.70	3726.86	3732.80	3733.36	3736.24	3732.28	
3728.36	3730.34	3733.30	3741.90	3733.96	3738.42	3739.12	3738.48	3745.42	3745.22	3746.34	3747.78	3748.28	3750.22	3748.42	3745.08	
3749.44	3749.68	3746.76	3742.72	3744.36	3742.08	3744.10	3748.92	3747.26	3750.46	3751.12	3748.02	3749.38	3748.08	3757.96	3750.40	
3753.34	3755.26	3750.28	3747.54	3750.42	3747.48	3739.22	3727.36	3736.34	3743.18	3724.28	3739.50	3738.70	3729.02	3725.16	3735.86	
3732.34	3712.56	3708.56	3710.96	3715.48	3716.36	3732.18	3746.40	3735.50	3730.98	3724.62	3702.94	3720.66	3730.88	3712.48	3703.82	
3701.04	3695.78	3696.56	3704.26	3691.80	3685.70	3690.72	3695.78	3698.50	3704.72	3707.32	3712.50	3712.38	3724.08	3745.58	3704.94	

*******************************************2025/03/26;11:05:19
Probe number 49
Concentration entered by User 1.29% (Compensated: 1.72% at temperature 26.1)
1242.16	1242.46	1270.40	1285.16	1299.32	1315.02	1336.68	1356.80	1380.64	1402.60	1428.88	1464.42	1490.18	1521.54	1550.38	1589.28	
1623.42	1666.54	1701.00	1746.14	1791.32	1843.66	1898.82	1948.82	2014.50	2069.90	2145.30	2225.32	2338.94	2480.26	2665.40	2921.46	
3244.66	3505.76	3672.40	3710.58	3702.58	3723.98	3712.90	3720.30	3725.26	3726.12	3723.84	3724.20	3729.88	3730.78	3733.28	3729.48	
3725.60	3727.48	3730.66	3739.60	3731.54	3736.02	3736.44	3735.74	3743.02	3742.94	3744.08	3745.54	3745.88	3747.64	3746.28	3742.60	
3747.40	3747.52	3744.40	3740.22	3741.72	3739.56	3742.18	3746.60	3745.38	3748.22	3748.88	3745.48	3746.78	3745.76	3756.02	3748.22	
3751.14	3753.56	3748.36	3745.18	3748.38	3745.60	3736.70	3724.38	3733.96	3740.64	3720.36	3736.46	3736.06	3726.02	3722.00	3733.52	
3729.74	3709.82	3705.70	3708.24	3713.02	3713.94	3730.04	3744.12	3733.02	3728.88	3722.38	3700.14	3718.36	3728.50	3709.48	3701.14	
3698.64	3693.12	3694.08	3701.86	3689.04	3683.08	3687.64	3693.22	3695.50	3701.82	3704.56	3709.98	3709.70	3721.86	3743.68	3702.68	

*******************************************2025/03/26;11:25:19
Probe number 50
Concentration entered by User 1.29% (Compensated: 1.71% at temperature 26.0)
1242.14	1242.20	1270.32	1284.88	1299.08	1313.90	1335.86	1356.40	1381.14	1403.18	1429.96	1464.90	1489.68	1521.08	1552.12	1588.42	
1622.88	1664.90	1703.46	1745.82	1790.62	1844.88	1897.88	1949.26	2007.28	2065.10	2143.16	2238.04	2343.74	2484.16	2673.30	2909.32	
3252.64	3507.34	3671.00	3713.66	3704.66	3726.02	3715.02	3722.28	3726.54	3727.74	3725.56	3725.46	3731.50	3732.36	3734.96	3731.16	
3727.14	3728.92	3732.20	3741.04	3733.60	3737.58	3737.84	3737.58	3744.78	3744.32	3745.44	3747.02	3747.48	3748.94	3747.36	3744.24	
3748.54	3749.02	3745.84	3741.58	3743.44	3741.04	3743.26	3748.14	3746.48	3749.52	3750.52	3747.14	3748.40	3747.32	3757.48	3749.78	
3752.98	3755.16	3749.54	3746.64	3749.72	3747.38	3738.98	3726.22	3735.62	3741.92	3721.62	3737.50	3737.44	3727.94	3723.56	3735.50	
3731.78	3711.30	3708.16	3710.40	3715.04	3715.78	3731.76	3745.44	3734.78	3730.78	3724.08	3702.48	3720.20	3730.44	3711.36	3703.48	
3701.18	3695.48	3696.42	3704.38	3690.98	3685.06	3690.14	3695.68	3697.92	3704.00	3707.26	3712.80	3712.34	3724.26	3746.00	3705.08	

*******************************************2025/03/26;11:45:19
Probe number 51
Concentration entered by User 1.26% (Compensated: 1.69% at temperature 26.1)
1242.82	1243.62	1271.56	1285.70	1299.46	1314.44	1336.62	1357.12	1382.16	1403.80	1430.04	1466.06	1491.52	1522.12	1553.38	1590.12	
1624.34	1665.14	1702.88	1747.18	1791.28	1844.94	1896.00	1950.06	2008.44	2069.88	2143.20	2230.24	2334.98	2482.36	2677.84	2917.74	
3262.80	3514.40	3669.88	3715.44	3706.66	3727.50	3717.00	3724.20	3728.90	3730.00	3727.88	3727.82	3733.90	3734.86	3737.18	3733.46	
3730.04	3731.40	3734.88	3743.84	3735.72	3740.12	3740.50	3740.08	3747.20	3746.74	3748.02	3749.18	3749.96	3751.36	3749.82	3746.38	
3751.18	3751.28	3748.50	3744.24	3745.82	3743.42	3745.84	3750.48	3748.84	3751.88	3752.78	3749.70	3750.98	3750.08	3759.86	3752.44	
3755.44	3757.58	3752.42	3749.32	3752.40	3750.04	3741.30	3729.20	3737.74	3744.36	3724.12	3739.94	3739.86	3730.30	3726.46	3737.96	
3734.08	3714.64	3711.32	3713.58	3718.16	3719.20	3734.60	3748.12	3737.90	3733.80	3727.38	3705.68	3723.38	3733.14	3714.78	3706.80	
3704.34	3699.16	3699.92	3707.32	3694.46	3689.12	3693.68	3699.08	3701.08	3707.80	3710.92	3716.22	3716.24	3727.62	3748.74	3708.82	

*******************************************2025/03/26;12:05:19
Probe number 52
Concentration entered by User 1.34% (Compensated: 1.77% at temperature 26.2)
1241.24	1241.50	1268.76	1283.26	1297.08	1311.96	1333.68	1354.00	1378.64	1400.80	1426.34	1460.42	1486.46	1517.90	1547.74	1584.50	
1617.92	1660.16	1697.52	1739.98	1786.14	1840.16	1890.24	1945.48	2001.50	2063.16	2130.56	2223.64	2325.40	2462.44	2646.06	2917.04	
3237.02	3492.32	3657.98	3702.02	3692.00	3715.16	3704.26	3711.40	3716.06	3717.54	3715.50	3716.14	3722.22	3722.98	3725.94	3722.00	
3717.94	3719.62	3723.04	3732.34	3724.08	3728.74	3729.18	3729.16	3736.46	3735.90	3737.18	3738.68	3738.90	3741.06	3739.36	3735.52	
3741.00	3740.74	3737.62	3733.48	3735.08	3733.06	3735.42	3740.22	3738.32	3741.82	3742.38	3739.16	3740.76	3739.54	3750.02	3742.12	
3745.42	3747.50	3742.22	3738.94	3741.84	3739.68	3730.26	3717.40	3726.44	3733.36	3711.30	3728.44	3728.70	3718.48	3714.66	3726.58	
3722.50	3701.64	3698.32	3701.58	3705.90	3706.98	3723.56	3737.74	3726.48	3722.46	3715.40	3692.50	3711.30	3722.22	3702.40	3694.48	
3691.64	3685.98	3686.90	3694.66	3680.92	3674.88	3680.58	3686.18	3688.22	3695.00	3698.12	3704.12	3703.78	3716.10	3738.68	3696.28	

*******************************************2025/03/26;12:25:19
Probe number 53
Concentration entered by User 1.28% (Compensated: 1.72% at temperature 26.2)
1242.22	1242.94	1270.76	1284.48	1298.74	1313.42	1335.26	1357.34	1380.44	1402.16	1428.00	1462.72	1487.86	1520.30	1550.36	1587.16	
1621.84	1662.92	1699.12	1741.80	1787.02	1841.52	1895.30	1952.28	2008.42	2062.96	2142.92	2230.18	2327.08	2468.26	2662.02	2911.10	
3254.20	3510.06	3667.34	3710.28	3702.32	3724.68	3713.62	3721.12	3725.54	3726.64	3724.82	3724.92	3730.96	3731.68	3734.90	3730.84	
3727.58	3728.66	3732.18	3741.30	3733.02	3737.42	3737.82	3737.64	3744.34	3744.14	3745.30	3746.98	3747.30	3748.98	3747.02	3743.92	
3748.68	3748.84	3745.80	3741.66	3743.40	3741.02	3743.60	3748.42	3746.48	3749.56	3750.54	3747.16	3748.80	3747.60	3758.12	3750.36	
3753.32	3755.58	3750.08	3747.18	3750.26	3748.12	3739.14	3726.72	3735.58	3741.62	3720.64	3736.68	3737.70	3727.82	3724.26	3735.56	
3731.70	3711.86	3709.14	3711.62	3716.10	3716.68	3732.56	3745.96	3735.36	3731.74	3724.84	3703.42	3721.02	3731.28	3712.20	3705.16	
3702.38	3696.68	3697.74	3705.28	3692.20	3686.42	3691.24	3696.72	3699.34	3705.80	3708.48	3714.26	3714.36	3725.94	3747.34	3706.76	

*******************************************2025/03/26;12:45:19
Probe number 54
Concentration entered by User 1.32% (Compensated: 1.76% at temperature 26.3)
1242.38	1242.90	1270.56	1284.64	1298.74	1312.64	1334.68	1355.80	1380.52	1402.52	1428.78	1462.92	1488.76	1519.28	1549.56	1587.32	
1620.40	1661.60	1698.40	1743.02	1787.70	1841.30	1892.22	1944.08	2005.78	2064.98	2137.28	2219.20	2331.48	2477.98	2662.24	2909.30	
3234.16	3509.16	3666.22	3709.52	3701.42	3723.98	3713.38	3720.46	3725.16	3726.26	3724.82	3724.86	3730.76	3731.74	3734.64	3731.08	
3727.08	3728.78	3731.88	3741.06	3733.14	3737.22	3737.56	3737.52	3744.82	3744.32	3745.28	3746.64	3746.92	3748.66	3747.36	3743.92	
3748.44	3748.78	3745.68	3741.54	3743.32	3741.38	3743.48	3748.06	3746.64	3749.90	3750.50	3747.26	3748.86	3748.18	3757.98	3750.32	
3753.70	3755.74	3750.26	3747.00	3750.00	3748.58	3739.38	3726.96	3735.42	3741.88	3720.08	3736.78	3737.60	3727.74	3724.40	3735.56	
3732.02	3712.02	3709.44	3711.42	3716.10	3716.82	3732.84	3746.32	3735.74	3731.64	3725.32	3703.90	3721.38	3731.70	3712.46	3704.94	
3702.50	3697.44	3698.26	3705.16	3692.52	3686.60	3691.68	3697.42	3699.58	3705.78	3708.66	3714.92	3714.82	3726.64	3747.84	3707.14	

*******************************************2025/03/26;13:46:31
Probe number 0
Concentration entered by User 1.33% (Compensated: 1.79% at temperature 26.5)
1242.06	1242.24	1270.26	1283.86	1297.40	1312.22	1334.44	1354.50	1378.26	1401.52	1426.50	1461.88	1485.94	1518.56	1549.60	1584.68	
1617.50	1658.88	1696.42	1737.76	1786.78	1835.70	1886.46	1938.94	1996.40	2053.36	2125.24	2207.48	2328.56	2468.84	2635.60	2913.84	
3240.92	3494.32	3657.42	3702.10	3694.26	3717.62	3706.34	3713.82	3718.56	3719.94	3718.40	3718.34	3724.34	3725.88	3728.72	3725.02	
3721.10	3722.86	3726.22	3735.76	3727.32	3731.64	3732.50	3731.96	3739.54	3738.84	3739.86	3741.56	3742.02	3743.44	3742.38	3738.88	
3743.88	3744.04	3740.12	3736.00	3738.04	3735.90	3738.42	3743.18	3741.50	3744.78	3745.74	3742.50	3743.76	3743.56	3753.38	3745.64	
3749.30	3751.18	3745.52	3742.48	3745.62	3744.00	3734.42	3721.80	3730.34	3736.48	3713.58	3731.46	3732.06	3722.56	3718.58	3730.18	
3726.12	3705.98	3703.64	3706.30	3710.88	3711.38	3728.24	3741.62	3730.22	3726.20	3719.68	3698.42	3715.68	3726.72	3706.40	3699.60	
3696.70	3691.42	3692.68	3699.68	3686.46	3680.86	3686.46	3691.56	3694.78	3700.84	3703.72	3710.34	3710.62	3722.40	3743.94	3702.58	

*******************************************2025/03/26;14:06:31
Probe number 1
Concentration entered by User 1.35% (Compensated: 1.81% at temperature 26.4)
1241.40	1241.88	1269.80	1283.94	1297.10	1311.42	1333.98	1354.20	1377.66	1400.02	1425.28	1460.46	1485.54	1518.58	1548.04	1584.70	
1617.10	1657.56	1693.58	1737.24	1781.70	1835.40	1886.88	1938.84	1996.94	2048.44	2124.84	2210.02	2316.48	2462.08	2645.94	2904.20	
3226.92	3493.64	3660.76	3703.24	3694.44	3717.72	3707.54	3715.10	3719.44	3721.30	3719.54	3719.56	3725.90	3727.02	3729.76	3725.78	
3722.34	3723.64	3727.12	3736.38	3728.26	3732.74	3733.58	3733.08	3740.30	3739.80	3740.84	3742.18	3742.76	3744.58	3743.24	3739.56	
3744.52	3744.80	3741.28	3736.68	3739.16	3737.08	3739.48	3744.26	3742.58	3745.58	3746.66	3742.96	3745.12	3744.42	3754.50	3746.80	
3750.28	3752.06	3746.20	3743.32	3746.66	3745.34	3735.82	3723.18	3731.62	3737.78	3715.08	3732.56	3733.50	3723.76	3720.04	3731.46	
3727.38	3707.48	3705.30	3707.82	3712.30	3712.46	3729.08	3742.58	3731.68	3728.00	3721.22	3699.46	3718.02	3728.04	3708.26	3701.70	
3698.84	3693.28	3695.24	3701.56	3688.46	3682.88	3688.34	3693.68	3696.28	3702.34	3705.76	3712.18	3712.78	3724.42	3745.36	3704.32	

*******************************************2025/03/26;14:26:31
Probe number 2
Concentration entered by User 1.36% (Compensated: 1.81% at temperature 26.4)
1240.98	1241.82	1268.64	1282.94	1296.24	1310.40	1332.56	1352.64	1376.72	1398.66	1424.64	1460.12	1484.38	1514.96	1546.08	1582.04	
1615.62	1654.36	1689.94	1734.48	1780.68	1833.14	1884.76	1936.44	1992.14	2049.56	2119.42	2205.74	2316.48	2448.50	2644.52	2897.48	
3230.58	3490.92	3660.28	3701.30	3691.52	3715.56	3705.16	3712.46	3717.60	3718.80	3717.38	3717.06	3722.94	3724.26	3727.48	3723.66	
3719.66	3721.44	3725.10	3734.34	3726.04	3730.68	3731.32	3731.24	3738.48	3737.78	3738.70	3740.20	3740.86	3742.76	3741.12	3737.40	
3742.72	3742.80	3739.38	3734.80	3737.08	3735.04	3737.54	3742.44	3740.04	3743.52	3744.72	3741.34	3743.08	3742.52	3752.18	3744.90	
3748.56	3750.46	3744.62	3741.38	3745.14	3743.52	3733.64	3721.18	3729.46	3735.88	3713.06	3730.62	3731.52	3721.52	3718.00	3729.48	
3725.70	3705.04	3702.78	3705.30	3710.36	3710.94	3727.46	3740.68	3729.82	3725.84	3719.14	3697.36	3715.70	3726.48	3706.30	3699.28	
3696.84	3691.96	3693.14	3699.70	3686.38	3680.90	3686.38	3691.82	3694.26	3700.16	3703.86	3710.24	3710.84	3722.22	3744.30	3702.52	

*******************************************2025/03/26;14:46:31
Probe number 3
Concentration entered by User 1.40% (Compensated: 1.86% at temperature 26.5)
1241.50	1242.28	1269.56	1282.94	1296.34	1310.74	1332.78	1352.18	1376.62	1399.16	1424.66	1458.74	1483.02	1514.70	1546.56	1581.60	
1614.00	1654.46	1690.28	1734.12	1778.36	1832.96	1881.56	1933.22	1995.86	2048.78	2121.68	2200.42	2303.50	2435.72	2642.68	2893.46	
3215.52	3479.60	3651.98	3695.08	3686.96	3712.08	3701.54	3709.76	3714.36	3716.10	3714.20	3714.10	3720.28	3721.98	3725.28	3721.22	
3717.36	3719.02	3723.24	3731.68	3723.36	3728.16	3728.84	3728.64	3736.36	3735.64	3736.58	3738.04	3738.94	3740.34	3738.74	3735.20	
3740.44	3740.88	3736.96	3732.38	3734.68	3732.74	3735.46	3740.08	3738.46	3741.64	3742.60	3739.20	3740.92	3740.52	3750.48	3742.96	
3746.32	3748.40	3742.58	3739.12	3742.90	3741.44	3731.78	3719.14	3727.18	3734.02	3710.50	3728.34	3729.28	3719.54	3715.70	3727.06	
3723.26	3702.62	3700.62	3703.20	3708.24	3708.42	3724.92	3738.66	3727.78	3723.82	3716.94	3695.20	3714.00	3724.14	3703.40	3697.16	
3694.06	3689.54	3690.38	3697.04	3683.68	3678.32	3683.70	3689.10	3692.12	3698.14	3701.32	3708.42	3708.94	3720.36	3742.42	3700.48	

*******************************************2025/03/26;15:06:31
Probe number 4
Concentration entered by User 1.37% (Compensated: 1.82% at temperature 26.5)
1240.80	1241.18	1268.18	1281.66	1295.00	1309.68	1331.38	1351.72	1375.38	1398.24	1424.00	1458.68	1482.06	1513.96	1543.40	1580.64	
1614.02	1654.64	1691.92	1735.54	1779.46	1833.76	1881.98	1933.52	1991.72	2049.04	2118.36	2203.18	2307.20	2435.04	2626.98	2897.22	
3230.50	3488.38	3655.44	3697.34	3688.80	3712.82	3702.04	3710.30	3714.82	3716.66	3715.04	3714.54	3720.76	3722.38	3725.70	3721.56	
3717.60	3719.42	3723.32	3732.44	3724.10	3728.68	3729.42	3729.10	3737.18	3735.92	3737.30	3738.54	3739.10	3740.76	3739.44	3736.02	
3741.12	3740.98	3737.88	3733.26	3735.18	3733.14	3735.62	3740.52	3738.66	3742.36	3743.26	3739.42	3741.46	3740.94	3751.34	3743.28	
3746.92	3749.00	3743.24	3740.06	3743.70	3742.18	3732.58	3720.24	3728.42	3734.76	3711.10	3728.74	3729.96	3720.36	3716.78	3728.14	
3724.34	3703.40	3701.36	3704.24	3709.02	3709.48	3725.76	3739.38	3728.80	3724.50	3718.10	3695.98	3714.90	3725.22	3704.92	3698.20	
3695.78	3690.44	3691.94	3698.62	3684.64	3679.44	3685.10	3690.12	3693.28	3699.18	3702.68	3709.84	3710.22	3721.46	3743.18	3701.70	

*******************************************2025/03/26;15:26:31
Probe number 5
Concentration entered by User 1.39% (Compensated: 1.85% at temperature 26.5)
1240.64	1241.56	1269.14	1283.80	1296.80	1310.84	1332.56	1352.80	1376.24	1399.04	1424.16	1458.50	1483.02	1513.70	1544.30	1581.16	
1613.92	1655.74	1690.80	1733.82	1778.76	1831.74	1881.08	1930.52	1985.40	2043.66	2113.38	2196.60	2312.92	2451.26	2632.50	2900.06	
3218.86	3481.88	3656.40	3697.40	3689.40	3713.44	3703.10	3711.10	3715.30	3717.22	3715.44	3715.60	3721.82	3723.36	3726.50	3722.08	
3718.76	3720.36	3723.92	3733.30	3724.86	3729.40	3730.04	3730.10	3737.94	3736.70	3737.98	3739.58	3739.96	3741.80	3739.98	3736.56	
3741.74	3741.94	3738.52	3733.72	3735.94	3733.72	3736.58	3741.16	3739.50	3742.70	3743.84	3740.40	3742.10	3741.90	3751.84	3744.04	
3747.64	3750.10	3744.06	3740.96	3744.58	3742.92	3733.54	3720.88	3728.88	3735.48	3712.18	3729.66	3730.64	3721.24	3717.46	3729.00	
3724.74	3704.38	3702.68	3705.72	3709.68	3710.12	3726.88	3740.14	3729.36	3725.72	3718.88	3697.08	3715.48	3726.10	3705.28	3699.24	
3696.80	3691.66	3692.80	3699.62	3685.82	3680.84	3686.22	3691.52	3694.54	3700.44	3704.06	3710.74	3711.04	3722.84	3744.36	3702.92	

*******************************************2025/03/26;15:46:31
Probe number 6
Concentration entered by User 1.37% (Compensated: 1.84% at temperature 26.6)
1241.80	1241.76	1269.64	1284.18	1296.90	1310.96	1332.96	1353.50	1377.18	1400.16	1424.92	1458.64	1483.56	1514.94	1546.26	1584.18	
1616.50	1653.70	1691.44	1734.10	1779.08	1830.78	1880.02	1935.90	1991.42	2044.14	2114.96	2203.58	2307.96	2444.74	2630.86	2887.08	
3224.42	3491.98	3657.76	3701.22	3693.04	3716.04	3706.44	3714.26	3718.88	3720.82	3718.68	3718.56	3724.94	3726.44	3729.22	3725.62	
3722.08	3723.14	3727.10	3736.18	3727.78	3732.70	3733.38	3733.32	3740.90	3739.60	3740.76	3742.28	3743.00	3744.50	3742.90	3739.62	
3744.58	3744.92	3741.42	3736.98	3738.84	3736.66	3739.30	3744.08	3742.36	3746.02	3746.94	3743.54	3745.34	3744.86	3754.34	3747.24	
3750.76	3752.76	3746.84	3743.48	3747.40	3745.78	3736.94	3724.46	3732.38	3738.26	3715.26	3733.20	3733.98	3724.74	3721.46	3732.22	
3728.46	3708.46	3706.32	3709.24	3713.46	3714.20	3729.78	3743.24	3732.58	3728.98	3721.96	3700.82	3719.44	3729.58	3709.14	3702.92	
3700.56	3695.38	3697.12	3703.32	3690.10	3684.90	3690.56	3695.82	3698.28	3704.48	3708.16	3714.42	3715.16	3726.40	3747.50	3706.68	

*******************************************2025/03/26;16:06:31
Probe number 7
Concentration entered by User 1.41% (Compensated: 1.88% at temperature 26.6)
1240.10	1241.00	1268.24	1282.80	1295.84	1309.92	1332.22	1351.74	1376.50	1398.38	1424.04	1457.40	1482.26	1513.36	1543.90	1580.28	
1613.60	1651.40	1687.90	1731.46	1777.32	1832.10	1880.40	1931.08	1985.22	2040.98	2111.42	2196.60	2298.70	2431.92	2630.54	2888.84	
3211.20	3477.78	3649.42	3695.84	3687.76	3712.00	3701.40	3709.84	3714.62	3715.84	3714.36	3714.34	3720.56	3722.20	3725.16	3721.14	
3717.48	3718.96	3722.54	3732.28	3723.70	3728.18	3729.12	3729.22	3736.86	3735.72	3737.04	3738.66	3738.98	3740.72	3739.14	3735.88	
3740.92	3740.64	3737.28	3732.52	3734.84	3733.00	3735.52	3740.62	3738.66	3742.46	3743.08	3739.56	3741.56	3740.70	3751.26	3743.50	
3747.24	3749.12	3743.40	3739.94	3743.96	3742.34	3732.82	3720.18	3728.60	3734.82	3711.14	3729.22	3730.38	3720.64	3717.62	3728.44	
3724.06	3703.74	3701.74	3704.82	3709.28	3709.46	3725.96	3739.62	3728.78	3725.12	3718.50	3696.74	3715.16	3725.80	3705.24	3699.06	
3696.08	3691.24	3692.54	3699.36	3685.52	3680.20	3685.80	3690.96	3694.42	3699.92	3703.70	3711.22	3711.04	3723.12	3744.14	3702.34	

*******************************************2025/03/26;16:26:31
Probe number 8
Concentration entered by User 1.41% (Compensated: 1.88% at temperature 26.6)
1240.52	1240.92	1268.86	1283.18	1296.04	1310.24	1331.98	1352.26	1376.12	1399.04	1423.42	1457.74	1481.98	1512.64	1542.88	1580.66	
1613.12	1650.00	1686.56	1730.50	1775.40	1831.12	1881.00	1929.94	1986.32	2041.76	2114.68	2196.16	2303.16	2442.46	2628.40	2887.92	
3211.40	3481.94	3655.72	3695.28	3687.08	3711.96	3701.82	3710.10	3714.66	3716.04	3714.68	3714.66	3721.02	3722.28	3725.56	3721.28	
3717.76	3719.22	3723.18	3732.34	3723.96	3728.68	3729.92	3729.50	3737.42	3736.04	3737.28	3738.98	3739.44	3741.26	3739.80	3736.04	
3741.64	3741.42	3737.88	3733.12	3735.28	3733.48	3736.14	3740.98	3738.94	3742.58	3743.76	3740.10	3742.06	3741.76	3751.56	3744.08	
3747.90	3749.60	3743.90	3740.66	3744.88	3743.00	3733.62	3721.08	3728.76	3735.32	3711.84	3729.58	3731.00	3721.62	3718.18	3729.16	
3725.14	3704.26	3702.62	3705.58	3710.18	3710.16	3726.68	3740.30	3729.08	3725.32	3719.18	3697.64	3715.78	3726.50	3705.76	3699.48	
3697.08	3692.04	3693.62	3699.76	3686.46	3681.48	3686.86	3691.80	3694.80	3701.36	3704.74	3711.80	3712.38	3723.80	3745.02	3703.66	

*******************************************2025/03/26;16:46:31
Probe number 9
Concentration entered by User 1.44% (Compensated: 1.91% at temperature 26.6)
1239.56	1240.60	1267.96	1282.06	1295.72	1310.18	1331.36	1351.90	1375.68	1398.36	1422.86	1456.76	1480.82	1512.68	1541.80	1578.52	
1610.68	1651.76	1688.78	1732.06	1773.08	1831.24	1881.28	1928.90	1987.58	2039.76	2107.34	2195.28	2292.34	2434.00	2616.60	2875.18	
3213.10	3469.36	3646.92	3695.22	3687.62	3711.54	3701.64	3709.72	3714.32	3715.96	3714.76	3714.52	3720.66	3722.30	3725.32	3721.56	
3718.08	3719.44	3723.20	3732.40	3723.76	3728.90	3729.42	3729.76	3737.46	3736.06	3737.32	3739.06	3739.54	3741.12	3739.54	3736.32	
3741.60	3741.46	3737.92	3732.92	3735.26	3733.44	3736.08	3741.14	3738.98	3742.58	3743.58	3740.20	3741.86	3741.86	3751.36	3744.54	
3748.24	3750.18	3744.02	3740.62	3744.74	3743.16	3733.76	3721.34	3729.54	3735.66	3711.84	3730.28	3731.34	3721.78	3718.46	3729.52	
3725.36	3704.68	3702.90	3706.08	3710.50	3710.46	3727.10	3740.36	3729.48	3725.72	3719.04	3697.60	3716.06	3726.72	3705.88	3700.10	
3697.80	3692.56	3694.10	3700.60	3686.94	3681.98	3687.58	3692.18	3695.30	3701.26	3705.16	3712.46	3713.02	3724.64	3745.60	3703.96	

*******************************************2025/03/26;17:06:31
Probe number 10
Concentration entered by User 1.42% (Compensated: 1.88% at temperature 26.6)
1240.62	1241.76	1269.08	1282.74	1296.22	1311.00	1332.58	1352.90	1376.32	1398.58	1423.82	1458.06	1481.76	1513.32	1543.08	1580.98	
1612.96	1652.36	1689.52	1732.14	1777.10	1830.18	1880.02	1929.68	1987.38	2041.64	2111.08	2202.70	2295.56	2444.22	2618.26	2881.90	
3213.22	3478.22	3651.64	3698.56	3690.82	3714.34	3704.46	3712.60	3717.08	3719.02	3717.48	3717.50	3723.64	3724.88	3728.00	3724.52	
3720.52	3722.06	3725.76	3734.86	3726.28	3731.38	3732.50	3732.98	3740.10	3738.80	3739.90	3741.62	3742.26	3743.66	3742.48	3738.98	
3743.98	3744.08	3740.54	3736.10	3738.12	3736.30	3739.00	3743.72	3741.98	3745.54	3746.52	3742.94	3744.62	3744.54	3754.30	3747.32	
3750.68	3752.60	3746.42	3743.38	3747.66	3745.98	3736.56	3724.68	3732.44	3738.68	3715.70	3733.38	3734.34	3725.56	3721.86	3732.54	
3728.36	3708.30	3706.48	3709.46	3713.72	3714.04	3730.10	3743.26	3732.38	3729.06	3722.52	3701.50	3719.60	3730.00	3709.48	3704.02	
3701.64	3696.78	3697.92	3704.14	3690.88	3685.40	3691.20	3696.18	3699.10	3705.08	3709.22	3716.26	3716.84	3727.62	3748.38	3707.18	

*******************************************2025/03/26;17:55:05
Probe number 0
Concentration entered by User 0.89% (Compensated: 1.35% at temperature 26.5)
1283.82	1282.62	1311.24	1326.02	1340.44	1356.78	1376.88	1393.42	1415.08	1432.48	1454.40	1486.26	1508.60	1539.14	1569.80	1608.10	
1640.66	1681.26	1718.62	1760.70	1810.70	1863.56	1911.90	1968.34	2038.20	2110.58	2205.54	2304.64	2424.40	2572.96	2799.42	3051.84	
3354.56	3580.68	3698.24	3719.90	3707.00	3723.90	3713.84	3717.60	3717.54	3716.76	3712.56	3714.04	3719.64	3719.72	3719.98	3715.40	
3713.22	3715.50	3719.82	3727.86	3718.78	3722.28	3721.82	3720.76	3728.92	3731.50	3733.68	3735.60	3735.02	3735.10	3733.10	3730.46	
3734.40	3734.42	3731.42	3726.18	3728.02	3725.56	3728.16	3733.14	3730.96	3734.94	3736.52	3734.28	3736.98	3736.28	3745.78	3739.02	
3744.32	3747.62	3744.38	3741.08	3742.62	3740.94	3739.48	3733.46	3739.26	3740.72	3726.12	3737.90	3739.00	3740.26	3738.46	3739.78	
3730.08	3714.64	3713.96	3713.50	3712.98	3714.52	3729.94	3745.42	3734.76	3731.40	3725.00	3707.46	3729.20	3742.82	3729.02	3727.70	
3729.74	3725.74	3725.72	3730.60	3721.40	3716.78	3715.36	3711.96	3712.14	3715.04	3721.80	3726.02	3722.54	3726.00	3747.12	3705.84	

*******************************************2025/03/26;17:55:28
Probe number 1
Concentration entered by User 0.94% (Compensated: 1.39% at temperature 26.4)
1282.86	1281.60	1310.24	1324.56	1339.38	1356.42	1375.64	1392.44	1414.18	1430.22	1452.64	1485.70	1507.28	1537.14	1567.52	1606.40	
1639.14	1677.34	1714.56	1758.88	1806.34	1858.54	1913.86	1969.12	2035.70	2105.78	2194.00	2296.68	2420.24	2585.28	2797.40	3041.90	
3335.64	3568.80	3693.48	3714.64	3701.16	3718.30	3708.34	3712.18	3712.52	3711.08	3706.92	3708.86	3714.26	3713.92	3714.42	3709.76	
3707.48	3709.88	3714.40	3723.12	3713.14	3717.58	3716.70	3715.32	3723.80	3726.74	3729.00	3730.66	3730.24	3730.22	3728.12	3725.52	
3729.28	3729.60	3726.52	3721.22	3723.30	3720.42	3723.20	3728.34	3726.04	3730.32	3731.68	3729.50	3732.16	3731.26	3741.52	3734.42	
3739.62	3742.96	3739.84	3736.08	3737.92	3736.22	3734.84	3728.68	3734.42	3735.80	3721.32	3733.08	3734.62	3735.38	3733.54	3734.96	
3725.04	3709.24	3708.64	3708.16	3707.02	3709.12	3724.54	3740.84	3730.22	3726.40	3719.94	3702.24	3724.48	3737.92	3723.70	3722.64	
3724.68	3720.38	3720.78	3725.90	3716.12	3711.02	3709.90	3706.56	3706.64	3709.44	3716.60	3721.18	3717.42	3720.88	3742.76	3700.22	

*******************************************2025/03/26;17:55:36
Probe number 2
Concentration entered by User 0.88% (Compensated: 1.33% at temperature 26.4)
1284.46	1283.20	1311.02	1325.44	1340.28	1356.56	1376.14	1393.40	1415.00	1432.24	1454.66	1487.40	1509.02	1538.88	1569.16	1608.40	
1642.52	1681.40	1717.10	1761.88	1807.88	1863.44	1917.62	1974.30	2041.84	2106.94	2197.16	2302.20	2417.54	2583.86	2814.50	3049.40	
3367.10	3571.56	3698.20	3721.00	3706.98	3724.16	3714.68	3718.00	3718.52	3717.28	3713.14	3714.80	3720.24	3720.20	3720.08	3716.10	
3713.60	3715.90	3720.16	3728.70	3719.08	3722.76	3722.24	3721.22	3729.32	3732.10	3734.40	3735.88	3735.50	3735.26	3733.36	3730.82	
3734.80	3734.88	3731.78	3726.86	3728.62	3726.38	3728.54	3733.78	3731.30	3735.40	3737.28	3734.74	3737.34	3736.48	3746.40	3739.34	
3744.74	3748.04	3744.74	3741.32	3743.14	3741.60	3740.22	3734.48	3739.66	3740.72	3727.24	3738.22	3739.44	3740.50	3738.98	3740.10	
3730.44	3715.00	3714.64	3713.58	3713.02	3714.88	3730.20	3746.04	3735.04	3731.94	3725.44	3708.32	3729.46	3742.96	3729.46	3728.32	
3730.26	3726.14	3726.06	3731.18	3721.94	3716.98	3715.72	3712.60	3712.98	3715.44	3722.24	3726.60	3723.18	3726.44	3747.90	3706.28	

*******************************************2025/03/26;17:56:20
Probe number 3
Concentration entered by User 0.92% (Compensated: 1.38% at temperature 26.5)
1281.64	1280.18	1308.30	1323.28	1337.84	1354.06	1373.90	1390.26	1411.94	1429.04	1450.66	1483.00	1504.82	1535.00	1565.44	1603.86	
1635.88	1675.42	1712.00	1755.16	1803.76	1858.88	1909.78	1964.88	2031.50	2102.66	2195.14	2293.68	2416.48	2569.74	2777.70	3039.62	
3350.18	3571.14	3691.00	3710.58	3696.90	3715.24	3705.14	3708.34	3708.70	3707.74	3703.78	3705.34	3710.68	3710.58	3710.86	3706.36	
3703.76	3705.98	3710.42	3719.32	3709.46	3713.36	3712.84	3711.56	3720.20	3723.26	3725.20	3727.18	3726.82	3726.50	3724.10	3722.12	
3725.90	3725.86	3722.74	3717.38	3719.46	3717.14	3719.92	3724.72	3722.16	3726.48	3728.20	3725.82	3728.70	3728.02	3738.52	3730.84	
3736.18	3739.98	3736.76	3732.74	3734.42	3732.98	3731.70	3725.42	3731.10	3732.42	3717.38	3729.44	3731.24	3732.14	3730.18	3731.48	
3721.00	3705.38	3704.56	3703.96	3703.40	3704.88	3720.98	3737.36	3726.54	3722.52	3716.18	3698.16	3720.54	3734.74	3720.38	3718.90	
3720.96	3716.82	3717.00	3722.20	3712.40	3707.12	3705.92	3702.60	3703.00	3705.64	3712.54	3717.50	3713.76	3717.04	3739.32	3696.50	

*******************************************2025/03/26;18:16:20
Probe number 4
Concentration entered by User 0.91% (Compensated: 1.38% at temperature 26.6)
1282.60	1281.48	1309.84	1323.64	1339.22	1355.60	1375.60	1391.72	1413.12	1429.12	1452.02	1485.22	1507.52	1537.80	1567.84	1605.46	
1639.06	1678.32	1715.04	1758.44	1807.66	1861.42	1911.30	1967.84	2035.26	2110.16	2190.54	2302.30	2422.64	2590.64	2795.72	3048.40	
3347.46	3573.58	3693.88	3716.38	3703.92	3722.08	3712.62	3715.84	3715.60	3715.30	3711.20	3712.94	3718.38	3718.36	3718.64	3714.28	
3711.98	3714.06	3718.30	3726.64	3717.48	3721.24	3721.00	3719.96	3728.04	3730.58	3732.84	3734.40	3733.76	3733.76	3731.64	3729.56	
3733.32	3733.64	3730.86	3725.88	3727.58	3724.52	3726.88	3731.84	3729.98	3734.10	3735.56	3733.16	3735.80	3735.44	3745.56	3738.02	
3743.26	3746.96	3743.80	3739.26	3741.60	3740.30	3738.38	3732.84	3738.20	3739.56	3725.38	3737.26	3738.46	3739.10	3738.18	3738.24	
3728.66	3714.32	3713.30	3712.36	3712.40	3713.18	3729.52	3744.16	3734.28	3730.44	3724.06	3706.72	3728.60	3742.22	3727.52	3727.74	
3728.62	3724.40	3724.94	3729.58	3720.02	3715.62	3714.46	3711.60	3711.40	3714.24	3720.76	3725.50	3721.82	3724.84	3746.54	3705.28	

*******************************************2025/03/26;18:36:20
Probe number 5
Concentration entered by User 0.90% (Compensated: 1.36% at temperature 26.5)
1280.76	1279.48	1307.82	1322.10	1337.32	1353.24	1372.88	1389.36	1411.10	1427.92	1450.78	1483.40	1505.28	1535.46	1565.30	1602.08	
1635.46	1674.36	1711.02	1757.38	1802.90	1854.98	1909.72	1961.94	2031.22	2107.16	2192.44	2299.78	2418.82	2576.52	2781.86	3059.90	
3352.62	3576.90	3693.68	3717.24	3705.30	3722.22	3713.00	3716.22	3716.16	3715.72	3711.48	3713.12	3718.68	3718.42	3719.30	3714.88	
3712.24	3713.84	3718.70	3727.06	3718.10	3721.80	3721.46	3719.90	3728.52	3731.12	3733.38	3734.88	3734.24	3734.30	3731.82	3729.76	
3733.96	3734.62	3731.18	3726.28	3728.10	3725.34	3727.14	3732.38	3730.38	3734.86	3736.40	3733.88	3736.20	3735.72	3745.96	3738.40	
3743.40	3747.10	3744.36	3739.84	3742.42	3740.72	3738.82	3733.46	3738.46	3739.94	3725.88	3737.66	3738.72	3739.48	3738.30	3738.74	
3729.22	3714.46	3713.66	3713.08	3713.24	3713.76	3729.96	3744.82	3735.04	3731.14	3724.70	3707.40	3728.80	3742.80	3728.14	3728.60	
3729.34	3724.60	3725.50	3730.36	3720.70	3716.16	3715.16	3712.50	3712.16	3714.64	3721.42	3726.00	3722.92	3725.88	3747.18	3706.02	

*******************************************2025/03/26;18:56:20
Probe number 6
Concentration entered by User 0.95% (Compensated: 1.40% at temperature 26.5)
1277.78	1277.24	1305.64	1319.46	1334.54	1350.28	1370.18	1386.62	1408.30	1425.26	1447.38	1478.66	1501.54	1530.34	1562.04	1600.02	
1631.58	1671.12	1707.26	1751.78	1798.84	1851.20	1903.56	1960.08	2028.98	2096.68	2180.46	2292.74	2407.66	2571.68	2775.58	3034.66	
3342.48	3562.02	3689.88	3713.98	3700.28	3718.52	3708.90	3712.28	3712.18	3711.80	3707.92	3708.90	3715.06	3714.72	3715.04	3711.08	
3708.14	3710.26	3714.82	3723.44	3714.04	3718.00	3717.56	3716.20	3724.74	3727.50	3729.74	3731.60	3730.64	3730.54	3728.42	3726.16	
3730.32	3730.76	3728.00	3722.32	3724.40	3721.20	3723.68	3728.78	3726.84	3731.58	3733.14	3730.36	3732.66	3732.26	3742.36	3735.06	
3740.24	3744.12	3740.84	3736.56	3739.00	3737.48	3735.48	3729.68	3735.02	3736.80	3722.16	3734.26	3735.28	3736.10	3734.62	3735.66	
3725.64	3711.00	3710.28	3709.44	3709.32	3710.16	3726.42	3741.72	3731.38	3727.50	3720.78	3703.48	3724.94	3739.42	3724.92	3725.00	
3725.74	3721.30	3721.66	3726.74	3717.10	3712.50	3711.06	3708.80	3708.36	3710.90	3717.74	3722.02	3719.20	3722.66	3743.74	3702.12	

*******************************************2025/03/26;19:16:20
Probe number 7
Concentration entered by User 0.92% (Compensated: 1.39% at temperature 26.5)
1278.20	1276.94	1305.12	1319.44	1334.12	1350.22	1369.82	1386.02	1407.88	1424.72	1446.50	1479.26	1500.82	1531.10	1560.06	1598.48	
1630.78	1670.24	1706.92	1751.56	1797.86	1852.36	1903.84	1956.04	2028.88	2099.06	2188.02	2286.94	2406.96	2564.14	2792.92	3035.02	
3342.68	3578.22	3695.36	3716.22	3703.80	3721.80	3711.92	3715.58	3715.40	3714.88	3710.46	3712.44	3718.34	3718.06	3718.38	3714.56	
3711.64	3713.62	3717.98	3726.78	3717.78	3721.82	3720.46	3719.28	3727.72	3730.80	3732.78	3734.62	3733.54	3733.70	3731.22	3729.38	
3733.76	3734.08	3731.16	3725.68	3727.52	3724.64	3727.08	3731.72	3730.18	3734.64	3736.32	3733.52	3735.42	3735.24	3745.14	3737.98	
3743.40	3747.32	3743.58	3739.54	3741.94	3740.74	3738.40	3733.06	3737.96	3739.94	3725.80	3737.50	3738.44	3739.24	3738.02	3738.50	
3728.72	3714.78	3713.74	3713.38	3713.18	3713.40	3729.62	3744.64	3734.70	3730.82	3724.14	3707.04	3728.36	3742.68	3727.94	3728.78	
3728.94	3724.68	3725.28	3730.30	3720.70	3716.28	3714.42	3712.40	3711.92	3714.50	3721.44	3725.56	3722.16	3725.88	3746.98	3705.70	

*******************************************2025/03/26;19:36:20
Probe number 8
Concentration entered by User 0.94% (Compensated: 1.40% at temperature 26.4)
1275.14	1273.88	1301.72	1316.02	1330.44	1346.76	1366.18	1383.08	1403.96	1419.92	1443.08	1473.66	1496.76	1526.92	1557.54	1594.06	
1626.44	1664.74	1701.26	1744.26	1792.46	1846.54	1893.68	1950.58	2019.94	2089.90	2176.16	2284.20	2398.78	2564.10	2775.28	3034.02	
3346.44	3557.48	3692.46	3714.20	3701.36	3718.36	3708.98	3712.46	3712.70	3711.72	3707.48	3709.02	3715.34	3715.04	3715.52	3711.40	
3708.60	3710.84	3715.34	3724.02	3715.04	3718.86	3717.90	3716.36	3725.32	3727.76	3730.48	3732.10	3731.06	3730.94	3728.58	3726.22	
3730.96	3731.34	3728.06	3722.76	3724.68	3722.00	3724.42	3729.60	3727.38	3731.82	3733.48	3730.56	3732.82	3732.82	3742.94	3735.66	
3741.14	3744.86	3741.46	3737.16	3739.46	3738.20	3736.06	3730.00	3735.52	3737.00	3722.80	3734.82	3736.32	3736.66	3735.70	3735.68	
3726.16	3711.56	3711.04	3710.36	3710.04	3710.84	3726.92	3742.56	3732.60	3728.36	3721.88	3703.70	3726.02	3740.18	3725.56	3725.80	
3726.28	3722.00	3722.58	3727.90	3718.16	3713.62	3711.94	3708.88	3708.80	3711.24	3718.50	3722.90	3719.64	3722.98	3744.72	3702.56	

*******************************************2025/03/26;19:56:20
Probe number 9
Concentration entered by User 0.95% (Compensated: 1.41% at temperature 26.4)
1274.50	1273.00	1301.44	1315.86	1330.14	1346.12	1365.70	1381.84	1403.00	1419.60	1442.52	1473.42	1495.32	1525.38	1555.10	1592.96	
1624.34	1665.90	1700.64	1742.62	1788.92	1844.00	1891.84	1951.66	2024.28	2090.94	2179.92	2279.02	2397.08	2563.64	2770.80	3033.28	
3336.10	3567.80	3688.72	3715.42	3701.70	3719.14	3709.72	3712.94	3713.50	3713.20	3708.00	3710.08	3716.68	3716.06	3716.98	3713.26	
3709.98	3711.66	3716.16	3725.10	3716.24	3720.34	3719.22	3717.48	3726.40	3729.26	3731.52	3733.24	3732.46	3732.16	3730.22	3727.38	
3732.16	3733.14	3730.00	3724.50	3726.20	3723.08	3725.58	3730.92	3729.00	3733.50	3735.20	3732.34	3734.30	3734.16	3743.94	3737.24	
3742.34	3745.94	3742.82	3738.48	3740.84	3739.42	3737.72	3731.86	3736.90	3738.94	3724.60	3736.54	3737.84	3738.46	3737.00	3737.64	
3727.60	3713.46	3712.86	3712.40	3711.96	3712.46	3728.38	3743.48	3734.10	3730.30	3723.52	3706.02	3727.36	3741.36	3726.62	3727.36	
3728.10	3723.82	3724.08	3729.76	3719.66	3715.32	3713.60	3710.96	3710.58	3713.02	3719.96	3724.48	3721.08	3724.42	3745.90	3704.52	

*******************************************2025/03/26;20:16:20
Probe number 10
Concentration entered by User 0.97% (Compensated: 1.43% at temperature 26.6)
1272.64	1271.90	1299.70	1313.64	1327.92	1343.70	1363.82	1379.98	1400.88	1418.32	1440.48	1470.76	1493.46	1523.30	1552.60	1589.94	
1623.16	1661.88	1697.00	1737.84	1785.72	1842.22	1890.90	1948.74	2011.60	2082.92	2173.32	2276.22	2387.68	2550.24	2758.78	3032.94	
3329.46	3564.12	3692.10	3711.68	3698.06	3716.00	3706.08	3709.70	3710.28	3709.46	3704.72	3706.70	3712.92	3712.76	3713.96	3710.18	
3706.98	3709.12	3713.64	3722.64	3713.16	3717.28	3716.04	3714.84	3724.26	3726.44	3729.44	3730.86	3729.64	3729.48	3727.22	3724.82	
3729.74	3730.42	3727.60	3722.32	3723.40	3720.04	3723.06	3728.40	3726.58	3730.94	3732.50	3730.00	3731.66	3731.32	3741.60	3734.60	
3740.08	3744.08	3740.60	3735.92	3738.26	3737.20	3735.18	3729.64	3734.50	3736.36	3721.72	3733.96	3735.30	3735.90	3734.92	3734.80	
3724.62	3710.48	3709.96	3709.58	3709.42	3709.32	3725.94	3741.02	3731.74	3727.54	3720.90	3702.62	3724.32	3738.90	3724.10	3724.76	
3725.62	3721.02	3721.32	3727.08	3717.00	3712.40	3710.76	3707.80	3707.30	3710.54	3717.04	3721.70	3718.04	3721.50	3743.58	3701.70	

*******************************************2025/03/26;20:36:20
Probe number 11
Concentration entered by User 0.95% (Compensated: 1.40% at temperature 26.4)
1269.68	1268.66	1296.06	1310.16	1324.18	1339.90	1360.12	1376.10	1397.16	1413.74	1435.48	1467.00	1489.50	1519.42	1547.98	1585.60	
1618.20	1657.46	1695.04	1736.52	1782.58	1836.38	1889.74	1938.82	2009.64	2078.40	2170.36	2264.98	2389.76	2557.00	2765.34	3021.10	
3342.94	3568.56	3696.14	3719.26	3707.80	3723.60	3714.22	3717.56	3717.88	3717.02	3712.22	3713.40	3719.18	3718.90	3720.16	3716.08	
3712.84	3714.58	3719.14	3727.68	3719.04	3722.48	3721.46	3719.94	3728.62	3731.30	3733.82	3735.64	3734.70	3734.40	3731.64	3729.26	
3734.12	3734.92	3732.36	3726.88	3728.26	3725.46	3727.82	3733.04	3731.28	3735.48	3737.16	3734.24	3736.36	3735.96	3746.04	3738.86	
3744.22	3747.96	3744.74	3740.30	3742.68	3741.56	3739.80	3733.86	3738.90	3740.80	3726.82	3738.34	3739.94	3740.80	3739.10	3739.10	
3729.68	3715.46	3715.02	3714.62	3714.50	3714.28	3730.38	3745.50	3736.20	3732.02	3725.34	3707.96	3729.04	3743.16	3729.32	3729.32	
3730.44	3725.36	3726.32	3731.72	3722.08	3717.18	3715.98	3713.00	3712.22	3715.34	3721.98	3726.40	3722.66	3726.12	3747.70	3706.90	

*******************************************2025/03/26;20:56:20
Probe number 12
Concentration entered by User 0.95% (Compensated: 1.39% at temperature 26.2)
1265.98	1265.00	1292.34	1306.02	1320.44	1336.08	1355.02	1371.56	1392.64	1408.40	1430.56	1460.58	1482.44	1512.78	1542.44	1579.46	
1611.80	1649.52	1687.00	1728.06	1774.82	1828.98	1882.10	1933.80	2003.48	2070.28	2159.60	2256.46	2378.28	2530.76	2757.78	3024.54	
3339.18	3568.96	3699.16	3722.24	3706.90	3724.16	3714.34	3717.40	3717.38	3715.96	3711.00	3712.26	3718.00	3717.54	3718.50	3714.76	
3711.44	3712.64	3717.10	3725.94	3717.46	3720.92	3719.68	3718.30	3726.74	3729.52	3732.36	3734.22	3732.86	3732.70	3729.88	3727.28	
3731.98	3733.34	3730.34	3724.96	3726.24	3723.24	3726.16	3731.36	3729.40	3733.76	3735.32	3732.44	3734.54	3733.92	3743.92	3737.72	
3742.68	3746.44	3743.06	3738.76	3740.98	3739.64	3737.92	3732.30	3737.38	3738.94	3724.68	3736.60	3738.50	3738.94	3737.22	3737.74	
3727.68	3713.82	3713.12	3713.02	3712.40	3712.70	3728.24	3743.92	3734.28	3730.08	3723.60	3705.78	3727.00	3741.34	3727.20	3727.62	
3728.12	3723.62	3724.42	3730.16	3720.18	3715.14	3713.88	3710.80	3710.64	3713.18	3720.18	3724.44	3720.66	3724.04	3746.26	3704.50	

*******************************************2025/03/26;21:16:20
Probe number 13
Concentration entered by User 0.96% (Compensated: 1.38% at temperature 26.0)
1262.18	1261.16	1288.10	1302.26	1316.20	1330.92	1351.22	1366.38	1387.30	1402.66	1424.10	1454.42	1476.62	1506.62	1536.00	1571.48	
1605.08	1643.16	1676.68	1721.26	1765.14	1818.22	1870.00	1925.04	1993.78	2060.22	2150.54	2249.04	2364.46	2532.94	2741.56	3013.78	
3345.22	3570.00	3700.76	3721.50	3708.20	3725.04	3715.68	3718.46	3718.38	3717.16	3711.30	3712.40	3718.18	3717.04	3718.32	3714.50	
3710.70	3712.34	3716.26	3725.34	3716.34	3719.98	3718.32	3716.56	3725.18	3728.00	3730.98	3732.78	3732.02	3731.70	3728.60	3725.60	
3730.88	3731.98	3729.22	3723.86	3725.24	3722.18	3724.74	3730.12	3728.30	3732.34	3733.98	3731.24	3733.32	3732.52	3742.50	3736.52	
3741.46	3745.38	3741.92	3737.16	3739.36	3738.36	3736.72	3731.10	3736.22	3737.74	3723.60	3735.14	3737.14	3737.38	3735.88	3736.44	
3726.52	3712.18	3711.66	3711.42	3710.72	3710.96	3726.82	3742.56	3733.00	3728.78	3722.04	3704.22	3725.34	3740.06	3725.64	3725.60	
3726.90	3722.46	3722.76	3728.68	3719.08	3713.58	3712.30	3709.08	3708.86	3711.94	3718.52	3723.12	3719.34	3722.64	3745.04	3703.12	

*******************************************2025/03/26;21:36:20
Probe number 14
Concentration entered by User 0.98% (Compensated: 1.40% at temperature 25.9)
1261.70	1260.94	1287.96	1302.06	1315.74	1331.36	1350.52	1366.02	1386.92	1402.78	1424.16	1454.60	1476.22	1505.02	1534.24	1571.16	
1604.14	1641.64	1677.52	1718.82	1762.30	1816.44	1866.86	1921.48	1988.18	2058.44	2143.70	2245.12	2354.92	2518.84	2730.74	3007.70	
3334.40	3562.20	3697.48	3721.72	3706.62	3723.74	3713.42	3716.76	3717.08	3715.34	3709.62	3710.92	3717.06	3716.22	3717.26	3713.78	
3710.32	3711.68	3715.66	3724.84	3716.42	3719.76	3718.74	3716.54	3725.36	3727.94	3731.50	3733.26	3732.14	3731.88	3728.82	3725.68	
3730.56	3732.06	3729.58	3723.74	3725.04	3722.32	3725.30	3730.82	3728.58	3732.40	3734.32	3731.60	3733.48	3732.98	3743.26	3736.94	
3741.74	3745.62	3742.16	3737.28	3739.58	3738.72	3737.00	3731.18	3736.32	3737.92	3723.94	3735.48	3737.58	3738.02	3736.26	3736.70	
3726.58	3712.56	3712.30	3711.76	3711.14	3711.10	3727.02	3742.60	3733.30	3729.24	3722.52	3704.58	3725.72	3739.92	3726.34	3725.94	
3727.16	3722.78	3723.24	3729.04	3719.10	3714.06	3712.58	3709.28	3709.24	3712.28	3719.12	3723.38	3719.30	3723.16	3745.44	3703.06	

*******************************************2025/03/26;21:56:20
Probe number 15
Concentration entered by User 1.01% (Compensated: 1.40% at temperature 25.7)
1261.36	1260.34	1287.50	1301.16	1315.20	1330.84	1349.72	1365.74	1386.20	1402.42	1424.20	1454.04	1475.44	1504.34	1533.16	1570.54	
1602.50	1639.74	1675.60	1716.04	1761.06	1815.62	1864.28	1915.74	1987.48	2058.44	2138.78	2240.24	2352.34	2517.34	2729.66	3003.74	
3326.36	3556.96	3693.68	3720.82	3706.78	3723.22	3712.94	3716.26	3716.76	3715.20	3709.74	3710.80	3716.64	3715.90	3717.20	3713.74	
3709.84	3711.80	3715.70	3725.04	3716.66	3720.28	3718.40	3716.64	3725.14	3727.92	3731.18	3733.50	3732.34	3732.16	3728.76	3725.56	
3730.40	3732.28	3729.48	3724.26	3725.34	3722.80	3725.78	3731.16	3728.86	3732.90	3734.64	3731.64	3733.74	3733.04	3743.58	3737.20	
3742.08	3745.80	3742.78	3737.98	3739.94	3738.92	3737.42	3731.12	3736.84	3738.04	3724.20	3735.74	3737.86	3738.34	3736.42	3736.78	
3726.68	3712.72	3712.86	3712.24	3711.70	3711.40	3727.04	3742.90	3733.38	3729.62	3722.84	3704.88	3726.00	3739.76	3726.64	3725.68	
3727.30	3723.10	3723.80	3728.90	3719.42	3714.28	3713.08	3709.86	3709.26	3712.68	3719.52	3723.82	3720.04	3723.62	3745.80	3703.72	

*******************************************2025/03/26;22:16:20
Probe number 16
Concentration entered by User 1.05% (Compensated: 1.44% at temperature 25.6)
1261.04	1259.62	1286.94	1300.58	1314.10	1329.36	1349.46	1364.52	1384.90	1400.62	1422.36	1452.20	1473.84	1502.88	1531.72	1567.66	
1599.06	1637.28	1673.42	1715.56	1757.50	1809.26	1858.18	1914.04	1977.70	2045.82	2136.26	2229.98	2347.94	2510.12	2722.52	2992.92	
3316.82	3546.40	3685.44	3716.92	3702.70	3719.68	3709.78	3712.56	3713.22	3711.56	3706.08	3706.82	3713.54	3712.62	3713.88	3710.08	
3706.86	3708.66	3713.02	3722.64	3714.12	3717.88	3715.32	3713.64	3722.14	3725.54	3728.92	3731.36	3730.22	3729.94	3726.46	3722.74	
3727.78	3729.96	3727.52	3721.90	3722.78	3720.58	3723.74	3728.58	3726.94	3730.84	3732.60	3729.10	3731.44	3730.78	3740.98	3734.68	
3739.86	3743.76	3740.30	3735.54	3737.82	3736.44	3735.16	3729.32	3734.72	3735.94	3721.54	3733.50	3735.84	3736.12	3734.14	3734.68	
3724.66	3710.26	3710.28	3709.68	3709.20	3709.36	3724.64	3740.88	3731.08	3727.06	3720.60	3701.86	3723.62	3737.78	3724.22	3723.60	
3724.98	3720.40	3721.04	3727.12	3716.78	3711.68	3710.56	3707.00	3706.78	3709.98	3717.10	3721.38	3717.82	3721.36	3743.48	3701.28	

*******************************************2025/03/26;22:36:20
Probe number 17
Concentration entered by User 1.10% (Compensated: 1.47% at temperature 25.4)
1260.02	1259.04	1285.72	1299.28	1312.94	1328.20	1347.72	1363.30	1383.26	1399.58	1420.72	1450.44	1471.66	1500.86	1529.46	1566.30	
1597.76	1635.38	1670.74	1711.06	1755.80	1810.06	1855.84	1910.68	1979.96	2047.08	2131.04	2231.72	2346.06	2508.90	2718.48	2970.68	
3299.74	3548.38	3682.88	3714.36	3700.90	3717.48	3706.86	3710.76	3711.22	3709.72	3703.86	3704.52	3710.96	3710.32	3711.40	3708.72	
3704.96	3706.76	3711.30	3720.32	3712.18	3715.80	3713.64	3711.56	3719.94	3723.24	3726.92	3729.34	3728.22	3728.08	3724.24	3720.86	
3725.74	3727.80	3725.58	3720.12	3720.74	3718.44	3721.34	3726.88	3725.28	3729.30	3730.44	3727.40	3729.80	3728.62	3739.06	3733.46	
3738.28	3741.84	3738.36	3734.14	3735.80	3734.66	3733.46	3727.10	3732.66	3734.14	3719.82	3731.86	3734.24	3734.30	3732.22	3732.94	
3722.44	3707.86	3708.18	3707.64	3706.74	3707.16	3722.60	3739.24	3729.44	3725.22	3718.52	3699.68	3721.68	3735.68	3722.46	3721.02	
3722.84	3718.90	3719.32	3725.26	3715.18	3709.80	3708.70	3705.28	3705.24	3708.20	3714.82	3719.84	3715.72	3719.22	3741.62	3699.04	

*******************************************2025/03/26;22:56:20
Probe number 18
Concentration entered by User 1.14% (Compensated: 1.51% at temperature 25.3)
1257.96	1257.18	1283.74	1297.30	1311.02	1326.22	1345.18	1361.42	1381.34	1397.24	1417.88	1447.22	1469.12	1498.16	1525.98	1562.96	
1591.78	1631.34	1666.56	1707.00	1751.02	1802.52	1852.40	1904.54	1971.90	2043.64	2125.82	2229.78	2332.84	2497.22	2705.76	2969.34	
3288.54	3528.58	3679.92	3710.26	3694.82	3712.48	3701.44	3705.60	3706.56	3704.24	3697.94	3698.94	3705.94	3705.02	3706.98	3703.20	
3700.14	3701.72	3706.26	3715.68	3707.30	3710.86	3708.68	3706.20	3714.78	3718.16	3722.60	3725.12	3724.06	3723.50	3719.42	3715.72	
3721.32	3722.98	3721.04	3715.30	3716.40	3713.48	3716.76	3722.50	3720.72	3724.72	3726.32	3722.70	3725.34	3724.30	3734.76	3729.14	
3734.06	3737.88	3734.34	3729.66	3731.62	3730.02	3728.96	3722.42	3728.38	3729.86	3715.18	3726.76	3729.80	3730.22	3727.94	3728.56	
3718.14	3702.96	3703.18	3703.24	3701.76	3701.90	3717.68	3734.56	3724.88	3720.68	3713.80	3694.58	3716.72	3731.02	3717.80	3716.44	
3718.72	3713.80	3714.84	3720.78	3710.62	3704.72	3703.78	3700.02	3699.66	3703.08	3710.40	3714.98	3710.60	3714.54	3737.86	3694.04	

*******************************************2025/03/26;23:16:20
Probe number 19
Concentration entered by User 1.09% (Compensated: 1.45% at temperature 25.1)
1258.64	1257.88	1284.46	1297.70	1311.68	1327.10	1346.44	1361.72	1382.24	1398.36	1419.70	1448.78	1470.14	1498.86	1527.72	1564.20	
1596.26	1634.14	1669.74	1710.98	1754.82	1807.84	1856.04	1907.72	1979.12	2044.78	2128.92	2228.14	2344.56	2507.64	2710.90	2975.88	
3298.60	3548.62	3691.46	3721.54	3706.66	3723.32	3713.98	3717.04	3717.84	3715.78	3709.56	3710.86	3717.12	3717.00	3718.10	3714.72	
3712.04	3713.24	3717.20	3726.16	3718.62	3721.82	3719.10	3717.08	3725.16	3728.88	3732.40	3735.26	3734.46	3733.76	3729.66	3726.02	
3731.28	3733.08	3731.22	3725.66	3726.40	3723.90	3726.66	3732.78	3730.98	3734.92	3736.10	3732.84	3735.66	3733.96	3744.12	3738.54	
3743.54	3747.22	3743.92	3738.92	3740.98	3740.10	3739.12	3732.64	3738.12	3739.54	3725.74	3736.98	3739.38	3739.84	3737.46	3738.22	
3728.66	3714.16	3714.14	3713.90	3712.94	3713.08	3728.32	3743.80	3734.46	3730.34	3724.46	3706.10	3726.96	3740.80	3728.20	3726.74	
3729.04	3724.52	3725.10	3730.70	3720.88	3715.86	3714.64	3711.40	3711.10	3714.16	3721.32	3725.28	3721.38	3725.12	3747.00	3705.20	

*******************************************2025/03/26;23:36:20
Probe number 20
Concentration entered by User 1.09% (Compensated: 1.44% at temperature 25.0)
1260.38	1258.90	1286.02	1299.68	1313.22	1328.14	1347.92	1363.84	1384.42	1400.16	1420.60	1450.22	1471.76	1500.74	1529.78	1566.02	
1597.66	1636.60	1670.96	1712.60	1756.26	1807.80	1855.48	1911.00	1979.26	2049.76	2134.74	2227.46	2341.20	2503.20	2710.12	2975.98	
3299.30	3549.36	3687.24	3722.72	3708.80	3725.04	3715.52	3718.60	3719.28	3717.26	3711.20	3712.14	3718.82	3718.60	3719.80	3716.76	
3713.64	3715.12	3719.36	3728.34	3720.64	3723.98	3721.16	3719.04	3727.10	3730.38	3734.44	3736.94	3736.14	3735.52	3731.50	3728.00	
3733.18	3734.94	3733.12	3727.86	3728.58	3726.06	3729.14	3734.52	3732.92	3736.56	3738.22	3734.98	3737.56	3735.64	3745.90	3740.66	
3745.70	3748.90	3745.32	3741.08	3742.72	3742.02	3741.04	3734.94	3740.24	3741.46	3727.70	3739.14	3741.48	3742.22	3739.42	3740.04	
3730.52	3716.40	3716.38	3716.12	3714.68	3715.06	3729.70	3745.92	3736.68	3732.62	3726.78	3708.40	3728.78	3742.22	3730.18	3728.60	
3730.70	3726.58	3727.18	3732.28	3723.04	3718.20	3716.82	3713.40	3713.16	3716.66	3723.36	3727.46	3723.56	3727.14	3748.92	3707.52	

*******************************************2025/03/26;23:56:20
Probe number 21
Concentration entered by User 1.14% (Compensated: 1.48% at temperature 24.9)
1257.86	1257.12	1284.06	1297.50	1311.42	1326.30	1345.88	1361.76	1381.68	1397.68	1418.12	1446.84	1468.28	1497.70	1526.76	1563.22	
1595.02	1632.88	1667.68	1708.20	1752.58	1804.36	1854.10	1905.90	1976.90	2043.40	2125.60	2223.72	2341.54	2499.54	2711.96	2967.00	
3279.86	3537.62	3681.72	3721.14	3706.62	3723.08	3714.56	3718.10	3718.72	3716.08	3710.42	3711.38	3718.56	3718.02	3719.40	3716.76	
3713.50	3715.12	3718.88	3728.02	3720.20	3723.84	3720.72	3717.96	3726.20	3729.66	3734.06	3736.88	3735.72	3735.12	3731.48	3727.20	
3732.66	3734.78	3732.68	3727.44	3727.96	3725.76	3728.32	3733.86	3732.80	3736.16	3737.74	3734.64	3737.06	3735.30	3745.28	3740.64	
3745.26	3748.80	3745.16	3740.44	3742.82	3741.48	3740.86	3734.16	3739.56	3741.02	3727.28	3738.92	3740.86	3741.70	3739.12	3739.78	
3730.50	3716.00	3715.94	3716.04	3714.50	3714.94	3729.26	3745.76	3735.86	3732.48	3726.14	3707.76	3728.40	3742.24	3729.78	3728.12	
3730.30	3726.14	3726.74	3732.30	3722.52	3717.48	3716.64	3712.94	3712.56	3715.92	3722.80	3727.38	3723.38	3727.08	3748.68	3707.22	

