*******************************************2025/10/14;19:59:22
Probe number 1
Concentration entered by User 0.83% (Compensated: 0.99% at temperature 22.4)
1118.92	1122.82	1144.74	1157.70	1169.32	1185.90	1202.56	1216.70	1234.44	1254.08	1272.68	1296.70	1320.22	1345.72	1376.88	1407.96	
1438.26	1473.54	1510.70	1551.98	1594.72	1647.08	1695.02	1748.62	1810.94	1883.10	1977.16	2085.98	2224.40	2427.30	2737.04	3095.90	
3378.58	3583.76	3642.36	3642.36	3650.46	3667.20	3679.18	3689.94	3692.34	3702.70	3693.48	3684.72	3702.56	3715.84	3729.10	3723.58	
3709.24	3705.50	3717.26	3729.32	3722.80	3722.16	3726.22	3726.48	3728.86	3726.70	3726.60	3731.32	3724.42	3718.70	3721.58	3728.30	
3729.50	3730.30	3734.04	3735.42	3731.78	3723.80	3721.22	3725.58	3719.02	3730.32	3734.42	3739.00	3745.16	3741.28	3742.84	3748.54	
3744.84	3745.54	3737.38	3724.42	3720.00	3719.56	3724.70	3720.06	3728.08	3723.86	3706.70	3722.04	3736.28	3746.86	3741.64	3738.48	
3728.14	3717.98	3716.02	3702.32	3693.44	3691.82	3719.70	3741.10	3730.62	3725.34	3710.82	3696.48	3719.40	3731.68	3711.90	3715.02	
3723.66	3726.66	3725.08	3731.54	3717.90	3721.24	3722.14	3713.24	3708.20	3721.94	3736.16	3737.20	3729.02	3730.64	3756.22	3721.42	

*******************************************2025/10/14;19:59:32
Probe number 2
Concentration entered by User 0.81% (Compensated: 0.97% at temperature 22.4)
1118.64	1123.10	1144.72	1158.36	1169.68	1186.60	1203.00	1217.00	1235.24	1254.70	1273.42	1297.60	1321.10	1347.14	1377.48	1409.54	
1439.76	1475.12	1512.34	1553.86	1596.46	1649.10	1697.44	1750.88	1813.88	1886.26	1980.22	2089.52	2229.26	2432.42	2743.14	3103.12	
3386.08	3590.66	3648.16	3647.90	3656.52	3672.66	3684.58	3695.08	3698.00	3707.54	3699.04	3689.90	3707.52	3720.68	3733.04	3728.16	
3714.26	3710.80	3721.94	3733.30	3727.06	3726.06	3730.42	3730.54	3732.98	3730.58	3730.84	3735.04	3728.74	3722.66	3725.52	3732.38	
3733.66	3734.64	3738.14	3739.32	3736.20	3728.38	3725.68	3730.06	3723.72	3734.58	3738.74	3743.08	3749.12	3745.24	3746.80	3751.86	
3748.86	3749.56	3741.96	3728.92	3725.04	3724.68	3729.60	3724.74	3732.64	3727.96	3712.06	3727.18	3740.68	3750.78	3745.98	3742.78	
3733.02	3723.08	3721.30	3707.24	3698.94	3696.92	3724.46	3745.38	3735.24	3729.86	3715.84	3702.02	3724.34	3735.72	3717.16	3719.64	
3728.50	3731.38	3729.60	3736.08	3722.34	3725.86	3726.94	3718.18	3713.04	3726.46	3740.34	3741.48	3734.12	3735.26	3759.96	3726.26	

*******************************************2025/10/14;20:00:22
Probe number 3
Concentration entered by User 0.68% (Compensated: 0.84% at temperature 22.4)
1116.04	1119.20	1139.12	1151.76	1162.14	1178.46	1194.72	1208.76	1226.12	1244.80	1263.58	1287.78	1311.00	1336.30	1366.34	1398.16	
1429.90	1466.00	1503.52	1545.32	1589.48	1641.52	1694.28	1753.82	1824.38	1904.20	1999.50	2115.26	2261.38	2467.10	2778.22	3142.44	
3426.80	3633.68	3675.60	3654.56	3658.08	3670.38	3675.00	3685.42	3690.04	3695.64	3693.52	3693.76	3702.42	3702.68	3705.10	3703.20	
3700.80	3703.66	3712.70	3719.10	3709.36	3713.28	3713.80	3712.90	3721.26	3724.24	3727.24	3729.52	3728.96	3727.22	3728.00	3724.00	
3728.66	3729.20	3727.62	3723.52	3724.52	3721.96	3724.00	3729.38	3726.62	3729.64	3731.16	3725.74	3731.34	3729.98	3734.20	3740.18	
3740.14	3747.06	3746.94	3739.78	3742.94	3742.28	3739.84	3732.12	3734.92	3735.56	3720.46	3732.28	3736.50	3736.94	3733.84	3734.92	
3723.42	3707.86	3705.86	3704.56	3705.34	3704.20	3719.54	3736.90	3727.24	3724.10	3717.80	3700.12	3720.54	3735.72	3722.60	3720.48	
3724.48	3721.00	3716.66	3720.86	3712.42	3708.74	3707.86	3701.84	3701.78	3706.80	3713.20	3718.62	3716.26	3716.52	3739.20	3698.30	

*******************************************2025/10/14;20:00:30
Probe number 4
Concentration entered by User 0.68% (Compensated: 0.84% at temperature 22.4)
1115.46	1118.38	1138.68	1151.52	1161.42	1178.02	1194.22	1208.66	1225.66	1244.38	1263.22	1287.40	1310.36	1335.82	1365.82	1397.98	
1429.60	1465.62	1502.96	1544.70	1588.98	1641.46	1694.30	1753.30	1823.72	1903.34	1999.04	2114.78	2260.86	2466.44	2776.88	3141.70	
3425.26	3632.48	3674.36	3653.70	3657.06	3668.94	3674.18	3684.22	3689.14	3693.98	3692.60	3692.84	3701.62	3701.82	3704.24	3702.06	
3699.72	3702.74	3711.70	3718.14	3708.24	3712.52	3712.84	3712.04	3720.60	3723.92	3726.64	3728.50	3727.80	3726.24	3726.90	3723.20	
3727.66	3728.40	3726.56	3722.38	3723.60	3721.04	3723.36	3728.88	3725.72	3728.68	3730.30	3724.74	3730.54	3728.88	3733.70	3739.36	
3739.36	3746.08	3746.28	3738.86	3742.24	3741.74	3739.26	3731.12	3734.44	3734.94	3719.66	3731.40	3736.12	3735.94	3733.18	3733.66	
3722.66	3706.60	3704.84	3703.30	3704.30	3703.30	3718.56	3735.96	3726.20	3723.12	3716.74	3698.68	3719.38	3734.60	3721.34	3719.46	
3723.64	3719.74	3715.36	3719.62	3711.34	3707.50	3706.66	3700.22	3700.30	3705.74	3711.84	3717.42	3715.14	3715.84	3737.88	3697.38	

*******************************************2025/10/14;20:05:05
Probe number 5
Concentration entered by User 0.67% (Compensated: 0.84% at temperature 22.6)
1116.04	1119.56	1139.46	1152.16	1162.32	1178.94	1195.30	1209.58	1226.54	1245.54	1264.20	1288.44	1312.04	1337.42	1367.38	1399.42	
1430.98	1467.46	1504.88	1546.42	1591.20	1642.90	1696.44	1756.06	1826.54	1906.58	2002.40	2118.78	2264.06	2469.90	2780.46	3145.64	
3430.38	3636.88	3678.76	3658.44	3661.88	3673.54	3678.48	3688.84	3693.54	3698.42	3696.64	3696.82	3705.54	3705.88	3708.18	3706.30	
3703.56	3706.50	3715.18	3721.86	3711.66	3716.00	3716.66	3715.94	3723.84	3727.34	3730.14	3732.06	3731.24	3729.48	3730.42	3726.42	
3731.20	3731.52	3730.16	3725.72	3726.94	3724.74	3726.80	3732.28	3729.08	3732.04	3733.38	3728.12	3733.68	3732.36	3736.54	3742.46	
3742.52	3749.22	3749.32	3742.38	3745.62	3744.82	3742.58	3734.60	3737.84	3738.18	3723.38	3734.70	3739.20	3739.24	3736.12	3736.96	
3725.62	3710.50	3708.72	3707.34	3707.98	3707.18	3722.36	3739.52	3729.84	3726.50	3720.08	3702.76	3723.10	3737.80	3725.12	3722.86	
3726.50	3723.10	3719.06	3723.14	3715.14	3711.12	3710.12	3704.16	3703.44	3708.30	3714.62	3720.10	3717.68	3718.36	3740.26	3700.30	

*******************************************2025/10/14;20:07:28
Probe number 6
Concentration entered by User 0.00% (Compensated: 0.18% at temperature 22.7)
1126.90	1130.28	1151.30	1165.42	1176.54	1193.86	1210.50	1225.38	1243.64	1264.00	1285.86	1312.44	1337.36	1364.04	1395.22	1430.32	
1466.24	1507.56	1550.88	1596.72	1643.48	1702.86	1764.98	1836.34	1921.32	2019.52	2140.86	2297.34	2510.98	2833.90	3207.08	3475.66	
3637.66	3663.92	3648.18	3655.28	3659.02	3670.00	3676.16	3686.54	3692.42	3696.74	3695.90	3696.28	3703.74	3704.22	3707.08	3705.96	
3703.66	3706.34	3713.76	3719.88	3709.30	3714.66	3715.42	3714.24	3721.62	3724.82	3727.46	3727.76	3727.84	3727.44	3728.78	3725.28	
3730.10	3730.64	3728.42	3723.46	3724.56	3722.56	3724.34	3729.50	3727.46	3730.94	3732.96	3726.82	3730.94	3729.52	3734.48	3740.88	
3741.54	3748.26	3747.96	3739.44	3743.36	3743.14	3740.82	3732.64	3735.74	3736.80	3722.82	3734.42	3737.80	3737.70	3734.50	3734.78	
3723.48	3708.82	3708.24	3706.56	3705.76	3704.28	3720.66	3738.36	3727.96	3723.50	3716.56	3698.54	3720.32	3736.46	3724.24	3722.36	
3724.20	3720.20	3717.26	3722.64	3713.98	3708.70	3707.70	3702.16	3702.42	3706.50	3712.88	3717.60	3714.94	3716.64	3740.52	3699.84	

*******************************************2025/10/14;20:07:37
Probe number 7
Concentration entered by User 0.00% (Compensated: 0.18% at temperature 22.8)
1127.00	1130.10	1151.24	1165.52	1176.30	1193.44	1210.42	1226.04	1244.18	1264.60	1285.86	1312.22	1337.18	1364.12	1395.18	1431.44	
1467.30	1507.96	1550.18	1595.40	1642.96	1703.26	1766.04	1836.78	1921.88	2019.92	2141.10	2297.60	2511.34	2834.50	3207.44	3475.90	
3638.64	3665.48	3648.82	3655.92	3659.76	3670.52	3676.68	3686.90	3692.66	3697.08	3696.50	3696.54	3704.10	3704.62	3707.50	3706.66	
3703.86	3706.86	3714.72	3720.28	3709.96	3715.14	3716.34	3715.08	3722.62	3725.34	3727.96	3728.22	3728.38	3727.94	3729.38	3725.98	
3730.46	3731.08	3728.76	3723.68	3724.92	3722.98	3724.72	3729.88	3728.04	3731.58	3733.62	3727.24	3731.68	3729.80	3735.12	3741.66	
3741.90	3748.88	3748.88	3739.88	3743.74	3743.50	3741.06	3733.18	3736.48	3737.36	3723.20	3734.80	3738.30	3738.38	3734.90	3735.32	
3723.84	3709.42	3708.72	3707.02	3706.44	3704.94	3720.96	3738.68	3728.32	3723.74	3717.48	3699.22	3720.66	3736.80	3724.70	3722.42	
3724.68	3720.58	3718.04	3723.34	3714.64	3709.16	3708.20	3702.60	3702.76	3706.78	3713.48	3718.10	3715.56	3717.36	3741.14	3700.44	

*******************************************2025/10/14;20:08:01
Probe number 8
Concentration entered by User 0.65% (Compensated: 0.83% at temperature 22.7)
1114.02	1116.86	1136.66	1149.74	1159.94	1176.04	1192.28	1206.46	1223.20	1242.24	1261.32	1284.78	1308.30	1334.02	1364.00	1396.52	
1428.04	1464.74	1502.16	1544.58	1589.80	1643.26	1696.86	1755.86	1826.94	1907.60	2003.08	2120.60	2267.46	2475.72	2790.38	3152.88	
3435.24	3640.74	3679.50	3661.18	3663.64	3672.04	3674.80	3684.52	3690.98	3697.20	3695.72	3696.84	3704.46	3703.42	3704.50	3702.78	
3700.76	3703.90	3713.26	3719.58	3709.12	3713.40	3714.32	3713.88	3721.56	3723.72	3726.00	3728.02	3728.66	3728.60	3728.60	3724.26	
3728.36	3729.28	3728.24	3724.44	3726.06	3723.32	3725.32	3730.60	3728.34	3732.30	3734.84	3728.62	3732.72	3730.58	3736.18	3742.62	
3742.32	3748.58	3747.74	3740.96	3744.94	3744.58	3741.74	3733.00	3736.66	3738.46	3724.12	3735.84	3739.04	3739.10	3735.54	3735.98	
3724.68	3709.92	3710.00	3708.26	3707.72	3706.40	3722.16	3739.50	3729.24	3724.86	3718.30	3699.82	3721.82	3738.02	3725.78	3723.50	
3725.66	3722.36	3719.18	3724.32	3715.12	3710.32	3709.24	3704.66	3703.82	3708.20	3714.86	3719.56	3717.60	3719.24	3741.74	3700.46	

*******************************************2025/10/14;20:12:53
Probe number 9
Concentration entered by User 3.18% (Compensated: 3.38% at temperature 22.9)
1088.12	1090.52	1107.66	1119.12	1127.32	1141.28	1155.32	1167.26	1181.56	1196.82	1212.70	1232.44	1251.98	1273.46	1298.12	1324.48	
1349.98	1379.16	1409.64	1443.66	1480.22	1523.86	1564.88	1607.54	1657.88	1713.14	1775.40	1848.28	1930.96	2032.76	2165.54	2323.30	
2552.74	2892.52	3252.10	3504.16	3670.52	3685.28	3672.34	3682.86	3689.62	3695.92	3694.50	3695.24	3703.14	3701.98	3702.88	3701.48	
3699.92	3703.16	3712.64	3718.38	3708.00	3711.70	3712.62	3712.88	3720.86	3723.86	3727.00	3729.26	3730.42	3730.06	3730.66	3725.58	
3729.64	3730.82	3730.68	3726.96	3728.20	3725.60	3727.70	3732.74	3730.28	3734.18	3736.24	3731.22	3735.38	3732.94	3737.98	3744.28	
3744.02	3750.18	3749.96	3742.78	3746.82	3746.34	3743.50	3735.10	3738.60	3740.06	3726.52	3737.78	3740.94	3741.10	3737.82	3738.24	
3726.90	3712.72	3712.28	3710.00	3710.00	3708.42	3724.46	3741.64	3730.90	3726.92	3720.16	3702.26	3724.18	3739.62	3727.88	3725.48	
3727.66	3724.34	3721.42	3726.90	3717.42	3712.34	3711.08	3706.70	3707.04	3710.60	3717.16	3721.78	3720.00	3721.76	3744.10	3703.16	

*******************************************2025/10/14;20:13:09
Probe number 10
Concentration entered by User 3.35% (Compensated: 3.55% at temperature 22.9)
1084.20	1086.98	1103.66	1114.62	1123.32	1136.90	1150.82	1162.34	1176.44	1191.76	1207.34	1226.94	1245.80	1267.02	1290.82	1317.54	
1342.60	1371.52	1401.06	1435.02	1470.34	1513.22	1554.04	1596.24	1645.32	1698.40	1759.34	1829.74	1910.00	2008.64	2135.92	2284.42	
2496.62	2816.30	3186.40	3456.36	3648.20	3686.32	3668.14	3679.10	3685.78	3691.90	3690.12	3691.04	3699.10	3697.96	3698.68	3697.64	
3695.98	3699.58	3709.04	3715.08	3704.58	3708.18	3709.40	3709.24	3717.58	3720.48	3724.26	3726.28	3727.38	3727.14	3727.62	3722.92	
3727.04	3728.18	3727.46	3723.62	3724.94	3722.94	3724.96	3729.56	3727.66	3731.48	3733.66	3728.22	3732.28	3730.04	3735.56	3741.72	
3741.60	3747.44	3747.14	3740.18	3744.34	3743.66	3741.08	3732.56	3735.96	3737.18	3723.18	3735.02	3738.20	3738.40	3735.16	3735.38	
3723.82	3709.72	3709.42	3707.10	3706.82	3705.50	3721.72	3739.10	3728.40	3724.08	3717.46	3699.22	3721.58	3737.24	3725.12	3722.84	
3724.76	3721.72	3718.64	3723.50	3714.44	3709.18	3708.54	3703.66	3703.86	3707.74	3714.30	3719.38	3716.98	3718.64	3741.16	3699.80	

*******************************************2025/10/14;20:13:19
Probe number 11
Concentration entered by User 3.35% (Compensated: 3.55% at temperature 22.9)
1084.90	1087.54	1104.06	1115.52	1123.96	1137.76	1151.50	1163.34	1177.22	1192.46	1207.94	1228.02	1246.68	1267.94	1291.78	1318.18	
1343.22	1372.06	1402.18	1435.82	1471.68	1514.26	1555.10	1597.38	1645.88	1699.96	1760.48	1831.40	1911.16	2009.58	2137.06	2284.92	
2497.82	2816.42	3186.78	3457.80	3649.76	3688.56	3670.32	3681.22	3687.06	3694.12	3691.88	3692.90	3700.62	3699.60	3700.84	3699.40	
3697.86	3700.64	3710.56	3716.74	3706.16	3710.18	3710.64	3710.66	3718.98	3722.10	3725.28	3727.40	3728.50	3727.94	3729.16	3723.86	
3728.04	3729.54	3728.62	3724.94	3726.42	3724.04	3726.12	3731.26	3728.60	3732.84	3734.94	3729.26	3733.40	3731.24	3736.66	3743.12	
3742.54	3748.62	3748.40	3741.58	3745.38	3744.94	3742.10	3733.56	3736.90	3738.68	3724.66	3736.34	3739.76	3739.60	3735.90	3736.40	
3725.10	3710.56	3710.44	3708.36	3708.40	3707.56	3723.02	3740.20	3729.44	3725.24	3718.74	3700.44	3722.72	3738.36	3726.56	3724.06	
3726.08	3722.74	3719.90	3725.12	3715.72	3710.16	3709.56	3705.16	3705.18	3709.08	3715.34	3720.48	3718.10	3719.92	3742.50	3701.20	

*******************************************2025/10/14;20:13:29
Probe number 12
Concentration entered by User 3.34% (Compensated: 3.54% at temperature 23.0)
1084.86	1087.70	1104.76	1116.02	1124.36	1138.18	1151.92	1163.68	1177.48	1193.00	1208.72	1228.40	1247.46	1268.26	1293.20	1318.84	
1344.28	1373.28	1402.76	1436.92	1472.72	1515.08	1556.14	1598.38	1647.62	1701.56	1762.22	1832.78	1912.84	2011.42	2138.88	2287.86	
2499.44	2818.50	3190.26	3461.96	3653.88	3692.66	3674.24	3685.56	3691.44	3697.66	3695.94	3696.92	3704.46	3703.34	3704.54	3703.30	
3701.30	3705.04	3714.12	3720.36	3709.82	3713.52	3714.52	3714.36	3722.54	3725.56	3728.54	3730.78	3731.96	3731.58	3732.34	3727.18	
3731.24	3732.46	3731.72	3728.30	3729.76	3727.42	3729.28	3734.18	3732.04	3735.70	3738.04	3732.74	3736.66	3734.62	3739.66	3745.74	
3745.60	3751.76	3751.30	3744.52	3748.26	3747.78	3745.28	3736.86	3740.30	3741.62	3728.06	3739.26	3742.58	3742.32	3739.26	3739.60	
3728.64	3714.84	3713.90	3711.74	3711.80	3710.50	3726.12	3743.18	3732.86	3728.94	3721.90	3704.12	3725.86	3741.18	3729.46	3727.18	
3729.54	3726.00	3723.30	3728.42	3719.14	3714.08	3712.74	3708.44	3708.72	3712.36	3719.26	3723.58	3721.32	3723.52	3745.26	3705.00	

*******************************************2025/10/14;20:15:54
Probe number 13
Concentration entered by User 4.88% (Compensated: 5.08% at temperature 23.0)
1068.96	1071.84	1086.68	1096.74	1104.38	1116.84	1129.08	1139.42	1152.22	1166.22	1180.02	1197.24	1214.66	1233.56	1255.00	1277.64	
1299.68	1324.10	1349.26	1375.64	1405.90	1444.14	1480.68	1517.52	1560.64	1604.66	1650.30	1703.38	1761.84	1834.22	1925.12	2026.64	
2155.08	2327.86	2562.20	2899.44	3250.22	3509.90	3675.70	3688.12	3681.20	3689.84	3687.86	3690.02	3700.14	3698.34	3698.70	3696.14	
3693.54	3696.98	3707.74	3714.14	3702.46	3706.82	3708.12	3707.26	3716.48	3720.16	3723.40	3726.22	3727.16	3727.28	3728.48	3723.70	
3727.32	3728.84	3728.64	3725.80	3726.70	3724.00	3726.58	3731.28	3728.44	3732.90	3734.70	3729.58	3733.56	3730.92	3737.10	3743.12	
3742.90	3749.42	3749.00	3742.06	3745.98	3745.08	3742.96	3733.88	3737.56	3738.66	3724.26	3735.82	3739.26	3739.22	3735.74	3736.60	
3725.36	3710.86	3709.86	3707.42	3707.58	3707.36	3722.52	3740.44	3729.50	3724.98	3718.88	3700.60	3721.82	3737.52	3725.90	3724.32	
3727.06	3721.86	3718.38	3724.12	3715.92	3711.52	3711.16	3705.66	3705.08	3709.66	3717.38	3722.32	3718.00	3719.10	3742.78	3702.56	

*******************************************2025/10/14;20:16:02
Probe number 14
Concentration entered by User 4.88% (Compensated: 5.09% at temperature 23.0)
1068.92	1071.82	1086.74	1096.80	1104.18	1116.44	1129.08	1139.58	1152.40	1166.12	1179.86	1197.34	1214.74	1233.62	1255.08	1277.88	
1299.82	1324.12	1349.28	1375.86	1406.26	1444.58	1480.32	1517.26	1560.96	1604.70	1650.42	1703.54	1762.02	1834.46	1925.44	2025.82	
2154.80	2326.96	2560.56	2897.08	3249.62	3509.54	3676.10	3689.26	3681.92	3691.04	3688.96	3691.34	3701.02	3699.20	3699.12	3696.60	
3693.76	3697.12	3708.54	3715.06	3703.60	3707.64	3708.72	3708.20	3716.94	3720.92	3724.20	3727.14	3727.78	3727.78	3729.50	3724.66	
3728.34	3729.14	3729.46	3726.74	3727.40	3725.38	3727.30	3732.08	3729.46	3733.60	3735.66	3730.66	3734.66	3731.92	3737.88	3744.26	
3743.84	3750.10	3749.96	3743.10	3746.66	3746.04	3743.70	3734.82	3738.74	3739.66	3725.28	3737.06	3740.58	3739.90	3736.70	3737.72	
3726.58	3712.38	3710.94	3708.60	3708.70	3708.22	3723.62	3741.34	3730.60	3726.08	3719.70	3701.66	3722.90	3738.42	3727.16	3725.22	
3727.82	3722.92	3719.68	3724.86	3717.46	3712.32	3712.32	3706.94	3706.22	3710.60	3718.24	3723.32	3719.32	3719.82	3743.52	3704.00	

