*******************************************2025/03/25;00:04:38
Probe number 18
Concentration entered by User 1.60% (Compensated: 1.92% at temperature 24.7)
1262.28	1260.64	1288.34	1302.58	1316.36	1330.90	1349.14	1364.46	1385.36	1400.24	1421.60	1452.70	1472.96	1502.46	1530.44	1568.78	
1599.48	1636.00	1673.32	1715.70	1759.02	1805.58	1852.28	1904.68	1964.06	2021.74	2103.42	2186.18	2279.54	2421.56	2620.10	2841.78	
3156.78	3428.78	3618.62	3691.84	3683.36	3704.04	3693.10	3701.40	3702.40	3701.18	3699.16	3700.46	3707.96	3707.12	3707.34	3707.26	
3705.72	3707.96	3711.76	3720.74	3713.62	3717.60	3713.72	3713.10	3720.70	3722.02	3725.56	3726.46	3725.60	3726.72	3724.36	3723.14	
3729.10	3729.30	3725.54	3721.80	3723.68	3722.78	3724.28	3730.24	3728.86	3732.68	3736.22	3734.14	3736.82	3735.70	3747.24	3738.26	
3745.30	3748.10	3743.58	3740.64	3742.68	3741.70	3739.80	3732.56	3736.90	3739.04	3723.36	3734.50	3734.06	3733.92	3732.80	3733.12	
3726.04	3708.56	3704.96	3707.16	3705.48	3710.54	3727.82	3743.20	3731.32	3728.04	3722.64	3704.46	3727.48	3742.96	3729.28	3728.56	
3731.36	3725.08	3724.26	3731.08	3722.96	3716.12	3713.02	3708.10	3708.32	3712.50	3719.12	3724.24	3720.78	3724.64	3746.44	3707.28	

*******************************************2025/03/25;00:24:38
Probe number 19
Concentration entered by User 1.64% (Compensated: 1.96% at temperature 24.5)
1261.78	1260.04	1288.04	1301.78	1315.16	1330.48	1348.48	1364.44	1385.08	1399.44	1420.20	1451.46	1472.00	1500.84	1530.02	1568.26	
1598.48	1634.96	1671.58	1715.56	1756.90	1804.94	1852.12	1902.94	1957.60	2016.64	2097.02	2189.60	2286.52	2417.12	2613.76	2828.66	
3136.62	3422.78	3614.76	3687.08	3679.32	3700.34	3689.62	3698.58	3699.54	3698.22	3696.06	3697.18	3705.06	3703.76	3704.34	3704.16	
3702.70	3704.96	3709.16	3717.78	3710.74	3714.64	3710.86	3709.98	3717.62	3718.92	3721.88	3722.88	3722.36	3723.36	3721.32	3720.36	
3726.26	3726.40	3722.54	3718.18	3720.42	3719.56	3721.64	3727.40	3726.40	3729.98	3733.26	3731.76	3734.26	3733.40	3745.14	3735.56	
3743.20	3746.32	3740.80	3738.08	3740.18	3739.54	3737.28	3730.00	3734.40	3736.14	3720.40	3731.98	3731.38	3731.14	3730.22	3730.56	
3722.96	3705.98	3702.24	3703.98	3702.96	3707.46	3725.08	3740.44	3728.82	3725.52	3719.84	3701.66	3725.04	3740.48	3726.52	3726.22	
3728.76	3722.32	3721.54	3728.52	3720.24	3713.02	3710.56	3705.20	3705.34	3709.98	3716.06	3721.64	3717.76	3722.22	3743.94	3704.22	

*******************************************2025/03/25;00:44:38
Probe number 20
Concentration entered by User 1.63% (Compensated: 1.93% at temperature 24.4)
1262.52	1261.30	1288.98	1303.58	1317.64	1331.82	1349.86	1365.58	1386.78	1400.96	1422.10	1453.00	1473.58	1502.98	1532.28	1569.82	
1599.62	1639.12	1672.84	1717.72	1760.72	1809.06	1856.44	1901.50	1962.30	2018.96	2099.08	2189.72	2285.28	2425.50	2617.32	2835.44	
3150.76	3420.66	3615.24	3692.38	3684.50	3705.14	3694.28	3702.08	3703.30	3702.64	3700.34	3701.64	3708.60	3707.72	3707.70	3707.56	
3706.48	3708.88	3713.24	3721.66	3714.86	3718.98	3714.84	3713.82	3721.52	3723.46	3726.18	3727.88	3726.50	3727.88	3725.84	3724.98	
3730.56	3730.96	3727.28	3722.58	3724.46	3724.04	3726.06	3731.70	3729.96	3734.12	3737.48	3735.80	3738.58	3737.64	3749.14	3739.80	
3746.78	3750.12	3745.22	3742.34	3744.70	3743.92	3741.56	3734.76	3738.40	3740.38	3724.62	3736.08	3735.56	3735.38	3734.42	3734.96	
3727.54	3710.74	3707.46	3708.88	3708.54	3712.56	3729.68	3744.72	3733.50	3729.54	3724.28	3706.64	3729.50	3744.84	3731.24	3730.90	
3733.46	3726.86	3726.12	3732.86	3724.74	3718.06	3715.48	3710.28	3710.16	3714.22	3721.46	3726.14	3722.36	3726.82	3748.18	3709.40	

*******************************************2025/03/25;01:04:38
Probe number 21
Concentration entered by User 1.65% (Compensated: 1.94% at temperature 24.3)
1261.78	1260.60	1287.82	1301.98	1316.24	1331.00	1349.30	1364.56	1385.10	1399.92	1420.82	1451.64	1473.52	1503.18	1530.66	1567.82	
1598.74	1636.60	1673.02	1717.62	1758.70	1807.90	1851.48	1903.38	1957.90	2017.76	2099.68	2184.68	2280.74	2414.94	2599.80	2839.16	
3143.92	3413.98	3610.20	3689.08	3682.38	3702.46	3691.90	3699.64	3700.56	3699.70	3697.48	3698.22	3705.98	3704.56	3704.82	3704.62	
3703.70	3705.50	3710.52	3719.08	3712.74	3716.12	3712.86	3711.20	3719.06	3720.74	3723.98	3725.72	3724.68	3725.94	3723.64	3722.30	
3728.50	3728.78	3725.30	3720.92	3723.24	3721.68	3723.58	3729.64	3727.88	3732.14	3735.34	3733.56	3736.40	3735.32	3747.46	3737.72	
3744.96	3748.12	3743.44	3740.32	3742.68	3741.98	3739.34	3732.56	3736.60	3738.06	3722.22	3733.82	3733.54	3733.24	3732.12	3732.54	
3725.20	3708.42	3704.54	3706.50	3705.56	3709.82	3727.58	3742.92	3731.00	3727.46	3722.22	3704.00	3727.62	3742.82	3729.14	3728.58	
3730.96	3724.86	3724.04	3730.42	3722.70	3715.68	3713.04	3708.14	3708.02	3712.08	3719.02	3723.82	3720.38	3724.98	3746.06	3707.00	

*******************************************2025/03/25;01:24:38
Probe number 22
Concentration entered by User 1.69% (Compensated: 1.97% at temperature 24.1)
1260.60	1259.56	1286.70	1301.30	1314.64	1329.28	1347.54	1363.68	1383.94	1398.62	1419.08	1450.66	1471.86	1501.02	1527.54	1565.88	
1595.00	1635.52	1670.42	1712.88	1754.78	1803.02	1847.10	1899.94	1956.12	2019.60	2095.36	2178.54	2281.28	2411.80	2610.84	2815.60	
3124.92	3411.66	3605.42	3687.92	3681.98	3702.46	3691.58	3700.04	3700.52	3699.80	3697.20	3698.16	3705.56	3704.68	3704.74	3704.70	
3703.40	3705.66	3709.88	3718.84	3712.08	3715.80	3711.80	3711.02	3718.80	3720.48	3723.24	3724.94	3724.34	3725.16	3722.90	3722.26	
3728.00	3728.48	3724.80	3720.46	3722.74	3721.54	3723.22	3729.24	3727.40	3731.88	3734.88	3733.16	3736.16	3735.04	3747.14	3737.60	
3744.16	3747.62	3742.74	3740.30	3742.54	3741.50	3739.10	3732.00	3735.98	3737.60	3721.98	3733.04	3733.18	3732.64	3731.94	3732.04	
3724.30	3708.02	3703.82	3706.04	3705.54	3709.86	3727.28	3742.76	3731.02	3727.02	3721.90	3703.46	3726.98	3742.58	3728.46	3728.16	
3730.34	3724.48	3723.70	3730.20	3722.18	3715.36	3712.68	3707.82	3707.54	3711.72	3718.44	3723.38	3719.76	3724.06	3745.92	3706.60	

*******************************************2025/03/25;01:44:38
Probe number 23
Concentration entered by User 1.72% (Compensated: 1.99% at temperature 24.0)
1259.34	1258.28	1285.62	1299.90	1313.48	1327.70	1345.92	1360.58	1381.06	1395.86	1416.96	1447.80	1468.90	1498.64	1527.08	1563.42	
1593.20	1630.68	1666.54	1710.14	1752.70	1801.82	1843.60	1893.10	1954.74	2013.10	2089.64	2179.74	2275.96	2399.98	2576.62	2810.88	
3133.08	3396.82	3595.24	3679.58	3675.84	3696.80	3686.32	3694.30	3695.18	3694.48	3692.02	3692.66	3700.48	3699.32	3699.20	3699.00	
3698.28	3700.00	3704.44	3713.60	3706.72	3710.56	3707.18	3705.64	3713.46	3715.00	3718.50	3719.62	3718.68	3720.30	3717.98	3716.90	
3723.24	3723.80	3719.78	3715.24	3717.78	3717.16	3718.16	3724.42	3722.90	3726.56	3729.98	3728.46	3731.42	3730.54	3742.80	3733.08	
3739.54	3743.44	3738.50	3735.54	3737.64	3736.94	3734.28	3727.08	3731.28	3732.78	3716.56	3728.10	3728.14	3727.56	3727.10	3727.30	
3719.58	3702.48	3698.56	3700.32	3700.36	3704.04	3722.08	3738.14	3726.46	3722.06	3716.92	3698.28	3722.08	3738.24	3723.58	3723.02	
3726.00	3719.06	3718.32	3725.36	3717.18	3709.80	3707.26	3702.40	3702.22	3706.66	3712.96	3718.30	3714.62	3719.16	3741.42	3700.66	

*******************************************2025/03/25;02:04:38
Probe number 24
Concentration entered by User 1.74% (Compensated: 2.00% at temperature 23.9)
1260.48	1259.26	1286.36	1300.32	1314.48	1328.62	1347.02	1362.38	1382.34	1397.32	1418.20	1448.86	1470.00	1499.00	1527.80	1565.36	
1595.04	1633.68	1668.26	1710.84	1753.56	1801.54	1849.24	1899.10	1955.14	2016.70	2095.14	2178.14	2276.82	2407.14	2586.58	2807.18	
3114.78	3396.44	3597.92	3685.68	3683.02	3702.62	3691.58	3699.34	3700.90	3699.58	3697.52	3697.90	3705.74	3704.60	3704.58	3704.26	
3702.84	3705.60	3709.68	3718.90	3712.18	3715.98	3711.84	3710.76	3718.74	3720.26	3723.10	3724.46	3723.74	3725.42	3723.30	3721.84	
3728.38	3728.40	3724.58	3720.26	3722.94	3721.88	3723.32	3728.76	3727.24	3731.34	3734.38	3732.78	3735.68	3734.72	3746.80	3737.22	
3744.06	3747.58	3742.60	3739.52	3742.08	3741.30	3738.78	3731.78	3735.84	3737.06	3721.44	3732.72	3732.66	3732.04	3731.66	3731.48	
3723.78	3707.82	3703.84	3705.48	3705.74	3708.94	3726.80	3742.12	3731.02	3726.58	3721.84	3703.18	3726.88	3742.38	3728.62	3728.08	
3730.30	3724.28	3723.42	3730.00	3721.70	3714.90	3712.34	3707.76	3707.78	3711.52	3718.28	3723.40	3719.56	3724.20	3745.80	3706.42	

*******************************************2025/03/25;02:24:38
Probe number 25
Concentration entered by User 1.76% (Compensated: 2.01% at temperature 23.7)
1258.26	1257.10	1284.20	1298.42	1311.54	1326.24	1343.90	1359.10	1380.24	1395.20	1415.44	1445.88	1466.50	1495.96	1525.38	1561.96	
1593.02	1630.26	1665.38	1708.82	1750.08	1796.74	1840.64	1891.48	1952.96	2011.38	2091.54	2174.92	2267.06	2408.38	2574.12	2804.10	
3111.10	3389.54	3598.74	3684.24	3679.68	3700.18	3688.54	3696.72	3697.66	3696.38	3694.62	3694.42	3702.46	3701.22	3701.20	3700.80	
3699.22	3701.42	3705.80	3715.44	3708.62	3712.52	3708.66	3707.34	3715.04	3716.34	3719.70	3721.32	3720.74	3721.96	3719.42	3718.24	
3724.96	3724.88	3721.42	3717.00	3719.76	3718.80	3719.86	3725.50	3724.20	3728.04	3731.38	3729.76	3733.00	3731.56	3743.86	3734.42	
3741.22	3744.82	3739.98	3736.62	3738.78	3738.44	3735.72	3728.66	3732.60	3734.34	3717.76	3729.24	3729.68	3728.78	3728.50	3728.82	
3720.80	3704.12	3700.30	3701.88	3702.06	3705.82	3723.60	3739.50	3727.96	3723.62	3718.84	3699.90	3724.02	3739.20	3725.38	3725.20	
3727.16	3721.04	3720.06	3726.66	3718.56	3711.28	3709.46	3703.92	3704.32	3707.96	3714.94	3720.28	3716.52	3720.80	3742.94	3703.04	

*******************************************2025/03/25;02:44:38
Probe number 26
Concentration entered by User 1.75% (Compensated: 2.00% at temperature 23.6)
1257.50	1256.04	1283.58	1297.42	1311.50	1325.62	1344.22	1358.92	1378.68	1394.10	1415.08	1444.26	1465.84	1495.40	1523.38	1561.12	
1590.98	1629.58	1664.00	1706.48	1751.00	1799.56	1839.88	1891.48	1952.46	2013.80	2088.58	2171.04	2266.66	2401.80	2574.80	2794.14	
3112.92	3398.32	3590.42	3679.58	3679.16	3699.90	3687.66	3696.06	3697.08	3696.02	3694.10	3694.28	3702.34	3701.02	3701.10	3700.66	
3699.94	3701.68	3706.20	3715.26	3708.74	3712.20	3708.40	3707.20	3714.72	3716.82	3719.84	3721.22	3720.54	3722.10	3719.16	3718.22	
3724.84	3724.68	3721.06	3716.88	3719.78	3718.52	3719.62	3725.68	3724.06	3727.92	3731.02	3729.22	3732.96	3731.70	3743.86	3734.08	
3740.76	3744.64	3739.72	3736.46	3738.88	3738.52	3735.42	3728.24	3732.36	3733.92	3717.80	3729.22	3729.80	3728.86	3728.66	3728.48	
3720.52	3704.20	3700.02	3701.86	3702.04	3705.68	3723.28	3739.44	3727.80	3723.58	3718.80	3699.68	3723.76	3739.20	3725.20	3724.60	
3727.08	3720.82	3720.16	3726.64	3718.20	3711.48	3708.78	3704.36	3704.12	3707.76	3714.38	3719.78	3716.54	3720.54	3742.88	3703.36	

*******************************************2025/03/25;03:04:38
Probe number 27
Concentration entered by User 1.80% (Compensated: 2.04% at temperature 23.5)
1257.68	1256.26	1282.94	1297.06	1310.70	1325.50	1343.38	1358.52	1379.00	1393.98	1414.40	1444.56	1465.62	1494.20	1522.44	1559.00	
1589.06	1627.42	1663.94	1707.52	1746.00	1794.74	1837.46	1888.08	1947.64	2010.48	2088.22	2167.88	2264.34	2391.76	2580.26	2800.98	
3099.44	3383.00	3579.30	3676.26	3674.14	3695.42	3683.46	3691.66	3693.24	3692.44	3690.44	3690.72	3699.30	3697.94	3697.82	3697.70	
3696.02	3698.42	3703.62	3712.60	3705.88	3709.76	3705.96	3704.38	3712.08	3713.58	3716.92	3718.06	3717.34	3719.26	3716.38	3714.98	
3721.64	3722.40	3719.00	3714.42	3716.68	3716.06	3717.56	3723.38	3721.68	3725.48	3729.04	3727.38	3730.68	3729.38	3741.94	3732.08	
3738.24	3742.44	3737.60	3734.36	3736.42	3735.78	3733.36	3726.04	3729.86	3731.52	3715.32	3726.82	3727.08	3726.26	3725.66	3726.20	
3717.66	3701.22	3697.16	3698.90	3699.60	3702.94	3721.22	3737.20	3725.36	3721.08	3716.06	3697.10	3721.56	3737.02	3723.06	3722.68	
3724.46	3718.70	3717.36	3724.42	3716.08	3708.74	3706.10	3701.24	3701.20	3705.62	3712.28	3717.18	3713.68	3718.06	3740.44	3700.38	

*******************************************2025/03/25;03:24:38
Probe number 28
Concentration entered by User 1.84% (Compensated: 2.07% at temperature 23.4)
1256.38	1254.92	1281.46	1295.60	1309.70	1324.54	1341.98	1357.50	1377.10	1391.20	1411.52	1442.00	1463.60	1492.50	1520.84	1558.06	
1587.88	1625.82	1661.88	1701.86	1745.04	1794.28	1837.28	1886.84	1946.46	2008.54	2081.96	2167.80	2258.54	2392.22	2581.12	2794.62	
3093.38	3369.06	3574.62	3673.62	3671.92	3693.92	3681.68	3690.48	3692.88	3691.88	3690.12	3690.24	3698.40	3697.40	3697.00	3696.78	
3695.54	3697.84	3702.98	3712.26	3705.14	3709.02	3705.50	3703.44	3711.28	3712.88	3716.18	3717.48	3716.58	3718.58	3715.84	3714.74	
3721.20	3721.54	3717.98	3713.10	3716.12	3715.32	3716.64	3722.56	3720.36	3724.40	3727.92	3726.24	3729.70	3728.30	3741.36	3731.54	
3737.70	3741.74	3737.14	3733.62	3735.92	3735.24	3732.50	3725.04	3728.98	3730.82	3714.68	3725.78	3726.42	3725.32	3725.02	3725.52	
3716.92	3700.72	3696.50	3697.94	3698.60	3701.64	3719.86	3736.06	3724.82	3720.44	3715.30	3696.66	3720.92	3736.34	3722.26	3721.92	
3723.80	3717.78	3716.80	3723.74	3715.14	3707.64	3705.52	3700.34	3700.24	3704.32	3711.24	3716.46	3712.82	3717.40	3739.82	3699.80	

*******************************************2025/03/25;03:44:38
Probe number 29
Concentration entered by User 1.80% (Compensated: 2.02% at temperature 23.3)
1257.84	1256.74	1283.42	1297.58	1311.56	1325.66	1343.60	1358.74	1379.86	1394.22	1414.52	1444.78	1465.36	1495.94	1522.70	1559.56	
1590.16	1630.08	1664.04	1706.30	1748.58	1796.36	1838.56	1895.70	1954.40	2012.62	2090.44	2173.86	2277.50	2397.30	2580.10	2796.48	
3104.64	3378.92	3579.80	3682.64	3683.56	3703.64	3691.90	3701.00	3702.92	3702.00	3699.86	3700.10	3708.30	3707.66	3706.92	3706.46	
3705.18	3707.54	3712.04	3721.44	3714.94	3718.10	3714.42	3712.68	3720.40	3722.04	3724.80	3726.14	3725.02	3727.28	3724.48	3723.26	
3729.82	3730.46	3726.70	3722.04	3724.88	3724.26	3725.82	3731.18	3729.40	3732.66	3736.02	3734.72	3738.18	3736.78	3748.64	3739.42	
3745.32	3749.36	3744.90	3741.88	3743.60	3743.30	3741.00	3733.90	3737.64	3738.64	3723.26	3734.08	3734.52	3733.66	3733.24	3733.50	
3725.48	3710.02	3706.02	3707.44	3708.30	3711.42	3728.68	3744.30	3733.68	3729.12	3724.22	3705.84	3729.48	3744.30	3730.82	3730.34	
3732.46	3726.72	3725.74	3731.80	3723.98	3716.88	3714.68	3709.88	3709.70	3713.96	3720.28	3725.34	3721.80	3726.18	3747.88	3709.00	

*******************************************2025/03/25;04:00:03
Probe number 30
Concentration entered by User 1.82% (Compensated: 2.03% at temperature 23.2)
1257.30	1255.92	1283.36	1296.80	1310.48	1325.12	1343.34	1359.06	1379.26	1392.66	1413.84	1444.26	1464.86	1494.38	1523.86	1559.78	
1590.42	1628.92	1665.40	1705.40	1748.46	1798.40	1843.18	1894.76	1951.30	2010.56	2092.18	2176.44	2270.48	2404.76	2577.78	2797.80	
3089.38	3376.56	3585.10	3684.30	3684.80	3704.94	3693.76	3702.56	3704.44	3704.06	3702.26	3701.88	3709.44	3708.90	3708.48	3708.02	
3707.00	3709.10	3713.60	3722.64	3715.94	3719.64	3716.06	3714.40	3721.74	3723.26	3726.20	3727.50	3726.62	3728.48	3725.60	3724.84	
3731.48	3731.84	3727.88	3723.62	3726.24	3725.86	3726.76	3732.62	3730.72	3734.00	3737.32	3735.56	3739.26	3738.20	3750.26	3740.86	
3746.60	3750.52	3746.14	3743.22	3745.00	3744.62	3742.24	3734.64	3738.68	3739.76	3724.54	3735.14	3735.64	3734.62	3734.46	3735.32	
3726.76	3711.16	3707.28	3708.44	3709.54	3712.92	3730.26	3745.62	3734.66	3730.34	3725.68	3707.64	3730.64	3745.46	3732.36	3731.72	
3733.46	3728.10	3727.22	3733.70	3725.58	3718.68	3716.30	3711.46	3711.10	3715.08	3721.80	3726.56	3723.38	3727.20	3749.06	3710.70	

*******************************************2025/03/25;04:04:38
Probe number 31
Concentration entered by User 1.81% (Compensated: 2.03% at temperature 23.1)
1257.08	1255.82	1282.66	1296.92	1310.34	1325.56	1343.20	1358.28	1378.96	1393.84	1414.62	1444.34	1466.08	1495.14	1523.78	1559.44	
1590.42	1628.98	1663.00	1705.84	1748.12	1797.76	1842.40	1889.46	1954.28	2010.14	2090.86	2172.26	2267.94	2402.92	2585.10	2799.00	
3096.10	3375.52	3581.44	3685.16	3686.76	3706.64	3695.08	3704.12	3706.12	3704.86	3703.40	3703.28	3710.90	3710.10	3710.12	3709.08	
3708.10	3710.10	3714.64	3723.60	3717.34	3720.56	3717.04	3715.54	3722.60	3724.42	3727.06	3728.68	3727.34	3729.38	3726.82	3725.18	
3731.90	3732.60	3728.56	3724.46	3727.00	3726.72	3728.04	3733.26	3731.42	3735.02	3738.20	3736.72	3740.10	3738.62	3750.94	3741.66	
3747.52	3751.36	3746.68	3743.94	3745.94	3745.26	3743.06	3735.34	3739.20	3740.62	3725.24	3735.50	3736.32	3735.56	3735.00	3735.56	
3727.20	3711.92	3708.16	3709.24	3710.58	3713.72	3730.98	3746.12	3735.44	3731.04	3726.72	3708.74	3731.70	3746.06	3733.00	3732.30	
3734.66	3729.04	3728.00	3734.14	3726.42	3719.18	3717.10	3712.34	3712.22	3716.08	3722.54	3727.44	3724.24	3728.16	3749.34	3711.22	

*******************************************2025/03/25;04:24:38
Probe number 32
Concentration entered by User 1.85% (Compensated: 2.06% at temperature 23.0)
1255.12	1253.78	1281.04	1294.48	1308.60	1323.08	1340.56	1355.78	1375.90	1389.94	1411.32	1441.48	1461.82	1490.78	1519.00	1555.44	
1586.06	1624.26	1657.50	1700.08	1741.44	1791.42	1836.68	1882.78	1945.92	2006.44	2084.30	2167.34	2262.00	2390.66	2572.46	2793.90	
3088.08	3363.00	3578.62	3675.60	3676.98	3696.54	3685.28	3694.78	3697.24	3695.86	3693.76	3693.78	3702.00	3701.22	3700.94	3700.56	
3699.66	3701.38	3705.92	3715.30	3708.72	3712.64	3708.50	3706.74	3714.10	3715.70	3718.74	3720.46	3719.24	3721.40	3718.34	3717.26	
3724.16	3724.80	3720.66	3716.44	3719.20	3718.66	3719.74	3725.64	3723.96	3727.32	3730.64	3729.40	3732.40	3731.26	3744.04	3734.10	
3740.30	3743.78	3739.56	3736.74	3738.38	3737.86	3735.56	3727.38	3731.76	3732.54	3717.34	3727.68	3728.74	3727.88	3727.32	3727.98	
3719.22	3703.10	3699.90	3700.74	3702.26	3704.80	3722.90	3739.02	3727.68	3723.24	3718.36	3699.64	3723.48	3739.10	3725.58	3724.60	
3726.76	3720.84	3720.26	3726.28	3718.38	3711.08	3708.36	3703.68	3703.72	3707.28	3714.26	3719.24	3716.12	3720.12	3742.34	3702.56	

*******************************************2025/03/25;04:44:38
Probe number 33
Concentration entered by User 1.84% (Compensated: 2.04% at temperature 22.9)
1254.90	1253.62	1280.58	1294.50	1308.04	1322.78	1340.70	1355.76	1375.92	1390.50	1410.22	1440.96	1462.22	1491.54	1519.14	1555.14	
1585.60	1623.98	1660.44	1701.16	1742.74	1793.12	1837.74	1887.54	1947.60	2006.36	2083.34	2176.48	2263.52	2396.22	2559.14	2785.02	
3087.86	3370.64	3579.20	3679.86	3681.68	3702.08	3690.46	3699.40	3701.04	3700.24	3698.94	3698.36	3706.34	3705.56	3705.30	3704.88	
3703.62	3705.84	3710.60	3720.16	3712.88	3716.96	3712.90	3711.36	3718.72	3720.52	3723.62	3724.76	3724.10	3725.84	3722.84	3721.94	
3728.10	3728.88	3725.18	3720.72	3723.84	3723.08	3724.54	3730.18	3728.20	3731.54	3734.84	3733.20	3736.80	3735.30	3747.74	3738.26	
3744.16	3747.88	3743.50	3740.58	3742.24	3741.98	3739.58	3731.34	3735.74	3736.90	3721.40	3731.50	3732.70	3731.52	3731.42	3732.14	
3723.42	3707.88	3704.38	3705.28	3706.60	3709.94	3727.24	3742.58	3731.84	3727.56	3722.94	3704.56	3728.06	3743.04	3729.92	3728.80	
3730.68	3725.34	3724.34	3730.70	3722.80	3715.50	3713.10	3708.46	3707.98	3712.40	3718.64	3723.62	3720.54	3724.40	3746.28	3707.66	

*******************************************2025/03/25;05:04:38
Probe number 34
Concentration entered by User 1.83% (Compensated: 2.02% at temperature 22.8)
1255.78	1254.54	1281.92	1295.12	1308.86	1323.02	1341.18	1356.16	1376.86	1391.30	1411.44	1441.06	1462.14	1491.80	1520.24	1556.92	
1586.46	1624.56	1658.88	1702.24	1745.60	1793.82	1837.76	1889.38	1948.74	2008.92	2086.22	2172.30	2264.04	2392.22	2572.48	2800.22	
3081.64	3377.38	3578.32	3685.56	3686.22	3706.00	3694.30	3703.48	3705.90	3704.92	3702.72	3702.58	3710.40	3709.80	3709.34	3709.00	
3707.64	3710.34	3714.36	3723.76	3716.54	3720.36	3716.36	3714.80	3722.04	3723.62	3726.88	3728.52	3727.50	3728.82	3726.42	3725.30	
3731.76	3732.40	3728.66	3724.54	3727.42	3726.68	3728.12	3733.46	3731.44	3734.94	3738.26	3736.60	3740.38	3739.08	3750.84	3742.04	
3747.50	3751.20	3746.82	3744.14	3745.66	3745.28	3742.66	3734.78	3739.10	3739.80	3724.68	3735.10	3736.08	3735.04	3734.56	3735.20	
3726.94	3711.76	3707.92	3708.84	3710.32	3713.80	3730.92	3746.26	3735.32	3730.84	3726.40	3708.60	3731.70	3746.00	3733.58	3732.24	
3734.42	3728.88	3727.90	3734.44	3726.50	3719.36	3716.80	3712.52	3711.84	3715.68	3722.08	3727.56	3724.28	3727.94	3749.42	3711.20	

*******************************************2025/03/25;05:24:38
Probe number 35
Concentration entered by User 1.83% (Compensated: 2.01% at temperature 22.7)
1253.78	1252.72	1279.24	1292.94	1306.08	1320.86	1339.60	1354.36	1374.22	1388.54	1409.12	1439.10	1460.20	1489.60	1517.84	1555.04	
1585.24	1622.68	1656.68	1699.90	1744.96	1790.84	1836.94	1883.98	1946.28	2003.38	2085.30	2165.28	2266.04	2387.36	2560.68	2789.74	
3091.10	3376.78	3571.72	3685.04	3687.80	3705.88	3695.16	3703.58	3705.94	3704.58	3702.94	3702.52	3710.44	3709.32	3709.36	3708.68	
3707.52	3709.24	3714.10	3723.00	3716.16	3719.72	3715.94	3714.38	3721.64	3723.08	3726.00	3727.82	3726.94	3727.82	3725.84	3724.30	
3731.24	3731.44	3727.72	3723.52	3726.74	3725.92	3727.58	3732.62	3731.20	3734.34	3737.54	3736.06	3739.68	3738.16	3750.36	3741.48	
3747.30	3750.68	3746.22	3743.50	3745.04	3744.94	3742.40	3734.50	3738.52	3739.18	3724.06	3734.42	3735.32	3734.50	3733.92	3734.96	
3726.20	3710.88	3707.18	3708.56	3709.76	3713.42	3730.42	3745.54	3734.84	3730.80	3726.10	3707.82	3731.28	3745.88	3733.12	3731.52	
3733.76	3728.28	3727.46	3733.94	3725.84	3718.62	3716.68	3711.88	3710.98	3715.36	3721.92	3726.92	3723.68	3727.76	3749.16	3710.98	

*******************************************2025/03/25;05:44:38
Probe number 36
Concentration entered by User 1.85% (Compensated: 2.03% at temperature 22.6)
1252.04	1251.10	1277.22	1291.58	1304.76	1318.88	1336.82	1352.14	1371.82	1385.92	1406.44	1436.68	1458.10	1485.80	1514.58	1551.76	
1582.52	1617.66	1653.58	1695.02	1740.22	1786.78	1835.32	1881.16	1939.76	1999.78	2079.20	2161.70	2247.82	2397.42	2573.88	2782.38	
3081.22	3370.40	3578.24	3685.54	3685.80	3706.00	3694.72	3703.26	3705.26	3704.30	3702.22	3701.60	3709.62	3708.70	3708.42	3708.10	
3706.12	3708.16	3713.22	3722.46	3715.46	3718.98	3715.24	3713.70	3720.40	3722.04	3725.28	3726.94	3725.80	3727.76	3724.90	3723.32	
3730.48	3730.48	3727.22	3722.54	3725.66	3725.12	3726.82	3731.84	3730.00	3733.50	3736.80	3734.92	3738.92	3737.08	3749.66	3740.28	
3746.18	3749.80	3745.26	3742.66	3744.20	3743.96	3741.56	3733.56	3737.66	3738.18	3723.16	3733.42	3734.14	3733.66	3732.98	3733.70	
3725.08	3709.98	3706.68	3707.44	3708.94	3712.68	3729.54	3744.94	3734.22	3729.68	3725.22	3707.04	3730.04	3745.00	3732.40	3730.66	
3733.08	3727.72	3726.54	3732.98	3725.42	3717.82	3715.48	3710.64	3710.02	3714.16	3720.66	3726.18	3722.68	3726.58	3748.76	3709.90	

*******************************************2025/03/25;06:04:38
Probe number 37
Concentration entered by User 1.88% (Compensated: 2.05% at temperature 22.5)
1251.68	1250.60	1276.76	1290.90	1304.56	1318.52	1335.74	1351.00	1370.64	1384.80	1405.42	1435.06	1455.84	1484.92	1512.96	1549.52	
1579.18	1617.06	1651.80	1694.16	1735.12	1782.84	1831.46	1877.02	1938.18	1993.00	2072.92	2165.70	2254.84	2382.44	2566.14	2777.40	
3081.68	3368.02	3558.90	3677.80	3682.72	3701.34	3689.84	3699.02	3701.24	3700.42	3698.06	3697.44	3705.50	3704.84	3704.38	3704.14	
3702.28	3704.88	3709.46	3718.62	3711.36	3715.12	3711.34	3709.54	3716.58	3718.20	3721.36	3723.66	3722.34	3724.32	3721.10	3720.04	
3726.92	3727.64	3723.40	3719.42	3722.22	3721.64	3723.24	3728.62	3726.38	3730.12	3733.56	3731.76	3735.60	3733.70	3745.98	3737.34	
3742.88	3746.42	3742.32	3739.30	3740.86	3740.64	3738.40	3730.04	3733.94	3734.58	3719.00	3729.86	3730.78	3730.28	3729.60	3730.20	
3721.34	3706.00	3702.32	3703.42	3705.30	3708.38	3725.82	3741.98	3730.64	3726.24	3721.62	3702.72	3726.48	3741.66	3728.64	3726.96	
3729.68	3724.02	3723.08	3729.46	3721.38	3713.98	3711.42	3706.90	3706.50	3710.34	3717.14	3722.38	3719.18	3722.82	3745.26	3705.76	

*******************************************2025/03/25;06:24:38
Probe number 38
Concentration entered by User 1.86% (Compensated: 2.02% at temperature 22.4)
1252.68	1251.40	1277.48	1290.96	1304.80	1318.96	1336.56	1351.66	1371.62	1386.26	1406.76	1435.90	1457.20	1486.76	1514.58	1550.20	
1581.08	1618.14	1652.36	1696.02	1739.16	1788.66	1830.28	1880.82	1939.78	1996.62	2078.84	2164.76	2251.96	2386.26	2573.62	2787.16	
3083.72	3364.56	3575.12	3683.60	3686.60	3705.50	3694.58	3703.38	3705.80	3705.26	3703.28	3702.70	3710.26	3710.14	3709.52	3709.10	
3707.32	3709.32	3714.56	3723.38	3716.50	3719.72	3716.32	3714.34	3721.80	3723.66	3726.58	3728.18	3727.40	3728.82	3726.36	3724.80	
3731.58	3732.34	3728.16	3724.12	3727.28	3726.50	3727.94	3733.34	3731.16	3734.60	3737.76	3736.54	3740.16	3738.40	3750.20	3741.84	
3747.24	3751.14	3746.66	3743.72	3745.56	3745.08	3742.78	3734.64	3738.80	3739.22	3723.98	3734.32	3735.62	3734.58	3733.94	3734.96	
3726.06	3711.42	3707.34	3708.60	3709.86	3714.24	3730.86	3746.24	3735.48	3731.46	3726.70	3708.36	3731.44	3746.20	3733.86	3731.96	
3734.40	3729.02	3728.12	3734.50	3726.38	3719.54	3716.84	3712.20	3711.86	3715.88	3722.40	3727.42	3724.18	3727.88	3749.70	3711.34	

*******************************************2025/03/25;06:44:38
Probe number 39
Concentration entered by User 1.87% (Compensated: 2.09% at temperature 23.2)
1251.46	1249.90	1276.24	1290.68	1304.28	1318.04	1336.16	1350.84	1370.38	1384.58	1405.36	1436.12	1456.68	1485.86	1512.90	1549.38	
1578.22	1617.20	1651.36	1693.02	1733.96	1784.22	1829.02	1878.92	1932.78	1994.14	2079.66	2159.10	2243.32	2389.00	2568.98	2793.12	
3096.12	3353.24	3567.96	3672.84	3671.34	3693.56	3681.94	3691.64	3694.02	3693.68	3691.78	3691.46	3699.42	3699.10	3699.30	3699.02	
3697.94	3699.84	3704.92	3714.34	3707.04	3710.88	3706.84	3705.56	3713.08	3714.80	3717.64	3719.18	3718.24	3719.80	3717.04	3716.10	
3723.46	3723.70	3720.14	3715.78	3718.30	3717.96	3719.18	3724.98	3722.98	3726.60	3729.62	3728.34	3732.10	3730.38	3743.08	3733.60	
3739.86	3744.04	3739.24	3736.34	3738.04	3738.02	3735.54	3727.34	3730.74	3731.40	3715.58	3726.28	3727.48	3726.86	3726.46	3726.46	
3717.52	3702.06	3698.10	3699.80	3701.80	3705.82	3723.16	3738.90	3727.66	3723.42	3718.42	3700.10	3723.68	3739.36	3725.66	3724.46	
3726.60	3720.60	3720.00	3726.78	3718.02	3711.06	3708.44	3703.76	3703.50	3707.44	3713.80	3719.22	3715.80	3720.12	3742.26	3702.64	

*******************************************2025/03/25;07:00:03
Probe number 40
Concentration entered by User 1.86% (Compensated: 2.09% at temperature 23.4)
1251.70	1250.28	1276.18	1290.60	1303.86	1318.02	1335.88	1350.76	1370.94	1384.74	1404.84	1435.64	1456.18	1485.86	1513.34	1549.88	
1580.56	1617.36	1649.46	1692.46	1734.74	1783.72	1829.34	1876.94	1938.68	1996.60	2079.08	2164.90	2257.46	2392.98	2572.38	2790.56	
3081.46	3368.38	3574.46	3674.10	3671.00	3693.10	3682.12	3692.04	3694.88	3694.06	3692.44	3692.44	3700.50	3699.88	3700.12	3700.12	
3698.70	3700.60	3705.76	3715.28	3708.14	3712.18	3708.16	3706.50	3714.38	3715.96	3719.18	3720.68	3719.26	3720.88	3718.42	3717.62	
3724.28	3725.36	3721.06	3716.66	3719.94	3719.14	3720.50	3726.10	3723.90	3727.74	3730.88	3729.52	3733.10	3732.10	3744.44	3735.12	
3741.42	3744.72	3740.62	3737.24	3739.60	3739.54	3736.44	3728.34	3731.90	3732.74	3716.66	3727.50	3728.48	3727.96	3727.90	3727.76	
3718.62	3703.40	3699.80	3701.24	3703.70	3707.02	3724.44	3740.16	3728.96	3724.82	3719.98	3701.34	3725.04	3740.52	3726.80	3726.16	
3728.14	3721.80	3721.12	3727.90	3719.42	3712.26	3710.18	3705.12	3704.84	3708.96	3715.30	3720.42	3716.90	3720.96	3743.74	3704.18	

*******************************************2025/03/25;07:04:38
Probe number 41
Concentration entered by User 1.85% (Compensated: 2.09% at temperature 23.5)
1251.72	1250.08	1276.78	1290.86	1304.10	1317.84	1336.24	1350.92	1370.94	1385.72	1404.96	1435.86	1457.72	1486.20	1513.42	1550.32	
1580.04	1616.74	1650.34	1693.84	1737.14	1786.06	1829.84	1877.58	1941.00	2000.76	2075.70	2164.20	2253.58	2387.08	2572.86	2790.50	
3095.06	3364.40	3568.86	3675.92	3672.54	3696.00	3684.80	3694.06	3696.42	3696.48	3694.24	3694.36	3702.28	3701.66	3701.88	3701.80	
3700.80	3702.78	3707.08	3716.56	3709.86	3713.98	3709.90	3708.46	3716.10	3717.44	3720.32	3721.88	3721.14	3722.40	3719.98	3719.00	
3726.16	3726.82	3722.78	3718.30	3721.26	3720.84	3721.98	3727.80	3725.44	3729.08	3732.48	3731.06	3734.62	3733.50	3745.82	3736.38	
3742.54	3746.18	3742.32	3739.00	3741.14	3740.58	3738.12	3730.08	3733.42	3734.20	3718.12	3729.18	3730.04	3729.38	3729.50	3729.34	
3720.10	3705.48	3701.58	3702.72	3704.78	3708.82	3726.54	3741.76	3730.58	3726.78	3721.44	3703.32	3726.68	3742.04	3728.58	3727.84	
3729.40	3723.78	3723.34	3729.72	3721.18	3714.26	3711.48	3706.74	3706.64	3710.68	3717.06	3722.38	3718.84	3723.12	3745.14	3706.02	

*******************************************2025/03/25;07:24:38
Probe number 42
Concentration entered by User 1.85% (Compensated: 2.10% at temperature 23.7)
1250.44	1249.42	1275.60	1289.76	1303.04	1317.04	1334.76	1350.18	1370.36	1383.90	1403.60	1434.20	1454.84	1485.12	1511.94	1548.32	
1578.08	1616.82	1648.58	1691.14	1734.12	1780.86	1827.54	1879.14	1937.56	1999.64	2076.20	2160.98	2256.32	2384.04	2554.62	2784.98	
3095.58	3362.54	3577.78	3673.62	3671.52	3694.82	3684.12	3693.06	3694.96	3695.16	3693.20	3693.80	3701.14	3700.94	3701.10	3701.36	
3699.64	3701.56	3706.68	3715.50	3708.90	3712.90	3709.14	3707.48	3715.60	3716.80	3719.84	3721.32	3720.54	3722.04	3719.34	3718.30	
3725.48	3725.86	3722.12	3717.76	3720.64	3720.14	3721.18	3726.66	3724.66	3728.32	3731.58	3730.80	3733.88	3732.74	3745.16	3735.34	
3741.76	3745.42	3741.62	3738.20	3740.46	3740.40	3737.56	3729.30	3732.64	3733.50	3717.38	3728.18	3729.22	3728.76	3728.62	3728.62	
3719.24	3704.48	3700.24	3702.42	3704.30	3708.16	3725.92	3740.92	3730.16	3726.08	3720.76	3702.36	3726.08	3741.46	3727.78	3727.20	
3728.90	3722.38	3722.40	3728.88	3720.62	3713.28	3710.70	3706.30	3706.08	3710.22	3716.46	3721.74	3717.82	3722.50	3744.48	3705.48	

*******************************************2025/03/25;07:44:38
Probe number 43
Concentration entered by User 1.83% (Compensated: 2.10% at temperature 23.9)
1250.76	1250.06	1276.28	1289.78	1303.36	1317.58	1335.16	1350.24	1369.82	1384.48	1404.56	1434.66	1455.92	1484.72	1513.40	1549.70	
1580.08	1617.60	1651.42	1692.58	1737.24	1784.94	1829.56	1879.34	1937.22	1999.06	2077.32	2162.40	2246.98	2392.20	2563.46	2785.58	
3091.80	3374.30	3577.00	3676.88	3676.88	3699.24	3688.46	3698.02	3700.40	3699.96	3698.04	3697.62	3705.52	3705.40	3705.72	3705.64	
3704.74	3706.46	3711.02	3720.22	3713.38	3717.36	3714.06	3712.08	3719.92	3721.94	3724.44	3725.98	3725.00	3726.56	3724.14	3723.22	
3730.18	3730.56	3727.14	3722.50	3725.32	3724.58	3725.74	3731.18	3729.22	3732.64	3735.90	3734.64	3738.12	3736.86	3749.02	3739.82	
3746.04	3749.68	3745.56	3742.46	3744.80	3744.56	3741.62	3733.88	3737.02	3737.46	3722.40	3732.64	3733.74	3733.14	3732.96	3732.96	
3724.08	3709.60	3705.80	3707.36	3709.54	3713.28	3730.68	3745.18	3734.70	3730.80	3725.14	3707.66	3730.82	3745.70	3731.98	3731.96	
3733.70	3727.38	3727.62	3733.38	3725.44	3718.56	3715.96	3711.52	3711.36	3715.08	3721.38	3726.24	3723.08	3727.12	3748.56	3710.64	

*******************************************2025/03/25;08:04:38
Probe number 44
Concentration entered by User 1.80% (Compensated: 2.09% at temperature 24.2)
1252.14	1250.78	1277.00	1291.70	1305.24	1318.50	1336.54	1351.60	1371.84	1385.22	1405.50	1436.50	1456.80	1485.84	1513.92	1550.56	
1579.52	1618.64	1652.86	1696.32	1736.78	1784.76	1827.02	1880.48	1935.84	2003.72	2078.66	2160.78	2260.38	2387.74	2569.54	2793.60	
3098.90	3384.60	3578.60	3680.08	3677.36	3700.20	3689.74	3699.24	3701.36	3701.36	3699.74	3700.12	3707.68	3707.22	3707.68	3707.76	
3706.88	3709.16	3713.28	3722.46	3715.42	3719.54	3715.62	3715.06	3722.70	3723.96	3726.72	3728.02	3726.94	3729.04	3726.44	3725.42	
3732.68	3732.74	3729.32	3724.78	3727.74	3727.02	3727.80	3733.22	3731.22	3734.98	3738.36	3736.76	3740.10	3739.46	3751.08	3742.02	
3748.34	3752.14	3747.74	3744.90	3747.06	3747.04	3743.66	3736.22	3739.06	3739.64	3723.98	3734.96	3735.68	3735.38	3735.24	3734.90	
3726.20	3712.40	3708.00	3710.28	3712.62	3716.34	3733.46	3747.50	3736.98	3733.24	3728.08	3710.28	3733.38	3748.10	3734.46	3734.36	
3736.00	3729.96	3729.66	3735.78	3727.88	3721.34	3718.60	3713.98	3714.16	3717.78	3724.06	3729.10	3725.30	3729.86	3751.06	3712.86	

*******************************************2025/03/25;08:24:38
Probe number 45
Concentration entered by User 1.88% (Compensated: 2.18% at temperature 24.3)
1250.82	1249.72	1276.12	1289.88	1303.80	1318.02	1336.38	1350.76	1369.84	1384.16	1403.96	1434.48	1456.56	1485.30	1512.48	1550.72	
1579.22	1616.66	1650.24	1691.96	1736.24	1783.62	1827.48	1877.14	1938.56	1997.28	2078.82	2158.18	2247.32	2393.92	2582.10	2794.18	
3077.40	3355.46	3575.86	3676.30	3673.68	3696.10	3686.54	3696.44	3698.96	3698.22	3697.06	3697.02	3704.64	3704.78	3705.56	3705.78	
3704.82	3706.38	3711.30	3720.38	3713.44	3716.82	3713.50	3712.46	3720.44	3722.12	3724.70	3726.14	3724.92	3726.70	3724.32	3723.16	
3730.48	3730.86	3727.24	3722.46	3725.28	3724.38	3725.72	3731.02	3729.08	3732.66	3736.10	3735.00	3738.28	3737.62	3749.38	3740.22	
3746.50	3750.10	3745.80	3742.64	3745.18	3745.06	3742.14	3733.86	3737.22	3737.72	3722.08	3733.30	3733.70	3733.16	3733.18	3732.78	
3724.08	3709.68	3705.80	3707.96	3710.22	3713.98	3730.96	3745.34	3734.78	3731.36	3726.12	3708.52	3731.56	3746.02	3732.28	3732.48	
3734.28	3728.06	3727.74	3734.06	3725.90	3719.18	3716.78	3712.10	3711.96	3716.04	3722.02	3727.24	3723.10	3727.56	3749.26	3710.92	

*******************************************2025/03/25;08:44:38
Probe number 46
Concentration entered by User 1.84% (Compensated: 2.15% at temperature 24.5)
1251.02	1249.50	1276.10	1289.92	1303.66	1317.70	1335.68	1350.62	1370.14	1384.32	1404.86	1434.94	1455.96	1484.66	1513.18	1549.44	
1579.34	1617.52	1651.12	1693.66	1736.02	1781.80	1826.18	1877.68	1936.96	1997.96	2074.04	2152.72	2251.78	2393.22	2557.18	2777.96	
3083.90	3372.94	3584.38	3677.76	3672.34	3696.70	3687.04	3696.82	3699.00	3698.82	3697.12	3697.52	3705.50	3704.88	3706.12	3706.30	
3705.76	3707.86	3712.04	3721.26	3713.84	3717.68	3714.58	3713.18	3721.82	3722.88	3725.78	3727.24	3725.92	3727.74	3725.10	3724.22	
3731.52	3731.76	3728.00	3723.44	3726.38	3725.24	3726.56	3731.96	3729.98	3733.98	3737.06	3735.70	3739.14	3738.10	3750.10	3740.96	
3747.60	3750.94	3746.98	3743.98	3746.50	3746.04	3743.12	3735.12	3737.96	3738.76	3723.34	3733.86	3734.54	3734.38	3734.04	3733.46	
3725.12	3710.96	3706.96	3709.34	3711.06	3715.36	3732.16	3746.58	3736.16	3732.40	3727.04	3709.62	3732.66	3747.06	3733.52	3733.14	
3735.20	3729.36	3728.82	3735.04	3727.22	3720.30	3717.88	3713.14	3713.60	3717.10	3723.18	3728.64	3724.38	3728.86	3749.98	3711.94	

*******************************************2025/03/25;09:04:38
Probe number 47
Concentration entered by User 1.86% (Compensated: 2.19% at temperature 24.7)
1251.48	1249.94	1276.46	1290.18	1303.66	1318.12	1335.72	1350.74	1370.12	1384.48	1404.78	1434.62	1455.82	1484.62	1512.96	1549.42	
1579.64	1618.60	1653.82	1692.82	1736.60	1783.52	1826.32	1876.34	1936.80	1995.72	2077.48	2161.78	2248.76	2388.64	2567.00	2788.70	
3102.06	3356.48	3570.90	3673.78	3672.50	3696.68	3686.40	3697.50	3699.30	3698.82	3697.34	3698.26	3706.48	3705.90	3706.62	3707.34	
3706.46	3708.42	3713.02	3722.06	3714.86	3718.72	3715.38	3714.16	3722.34	3723.52	3727.00	3728.16	3726.96	3728.72	3726.14	3725.24	
3731.98	3732.76	3728.80	3724.62	3726.84	3726.24	3727.26	3732.60	3730.68	3734.52	3737.88	3736.46	3740.08	3739.32	3750.92	3741.98	
3748.28	3751.60	3747.48	3744.62	3747.22	3746.62	3743.96	3735.64	3738.72	3739.36	3723.86	3734.58	3734.96	3734.82	3735.02	3734.26	
3726.02	3711.74	3707.64	3710.02	3712.04	3716.50	3733.02	3747.42	3736.66	3733.22	3727.94	3711.06	3733.58	3748.24	3734.42	3733.92	
3736.06	3730.24	3729.86	3736.14	3727.80	3721.12	3719.08	3714.42	3714.80	3717.88	3724.46	3729.22	3725.52	3729.98	3750.74	3713.24	

*******************************************2025/03/25;09:24:38
Probe number 48
Concentration entered by User 1.86% (Compensated: 2.18% at temperature 24.7)
1249.76	1248.76	1275.14	1289.08	1302.20	1316.46	1334.64	1349.42	1369.02	1383.16	1403.06	1432.76	1453.50	1483.12	1510.80	1546.66	
1577.66	1614.86	1650.30	1692.24	1734.36	1778.48	1826.54	1874.66	1933.84	1993.72	2074.06	2157.32	2247.22	2367.20	2548.90	2785.36	
3085.12	3365.42	3574.52	3671.22	3668.26	3692.84	3682.68	3692.26	3694.86	3695.06	3693.14	3694.18	3702.12	3701.66	3702.50	3702.74	
3702.40	3704.30	3709.02	3717.82	3710.76	3715.14	3711.72	3710.16	3718.76	3720.02	3723.18	3724.82	3723.46	3725.20	3722.98	3722.06	
3728.74	3729.26	3725.08	3720.94	3723.42	3723.18	3723.84	3729.50	3727.18	3731.46	3734.76	3733.72	3736.96	3736.14	3747.80	3738.66	
3745.40	3748.96	3744.44	3741.68	3744.18	3743.58	3740.80	3732.68	3735.50	3736.08	3720.46	3731.42	3732.20	3731.34	3731.50	3730.64	
3722.48	3707.84	3703.78	3706.54	3708.56	3712.98	3729.68	3744.12	3733.58	3730.20	3724.32	3707.22	3730.70	3744.78	3730.98	3730.88	
3732.56	3727.02	3726.54	3732.92	3724.64	3718.10	3715.32	3710.60	3710.80	3714.52	3720.80	3725.92	3722.10	3726.98	3748.28	3709.36	

*******************************************2025/03/25;09:44:38
Probe number 49
Concentration entered by User 1.86% (Compensated: 2.20% at temperature 24.9)
1250.12	1248.52	1274.68	1288.36	1302.30	1316.58	1334.48	1349.62	1368.24	1382.74	1402.38	1432.26	1452.32	1482.36	1510.68	1546.82	
1575.90	1615.42	1650.30	1690.78	1732.24	1780.30	1823.20	1873.98	1936.30	1992.22	2071.14	2156.66	2244.54	2370.38	2559.80	2769.10	
3076.96	3372.96	3571.66	3670.00	3670.24	3693.42	3684.08	3694.42	3696.64	3696.22	3695.04	3695.32	3703.46	3703.08	3703.62	3704.06	
3703.44	3705.20	3710.16	3719.22	3712.32	3716.52	3712.76	3711.62	3719.76	3721.30	3724.76	3725.96	3724.94	3726.72	3724.44	3723.62	
3730.62	3730.70	3727.18	3722.74	3725.12	3724.34	3725.30	3730.48	3728.72	3732.98	3736.38	3734.94	3738.42	3737.44	3749.64	3740.20	
3746.92	3750.22	3745.90	3743.20	3745.50	3745.30	3742.56	3734.14	3737.02	3737.40	3722.02	3732.82	3733.30	3732.72	3732.90	3732.40	
3724.22	3710.04	3705.82	3707.80	3710.40	3714.72	3731.30	3745.88	3735.06	3731.74	3726.02	3709.12	3732.14	3746.62	3733.00	3732.26	
3734.46	3728.36	3728.36	3734.30	3726.22	3719.62	3717.46	3712.16	3712.44	3716.62	3722.70	3727.86	3723.92	3728.26	3749.72	3711.02	

*******************************************2025/03/25;10:04:38
Probe number 50
Concentration entered by User 1.89% (Compensated: 2.24% at temperature 25.0)
1249.84	1248.52	1274.30	1288.90	1301.96	1316.04	1333.84	1348.96	1368.14	1382.44	1401.70	1432.08	1452.40	1480.54	1508.02	1544.88	
1575.80	1612.16	1646.64	1689.82	1729.30	1779.18	1822.56	1873.78	1930.54	1996.72	2068.88	2159.20	2234.04	2369.62	2542.48	2766.68	
3086.00	3359.00	3561.94	3665.86	3663.72	3687.98	3677.72	3688.46	3690.50	3690.72	3689.00	3689.90	3698.30	3697.72	3698.26	3698.50	
3697.96	3700.08	3704.92	3714.52	3707.38	3711.46	3707.32	3706.42	3715.04	3716.54	3720.28	3721.30	3720.70	3722.42	3720.26	3719.18	
3726.42	3726.58	3722.82	3718.36	3720.72	3720.00	3721.10	3727.06	3724.76	3728.80	3732.26	3731.32	3734.60	3733.48	3745.46	3736.26	
3742.96	3746.52	3741.88	3739.20	3741.78	3741.36	3738.48	3730.28	3732.66	3733.10	3717.40	3728.68	3729.14	3728.76	3729.00	3728.04	
3719.74	3705.58	3700.80	3703.08	3705.88	3710.64	3727.32	3741.84	3730.80	3727.70	3721.68	3704.10	3727.66	3742.78	3728.86	3728.12	
3730.06	3724.00	3724.06	3730.56	3722.02	3715.20	3712.66	3708.06	3708.22	3712.12	3718.36	3723.36	3719.56	3724.04	3745.98	3706.70	

*******************************************2025/03/25;10:24:38
Probe number 51
Concentration entered by User 1.93% (Compensated: 2.28% at temperature 25.0)
1249.46	1247.82	1273.82	1288.50	1301.38	1315.28	1333.44	1348.12	1367.68	1381.56	1402.24	1431.58	1451.54	1480.10	1508.72	1544.44	
1573.44	1611.36	1646.00	1688.48	1731.44	1776.66	1821.62	1870.48	1932.92	1994.26	2066.72	2150.68	2233.44	2371.38	2541.20	2765.20	
3070.36	3344.76	3562.30	3663.94	3662.92	3687.94	3677.62	3688.78	3691.40	3691.44	3689.36	3690.50	3698.96	3697.76	3698.88	3699.24	
3698.72	3700.92	3705.80	3714.88	3707.76	3712.14	3708.26	3707.64	3715.60	3717.20	3720.76	3722.20	3721.38	3722.84	3720.70	3719.82	
3727.42	3727.40	3723.70	3719.12	3721.66	3720.42	3721.96	3727.60	3725.72	3729.76	3733.12	3731.96	3735.44	3734.40	3746.22	3737.32	
3743.98	3746.92	3742.82	3740.14	3742.62	3742.08	3739.56	3730.92	3733.26	3733.72	3718.40	3729.10	3729.86	3729.46	3729.48	3728.82	
3720.84	3706.68	3702.02	3704.50	3706.74	3711.38	3728.38	3742.62	3731.62	3728.40	3722.84	3705.38	3728.68	3743.46	3729.90	3728.76	
3731.04	3725.08	3724.78	3731.20	3722.86	3716.28	3713.60	3708.84	3709.28	3712.90	3719.12	3724.54	3720.32	3725.10	3746.88	3707.82	

*******************************************2025/03/25;19:08:25
Probe number 0
Concentration entered by User 1.01% (Compensated: 1.39% at temperature 25.5)
1294.86	1293.66	1322.38	1338.68	1353.98	1370.70	1390.82	1407.60	1430.66	1448.58	1472.44	1505.62	1527.50	1559.50	1589.86	1629.48	
1663.98	1703.92	1741.50	1786.14	1831.82	1889.36	1938.54	1993.82	2059.94	2127.20	2211.34	2308.32	2417.92	2576.40	2772.02	3012.50	
3316.68	3560.78	3682.78	3714.60	3700.04	3720.24	3710.78	3711.66	3715.28	3715.64	3707.82	3705.82	3705.26	3702.02	3704.70	3700.06	
3696.94	3708.22	3714.74	3723.76	3705.72	3706.68	3710.20	3711.10	3716.50	3723.76	3728.24	3730.60	3732.22	3731.28	3729.48	3725.98	
3730.70	3730.76	3727.58	3722.86	3724.78	3722.30	3724.82	3729.46	3727.18	3731.28	3734.08	3730.82	3733.08	3732.58	3744.00	3735.70	
3740.78	3745.30	3740.72	3737.16	3739.86	3739.54	3733.64	3726.30	3734.38	3740.08	3721.82	3736.12	3741.48	3738.08	3731.78	3732.56	
3726.68	3709.72	3705.86	3711.08	3709.92	3708.82	3725.88	3742.16	3732.08	3728.20	3722.88	3703.48	3725.72	3739.88	3725.52	3726.06	
3727.14	3721.60	3719.88	3726.10	3716.38	3711.58	3710.92	3706.36	3704.14	3706.28	3715.50	3719.80	3718.70	3721.86	3742.86	3700.98	

*******************************************2025/03/25;19:16:33
Probe number 0
Concentration entered by User 0.96% (Compensated: 1.42% at temperature 26.5)
1290.74	1289.50	1318.02	1333.02	1348.50	1365.00	1385.44	1402.28	1425.02	1443.18	1466.74	1499.72	1522.30	1554.86	1585.40	1624.68	
1657.18	1698.26	1738.18	1782.80	1830.94	1886.50	1936.60	1991.22	2060.32	2126.16	2209.52	2311.64	2418.80	2577.42	2778.76	3045.20	
3335.12	3552.84	3688.28	3709.84	3695.06	3715.62	3705.76	3708.22	3712.26	3711.46	3702.62	3701.60	3701.80	3700.20	3702.34	3696.66	
3693.86	3704.52	3708.88	3718.52	3701.18	3704.48	3708.14	3708.48	3714.56	3719.72	3724.18	3727.24	3728.82	3728.22	3726.16	3722.46	
3726.84	3726.60	3723.22	3718.60	3720.52	3718.58	3721.60	3726.32	3723.70	3727.72	3730.14	3727.06	3729.28	3728.68	3740.44	3732.20	
3737.56	3741.14	3737.14	3733.50	3736.84	3736.14	3728.12	3721.16	3731.30	3737.42	3714.18	3731.20	3739.08	3732.54	3726.44	3729.18	
3723.00	3702.56	3700.36	3709.08	3706.16	3705.66	3722.82	3738.66	3727.60	3724.68	3718.80	3699.40	3721.68	3736.40	3723.14	3721.96	
3723.02	3717.78	3717.32	3723.60	3713.40	3708.58	3706.32	3701.62	3700.58	3702.94	3712.26	3716.56	3714.86	3718.58	3740.52	3697.92	

*******************************************2025/03/25;19:18:55
Probe number 1
Concentration entered by User 0.91% (Compensated: 1.38% at temperature 26.6)
1291.44	1290.14	1319.64	1334.28	1350.10	1366.50	1386.52	1403.36	1426.16	1443.94	1467.28	1500.60	1524.10	1556.58	1586.70	1626.18	
1660.30	1701.48	1740.66	1785.06	1834.14	1887.52	1941.30	1997.58	2064.18	2129.70	2210.76	2316.12	2428.52	2586.08	2791.08	3054.20	
3353.98	3561.04	3691.70	3714.66	3699.52	3719.44	3709.70	3712.48	3716.60	3715.50	3707.16	3705.92	3705.72	3704.74	3706.96	3701.32	
3698.28	3708.92	3713.10	3722.06	3705.36	3708.50	3712.34	3712.44	3718.78	3723.94	3727.70	3730.86	3731.98	3731.86	3729.90	3726.54	
3730.16	3730.58	3727.02	3722.28	3724.14	3722.70	3725.42	3729.96	3727.42	3731.24	3733.46	3730.80	3732.82	3732.38	3743.60	3735.40	
3740.94	3744.30	3740.88	3737.36	3740.08	3739.56	3731.76	3724.96	3735.00	3740.76	3717.70	3735.32	3743.04	3736.20	3730.86	3732.96	
3726.52	3706.72	3703.70	3712.44	3709.92	3709.74	3726.02	3741.90	3730.88	3728.20	3722.28	3704.10	3725.30	3739.42	3726.38	3725.52	
3726.78	3721.26	3720.98	3727.14	3717.34	3712.32	3710.24	3705.50	3704.68	3707.16	3715.96	3720.54	3718.90	3721.82	3743.68	3702.32	

*******************************************2025/03/25;19:19:05
Probe number 2
Concentration entered by User 0.91% (Compensated: 1.37% at temperature 26.6)
1291.76	1290.56	1319.28	1334.32	1349.88	1366.58	1386.88	1404.46	1426.96	1443.92	1468.44	1502.50	1525.42	1557.58	1587.14	1626.36	
1661.84	1702.38	1740.84	1787.20	1833.10	1887.04	1937.72	1998.44	2064.34	2127.76	2216.08	2319.74	2427.56	2571.82	2785.56	3050.24	
3349.30	3577.72	3697.10	3715.90	3701.28	3721.58	3712.24	3714.56	3718.84	3717.40	3709.32	3708.46	3708.70	3707.02	3709.26	3703.80	
3700.78	3710.62	3714.98	3724.20	3707.64	3710.92	3714.46	3714.72	3721.16	3726.06	3730.04	3733.10	3734.12	3733.56	3731.80	3728.08	
3732.42	3732.28	3729.38	3724.20	3726.30	3724.68	3727.44	3732.10	3729.40	3733.24	3735.28	3732.72	3734.66	3734.52	3745.32	3737.48	
3742.88	3746.20	3742.86	3738.84	3742.34	3741.42	3733.90	3727.12	3737.04	3742.70	3720.10	3737.00	3745.18	3738.20	3732.74	3734.98	
3728.90	3709.26	3705.96	3714.90	3712.66	3711.66	3728.26	3743.98	3733.26	3730.44	3724.58	3706.16	3727.80	3741.50	3728.56	3727.98	
3728.74	3723.52	3723.48	3729.08	3719.42	3714.54	3712.32	3707.80	3707.02	3709.54	3718.24	3722.78	3721.20	3723.72	3745.92	3704.12	

*******************************************2025/03/25;19:21:16
Probe number 3
Concentration entered by User 0.89% (Compensated: 1.36% at temperature 26.6)
1291.58	1290.96	1319.84	1334.62	1350.76	1366.98	1387.44	1405.04	1426.96	1445.10	1469.36	1502.70	1525.02	1557.38	1587.96	1627.58	
1662.52	1703.46	1742.56	1787.04	1834.76	1889.22	1940.72	1996.26	2063.64	2130.92	2219.50	2313.88	2433.38	2587.20	2800.02	3057.24	
3357.86	3571.64	3695.46	3716.98	3703.04	3722.70	3712.82	3715.28	3719.30	3718.68	3710.36	3709.34	3709.64	3708.04	3710.26	3704.72	
3702.40	3711.78	3716.58	3724.84	3708.64	3712.00	3715.54	3715.56	3722.06	3727.00	3731.00	3733.84	3734.98	3734.74	3732.58	3729.28	
3733.40	3733.32	3730.30	3725.08	3727.48	3725.44	3728.32	3732.94	3730.06	3733.94	3736.36	3733.52	3735.68	3735.16	3746.64	3738.52	
3743.72	3747.04	3743.88	3739.54	3742.92	3742.72	3734.50	3728.14	3738.08	3744.00	3721.20	3738.78	3746.22	3739.02	3733.76	3735.96	
3729.76	3710.04	3706.96	3715.90	3713.50	3712.62	3729.66	3744.36	3734.08	3731.24	3725.68	3707.08	3728.54	3742.74	3729.74	3728.98	
3729.36	3724.04	3724.48	3730.02	3720.68	3715.78	3713.38	3708.86	3707.88	3710.62	3719.20	3723.92	3721.84	3724.64	3746.80	3705.76	

*******************************************2025/03/25;19:25:19
Probe number 0
Concentration entered by User 0.93% (Compensated: 1.39% at temperature 26.6)
1290.84	1289.54	1318.46	1333.18	1349.18	1366.22	1385.94	1403.02	1425.28	1442.68	1466.40	1501.00	1523.34	1556.48	1586.80	1625.50	
1657.94	1702.30	1740.14	1783.10	1829.80	1885.36	1939.68	1993.64	2061.90	2130.68	2221.30	2322.88	2432.52	2580.30	2787.26	3047.40	
3350.58	3556.84	3690.90	3712.40	3698.82	3719.52	3709.04	3711.70	3715.52	3714.46	3707.12	3706.14	3706.06	3705.24	3706.76	3701.48	
3699.46	3708.84	3713.50	3721.42	3705.48	3708.92	3711.62	3712.32	3719.52	3724.36	3727.62	3731.04	3731.78	3731.32	3729.58	3725.94	
3730.34	3730.48	3726.94	3722.16	3724.36	3722.42	3725.30	3729.62	3726.72	3730.84	3732.68	3730.36	3732.38	3731.98	3743.54	3734.98	
3740.52	3744.48	3740.82	3736.34	3740.10	3739.50	3731.46	3724.62	3734.80	3741.08	3717.90	3736.46	3743.52	3736.18	3730.96	3732.56	
3726.62	3707.02	3703.32	3712.42	3709.74	3708.76	3726.16	3741.60	3731.10	3728.16	3722.08	3703.80	3725.22	3739.64	3725.68	3725.96	
3726.32	3721.02	3721.14	3726.56	3716.64	3712.02	3709.56	3705.68	3704.64	3706.98	3715.66	3720.48	3718.74	3721.70	3743.76	3702.08	

*******************************************2025/03/25;19:45:19
Probe number 1
Concentration entered by User 0.97% (Compensated: 1.43% at temperature 26.5)
1289.30	1288.10	1316.88	1331.80	1347.16	1363.52	1383.92	1400.74	1423.56	1440.72	1464.80	1497.92	1520.96	1554.12	1583.38	1623.10	
1657.14	1697.80	1735.66	1781.44	1826.40	1883.74	1936.16	1991.82	2054.26	2119.30	2213.78	2313.48	2438.44	2571.00	2770.04	3026.14	
3331.60	3562.78	3688.60	3712.34	3698.72	3718.74	3708.58	3711.44	3714.26	3713.70	3707.74	3707.50	3709.72	3707.68	3709.26	3704.98	
3703.18	3709.74	3713.80	3722.32	3708.98	3712.48	3713.68	3714.20	3722.32	3725.90	3728.44	3730.84	3731.08	3731.66	3729.62	3726.28	
3730.38	3730.48	3727.06	3722.52	3724.42	3722.90	3725.44	3729.86	3727.40	3731.26	3733.32	3731.04	3733.08	3732.86	3743.94	3735.38	
3740.96	3744.70	3741.38	3736.70	3740.58	3740.10	3731.42	3725.46	3735.52	3741.76	3718.94	3737.68	3744.74	3737.06	3731.66	3733.18	
3727.22	3708.14	3703.66	3713.18	3710.78	3709.78	3726.90	3742.00	3731.64	3728.64	3722.80	3704.62	3725.78	3740.26	3726.22	3726.70	
3726.86	3721.42	3721.44	3727.30	3717.60	3712.94	3710.60	3706.74	3706.14	3708.62	3716.76	3721.20	3719.20	3722.68	3744.38	3703.16	

*******************************************2025/03/25;20:05:19
Probe number 2
Concentration entered by User 0.93% (Compensated: 1.39% at temperature 26.5)
1288.56	1287.46	1315.80	1330.22	1345.84	1362.18	1382.58	1399.22	1421.54	1439.20	1463.72	1497.08	1519.76	1551.28	1581.98	1621.06	
1653.44	1696.10	1733.92	1780.40	1825.84	1879.22	1932.72	1988.68	2053.90	2120.64	2210.06	2306.40	2419.86	2579.52	2769.36	3041.40	
3348.26	3565.02	3692.32	3713.78	3700.12	3719.68	3710.12	3712.38	3715.82	3715.06	3709.48	3709.26	3711.44	3709.56	3711.34	3707.88	
3706.24	3712.36	3716.16	3724.48	3711.60	3714.82	3716.24	3716.74	3725.40	3728.70	3731.08	3733.06	3733.58	3733.94	3731.94	3728.80	
3733.28	3732.78	3729.42	3724.92	3727.66	3725.54	3728.32	3732.26	3729.78	3733.24	3735.92	3733.22	3735.66	3735.78	3746.50	3737.54	
3743.32	3747.38	3743.98	3739.06	3743.04	3743.00	3734.26	3729.06	3738.58	3744.50	3722.54	3740.92	3748.02	3740.44	3734.98	3736.08	
3730.06	3710.64	3706.84	3716.02	3713.94	3712.18	3729.94	3744.62	3734.58	3731.20	3726.24	3707.26	3728.46	3742.82	3729.02	3729.54	
3729.84	3724.66	3724.64	3730.30	3720.72	3715.78	3713.40	3709.94	3709.18	3711.42	3719.88	3724.06	3722.02	3725.28	3747.24	3706.68	

*******************************************2025/03/25;20:25:19
Probe number 3
Concentration entered by User 0.96% (Compensated: 1.42% at temperature 26.6)
1286.56	1285.12	1313.70	1328.54	1343.74	1360.44	1380.40	1396.92	1419.38	1436.20	1461.04	1494.12	1516.12	1548.72	1578.50	1616.74	
1650.00	1692.58	1728.72	1775.64	1818.82	1873.50	1926.62	1981.94	2047.08	2109.54	2195.24	2294.88	2406.64	2569.90	2773.52	3032.34	
3335.68	3561.48	3689.28	3710.74	3694.68	3715.52	3705.46	3708.60	3711.18	3710.86	3705.08	3704.74	3706.88	3704.50	3706.28	3703.04	
3701.28	3707.88	3711.54	3720.28	3707.30	3710.44	3711.82	3712.46	3721.50	3725.46	3727.58	3729.70	3729.68	3729.98	3728.62	3724.94	
3729.34	3729.72	3725.90	3721.44	3723.92	3721.98	3724.68	3728.88	3726.38	3730.28	3732.42	3730.26	3732.44	3732.12	3743.24	3734.40	
3740.06	3744.34	3740.58	3736.12	3740.44	3739.78	3730.84	3725.58	3735.62	3741.88	3718.94	3738.86	3745.18	3736.98	3731.72	3732.44	
3726.44	3706.60	3702.58	3711.84	3709.84	3708.58	3726.14	3741.20	3731.30	3728.14	3722.50	3703.96	3725.14	3739.72	3725.98	3726.52	
3726.64	3721.34	3720.98	3726.74	3717.16	3712.70	3710.02	3706.72	3705.82	3708.12	3716.60	3720.62	3718.70	3721.90	3744.44	3702.88	

*******************************************2025/03/25;20:45:19
Probe number 4
Concentration entered by User 0.97% (Compensated: 1.43% at temperature 26.5)
1285.80	1284.02	1312.72	1327.72	1342.78	1358.82	1379.36	1396.06	1418.24	1435.58	1458.88	1493.02	1514.82	1546.14	1576.48	1614.90	
1649.40	1689.16	1726.52	1771.10	1818.08	1871.30	1924.20	1979.92	2041.04	2111.86	2197.46	2293.20	2410.66	2549.60	2771.32	3030.74	
3335.48	3556.36	3683.60	3709.20	3695.62	3716.22	3705.98	3709.00	3712.76	3711.60	3705.74	3705.58	3707.72	3705.48	3707.46	3703.90	
3702.48	3709.46	3713.36	3722.38	3708.52	3712.28	3713.92	3714.14	3723.32	3727.20	3729.76	3731.48	3732.06	3732.02	3730.78	3727.02	
3731.36	3731.50	3728.28	3723.50	3726.16	3724.30	3726.82	3730.92	3728.08	3732.14	3734.30	3732.56	3735.08	3734.50	3745.08	3736.36	
3741.84	3746.16	3742.30	3738.22	3742.12	3741.38	3733.44	3728.00	3737.66	3743.70	3721.30	3740.96	3747.06	3739.18	3734.08	3735.12	
3729.26	3709.22	3705.22	3714.28	3712.58	3710.94	3728.82	3743.50	3733.32	3730.22	3724.76	3706.28	3727.12	3741.94	3727.62	3728.18	
3728.90	3723.36	3723.26	3729.02	3719.56	3714.82	3712.58	3709.06	3708.22	3710.34	3718.62	3723.34	3720.96	3723.82	3745.90	3705.50	

*******************************************2025/03/25;21:05:19
Probe number 5
Concentration entered by User -1.00% (Compensated: -1.00% at temperature 26.5)
3381.74	3484.28	3581.60	3572.30	3559.40	3559.48	3564.18	3557.54	3575.74	3554.50	3566.28	3600.52	3590.56	3603.60	3605.52	3629.10	
3636.62	3657.02	3660.98	3670.24	3678.12	3692.42	3692.56	3689.50	3695.88	3694.56	3700.20	3699.56	3699.86	3705.00	3711.88	3702.92	
3696.54	3692.12	3691.30	3673.66	3679.46	3708.06	3691.32	3690.18	3703.48	3701.16	3675.46	3672.12	3671.58	3686.50	3695.82	3676.26	
3652.32	3669.08	3679.32	3681.88	3670.76	3694.24	3711.00	3713.18	3701.80	3706.86	3727.82	3725.20	3728.50	3731.82	3731.34	3733.16	
3737.50	3730.70	3740.34	3740.38	3719.54	3727.66	3731.16	3744.74	3744.52	3738.36	3724.12	3725.76	3725.50	3744.56	3745.16	3739.42	
3716.22	3700.56	3686.58	3708.48	3763.88	3771.22	3771.94	3743.58	3733.06	3722.32	3717.20	3742.54	3720.64	3756.44	3732.92	3777.88	
3780.40	3741.92	3690.06	3697.42	3752.06	3756.74	3756.16	3763.74	3734.10	3735.06	3740.64	3739.52	3753.88	3743.52	3714.34	3701.20	
3701.54	3665.96	3684.20	3698.66	3673.68	3651.00	3664.04	3679.12	3692.02	3695.18	3701.52	3708.36	3719.42	3733.26	3759.32	3725.68	

*******************************************2025/03/25;21:25:19
Probe number 6
Concentration entered by User -1.00% (Compensated: -1.00% at temperature 25.7)
3397.44	3508.36	3611.56	3608.84	3590.40	3588.64	3586.28	3573.52	3586.04	3557.82	3565.64	3598.56	3585.34	3595.72	3593.90	3613.58	
3619.00	3637.80	3639.58	3647.36	3657.82	3676.90	3681.92	3680.50	3686.82	3688.10	3698.92	3700.06	3707.06	3714.58	3722.80	3713.64	
3705.50	3700.42	3704.98	3686.78	3696.28	3728.24	3708.92	3705.58	3716.26	3711.40	3686.14	3682.92	3680.74	3692.52	3703.56	3686.62	
3661.32	3673.80	3677.08	3681.30	3665.24	3685.04	3704.62	3711.40	3707.82	3715.66	3723.54	3717.96	3726.50	3733.76	3735.30	3739.44	
3742.38	3735.44	3741.64	3738.26	3714.94	3731.78	3733.44	3745.34	3744.32	3729.12	3713.08	3717.14	3732.84	3754.66	3749.08	3746.42	
3720.98	3707.54	3704.86	3725.08	3765.04	3761.14	3755.88	3717.52	3735.50	3753.60	3775.26	3788.24	3773.30	3785.48	3746.68	3799.64	
3797.46	3750.96	3694.02	3688.72	3750.52	3771.32	3775.10	3782.92	3762.74	3756.56	3759.08	3746.98	3751.48	3727.70	3724.82	3722.76	
3745.32	3731.60	3708.48	3694.82	3689.02	3683.18	3688.22	3705.38	3707.84	3705.26	3697.18	3717.92	3728.82	3743.98	3771.92	3743.36	

*******************************************2025/03/25;21:45:19
Probe number 7
Concentration entered by User -1.00% (Compensated: -1.00% at temperature 25.4)
3414.86	3538.98	3652.74	3675.52	3675.40	3672.08	3668.34	3650.66	3656.14	3623.14	3621.56	3645.90	3633.10	3646.14	3645.66	3661.20	
3663.66	3674.34	3670.96	3677.28	3688.14	3709.84	3716.10	3717.02	3721.30	3718.62	3725.36	3724.26	3728.98	3734.24	3740.46	3730.36	
3720.74	3711.08	3709.50	3685.98	3691.68	3723.30	3701.12	3695.96	3707.96	3703.54	3678.04	3675.70	3675.80	3684.28	3694.26	3679.98	
3655.28	3670.18	3676.16	3683.54	3664.32	3680.04	3697.82	3703.04	3702.86	3712.68	3718.38	3714.52	3722.96	3732.80	3735.10	3740.16	
3744.44	3740.68	3744.18	3738.66	3714.68	3727.02	3730.48	3742.86	3741.52	3722.70	3708.92	3705.62	3722.10	3739.26	3729.12	3728.46	
3703.14	3699.94	3697.26	3708.06	3748.00	3740.22	3741.84	3707.92	3729.16	3751.44	3768.80	3788.40	3767.16	3788.58	3757.92	3799.08	
3794.98	3766.34	3717.68	3711.76	3755.86	3769.52	3775.68	3783.88	3763.46	3757.48	3755.20	3735.86	3738.16	3711.32	3692.60	3668.74	
3678.68	3640.84	3632.66	3654.54	3636.54	3602.24	3611.68	3656.60	3691.30	3703.76	3700.36	3712.52	3728.98	3747.96	3774.12	3746.18	

*******************************************2025/03/25;22:05:19
Probe number 8
Concentration entered by User -1.00% (Compensated: -1.00% at temperature 25.0)
3417.38	3544.42	3659.36	3683.20	3683.58	3680.56	3676.56	3658.96	3664.68	3631.60	3629.56	3652.30	3639.18	3652.16	3652.12	3667.78	
3669.78	3680.26	3677.54	3683.26	3693.02	3714.46	3720.86	3722.18	3725.54	3723.34	3729.98	3728.76	3733.74	3739.14	3744.96	3735.22	
3726.58	3716.22	3715.68	3690.70	3695.16	3725.70	3703.42	3697.08	3708.68	3705.28	3679.38	3677.28	3677.50	3683.50	3693.50	3679.52	
3653.84	3670.26	3678.78	3686.84	3663.64	3676.12	3693.90	3698.98	3699.30	3710.00	3716.22	3712.98	3721.02	3730.88	3733.52	3738.40	
3742.44	3739.78	3742.14	3736.54	3711.50	3723.06	3726.26	3738.88	3739.36	3720.54	3709.86	3707.54	3723.22	3739.14	3728.54	3729.10	
3702.28	3701.96	3698.18	3705.16	3745.10	3739.70	3743.20	3712.60	3732.96	3756.30	3770.40	3791.54	3770.64	3791.98	3762.66	3801.08	
3797.28	3771.40	3725.58	3718.32	3756.42	3767.44	3773.60	3783.86	3765.20	3758.18	3753.20	3731.82	3733.36	3709.24	3690.58	3665.98	
3680.98	3638.90	3627.84	3647.14	3624.88	3595.02	3606.54	3649.76	3679.66	3699.28	3701.68	3713.06	3726.02	3747.90	3776.16	3750.20	

*******************************************2025/03/25;22:25:19
Probe number 9
Concentration entered by User -1.00% (Compensated: -1.00% at temperature 24.7)
3415.42	3544.44	3659.76	3684.14	3684.56	3681.74	3677.12	3659.64	3663.72	3630.54	3628.14	3650.74	3637.32	3651.14	3651.34	3666.34	
3668.68	3680.06	3677.18	3682.24	3691.50	3712.90	3719.48	3720.82	3724.38	3722.04	3729.26	3727.56	3732.58	3737.78	3743.32	3733.96	
3725.58	3714.68	3713.90	3688.52	3692.60	3723.60	3701.16	3693.40	3705.10	3702.48	3676.16	3674.52	3674.24	3678.78	3688.74	3675.08	
3649.62	3667.62	3677.16	3685.68	3659.36	3668.88	3686.54	3690.94	3690.84	3703.10	3709.86	3706.64	3714.38	3724.80	3728.26	3732.92	
3737.94	3735.82	3738.38	3732.46	3706.28	3716.74	3721.02	3733.62	3735.46	3716.96	3707.02	3705.70	3720.46	3734.94	3723.94	3724.76	
3697.78	3697.38	3693.94	3699.02	3740.36	3735.94	3740.58	3712.02	3733.14	3757.80	3770.90	3793.10	3770.94	3792.62	3763.72	3800.84	
3797.16	3772.08	3726.72	3718.36	3754.28	3764.06	3770.48	3781.48	3762.96	3754.68	3748.12	3725.56	3726.34	3704.64	3686.10	3661.56	
3678.04	3634.08	3619.30	3636.22	3620.20	3591.30	3603.48	3646.10	3667.86	3691.16	3698.74	3712.24	3722.74	3745.88	3775.22	3749.32	

*******************************************2025/03/25;22:45:19
Probe number 10
Concentration entered by User -1.00% (Compensated: -1.00% at temperature 24.4)
3418.16	3548.70	3663.42	3687.50	3687.40	3685.30	3680.52	3663.14	3667.56	3634.68	3631.94	3654.80	3641.40	3654.52	3655.24	3670.14	
3672.08	3683.36	3680.60	3685.30	3693.70	3714.80	3721.46	3723.20	3726.02	3723.90	3730.42	3728.00	3732.72	3737.84	3743.18	3734.22	
3725.68	3714.50	3713.16	3686.98	3690.06	3721.82	3699.04	3690.72	3702.46	3701.16	3673.94	3671.76	3671.88	3675.46	3685.56	3672.80	
3647.94	3667.00	3678.36	3687.22	3657.44	3665.26	3682.22	3686.62	3686.14	3699.86	3706.84	3702.86	3710.64	3721.28	3725.28	3730.42	
3735.66	3733.96	3736.88	3731.10	3704.78	3714.68	3719.04	3731.40	3734.04	3716.54	3707.98	3707.04	3721.98	3736.24	3724.72	3725.92	
3698.90	3698.66	3695.60	3700.62	3741.30	3738.78	3744.06	3717.86	3738.68	3763.40	3776.28	3797.86	3776.40	3796.82	3768.50	3803.26	
3799.18	3773.90	3728.56	3719.82	3754.62	3763.12	3768.94	3780.16	3762.08	3753.78	3745.08	3722.16	3721.84	3702.76	3685.56	3661.58	
3679.60	3631.38	3616.32	3634.58	3626.68	3596.20	3608.02	3648.76	3665.00	3688.54	3698.38	3712.76	3722.16	3745.62	3775.40	3750.04	

*******************************************2025/03/25;23:05:19
Probe number 11
Concentration entered by User -1.00% (Compensated: -1.00% at temperature 24.2)
3421.72	3554.84	3668.78	3691.94	3691.16	3689.62	3685.66	3668.22	3671.96	3640.18	3637.66	3660.52	3646.76	3660.22	3661.02	3675.18	
3677.14	3687.72	3684.82	3689.66	3696.68	3717.84	3724.52	3726.44	3728.82	3726.80	3733.50	3730.08	3735.02	3739.82	3744.70	3735.92	
3727.70	3716.32	3714.90	3687.68	3691.32	3722.82	3699.78	3690.82	3703.12	3702.58	3674.66	3673.30	3672.76	3674.74	3685.16	3672.58	
3648.16	3669.04	3681.56	3690.72	3658.78	3664.90	3680.98	3685.82	3685.16	3699.68	3706.72	3702.48	3710.06	3720.94	3724.96	3729.50	
3735.48	3734.60	3737.14	3732.38	3705.72	3715.14	3719.92	3732.40	3736.28	3719.10	3711.44	3711.00	3726.32	3739.14	3728.62	3729.30	
3702.18	3702.34	3699.42	3703.32	3743.90	3741.94	3747.02	3722.80	3743.30	3767.96	3780.56	3801.72	3781.02	3800.32	3772.70	3805.98	
3801.72	3776.52	3731.12	3721.96	3755.40	3764.24	3769.90	3780.56	3763.44	3754.56	3745.42	3722.42	3721.26	3704.78	3688.50	3664.34	
3682.16	3632.80	3614.82	3635.50	3631.52	3597.36	3610.10	3651.36	3664.22	3689.20	3700.98	3714.58	3723.38	3746.90	3776.96	3752.08	

*******************************************2025/03/25;23:25:19
Probe number 12
Concentration entered by User -1.00% (Compensated: -1.00% at temperature 24.0)
3429.00	3564.54	3676.82	3699.54	3698.98	3698.10	3693.90	3676.94	3681.28	3650.16	3647.62	3669.74	3656.66	3669.46	3670.12	3683.90	
3685.20	3695.20	3692.50	3695.90	3702.58	3722.90	3729.34	3730.88	3732.54	3730.70	3736.12	3732.68	3736.68	3740.66	3745.68	3737.08	
3728.42	3716.44	3715.00	3686.54	3689.60	3721.08	3697.96	3688.06	3700.22	3701.04	3673.00	3671.34	3671.08	3671.74	3682.36	3671.66	
3647.52	3669.44	3684.80	3693.56	3659.14	3663.54	3679.38	3683.56	3684.12	3699.64	3707.08	3702.38	3709.14	3720.46	3725.42	3729.82	
3735.68	3735.18	3738.06	3733.60	3706.74	3716.30	3721.72	3734.08	3738.38	3722.56	3716.12	3716.28	3730.90	3743.28	3732.92	3733.06	
3706.72	3707.26	3703.52	3706.90	3745.64	3744.42	3750.54	3729.84	3751.22	3775.88	3788.48	3808.00	3790.10	3806.58	3779.70	3810.42	
3806.24	3780.38	3734.56	3723.80	3756.70	3764.88	3770.52	3780.96	3763.48	3754.32	3744.26	3721.54	3720.24	3707.20	3693.22	3672.78	
3690.42	3641.10	3620.62	3644.18	3641.96	3605.38	3617.02	3658.26	3666.92	3691.10	3703.56	3716.30	3724.86	3747.98	3778.26	3753.74	

*******************************************2025/03/25;23:45:19
Probe number 13
Concentration entered by User -1.00% (Compensated: -1.00% at temperature 23.8)
3425.16	3561.00	3674.00	3696.94	3696.48	3694.96	3691.30	3673.88	3677.94	3645.12	3641.86	3663.42	3648.18	3662.02	3663.54	3678.80	
3680.82	3691.56	3688.94	3691.90	3698.40	3720.34	3726.88	3729.52	3732.26	3730.92	3737.38	3734.34	3738.42	3742.74	3747.46	3739.16	
3731.44	3719.58	3717.82	3690.32	3692.88	3723.94	3700.28	3690.78	3702.58	3702.78	3674.50	3673.22	3673.02	3673.34	3683.62	3672.46	
3647.50	3668.70	3683.92	3693.60	3659.52	3662.96	3678.32	3681.92	3681.52	3696.80	3703.80	3700.06	3706.90	3718.24	3723.28	3727.56	
3733.32	3733.08	3735.00	3730.24	3702.92	3712.36	3718.08	3730.52	3735.20	3719.82	3714.18	3714.98	3729.38	3740.98	3730.56	3731.22	
3704.88	3706.94	3703.10	3705.32	3742.78	3741.50	3748.20	3726.66	3747.98	3773.30	3784.60	3805.46	3785.98	3804.24	3777.18	3808.16	
3803.94	3779.84	3734.88	3725.24	3756.56	3763.92	3770.08	3780.24	3762.58	3752.54	3741.74	3716.40	3714.72	3700.54	3682.38	3660.04	
3676.96	3625.94	3600.98	3626.76	3626.18	3590.26	3606.70	3651.88	3661.10	3688.56	3703.72	3717.80	3725.02	3748.32	3778.56	3753.60	

