*******************************************2025/03/24;00:03:57
Probe number 158
Concentration entered by User 2.01% (Compensated: 2.26% at temperature 23.6)
1144.66	1144.86	1163.58	1174.28	1183.90	1195.90	1210.32	1222.04	1237.78	1249.00	1266.46	1290.50	1307.06	1329.66	1354.78	1384.68	
1409.32	1441.02	1470.48	1506.98	1544.58	1588.52	1631.64	1678.14	1730.52	1787.64	1863.14	1953.72	2050.14	2186.48	2360.72	2603.20	
2974.72	3342.86	3592.08	3703.42	3690.98	3711.08	3701.64	3710.22	3716.30	3717.76	3717.96	3719.36	3726.08	3725.10	3724.22	3721.66	
3717.26	3719.78	3724.92	3733.62	3723.56	3726.00	3726.32	3726.12	3735.04	3737.38	3737.22	3736.60	3733.14	3732.28	3731.06	3727.74	
3732.76	3733.98	3729.12	3723.52	3723.34	3719.92	3723.12	3729.48	3728.60	3731.46	3732.76	3729.52	3732.94	3732.48	3745.86	3735.98	
3742.70	3747.32	3743.06	3739.26	3741.40	3740.34	3738.40	3731.52	3737.04	3738.86	3724.78	3736.22	3737.62	3737.54	3735.94	3736.68	
3727.48	3713.06	3712.32	3710.48	3708.98	3708.48	3725.92	3742.22	3732.94	3729.06	3723.44	3702.68	3723.76	3737.94	3725.64	3728.12	
3730.32	3723.76	3720.38	3726.54	3718.48	3716.40	3714.92	3709.74	3707.06	3710.78	3718.90	3722.90	3719.32	3722.20	3743.30	3701.64	

*******************************************2025/03/24;00:23:57
Probe number 159
Concentration entered by User 2.01% (Compensated: 2.26% at temperature 23.6)
1145.04	1145.46	1164.08	1174.44	1183.84	1195.96	1210.10	1222.10	1238.02	1249.70	1266.40	1290.54	1306.48	1330.70	1355.08	1383.90	
1409.54	1440.90	1471.46	1507.44	1544.80	1588.82	1632.90	1678.60	1731.30	1787.84	1863.28	1955.80	2049.80	2186.32	2360.34	2600.28	
2979.46	3337.56	3591.14	3703.96	3692.26	3711.30	3702.38	3710.94	3716.82	3718.50	3718.28	3719.76	3726.02	3725.74	3724.52	3722.06	
3717.64	3719.94	3724.86	3733.94	3723.98	3726.50	3726.30	3726.54	3735.60	3737.88	3737.70	3736.84	3733.24	3732.42	3731.50	3728.02	
3733.18	3734.46	3729.78	3723.86	3723.58	3720.08	3723.68	3729.60	3728.98	3731.78	3733.50	3729.76	3733.40	3733.04	3746.08	3736.38	
3743.16	3747.64	3743.06	3739.38	3741.62	3740.92	3738.70	3731.96	3737.34	3739.26	3725.02	3736.48	3738.10	3737.78	3736.00	3737.12	
3727.90	3713.68	3712.64	3711.12	3709.02	3709.10	3726.32	3742.58	3733.36	3729.38	3723.56	3702.92	3723.82	3738.50	3726.02	3728.68	
3730.80	3724.20	3720.40	3726.62	3718.66	3716.76	3715.42	3710.10	3707.62	3711.48	3719.68	3723.30	3719.86	3722.86	3743.70	3702.06	

*******************************************2025/03/24;00:43:57
Probe number 160
Concentration entered by User 2.02% (Compensated: 2.26% at temperature 23.6)
1144.16	1144.58	1162.90	1173.98	1183.34	1195.50	1209.86	1221.68	1236.76	1249.22	1265.54	1289.34	1306.20	1330.46	1353.48	1384.06	
1408.78	1439.70	1470.34	1506.08	1543.64	1587.84	1633.90	1677.14	1729.86	1787.10	1866.38	1950.76	2051.12	2184.12	2359.66	2598.24	
2976.14	3337.54	3591.88	3704.00	3691.24	3711.06	3701.90	3709.72	3716.38	3717.90	3717.74	3719.32	3725.90	3724.96	3724.06	3721.34	
3717.10	3719.48	3724.30	3733.28	3723.40	3725.86	3725.84	3725.96	3734.66	3737.36	3737.02	3736.20	3732.84	3732.18	3731.00	3727.98	
3732.70	3733.74	3729.00	3723.36	3723.32	3719.62	3723.42	3729.64	3728.50	3731.12	3733.12	3729.04	3732.98	3732.40	3745.44	3736.30	
3742.56	3747.24	3742.66	3738.78	3741.24	3740.62	3738.34	3731.92	3737.06	3738.54	3724.82	3736.14	3737.68	3737.46	3735.56	3736.80	
3727.92	3713.14	3711.82	3710.54	3708.44	3708.50	3725.96	3742.22	3732.80	3729.20	3723.28	3702.50	3723.50	3737.54	3725.94	3728.28	
3730.34	3723.72	3720.00	3726.26	3718.12	3715.88	3714.72	3709.60	3707.14	3710.58	3718.86	3722.82	3719.36	3722.30	3743.12	3701.14	

*******************************************2025/03/24;01:03:57
Probe number 161
Concentration entered by User 2.01% (Compensated: 2.26% at temperature 23.6)
1144.32	1145.00	1163.10	1174.62	1183.24	1195.88	1210.16	1222.28	1237.50	1249.14	1266.14	1290.34	1306.54	1330.36	1354.44	1384.02	
1408.68	1440.48	1470.86	1506.14	1543.70	1588.82	1631.58	1680.20	1732.40	1785.40	1866.44	1953.14	2051.94	2185.84	2359.38	2600.80	
2974.52	3341.74	3592.36	3704.76	3691.92	3711.22	3702.40	3710.60	3716.62	3718.40	3718.38	3719.88	3726.58	3725.58	3724.68	3721.70	
3717.76	3719.96	3724.94	3733.80	3723.50	3726.64	3726.60	3726.52	3735.34	3737.86	3737.58	3736.76	3733.28	3732.28	3730.92	3728.12	
3732.88	3734.10	3729.34	3723.58	3723.50	3720.32	3723.60	3730.10	3728.88	3731.74	3733.12	3729.56	3733.26	3732.98	3745.82	3736.46	
3742.86	3747.66	3743.06	3739.16	3741.50	3740.70	3738.50	3731.84	3737.30	3739.04	3725.16	3736.54	3738.24	3738.06	3736.14	3737.16	
3727.94	3713.60	3712.78	3710.84	3708.92	3709.08	3726.12	3742.52	3733.20	3729.28	3723.60	3702.70	3723.82	3737.98	3725.68	3728.58	
3730.66	3723.82	3720.66	3726.64	3718.60	3716.48	3715.28	3710.12	3707.66	3711.18	3719.64	3723.04	3719.56	3722.68	3743.36	3701.96	

*******************************************2025/03/24;01:23:57
Probe number 162
Concentration entered by User 2.00% (Compensated: 2.25% at temperature 23.6)
1144.94	1145.24	1163.78	1174.64	1184.12	1196.38	1210.80	1222.18	1237.70	1249.80	1266.64	1290.74	1306.82	1331.38	1354.84	1384.02	
1409.82	1441.70	1472.10	1508.68	1545.38	1589.94	1634.48	1678.78	1733.94	1788.48	1866.54	1956.04	2055.34	2186.18	2363.08	2603.30	
2979.74	3342.86	3595.66	3707.72	3695.46	3714.44	3705.54	3713.72	3719.78	3721.34	3720.94	3722.66	3729.34	3728.32	3727.36	3724.94	
3720.70	3722.98	3727.66	3736.40	3726.20	3729.22	3729.04	3729.14	3737.80	3740.24	3739.98	3739.32	3735.88	3735.18	3733.94	3730.86	
3735.72	3737.02	3732.32	3726.58	3726.42	3723.12	3726.32	3732.78	3731.54	3734.64	3736.12	3732.42	3736.40	3735.60	3748.62	3739.08	
3745.52	3749.90	3745.94	3741.84	3744.38	3743.62	3741.30	3734.78	3739.74	3741.76	3728.14	3739.60	3740.62	3740.66	3738.74	3739.82	
3731.30	3716.48	3715.54	3714.06	3712.30	3712.42	3729.32	3745.30	3736.04	3732.06	3726.78	3706.14	3726.58	3740.74	3728.96	3731.16	
3733.66	3726.92	3723.68	3729.40	3721.56	3719.30	3718.38	3713.32	3711.00	3714.30	3722.38	3725.98	3723.02	3725.58	3746.22	3705.32	

*******************************************2025/03/24;01:43:57
Probe number 163
Concentration entered by User 2.01% (Compensated: 2.26% at temperature 23.6)
1144.96	1145.16	1163.82	1174.24	1184.06	1195.72	1210.90	1221.64	1237.74	1248.38	1266.92	1290.36	1306.44	1330.22	1354.48	1383.46	
1408.90	1441.10	1470.96	1507.30	1545.10	1590.22	1632.44	1678.56	1730.74	1787.42	1865.92	1954.86	2051.18	2183.96	2356.64	2597.96	
2974.98	3339.56	3591.90	3704.78	3693.16	3711.96	3703.20	3710.86	3717.42	3718.50	3718.78	3720.50	3726.98	3726.14	3725.06	3722.28	
3718.20	3720.72	3725.28	3734.08	3724.10	3727.06	3726.88	3726.76	3735.64	3738.12	3738.04	3737.18	3733.58	3733.26	3732.02	3728.34	
3733.50	3734.68	3730.10	3724.16	3723.98	3720.52	3724.06	3730.34	3729.24	3732.06	3733.48	3729.96	3733.42	3733.46	3746.06	3737.10	
3743.40	3747.78	3743.42	3739.90	3742.00	3741.58	3739.00	3732.52	3737.80	3739.54	3725.34	3736.86	3738.66	3738.64	3736.62	3737.70	
3728.60	3714.10	3713.02	3711.68	3709.68	3709.92	3726.90	3743.40	3733.44	3729.96	3724.06	3703.38	3724.38	3738.44	3726.40	3729.02	
3731.44	3724.54	3721.14	3726.72	3719.02	3717.30	3716.04	3710.68	3707.94	3712.10	3720.08	3723.48	3720.54	3723.38	3744.20	3702.38	

*******************************************2025/03/24;02:03:57
Probe number 164
Concentration entered by User 2.01% (Compensated: 2.26% at temperature 23.6)
1144.18	1144.94	1163.00	1174.40	1183.48	1195.90	1210.36	1221.94	1237.62	1249.04	1265.88	1290.14	1307.10	1330.10	1353.36	1382.30	
1408.98	1439.78	1470.26	1506.88	1544.58	1589.66	1632.02	1678.10	1730.24	1787.74	1863.18	1952.52	2053.38	2183.80	2357.72	2598.76	
2974.82	3341.12	3589.94	3704.42	3692.80	3711.68	3702.22	3710.60	3716.60	3718.58	3718.12	3719.96	3726.58	3725.80	3724.50	3721.88	
3717.32	3719.98	3725.14	3733.90	3723.82	3726.76	3726.46	3726.50	3735.16	3737.80	3737.42	3736.76	3733.00	3732.80	3731.42	3728.06	
3733.06	3734.22	3729.60	3723.74	3723.36	3720.56	3723.86	3729.92	3728.96	3731.50	3733.46	3729.90	3733.18	3733.26	3745.92	3736.42	
3743.00	3747.70	3743.16	3739.76	3741.92	3741.12	3738.60	3732.14	3737.18	3739.16	3725.46	3736.66	3738.32	3738.04	3736.10	3737.28	
3727.96	3713.76	3712.50	3711.18	3709.24	3709.56	3726.46	3742.80	3733.32	3729.56	3723.82	3703.06	3723.98	3737.96	3726.42	3728.46	
3731.22	3723.98	3720.74	3726.92	3718.72	3716.72	3715.58	3710.36	3707.68	3711.46	3719.54	3723.36	3720.36	3722.84	3743.92	3702.12	

*******************************************2025/03/24;02:23:57
Probe number 165
Concentration entered by User 2.00% (Compensated: 2.24% at temperature 23.6)
1144.66	1145.54	1163.92	1175.04	1184.56	1196.76	1210.94	1222.80	1239.08	1249.86	1266.98	1289.98	1307.30	1331.60	1355.00	1384.48	
1410.28	1442.44	1471.68	1508.18	1545.62	1591.50	1635.24	1680.26	1733.22	1788.32	1865.32	1956.66	2051.16	2188.58	2360.12	2602.56	
2982.44	3343.48	3595.90	3708.54	3697.12	3715.36	3706.46	3714.46	3720.68	3722.06	3721.90	3723.44	3729.84	3729.40	3727.96	3725.52	
3721.60	3723.84	3728.44	3737.16	3727.60	3730.02	3730.04	3729.84	3738.32	3741.18	3740.82	3739.92	3736.68	3735.84	3734.64	3731.58	
3736.80	3737.78	3733.18	3727.38	3727.38	3724.08	3727.38	3733.46	3732.62	3735.22	3736.74	3733.20	3736.72	3736.18	3749.12	3739.76	
3746.04	3750.78	3746.52	3742.92	3745.14	3744.20	3742.06	3735.56	3740.64	3742.18	3728.62	3739.78	3741.40	3741.48	3739.24	3740.80	
3731.58	3717.30	3716.38	3714.68	3712.88	3713.04	3729.92	3745.98	3736.82	3733.02	3727.30	3707.16	3727.50	3741.48	3729.70	3732.16	
3733.94	3727.58	3724.16	3730.18	3722.68	3720.52	3719.72	3714.00	3711.56	3715.24	3723.04	3726.96	3723.52	3726.28	3747.16	3705.92	

*******************************************2025/03/24;02:43:57
Probe number 166
Concentration entered by User 2.00% (Compensated: 2.24% at temperature 23.6)
1144.90	1145.68	1163.60	1174.44	1183.98	1196.58	1210.84	1222.76	1238.42	1249.98	1267.04	1290.78	1307.48	1331.88	1354.98	1384.54	
1410.72	1441.92	1471.66	1507.10	1546.10	1589.78	1633.94	1679.86	1732.72	1789.74	1867.48	1953.70	2048.68	2189.50	2360.36	2603.14	
2980.72	3345.04	3594.48	3708.22	3696.24	3715.36	3706.04	3714.38	3720.62	3722.24	3721.70	3723.78	3729.72	3728.92	3728.00	3725.24	
3721.66	3723.50	3728.56	3737.22	3727.36	3730.20	3729.66	3729.78	3738.32	3740.86	3740.62	3740.02	3736.30	3736.00	3734.48	3731.42	
3736.32	3737.66	3732.88	3727.34	3726.92	3724.08	3727.16	3733.28	3732.12	3735.22	3736.82	3733.00	3736.78	3736.26	3748.96	3739.72	
3746.18	3750.58	3746.30	3742.70	3744.90	3743.96	3741.94	3735.54	3740.58	3742.40	3728.54	3739.80	3741.26	3741.18	3739.40	3740.58	
3731.58	3717.30	3716.32	3714.54	3712.70	3712.96	3729.64	3745.82	3736.92	3733.06	3727.18	3706.94	3727.48	3741.10	3729.68	3731.80	
3734.16	3727.50	3724.40	3730.06	3722.28	3720.60	3719.18	3713.90	3711.46	3715.06	3723.06	3726.72	3723.40	3726.28	3746.72	3706.30	

*******************************************2025/03/24;03:03:57
Probe number 167
Concentration entered by User 2.00% (Compensated: 2.25% at temperature 23.6)
1144.64	1145.68	1163.86	1174.92	1183.90	1196.30	1210.04	1222.08	1238.06	1249.36	1266.06	1290.30	1307.22	1331.24	1354.06	1384.76	
1410.40	1441.14	1471.78	1508.14	1545.16	1590.78	1633.78	1678.44	1733.70	1788.06	1865.46	1951.16	2054.58	2186.12	2360.82	2604.58	
2978.02	3342.50	3594.00	3708.24	3696.44	3715.06	3706.20	3714.62	3720.36	3721.90	3721.70	3723.34	3729.92	3729.16	3728.02	3725.20	
3721.44	3723.64	3728.58	3737.18	3726.96	3729.94	3729.80	3729.94	3738.58	3740.94	3740.82	3739.96	3736.48	3735.68	3734.80	3731.46	
3736.76	3737.34	3732.78	3727.28	3727.08	3723.74	3727.26	3733.28	3732.64	3735.10	3736.42	3733.04	3736.70	3736.42	3749.20	3739.56	
3746.06	3750.44	3746.30	3742.48	3744.60	3744.18	3742.06	3734.94	3740.70	3741.98	3728.76	3739.76	3741.20	3741.16	3739.38	3740.34	
3731.42	3717.26	3716.28	3714.44	3712.26	3713.12	3729.72	3746.12	3736.56	3732.94	3727.24	3706.52	3727.56	3741.36	3729.60	3731.90	
3734.38	3727.28	3724.08	3730.10	3722.56	3720.00	3719.20	3714.26	3711.46	3714.96	3723.12	3726.92	3723.58	3726.20	3746.58	3705.84	

*******************************************2025/03/24;03:23:57
Probe number 168
Concentration entered by User 2.02% (Compensated: 2.26% at temperature 23.6)
1145.00	1145.08	1163.42	1174.14	1183.64	1195.32	1210.18	1221.26	1237.54	1249.08	1266.30	1289.14	1306.22	1330.70	1353.56	1382.38	
1409.62	1440.68	1470.14	1506.28	1543.82	1589.22	1631.52	1676.24	1730.54	1786.82	1864.14	1954.60	2049.60	2184.82	2355.74	2596.28	
2975.84	3337.10	3590.76	3705.12	3693.40	3712.16	3703.18	3711.54	3717.52	3719.32	3719.12	3720.70	3727.28	3726.58	3725.50	3722.54	
3718.86	3720.70	3725.84	3734.48	3724.34	3727.20	3727.16	3727.46	3736.20	3738.66	3737.84	3737.60	3734.10	3733.72	3731.98	3728.96	
3733.72	3735.10	3730.80	3724.50	3724.88	3721.38	3724.46	3730.88	3729.78	3732.64	3734.42	3730.52	3734.18	3733.56	3746.84	3737.48	
3743.80	3748.34	3743.94	3740.38	3742.64	3741.86	3739.52	3732.82	3738.36	3739.86	3726.52	3737.44	3738.78	3738.84	3736.78	3737.92	
3728.98	3714.68	3713.46	3712.00	3709.84	3710.14	3727.12	3743.68	3734.32	3730.34	3724.52	3703.62	3724.82	3738.82	3727.34	3729.28	
3731.62	3725.30	3721.46	3727.32	3719.76	3717.16	3716.36	3711.20	3708.46	3712.24	3720.76	3724.24	3720.92	3723.66	3744.30	3702.86	

*******************************************2025/03/24;03:43:57
Probe number 169
Concentration entered by User 2.02% (Compensated: 2.26% at temperature 23.6)
1144.80	1144.80	1163.32	1174.32	1183.48	1195.56	1210.14	1221.76	1237.68	1249.02	1266.38	1289.26	1306.36	1330.44	1354.42	1383.66	
1409.16	1439.64	1470.74	1507.20	1544.94	1589.04	1631.96	1676.74	1731.56	1786.68	1863.52	1953.60	2048.30	2182.94	2358.08	2596.60	
2972.98	3338.96	3590.36	3705.74	3694.08	3712.74	3703.48	3711.38	3717.42	3719.36	3719.00	3720.78	3727.02	3726.14	3725.56	3722.72	
3718.48	3720.82	3725.98	3734.48	3724.54	3727.60	3727.28	3726.94	3736.12	3738.38	3738.14	3737.48	3734.16	3733.60	3732.12	3729.02	
3733.84	3734.98	3730.46	3724.80	3724.64	3721.32	3724.44	3730.96	3729.90	3732.30	3734.34	3730.68	3733.94	3733.86	3746.66	3737.12	
3743.74	3748.54	3744.06	3740.44	3742.76	3742.04	3739.68	3732.94	3738.08	3740.00	3726.10	3737.26	3738.92	3738.66	3736.82	3738.00	
3729.06	3714.26	3713.54	3711.84	3709.90	3710.20	3727.18	3743.30	3734.22	3730.36	3724.68	3703.88	3724.94	3738.86	3727.02	3729.26	
3731.54	3724.96	3721.42	3727.68	3719.96	3717.52	3716.18	3710.80	3708.60	3712.24	3720.28	3724.24	3720.98	3723.50	3744.30	3703.08	

*******************************************2025/03/24;04:00:03
Probe number 170
Concentration entered by User 2.02% (Compensated: 2.26% at temperature 23.6)
1144.62	1145.46	1163.62	1174.36	1183.62	1196.10	1210.64	1221.58	1237.92	1249.18	1266.48	1289.44	1305.98	1330.22	1354.68	1383.22	
1410.50	1441.30	1471.02	1507.02	1544.32	1590.44	1631.48	1676.64	1731.30	1787.68	1866.76	1952.20	2051.38	2185.50	2358.36	2595.82	
2973.68	3337.84	3589.52	3705.72	3694.04	3712.62	3703.64	3711.72	3717.76	3719.66	3719.26	3720.98	3727.72	3726.76	3725.60	3722.98	
3719.06	3721.48	3725.90	3734.74	3724.68	3727.74	3727.42	3727.80	3736.44	3738.86	3738.38	3738.12	3734.36	3733.84	3732.48	3729.12	
3734.28	3735.48	3730.48	3725.04	3724.68	3721.88	3725.06	3731.08	3730.20	3733.10	3734.00	3730.58	3734.24	3734.38	3746.94	3737.62	
3744.16	3748.62	3744.02	3740.60	3742.90	3741.94	3739.80	3733.24	3738.48	3740.16	3726.68	3737.62	3739.20	3739.08	3737.44	3738.72	
3729.34	3714.78	3713.78	3712.22	3710.36	3710.70	3727.48	3743.64	3734.50	3730.54	3724.88	3704.00	3725.50	3739.22	3727.30	3729.50	
3731.62	3725.14	3721.70	3727.94	3719.86	3717.86	3716.64	3711.44	3708.98	3712.42	3720.92	3724.48	3721.28	3723.96	3744.84	3703.28	

*******************************************2025/03/24;04:03:57
Probe number 171
Concentration entered by User 2.02% (Compensated: 2.26% at temperature 23.6)
1144.86	1145.28	1163.18	1174.48	1183.50	1195.96	1210.18	1222.28	1237.60	1249.42	1266.42	1289.96	1306.20	1330.42	1354.90	1384.02	
1409.28	1440.52	1470.62	1506.80	1544.94	1590.82	1631.74	1678.98	1731.52	1786.42	1864.50	1953.40	2050.38	2184.56	2357.40	2597.72	
2973.70	3339.46	3590.82	3705.04	3693.80	3712.70	3703.44	3712.04	3717.84	3719.20	3719.44	3720.80	3727.20	3726.94	3725.50	3722.92	
3718.88	3721.26	3725.82	3734.62	3724.66	3727.64	3727.56	3727.50	3736.10	3738.78	3738.46	3737.60	3734.26	3733.32	3732.42	3728.94	
3734.18	3735.02	3730.52	3724.80	3725.04	3721.82	3724.80	3731.16	3729.80	3732.76	3734.60	3730.70	3734.40	3733.88	3746.84	3737.42	
3743.98	3748.38	3744.16	3740.44	3742.86	3742.16	3739.78	3732.70	3738.14	3740.04	3726.50	3737.50	3738.94	3738.86	3737.24	3738.10	
3729.20	3714.58	3713.90	3712.12	3710.26	3710.36	3727.26	3743.54	3734.40	3730.38	3724.92	3704.22	3725.16	3739.34	3727.46	3729.36	
3731.92	3725.32	3721.86	3728.12	3720.08	3717.96	3716.48	3711.38	3708.62	3712.56	3720.64	3724.30	3720.84	3723.58	3744.74	3703.02	

*******************************************2025/03/24;04:23:57
Probe number 172
Concentration entered by User 2.03% (Compensated: 2.27% at temperature 23.6)
1145.14	1145.40	1162.98	1174.34	1183.76	1195.40	1210.38	1221.54	1237.34	1249.16	1266.38	1289.60	1305.56	1329.52	1354.22	1383.82	
1409.36	1440.14	1470.10	1505.82	1543.96	1590.38	1632.30	1676.38	1730.90	1786.34	1864.46	1953.32	2048.98	2184.60	2355.86	2594.72	
2970.98	3335.68	3586.98	3703.96	3691.42	3710.42	3701.38	3709.56	3715.74	3717.54	3717.20	3718.66	3725.72	3724.80	3723.44	3720.76	
3716.78	3719.38	3724.08	3732.82	3722.80	3725.68	3725.62	3725.56	3734.34	3737.16	3736.52	3735.92	3732.18	3731.68	3730.76	3727.22	
3732.36	3733.28	3728.72	3722.44	3722.80	3719.62	3723.02	3729.04	3727.86	3731.04	3732.74	3729.12	3732.46	3732.14	3745.36	3736.00	
3742.26	3746.74	3742.70	3738.60	3740.84	3740.24	3738.06	3731.24	3736.70	3738.26	3724.38	3735.76	3737.40	3737.26	3735.58	3736.54	
3727.10	3712.78	3711.26	3709.84	3707.68	3708.58	3725.50	3742.14	3732.60	3728.72	3722.88	3701.76	3722.94	3737.34	3725.06	3727.56	
3729.78	3723.36	3719.96	3725.92	3718.18	3715.80	3714.78	3709.52	3706.60	3710.20	3718.62	3722.30	3719.02	3721.80	3742.98	3701.08	

*******************************************2025/03/24;04:43:57
Probe number 173
Concentration entered by User 2.03% (Compensated: 2.27% at temperature 23.5)
1144.34	1145.14	1163.22	1173.76	1183.10	1195.58	1209.90	1221.22	1236.84	1248.72	1265.38	1288.54	1306.18	1330.28	1353.16	1383.38	
1409.04	1439.72	1469.30	1506.04	1542.82	1588.12	1630.64	1675.88	1730.64	1784.76	1863.86	1951.24	2047.52	2179.90	2354.90	2594.04	
2969.06	3335.60	3586.36	3703.78	3690.98	3710.02	3701.36	3709.12	3715.44	3717.22	3716.92	3718.64	3724.88	3724.48	3723.38	3720.94	
3716.52	3718.98	3723.70	3732.64	3722.56	3725.28	3725.34	3725.32	3734.22	3736.72	3736.34	3735.40	3732.16	3731.56	3730.30	3726.68	
3731.84	3732.92	3728.44	3722.68	3722.68	3719.28	3722.60	3728.70	3727.82	3730.80	3732.32	3728.44	3732.28	3731.64	3744.86	3735.56	
3742.36	3746.84	3742.38	3738.46	3740.92	3739.98	3737.88	3731.26	3736.70	3737.90	3724.10	3735.60	3737.18	3736.64	3734.72	3736.16	
3727.00	3712.38	3711.26	3709.92	3707.78	3708.10	3725.44	3741.80	3732.36	3727.96	3722.72	3701.72	3722.94	3736.76	3725.04	3727.44	
3729.62	3722.86	3719.70	3725.86	3717.86	3715.56	3714.12	3709.10	3706.44	3710.52	3718.22	3721.96	3718.72	3721.44	3742.64	3701.02	

*******************************************2025/03/24;05:03:57
Probe number 174
Concentration entered by User 2.03% (Compensated: 2.27% at temperature 23.5)
1144.10	1144.46	1162.56	1173.52	1182.64	1195.32	1209.42	1220.60	1236.82	1248.36	1266.00	1288.56	1304.82	1329.12	1353.54	1383.02	
1409.02	1439.70	1468.52	1504.62	1542.18	1588.52	1629.76	1676.30	1728.24	1784.16	1862.56	1952.86	2046.76	2179.78	2354.26	2592.80	
2969.02	3336.56	3586.76	3702.88	3690.70	3709.90	3700.84	3709.12	3715.30	3717.18	3717.10	3718.38	3725.14	3724.46	3723.26	3720.48	
3716.34	3718.56	3723.54	3732.44	3722.50	3725.22	3725.14	3725.10	3734.04	3736.48	3736.04	3735.62	3731.98	3731.30	3730.34	3726.58	
3732.10	3732.92	3728.78	3722.18	3722.48	3719.18	3722.22	3728.54	3728.04	3730.66	3732.24	3728.56	3732.08	3731.84	3744.82	3735.22	
3741.98	3746.60	3742.52	3738.36	3740.68	3739.70	3737.92	3731.00	3736.04	3737.96	3723.82	3735.24	3737.40	3736.78	3735.14	3735.96	
3726.92	3711.98	3711.40	3709.48	3707.62	3707.86	3725.14	3741.54	3732.26	3728.44	3722.54	3701.40	3722.80	3737.00	3725.14	3727.32	
3729.62	3722.68	3719.60	3725.30	3717.70	3715.38	3713.98	3708.86	3706.06	3710.04	3718.30	3722.02	3718.34	3721.60	3742.66	3700.56	

*******************************************2025/03/24;05:23:57
Probe number 175
Concentration entered by User 2.03% (Compensated: 2.27% at temperature 23.5)
1144.20	1144.82	1163.14	1173.68	1182.74	1195.20	1209.30	1221.38	1236.96	1248.32	1265.32	1288.56	1305.38	1329.12	1353.44	1383.24	
1408.52	1439.14	1467.78	1504.72	1542.44	1587.70	1629.42	1676.14	1728.80	1784.74	1860.96	1948.60	2045.82	2179.96	2353.16	2594.24	
2967.10	3332.78	3585.52	3703.16	3691.12	3710.08	3701.24	3709.40	3715.50	3717.46	3717.26	3718.58	3725.26	3724.44	3723.62	3720.14	
3716.42	3719.22	3723.76	3732.88	3722.38	3725.64	3725.24	3725.30	3734.00	3736.84	3736.64	3735.98	3732.16	3731.62	3730.32	3727.18	
3732.14	3733.30	3728.26	3722.70	3722.76	3719.64	3722.98	3729.20	3728.08	3730.90	3732.38	3728.72	3732.34	3732.00	3745.16	3735.30	
3742.38	3746.90	3742.20	3738.66	3740.88	3740.42	3738.04	3731.02	3736.50	3738.34	3724.60	3735.28	3737.38	3736.84	3735.10	3736.26	
3726.96	3712.88	3711.46	3710.02	3708.08	3708.22	3725.74	3742.02	3732.50	3728.90	3722.52	3701.64	3722.90	3737.30	3725.10	3727.58	
3729.82	3723.02	3719.60	3725.96	3717.96	3715.60	3714.58	3709.26	3706.88	3710.30	3718.44	3722.20	3718.96	3721.68	3742.94	3700.90	

*******************************************2025/03/24;05:43:57
Probe number 176
Concentration entered by User 2.03% (Compensated: 2.27% at temperature 23.5)
1144.60	1145.28	1163.76	1174.32	1182.98	1196.22	1210.12	1221.66	1237.10	1248.96	1266.20	1289.50	1306.28	1330.56	1353.54	1383.24	
1409.76	1440.86	1469.52	1505.92	1543.20	1587.52	1631.66	1676.92	1729.88	1786.10	1864.34	1949.86	2047.84	2186.36	2354.70	2594.34	
2969.32	3334.08	3589.24	3705.56	3694.26	3712.66	3703.56	3712.40	3718.58	3720.28	3719.88	3721.52	3728.14	3727.34	3726.40	3723.76	
3719.66	3722.18	3726.64	3735.42	3725.54	3728.14	3728.12	3727.70	3737.10	3739.20	3739.08	3738.36	3734.60	3734.36	3733.20	3729.76	
3734.72	3735.68	3731.18	3725.22	3725.44	3722.38	3725.38	3731.92	3730.60	3733.76	3735.10	3731.42	3734.96	3734.70	3747.36	3738.32	
3744.48	3748.78	3744.66	3741.12	3743.28	3742.70	3740.70	3733.44	3739.08	3740.66	3727.04	3737.94	3739.90	3739.78	3737.66	3738.80	
3729.98	3715.58	3714.44	3712.90	3711.10	3711.10	3727.94	3744.30	3734.70	3731.38	3725.40	3704.86	3725.94	3739.52	3727.70	3730.52	
3732.72	3725.70	3722.38	3728.56	3720.58	3718.56	3717.22	3712.22	3709.70	3713.18	3721.36	3725.00	3721.92	3724.78	3745.30	3704.26	

*******************************************2025/03/24;06:03:57
Probe number 177
Concentration entered by User 2.03% (Compensated: 2.27% at temperature 23.5)
1144.48	1145.06	1163.60	1174.02	1182.66	1195.48	1209.80	1221.50	1237.06	1248.64	1264.98	1289.14	1305.76	1330.94	1353.08	1381.74	
1409.04	1439.30	1468.78	1504.56	1542.52	1587.30	1629.24	1676.20	1729.36	1784.40	1862.58	1949.08	2047.26	2181.14	2353.72	2593.82	
2965.90	3335.30	3585.68	3703.56	3692.16	3710.74	3701.56	3709.74	3716.24	3718.20	3717.38	3719.26	3726.06	3725.10	3723.74	3721.16	
3717.34	3719.74	3724.24	3733.28	3723.20	3725.80	3725.50	3725.52	3734.58	3737.36	3736.86	3736.22	3732.78	3732.12	3731.00	3727.44	
3732.72	3733.88	3729.04	3722.86	3723.40	3720.22	3723.30	3729.64	3728.50	3731.40	3733.10	3729.30	3733.00	3732.34	3745.42	3735.98	
3742.76	3747.16	3742.78	3738.88	3741.22	3740.82	3738.30	3731.28	3736.90	3738.76	3725.08	3736.26	3737.80	3737.62	3735.90	3736.86	
3727.96	3713.02	3712.08	3710.38	3708.62	3708.80	3726.08	3742.36	3732.88	3728.94	3723.30	3702.66	3723.62	3737.78	3725.78	3727.88	
3730.56	3723.84	3720.18	3726.20	3718.66	3716.30	3715.16	3709.88	3707.12	3710.98	3719.36	3722.82	3719.50	3722.18	3743.18	3701.54	

*******************************************2025/03/24;06:23:57
Probe number 178
Concentration entered by User 2.03% (Compensated: 2.27% at temperature 23.5)
1144.76	1145.24	1163.40	1173.88	1183.08	1195.70	1209.88	1221.42	1236.92	1248.42	1264.84	1289.60	1306.58	1329.74	1353.26	1382.62	
1407.86	1439.50	1469.44	1505.80	1543.70	1587.90	1629.48	1676.06	1729.28	1786.32	1860.04	1950.16	2047.66	2180.46	2353.12	2591.30	
2970.04	3331.92	3586.32	3704.34	3691.58	3710.54	3701.12	3709.76	3716.08	3718.10	3717.70	3719.50	3725.74	3725.36	3723.84	3721.70	
3717.22	3719.72	3724.28	3733.32	3722.84	3726.36	3725.98	3725.72	3734.80	3737.40	3736.76	3736.06	3732.78	3731.92	3730.64	3727.42	
3732.46	3734.02	3729.10	3723.20	3723.10	3719.70	3723.24	3729.32	3728.72	3731.50	3733.02	3729.28	3732.84	3732.46	3745.72	3736.30	
3742.58	3747.22	3743.04	3739.22	3741.12	3740.78	3738.22	3731.42	3737.08	3738.62	3724.82	3736.32	3737.68	3737.62	3735.52	3736.84	
3727.60	3713.12	3712.08	3710.58	3708.74	3708.98	3725.72	3742.50	3732.94	3728.92	3723.44	3702.60	3723.48	3737.56	3725.78	3728.10	
3730.54	3723.60	3720.16	3726.58	3718.50	3716.48	3715.00	3709.86	3707.16	3710.86	3718.98	3722.72	3719.30	3722.24	3743.14	3702.02	

*******************************************2025/03/24;06:43:57
Probe number 179
Concentration entered by User 2.03% (Compensated: 2.27% at temperature 23.5)
1144.54	1145.02	1163.36	1174.18	1182.72	1195.34	1209.66	1221.50	1237.14	1249.08	1264.26	1289.12	1305.80	1329.50	1353.60	1382.90	
1408.50	1439.28	1469.78	1504.92	1543.28	1588.34	1630.38	1674.94	1730.84	1784.60	1862.44	1946.80	2047.84	2179.78	2355.54	2593.82	
2967.82	3333.04	3587.40	3703.52	3691.32	3710.20	3701.26	3709.76	3715.86	3717.46	3717.64	3719.36	3725.72	3724.94	3723.92	3721.16	
3716.64	3719.42	3724.14	3732.96	3722.78	3725.90	3725.46	3725.72	3734.58	3737.22	3736.94	3736.24	3732.52	3731.84	3730.50	3727.74	
3732.34	3733.60	3728.90	3722.86	3722.94	3719.80	3723.24	3729.44	3728.48	3731.16	3732.90	3728.94	3732.80	3732.22	3745.40	3735.76	
3742.68	3747.08	3742.86	3738.94	3741.28	3740.34	3738.26	3731.36	3736.76	3738.22	3724.44	3736.22	3737.70	3737.48	3735.52	3736.86	
3727.56	3713.04	3712.02	3710.38	3708.42	3708.62	3725.60	3742.34	3732.70	3728.88	3723.00	3702.14	3723.54	3737.46	3725.32	3727.64	
3730.30	3723.44	3720.02	3725.96	3718.28	3716.10	3714.78	3709.36	3706.88	3710.74	3718.74	3722.38	3719.40	3722.00	3743.10	3701.12	

*******************************************2025/03/24;07:00:03
Probe number 180
Concentration entered by User 2.04% (Compensated: 2.28% at temperature 23.5)
1144.20	1144.50	1163.12	1173.82	1183.26	1194.92	1209.78	1221.08	1237.06	1248.12	1265.50	1288.98	1305.14	1328.32	1354.28	1382.36	
1408.70	1438.94	1468.32	1505.06	1542.50	1589.12	1629.96	1675.86	1729.46	1784.78	1863.58	1951.00	2046.90	2178.00	2354.48	2592.32	
2966.38	3330.40	3586.06	3704.24	3691.86	3711.08	3701.90	3710.00	3716.32	3718.00	3717.64	3719.88	3725.78	3725.22	3724.06	3721.52	
3717.30	3720.08	3724.62	3733.22	3723.30	3726.34	3725.82	3726.00	3734.86	3737.42	3736.88	3736.36	3732.84	3732.04	3730.86	3727.56	
3732.64	3733.94	3729.12	3723.30	3723.34	3720.10	3723.30	3729.66	3728.80	3731.44	3733.06	3729.42	3733.18	3732.74	3745.48	3736.30	
3742.86	3747.26	3742.98	3739.26	3741.52	3741.08	3738.36	3731.68	3737.14	3738.94	3724.84	3736.28	3737.72	3737.84	3735.96	3737.04	
3727.78	3713.06	3712.12	3710.80	3708.72	3709.06	3726.02	3742.42	3733.08	3729.22	3723.50	3702.62	3723.66	3737.76	3725.78	3728.26	
3730.46	3723.80	3720.64	3726.58	3718.50	3716.42	3714.98	3709.60	3707.54	3710.90	3719.32	3723.04	3719.58	3722.50	3743.42	3701.88	

*******************************************2025/03/24;07:03:57
Probe number 181
Concentration entered by User 2.02% (Compensated: 2.26% at temperature 23.5)
1144.90	1145.32	1163.64	1174.90	1183.44	1195.96	1211.42	1221.86	1237.78	1249.80	1265.82	1289.46	1306.04	1330.58	1354.64	1384.04	
1409.68	1441.02	1470.50	1507.34	1544.06	1589.42	1631.66	1676.72	1731.78	1784.62	1863.02	1953.22	2047.68	2181.98	2357.06	2595.08	
2970.84	3336.84	3588.32	3706.78	3695.30	3714.22	3705.04	3713.26	3719.20	3721.16	3720.72	3722.14	3728.78	3728.06	3726.84	3724.22	
3720.22	3722.46	3727.38	3735.68	3726.42	3728.90	3728.58	3728.38	3737.62	3740.08	3739.60	3739.08	3735.50	3735.16	3733.64	3730.44	
3735.40	3736.58	3731.74	3726.10	3725.90	3723.04	3726.06	3732.38	3731.36	3734.10	3735.40	3732.18	3735.56	3735.18	3747.94	3738.92	
3745.46	3749.88	3745.58	3741.64	3744.14	3743.58	3741.06	3734.56	3739.68	3741.44	3727.76	3738.60	3740.44	3740.26	3738.34	3739.62	
3730.50	3716.30	3715.16	3713.58	3711.56	3711.90	3728.74	3745.02	3735.66	3731.98	3726.36	3705.50	3726.50	3740.40	3728.48	3730.94	
3732.98	3726.58	3723.10	3728.98	3721.26	3719.04	3717.84	3713.02	3710.38	3714.18	3722.40	3725.88	3722.36	3725.08	3745.98	3705.16	

*******************************************2025/03/24;07:23:57
Probe number 182
Concentration entered by User 2.04% (Compensated: 2.28% at temperature 23.5)
1144.90	1144.82	1163.20	1173.92	1183.12	1195.62	1210.34	1220.80	1237.14	1248.12	1265.38	1289.56	1306.14	1330.26	1353.32	1383.78	
1408.60	1439.60	1470.02	1505.48	1542.82	1587.46	1630.44	1676.10	1730.20	1784.56	1864.32	1948.42	2047.22	2177.66	2358.04	2592.48	
2960.76	3333.86	3585.76	3703.46	3692.06	3710.74	3701.88	3710.28	3716.58	3718.30	3717.98	3719.36	3726.34	3725.28	3723.94	3721.72	
3717.74	3719.76	3724.30	3733.44	3723.30	3726.12	3725.66	3726.10	3735.06	3737.58	3737.30	3736.46	3733.08	3732.08	3731.16	3728.24	
3732.76	3734.28	3729.26	3723.18	3723.38	3720.22	3723.66	3730.12	3729.10	3731.66	3733.20	3729.62	3733.12	3732.88	3745.80	3736.54	
3743.06	3747.32	3743.12	3739.50	3741.72	3741.14	3738.86	3731.80	3737.22	3738.88	3725.34	3736.36	3738.08	3738.04	3736.10	3737.24	
3728.18	3713.50	3712.46	3710.68	3709.18	3709.14	3726.44	3742.74	3733.22	3729.38	3723.76	3702.86	3723.76	3738.12	3726.04	3728.26	
3730.72	3724.30	3720.90	3726.74	3718.74	3716.76	3715.12	3710.18	3707.24	3711.28	3719.60	3723.28	3719.68	3722.80	3743.56	3702.10	

*******************************************2025/03/24;07:43:57
Probe number 183
Concentration entered by User 2.05% (Compensated: 2.28% at temperature 23.5)
1144.24	1145.00	1163.28	1174.16	1182.98	1195.46	1209.62	1221.22	1236.82	1247.86	1264.72	1288.14	1306.02	1329.44	1353.28	1382.00	
1408.40	1439.20	1469.48	1505.04	1543.18	1587.84	1629.42	1676.08	1729.74	1782.56	1861.94	1948.96	2046.04	2180.10	2353.70	2588.44	
2965.80	3330.02	3580.40	3701.44	3690.14	3708.96	3699.50	3707.66	3713.94	3715.50	3715.72	3717.04	3723.56	3723.26	3721.66	3719.12	
3714.82	3717.64	3722.20	3731.18	3720.86	3723.68	3723.80	3723.62	3732.76	3735.18	3735.02	3734.38	3730.56	3730.14	3728.80	3725.40	
3730.56	3731.76	3726.98	3721.16	3721.04	3717.86	3720.90	3727.44	3726.38	3729.20	3730.84	3727.30	3730.92	3730.60	3743.64	3734.26	
3740.90	3745.36	3740.86	3737.22	3739.46	3738.86	3736.34	3729.52	3734.86	3737.06	3722.66	3734.22	3735.82	3735.66	3733.76	3735.00	
3725.50	3710.88	3709.78	3708.42	3706.32	3706.80	3723.94	3740.56	3731.14	3726.92	3721.30	3700.24	3721.56	3735.68	3723.54	3725.88	
3728.30	3721.16	3717.74	3724.28	3716.38	3713.70	3712.92	3707.56	3704.88	3708.68	3716.70	3720.76	3717.40	3720.38	3741.28	3699.00	

*******************************************2025/03/24;08:03:57
Probe number 184
Concentration entered by User 2.05% (Compensated: 2.29% at temperature 23.5)
1143.82	1143.98	1162.26	1172.80	1182.20	1195.08	1209.42	1220.12	1235.56	1246.76	1264.70	1287.74	1304.74	1328.26	1351.02	1381.28	
1406.64	1438.44	1467.84	1504.04	1540.06	1585.12	1627.68	1671.14	1726.40	1779.86	1859.22	1948.88	2040.50	2175.98	2347.70	2585.28	
2962.48	3327.76	3578.92	3702.30	3689.80	3708.84	3700.02	3708.54	3714.18	3716.66	3716.34	3717.70	3724.54	3723.84	3722.76	3720.16	
3716.10	3718.52	3723.10	3732.08	3721.48	3724.78	3724.76	3724.70	3733.42	3736.04	3735.48	3734.58	3731.18	3730.34	3729.04	3725.74	
3730.68	3731.68	3727.18	3721.46	3721.24	3718.02	3721.12	3727.46	3726.60	3729.72	3730.86	3727.36	3731.12	3730.70	3743.64	3734.04	
3740.62	3745.40	3740.90	3737.30	3739.54	3738.96	3736.78	3729.64	3734.96	3736.78	3722.88	3734.10	3735.72	3735.50	3733.68	3734.68	
3725.46	3711.10	3709.82	3708.16	3706.50	3706.96	3723.94	3740.38	3730.96	3726.76	3721.26	3700.02	3721.42	3735.72	3723.50	3726.38	
3728.08	3721.54	3717.52	3724.38	3716.08	3713.72	3712.76	3707.40	3704.88	3708.80	3716.82	3720.70	3717.74	3720.26	3741.60	3699.14	

*******************************************2025/03/24;08:23:57
Probe number 185
Concentration entered by User 2.03% (Compensated: 2.27% at temperature 23.5)
1143.80	1144.10	1161.96	1172.60	1182.50	1195.56	1209.14	1220.62	1236.12	1246.92	1264.78	1287.90	1304.88	1329.02	1352.00	1381.02	
1407.82	1438.42	1467.88	1504.08	1541.68	1586.46	1628.42	1672.88	1726.70	1781.80	1859.12	1947.46	2042.36	2176.44	2348.18	2591.44	
2964.16	3334.90	3585.56	3706.16	3695.50	3713.98	3705.22	3713.72	3719.58	3721.50	3721.32	3723.00	3729.68	3728.86	3727.52	3725.54	
3721.26	3723.82	3727.68	3737.14	3727.06	3729.62	3729.42	3729.02	3738.48	3740.72	3740.02	3739.32	3735.70	3734.92	3733.74	3730.76	
3735.42	3736.88	3731.76	3726.36	3726.16	3723.20	3726.14	3732.36	3731.40	3734.12	3735.70	3731.86	3735.50	3735.14	3747.86	3738.62	
3745.22	3749.68	3745.66	3741.54	3744.04	3743.22	3740.88	3733.98	3739.48	3741.30	3727.74	3738.58	3740.32	3740.20	3738.16	3739.64	
3730.58	3716.14	3714.86	3713.32	3711.60	3711.80	3728.68	3744.82	3735.64	3731.80	3726.10	3705.44	3726.18	3739.92	3728.64	3730.42	
3732.98	3726.30	3723.22	3729.18	3721.00	3719.22	3717.82	3712.78	3709.98	3714.16	3721.94	3725.82	3722.32	3725.20	3745.68	3704.94	

*******************************************2025/03/24;08:43:57
Probe number 186
Concentration entered by User 2.06% (Compensated: 2.30% at temperature 23.5)
1143.04	1143.06	1161.70	1172.08	1180.74	1193.92	1207.68	1219.02	1234.24	1245.32	1263.04	1286.36	1303.16	1326.54	1349.80	1379.66	
1404.90	1435.94	1464.92	1500.66	1537.30	1582.34	1624.30	1670.66	1722.64	1776.38	1853.34	1942.92	2037.66	2170.46	2345.64	2583.60	
2960.06	3322.88	3579.66	3700.20	3690.26	3709.00	3700.24	3708.92	3715.22	3717.28	3716.90	3718.58	3725.32	3724.36	3723.44	3720.70	
3716.78	3719.46	3723.74	3732.92	3722.60	3725.08	3725.02	3725.34	3734.18	3736.80	3736.20	3735.30	3731.70	3730.98	3729.56	3726.18	
3731.54	3732.60	3727.68	3722.08	3721.84	3718.52	3721.74	3728.16	3727.08	3730.18	3731.52	3728.00	3731.56	3730.88	3744.34	3734.90	
3741.50	3745.88	3741.40	3738.00	3740.08	3739.32	3736.90	3730.14	3735.66	3737.30	3723.52	3734.76	3736.44	3736.10	3734.28	3735.84	
3726.14	3711.78	3710.74	3708.96	3706.94	3707.56	3724.58	3741.12	3731.66	3727.58	3721.88	3700.54	3722.08	3736.48	3724.22	3726.68	
3728.84	3722.46	3718.72	3724.86	3716.80	3714.60	3713.50	3708.24	3705.34	3709.54	3717.34	3721.30	3718.16	3720.82	3742.00	3699.80	

*******************************************2025/03/24;09:03:57
Probe number 187
Concentration entered by User 2.04% (Compensated: 2.27% at temperature 23.5)
1143.48	1143.60	1161.88	1172.64	1181.62	1194.38	1208.48	1219.58	1235.02	1245.82	1263.68	1287.58	1304.02	1327.42	1350.78	1380.28	
1405.78	1437.68	1466.32	1503.34	1539.18	1584.30	1626.88	1670.32	1724.28	1779.92	1857.10	1945.36	2041.68	2179.36	2346.48	2590.58	
2963.98	3332.14	3585.68	3705.88	3694.52	3713.82	3705.16	3713.84	3719.74	3721.30	3721.50	3722.96	3729.54	3728.96	3727.92	3725.36	
3721.34	3723.80	3728.36	3737.26	3727.28	3729.90	3729.66	3729.64	3738.26	3740.82	3740.38	3739.64	3735.82	3735.16	3734.22	3730.80	
3735.58	3736.62	3731.98	3726.18	3726.50	3723.12	3726.22	3732.52	3731.32	3734.52	3736.06	3732.20	3735.94	3735.38	3748.28	3738.84	
3745.44	3750.12	3745.54	3742.20	3744.28	3743.52	3741.28	3734.34	3740.04	3741.46	3727.74	3738.80	3740.68	3740.48	3738.46	3739.72	
3730.72	3716.52	3715.38	3713.84	3712.08	3712.06	3728.72	3745.00	3735.80	3732.08	3726.50	3705.90	3726.66	3740.74	3728.88	3730.70	
3733.22	3727.00	3723.34	3729.16	3721.26	3719.32	3718.32	3712.98	3710.20	3714.32	3722.02	3725.76	3722.72	3725.30	3746.20	3705.30	

*******************************************2025/03/24;09:23:57
Probe number 188
Concentration entered by User 2.06% (Compensated: 2.30% at temperature 23.5)
1142.22	1142.78	1160.56	1171.36	1180.76	1192.96	1207.24	1218.56	1233.60	1245.02	1262.04	1285.68	1302.96	1325.94	1349.00	1378.62	
1403.54	1434.54	1464.24	1500.06	1537.12	1581.56	1623.56	1668.00	1721.50	1777.58	1853.30	1937.64	2036.08	2168.18	2342.98	2582.70	
2957.30	3325.48	3580.28	3701.74	3689.40	3708.20	3699.40	3708.34	3715.14	3716.70	3716.24	3718.16	3724.68	3723.78	3723.06	3720.34	
3716.12	3718.66	3723.36	3732.28	3721.64	3724.58	3724.76	3724.78	3733.80	3736.20	3735.28	3734.42	3731.20	3730.18	3729.16	3725.70	
3730.64	3732.02	3727.08	3721.08	3721.42	3717.86	3721.12	3727.48	3726.50	3729.26	3731.02	3727.04	3730.80	3730.36	3743.34	3733.88	
3740.72	3745.18	3741.00	3736.90	3739.08	3738.30	3736.30	3729.52	3734.72	3736.52	3722.80	3734.16	3735.74	3735.40	3733.56	3734.56	
3725.66	3710.68	3710.14	3707.70	3706.20	3706.26	3723.64	3740.20	3730.60	3726.94	3720.94	3699.68	3721.42	3735.72	3723.40	3725.58	
3727.90	3721.26	3717.90	3724.00	3715.94	3713.54	3712.36	3707.34	3704.88	3708.14	3716.58	3719.98	3717.50	3719.80	3741.46	3698.88	

*******************************************2025/03/24;09:43:57
Probe number 189
Concentration entered by User 2.06% (Compensated: 2.30% at temperature 23.5)
1142.08	1142.70	1160.42	1170.76	1180.90	1192.90	1206.96	1218.06	1234.18	1244.64	1261.82	1285.20	1301.84	1325.48	1348.70	1377.66	
1403.18	1434.58	1463.88	1498.94	1535.52	1580.52	1620.76	1665.10	1719.42	1774.76	1850.84	1937.60	2035.96	2168.38	2343.04	2586.14	
2955.24	3322.98	3578.18	3700.30	3689.14	3707.98	3699.64	3708.40	3714.88	3716.64	3716.34	3718.06	3724.62	3723.86	3722.78	3720.52	
3716.34	3718.92	3723.24	3732.16	3721.86	3724.62	3724.62	3724.70	3733.60	3736.12	3734.76	3734.34	3730.92	3730.36	3729.28	3725.60	
3730.24	3731.58	3726.84	3720.84	3720.94	3717.52	3720.60	3727.50	3726.46	3729.14	3730.60	3726.56	3730.66	3730.02	3742.96	3733.96	
3740.40	3745.00	3740.58	3736.92	3738.90	3738.30	3736.12	3729.26	3734.40	3736.48	3722.24	3733.88	3735.56	3735.12	3733.22	3734.62	
3725.06	3710.36	3709.58	3707.74	3706.02	3706.10	3723.50	3740.18	3730.20	3726.80	3721.12	3699.82	3721.12	3735.16	3723.44	3725.44	
3727.88	3721.08	3718.00	3723.78	3715.74	3713.44	3711.96	3706.92	3704.58	3708.36	3716.34	3720.38	3717.18	3719.36	3741.00	3698.92	

*******************************************2025/03/24;10:03:57
Probe number 190
Concentration entered by User 2.06% (Compensated: 2.30% at temperature 23.6)
1142.02	1142.30	1160.44	1170.98	1180.70	1192.56	1206.78	1217.92	1233.32	1244.60	1261.90	1285.00	1301.52	1325.50	1348.76	1378.00	
1403.18	1434.66	1464.30	1499.76	1536.08	1580.44	1621.20	1667.24	1721.10	1775.88	1852.74	1939.12	2031.38	2169.68	2344.58	2588.28	
2960.30	3323.56	3579.74	3703.04	3692.08	3711.02	3701.98	3710.54	3717.32	3718.94	3719.00	3720.38	3727.34	3726.22	3725.32	3722.60	
3718.64	3721.48	3725.80	3734.44	3724.54	3727.16	3727.26	3727.22	3736.04	3738.18	3737.58	3736.88	3733.28	3733.20	3731.70	3728.28	
3733.06	3734.44	3729.28	3723.40	3723.36	3720.32	3723.34	3729.58	3728.90	3731.72	3732.98	3729.74	3733.28	3732.84	3745.54	3736.38	
3742.74	3747.32	3743.06	3739.34	3741.52	3741.22	3738.52	3731.68	3737.20	3739.08	3725.08	3736.46	3737.80	3737.68	3735.60	3736.90	
3727.80	3713.38	3712.20	3710.46	3708.84	3708.98	3725.84	3742.34	3733.16	3729.38	3723.62	3703.02	3723.80	3737.78	3726.16	3727.96	
3730.28	3723.72	3720.46	3726.48	3718.56	3716.38	3715.42	3709.78	3707.32	3711.04	3719.42	3722.70	3719.64	3722.32	3743.30	3702.04	

*******************************************2025/03/24;18:42:30
Probe number 0
Concentration entered by User 2.88% (Compensated: 3.19% at temperature 24.5)
1409.30	1406.30	1443.32	1463.96	1489.36	1510.98	1530.34	1549.24	1569.84	1579.66	1595.48	1628.56	1648.26	1678.88	1713.40	1770.54	
1817.00	1865.26	1912.86	1944.04	1963.24	1989.24	2015.68	2052.30	2097.70	2169.48	2268.78	2351.60	2428.60	2579.08	2723.40	2837.36	
3002.08	3226.60	3340.60	3426.84	3495.60	3533.10	3531.32	3546.36	3590.70	3607.34	3579.10	3521.48	3443.12	3407.34	3381.92	3334.44	
3372.46	3426.16	3407.18	3358.14	3315.62	3325.44	3302.06	3240.62	3318.04	3369.92	3440.70	3469.86	3541.86	3612.36	3611.28	3627.54	
3656.44	3686.48	3740.38	3734.18	3741.18	3744.96	3743.52	3763.54	3753.68	3760.22	3763.68	3743.24	3731.24	3681.08	3647.92	3563.02	
3530.44	3504.16	3505.16	3481.46	3427.36	3375.36	3355.66	3406.30	3419.98	3552.96	3597.02	3692.36	3703.06	3741.26	3796.88	3796.52	
3778.72	3735.66	3749.12	3744.26	3748.14	3756.68	3783.14	3792.54	3788.18	3789.74	3800.96	3788.56	3813.42	3825.00	3810.86	3810.26	
3809.12	3779.90	3775.00	3777.26	3754.70	3754.64	3747.92	3751.08	3717.14	3684.06	3643.52	3603.20	3526.32	3521.80	3541.40	3489.26	

*******************************************2025/03/24;18:44:24
Probe number 1
Concentration entered by User 2.75% (Compensated: 3.11% at temperature 25.2)
1408.16	1405.82	1442.56	1463.24	1488.38	1508.94	1530.00	1550.62	1568.78	1577.22	1593.54	1627.52	1647.28	1677.56	1715.02	1774.28	
1820.36	1867.64	1911.54	1940.76	1961.86	1986.78	2015.68	2054.14	2095.70	2168.42	2268.26	2347.26	2425.58	2580.22	2727.10	2840.06	
3011.62	3243.06	3361.58	3443.64	3504.66	3542.06	3540.78	3562.76	3603.86	3618.46	3591.90	3529.86	3445.08	3404.66	3369.92	3329.58	
3374.52	3430.40	3409.84	3359.92	3320.90	3327.64	3305.40	3252.00	3335.18	3395.24	3470.46	3499.54	3574.38	3635.96	3631.64	3644.80	
3668.66	3701.50	3749.76	3743.24	3749.46	3753.20	3748.78	3765.18	3751.90	3759.06	3759.70	3740.34	3730.78	3683.70	3651.46	3567.02	
3532.34	3506.20	3505.88	3476.20	3423.30	3374.20	3354.74	3405.66	3424.12	3556.96	3593.64	3689.04	3695.94	3737.48	3791.94	3791.88	
3776.62	3736.96	3751.38	3744.80	3751.42	3762.00	3786.58	3795.48	3789.76	3791.52	3801.32	3788.16	3812.48	3824.02	3811.02	3812.38	
3810.22	3784.22	3782.24	3784.16	3761.72	3759.74	3750.96	3753.22	3721.02	3688.30	3650.74	3611.38	3543.30	3541.22	3562.34	3511.28	

*******************************************2025/03/24;18:47:19
Probe number 2
Concentration entered by User 2.41% (Compensated: 2.82% at temperature 25.8)
1406.18	1403.80	1439.82	1460.08	1485.60	1505.32	1525.04	1543.96	1562.78	1571.96	1590.48	1623.46	1643.94	1674.68	1713.70	1773.96	
1818.04	1865.32	1908.98	1941.34	1964.10	1984.34	2017.18	2057.66	2101.00	2177.56	2272.14	2354.36	2442.74	2602.74	2748.32	2875.28	
3061.98	3300.46	3406.56	3476.12	3528.64	3563.92	3555.94	3579.62	3621.04	3630.36	3603.52	3541.56	3459.82	3424.10	3384.78	3343.54	
3396.36	3448.22	3420.36	3360.60	3328.46	3340.02	3314.42	3266.28	3350.48	3411.08	3489.94	3516.12	3587.08	3644.12	3634.78	3650.12	
3673.96	3710.68	3756.96	3747.64	3754.32	3751.62	3748.02	3769.24	3763.10	3773.62	3771.72	3751.04	3735.06	3690.10	3654.36	3564.38	
3539.84	3516.02	3505.68	3467.20	3414.12	3347.34	3323.20	3366.00	3381.26	3518.70	3560.34	3664.64	3656.68	3726.74	3780.44	3780.70	
3755.00	3718.40	3727.52	3723.20	3751.06	3762.08	3789.16	3797.98	3793.40	3793.74	3803.32	3791.72	3811.72	3821.00	3806.66	3806.40	
3801.14	3773.14	3772.54	3767.98	3735.38	3729.66	3713.04	3713.46	3676.44	3630.82	3594.12	3543.32	3490.60	3494.58	3533.82	3489.78	

*******************************************2025/03/24;18:47:57
Probe number 3
Concentration entered by User 2.51% (Compensated: 2.92% at temperature 25.7)
1403.80	1400.88	1436.70	1456.90	1482.96	1502.38	1521.04	1540.44	1559.52	1568.42	1586.38	1618.48	1639.10	1670.34	1709.80	1769.28	
1813.26	1860.34	1903.72	1937.24	1960.82	1979.98	2013.78	2051.16	2096.06	2174.26	2265.86	2347.54	2438.26	2597.70	2749.06	2871.52	
3057.64	3287.34	3388.48	3459.98	3511.98	3545.88	3540.18	3563.64	3605.46	3616.06	3588.30	3522.70	3439.66	3404.46	3365.50	3324.56	
3374.74	3426.78	3400.40	3340.08	3308.76	3319.56	3293.50	3248.18	3331.94	3393.98	3473.14	3501.02	3572.84	3630.56	3620.86	3636.90	
3661.20	3698.64	3747.94	3738.66	3746.96	3744.92	3739.84	3762.00	3755.72	3767.24	3765.58	3744.02	3726.40	3681.70	3641.68	3550.58	
3525.58	3502.42	3491.46	3449.76	3398.74	3334.00	3310.30	3350.72	3366.08	3503.90	3543.90	3650.38	3643.30	3718.98	3773.76	3773.18	
3746.82	3709.48	3719.90	3715.90	3744.64	3755.38	3783.94	3793.08	3788.24	3788.14	3798.38	3786.72	3807.96	3817.98	3802.60	3802.58	
3796.46	3768.44	3768.88	3763.62	3729.54	3722.94	3706.48	3705.66	3669.50	3623.62	3585.06	3537.34	3485.78	3490.00	3531.08	3485.78	

*******************************************2025/03/24;18:52:23
Probe number 4
Concentration entered by User 0.97% (Compensated: 1.33% at temperature 25.2)
1284.26	1282.70	1312.42	1328.64	1345.20	1362.32	1382.56	1399.36	1420.32	1437.06	1459.72	1493.34	1515.10	1547.48	1579.32	1619.18	
1651.26	1691.36	1727.72	1769.36	1811.62	1865.46	1915.32	1966.00	2029.40	2092.56	2172.62	2269.90	2393.84	2542.30	2747.46	3015.76	
3330.76	3576.64	3698.58	3720.88	3701.80	3725.84	3720.90	3731.52	3736.66	3729.18	3727.00	3726.12	3723.22	3722.20	3725.24	3724.06	
3721.06	3720.10	3721.40	3727.90	3715.10	3722.74	3721.40	3717.12	3722.26	3724.50	3728.34	3728.48	3730.58	3731.86	3724.02	3714.98	
3720.18	3729.40	3729.14	3717.74	3712.06	3712.20	3725.76	3733.36	3730.46	3733.62	3738.38	3727.64	3727.28	3732.72	3741.02	3730.56	
3735.78	3730.12	3730.72	3737.70	3742.76	3730.76	3727.98	3734.08	3740.88	3734.54	3720.76	3733.36	3731.10	3729.12	3731.30	3735.58	
3730.18	3717.16	3716.94	3716.30	3718.94	3713.56	3728.60	3748.14	3744.10	3739.98	3729.70	3707.28	3732.60	3748.32	3739.24	3738.20	
3739.96	3733.94	3732.54	3742.10	3733.00	3731.40	3726.72	3721.92	3715.30	3716.58	3728.16	3730.34	3727.46	3726.76	3746.52	3706.88	

*******************************************2025/03/24;18:52:34
Probe number 5
Concentration entered by User 0.97% (Compensated: 1.33% at temperature 25.2)
1283.84	1282.80	1311.72	1328.56	1345.24	1362.50	1382.12	1398.84	1420.30	1436.26	1458.60	1492.12	1515.64	1548.80	1580.22	1619.30	
1652.38	1693.38	1728.28	1770.08	1816.32	1865.40	1914.66	1968.94	2029.66	2089.14	2166.82	2272.84	2398.86	2544.84	2752.92	3015.22	
3333.46	3568.94	3701.48	3719.80	3702.02	3725.88	3721.00	3731.26	3736.30	3728.52	3726.64	3725.88	3723.52	3722.24	3725.68	3724.14	
3721.06	3719.88	3721.08	3727.36	3714.46	3722.04	3721.10	3716.80	3721.78	3724.26	3728.22	3727.92	3730.08	3731.38	3723.68	3715.20	
3719.84	3729.18	3729.12	3717.40	3712.46	3712.16	3726.12	3733.72	3730.36	3733.54	3738.32	3727.64	3726.96	3732.96	3740.84	3730.64	
3735.42	3730.28	3731.00	3737.76	3742.90	3730.92	3728.60	3734.10	3741.00	3734.82	3721.16	3733.36	3731.24	3729.14	3731.04	3735.48	
3729.78	3717.12	3716.90	3716.08	3718.88	3713.66	3728.76	3748.50	3744.06	3740.50	3729.76	3707.06	3732.70	3748.48	3739.36	3738.02	
3739.68	3734.20	3731.96	3741.48	3732.94	3731.66	3726.96	3722.04	3715.26	3716.86	3728.22	3730.90	3727.72	3727.08	3746.58	3707.00	

*******************************************2025/03/24;18:54:06
Probe number 6
Concentration entered by User 0.98% (Compensated: 1.34% at temperature 25.2)
1284.36	1283.42	1313.04	1328.66	1344.34	1361.88	1382.38	1398.50	1421.78	1438.14	1462.02	1496.50	1518.74	1550.42	1580.74	1619.06	
1652.10	1692.32	1729.92	1773.96	1817.86	1872.16	1921.24	1974.80	2038.10	2099.46	2183.06	2281.26	2387.36	2544.60	2757.70	3021.84	
3331.96	3558.54	3694.20	3719.60	3708.66	3734.24	3726.92	3731.60	3733.76	3734.12	3730.84	3726.94	3726.94	3720.82	3714.30	3709.48	
3701.42	3696.40	3702.78	3713.10	3689.86	3681.72	3662.64	3665.32	3689.06	3667.94	3665.56	3680.48	3688.72	3693.68	3680.02	3665.78	
3684.14	3675.10	3666.70	3679.94	3692.26	3692.10	3698.44	3708.92	3724.64	3730.80	3722.52	3717.26	3724.00	3733.50	3740.72	3725.20	
3742.68	3746.66	3739.54	3731.38	3737.72	3738.80	3729.20	3716.98	3725.52	3729.62	3714.80	3716.92	3718.44	3724.38	3719.82	3723.18	
3712.90	3700.64	3693.00	3685.66	3694.20	3707.36	3710.06	3726.44	3710.14	3711.64	3706.86	3691.02	3717.30	3725.90	3711.38	3721.52	
3729.00	3718.42	3719.84	3729.38	3725.44	3719.54	3718.48	3714.62	3713.74	3713.64	3719.68	3725.82	3723.86	3725.36	3744.64	3700.30	

*******************************************2025/03/24;18:54:28
Probe number 7
Concentration entered by User 0.96% (Compensated: 1.33% at temperature 25.3)
1284.96	1283.46	1313.22	1328.60	1344.52	1362.26	1382.72	1399.44	1422.10	1438.48	1462.08	1497.68	1520.12	1551.02	1582.32	1620.98	
1653.18	1693.20	1731.92	1775.70	1819.56	1873.86	1919.74	1979.24	2040.46	2102.90	2187.36	2287.30	2394.48	2561.08	2757.12	3024.24	
3338.98	3563.74	3699.42	3723.20	3712.04	3737.60	3730.20	3734.94	3737.18	3737.28	3734.26	3730.46	3730.34	3724.20	3717.64	3712.60	
3705.50	3701.46	3707.40	3717.38	3695.28	3686.00	3667.60	3669.70	3691.16	3672.14	3669.54	3684.54	3693.32	3697.98	3684.84	3671.42	
3687.84	3678.88	3672.14	3684.24	3697.22	3698.04	3703.42	3713.28	3727.10	3732.44	3725.52	3720.46	3727.66	3735.66	3743.20	3728.58	
3745.02	3749.08	3741.86	3734.04	3739.68	3740.86	3732.16	3721.34	3729.08	3733.22	3718.04	3721.86	3723.08	3728.66	3723.88	3726.98	
3717.36	3705.36	3698.66	3692.60	3699.28	3710.06	3715.04	3731.00	3716.32	3718.18	3713.02	3697.54	3721.94	3731.72	3717.72	3726.84	
3733.62	3724.44	3724.96	3734.12	3729.96	3724.18	3722.90	3718.90	3718.20	3718.54	3724.62	3730.44	3728.54	3729.68	3748.74	3705.62	

*******************************************2025/03/24;18:57:45
Probe number 8
Concentration entered by User 0.98% (Compensated: 1.35% at temperature 25.4)
1282.08	1281.24	1310.72	1326.18	1341.16	1358.56	1379.10	1396.82	1418.22	1435.18	1459.02	1493.28	1515.72	1547.00	1578.46	1616.46	
1648.76	1690.46	1726.96	1770.48	1817.12	1870.02	1918.76	1974.48	2036.14	2101.64	2186.26	2279.26	2387.22	2542.76	2736.72	3004.32	
3344.60	3563.24	3699.18	3720.56	3708.80	3734.68	3727.04	3731.24	3733.02	3733.20	3730.22	3726.60	3727.26	3721.80	3715.44	3709.88	
3703.38	3701.28	3707.14	3716.54	3695.90	3687.30	3669.56	3669.68	3689.68	3675.14	3675.02	3688.38	3697.18	3700.12	3687.32	3676.50	
3690.12	3682.80	3678.52	3687.50	3700.06	3701.12	3706.00	3715.28	3725.84	3730.56	3724.44	3718.86	3726.94	3733.80	3742.66	3728.56	
3743.64	3747.76	3741.36	3733.40	3738.66	3739.14	3732.04	3721.26	3728.66	3732.26	3717.20	3722.58	3722.92	3728.70	3724.54	3727.16	
3718.70	3707.06	3700.68	3695.46	3700.20	3709.52	3716.36	3732.58	3719.70	3720.56	3715.46	3700.44	3723.54	3734.76	3721.10	3728.96	
3734.74	3726.66	3727.14	3735.48	3730.12	3724.30	3723.06	3719.08	3718.64	3719.40	3725.88	3731.02	3727.92	3730.32	3749.58	3707.30	

*******************************************2025/03/24;19:00:05
Probe number 9
Concentration entered by User 1.09% (Compensated: 1.44% at temperature 25.1)
1279.50	1279.12	1309.34	1328.72	1345.10	1360.56	1380.14	1396.96	1418.02	1433.08	1455.76	1487.62	1508.16	1539.76	1570.86	1607.40	
1638.52	1676.26	1712.32	1752.72	1793.72	1846.30	1894.30	1947.00	2008.42	2072.66	2163.08	2261.84	2368.50	2517.10	2733.76	2995.94	
3295.14	3540.66	3681.04	3711.86	3698.00	3720.02	3709.34	3714.22	3715.20	3715.08	3713.10	3713.50	3720.24	3719.74	3721.46	3720.52	
3718.08	3720.62	3724.88	3733.66	3724.46	3727.40	3725.82	3725.26	3733.36	3735.24	3736.88	3736.96	3734.98	3734.18	3732.02	3729.30	
3734.02	3734.80	3730.90	3727.36	3728.36	3725.90	3729.44	3736.00	3735.16	3739.10	3743.14	3740.74	3743.32	3743.14	3754.48	3744.90	
3751.28	3755.36	3750.66	3746.76	3748.66	3747.72	3745.26	3739.06	3742.74	3745.78	3731.02	3742.42	3742.18	3738.48	3733.16	3726.70	
3719.36	3698.56	3698.76	3701.36	3699.20	3702.24	3718.74	3736.98	3725.82	3726.84	3724.52	3708.68	3731.12	3747.00	3732.44	3732.08	
3733.36	3727.46	3727.22	3734.84	3727.42	3718.14	3716.12	3709.20	3709.88	3714.26	3720.74	3723.48	3716.54	3720.62	3744.18	3705.50	

*******************************************2025/03/24;19:00:45
Probe number 10
Concentration entered by User 1.08% (Compensated: 1.44% at temperature 25.2)
1276.40	1275.26	1303.78	1318.34	1332.52	1348.78	1367.90	1384.40	1407.12	1423.22	1444.94	1477.70	1498.24	1528.48	1559.52	1596.66	
1627.88	1666.90	1704.90	1747.54	1787.88	1840.58	1889.14	1942.90	2007.06	2069.82	2154.14	2252.94	2367.36	2517.52	2716.66	2987.24	
3310.32	3542.26	3677.98	3709.82	3695.74	3717.26	3706.74	3712.02	3713.20	3713.54	3711.70	3711.92	3718.72	3718.28	3719.66	3718.52	
3715.76	3718.72	3723.02	3731.72	3722.16	3725.76	3724.00	3723.58	3731.38	3733.20	3734.94	3735.28	3733.34	3732.34	3730.26	3728.10	
3732.70	3733.40	3729.66	3726.00	3726.74	3723.98	3727.94	3733.78	3732.94	3736.00	3740.60	3738.28	3740.58	3739.86	3751.44	3741.96	
3748.72	3753.02	3748.36	3744.66	3746.58	3745.44	3743.56	3736.70	3741.10	3743.82	3729.20	3739.94	3739.88	3736.46	3731.54	3725.72	
3717.24	3697.40	3697.82	3701.12	3699.14	3701.16	3717.64	3735.96	3725.12	3726.08	3723.06	3706.78	3729.04	3744.88	3730.84	3729.84	
3731.60	3725.30	3725.46	3732.84	3725.12	3716.38	3713.84	3707.34	3707.64	3712.06	3719.00	3721.84	3715.08	3719.56	3743.24	3704.10	

*******************************************2025/03/24;19:01:05
Probe number 11
Concentration entered by User 1.06% (Compensated: 1.42% at temperature 25.3)
1276.18	1275.12	1303.68	1318.48	1332.76	1349.26	1368.76	1385.04	1406.84	1422.84	1444.66	1476.72	1497.38	1528.78	1559.54	1597.66	
1628.42	1668.10	1704.10	1746.38	1787.58	1840.38	1889.40	1943.20	2006.36	2072.70	2152.72	2248.18	2364.98	2516.96	2732.98	2998.00	
3304.50	3548.86	3689.44	3710.80	3694.46	3716.92	3706.04	3710.54	3711.86	3711.68	3709.94	3710.48	3716.68	3716.62	3718.38	3716.66	
3714.22	3716.76	3721.00	3730.24	3720.52	3724.24	3721.92	3721.88	3729.74	3731.84	3732.98	3733.58	3731.72	3730.94	3728.72	3726.52	
3731.18	3731.66	3728.22	3724.42	3725.14	3722.30	3726.00	3732.40	3731.16	3734.38	3738.92	3736.24	3739.00	3738.30	3750.02	3739.82	
3746.76	3751.40	3746.30	3742.82	3745.04	3743.80	3742.04	3735.30	3739.46	3742.22	3727.00	3738.34	3738.10	3734.82	3729.82	3723.84	
3715.32	3695.36	3696.10	3699.30	3697.82	3699.08	3715.68	3734.14	3723.04	3723.82	3721.12	3704.54	3727.20	3743.00	3728.92	3728.00	
3729.56	3723.10	3723.34	3730.96	3723.82	3714.60	3711.78	3704.80	3705.76	3710.06	3716.80	3719.50	3712.92	3717.54	3741.36	3701.84	

*******************************************2025/03/24;19:02:12
Probe number 12
Concentration entered by User 1.07% (Compensated: 1.44% at temperature 25.3)
1276.32	1275.10	1303.32	1318.12	1332.42	1348.58	1368.36	1384.36	1406.80	1422.70	1444.76	1476.78	1498.38	1528.50	1558.88	1597.48	
1628.84	1667.22	1702.36	1744.68	1787.06	1840.56	1889.02	1944.66	2002.82	2066.88	2157.28	2250.32	2363.80	2520.78	2735.28	2981.50	
3309.94	3540.84	3684.78	3711.50	3695.98	3717.58	3707.12	3712.10	3713.24	3713.52	3711.70	3712.22	3718.60	3717.92	3719.50	3718.48	
3716.00	3718.84	3723.66	3732.64	3722.58	3726.06	3724.04	3723.62	3731.22	3733.80	3735.14	3735.58	3733.36	3732.62	3730.94	3728.28	
3733.16	3733.62	3730.12	3726.30	3727.10	3724.50	3727.70	3734.32	3732.90	3736.54	3740.16	3737.98	3740.30	3739.76	3751.14	3741.34	
3747.98	3752.68	3747.78	3744.24	3746.38	3745.30	3743.56	3736.52	3740.90	3743.22	3728.90	3739.82	3739.80	3736.90	3732.28	3726.32	
3718.10	3698.38	3698.72	3701.92	3700.32	3701.34	3717.68	3735.66	3724.94	3725.50	3722.82	3706.34	3728.80	3744.64	3730.78	3729.66	
3731.18	3724.84	3724.84	3732.28	3724.76	3716.02	3713.22	3707.04	3707.54	3711.78	3718.54	3721.56	3714.78	3719.46	3742.74	3703.64	

*******************************************2025/03/24;19:02:45
Probe number 0
Concentration entered by User 1.17% (Compensated: 1.54% at temperature 25.3)
1273.74	1272.62	1300.74	1315.94	1329.98	1345.52	1365.32	1381.42	1402.82	1418.62	1440.94	1472.66	1493.38	1524.02	1553.88	1591.34	
1623.94	1661.14	1697.04	1739.12	1782.68	1831.44	1876.82	1937.14	1994.12	2063.80	2151.34	2238.34	2348.58	2500.90	2710.34	2960.32	
3286.98	3523.36	3668.76	3699.86	3683.94	3706.88	3695.66	3700.78	3701.48	3701.62	3700.12	3700.50	3707.24	3706.40	3708.70	3706.92	
3704.34	3706.94	3712.32	3721.48	3711.46	3715.18	3712.62	3712.14	3720.46	3722.64	3724.22	3724.74	3722.54	3721.96	3719.54	3717.26	
3722.36	3723.14	3719.14	3714.90	3716.02	3713.16	3716.90	3723.48	3722.14	3725.52	3729.80	3727.28	3729.84	3729.36	3741.24	3730.90	
3737.96	3742.66	3737.78	3733.74	3736.08	3735.08	3732.68	3725.70	3730.20	3733.06	3717.24	3729.08	3729.14	3726.02	3721.26	3715.32	
3706.98	3686.30	3686.30	3689.48	3687.96	3689.44	3706.36	3725.28	3713.72	3714.10	3711.38	3694.38	3717.74	3734.70	3719.76	3718.74	
3719.96	3713.22	3713.60	3721.12	3713.60	3704.32	3701.12	3694.72	3695.12	3699.62	3706.78	3709.86	3703.00	3707.74	3732.42	3691.04	

*******************************************2025/03/24;19:03:41
Probe number 1
Concentration entered by User 0.82% (Compensated: 1.19% at temperature 25.4)
1274.68	1273.36	1301.60	1316.30	1330.80	1346.46	1366.24	1382.72	1404.50	1420.60	1442.64	1473.54	1494.22	1525.98	1556.16	1594.06	
1624.84	1662.16	1700.12	1744.62	1785.98	1837.08	1883.76	1940.68	2003.90	2070.10	2156.24	2250.74	2369.82	2537.88	2771.74	3070.46	
3381.48	3606.38	3712.66	3711.50	3696.80	3718.06	3706.70	3710.98	3711.60	3710.90	3708.50	3709.00	3715.06	3714.10	3715.32	3714.22	
3711.96	3714.68	3718.78	3728.30	3718.92	3723.12	3720.96	3720.36	3727.74	3730.02	3731.40	3732.78	3731.34	3731.84	3729.90	3727.46	
3732.34	3733.02	3729.04	3725.20	3725.76	3723.26	3726.16	3731.70	3730.64	3733.80	3736.70	3733.74	3735.72	3735.36	3746.74	3737.02	
3744.80	3748.16	3742.58	3739.22	3741.16	3740.34	3738.10	3731.14	3735.48	3738.18	3723.12	3734.16	3732.46	3731.78	3730.18	3729.80	
3723.22	3702.24	3698.12	3699.76	3699.46	3704.36	3722.76	3739.30	3725.02	3722.04	3718.58	3700.34	3723.76	3739.68	3725.52	3725.34	
3726.98	3720.10	3719.52	3727.26	3719.58	3710.70	3707.56	3701.52	3702.08	3706.46	3713.56	3717.82	3714.22	3718.16	3741.02	3700.58	

*******************************************2025/03/24;19:03:59
Probe number 2
Concentration entered by User 1.03% (Compensated: 1.41% at temperature 25.4)
1275.42	1274.34	1302.90	1317.80	1331.86	1348.00	1367.30	1383.90	1405.74	1421.80	1443.56	1475.52	1495.96	1526.48	1556.92	1595.18	
1626.16	1664.46	1700.80	1743.16	1785.08	1839.44	1886.12	1940.14	2007.64	2072.82	2153.02	2245.26	2356.68	2518.76	2733.30	3002.24	
3322.90	3541.24	3684.50	3707.36	3691.72	3714.46	3703.38	3707.94	3709.46	3709.24	3706.98	3707.74	3713.64	3713.22	3714.48	3712.90	
3711.14	3713.62	3718.04	3727.62	3718.50	3722.58	3720.64	3719.72	3727.36	3729.44	3730.80	3732.24	3730.92	3731.48	3729.98	3727.32	
3732.14	3732.60	3728.56	3724.58	3725.60	3722.58	3725.74	3731.32	3730.32	3733.62	3736.32	3733.90	3735.50	3735.26	3746.90	3737.12	
3744.36	3748.50	3742.62	3738.88	3741.10	3740.16	3738.24	3731.10	3735.48	3738.54	3723.46	3734.06	3732.70	3731.60	3729.96	3729.98	
3723.30	3702.08	3698.48	3699.74	3699.10	3704.08	3722.82	3739.38	3725.34	3722.58	3718.92	3700.90	3723.94	3740.14	3725.68	3725.12	
3727.18	3720.22	3719.54	3727.60	3719.64	3710.58	3707.34	3701.32	3701.82	3706.38	3713.60	3718.04	3713.54	3717.96	3740.40	3700.82	

*******************************************2025/03/24;19:04:38
Probe number 3
Concentration entered by User 1.07% (Compensated: 1.45% at temperature 25.4)
1275.64	1274.26	1302.62	1317.60	1331.80	1347.78	1366.96	1383.56	1405.90	1421.18	1443.40	1475.06	1496.20	1526.18	1555.64	1594.58	
1626.26	1664.30	1701.40	1743.30	1784.50	1839.90	1889.30	1940.90	1999.54	2070.96	2154.22	2248.36	2354.68	2518.22	2724.34	2983.86	
3312.98	3536.24	3686.00	3708.94	3692.28	3714.64	3703.70	3708.46	3709.64	3709.26	3707.12	3707.56	3713.80	3713.02	3714.26	3713.14	
3710.94	3713.42	3718.14	3727.36	3718.46	3722.00	3720.12	3719.42	3727.56	3729.22	3730.82	3732.22	3730.66	3731.56	3729.62	3727.20	
3731.80	3732.66	3728.38	3724.58	3725.28	3722.62	3726.14	3731.18	3730.12	3733.04	3736.38	3733.82	3735.46	3734.98	3746.58	3737.28	
3744.38	3747.66	3742.62	3738.84	3741.22	3740.04	3738.20	3730.94	3735.50	3738.50	3723.10	3734.28	3732.84	3731.92	3730.26	3729.90	
3723.50	3702.46	3698.74	3700.04	3699.24	3704.36	3722.46	3739.20	3725.00	3722.16	3719.08	3700.34	3724.02	3739.94	3725.92	3724.88	
3727.08	3720.04	3719.32	3727.62	3719.68	3710.78	3707.78	3701.28	3701.94	3706.50	3713.66	3717.64	3713.56	3717.92	3740.52	3700.46	

*******************************************2025/03/24;19:24:37
Probe number 4
Concentration entered by User 1.16% (Compensated: 1.57% at temperature 25.8)
1272.14	1271.26	1299.02	1313.60	1327.46	1343.14	1362.44	1378.80	1400.50	1416.72	1438.30	1470.10	1491.18	1521.94	1550.74	1589.00	
1620.54	1658.92	1695.02	1737.76	1780.28	1831.28	1878.82	1931.76	1994.98	2059.46	2152.90	2238.64	2345.44	2498.20	2708.78	2969.60	
3276.20	3528.22	3675.88	3705.60	3689.72	3710.80	3699.34	3705.10	3705.56	3704.04	3701.72	3702.56	3708.60	3707.58	3708.72	3707.12	
3705.40	3708.04	3712.82	3722.52	3712.44	3717.18	3714.62	3713.94	3722.36	3724.10	3726.02	3727.76	3726.74	3727.06	3724.54	3722.36	
3727.60	3727.98	3723.80	3719.70	3721.00	3718.18	3721.30	3726.80	3725.56	3728.50	3731.50	3729.04	3731.18	3730.70	3742.40	3732.70	
3740.16	3743.78	3738.56	3734.88	3737.32	3735.82	3734.18	3726.68	3731.24	3733.92	3718.40	3729.38	3728.36	3727.96	3726.12	3726.42	
3719.36	3699.12	3695.80	3696.44	3695.34	3700.86	3719.00	3735.32	3720.50	3718.30	3714.42	3696.66	3719.72	3735.52	3721.56	3720.94	
3723.66	3715.96	3714.92	3722.94	3714.88	3705.56	3701.94	3695.80	3696.92	3700.98	3708.72	3713.04	3708.08	3713.32	3737.22	3696.50	

*******************************************2025/03/24;19:44:38
Probe number 5
Concentration entered by User 1.24% (Compensated: 1.65% at temperature 25.9)
1269.74	1268.58	1296.16	1310.84	1324.48	1340.34	1359.92	1376.16	1398.14	1413.14	1434.80	1466.22	1486.58	1517.68	1548.06	1586.32	
1617.38	1655.50	1691.50	1733.74	1776.26	1827.00	1872.72	1927.34	1990.88	2055.72	2139.40	2230.86	2336.82	2493.26	2689.72	2940.96	
3264.26	3510.26	3660.66	3698.80	3684.82	3706.20	3694.04	3699.70	3701.80	3700.54	3698.52	3699.68	3706.38	3705.60	3706.98	3705.36	
3703.30	3705.76	3711.74	3720.94	3710.98	3714.70	3712.66	3711.42	3720.30	3722.00	3723.68	3725.48	3724.60	3724.88	3723.04	3719.86	
3725.36	3726.20	3722.16	3717.58	3718.50	3716.64	3719.42	3725.14	3723.80	3727.36	3730.14	3727.78	3730.08	3728.86	3741.46	3731.38	
3739.04	3742.66	3737.42	3733.80	3736.12	3734.74	3733.04	3725.56	3730.58	3733.10	3717.38	3728.24	3727.64	3726.96	3725.16	3725.12	
3717.70	3697.96	3695.46	3696.30	3694.64	3699.60	3717.72	3734.64	3720.00	3717.24	3713.54	3695.46	3718.98	3734.32	3720.66	3719.08	
3722.02	3715.04	3713.90	3721.90	3713.22	3704.16	3700.80	3694.68	3695.94	3700.46	3707.52	3711.66	3707.82	3712.38	3736.50	3695.36	

*******************************************2025/03/24;20:04:38
Probe number 6
Concentration entered by User 1.26% (Compensated: 1.67% at temperature 25.9)
1268.36	1266.70	1294.64	1309.22	1323.22	1337.94	1357.42	1373.40	1394.78	1410.32	1432.04	1463.90	1484.34	1514.86	1544.34	1580.98	
1612.22	1650.98	1687.06	1730.72	1773.08	1822.14	1869.60	1921.90	1983.26	2048.12	2131.24	2220.02	2322.78	2476.68	2680.32	2940.80	
3260.66	3506.14	3660.22	3699.92	3686.72	3707.94	3695.66	3701.76	3703.90	3702.52	3700.46	3702.54	3708.72	3707.58	3709.02	3707.62	
3705.88	3708.46	3713.82	3723.34	3713.86	3717.08	3714.94	3713.56	3721.74	3723.02	3724.82	3726.92	3726.40	3726.78	3724.52	3722.42	
3727.76	3728.28	3724.42	3720.16	3721.60	3719.06	3721.56	3727.54	3726.24	3729.54	3732.14	3730.46	3732.30	3731.36	3743.60	3734.12	
3741.64	3744.32	3739.84	3736.34	3738.46	3737.22	3735.84	3728.60	3733.74	3735.70	3720.42	3731.00	3730.32	3729.84	3728.06	3728.56	
3720.80	3702.04	3698.94	3700.06	3698.22	3703.22	3720.68	3737.34	3723.16	3720.40	3716.58	3699.08	3721.52	3736.78	3723.88	3722.10	
3724.94	3717.74	3717.16	3724.66	3716.28	3707.88	3703.84	3698.42	3699.58	3703.92	3711.28	3715.60	3711.50	3715.86	3739.90	3699.28	

*******************************************2025/03/24;20:24:37
Probe number 7
Concentration entered by User 1.29% (Compensated: 1.70% at temperature 25.9)
1267.40	1266.26	1294.06	1308.30	1322.36	1337.42	1356.66	1372.92	1394.12	1409.18	1430.10	1462.24	1483.18	1513.60	1543.50	1580.62	
1612.40	1649.78	1686.38	1727.90	1771.28	1819.22	1866.24	1918.64	1983.06	2042.90	2128.96	2216.70	2327.92	2476.70	2672.48	2934.48	
3245.82	3499.30	3659.86	3699.66	3687.82	3709.08	3696.96	3703.62	3705.36	3704.82	3702.70	3704.54	3710.98	3710.56	3711.60	3710.16	
3707.70	3711.00	3715.92	3725.24	3716.36	3719.58	3717.38	3716.48	3724.00	3725.22	3726.84	3728.96	3728.60	3729.02	3726.64	3724.78	
3730.12	3730.94	3727.26	3722.60	3724.16	3721.98	3724.62	3730.04	3728.84	3731.70	3734.60	3732.74	3734.94	3733.98	3745.98	3736.62	
3743.86	3746.98	3742.32	3739.06	3741.48	3740.00	3738.76	3731.46	3736.30	3738.18	3723.44	3734.46	3733.48	3733.00	3731.10	3731.72	
3724.34	3705.38	3702.78	3703.36	3702.12	3707.24	3723.90	3740.68	3726.60	3724.26	3719.84	3702.66	3724.88	3740.00	3727.00	3725.52	
3728.16	3721.36	3720.88	3728.02	3719.74	3711.28	3707.80	3702.34	3703.22	3708.00	3714.80	3719.48	3715.20	3719.68	3743.06	3703.06	

*******************************************2025/03/24;20:44:38
Probe number 8
Concentration entered by User 1.32% (Compensated: 1.74% at temperature 26.0)
1266.06	1264.86	1292.34	1306.60	1320.32	1335.56	1354.24	1370.58	1391.64	1406.78	1427.98	1459.88	1480.96	1510.70	1540.00	1578.28	
1608.54	1645.92	1682.16	1723.72	1767.18	1816.60	1860.92	1912.52	1974.06	2039.60	2117.38	2211.80	2310.32	2463.66	2667.16	2922.62	
3245.18	3489.64	3655.62	3694.26	3682.22	3704.38	3693.24	3699.76	3701.28	3700.26	3698.64	3701.36	3707.94	3707.50	3708.58	3706.68	
3704.78	3707.46	3713.16	3722.60	3713.30	3717.20	3714.28	3713.30	3721.52	3722.44	3724.26	3726.14	3725.70	3726.44	3723.84	3721.68	
3726.98	3728.18	3724.36	3719.78	3721.36	3719.40	3722.10	3727.52	3726.08	3729.02	3731.96	3730.48	3732.50	3731.52	3743.98	3734.66	
3741.64	3745.02	3740.52	3737.44	3739.22	3737.76	3736.54	3729.04	3734.32	3736.00	3720.90	3731.98	3731.42	3731.06	3729.30	3729.76	
3722.08	3703.50	3701.06	3701.44	3699.82	3704.56	3722.18	3738.56	3725.14	3722.08	3717.92	3700.44	3722.96	3737.92	3725.18	3723.24	
3726.02	3719.72	3718.84	3725.78	3717.30	3709.38	3706.12	3700.26	3701.02	3705.88	3713.44	3717.66	3713.54	3717.54	3741.50	3701.06	

*******************************************2025/03/24;21:04:38
Probe number 9
Concentration entered by User 1.35% (Compensated: 1.76% at temperature 26.0)
1265.30	1264.30	1291.96	1306.04	1320.02	1334.90	1353.42	1369.68	1390.54	1405.68	1427.50	1458.74	1480.34	1510.14	1538.12	1576.54	
1608.02	1646.82	1681.38	1724.70	1766.62	1814.88	1861.12	1911.08	1972.58	2037.22	2115.08	2213.16	2317.28	2463.90	2672.60	2909.76	
3234.82	3488.42	3653.16	3695.60	3682.76	3705.06	3693.08	3699.48	3701.48	3701.30	3699.96	3702.28	3709.16	3708.14	3709.04	3707.04	
3704.88	3708.08	3713.44	3723.18	3713.94	3717.16	3714.34	3713.34	3721.44	3722.86	3724.54	3726.36	3726.10	3726.52	3724.58	3722.40	
3728.22	3728.78	3724.58	3720.34	3722.16	3720.72	3722.42	3727.90	3726.32	3729.68	3732.36	3731.10	3732.98	3732.26	3744.60	3735.08	
3742.70	3745.50	3741.24	3737.96	3740.20	3738.84	3737.86	3730.36	3735.18	3737.22	3721.50	3733.08	3732.36	3731.54	3730.22	3730.92	
3723.02	3704.70	3702.26	3702.56	3701.38	3706.46	3724.28	3740.32	3726.36	3723.72	3719.20	3701.26	3724.16	3739.32	3726.26	3724.30	
3727.14	3720.42	3719.92	3727.18	3718.84	3710.76	3707.60	3701.96	3703.14	3707.24	3714.46	3719.34	3715.40	3719.32	3742.84	3702.60	

*******************************************2025/03/24;21:24:38
Probe number 10
Concentration entered by User 1.34% (Compensated: 1.76% at temperature 26.0)
1267.36	1266.20	1293.28	1308.10	1321.98	1337.22	1355.76	1371.58	1392.56	1406.72	1428.80	1460.80	1483.52	1512.36	1540.92	1579.38	
1610.64	1647.92	1684.34	1726.92	1768.32	1818.42	1865.12	1915.36	1980.96	2037.74	2113.98	2203.74	2315.36	2470.48	2662.60	2914.68	
3241.22	3485.92	3651.40	3698.32	3688.44	3709.36	3698.58	3704.88	3706.58	3705.54	3703.68	3706.02	3712.94	3712.14	3713.12	3712.08	
3710.30	3713.42	3717.78	3726.66	3717.94	3721.54	3718.74	3717.96	3726.36	3728.70	3730.46	3732.06	3731.92	3732.76	3730.42	3727.86	
3733.82	3734.00	3730.52	3726.26	3728.00	3726.50	3728.14	3733.40	3731.72	3734.94	3738.16	3736.58	3738.66	3737.72	3750.18	3740.98	
3747.68	3750.92	3746.26	3743.52	3745.18	3744.24	3742.52	3735.86	3740.44	3742.26	3727.40	3738.30	3738.06	3737.22	3735.90	3736.72	
3728.68	3711.68	3708.92	3709.30	3707.94	3712.96	3729.82	3745.90	3732.80	3729.88	3725.24	3708.06	3730.60	3744.86	3732.28	3730.98	
3733.12	3726.52	3726.26	3733.22	3725.04	3717.76	3714.44	3709.16	3710.04	3714.40	3720.86	3726.08	3722.14	3725.94	3748.24	3709.54	

*******************************************2025/03/24;21:44:38
Probe number 11
Concentration entered by User 1.45% (Compensated: 1.86% at temperature 25.9)
1264.28	1263.36	1291.14	1305.62	1319.24	1333.76	1353.08	1368.62	1389.72	1404.54	1425.88	1457.62	1478.72	1508.10	1537.98	1574.30	
1604.84	1642.34	1680.40	1722.84	1764.64	1812.24	1856.44	1910.96	1969.90	2032.70	2109.04	2200.24	2297.84	2454.08	2653.84	2888.56	
3217.12	3457.06	3633.40	3686.92	3676.62	3700.14	3689.04	3697.16	3698.26	3697.34	3695.28	3696.90	3703.80	3703.18	3704.14	3702.66	
3701.84	3705.08	3709.20	3717.78	3709.40	3713.68	3709.74	3709.96	3718.10	3720.42	3723.42	3724.62	3724.52	3725.32	3722.76	3720.28	
3726.30	3726.86	3722.94	3718.74	3720.14	3718.66	3720.22	3725.90	3724.06	3727.24	3731.02	3729.46	3731.56	3730.64	3743.08	3733.58	
3740.98	3744.18	3739.44	3736.50	3738.68	3737.32	3735.88	3728.28	3733.54	3734.98	3719.80	3731.16	3730.76	3729.82	3728.34	3729.68	
3721.32	3703.60	3700.50	3700.98	3699.66	3704.98	3722.56	3739.04	3725.40	3722.28	3717.56	3700.14	3722.68	3737.90	3725.16	3723.30	
3726.16	3719.54	3718.98	3726.02	3717.88	3709.94	3706.78	3700.64	3702.08	3706.46	3713.56	3718.50	3714.24	3718.58	3741.62	3701.44	

*******************************************2025/03/24;22:04:37
Probe number 12
Concentration entered by User 1.45% (Compensated: 1.84% at temperature 25.6)
1263.02	1261.42	1289.04	1303.74	1317.56	1332.46	1350.76	1367.04	1387.52	1402.62	1423.90	1454.44	1475.56	1505.54	1533.54	1570.96	
1602.78	1640.48	1676.24	1719.44	1761.20	1809.92	1854.54	1902.08	1964.84	2024.02	2104.98	2193.88	2293.28	2437.62	2629.46	2874.58	
3214.84	3465.72	3631.56	3688.48	3677.12	3699.12	3687.90	3696.36	3697.14	3695.74	3693.84	3695.84	3702.82	3701.92	3702.56	3701.24	
3700.42	3703.18	3707.28	3716.32	3707.88	3711.96	3708.44	3707.70	3716.64	3718.92	3721.36	3722.88	3722.94	3723.90	3721.24	3718.78	
3725.18	3725.42	3721.76	3717.48	3718.98	3716.62	3719.34	3724.98	3722.82	3726.46	3729.76	3728.48	3730.38	3729.14	3741.88	3732.86	
3739.82	3742.94	3738.08	3734.80	3737.48	3736.28	3734.42	3726.90	3731.56	3733.68	3717.98	3729.50	3729.38	3728.54	3727.16	3727.88	
3720.24	3702.08	3699.26	3699.70	3698.28	3703.68	3721.24	3737.86	3724.06	3720.94	3716.00	3698.18	3721.72	3736.82	3723.60	3721.80	
3724.90	3718.12	3717.68	3724.62	3716.36	3708.60	3705.52	3700.14	3700.98	3705.24	3712.26	3717.26	3713.06	3717.50	3740.42	3699.76	

*******************************************2025/03/24;22:24:37
Probe number 13
Concentration entered by User 1.53% (Compensated: 1.91% at temperature 25.5)
1262.04	1260.58	1287.60	1301.92	1316.24	1330.86	1349.22	1364.56	1385.48	1400.22	1420.86	1452.12	1471.86	1502.10	1531.30	1567.46	
1598.98	1637.00	1672.64	1715.04	1756.56	1806.64	1848.56	1900.72	1961.30	2016.78	2095.88	2188.02	2281.56	2431.84	2620.10	2864.26	
3183.96	3446.58	3624.98	3682.66	3671.84	3694.48	3683.98	3692.04	3692.26	3691.10	3688.96	3690.46	3697.48	3697.12	3697.58	3696.68	
3695.36	3697.56	3702.06	3711.64	3703.08	3707.20	3703.28	3702.80	3711.88	3714.34	3717.18	3718.72	3718.72	3719.84	3716.48	3714.46	
3720.78	3721.36	3717.44	3712.92	3714.50	3712.78	3714.86	3720.62	3718.56	3722.34	3725.44	3724.36	3726.50	3725.16	3738.30	3729.10	
3735.82	3739.26	3734.38	3731.30	3733.46	3732.22	3730.44	3722.86	3727.78	3730.44	3714.30	3725.42	3725.00	3724.58	3723.08	3723.82	
3716.42	3697.62	3694.64	3695.52	3693.66	3699.02	3717.34	3734.12	3720.40	3717.28	3711.58	3693.54	3717.04	3732.92	3719.42	3717.66	
3720.88	3714.02	3713.24	3720.68	3712.12	3704.40	3701.46	3695.80	3696.38	3700.94	3708.32	3713.28	3708.96	3713.20	3737.10	3695.46	

*******************************************2025/03/24;22:44:38
Probe number 14
Concentration entered by User 1.53% (Compensated: 1.89% at temperature 25.3)
1262.92	1261.94	1288.86	1303.66	1318.08	1332.24	1350.90	1366.08	1387.06	1401.80	1423.26	1454.06	1474.40	1504.96	1534.04	1569.68	
1601.32	1637.84	1675.16	1715.80	1758.80	1808.04	1851.86	1903.52	1960.42	2020.38	2102.00	2187.24	2288.86	2433.84	2624.50	2862.74	
3181.92	3449.66	3624.30	3687.88	3676.72	3698.42	3688.30	3695.86	3697.62	3696.34	3693.74	3695.44	3703.00	3702.36	3702.64	3701.36	
3700.36	3703.02	3706.78	3716.14	3707.96	3712.28	3708.58	3708.06	3717.18	3718.80	3721.66	3723.28	3722.96	3724.10	3721.54	3719.44	
3725.64	3726.08	3722.56	3718.28	3719.16	3717.42	3719.84	3725.56	3723.92	3727.14	3730.34	3728.96	3731.12	3730.24	3742.34	3733.30	
3740.52	3743.58	3738.72	3735.46	3737.92	3736.90	3734.92	3727.62	3732.54	3734.38	3718.94	3730.34	3729.50	3729.04	3728.04	3728.38	
3721.04	3703.14	3700.04	3701.10	3698.94	3704.80	3721.84	3738.22	3725.02	3722.32	3716.98	3698.60	3722.08	3737.38	3724.32	3722.94	
3725.70	3719.30	3718.40	3725.18	3717.20	3710.16	3706.72	3701.22	3701.46	3706.32	3713.32	3718.36	3714.28	3718.54	3741.46	3701.20	

*******************************************2025/03/24;23:04:37
Probe number 15
Concentration entered by User 1.54% (Compensated: 1.90% at temperature 25.1)
1262.78	1261.62	1288.56	1303.20	1316.56	1331.22	1349.78	1365.62	1385.88	1400.86	1422.14	1454.18	1473.74	1503.74	1532.24	1568.04	
1600.90	1637.52	1672.58	1714.30	1756.36	1807.84	1850.04	1899.78	1956.28	2019.28	2100.06	2187.22	2283.24	2430.50	2617.94	2862.94	
3178.16	3444.50	3623.16	3687.04	3676.46	3697.96	3687.30	3695.22	3696.92	3695.42	3692.90	3694.60	3702.20	3701.18	3701.28	3700.72	
3699.34	3701.80	3706.04	3714.80	3707.38	3711.28	3707.20	3707.14	3715.30	3718.04	3721.00	3722.66	3722.54	3723.44	3720.88	3718.84	
3724.94	3725.58	3721.90	3717.52	3718.86	3717.00	3719.08	3724.80	3723.42	3726.56	3730.10	3728.62	3730.74	3729.88	3741.84	3732.36	
3739.84	3743.00	3738.16	3735.16	3737.44	3736.20	3734.14	3727.26	3732.00	3733.94	3717.92	3729.48	3729.14	3728.42	3727.18	3727.80	
3720.32	3702.44	3699.42	3700.14	3699.22	3703.66	3721.38	3737.72	3725.08	3721.84	3716.34	3697.40	3721.36	3736.88	3723.76	3722.22	
3725.10	3718.28	3717.68	3725.04	3716.90	3709.40	3706.56	3700.86	3701.30	3705.80	3712.72	3717.82	3713.80	3718.38	3741.06	3700.68	

*******************************************2025/03/24;23:24:38
Probe number 16
Concentration entered by User 1.55% (Compensated: 1.89% at temperature 25.0)
1263.02	1261.66	1288.92	1304.06	1317.66	1331.84	1350.22	1366.30	1386.34	1401.24	1422.74	1453.74	1475.20	1504.16	1533.54	1569.62	
1600.64	1638.74	1674.60	1717.98	1760.70	1809.74	1851.44	1902.98	1958.78	2020.26	2104.12	2196.26	2283.66	2428.98	2624.16	2860.96	
3183.66	3434.70	3622.64	3690.90	3681.90	3702.28	3691.64	3699.68	3700.52	3699.52	3697.50	3698.90	3705.84	3705.10	3705.20	3704.92	
3703.36	3705.80	3709.82	3718.48	3711.56	3714.98	3711.68	3711.30	3719.06	3721.04	3723.90	3725.58	3724.76	3726.18	3723.32	3722.10	
3728.02	3728.14	3724.50	3720.40	3721.96	3720.60	3722.54	3728.70	3727.12	3730.64	3734.02	3732.62	3734.82	3733.30	3745.78	3736.42	
3743.48	3746.70	3741.74	3739.06	3741.42	3739.92	3738.24	3731.24	3735.60	3737.78	3721.98	3733.36	3732.78	3732.44	3730.86	3731.62	
3724.12	3706.78	3703.36	3704.74	3703.24	3707.96	3725.36	3741.36	3728.96	3725.86	3720.38	3702.20	3725.42	3740.88	3727.90	3726.34	
3729.50	3722.80	3722.02	3728.80	3720.74	3713.62	3710.76	3705.32	3705.88	3710.08	3717.02	3721.94	3717.96	3722.32	3744.62	3705.04	

*******************************************2025/03/24;23:44:38
Probe number 17
Concentration entered by User 1.55% (Compensated: 1.88% at temperature 24.8)
1263.38	1261.86	1289.18	1303.64	1317.38	1332.36	1350.60	1366.08	1386.88	1402.22	1422.10	1454.08	1475.62	1504.92	1532.46	1569.36	
1600.92	1639.22	1674.20	1717.46	1759.90	1809.86	1855.30	1904.10	1965.02	2025.22	2096.96	2184.88	2279.36	2429.10	2616.86	2858.66	
3166.06	3447.76	3627.98	3691.34	3683.50	3704.60	3694.34	3702.16	3702.52	3701.48	3699.48	3700.78	3708.16	3707.22	3707.38	3706.80	
3705.54	3707.66	3711.62	3720.32	3713.22	3717.12	3713.14	3712.62	3720.54	3722.20	3725.16	3726.80	3725.66	3726.68	3724.44	3723.44	
3729.36	3729.40	3725.68	3721.70	3723.50	3722.42	3724.12	3730.28	3728.70	3732.50	3735.46	3734.16	3736.32	3735.10	3747.24	3738.20	
3745.00	3748.46	3743.48	3740.64	3742.80	3741.64	3739.56	3732.52	3737.16	3739.02	3723.10	3734.88	3734.36	3733.84	3732.60	3732.96	
3726.04	3708.60	3705.20	3707.40	3705.34	3709.96	3727.40	3743.12	3730.58	3727.56	3722.66	3704.26	3727.18	3742.54	3729.50	3728.48	
3731.56	3724.84	3723.70	3730.88	3722.86	3716.02	3712.84	3707.64	3707.84	3712.20	3719.46	3723.70	3720.26	3724.68	3746.16	3706.82	

