*******************************************2025/05/26;10:23:38
Probe number 0
Concentration entered by User -1.00% (Compensated: -1.00% at temperature 24.2)
3406.04	3537.06	3668.20	3674.60	3664.58	3684.92	3702.12	3699.22	3705.52	3716.10	3708.44	3711.82	3700.74	3698.20	3697.78	3701.36	
3702.02	3704.58	3700.96	3702.00	3702.56	3707.70	3705.08	3702.76	3705.28	3704.42	3705.18	3704.44	3702.12	3704.60	3716.52	3712.00	
3713.28	3714.34	3709.22	3707.90	3710.16	3721.10	3723.32	3729.12	3731.66	3732.82	3727.78	3727.56	3734.06	3733.60	3736.44	3733.80	
3731.34	3732.06	3738.60	3744.44	3732.74	3734.66	3730.08	3728.46	3734.56	3733.06	3730.68	3717.84	3704.98	3700.32	3691.66	3687.76	
3686.50	3662.76	3659.84	3643.20	3642.82	3650.20	3654.24	3658.72	3621.34	3591.82	3601.08	3611.36	3609.84	3586.12	3590.52	3575.56	
3584.68	3579.62	3625.38	3621.54	3648.86	3648.58	3668.00	3683.72	3667.54	3665.86	3655.52	3688.06	3645.44	3646.64	3632.92	3618.32	
3595.84	3614.76	3626.42	3561.52	3584.26	3619.24	3670.96	3738.94	3726.76	3699.24	3687.34	3698.02	3734.88	3754.92	3738.80	3734.00	
3734.46	3730.96	3727.32	3732.78	3724.24	3721.70	3720.78	3719.78	3723.06	3729.70	3738.88	3748.80	3750.02	3758.94	3781.12	3758.62	

*******************************************2025/05/26;10:23:50
Probe number 1
Concentration entered by User -1.00% (Compensated: -1.00% at temperature 24.2)
3410.48	3543.04	3673.76	3679.72	3669.74	3689.94	3706.74	3703.70	3710.12	3720.62	3713.28	3716.66	3705.46	3702.80	3702.62	3705.86	
3706.80	3709.14	3705.60	3706.64	3707.10	3712.06	3709.52	3707.46	3710.08	3709.34	3709.68	3708.88	3706.68	3709.54	3721.26	3716.66	
3717.72	3718.98	3713.74	3712.66	3714.96	3725.28	3728.02	3733.28	3735.76	3737.30	3731.84	3732.04	3738.10	3737.66	3740.92	3737.90	
3735.66	3736.18	3742.62	3748.36	3736.86	3739.06	3734.12	3732.50	3738.58	3736.96	3734.92	3722.36	3710.12	3705.18	3696.70	3692.94	
3691.46	3668.08	3665.74	3649.10	3648.12	3655.98	3659.60	3664.58	3627.60	3598.08	3607.72	3617.48	3615.78	3593.34	3597.02	3582.46	
3591.06	3586.04	3631.84	3627.56	3654.40	3654.22	3673.72	3689.00	3673.40	3671.30	3661.54	3693.44	3651.62	3652.66	3638.88	3624.20	
3602.46	3621.02	3632.48	3567.86	3590.84	3625.52	3676.56	3743.28	3731.46	3704.32	3692.64	3703.18	3738.98	3758.80	3742.76	3738.50	
3738.66	3735.42	3731.56	3736.96	3728.58	3725.92	3725.34	3724.22	3727.40	3733.84	3743.02	3752.62	3753.86	3762.32	3784.14	3762.12	

*******************************************2025/05/26;10:29:38
Probe number 2
Concentration entered by User -1.00% (Compensated: -1.00% at temperature 24.3)
3150.42	3316.34	3530.28	3593.38	3606.10	3618.50	3609.74	3612.02	3634.70	3641.58	3640.74	3655.46	3659.90	3663.38	3676.36	3690.22	
3695.02	3705.20	3710.84	3720.34	3724.92	3737.38	3737.86	3730.96	3725.86	3719.44	3713.72	3708.56	3704.06	3706.50	3718.36	3714.50	
3717.12	3719.58	3716.18	3717.34	3719.52	3729.86	3732.82	3738.84	3742.36	3744.60	3740.64	3740.70	3746.58	3746.24	3748.72	3746.34	
3744.04	3745.20	3752.10	3757.66	3747.48	3749.94	3746.84	3744.58	3750.58	3749.98	3749.68	3743.84	3736.84	3732.40	3726.68	3722.26	
3724.86	3719.10	3706.90	3679.84	3662.80	3636.74	3625.08	3691.12	3736.80	3758.92	3758.94	3702.86	3573.78	3485.74	3571.62	3720.90	
3767.44	3710.14	3607.88	3580.36	3679.78	3752.32	3765.42	3735.06	3710.44	3717.64	3735.28	3770.96	3761.26	3722.30	3646.10	3598.54	
3573.32	3575.80	3556.92	3466.04	3523.62	3542.26	3604.54	3668.84	3689.34	3664.10	3657.86	3665.62	3708.56	3721.06	3701.06	3703.04	
3698.20	3702.58	3689.54	3702.44	3693.72	3682.80	3686.26	3687.94	3693.24	3702.64	3726.34	3734.64	3726.88	3739.50	3761.22	3713.36	

*******************************************2025/05/26;10:29:52
Probe number 3
Concentration entered by User -1.00% (Compensated: -1.00% at temperature 24.3)
2675.04	2710.92	2877.26	2993.92	3142.14	3321.54	3480.06	3573.26	3615.80	3629.30	3603.42	3619.72	3636.68	3637.30	3644.78	3655.80	
3667.46	3679.26	3689.78	3697.44	3701.36	3710.54	3705.28	3707.82	3717.06	3722.80	3725.80	3721.96	3716.50	3717.46	3727.10	3718.54	
3717.22	3716.72	3712.70	3713.32	3715.18	3725.48	3728.32	3734.10	3737.48	3740.22	3736.46	3736.88	3742.72	3742.22	3744.68	3742.28	
3739.74	3740.96	3747.60	3753.12	3743.08	3745.66	3742.26	3739.74	3745.48	3744.64	3743.94	3737.74	3730.66	3725.98	3719.22	3714.34	
3718.70	3711.14	3695.64	3667.72	3651.44	3626.88	3608.42	3698.44	3747.38	3755.58	3740.06	3653.60	3512.00	3438.18	3526.08	3697.26	
3755.16	3713.88	3625.82	3546.62	3598.92	3672.90	3705.64	3743.78	3771.38	3783.62	3775.16	3748.20	3677.18	3621.30	3560.02	3536.00	
3493.86	3496.14	3490.14	3433.96	3509.82	3536.24	3609.30	3681.80	3705.58	3680.98	3675.14	3682.24	3716.56	3727.62	3706.44	3707.10	
3700.00	3698.40	3687.32	3694.96	3686.70	3678.32	3682.16	3682.70	3685.62	3695.72	3717.62	3723.98	3713.34	3726.88	3746.74	3716.50	

*******************************************2025/05/26;10:40:19
Probe number 0
Concentration entered by User -1.00% (Compensated: -1.00% at temperature 24.1)
2822.62	2908.04	3134.72	3267.46	3390.12	3510.88	3580.72	3591.92	3585.48	3586.94	3599.28	3618.22	3614.26	3625.26	3635.58	3647.92	
3657.84	3667.16	3673.14	3681.42	3684.22	3697.74	3695.14	3696.08	3704.16	3705.26	3711.76	3715.98	3712.70	3719.90	3730.74	3727.10	
3728.30	3728.78	3720.14	3716.92	3717.38	3726.20	3728.28	3734.22	3736.94	3739.54	3735.34	3736.14	3741.60	3741.34	3743.06	3740.54	
3737.96	3738.78	3745.18	3750.70	3739.58	3741.60	3737.54	3735.52	3741.14	3740.54	3739.22	3733.16	3724.58	3718.34	3710.84	3702.36	
3702.38	3689.40	3686.10	3680.00	3680.36	3684.68	3688.46	3702.38	3683.80	3661.96	3651.08	3639.36	3626.48	3612.88	3637.56	3639.26	
3632.22	3638.54	3667.02	3656.36	3677.12	3696.70	3714.60	3723.84	3755.02	3763.76	3742.00	3738.72	3689.10	3687.72	3659.54	3622.66	
3589.06	3606.38	3603.90	3554.60	3584.62	3619.76	3666.68	3714.74	3729.58	3715.56	3715.22	3703.60	3734.84	3750.48	3732.52	3729.26	
3720.38	3726.22	3710.84	3723.84	3710.50	3702.26	3706.26	3704.00	3703.34	3707.90	3728.06	3734.74	3725.30	3736.18	3755.86	3714.06	

*******************************************2025/05/26;10:48:19
Probe number 1
Concentration entered by User 0.52% (Compensated: 0.80% at temperature 24.1)
1163.78	1167.26	1189.34	1202.42	1214.34	1230.62	1247.42	1262.14	1278.76	1296.18	1316.02	1341.66	1365.88	1393.14	1424.14	1458.82	
1491.40	1527.10	1562.00	1601.12	1639.82	1688.38	1740.44	1801.14	1876.06	1957.40	2057.90	2168.92	2316.62	2544.24	2892.30	3207.60	
3479.28	3620.24	3616.52	3631.80	3641.12	3656.58	3669.54	3690.56	3701.60	3715.44	3719.34	3725.92	3733.30	3732.28	3735.40	3732.78	
3731.62	3734.56	3742.18	3747.92	3736.64	3739.38	3737.98	3738.02	3745.40	3746.56	3746.60	3743.16	3738.80	3736.52	3733.92	3731.26	
3734.36	3728.20	3727.30	3723.82	3724.84	3726.06	3725.82	3732.54	3719.12	3709.36	3712.46	3711.30	3707.12	3697.68	3708.88	3705.52	
3698.18	3709.38	3728.60	3721.06	3727.60	3732.56	3736.50	3733.76	3743.96	3749.78	3738.74	3747.16	3726.98	3729.14	3721.70	3717.34	
3700.00	3707.50	3703.52	3673.46	3676.02	3687.88	3715.20	3738.90	3744.68	3734.70	3725.40	3711.48	3735.02	3749.84	3735.90	3734.58	
3735.18	3733.28	3727.70	3732.90	3723.40	3718.72	3716.54	3711.82	3710.92	3715.84	3724.32	3728.10	3723.06	3726.80	3748.70	3708.30	

*******************************************2025/05/26;11:08:19
Probe number 2
Concentration entered by User 0.00% (Compensated: 0.31% at temperature 24.6)
1201.98	1206.72	1235.54	1255.10	1273.62	1292.88	1316.32	1337.90	1362.68	1391.04	1422.14	1461.60	1503.00	1552.86	1610.12	1688.26	
1775.06	1862.06	1959.26	2063.48	2170.14	2309.10	2460.98	2619.02	2770.24	2921.80	3060.12	3179.26	3295.06	3422.22	3494.32	3493.00	
3519.94	3586.10	3662.26	3730.70	3763.16	3776.94	3776.52	3783.18	3787.36	3783.08	3762.88	3754.78	3759.66	3735.24	3712.92	3696.10	
3682.82	3680.82	3675.06	3652.00	3653.98	3669.68	3672.82	3668.30	3657.58	3678.02	3688.92	3628.24	3606.68	3621.94	3628.08	3666.92	
3655.74	3621.84	3627.80	3591.44	3570.58	3602.48	3656.42	3672.62	3637.06	3609.68	3617.28	3603.54	3588.60	3586.36	3633.06	3649.58	
3646.54	3639.12	3650.80	3651.02	3708.18	3734.10	3738.44	3743.34	3761.12	3772.52	3756.18	3755.92	3714.12	3711.86	3678.42	3651.50	
3620.50	3632.46	3663.60	3562.14	3499.50	3639.90	3752.86	3782.38	3751.70	3725.16	3662.28	3690.14	3795.26	3814.94	3720.20	3657.94	
3715.98	3757.02	3759.98	3739.86	3735.92	3739.68	3744.92	3722.86	3711.66	3733.50	3751.82	3760.88	3769.10	3751.76	3753.90	3703.72	

*******************************************2025/05/26;11:28:19
Probe number 3
Concentration entered by User 0.00% (Compensated: 0.34% at temperature 25.0)
1205.72	1208.96	1239.04	1256.38	1275.06	1299.96	1326.92	1351.90	1382.24	1416.54	1453.58	1500.82	1554.20	1625.88	1716.32	1808.92	
1899.56	1997.32	2122.10	2272.00	2425.50	2582.78	2727.60	2862.34	2983.78	3104.88	3222.36	3318.04	3377.76	3441.06	3535.50	3620.26	
3688.76	3726.60	3741.48	3749.86	3752.10	3756.84	3752.44	3756.26	3757.66	3754.72	3738.78	3735.52	3742.30	3715.04	3685.48	3660.60	
3649.52	3649.44	3647.08	3621.70	3618.96	3636.26	3636.60	3626.82	3616.18	3644.92	3659.64	3595.62	3578.16	3593.06	3596.00	3631.54	
3613.60	3577.62	3587.22	3552.86	3542.88	3581.60	3627.92	3636.76	3590.70	3563.30	3581.42	3577.80	3573.30	3563.84	3593.96	3600.44	
3594.88	3599.48	3624.04	3624.18	3680.04	3706.26	3710.20	3717.84	3736.64	3747.60	3731.96	3734.64	3688.06	3680.04	3640.48	3612.66	
3579.56	3600.40	3628.26	3513.44	3440.68	3593.90	3730.58	3765.36	3730.88	3697.18	3628.48	3656.38	3779.38	3804.40	3697.02	3629.22	
3685.50	3732.44	3734.36	3716.20	3708.56	3712.14	3716.18	3692.78	3682.86	3710.12	3730.24	3738.96	3747.58	3728.26	3731.88	3674.90	

*******************************************2025/05/26;11:48:19
Probe number 4
Concentration entered by User 0.00% (Compensated: 0.36% at temperature 25.2)
1233.22	1238.22	1266.74	1288.48	1310.32	1338.66	1373.66	1409.70	1448.64	1503.52	1585.08	1682.90	1772.46	1877.30	2006.10	2165.50	
2328.22	2479.12	2620.36	2750.04	2877.60	3010.62	3112.38	3203.26	3289.34	3395.30	3517.46	3607.60	3649.20	3692.30	3725.22	3722.80	
3721.46	3724.24	3730.62	3740.22	3754.18	3766.96	3768.40	3771.38	3773.68	3768.24	3753.76	3750.98	3756.48	3731.86	3704.98	3682.24	
3670.42	3671.76	3671.24	3647.86	3643.74	3660.34	3657.36	3644.26	3633.72	3663.14	3678.16	3616.76	3603.26	3616.68	3617.64	3647.78	
3626.56	3590.88	3605.28	3574.92	3571.04	3611.30	3650.20	3653.24	3604.70	3579.32	3603.62	3607.32	3607.94	3594.76	3613.52	3614.66	
3606.96	3617.38	3647.92	3648.98	3699.80	3722.12	3724.64	3732.18	3748.42	3758.92	3746.90	3749.84	3706.42	3696.28	3656.18	3630.26	
3601.14	3622.62	3648.50	3529.50	3458.82	3612.26	3744.14	3776.56	3745.72	3714.42	3649.52	3679.10	3791.20	3812.40	3715.44	3652.74	
3703.70	3747.06	3747.54	3731.76	3724.72	3727.84	3730.42	3709.14	3701.88	3728.38	3747.22	3754.62	3762.20	3744.62	3749.62	3699.34	

*******************************************2025/05/26;12:08:19
Probe number 5
Concentration entered by User -1.00% (Compensated: -1.00% at temperature 25.4)
1265.28	1279.58	1322.48	1359.24	1404.76	1477.78	1574.48	1662.10	1759.12	1889.92	2046.70	2238.56	2423.66	2602.86	2768.84	2922.34	
3039.46	3108.24	3167.20	3281.84	3437.60	3591.42	3668.20	3681.60	3669.70	3655.74	3668.08	3682.52	3683.92	3693.78	3714.28	3717.38	
3719.68	3725.06	3733.02	3743.66	3753.84	3766.40	3768.60	3773.88	3776.26	3769.96	3755.98	3754.22	3759.44	3735.00	3708.00	3684.52	
3671.62	3673.64	3674.30	3650.94	3645.44	3660.74	3657.42	3642.28	3632.00	3661.96	3676.70	3615.06	3603.00	3617.20	3616.44	3644.66	
3621.18	3586.00	3603.46	3576.46	3575.18	3615.32	3651.30	3651.06	3598.76	3575.14	3603.10	3611.88	3615.64	3600.74	3613.94	3610.92	
3600.86	3613.44	3649.24	3652.36	3701.84	3722.68	3724.34	3731.40	3747.48	3758.36	3748.56	3751.32	3708.02	3696.10	3653.28	3627.14	
3602.60	3622.14	3645.36	3522.04	3454.90	3609.72	3742.50	3775.88	3745.58	3713.48	3648.34	3681.62	3792.06	3812.38	3716.18	3654.32	
3704.00	3747.34	3746.72	3731.36	3724.32	3726.80	3729.16	3708.14	3702.90	3729.80	3748.24	3754.48	3761.76	3743.86	3749.26	3699.10	

*******************************************2025/05/26;12:28:19
Probe number 6
Concentration entered by User -1.00% (Compensated: -1.00% at temperature 25.6)
1327.20	1357.04	1440.94	1533.40	1625.24	1744.68	1897.64	2064.48	2249.50	2434.68	2606.10	2762.68	2875.94	2989.12	3064.10	3162.30	
3316.40	3492.46	3615.98	3664.32	3657.40	3649.46	3640.44	3647.86	3652.56	3658.52	3675.96	3682.66	3681.54	3692.02	3713.22	3714.32	
3717.96	3725.30	3731.68	3742.74	3752.52	3765.16	3767.70	3773.32	3775.40	3768.54	3755.32	3753.32	3758.52	3734.94	3707.14	3682.92	
3669.70	3671.70	3672.52	3648.46	3643.14	3658.68	3654.10	3637.92	3628.02	3658.12	3672.22	3609.50	3599.32	3613.42	3612.72	3639.32	
3614.32	3578.24	3598.20	3574.00	3574.86	3615.70	3649.64	3646.68	3590.94	3568.46	3599.64	3611.46	3617.26	3600.30	3610.16	3605.30	
3593.28	3607.92	3646.30	3651.66	3700.92	3720.18	3721.18	3728.34	3743.86	3756.06	3746.74	3750.02	3705.42	3693.28	3648.76	3622.56	
3599.88	3618.48	3641.70	3513.00	3447.70	3603.76	3738.58	3773.04	3741.68	3708.88	3642.60	3680.16	3790.72	3810.68	3712.86	3651.96	
3701.62	3745.80	3743.92	3728.68	3721.78	3724.14	3725.90	3704.66	3700.44	3728.38	3746.72	3752.30	3758.76	3740.90	3748.84	3693.82	

*******************************************2025/05/26;12:48:19
Probe number 7
Concentration entered by User -1.00% (Compensated: -1.00% at temperature 25.7)
1520.04	1575.94	1701.94	1849.54	2016.70	2216.32	2415.02	2581.52	2716.74	2832.36	2936.86	3026.46	3120.94	3277.84	3461.00	3599.74	
3653.76	3663.14	3651.22	3633.92	3640.56	3654.38	3654.34	3660.30	3657.58	3662.72	3678.26	3688.22	3686.16	3692.68	3714.30	3717.76	
3722.48	3729.88	3736.30	3746.16	3755.20	3767.36	3769.96	3775.56	3777.46	3770.94	3757.92	3756.20	3760.70	3737.64	3710.66	3686.70	
3672.76	3674.10	3675.84	3653.42	3647.12	3662.46	3657.64	3640.84	3632.36	3660.62	3673.18	3611.02	3601.78	3616.66	3614.88	3641.02	
3614.00	3578.56	3599.54	3576.72	3580.90	3620.92	3653.48	3649.46	3592.64	3569.32	3601.30	3614.94	3622.94	3603.80	3611.84	3607.34	
3594.92	3610.98	3650.32	3657.80	3705.00	3722.58	3723.46	3729.86	3745.30	3757.80	3749.30	3753.14	3709.68	3696.84	3651.40	3626.64	
3605.92	3622.68	3646.20	3514.38	3451.72	3605.18	3738.54	3773.76	3742.66	3709.14	3643.74	3683.88	3791.68	3811.22	3715.46	3657.08	
3705.48	3748.18	3745.40	3731.06	3723.74	3726.04	3727.42	3707.22	3703.92	3731.12	3749.08	3754.56	3760.42	3742.18	3752.24	3695.44	

*******************************************2025/05/26;13:08:19
Probe number 8
Concentration entered by User -1.00% (Compensated: -1.00% at temperature 25.8)
1875.36	1983.16	2192.96	2371.28	2511.18	2651.60	2772.38	2873.44	2946.10	3046.90	3203.84	3406.14	3536.26	3609.30	3634.36	3633.28	
3614.86	3626.76	3635.50	3636.10	3636.06	3642.78	3648.92	3651.38	3652.80	3654.62	3669.10	3677.94	3674.88	3682.62	3706.32	3709.64	
3715.02	3722.02	3729.26	3739.40	3749.16	3761.08	3763.92	3769.58	3771.60	3764.90	3751.30	3749.42	3753.98	3729.84	3702.18	3676.52	
3662.38	3663.72	3666.08	3642.60	3636.40	3652.16	3646.32	3629.52	3620.06	3649.16	3661.08	3596.96	3588.62	3604.38	3603.42	3628.82	
3601.36	3565.48	3586.80	3565.90	3571.82	3609.26	3640.62	3636.20	3577.66	3551.40	3581.30	3596.74	3605.64	3586.12	3597.68	3594.76	
3581.88	3598.10	3641.64	3650.18	3696.14	3714.14	3716.48	3722.02	3737.42	3750.50	3741.80	3746.66	3701.36	3688.56	3641.58	3616.08	
3593.56	3610.20	3635.58	3499.12	3439.80	3589.96	3728.50	3766.60	3734.48	3698.00	3629.32	3674.26	3786.10	3807.44	3708.20	3648.22	
3696.00	3740.28	3738.24	3723.28	3714.58	3717.14	3719.12	3697.72	3695.16	3723.96	3741.86	3746.56	3750.72	3734.20	3747.34	3684.70	

*******************************************2025/05/26;13:28:19
Probe number 9
Concentration entered by User -1.00% (Compensated: -1.00% at temperature 25.9)
2480.70	2541.30	2717.78	2811.68	2881.98	2985.38	3134.52	3281.92	3425.52	3533.68	3583.62	3614.72	3596.90	3586.44	3613.92	3630.14	
3629.62	3636.44	3640.92	3644.20	3640.80	3651.22	3652.64	3652.62	3654.16	3657.14	3672.66	3679.70	3676.98	3682.38	3707.60	3712.68	
3718.28	3727.30	3733.82	3742.54	3750.58	3762.64	3764.92	3770.56	3772.74	3766.02	3752.78	3750.74	3754.62	3730.84	3703.88	3678.28	
3664.14	3665.02	3667.72	3644.60	3638.58	3653.70	3647.54	3629.82	3622.26	3650.74	3661.12	3597.14	3589.00	3604.98	3604.40	3629.30	
3601.80	3565.34	3588.04	3568.78	3575.58	3612.34	3642.76	3637.00	3576.14	3551.32	3582.12	3598.96	3607.46	3587.58	3598.58	3595.90	
3581.94	3599.32	3643.12	3653.14	3698.72	3715.78	3718.30	3723.08	3738.40	3751.08	3742.62	3747.16	3701.84	3688.94	3642.36	3617.74	
3595.86	3610.46	3637.62	3499.98	3441.74	3589.84	3727.76	3766.28	3734.32	3697.22	3628.58	3675.40	3786.02	3807.34	3708.24	3651.20	
3697.96	3741.14	3738.72	3723.66	3715.06	3717.50	3718.86	3698.12	3695.84	3725.30	3742.82	3747.26	3750.98	3733.70	3748.38	3685.98	

*******************************************2025/05/26;13:48:19
Probe number 10
Concentration entered by User -1.00% (Compensated: -1.00% at temperature 26.0)
2764.60	2815.92	2979.64	3081.56	3204.54	3365.40	3493.84	3553.74	3580.60	3582.04	3562.12	3591.58	3597.68	3599.52	3608.28	3619.44	
3624.76	3630.66	3634.40	3637.70	3637.66	3645.54	3650.52	3654.26	3652.84	3653.58	3666.56	3673.00	3670.54	3675.60	3700.48	3706.32	
3714.00	3724.26	3733.32	3741.56	3749.92	3760.82	3762.66	3767.82	3770.42	3763.34	3749.60	3747.30	3751.00	3726.80	3699.90	3674.18	
3659.12	3660.30	3662.78	3639.64	3633.38	3648.68	3641.82	3624.28	3617.12	3645.16	3654.78	3588.96	3582.46	3598.68	3597.64	3622.50	
3594.06	3558.38	3582.02	3563.06	3571.36	3608.16	3638.36	3630.86	3570.04	3544.98	3576.06	3593.58	3603.22	3582.62	3593.20	3589.76	
3575.48	3592.64	3637.80	3648.00	3694.96	3711.78	3714.42	3718.84	3733.96	3747.34	3739.26	3743.76	3697.42	3684.70	3636.92	3614.06	
3592.94	3605.72	3633.20	3493.18	3436.60	3581.24	3722.22	3762.04	3729.48	3690.82	3621.12	3670.60	3782.44	3804.86	3703.90	3648.12	
3693.66	3737.64	3734.50	3718.96	3710.02	3712.80	3713.86	3693.16	3691.68	3721.56	3739.26	3743.10	3747.26	3727.86	3744.30	3681.46	

*******************************************2025/05/26;14:08:19
Probe number 11
Concentration entered by User -1.00% (Compensated: -1.00% at temperature 26.1)
3064.20	3180.50	3371.04	3457.60	3504.56	3549.22	3574.28	3563.66	3574.32	3587.20	3588.94	3610.92	3610.52	3610.96	3621.44	3632.34	
3633.36	3636.90	3640.10	3643.06	3638.64	3647.12	3649.90	3651.20	3653.08	3655.66	3667.72	3678.16	3670.96	3676.60	3698.44	3705.34	
3714.14	3722.96	3732.88	3745.00	3752.20	3761.80	3763.64	3768.68	3769.96	3763.44	3749.26	3747.12	3750.56	3726.18	3699.84	3674.14	
3658.80	3659.78	3661.88	3639.52	3632.48	3647.88	3640.74	3623.16	3616.86	3643.82	3652.02	3587.10	3579.70	3597.28	3595.80	3620.96	
3591.00	3555.52	3580.56	3563.12	3572.18	3608.10	3636.90	3629.50	3566.68	3542.60	3573.90	3592.86	3602.10	3581.40	3590.90	3588.78	
3573.28	3590.78	3636.94	3647.74	3694.90	3711.10	3713.18	3717.72	3731.96	3745.66	3737.36	3742.28	3695.34	3681.94	3633.52	3611.82	
3591.64	3603.22	3630.98	3491.12	3436.28	3577.94	3718.92	3759.92	3727.32	3687.82	3617.28	3668.54	3780.68	3803.78	3702.12	3649.18	
3693.20	3736.86	3733.54	3717.92	3708.44	3710.90	3712.34	3691.62	3690.18	3720.28	3737.64	3741.76	3745.60	3726.04	3743.08	3680.08	

*******************************************2025/05/26;14:28:19
Probe number 12
Concentration entered by User -1.00% (Compensated: -1.00% at temperature 26.2)
3326.02	3438.36	3551.56	3533.04	3526.34	3555.38	3573.34	3570.90	3580.94	3585.56	3591.68	3617.22	3618.58	3620.76	3629.12	3641.06	
3644.36	3648.00	3648.22	3649.18	3647.14	3653.86	3653.22	3653.52	3653.12	3652.82	3665.40	3673.58	3671.70	3679.24	3700.58	3707.20	
3714.72	3725.18	3734.28	3745.14	3755.80	3766.20	3767.02	3770.60	3771.36	3764.04	3750.20	3747.68	3750.98	3726.58	3700.32	3674.44	
3659.38	3659.84	3662.64	3639.68	3632.76	3648.06	3640.32	3622.66	3616.76	3644.04	3651.16	3584.80	3578.50	3596.08	3596.06	3619.80	
3589.96	3554.52	3579.10	3562.34	3571.72	3607.26	3636.28	3627.52	3565.44	3541.08	3572.24	3591.08	3600.40	3579.30	3589.12	3585.92	
3571.30	3589.48	3635.40	3646.90	3695.04	3710.16	3712.22	3717.84	3730.90	3744.72	3736.74	3742.12	3693.48	3679.38	3631.04	3610.24	
3591.14	3602.60	3629.62	3488.70	3435.66	3573.28	3716.12	3757.40	3725.00	3684.74	3613.76	3665.98	3778.98	3802.32	3699.88	3649.32	
3692.66	3735.50	3732.08	3716.14	3706.52	3709.16	3710.30	3689.36	3689.18	3718.98	3736.48	3740.08	3743.54	3723.82	3740.84	3676.64	

*******************************************2025/05/26;14:48:19
Probe number 13
Concentration entered by User -1.00% (Compensated: -1.00% at temperature 26.3)
3337.32	3453.42	3576.66	3561.36	3555.08	3576.80	3589.94	3590.20	3592.86	3598.08	3602.46	3625.30	3623.20	3624.98	3632.72	3643.92	
3645.04	3652.12	3655.74	3657.72	3652.64	3660.32	3662.36	3661.78	3658.68	3661.70	3672.14	3677.84	3673.12	3676.92	3698.50	3703.96	
3711.62	3724.66	3732.38	3742.90	3753.92	3769.54	3770.52	3773.64	3772.76	3765.46	3750.20	3747.92	3750.08	3725.84	3699.08	3673.88	
3658.26	3658.82	3660.44	3637.76	3631.08	3646.24	3638.62	3620.86	3614.78	3640.86	3647.08	3580.66	3576.42	3593.12	3592.28	3616.24	
3585.52	3549.96	3575.52	3559.28	3568.96	3603.52	3632.10	3624.16	3560.84	3536.56	3568.04	3587.74	3596.84	3576.10	3586.16	3583.10	
3568.06	3585.46	3631.88	3643.96	3691.44	3707.16	3708.58	3714.82	3728.06	3741.86	3734.10	3739.52	3690.00	3676.80	3627.26	3609.00	
3590.24	3600.28	3626.56	3485.06	3433.38	3567.62	3711.20	3753.84	3720.66	3680.00	3608.48	3662.06	3775.88	3800.18	3696.06	3647.46	
3689.80	3733.22	3729.54	3713.42	3703.30	3706.02	3706.30	3685.74	3685.98	3715.72	3733.04	3736.86	3740.34	3720.14	3738.20	3673.12	

*******************************************2025/05/26;15:08:19
Probe number 14
Concentration entered by User -1.00% (Compensated: -1.00% at temperature 26.4)
3340.80	3458.64	3581.80	3565.68	3559.66	3582.34	3595.06	3595.26	3595.88	3600.56	3603.84	3625.12	3621.56	3620.48	3625.90	3635.92	
3635.60	3640.32	3642.68	3644.40	3641.28	3649.42	3651.04	3651.50	3649.98	3651.84	3663.50	3672.10	3669.06	3673.76	3696.66	3702.70	
3707.98	3719.48	3728.82	3737.54	3746.96	3759.20	3763.94	3769.38	3770.38	3762.24	3746.26	3743.44	3745.18	3719.56	3692.76	3666.34	
3651.12	3651.32	3652.62	3629.66	3622.40	3638.34	3630.30	3612.10	3607.32	3632.70	3637.88	3570.18	3566.00	3583.66	3583.70	3607.00	
3575.42	3538.78	3565.36	3549.56	3559.26	3594.42	3622.84	3613.96	3550.10	3526.36	3557.50	3577.18	3586.82	3565.66	3575.64	3573.50	
3558.20	3575.28	3623.22	3635.66	3684.08	3699.46	3700.90	3707.16	3720.68	3736.18	3727.58	3733.46	3681.74	3667.16	3617.20	3599.60	
3581.30	3591.48	3617.32	3473.68	3422.76	3555.40	3702.04	3746.94	3712.36	3669.80	3596.24	3652.30	3769.46	3795.62	3687.14	3639.92	
3682.62	3726.80	3722.06	3705.50	3694.82	3697.42	3697.24	3675.84	3676.96	3707.92	3725.74	3729.68	3733.22	3713.02	3731.60	3664.32	

*******************************************2025/05/26;15:18:06
Probe number 15
Concentration entered by User -1.00% (Compensated: -1.00% at temperature 26.4)
3353.32	3473.96	3595.10	3578.56	3571.70	3593.84	3606.76	3605.48	3605.64	3609.94	3612.62	3633.60	3629.66	3627.86	3632.86	3641.38	
3640.02	3643.74	3645.06	3645.94	3640.96	3648.04	3648.72	3649.44	3646.36	3647.86	3660.90	3669.06	3666.24	3672.14	3696.00	3701.64	
3708.76	3720.62	3731.06	3741.94	3750.76	3762.90	3767.46	3771.24	3771.48	3762.60	3747.46	3743.80	3745.86	3720.36	3694.24	3668.00	
3652.18	3652.84	3654.70	3631.32	3624.38	3639.92	3631.96	3613.94	3608.84	3634.22	3638.24	3570.82	3565.80	3583.98	3583.88	3607.74	
3575.22	3537.34	3562.52	3549.78	3562.02	3590.10	3621.02	3613.56	3549.70	3520.20	3548.74	3569.66	3578.38	3557.28	3572.14	3571.94	
3557.96	3574.10	3624.24	3636.48	3682.40	3697.80	3700.68	3705.64	3720.22	3735.64	3727.88	3732.64	3679.90	3664.18	3617.72	3600.48	
3582.36	3591.80	3618.32	3475.18	3425.52	3556.84	3702.14	3746.96	3711.96	3669.38	3595.20	3652.36	3769.26	3795.22	3686.10	3640.76	
3682.96	3726.88	3722.34	3705.44	3694.38	3696.82	3696.24	3674.78	3675.70	3707.70	3725.04	3729.60	3733.30	3713.22	3732.20	3665.58	

*******************************************2025/05/26;15:18:18
Probe number 16
Concentration entered by User -1.00% (Compensated: -1.00% at temperature 26.4)
3354.62	3477.44	3598.16	3581.86	3574.98	3596.98	3609.54	3608.84	3609.28	3613.74	3616.08	3637.40	3633.18	3632.20	3637.64	3645.40	
3644.38	3647.76	3649.56	3650.26	3644.58	3652.00	3653.42	3653.14	3649.22	3652.02	3664.10	3671.78	3668.80	3675.50	3698.00	3704.06	
3712.44	3722.24	3732.76	3744.32	3752.40	3764.66	3768.70	3774.58	3774.82	3766.42	3750.26	3746.82	3748.38	3723.46	3697.24	3671.28	
3656.08	3656.74	3658.46	3635.34	3628.20	3643.46	3636.10	3618.36	3613.10	3638.22	3642.38	3575.14	3570.52	3588.16	3588.02	3611.28	
3578.96	3541.02	3566.04	3553.66	3566.00	3594.92	3625.72	3619.64	3555.78	3526.98	3556.10	3576.62	3585.42	3564.92	3579.68	3578.68	
3564.20	3579.02	3628.52	3639.42	3685.66	3700.58	3703.28	3708.70	3722.98	3738.30	3730.36	3735.24	3682.12	3667.62	3619.06	3604.98	
3586.88	3595.90	3621.78	3478.60	3429.88	3561.02	3704.70	3749.20	3715.18	3672.80	3600.00	3656.52	3771.34	3796.78	3689.48	3643.78	
3686.06	3729.46	3724.52	3707.92	3697.66	3700.64	3700.28	3679.38	3680.54	3711.56	3728.30	3733.00	3736.54	3716.34	3734.74	3668.54	

