*******************************************2025/05/27;10:23:22
Probe number 0
Concentration entered by User -1.00% (Compensated: -1.00% at temperature 23.7)
3398.44	3537.98	3668.48	3653.12	3628.46	3646.20	3656.58	3654.54	3660.16	3661.40	3666.10	3682.74	3677.62	3673.20	3672.62	3679.62	
3680.18	3682.64	3681.48	3682.22	3677.02	3681.98	3682.42	3682.08	3680.46	3681.80	3691.86	3695.92	3691.66	3694.78	3712.90	3715.28	
3721.00	3728.64	3732.96	3739.26	3746.32	3757.96	3761.64	3768.06	3770.26	3765.44	3751.96	3748.58	3752.80	3732.42	3709.36	3686.22	
3668.46	3661.18	3657.22	3645.56	3642.24	3661.38	3652.04	3631.84	3614.68	3622.40	3626.10	3572.52	3560.68	3583.28	3584.64	3599.02	
3572.10	3528.08	3543.24	3540.96	3556.68	3591.28	3622.16	3631.44	3583.02	3538.74	3566.72	3589.40	3604.14	3578.38	3594.46	3589.98	
3566.44	3570.74	3631.26	3637.32	3682.52	3703.18	3706.36	3711.88	3722.78	3740.16	3733.54	3738.74	3686.32	3662.08	3620.60	3619.12	
3628.30	3628.16	3646.96	3490.90	3435.68	3485.58	3640.44	3718.36	3688.86	3656.30	3584.40	3638.88	3733.30	3774.44	3687.50	3666.76	
3713.12	3742.46	3730.58	3713.64	3701.40	3699.78	3697.48	3681.58	3679.18	3705.38	3719.40	3723.56	3722.20	3711.50	3731.92	3674.10	

*******************************************2025/05/27;10:43:22
Probe number 1
Concentration entered by User -1.00% (Compensated: -1.00% at temperature 24.0)
3395.62	3531.26	3662.14	3647.70	3622.84	3640.66	3650.62	3647.70	3652.26	3654.34	3659.26	3676.62	3671.14	3666.72	3666.50	3674.04	
3674.74	3677.22	3677.40	3677.74	3672.20	3679.00	3679.88	3680.58	3679.54	3681.22	3692.76	3696.98	3692.48	3696.40	3715.02	3717.38	
3723.28	3730.14	3734.94	3741.00	3747.98	3758.32	3762.36	3768.98	3771.58	3766.70	3754.10	3750.92	3754.94	3734.04	3711.42	3688.16	
3671.10	3663.66	3659.58	3647.48	3644.86	3663.78	3654.70	3633.80	3617.44	3625.02	3627.90	3574.58	3564.08	3585.66	3586.66	3601.46	
3574.18	3529.48	3544.44	3542.62	3559.02	3593.84	3624.08	3633.86	3586.12	3542.70	3569.58	3591.86	3606.74	3581.62	3599.48	3593.74	
3568.82	3573.56	3634.36	3640.26	3685.04	3704.12	3707.74	3713.72	3724.90	3742.10	3735.20	3740.62	3687.46	3663.54	3619.54	3616.38	
3623.58	3623.18	3642.72	3485.82	3433.56	3484.54	3639.88	3718.24	3689.02	3655.94	3584.44	3640.32	3734.92	3775.40	3687.14	3668.54	
3713.66	3742.90	3731.12	3714.64	3701.84	3699.96	3697.36	3681.64	3679.48	3705.16	3719.42	3724.04	3722.42	3711.58	3731.86	3674.16	

*******************************************2025/05/27;10:47:02
Probe number 2
Concentration entered by User -1.00% (Compensated: -1.00% at temperature 24.1)
3392.38	3526.86	3657.62	3643.90	3619.10	3636.76	3647.46	3644.88	3649.06	3651.26	3656.30	3673.74	3668.18	3663.80	3664.06	3671.54	
3671.80	3675.32	3674.52	3675.36	3670.44	3676.70	3677.90	3678.48	3677.00	3679.40	3690.26	3694.94	3690.56	3694.60	3713.08	3716.00	
3721.44	3729.28	3733.50	3740.40	3747.06	3757.62	3761.66	3767.72	3770.72	3766.10	3753.16	3750.32	3753.88	3733.10	3710.68	3687.44	
3669.92	3662.60	3658.00	3646.32	3643.66	3662.66	3652.86	3632.60	3616.02	3623.70	3626.24	3573.00	3562.30	3584.44	3585.78	3600.26	
3572.24	3527.54	3541.88	3540.16	3557.08	3592.46	3622.14	3632.52	3585.62	3541.94	3568.16	3590.48	3605.58	3580.62	3598.80	3593.02	
3567.32	3571.80	3633.26	3638.70	3684.08	3702.94	3706.46	3712.64	3723.64	3740.86	3733.96	3740.00	3686.50	3662.08	3617.48	3614.18	
3621.44	3619.72	3640.28	3483.48	3431.16	3482.64	3637.72	3716.56	3687.38	3654.72	3582.66	3638.60	3734.14	3774.18	3685.40	3666.66	
3712.44	3741.78	3729.58	3713.14	3700.20	3698.36	3695.16	3679.98	3677.50	3703.68	3717.92	3722.90	3721.22	3709.90	3730.80	3672.24	

*******************************************2025/05/27;14:19:43
Probe number 3
Concentration entered by User -1.00% (Compensated: -1.00% at temperature 26.3)
3370.78	3495.92	3622.54	3606.50	3586.62	3606.02	3617.46	3615.62	3617.60	3622.02	3629.42	3648.84	3643.04	3638.94	3641.42	3651.30	
3652.14	3656.80	3659.14	3660.00	3655.48	3662.92	3664.20	3665.56	3664.18	3667.90	3679.38	3684.80	3680.28	3685.78	3705.70	3710.00	
3716.28	3724.22	3729.84	3736.60	3743.52	3754.48	3759.28	3765.44	3768.40	3762.76	3749.60	3748.60	3751.20	3728.94	3708.62	3685.54	
3669.64	3663.00	3657.52	3647.34	3648.14	3664.14	3655.06	3633.62	3620.12	3628.08	3627.24	3574.72	3572.00	3590.34	3591.54	3606.28	
3574.06	3530.00	3546.00	3545.32	3564.26	3596.02	3621.60	3634.28	3587.68	3549.48	3570.74	3594.32	3610.48	3594.44	3615.38	3601.26	
3570.50	3587.26	3649.82	3658.20	3700.34	3713.58	3720.66	3725.68	3736.40	3751.56	3742.12	3744.34	3686.28	3660.10	3604.30	3600.12	
3605.74	3596.64	3615.36	3448.26	3412.92	3468.14	3632.12	3712.04	3677.14	3646.16	3586.34	3649.92	3742.30	3776.22	3687.84	3683.88	
3721.62	3749.60	3736.62	3720.88	3706.28	3703.54	3701.28	3686.08	3686.32	3709.82	3723.88	3727.12	3725.50	3715.56	3737.54	3683.36	

*******************************************2025/05/27;14:39:42
Probe number 4
Concentration entered by User -1.00% (Compensated: -1.00% at temperature 26.4)
3372.60	3496.78	3622.58	3606.94	3586.88	3606.30	3617.58	3615.50	3617.90	3621.90	3629.86	3648.88	3643.12	3639.18	3641.32	3651.64	
3652.28	3657.06	3659.62	3659.98	3655.72	3663.48	3664.72	3665.98	3664.24	3667.98	3680.60	3685.92	3681.22	3686.46	3706.66	3710.42	
3716.96	3725.14	3730.48	3737.30	3744.06	3755.12	3759.68	3766.34	3768.90	3763.26	3750.08	3749.26	3751.74	3729.46	3709.68	3686.12	
3671.14	3664.60	3658.66	3648.68	3649.94	3665.56	3656.44	3635.50	3621.40	3629.30	3628.76	3576.62	3573.64	3592.16	3593.54	3607.74	
3575.70	3531.86	3547.04	3546.84	3565.60	3597.00	3622.34	3635.42	3589.12	3550.96	3571.38	3595.02	3611.14	3595.46	3615.86	3601.06	
3571.36	3587.98	3649.96	3659.62	3701.42	3714.10	3721.54	3726.74	3737.64	3752.34	3743.08	3745.12	3686.86	3661.32	3605.08	3601.80	
3606.06	3596.80	3615.22	3448.56	3414.54	3469.34	3632.88	3712.98	3678.36	3647.76	3588.16	3651.24	3742.74	3776.42	3688.64	3684.74	
3722.24	3749.98	3737.38	3721.52	3706.48	3704.36	3702.46	3687.68	3688.26	3710.84	3724.92	3727.72	3725.36	3717.14	3738.32	3684.80	

