*******************************************2025/03/23;00:03:56
Probe number 84
Concentration entered by User 1.99% (Compensated: 2.23% at temperature 23.5)
1143.94	1144.80	1162.58	1173.98	1182.94	1195.60	1210.24	1222.46	1238.08	1249.32	1267.26	1291.18	1307.98	1331.76	1355.08	1385.04	
1410.74	1441.78	1472.70	1508.18	1544.98	1591.48	1633.96	1678.56	1733.52	1790.66	1866.02	1952.98	2057.22	2187.70	2364.14	2601.34	
2989.98	3343.20	3595.70	3703.16	3689.60	3710.22	3701.56	3709.72	3716.32	3717.76	3717.56	3719.06	3725.76	3724.74	3724.52	3721.66	
3716.88	3718.54	3723.84	3733.44	3723.34	3725.94	3725.86	3725.86	3734.56	3737.28	3737.88	3736.86	3733.58	3732.84	3731.26	3727.54	
3732.46	3733.38	3729.16	3723.32	3722.48	3719.44	3723.00	3729.28	3727.94	3730.46	3732.42	3728.56	3732.06	3731.82	3745.16	3735.44	
3742.12	3746.48	3742.08	3738.40	3740.54	3739.96	3737.56	3730.90	3736.42	3737.96	3723.78	3735.46	3736.92	3737.04	3735.22	3735.84	
3726.74	3711.90	3711.16	3709.52	3707.68	3707.94	3724.98	3741.52	3732.48	3728.30	3722.78	3701.62	3722.46	3736.96	3725.30	3727.98	
3730.08	3722.74	3719.04	3725.34	3717.48	3715.18	3714.26	3709.18	3706.16	3709.72	3718.38	3722.38	3718.96	3721.96	3742.72	3700.48	

*******************************************2025/03/23;00:23:56
Probe number 85
Concentration entered by User 1.99% (Compensated: 2.23% at temperature 23.5)
1143.72	1144.52	1162.80	1174.14	1183.62	1196.06	1210.36	1222.26	1238.68	1249.20	1267.16	1290.80	1307.16	1330.94	1355.32	1384.96	
1410.60	1441.98	1471.70	1508.48	1545.54	1591.02	1633.20	1679.90	1731.50	1790.30	1868.74	1956.20	2049.36	2188.14	2368.30	2602.28	
2985.68	3345.04	3597.44	3702.98	3689.14	3710.20	3701.66	3709.82	3715.96	3717.80	3717.52	3719.26	3726.08	3724.68	3724.30	3721.84	
3716.86	3718.32	3724.20	3733.50	3723.84	3725.94	3725.60	3726.16	3734.36	3737.40	3737.52	3736.66	3733.30	3732.84	3731.30	3727.70	
3732.20	3733.64	3729.20	3723.02	3722.60	3719.54	3722.80	3729.16	3728.00	3730.56	3732.18	3728.64	3731.94	3732.06	3745.40	3735.30	
3742.28	3746.80	3742.22	3738.28	3740.68	3739.92	3737.52	3731.00	3736.30	3738.18	3723.88	3735.72	3736.78	3736.68	3735.08	3735.86	
3726.74	3712.36	3711.36	3709.48	3707.94	3708.28	3725.38	3741.58	3732.22	3728.44	3722.54	3701.80	3722.60	3736.88	3725.00	3727.62	
3730.10	3722.66	3719.26	3725.56	3717.60	3715.36	3714.20	3708.80	3706.14	3709.88	3718.28	3722.18	3718.82	3721.94	3742.86	3700.60	

*******************************************2025/03/23;00:43:56
Probe number 86
Concentration entered by User 1.99% (Compensated: 2.23% at temperature 23.5)
1144.34	1144.82	1163.32	1174.12	1183.86	1195.86	1210.52	1222.46	1238.64	1249.44	1268.04	1291.44	1308.66	1331.72	1355.70	1385.56	
1410.64	1442.60	1472.72	1508.36	1545.68	1590.92	1633.74	1679.90	1733.36	1788.06	1868.20	1956.00	2057.74	2186.84	2365.58	2606.76	
2987.74	3344.78	3598.82	3704.38	3689.96	3711.06	3702.12	3710.30	3716.98	3718.00	3717.84	3719.50	3726.44	3725.28	3724.40	3721.70	
3716.72	3719.18	3724.36	3733.76	3723.82	3726.76	3726.20	3726.50	3734.94	3737.52	3737.60	3737.06	3733.78	3733.14	3731.32	3727.94	
3732.86	3733.82	3729.08	3723.38	3722.74	3720.06	3722.74	3729.20	3727.88	3730.80	3732.54	3728.74	3732.34	3732.14	3745.82	3735.62	
3742.42	3746.82	3742.10	3738.46	3740.80	3740.32	3737.84	3730.98	3736.38	3737.74	3724.36	3735.44	3737.40	3736.86	3735.22	3735.82	
3727.06	3712.72	3711.56	3709.86	3707.78	3708.20	3725.30	3741.96	3732.44	3728.98	3722.78	3701.84	3722.82	3737.20	3725.46	3728.00	
3730.48	3722.70	3719.66	3725.78	3718.14	3715.52	3714.48	3709.16	3706.18	3710.02	3718.38	3722.54	3719.12	3722.32	3742.92	3700.96	

*******************************************2025/03/23;01:03:56
Probe number 87
Concentration entered by User 1.98% (Compensated: 2.22% at temperature 23.5)
1144.32	1144.64	1162.76	1174.04	1183.50	1195.84	1210.56	1222.40	1238.56	1249.70	1267.90	1291.34	1308.24	1331.72	1355.44	1385.22	
1410.20	1442.68	1472.88	1509.68	1546.40	1590.72	1635.64	1679.50	1733.48	1791.20	1867.98	1959.16	2057.56	2187.94	2366.84	2606.86	
2991.34	3349.62	3600.40	3706.58	3693.06	3713.66	3704.28	3712.18	3718.94	3720.52	3720.22	3721.58	3728.26	3727.62	3727.28	3724.50	
3719.34	3721.68	3726.26	3736.04	3726.12	3728.70	3728.12	3728.64	3736.88	3739.76	3739.70	3739.08	3735.70	3735.42	3733.70	3730.48	
3735.02	3736.10	3731.44	3725.80	3725.12	3722.24	3725.50	3731.60	3730.56	3733.36	3734.54	3730.68	3734.68	3734.68	3747.52	3737.50	
3744.48	3748.70	3744.22	3740.90	3742.90	3742.36	3739.86	3733.42	3738.58	3740.48	3726.42	3737.70	3739.40	3739.50	3737.54	3738.42	
3729.56	3714.78	3713.70	3712.62	3710.36	3710.52	3727.52	3743.92	3734.70	3731.00	3725.26	3704.68	3725.14	3739.34	3727.78	3730.20	
3732.42	3725.38	3721.90	3728.16	3720.30	3718.22	3717.42	3711.92	3708.84	3712.60	3720.84	3724.94	3721.90	3724.60	3745.12	3703.70	

*******************************************2025/03/23;01:23:56
Probe number 88
Concentration entered by User 1.99% (Compensated: 2.23% at temperature 23.5)
1144.28	1144.68	1162.80	1173.76	1182.86	1195.96	1210.28	1222.50	1238.26	1249.72	1267.38	1290.56	1308.12	1331.28	1355.74	1385.26	
1410.82	1442.52	1472.26	1508.06	1546.02	1590.98	1633.66	1680.80	1734.40	1788.82	1867.42	1955.26	2055.18	2189.42	2365.42	2607.92	
2988.18	3346.40	3596.28	3704.12	3690.12	3711.18	3701.54	3710.20	3716.10	3718.20	3717.52	3719.02	3725.76	3725.16	3724.52	3722.04	
3716.96	3719.22	3724.02	3733.20	3723.44	3726.12	3725.82	3725.88	3734.34	3737.28	3737.52	3736.86	3733.60	3733.20	3731.36	3727.68	
3732.74	3733.78	3729.12	3723.14	3722.40	3719.52	3722.86	3729.04	3727.92	3730.66	3732.26	3728.52	3732.10	3731.92	3745.18	3735.66	
3742.28	3746.72	3742.30	3738.36	3740.30	3740.06	3737.64	3731.02	3735.96	3738.00	3724.00	3735.40	3736.82	3737.02	3734.90	3736.12	
3727.04	3712.16	3711.40	3709.78	3707.78	3708.00	3725.00	3741.30	3732.40	3728.50	3722.54	3701.76	3722.62	3737.08	3725.18	3727.70	
3730.32	3722.96	3719.06	3725.46	3717.48	3715.28	3714.32	3708.76	3706.12	3709.90	3718.30	3722.22	3719.20	3721.78	3743.04	3700.92	

*******************************************2025/03/23;01:43:56
Probe number 89
Concentration entered by User 1.99% (Compensated: 2.23% at temperature 23.5)
1144.30	1144.44	1162.94	1174.04	1183.78	1195.76	1210.36	1222.54	1238.54	1249.16	1267.44	1290.94	1307.74	1331.42	1355.40	1384.66	
1409.72	1442.62	1472.06	1509.08	1545.00	1590.54	1633.34	1678.08	1732.48	1788.98	1866.72	1955.36	2053.74	2186.34	2364.98	2605.66	
2988.64	3345.92	3595.98	3704.30	3689.72	3711.08	3701.52	3709.96	3716.60	3718.30	3717.78	3719.36	3725.88	3725.08	3724.42	3721.76	
3716.42	3719.18	3723.92	3733.28	3723.66	3726.30	3726.02	3726.24	3734.64	3737.46	3737.54	3736.52	3733.42	3732.60	3731.02	3727.74	
3732.62	3733.62	3729.12	3723.42	3722.78	3719.64	3722.64	3729.40	3728.26	3730.70	3732.30	3728.38	3732.10	3732.14	3745.30	3735.26	
3742.32	3746.66	3742.28	3738.50	3740.66	3740.14	3737.64	3730.92	3736.24	3737.86	3724.10	3735.60	3737.14	3736.76	3735.08	3735.96	
3726.90	3712.26	3711.30	3709.78	3708.00	3707.82	3725.14	3741.44	3732.34	3728.38	3722.68	3701.54	3722.70	3737.00	3725.18	3728.00	
3730.26	3722.88	3719.50	3725.54	3717.70	3715.76	3714.38	3708.78	3706.16	3710.04	3718.44	3722.16	3719.14	3721.70	3742.58	3700.96	

*******************************************2025/03/23;02:03:56
Probe number 90
Concentration entered by User 2.01% (Compensated: 2.25% at temperature 23.5)
1143.90	1144.36	1163.08	1173.80	1183.50	1195.76	1210.04	1221.94	1238.00	1248.90	1266.88	1289.72	1307.88	1331.26	1354.98	1384.10	
1409.26	1441.62	1471.66	1507.84	1543.96	1590.82	1631.76	1677.74	1731.50	1791.20	1865.42	1952.92	2054.46	2184.94	2360.14	2603.96	
2982.74	3339.36	3593.60	3701.62	3687.58	3708.42	3699.60	3707.72	3714.26	3715.92	3715.42	3716.84	3723.70	3722.78	3722.48	3719.86	
3714.84	3716.96	3722.10	3731.66	3721.74	3724.20	3723.90	3724.68	3732.66	3735.54	3735.52	3734.70	3731.54	3730.74	3729.24	3725.82	
3730.26	3731.90	3727.20	3721.24	3720.68	3717.56	3720.68	3727.40	3726.02	3728.88	3730.40	3726.64	3730.42	3729.96	3743.56	3733.56	
3740.58	3745.02	3740.46	3736.56	3738.90	3738.24	3735.60	3729.12	3734.58	3736.24	3722.22	3733.42	3735.50	3735.04	3732.98	3734.30	
3724.92	3710.34	3708.88	3707.60	3705.46	3706.02	3723.40	3739.86	3730.44	3726.66	3720.90	3699.40	3720.74	3735.46	3723.38	3725.94	
3727.90	3721.06	3717.44	3723.32	3715.64	3713.56	3712.28	3706.92	3703.92	3708.16	3716.48	3720.14	3717.02	3720.00	3741.30	3698.68	

*******************************************2025/03/23;02:23:56
Probe number 91
Concentration entered by User 1.98% (Compensated: 2.22% at temperature 23.5)
1144.08	1144.44	1163.04	1173.66	1183.52	1195.70	1209.94	1222.52	1238.54	1249.20	1267.06	1291.72	1307.32	1332.34	1354.52	1384.50	
1410.10	1442.04	1472.66	1509.34	1545.56	1591.56	1633.44	1679.84	1733.36	1789.50	1867.52	1958.26	2055.44	2189.90	2363.86	2606.68	
2991.84	3347.12	3598.70	3706.34	3692.50	3713.38	3704.92	3712.52	3718.90	3720.12	3720.00	3721.60	3728.42	3727.58	3726.94	3724.24	
3719.38	3721.20	3726.60	3735.76	3726.02	3728.50	3728.10	3728.70	3736.84	3739.66	3739.76	3739.20	3735.58	3734.98	3733.60	3730.22	
3734.76	3735.66	3731.46	3725.36	3725.10	3722.02	3725.34	3731.16	3730.30	3732.98	3734.88	3730.64	3734.68	3734.22	3747.42	3737.66	
3744.18	3748.64	3744.06	3740.48	3742.98	3742.34	3739.84	3733.44	3738.62	3740.00	3726.20	3737.70	3739.50	3739.02	3737.36	3738.26	
3729.12	3715.26	3713.98	3712.32	3710.18	3710.48	3727.56	3743.80	3734.40	3731.00	3725.24	3704.40	3724.86	3739.44	3727.56	3729.98	
3732.40	3725.50	3722.00	3728.00	3720.30	3717.88	3716.78	3711.46	3708.66	3712.56	3720.66	3724.94	3721.54	3724.34	3744.88	3703.14	

*******************************************2025/03/23;02:43:56
Probe number 92
Concentration entered by User 1.99% (Compensated: 2.23% at temperature 23.5)
1144.14	1144.10	1162.56	1173.90	1183.24	1195.26	1210.02	1222.04	1238.14	1249.18	1267.58	1290.76	1307.62	1330.34	1355.62	1385.12	
1410.22	1441.56	1472.72	1507.52	1545.60	1591.18	1633.16	1678.74	1733.58	1788.74	1864.68	1954.18	2056.58	2186.28	2361.80	2603.94	
2990.42	3345.52	3594.70	3703.28	3690.06	3710.98	3701.90	3710.18	3716.16	3717.98	3718.00	3719.14	3726.26	3724.88	3724.64	3721.80	
3716.80	3718.80	3724.02	3733.58	3723.46	3726.02	3725.88	3726.20	3734.80	3737.54	3737.44	3736.48	3733.58	3732.60	3731.12	3727.62	
3732.46	3733.72	3729.00	3723.22	3722.74	3719.50	3723.16	3729.28	3727.92	3730.80	3732.34	3728.68	3732.16	3732.02	3745.44	3735.28	
3742.32	3746.80	3742.00	3738.54	3740.78	3740.20	3737.94	3731.02	3736.12	3737.94	3724.00	3735.62	3737.30	3736.74	3735.04	3736.00	
3726.92	3712.22	3711.24	3710.06	3708.00	3707.80	3725.10	3741.62	3732.38	3728.44	3722.90	3701.56	3722.44	3736.82	3725.22	3727.84	
3730.10	3722.86	3719.74	3725.52	3717.64	3715.56	3714.48	3709.20	3706.38	3710.08	3718.66	3722.22	3719.24	3722.16	3742.84	3700.84	

*******************************************2025/03/23;03:03:56
Probe number 93
Concentration entered by User 1.99% (Compensated: 2.23% at temperature 23.5)
1144.22	1144.44	1162.94	1173.70	1183.14	1195.80	1210.42	1221.98	1238.40	1249.54	1265.86	1290.52	1307.62	1331.82	1354.02	1384.90	
1410.20	1442.40	1472.94	1507.90	1546.34	1590.54	1633.14	1678.96	1731.52	1789.66	1865.94	1955.58	2055.26	2183.84	2367.72	2603.44	
2992.40	3341.78	3597.58	3702.52	3690.16	3710.78	3702.36	3710.50	3716.14	3717.96	3717.24	3719.00	3725.72	3725.04	3724.24	3721.52	
3716.62	3718.98	3723.76	3733.24	3723.38	3726.20	3725.76	3726.22	3734.56	3737.26	3737.12	3736.46	3733.54	3732.86	3730.94	3727.58	
3732.84	3733.62	3729.20	3723.20	3722.82	3719.66	3723.02	3728.98	3728.02	3730.72	3732.24	3728.58	3732.56	3732.02	3745.32	3735.36	
3742.24	3746.78	3742.06	3738.60	3740.80	3740.30	3737.64	3731.40	3736.28	3737.96	3723.88	3735.90	3737.20	3737.32	3735.20	3735.88	
3727.02	3712.52	3711.76	3709.90	3708.28	3707.78	3725.12	3741.74	3732.32	3728.34	3722.74	3701.78	3722.76	3737.18	3725.32	3728.06	
3730.08	3722.78	3719.32	3725.50	3717.68	3715.40	3714.42	3709.22	3706.44	3709.96	3718.12	3722.54	3719.22	3722.00	3743.20	3700.82	

*******************************************2025/03/23;03:23:56
Probe number 94
Concentration entered by User 2.00% (Compensated: 2.24% at temperature 23.5)
1144.16	1144.62	1162.48	1173.66	1183.50	1195.62	1209.60	1221.60	1237.94	1249.26	1267.16	1290.42	1307.58	1332.12	1355.18	1384.64	
1409.26	1441.02	1472.48	1508.46	1545.70	1591.68	1633.58	1678.02	1731.26	1788.90	1866.58	1953.74	2052.82	2185.42	2364.32	2606.46	
2982.98	3344.52	3590.14	3700.82	3688.06	3708.50	3699.12	3707.40	3713.94	3715.40	3715.08	3716.62	3723.20	3722.68	3721.88	3719.06	
3714.40	3716.68	3721.82	3731.26	3721.08	3723.82	3723.42	3723.88	3732.72	3735.22	3734.94	3734.42	3731.14	3730.46	3729.02	3725.72	
3730.36	3731.44	3726.88	3720.92	3720.38	3717.04	3720.86	3726.88	3725.84	3728.54	3730.04	3726.50	3729.90	3729.68	3743.40	3733.06	
3740.12	3744.60	3740.02	3736.46	3738.80	3738.14	3735.70	3728.94	3734.26	3735.92	3721.64	3733.26	3735.20	3734.96	3732.96	3733.94	
3724.74	3710.08	3709.02	3707.34	3705.24	3705.52	3722.76	3739.28	3730.18	3726.44	3720.32	3698.94	3720.60	3734.94	3723.02	3725.60	
3727.82	3720.48	3716.92	3723.20	3715.40	3712.82	3711.90	3706.30	3703.78	3707.44	3716.06	3720.12	3716.58	3719.46	3740.74	3698.18	

*******************************************2025/03/23;03:43:56
Probe number 95
Concentration entered by User 1.99% (Compensated: 2.23% at temperature 23.5)
1144.62	1145.20	1163.12	1174.36	1183.88	1196.20	1210.40	1222.72	1238.50	1249.58	1267.20	1291.22	1308.24	1332.24	1355.46	1384.66	
1410.06	1442.08	1473.08	1508.94	1546.22	1591.90	1634.28	1678.98	1733.02	1790.72	1866.22	1954.36	2055.66	2185.82	2363.50	2604.68	
2987.70	3345.82	3596.50	3703.32	3690.52	3711.34	3701.82	3710.16	3716.70	3718.56	3718.22	3719.18	3725.94	3725.42	3724.48	3722.04	
3716.96	3719.36	3724.50	3733.74	3723.72	3726.28	3726.26	3726.42	3735.08	3737.88	3737.86	3736.78	3733.52	3733.04	3731.44	3727.90	
3732.88	3733.92	3729.30	3723.40	3722.86	3720.10	3723.34	3729.52	3728.22	3731.26	3732.86	3728.62	3732.60	3732.64	3745.72	3735.60	
3742.80	3747.08	3742.52	3738.76	3741.08	3740.32	3738.12	3731.76	3736.60	3738.52	3724.38	3735.78	3737.50	3737.04	3735.54	3736.34	
3727.30	3712.66	3711.90	3710.00	3708.20	3708.42	3725.48	3741.98	3732.92	3729.10	3723.14	3702.10	3722.74	3737.52	3725.78	3727.94	
3730.48	3723.26	3720.00	3725.90	3718.12	3715.78	3714.80	3709.44	3706.60	3710.56	3718.92	3722.64	3719.44	3722.24	3743.24	3701.36	

*******************************************2025/03/23;04:00:03
Probe number 96
Concentration entered by User 2.01% (Compensated: 2.25% at temperature 23.5)
1143.68	1143.98	1162.30	1173.14	1183.08	1195.58	1209.60	1222.14	1237.36	1248.76	1266.50	1290.52	1306.86	1331.10	1354.44	1383.60	
1408.82	1440.76	1470.62	1506.46	1544.54	1590.46	1633.08	1679.38	1730.56	1788.70	1864.24	1953.70	2051.84	2184.76	2360.56	2601.42	
2984.08	3339.44	3592.62	3700.52	3687.36	3707.78	3698.86	3707.18	3713.54	3715.14	3715.30	3716.62	3723.44	3722.26	3721.76	3719.36	
3714.10	3716.22	3721.78	3731.02	3721.00	3723.64	3723.60	3723.88	3732.20	3735.10	3734.94	3734.40	3730.66	3730.18	3728.86	3725.14	
3730.14	3731.26	3726.50	3720.74	3720.38	3717.02	3720.42	3726.60	3725.66	3728.40	3729.94	3725.78	3729.96	3729.86	3742.98	3732.84	
3740.08	3744.58	3740.06	3736.56	3738.38	3737.76	3735.46	3728.66	3734.18	3735.80	3721.60	3733.20	3734.90	3734.72	3732.84	3733.94	
3724.56	3709.76	3708.84	3707.14	3705.10	3705.56	3722.50	3739.40	3730.34	3726.16	3720.28	3698.54	3720.54	3734.74	3722.82	3724.96	
3727.70	3720.54	3716.68	3723.40	3715.16	3713.12	3711.82	3706.72	3703.74	3707.28	3715.80	3719.94	3716.72	3719.60	3740.62	3698.04	

*******************************************2025/03/23;04:03:56
Probe number 97
Concentration entered by User 1.96% (Compensated: 2.20% at temperature 23.5)
1145.30	1145.50	1163.84	1174.62	1184.74	1197.34	1211.40	1223.68	1239.90	1250.78	1268.78	1292.54	1309.60	1333.72	1356.52	1386.58	
1411.34	1444.30	1474.88	1511.16	1547.80	1593.86	1635.98	1682.26	1736.42	1791.82	1871.08	1960.22	2058.70	2192.00	2367.92	2613.62	
2994.64	3354.64	3601.96	3709.76	3695.98	3716.82	3708.04	3715.70	3722.02	3723.60	3723.26	3724.82	3731.04	3730.24	3729.80	3727.14	
3722.42	3724.48	3729.56	3738.56	3728.60	3731.36	3731.22	3731.48	3739.58	3742.52	3742.02	3741.90	3738.42	3737.80	3736.06	3732.82	
3737.72	3738.80	3734.30	3728.88	3727.82	3725.02	3728.60	3734.50	3733.18	3736.10	3737.34	3733.74	3737.24	3737.28	3750.16	3740.40	
3747.04	3751.32	3747.04	3743.32	3745.56	3744.96	3742.78	3736.20	3741.14	3743.08	3729.22	3740.66	3741.86	3741.58	3739.76	3740.98	
3732.26	3717.78	3717.52	3715.56	3713.46	3714.20	3730.70	3746.50	3737.64	3733.74	3728.24	3707.92	3728.24	3742.12	3730.66	3733.20	
3735.08	3728.18	3724.90	3731.08	3723.54	3721.10	3719.98	3715.10	3712.14	3715.74	3723.88	3727.76	3724.42	3727.38	3747.88	3706.76	

*******************************************2025/03/23;04:23:56
Probe number 98
Concentration entered by User 1.98% (Compensated: 2.22% at temperature 23.5)
1144.30	1144.82	1163.24	1174.28	1183.90	1196.42	1210.52	1223.04	1238.54	1249.96	1267.84	1291.20	1308.68	1332.40	1355.54	1385.46	
1410.22	1442.24	1473.26	1510.54	1547.70	1591.40	1634.32	1680.44	1734.84	1789.80	1868.74	1956.64	2058.92	2188.82	2364.22	2607.34	
2989.74	3347.88	3600.08	3706.62	3693.10	3713.42	3704.34	3712.76	3719.22	3720.34	3720.34	3721.76	3728.06	3727.42	3726.90	3723.82	
3719.46	3721.60	3726.54	3735.94	3726.08	3728.60	3728.60	3728.54	3737.46	3739.90	3739.76	3738.98	3735.54	3734.94	3733.68	3730.06	
3735.00	3735.94	3731.44	3725.76	3725.24	3722.10	3725.40	3731.54	3730.48	3733.04	3734.76	3730.86	3734.86	3734.60	3747.46	3737.86	
3744.62	3749.02	3744.62	3741.06	3743.28	3742.38	3740.18	3733.22	3738.78	3740.50	3726.68	3737.90	3739.62	3739.26	3737.40	3738.24	
3729.76	3715.14	3714.32	3712.40	3710.68	3710.90	3727.76	3744.02	3734.80	3731.04	3725.36	3704.54	3725.46	3739.36	3727.84	3730.26	
3732.82	3725.60	3722.32	3728.20	3720.34	3717.90	3717.22	3711.94	3709.04	3712.68	3721.04	3725.04	3721.86	3724.76	3744.98	3703.92	

*******************************************2025/03/23;04:43:56
Probe number 99
Concentration entered by User 2.01% (Compensated: 2.24% at temperature 23.5)
1144.46	1145.30	1163.48	1174.02	1183.66	1196.00	1210.54	1222.14	1238.26	1249.58	1266.92	1290.78	1307.84	1331.48	1355.32	1385.38	
1409.98	1441.94	1471.62	1507.92	1544.86	1590.54	1633.08	1677.50	1732.80	1790.04	1864.30	1954.68	2053.84	2184.64	2359.82	2602.30	
2982.52	3339.90	3592.62	3701.22	3687.72	3708.98	3699.96	3708.10	3714.70	3716.36	3716.22	3717.30	3724.20	3723.36	3722.48	3719.54	
3715.00	3717.46	3722.02	3731.62	3721.72	3724.12	3723.88	3724.22	3733.10	3735.72	3735.44	3734.90	3731.62	3730.96	3729.34	3725.96	
3731.00	3731.88	3727.08	3721.18	3721.14	3717.72	3721.26	3727.38	3725.96	3729.02	3730.70	3727.06	3730.76	3730.44	3743.64	3733.82	
3740.78	3745.30	3740.60	3736.88	3739.08	3738.44	3736.12	3729.40	3734.74	3736.30	3722.78	3733.66	3735.26	3735.42	3733.62	3734.26	
3725.20	3710.54	3709.70	3708.42	3706.00	3706.10	3723.50	3740.08	3730.66	3726.92	3720.64	3699.88	3721.04	3735.54	3723.60	3725.98	
3728.54	3721.00	3717.90	3724.00	3715.76	3713.96	3712.82	3707.22	3704.60	3708.02	3716.54	3720.46	3717.02	3720.20	3741.30	3698.88	

*******************************************2025/03/23;05:03:56
Probe number 100
Concentration entered by User 1.98% (Compensated: 2.22% at temperature 23.5)
1145.18	1145.76	1163.86	1174.90	1184.38	1196.86	1211.10	1223.16	1239.24	1250.14	1268.12	1291.62	1308.66	1332.98	1355.80	1385.76	
1411.02	1443.68	1473.14	1510.34	1547.04	1593.40	1635.12	1679.42	1735.20	1791.50	1870.14	1955.54	2059.94	2187.74	2364.94	2606.16	
2988.92	3348.96	3598.74	3707.02	3693.58	3713.78	3705.36	3713.06	3719.16	3720.88	3720.54	3722.12	3728.64	3727.58	3727.52	3724.38	
3719.76	3722.04	3727.02	3736.12	3726.20	3729.12	3728.56	3728.94	3737.58	3739.82	3740.12	3739.76	3735.92	3735.54	3734.12	3730.30	
3735.18	3736.44	3731.74	3726.10	3725.34	3722.40	3725.68	3732.00	3730.62	3733.80	3735.14	3731.62	3734.82	3735.08	3747.94	3738.04	
3744.76	3749.36	3744.80	3741.30	3743.46	3742.76	3740.50	3733.98	3739.18	3741.04	3727.26	3738.18	3739.96	3739.92	3737.80	3738.98	
3729.84	3715.36	3714.54	3713.24	3711.04	3711.28	3728.56	3744.06	3735.14	3731.40	3725.74	3704.66	3725.58	3739.82	3728.02	3730.86	
3732.78	3725.80	3722.70	3728.84	3720.56	3718.42	3717.76	3712.14	3709.56	3713.22	3721.50	3725.54	3722.24	3724.90	3745.12	3704.26	

*******************************************2025/03/23;05:23:56
Probe number 101
Concentration entered by User 1.99% (Compensated: 2.22% at temperature 23.5)
1144.58	1144.80	1163.20	1174.08	1184.06	1196.48	1210.62	1223.26	1239.30	1249.70	1267.62	1291.54	1308.92	1332.48	1356.02	1385.62	
1410.52	1442.82	1473.38	1510.28	1545.98	1592.16	1634.00	1680.02	1733.86	1792.08	1868.68	1955.86	2058.02	2187.66	2364.96	2606.86	
2986.80	3346.46	3599.12	3706.40	3693.20	3713.66	3704.74	3712.22	3718.88	3720.32	3720.32	3721.40	3728.34	3727.34	3726.58	3724.16	
3719.28	3721.58	3726.64	3735.56	3725.80	3728.30	3728.06	3728.50	3736.88	3739.36	3739.42	3739.14	3735.76	3734.84	3733.80	3730.34	
3734.78	3735.84	3731.82	3725.32	3724.94	3721.98	3725.18	3731.42	3730.66	3733.18	3734.76	3730.96	3734.68	3734.52	3747.88	3737.58	
3744.44	3749.10	3744.30	3740.86	3742.88	3742.18	3739.98	3733.62	3738.94	3740.40	3726.32	3737.86	3739.54	3739.12	3737.58	3738.46	
3729.38	3715.22	3714.48	3712.66	3710.70	3710.58	3727.34	3744.20	3734.60	3731.04	3725.36	3704.56	3725.50	3739.46	3727.84	3730.20	
3732.56	3725.26	3722.18	3728.06	3720.20	3718.24	3716.92	3711.60	3708.78	3712.54	3720.88	3724.96	3721.68	3724.38	3745.26	3703.52	

*******************************************2025/03/23;05:43:56
Probe number 102
Concentration entered by User 1.99% (Compensated: 2.23% at temperature 23.5)
1144.36	1144.70	1162.92	1174.02	1183.64	1196.08	1210.66	1222.42	1238.74	1249.68	1267.18	1291.08	1307.52	1331.76	1355.30	1384.78	
1409.68	1441.50	1472.20	1509.56	1545.60	1591.62	1632.02	1678.80	1732.80	1789.10	1865.72	1954.52	2053.84	2186.14	2362.58	2603.06	
2987.02	3346.54	3594.56	3703.64	3690.78	3711.46	3702.30	3710.36	3716.64	3718.56	3718.16	3719.54	3726.38	3725.66	3725.02	3722.28	
3717.06	3719.68	3724.42	3733.90	3724.06	3726.58	3726.56	3726.64	3735.34	3737.84	3737.62	3737.26	3734.04	3733.08	3731.62	3728.34	
3733.12	3734.22	3729.80	3723.52	3723.14	3720.08	3723.34	3729.78	3728.38	3731.34	3733.00	3729.26	3732.68	3732.90	3745.82	3735.86	
3742.90	3747.18	3742.52	3738.54	3741.40	3740.70	3738.30	3731.50	3736.78	3738.66	3724.74	3736.04	3737.66	3737.66	3735.64	3736.76	
3727.62	3712.94	3712.06	3710.66	3708.56	3708.80	3725.80	3742.22	3733.00	3729.22	3723.22	3702.48	3723.48	3737.76	3725.90	3728.48	
3730.66	3723.42	3720.32	3726.18	3718.26	3716.12	3715.08	3710.00	3706.60	3710.58	3719.06	3723.02	3719.62	3722.32	3743.30	3701.44	

*******************************************2025/03/23;06:03:57
Probe number 103
Concentration entered by User 2.00% (Compensated: 2.24% at temperature 23.5)
1144.60	1144.44	1162.68	1173.78	1183.72	1195.78	1210.46	1222.54	1238.46	1249.38	1267.48	1291.16	1307.78	1331.14	1356.36	1385.66	
1409.62	1441.04	1472.24	1509.34	1545.56	1590.62	1633.60	1679.34	1732.84	1789.28	1867.86	1954.08	2057.04	2188.94	2362.36	2604.88	
2983.74	3343.84	3593.84	3703.54	3690.86	3711.16	3702.58	3710.24	3716.60	3718.30	3717.96	3719.86	3726.26	3725.40	3724.42	3722.32	
3717.30	3719.46	3724.34	3733.84	3723.34	3726.62	3725.90	3726.80	3734.98	3737.58	3737.66	3736.94	3733.54	3733.02	3731.36	3728.16	
3732.74	3733.98	3729.38	3723.24	3723.10	3719.84	3723.60	3729.62	3728.40	3731.32	3732.80	3728.92	3732.84	3732.52	3745.90	3735.90	
3742.84	3746.98	3742.84	3739.08	3741.22	3740.28	3738.30	3731.42	3736.72	3738.40	3724.60	3736.02	3737.26	3737.30	3735.50	3736.72	
3727.28	3713.12	3711.74	3710.40	3708.70	3708.58	3725.70	3742.06	3732.78	3729.30	3723.16	3702.10	3723.12	3737.48	3726.14	3727.88	
3730.60	3723.48	3719.78	3725.68	3718.30	3715.72	3714.62	3709.52	3706.92	3710.58	3718.96	3722.84	3719.30	3722.34	3743.44	3701.12	

*******************************************2025/03/23;06:23:56
Probe number 104
Concentration entered by User 1.99% (Compensated: 2.23% at temperature 23.5)
1144.68	1144.74	1162.78	1174.02	1183.48	1195.72	1210.64	1221.98	1238.54	1248.96	1267.56	1290.36	1307.78	1332.16	1355.06	1384.38	
1410.08	1442.20	1472.38	1508.64	1546.28	1591.58	1633.30	1678.34	1732.12	1788.30	1868.36	1956.52	2054.52	2182.68	2364.50	2602.72	
2986.44	3345.68	3594.80	3704.44	3690.66	3711.50	3702.26	3710.24	3716.88	3718.32	3718.44	3719.52	3726.22	3725.18	3724.68	3722.10	
3717.04	3719.16	3724.38	3733.84	3723.54	3726.58	3726.28	3726.36	3735.06	3737.86	3738.12	3736.98	3733.22	3732.94	3731.50	3728.06	
3733.10	3734.18	3729.58	3723.78	3723.52	3720.12	3723.62	3729.64	3728.40	3731.22	3732.72	3729.10	3732.58	3732.70	3746.00	3735.74	
3742.54	3747.50	3742.68	3738.76	3741.26	3740.48	3738.12	3731.54	3736.64	3738.64	3724.66	3736.00	3737.56	3737.70	3735.76	3736.48	
3727.64	3712.82	3712.36	3710.50	3708.50	3708.82	3725.76	3742.30	3733.06	3729.16	3723.10	3702.48	3723.32	3737.76	3725.82	3728.30	
3730.84	3723.46	3719.96	3725.96	3718.28	3715.92	3714.98	3709.80	3706.86	3710.22	3718.66	3722.78	3719.66	3722.20	3743.24	3701.42	

*******************************************2025/03/23;06:43:57
Probe number 105
Concentration entered by User 2.00% (Compensated: 2.23% at temperature 23.5)
1144.26	1144.68	1162.92	1173.72	1183.24	1195.88	1210.06	1221.94	1238.30	1249.00	1267.38	1290.20	1307.44	1331.26	1354.26	1383.84	
1409.48	1440.88	1471.64	1507.52	1546.28	1590.76	1632.42	1679.46	1733.74	1788.72	1866.02	1955.38	2054.16	2185.74	2366.04	2600.82	
2984.04	3345.72	3594.58	3703.92	3691.00	3711.52	3702.26	3710.34	3716.64	3718.56	3718.40	3719.62	3726.34	3725.62	3724.88	3721.70	
3717.42	3719.66	3724.76	3734.10	3724.04	3726.56	3726.00	3726.62	3735.10	3737.78	3737.82	3737.10	3733.46	3732.96	3731.46	3728.00	
3733.04	3733.70	3729.32	3723.86	3723.06	3720.06	3723.32	3729.92	3728.32	3731.36	3733.12	3728.96	3732.80	3732.56	3745.92	3735.94	
3743.00	3747.38	3742.64	3739.02	3741.36	3740.80	3738.20	3731.78	3736.94	3738.44	3725.14	3735.98	3737.90	3737.66	3735.72	3736.68	
3727.68	3712.92	3711.90	3710.36	3708.26	3708.48	3725.58	3742.18	3732.94	3729.02	3723.22	3702.22	3723.40	3737.74	3725.72	3728.18	
3730.58	3723.60	3720.16	3726.06	3718.56	3716.02	3714.88	3709.66	3706.96	3710.38	3718.90	3722.90	3719.54	3722.48	3743.26	3701.78	

*******************************************2025/03/23;07:00:03
Probe number 106
Concentration entered by User 2.01% (Compensated: 2.25% at temperature 23.5)
1144.22	1144.80	1163.10	1173.94	1183.50	1195.62	1210.18	1222.16	1237.98	1249.22	1267.24	1290.16	1307.40	1331.56	1354.86	1383.40	
1408.90	1441.10	1472.10	1507.92	1543.66	1590.54	1631.88	1678.36	1732.76	1786.60	1866.40	1954.90	2052.56	2183.54	2358.20	2598.76	
2983.30	3341.80	3588.62	3701.54	3688.30	3709.08	3699.74	3707.76	3714.06	3715.70	3715.74	3717.32	3724.16	3723.22	3722.62	3719.82	
3714.74	3717.58	3722.40	3731.82	3721.92	3724.02	3724.10	3724.40	3733.36	3735.50	3735.58	3734.94	3731.48	3731.02	3729.06	3726.06	
3730.76	3731.78	3727.04	3721.02	3720.92	3717.72	3721.10	3727.60	3726.46	3729.04	3730.84	3726.74	3730.68	3730.24	3744.06	3733.60	
3740.80	3745.10	3740.68	3736.92	3739.16	3738.38	3736.14	3729.28	3734.74	3736.40	3722.68	3733.86	3735.54	3735.38	3733.60	3734.36	
3725.50	3710.54	3709.76	3708.00	3706.30	3706.52	3723.58	3740.28	3730.80	3726.78	3721.36	3699.60	3721.32	3735.64	3723.54	3726.04	
3728.30	3721.42	3717.76	3723.78	3715.82	3713.68	3712.50	3707.44	3704.36	3708.10	3716.66	3720.86	3717.28	3720.04	3741.44	3698.86	

*******************************************2025/03/23;07:03:57
Probe number 107
Concentration entered by User 2.01% (Compensated: 2.24% at temperature 23.5)
1143.98	1144.42	1162.34	1173.70	1183.38	1195.76	1209.98	1221.96	1238.44	1248.94	1266.68	1290.14	1307.10	1330.68	1354.64	1383.72	
1408.80	1440.96	1471.24	1507.40	1543.02	1589.40	1632.26	1679.44	1730.48	1789.04	1862.52	1955.34	2052.86	2187.40	2360.30	2602.26	
2978.60	3342.70	3591.52	3701.54	3688.08	3708.74	3699.58	3707.62	3713.80	3715.58	3715.62	3717.34	3723.64	3723.16	3722.36	3719.96	
3714.92	3717.38	3722.28	3731.52	3721.56	3724.24	3723.76	3724.20	3732.84	3735.78	3735.64	3734.84	3731.26	3730.70	3729.18	3725.76	
3730.76	3731.66	3726.90	3721.08	3720.80	3717.54	3720.84	3727.24	3726.26	3729.24	3730.58	3726.70	3730.74	3730.06	3743.86	3733.64	
3740.70	3745.36	3740.76	3736.86	3738.88	3738.42	3735.92	3729.12	3734.58	3736.18	3722.24	3733.76	3735.56	3735.02	3733.34	3734.40	
3725.10	3710.38	3709.38	3707.82	3705.90	3706.34	3723.12	3740.04	3730.50	3727.02	3720.80	3699.98	3721.12	3735.62	3723.36	3726.16	
3728.44	3721.14	3717.46	3723.88	3715.84	3713.44	3712.56	3706.90	3704.42	3708.32	3716.30	3720.92	3717.36	3719.92	3741.28	3698.84	

*******************************************2025/03/23;07:23:57
Probe number 108
Concentration entered by User 2.00% (Compensated: 2.23% at temperature 23.5)
1144.84	1145.12	1163.30	1174.50	1183.92	1196.58	1210.64	1222.02	1238.62	1249.54	1266.94	1290.98	1307.24	1332.12	1355.28	1384.72	
1409.42	1441.76	1472.32	1508.64	1544.78	1591.10	1633.18	1679.94	1731.30	1790.04	1867.24	1953.98	2052.76	2188.60	2362.02	2606.08	
2981.74	3344.92	3594.56	3703.94	3691.16	3711.78	3702.52	3710.80	3716.78	3718.94	3718.38	3720.06	3726.34	3726.08	3725.16	3722.48	
3717.52	3719.76	3724.72	3733.90	3724.10	3726.76	3726.36	3726.74	3735.40	3738.00	3738.20	3737.46	3733.84	3733.30	3731.86	3728.08	
3733.02	3734.44	3729.80	3723.82	3723.50	3720.52	3723.66	3729.88	3728.68	3731.74	3733.16	3729.48	3733.08	3732.96	3745.90	3735.94	
3742.72	3747.34	3742.78	3739.26	3741.40	3741.00	3738.42	3731.72	3737.08	3739.02	3724.96	3736.04	3737.88	3737.66	3735.98	3736.64	
3727.78	3712.96	3712.24	3710.66	3708.82	3708.90	3726.04	3742.40	3733.06	3729.52	3723.46	3702.48	3723.62	3737.62	3726.06	3728.48	
3731.08	3723.76	3720.08	3726.42	3718.44	3716.26	3715.38	3709.86	3707.12	3710.76	3719.14	3723.32	3720.02	3722.70	3743.46	3701.86	

*******************************************2025/03/23;07:43:56
Probe number 109
Concentration entered by User 1.99% (Compensated: 2.23% at temperature 23.5)
1144.60	1144.88	1163.60	1174.10	1183.84	1196.56	1210.80	1222.38	1238.42	1249.60	1267.78	1291.38	1307.68	1333.22	1355.84	1384.78	
1410.14	1443.34	1472.36	1509.62	1545.68	1591.02	1635.20	1679.58	1734.30	1790.34	1868.48	1957.18	2053.32	2190.40	2365.06	2605.44	
2985.60	3346.44	3596.68	3706.32	3693.44	3714.34	3705.08	3712.84	3719.56	3721.00	3720.82	3722.40	3728.86	3728.02	3727.10	3724.78	
3719.84	3722.04	3726.84	3736.18	3725.90	3728.68	3728.92	3728.80	3737.44	3740.08	3740.00	3739.18	3735.64	3735.18	3733.82	3730.26	
3735.40	3736.40	3731.88	3726.02	3725.68	3722.76	3725.96	3731.76	3730.94	3733.68	3735.34	3731.36	3735.14	3734.80	3748.14	3738.32	
3745.04	3749.16	3745.10	3741.26	3743.62	3742.80	3740.38	3733.94	3739.10	3740.58	3726.98	3737.92	3739.88	3739.78	3737.84	3738.88	
3730.04	3715.38	3714.66	3713.00	3711.34	3711.20	3728.44	3744.34	3735.36	3731.48	3725.36	3705.00	3726.02	3740.06	3728.36	3731.02	
3732.94	3726.20	3722.30	3728.42	3720.70	3718.52	3717.54	3712.62	3709.68	3713.28	3721.66	3725.34	3722.16	3724.70	3745.58	3703.98	

*******************************************2025/03/23;08:03:56
Probe number 110
Concentration entered by User 2.01% (Compensated: 2.25% at temperature 23.5)
1144.42	1144.54	1162.84	1173.68	1183.20	1195.42	1210.22	1222.18	1238.04	1249.30	1266.92	1290.34	1307.54	1330.82	1354.14	1384.34	
1409.80	1441.18	1471.80	1507.70	1544.20	1589.88	1632.44	1676.96	1731.92	1788.26	1866.58	1953.36	2051.82	2184.94	2361.26	2599.96	
2982.98	3338.82	3591.40	3701.44	3688.82	3709.12	3699.92	3708.02	3714.46	3716.38	3715.96	3717.60	3724.22	3723.26	3722.66	3719.80	
3715.16	3717.46	3722.42	3731.86	3721.70	3724.38	3724.34	3724.32	3733.36	3735.82	3735.66	3734.84	3731.54	3730.92	3729.48	3725.84	
3730.52	3732.04	3727.56	3721.42	3720.66	3717.78	3721.42	3727.70	3726.58	3729.22	3730.82	3727.14	3730.72	3730.44	3743.80	3733.94	
3740.76	3745.26	3740.76	3737.38	3739.34	3738.56	3736.30	3729.78	3734.96	3736.56	3722.38	3734.00	3735.86	3735.56	3733.54	3734.78	
3725.76	3710.84	3709.58	3707.92	3705.92	3706.20	3723.38	3740.34	3730.82	3726.98	3721.30	3699.90	3721.38	3735.70	3723.72	3726.04	
3728.68	3721.38	3717.82	3724.34	3716.14	3713.84	3712.76	3707.48	3704.72	3708.24	3717.14	3720.82	3717.54	3720.32	3741.30	3699.22	

*******************************************2025/03/23;08:23:57
Probe number 111
Concentration entered by User 2.00% (Compensated: 2.24% at temperature 23.5)
1144.72	1145.10	1163.32	1174.18	1184.00	1196.68	1210.74	1222.62	1238.70	1249.54	1266.78	1291.80	1307.62	1332.10	1355.22	1384.66	
1409.96	1441.88	1472.72	1509.14	1545.76	1590.50	1633.48	1678.22	1733.86	1790.48	1866.42	1956.22	2055.28	2188.56	2363.12	2600.36	
2983.28	3343.60	3594.24	3703.54	3691.50	3711.64	3702.70	3710.78	3717.04	3718.48	3718.38	3720.04	3726.68	3725.96	3724.28	3722.44	
3717.62	3719.68	3724.86	3733.82	3723.80	3726.64	3726.28	3726.80	3735.20	3737.86	3737.84	3737.06	3733.62	3733.16	3731.46	3728.14	
3733.00	3734.36	3729.46	3723.64	3723.20	3720.50	3723.72	3729.96	3728.90	3731.26	3733.04	3729.26	3732.86	3732.86	3746.18	3736.06	
3742.82	3747.32	3742.60	3739.08	3741.40	3740.78	3738.70	3731.50	3737.06	3738.68	3724.86	3736.52	3737.94	3737.78	3735.78	3736.80	
3727.86	3713.16	3712.36	3710.72	3708.72	3709.04	3725.90	3742.26	3732.80	3729.46	3723.48	3702.50	3723.64	3737.70	3726.04	3728.60	
3730.90	3723.60	3720.48	3726.58	3718.40	3716.02	3715.12	3710.16	3706.98	3710.80	3719.16	3723.06	3720.06	3722.64	3743.66	3701.80	

*******************************************2025/03/23;08:43:57
Probe number 112
Concentration entered by User 2.01% (Compensated: 2.25% at temperature 23.5)
1143.98	1144.46	1162.92	1173.42	1182.84	1195.60	1209.82	1221.94	1237.84	1248.66	1266.78	1290.14	1306.92	1331.28	1353.28	1384.14	
1408.78	1440.70	1471.62	1507.36	1543.94	1589.74	1633.06	1676.28	1729.16	1788.58	1864.92	1952.22	2052.04	2186.80	2358.66	2601.80	
2979.00	3340.34	3591.36	3701.20	3688.94	3709.02	3699.96	3707.70	3714.58	3716.36	3716.14	3717.34	3724.34	3723.30	3722.74	3719.80	
3714.98	3717.22	3722.48	3731.76	3721.54	3724.24	3724.34	3724.28	3733.08	3735.64	3735.66	3735.00	3731.48	3730.88	3729.42	3726.02	
3730.90	3732.16	3727.54	3721.22	3720.90	3717.88	3721.38	3727.84	3726.46	3729.20	3730.74	3726.96	3730.50	3730.70	3744.04	3733.84	
3740.88	3745.22	3740.74	3736.80	3739.20	3738.72	3736.48	3729.66	3734.88	3736.56	3722.70	3734.02	3735.76	3735.62	3733.56	3734.54	
3725.34	3710.84	3709.98	3708.00	3706.14	3706.24	3723.82	3740.22	3731.00	3726.84	3721.32	3699.92	3721.22	3735.60	3723.70	3726.14	
3728.56	3721.60	3717.82	3723.80	3716.04	3713.78	3712.92	3707.32	3704.76	3708.28	3716.80	3720.52	3717.40	3720.20	3741.78	3698.80	

*******************************************2025/03/23;09:03:56
Probe number 113
Concentration entered by User 2.07% (Compensated: 2.30% at temperature 23.5)
1142.82	1143.42	1161.12	1172.00	1181.08	1193.80	1208.44	1220.04	1235.90	1246.90	1264.24	1288.16	1304.92	1328.10	1352.30	1380.76	
1405.18	1437.46	1467.92	1504.22	1539.88	1585.52	1627.52	1673.26	1726.14	1782.40	1859.30	1944.66	2043.62	2178.80	2347.48	2588.64	
2968.32	3320.60	3575.16	3688.36	3675.98	3697.76	3687.28	3696.22	3702.90	3704.98	3705.10	3706.50	3713.66	3712.44	3711.38	3708.96	
3703.44	3705.94	3711.28	3721.32	3710.32	3713.38	3713.22	3713.12	3722.60	3725.34	3725.42	3724.40	3720.50	3720.20	3718.42	3715.10	
3720.08	3721.16	3716.36	3709.96	3709.82	3706.54	3709.98	3716.82	3715.54	3718.38	3719.86	3716.20	3720.26	3719.88	3734.12	3723.46	
3730.62	3735.26	3730.68	3726.76	3728.76	3728.42	3725.86	3718.60	3724.06	3725.94	3711.12	3723.20	3725.04	3724.80	3722.72	3724.04	
3714.38	3698.96	3698.10	3696.28	3694.34	3694.64	3712.18	3730.26	3720.04	3715.98	3709.82	3687.76	3709.90	3725.12	3712.40	3715.10	
3717.50	3710.04	3706.48	3713.06	3704.28	3702.30	3701.26	3695.34	3692.34	3696.12	3705.10	3709.26	3706.24	3708.86	3731.32	3686.78	

*******************************************2025/03/23;09:23:57
Probe number 114
Concentration entered by User 1.99% (Compensated: 2.23% at temperature 23.5)
1144.42	1144.86	1162.82	1174.20	1183.88	1196.18	1210.12	1222.58	1238.26	1249.22	1266.80	1291.76	1307.58	1331.90	1354.70	1385.08	
1409.66	1441.22	1472.20	1509.22	1545.64	1591.06	1633.18	1678.50	1733.04	1789.60	1864.94	1957.08	2053.16	2188.06	2361.80	2602.54	
2987.42	3345.64	3593.62	3703.84	3691.02	3711.58	3702.46	3710.38	3716.66	3718.48	3718.00	3719.70	3726.38	3725.62	3724.68	3722.10	
3717.56	3719.60	3724.58	3733.78	3723.92	3726.82	3726.38	3726.38	3735.12	3737.72	3737.86	3737.26	3733.36	3732.86	3731.44	3728.08	
3733.06	3733.86	3729.50	3723.34	3723.04	3720.12	3723.38	3729.90	3728.68	3731.30	3733.16	3728.96	3732.76	3732.92	3745.90	3736.08	
3742.82	3747.08	3742.88	3739.48	3741.30	3740.86	3738.26	3731.86	3737.20	3738.66	3724.68	3736.24	3737.68	3737.62	3735.76	3736.94	
3727.64	3712.96	3712.02	3710.50	3708.78	3708.90	3725.62	3742.42	3733.06	3728.96	3723.30	3702.46	3723.34	3737.84	3726.32	3728.48	
3730.60	3723.54	3720.22	3726.34	3718.52	3716.32	3715.00	3709.72	3706.98	3710.52	3719.18	3723.12	3719.52	3722.54	3743.34	3702.02	

*******************************************2025/03/23;09:43:57
Probe number 115
Concentration entered by User 2.00% (Compensated: 2.24% at temperature 23.5)
1144.46	1144.62	1162.70	1174.18	1183.68	1195.34	1210.28	1222.46	1238.20	1249.16	1266.38	1291.18	1307.72	1331.44	1354.18	1384.32	
1409.72	1440.88	1471.50	1508.80	1545.42	1590.48	1633.58	1679.98	1731.64	1788.76	1866.60	1954.00	2055.48	2187.00	2361.04	2606.38	
2982.24	3342.74	3594.54	3702.90	3690.86	3711.26	3702.06	3710.22	3716.64	3718.16	3717.92	3719.08	3725.96	3725.24	3724.36	3721.32	
3716.84	3719.24	3724.14	3733.10	3723.42	3726.10	3725.88	3726.06	3734.82	3737.46	3737.80	3736.40	3732.98	3732.10	3731.04	3727.42	
3732.62	3733.74	3728.84	3723.08	3723.08	3719.24	3723.24	3729.38	3727.96	3731.08	3732.48	3729.04	3732.52	3732.42	3745.72	3735.50	
3742.46	3746.66	3742.60	3738.72	3741.10	3740.32	3737.76	3731.30	3736.68	3737.90	3724.54	3735.68	3737.42	3737.32	3735.20	3736.52	
3727.02	3712.50	3712.02	3710.10	3708.20	3708.54	3725.64	3741.80	3732.50	3728.86	3722.82	3702.08	3722.86	3737.38	3725.52	3727.58	
3730.04	3723.28	3719.48	3725.86	3718.12	3715.66	3714.56	3709.22	3706.54	3710.06	3718.82	3722.64	3719.16	3721.66	3743.06	3700.98	

*******************************************2025/03/23;10:03:57
Probe number 116
Concentration entered by User 2.00% (Compensated: 2.23% at temperature 23.5)
1144.82	1145.30	1163.48	1174.54	1183.92	1195.98	1211.22	1223.02	1238.70	1249.60	1267.56	1291.52	1308.04	1331.66	1355.32	1385.50	
1409.72	1441.86	1472.24	1510.18	1545.62	1589.48	1634.86	1680.04	1733.08	1791.10	1865.38	1955.74	2052.62	2188.98	2361.86	2605.02	
2986.68	3344.30	3593.64	3703.74	3691.10	3711.66	3702.00	3709.92	3716.44	3718.02	3717.82	3719.32	3726.00	3725.46	3724.60	3721.96	
3717.08	3719.62	3724.06	3733.18	3723.72	3725.92	3725.86	3726.26	3734.78	3737.16	3737.14	3736.72	3732.96	3732.30	3731.20	3727.90	
3732.88	3733.46	3728.90	3723.34	3722.58	3719.52	3723.02	3729.56	3728.40	3730.92	3732.66	3728.50	3732.34	3732.42	3745.60	3735.92	
3742.58	3746.96	3742.58	3738.60	3740.86	3740.18	3738.00	3731.14	3736.82	3738.22	3724.48	3735.54	3737.14	3737.42	3735.28	3736.24	
3727.02	3712.76	3712.10	3710.06	3708.32	3708.46	3725.34	3742.24	3732.76	3728.82	3723.04	3702.04	3723.12	3737.18	3725.72	3727.96	
3730.16	3723.12	3719.76	3725.82	3718.06	3715.76	3714.70	3709.26	3706.36	3710.20	3718.80	3722.44	3719.10	3721.96	3742.78	3701.26	

*******************************************2025/03/23;10:23:57
Probe number 117
Concentration entered by User 2.00% (Compensated: 2.24% at temperature 23.5)
1144.78	1145.36	1163.36	1174.22	1183.86	1196.08	1210.28	1222.44	1238.22	1249.72	1266.84	1291.00	1307.72	1331.58	1355.88	1385.74	
1410.36	1442.22	1472.52	1509.20	1545.48	1589.72	1635.68	1678.52	1732.66	1789.60	1867.06	1956.12	2052.04	2185.28	2366.06	2602.74	
2982.30	3345.80	3594.00	3703.86	3690.34	3710.98	3701.78	3709.64	3716.28	3717.66	3717.66	3719.06	3725.48	3724.94	3724.30	3721.34	
3716.72	3718.96	3723.86	3733.22	3722.84	3725.44	3725.34	3726.04	3734.46	3737.16	3737.46	3736.22	3732.70	3732.40	3730.80	3727.30	
3732.50	3733.38	3728.68	3722.62	3722.74	3719.30	3723.08	3729.02	3727.70	3730.68	3732.38	3728.40	3732.10	3732.00	3745.44	3735.36	
3742.20	3746.56	3742.08	3738.40	3740.74	3739.90	3737.66	3730.98	3736.26	3738.28	3724.22	3735.68	3737.14	3736.94	3735.02	3735.98	
3726.96	3712.42	3711.36	3709.84	3707.88	3707.80	3724.92	3741.60	3732.40	3728.70	3722.72	3701.50	3722.78	3736.88	3725.38	3727.52	
3729.88	3723.14	3719.56	3725.56	3717.68	3715.20	3714.60	3708.82	3706.12	3710.22	3718.50	3722.42	3719.16	3721.96	3742.82	3701.08	

*******************************************2025/03/23;10:43:56
Probe number 118
Concentration entered by User 2.05% (Compensated: 2.29% at temperature 23.5)
1143.28	1143.34	1161.52	1172.92	1182.38	1194.44	1209.04	1220.88	1236.36	1247.82	1265.06	1289.22	1305.24	1328.48	1352.50	1381.58	
1406.34	1437.78	1469.00	1505.04	1539.96	1586.04	1629.24	1674.46	1727.80	1783.50	1860.26	1948.74	2046.90	2177.06	2354.92	2591.26	
2969.82	3326.08	3581.08	3689.76	3677.22	3698.90	3688.92	3697.44	3704.14	3705.52	3705.28	3707.30	3714.06	3713.18	3712.18	3709.36	
3704.52	3706.96	3711.96	3721.98	3711.24	3714.06	3714.00	3714.24	3723.22	3725.94	3726.06	3725.28	3721.68	3720.76	3719.44	3716.10	
3721.20	3722.20	3717.76	3710.82	3711.00	3707.62	3711.16	3717.72	3716.72	3719.60	3721.24	3717.02	3721.08	3720.68	3734.82	3724.10	
3731.80	3736.26	3731.56	3727.46	3730.06	3729.32	3726.64	3719.58	3724.94	3727.04	3712.22	3724.26	3726.30	3725.74	3724.14	3724.86	
3715.24	3699.78	3698.80	3697.08	3695.10	3695.54	3713.44	3730.96	3721.10	3716.78	3710.60	3688.98	3710.86	3725.74	3713.90	3716.02	
3718.54	3711.26	3707.54	3713.90	3705.48	3703.32	3701.88	3696.36	3693.72	3697.24	3706.34	3710.40	3706.92	3709.84	3732.08	3688.18	

*******************************************2025/03/23;11:03:57
Probe number 119
Concentration entered by User 2.00% (Compensated: 2.24% at temperature 23.5)
1144.76	1144.76	1163.08	1174.38	1183.98	1196.28	1210.50	1222.84	1238.26	1250.02	1266.82	1290.96	1308.90	1330.68	1355.10	1385.48	
1410.30	1441.16	1472.08	1510.12	1545.46	1591.22	1633.44	1678.36	1732.84	1790.14	1868.44	1955.18	2055.54	2190.72	2364.94	2601.84	
2982.52	3342.28	3594.00	3702.52	3689.78	3710.68	3701.34	3709.38	3715.38	3717.50	3717.02	3718.60	3725.24	3724.36	3723.36	3720.70	
3716.16	3718.34	3723.30	3732.70	3722.68	3725.44	3725.26	3725.40	3734.28	3737.00	3736.60	3736.00	3732.30	3731.88	3730.14	3727.00	
3731.70	3732.92	3728.18	3722.38	3721.86	3718.78	3722.24	3728.54	3727.42	3730.20	3731.88	3728.20	3731.72	3731.46	3745.00	3734.82	
3741.68	3746.26	3741.68	3738.40	3740.08	3739.44	3737.42	3730.46	3736.04	3737.56	3723.68	3735.02	3736.44	3736.54	3734.22	3735.48	
3726.74	3712.04	3710.98	3709.46	3707.28	3707.62	3724.76	3741.08	3731.96	3728.22	3721.96	3701.32	3722.52	3736.74	3724.78	3726.86	
3729.60	3722.34	3718.86	3725.22	3717.20	3714.80	3714.00	3708.24	3705.76	3709.46	3718.10	3721.82	3718.72	3721.44	3742.30	3700.38	

*******************************************2025/03/23;11:23:57
Probe number 120
Concentration entered by User 1.99% (Compensated: 2.24% at temperature 23.6)
1144.94	1145.20	1163.66	1174.36	1183.60	1196.44	1210.76	1222.44	1239.08	1249.88	1267.70	1291.16	1308.10	1332.92	1355.24	1385.20	
1410.74	1442.10	1473.88	1510.04	1546.32	1590.86	1634.64	1680.36	1732.08	1790.34	1867.24	1957.02	2053.08	2189.82	2363.38	2605.38	
2986.96	3344.04	3596.02	3705.28	3691.76	3712.56	3703.28	3711.34	3717.62	3719.34	3719.16	3720.56	3727.02	3726.52	3725.50	3722.98	
3718.52	3720.66	3725.66	3734.94	3724.64	3727.22	3727.02	3727.54	3736.10	3738.84	3738.40	3737.88	3734.22	3733.60	3732.40	3729.08	
3733.82	3734.92	3730.44	3724.36	3724.30	3720.98	3724.16	3730.84	3729.62	3732.40	3733.44	3730.00	3733.30	3733.76	3746.90	3736.96	
3743.56	3748.24	3743.52	3740.04	3742.14	3741.62	3739.12	3732.56	3737.86	3739.48	3725.78	3737.12	3738.76	3738.74	3736.54	3737.40	
3728.70	3714.00	3713.10	3711.62	3709.72	3709.82	3726.78	3743.22	3733.90	3730.16	3724.04	3703.68	3724.56	3738.38	3727.00	3729.34	
3731.44	3724.64	3721.30	3727.14	3719.26	3717.06	3715.76	3710.90	3707.68	3711.62	3720.10	3723.70	3720.68	3723.32	3744.06	3702.64	

*******************************************2025/03/23;11:43:57
Probe number 121
Concentration entered by User 1.99% (Compensated: 2.23% at temperature 23.6)
1144.30	1144.92	1163.18	1173.96	1183.80	1196.22	1210.68	1222.94	1238.44	1249.66	1267.12	1290.44	1307.44	1332.18	1354.84	1384.82	
1409.66	1442.02	1473.00	1509.38	1545.40	1590.78	1634.68	1679.72	1732.50	1790.64	1865.86	1955.64	2055.62	2187.02	2367.04	2605.52	
2987.56	3348.02	3594.62	3704.48	3691.58	3712.14	3702.96	3711.14	3717.60	3719.12	3718.52	3720.34	3726.98	3726.38	3725.34	3722.66	
3717.88	3720.16	3725.04	3734.38	3724.44	3727.36	3726.82	3727.18	3735.68	3738.54	3738.08	3737.68	3733.98	3733.28	3732.10	3728.90	
3733.66	3734.50	3729.60	3724.22	3723.86	3720.84	3724.18	3730.50	3728.98	3732.16	3733.84	3729.72	3733.62	3733.28	3746.34	3736.52	
3743.26	3748.04	3743.38	3739.68	3741.90	3741.44	3738.94	3732.44	3737.72	3739.18	3725.60	3737.00	3738.30	3738.02	3736.18	3737.42	
3728.62	3713.76	3713.06	3711.48	3709.46	3709.74	3726.66	3743.00	3733.66	3730.00	3724.12	3703.38	3724.04	3738.64	3726.58	3729.00	
3731.20	3724.32	3720.70	3726.80	3719.16	3716.96	3715.68	3710.38	3707.98	3711.58	3720.12	3723.98	3720.40	3723.28	3743.98	3702.26	

*******************************************2025/03/23;12:03:56
Probe number 122
Concentration entered by User 2.05% (Compensated: 2.29% at temperature 23.6)
1143.34	1143.50	1161.66	1172.44	1182.00	1194.22	1208.28	1220.18	1236.00	1247.50	1264.72	1288.58	1305.00	1329.22	1351.80	1381.40	
1405.90	1437.70	1467.82	1505.16	1541.24	1586.78	1629.76	1674.62	1728.26	1785.08	1858.72	1948.54	2045.92	2178.46	2356.68	2587.48	
2977.58	3325.02	3579.80	3691.24	3678.00	3699.62	3690.24	3698.48	3705.68	3706.96	3706.60	3708.34	3715.06	3714.42	3713.58	3710.28	
3705.88	3708.24	3713.66	3723.18	3712.74	3715.36	3715.48	3715.42	3724.66	3727.42	3727.46	3726.32	3722.62	3721.88	3720.62	3717.08	
3722.34	3723.56	3718.68	3712.52	3711.84	3708.72	3712.38	3719.04	3717.96	3720.54	3722.22	3718.56	3722.68	3722.24	3736.06	3725.48	
3732.76	3737.40	3733.04	3728.86	3731.30	3730.28	3727.98	3720.62	3726.52	3728.18	3713.74	3725.50	3727.42	3727.38	3725.04	3726.18	
3716.70	3701.30	3700.46	3698.56	3696.86	3696.72	3714.64	3732.32	3722.38	3718.18	3712.10	3690.24	3712.36	3727.20	3714.78	3717.44	
3719.78	3712.72	3708.84	3715.02	3707.18	3704.28	3703.46	3697.60	3695.42	3698.96	3707.90	3711.92	3708.26	3711.24	3733.36	3689.16	

*******************************************2025/03/23;12:23:57
Probe number 123
Concentration entered by User 1.99% (Compensated: 2.24% at temperature 23.6)
1145.08	1144.82	1162.88	1174.06	1183.76	1195.92	1210.66	1222.08	1238.14	1249.72	1266.74	1290.62	1308.10	1331.60	1354.96	1384.96	
1409.30	1441.54	1472.26	1509.40	1544.72	1591.68	1634.70	1680.62	1732.60	1790.16	1865.76	1955.16	2056.76	2187.68	2361.80	2605.84	
2984.20	3347.60	3595.04	3703.96	3691.00	3711.62	3702.54	3710.86	3716.90	3718.62	3718.22	3719.70	3726.54	3725.76	3724.88	3722.18	
3717.66	3719.96	3724.88	3733.90	3724.14	3726.86	3726.64	3727.12	3735.48	3738.34	3737.62	3737.02	3733.48	3732.82	3731.62	3728.16	
3733.24	3734.16	3729.58	3723.62	3723.46	3720.24	3723.48	3729.84	3728.70	3731.62	3733.28	3729.40	3732.98	3732.72	3746.12	3736.38	
3742.72	3747.40	3743.28	3739.44	3741.64	3740.78	3738.56	3731.92	3737.16	3738.90	3725.20	3736.26	3737.98	3737.92	3735.60	3737.06	
3727.86	3713.54	3712.40	3710.54	3708.88	3709.16	3726.02	3742.62	3733.34	3729.48	3723.62	3703.00	3723.76	3738.26	3726.20	3728.76	
3730.78	3723.92	3720.48	3726.26	3718.78	3716.32	3715.22	3710.30	3707.40	3711.00	3719.32	3722.92	3719.38	3722.74	3743.60	3702.06	

*******************************************2025/03/23;12:43:57
Probe number 124
Concentration entered by User 1.99% (Compensated: 2.24% at temperature 23.6)
1144.84	1144.76	1163.04	1173.92	1183.70	1195.94	1210.60	1222.68	1238.24	1249.76	1267.12	1290.84	1307.52	1331.54	1355.50	1384.92	
1408.86	1440.76	1472.02	1509.54	1545.56	1590.74	1634.28	1681.04	1731.76	1790.64	1867.66	1958.90	2054.66	2182.98	2363.12	2608.58	
2984.66	3343.50	3595.14	3704.44	3691.36	3710.98	3701.98	3710.46	3716.56	3718.28	3717.98	3719.62	3726.04	3725.52	3724.68	3722.10	
3717.48	3719.76	3724.28	3733.54	3723.48	3726.30	3726.04	3726.56	3735.12	3737.68	3737.34	3736.84	3733.18	3732.66	3731.34	3727.78	
3732.84	3734.02	3729.34	3723.36	3722.94	3720.00	3723.28	3729.48	3728.60	3731.10	3732.78	3728.86	3732.74	3732.86	3745.82	3736.30	
3742.92	3747.44	3742.86	3738.96	3741.46	3740.46	3738.44	3731.66	3736.98	3738.52	3724.66	3736.06	3737.68	3737.36	3735.42	3736.80	
3727.72	3713.10	3711.94	3710.50	3708.62	3708.58	3725.82	3742.38	3733.06	3729.24	3723.16	3702.08	3723.28	3737.88	3725.70	3728.46	
3730.72	3723.64	3720.20	3726.30	3718.52	3716.20	3715.22	3709.96	3706.76	3711.16	3719.18	3722.56	3719.48	3722.12	3743.16	3701.52	

*******************************************2025/03/23;13:03:57
Probe number 125
Concentration entered by User 2.00% (Compensated: 2.24% at temperature 23.6)
1144.60	1144.64	1162.82	1173.90	1183.58	1196.08	1210.54	1222.22	1237.70	1248.94	1266.60	1289.80	1306.96	1330.96	1353.86	1383.68	
1410.12	1441.24	1471.62	1508.74	1546.98	1590.70	1633.54	1678.54	1731.78	1788.84	1866.76	1952.60	2056.02	2187.24	2364.60	2603.40	
2983.44	3344.88	3594.54	3704.26	3690.24	3710.70	3702.02	3709.88	3716.18	3718.02	3717.82	3719.52	3726.10	3725.44	3724.34	3721.24	
3717.06	3719.36	3724.22	3733.30	3723.34	3726.22	3725.88	3726.04	3734.80	3737.12	3736.88	3736.74	3732.96	3732.32	3730.96	3727.76	
3732.76	3733.96	3728.96	3723.06	3722.80	3719.70	3722.98	3729.06	3728.26	3731.16	3732.48	3728.88	3732.46	3732.42	3745.66	3735.56	
3742.44	3746.78	3742.70	3738.88	3741.36	3740.44	3738.06	3731.28	3736.74	3738.58	3724.66	3735.86	3737.54	3737.14	3735.50	3736.46	
3727.46	3712.72	3711.58	3710.22	3708.22	3708.56	3725.88	3742.20	3732.70	3728.94	3722.94	3702.08	3723.40	3737.36	3725.50	3728.10	
3730.34	3722.94	3719.80	3726.14	3718.00	3715.86	3714.80	3709.42	3706.50	3710.48	3718.82	3722.50	3719.42	3721.98	3743.06	3701.12	

*******************************************2025/03/23;13:23:57
Probe number 126
Concentration entered by User 1.99% (Compensated: 2.24% at temperature 23.6)
1145.00	1144.92	1162.74	1174.28	1183.74	1195.58	1210.50	1222.60	1237.86	1249.36	1267.08	1290.40	1307.22	1331.30	1354.28	1385.68	
1409.50	1441.16	1471.54	1506.96	1544.46	1590.92	1632.40	1678.28	1731.02	1787.66	1866.14	1953.66	2055.14	2186.26	2366.00	2603.90	
2987.68	3343.44	3594.86	3704.30	3690.26	3711.28	3701.90	3710.36	3716.72	3718.18	3717.76	3719.74	3726.02	3725.36	3724.46	3721.80	
3717.14	3719.48	3724.68	3733.50	3723.40	3726.30	3725.90	3726.58	3735.12	3737.50	3737.44	3736.80	3733.10	3732.36	3731.16	3727.80	
3732.76	3734.02	3729.30	3723.36	3722.96	3719.88	3723.22	3729.52	3728.64	3731.16	3732.98	3729.02	3732.92	3732.56	3745.82	3735.98	
3742.58	3747.14	3742.74	3739.00	3741.44	3740.54	3738.06	3731.56	3736.96	3738.66	3724.98	3735.92	3737.78	3737.46	3735.72	3736.40	
3727.50	3712.80	3712.12	3710.62	3708.46	3708.68	3725.60	3742.30	3732.66	3728.86	3723.28	3702.10	3723.54	3737.66	3725.70	3728.04	
3730.42	3723.32	3720.12	3726.02	3718.20	3716.08	3715.04	3709.66	3706.82	3710.42	3718.92	3722.84	3719.38	3722.34	3743.22	3701.20	

*******************************************2025/03/23;13:43:57
Probe number 127
Concentration entered by User 1.99% (Compensated: 2.24% at temperature 23.6)
1144.50	1144.42	1162.94	1174.24	1183.16	1195.20	1210.44	1222.06	1237.50	1248.76	1265.94	1289.54	1306.44	1330.70	1354.86	1385.10	
1408.94	1439.88	1471.64	1506.70	1544.74	1589.98	1632.76	1678.44	1730.72	1787.58	1864.82	1954.28	2054.76	2188.86	2361.58	2604.72	
2983.46	3346.74	3596.06	3703.90	3690.60	3711.38	3701.94	3710.56	3716.58	3718.54	3717.84	3719.40	3726.08	3725.26	3724.44	3721.76	
3717.20	3719.48	3724.64	3733.60	3723.46	3726.24	3726.26	3726.50	3735.36	3737.64	3737.16	3736.48	3732.62	3732.34	3730.90	3727.92	
3732.80	3733.88	3729.12	3723.38	3722.98	3719.92	3722.82	3729.34	3728.38	3730.94	3732.58	3728.64	3732.32	3732.36	3745.70	3735.82	
3742.42	3747.12	3742.58	3738.90	3741.08	3740.32	3737.96	3731.36	3736.94	3738.60	3724.60	3735.96	3737.38	3737.46	3735.50	3736.38	
3727.46	3712.68	3712.04	3709.98	3708.18	3708.34	3725.48	3741.96	3732.66	3728.76	3723.22	3702.46	3723.30	3737.50	3725.46	3728.30	
3730.32	3723.10	3720.00	3725.92	3718.38	3715.94	3714.34	3709.48	3706.66	3710.46	3718.88	3722.72	3719.26	3722.32	3743.16	3701.56	

*******************************************2025/03/23;14:03:57
Probe number 128
Concentration entered by User 2.00% (Compensated: 2.25% at temperature 23.6)
1144.28	1144.80	1162.76	1174.00	1183.54	1195.86	1210.56	1222.18	1237.34	1248.90	1266.12	1290.16	1306.82	1330.44	1354.80	1384.24	
1409.02	1440.16	1471.10	1507.86	1544.20	1590.30	1633.66	1677.90	1730.98	1790.54	1866.78	1957.38	2051.58	2187.68	2362.84	2607.70	
2983.64	3342.92	3595.66	3704.16	3691.00	3711.14	3702.04	3710.30	3716.14	3717.98	3717.84	3718.96	3725.84	3724.94	3724.50	3721.78	
3717.04	3719.34	3724.56	3733.26	3723.40	3725.88	3726.26	3726.24	3734.98	3737.46	3736.90	3736.58	3732.72	3732.26	3731.00	3727.62	
3732.24	3733.62	3729.04	3723.04	3722.78	3719.50	3722.84	3729.44	3728.24	3730.90	3732.56	3728.98	3732.30	3732.48	3745.64	3735.60	
3742.58	3746.84	3742.58	3738.88	3741.14	3740.20	3737.88	3731.06	3736.58	3738.20	3724.56	3735.90	3737.22	3737.00	3735.38	3736.44	
3727.22	3712.54	3711.60	3709.96	3708.20	3708.06	3725.84	3742.04	3732.26	3728.62	3723.04	3701.70	3723.18	3737.34	3725.56	3728.06	
3730.02	3723.30	3719.88	3726.04	3718.30	3715.62	3714.64	3709.34	3706.54	3709.98	3718.84	3722.78	3719.14	3721.76	3743.08	3701.12	

*******************************************2025/03/23;14:23:57
Probe number 129
Concentration entered by User 2.01% (Compensated: 2.26% at temperature 23.6)
1144.36	1144.28	1162.20	1173.36	1183.16	1195.14	1209.56	1221.78	1237.22	1248.26	1265.28	1289.50	1306.58	1329.96	1353.44	1383.98	
1407.66	1439.18	1470.16	1507.44	1543.60	1589.60	1632.40	1677.06	1732.18	1787.48	1863.96	1952.54	2050.54	2185.02	2362.32	2600.44	
2985.20	3340.50	3590.94	3700.64	3687.70	3708.70	3698.96	3707.56	3713.82	3715.22	3715.08	3717.00	3723.30	3722.58	3721.76	3719.16	
3714.66	3716.98	3721.98	3731.24	3720.72	3723.90	3723.34	3723.86	3732.64	3735.20	3734.88	3734.46	3730.28	3729.64	3728.20	3725.28	
3730.26	3731.40	3726.34	3720.52	3720.48	3717.02	3720.32	3726.68	3725.66	3728.58	3730.16	3726.14	3729.86	3729.76	3743.24	3733.22	
3740.14	3744.92	3740.20	3736.44	3738.98	3738.20	3735.78	3728.74	3733.96	3735.82	3721.92	3733.54	3734.92	3734.84	3732.94	3733.76	
3724.60	3709.68	3709.18	3707.70	3705.24	3705.74	3723.16	3739.66	3729.98	3726.54	3720.30	3699.32	3720.48	3735.36	3722.98	3725.80	
3727.76	3720.60	3717.12	3723.36	3715.70	3713.02	3711.94	3706.66	3703.54	3707.86	3716.40	3720.30	3716.56	3719.36	3740.78	3698.70	

*******************************************2025/03/23;14:43:57
Probe number 130
Concentration entered by User 1.98% (Compensated: 2.23% at temperature 23.6)
1144.74	1144.92	1162.86	1174.38	1183.70	1195.86	1210.30	1222.60	1237.92	1249.70	1267.32	1291.10	1306.84	1331.20	1356.06	1385.50	
1410.02	1441.30	1472.58	1510.04	1545.56	1590.74	1634.34	1680.02	1733.72	1790.42	1866.38	1957.64	2055.70	2189.22	2361.50	2608.92	
2990.20	3345.26	3597.96	3707.04	3694.18	3713.50	3704.62	3713.20	3719.10	3720.96	3720.38	3722.24	3728.62	3727.76	3727.24	3724.38	
3720.24	3722.38	3727.14	3736.04	3726.28	3728.98	3728.70	3728.84	3737.52	3740.18	3739.52	3738.98	3735.14	3734.78	3733.48	3730.34	
3735.06	3735.92	3731.66	3725.52	3725.72	3722.00	3725.62	3732.06	3730.70	3733.44	3735.08	3731.68	3734.90	3734.72	3748.04	3738.42	
3744.96	3749.24	3744.86	3741.38	3743.38	3742.94	3740.52	3734.12	3739.14	3740.96	3727.02	3738.60	3739.80	3739.70	3737.94	3738.86	
3729.84	3715.74	3714.32	3712.98	3711.24	3711.30	3728.16	3744.44	3735.10	3731.50	3725.86	3705.02	3725.86	3739.74	3728.06	3730.48	
3732.96	3725.76	3722.40	3728.70	3720.82	3718.84	3717.42	3712.36	3709.76	3713.00	3721.66	3725.40	3722.02	3725.02	3745.26	3704.10	

*******************************************2025/03/23;15:03:57
Probe number 131
Concentration entered by User 2.00% (Compensated: 2.25% at temperature 23.7)
1144.40	1144.32	1162.76	1173.60	1182.78	1195.48	1210.22	1222.14	1237.40	1249.10	1266.26	1290.76	1305.86	1330.58	1353.92	1385.54	
1409.30	1440.38	1471.56	1508.42	1544.80	1589.32	1632.50	1677.18	1730.92	1788.48	1864.76	1953.18	2053.80	2185.24	2366.42	2605.02	
2985.32	3341.00	3592.34	3703.90	3690.26	3710.86	3701.58	3710.16	3716.04	3717.64	3717.46	3719.10	3725.80	3725.04	3723.68	3721.12	
3716.86	3719.58	3724.26	3733.34	3722.80	3725.96	3725.84	3725.86	3734.84	3737.24	3736.96	3736.22	3732.52	3731.76	3730.22	3727.40	
3732.48	3733.32	3728.78	3722.80	3722.58	3719.40	3722.84	3728.64	3728.12	3730.62	3732.52	3728.60	3732.10	3731.90	3745.46	3735.58	
3742.08	3746.76	3742.02	3738.54	3740.72	3740.08	3737.74	3731.16	3736.08	3738.04	3724.32	3735.46	3737.10	3737.22	3735.48	3736.10	
3727.14	3712.46	3711.38	3709.78	3708.12	3708.24	3725.44	3741.80	3732.26	3728.36	3722.78	3701.42	3722.94	3736.92	3725.30	3727.86	
3730.16	3722.64	3719.52	3725.52	3717.38	3715.72	3714.52	3709.48	3706.50	3710.22	3718.82	3721.94	3719.02	3721.84	3742.50	3700.66	

*******************************************2025/03/23;15:23:57
Probe number 132
Concentration entered by User 2.00% (Compensated: 2.25% at temperature 23.7)
1144.74	1144.64	1162.94	1174.36	1183.40	1195.36	1210.24	1221.80	1237.84	1248.60	1265.64	1289.96	1306.62	1330.44	1355.06	1384.28	
1408.38	1440.12	1470.86	1507.52	1544.70	1590.98	1633.42	1678.30	1731.64	1787.88	1864.72	1953.38	2050.88	2189.22	2363.54	2604.14	
2980.00	3344.20	3593.40	3703.10	3690.30	3710.58	3701.46	3709.78	3715.98	3717.50	3717.58	3719.00	3725.64	3724.84	3724.08	3721.42	
3716.84	3719.18	3724.06	3733.34	3722.86	3726.14	3725.76	3726.02	3734.86	3737.14	3736.94	3736.08	3732.76	3732.10	3730.80	3727.50	
3732.52	3733.52	3728.58	3722.60	3722.40	3719.38	3722.60	3729.14	3727.76	3730.68	3732.46	3728.60	3732.42	3732.08	3745.20	3735.22	
3742.18	3746.90	3742.26	3738.56	3740.96	3740.14	3737.78	3731.06	3736.52	3737.76	3724.00	3735.64	3737.18	3737.16	3734.86	3736.16	
3727.10	3712.42	3711.60	3709.90	3707.96	3708.24	3725.44	3741.80	3732.24	3728.54	3722.76	3701.88	3722.86	3737.10	3725.06	3727.78	
3729.92	3722.86	3719.74	3725.84	3717.98	3715.62	3714.66	3709.24	3706.18	3710.14	3718.56	3722.12	3719.18	3721.48	3742.76	3700.84	

*******************************************2025/03/23;15:43:57
Probe number 133
Concentration entered by User 2.00% (Compensated: 2.25% at temperature 23.7)
1144.30	1144.54	1162.82	1173.92	1183.12	1195.38	1209.92	1221.90	1237.72	1248.78	1266.28	1290.14	1306.24	1330.36	1353.98	1383.84	
1408.94	1440.54	1470.08	1507.30	1544.30	1589.74	1632.86	1678.08	1731.00	1786.16	1865.68	1956.08	2053.96	2185.44	2364.10	2601.90	
2984.86	3341.10	3594.14	3702.78	3689.72	3710.48	3701.28	3709.48	3715.34	3717.12	3716.86	3718.74	3725.24	3724.42	3723.52	3720.94	
3716.68	3718.88	3723.98	3732.86	3722.64	3725.70	3725.16	3726.00	3734.30	3736.84	3736.96	3736.12	3732.52	3732.16	3730.50	3727.20	
3732.06	3733.32	3728.58	3722.42	3722.40	3719.02	3722.30	3728.48	3727.74	3730.22	3731.92	3728.12	3731.42	3731.62	3744.88	3734.96	
3742.14	3746.46	3741.90	3738.30	3740.48	3739.60	3737.60	3730.64	3736.02	3737.82	3723.54	3735.58	3736.80	3736.80	3734.54	3735.70	
3727.00	3712.02	3711.18	3709.62	3707.60	3707.90	3725.26	3741.62	3732.12	3728.56	3722.12	3701.52	3722.70	3736.84	3724.74	3727.60	
3729.92	3722.86	3719.18	3725.34	3717.52	3714.98	3713.84	3708.76	3706.46	3710.32	3717.98	3721.98	3718.52	3721.54	3742.62	3700.66	

*******************************************2025/03/23;16:03:57
Probe number 134
Concentration entered by User 2.04% (Compensated: 2.30% at temperature 23.7)
1143.92	1143.82	1161.96	1172.94	1181.92	1194.42	1208.42	1220.78	1236.20	1247.92	1264.86	1288.02	1305.00	1328.02	1351.40	1382.20	
1407.28	1437.98	1468.28	1504.90	1540.64	1586.96	1628.34	1673.64	1726.72	1783.10	1859.54	1949.82	2047.84	2180.62	2356.14	2590.16	
2971.90	3328.98	3581.86	3693.50	3679.82	3701.18	3691.60	3699.70	3706.56	3708.34	3708.08	3709.78	3716.84	3715.76	3714.78	3711.78	
3707.26	3709.92	3714.88	3724.30	3714.04	3716.72	3716.58	3716.74	3725.86	3728.76	3728.22	3727.52	3723.82	3723.04	3721.80	3718.28	
3723.62	3724.74	3719.56	3713.66	3713.26	3709.94	3713.44	3720.18	3718.64	3721.86	3723.44	3719.64	3723.70	3723.28	3736.92	3726.76	
3734.16	3738.44	3734.00	3730.16	3732.04	3731.80	3729.06	3722.06	3727.88	3729.38	3715.00	3726.46	3728.48	3728.06	3726.42	3727.80	
3717.90	3702.44	3701.72	3700.36	3697.94	3698.24	3716.42	3733.24	3723.52	3719.54	3713.80	3691.70	3714.16	3728.48	3715.86	3718.84	
3721.00	3713.80	3710.22	3716.42	3708.56	3705.96	3704.78	3699.38	3696.12	3700.36	3708.72	3713.04	3709.08	3712.52	3734.42	3690.74	

*******************************************2025/03/23;16:23:57
Probe number 135
Concentration entered by User 2.00% (Compensated: 2.25% at temperature 23.7)
1144.84	1144.72	1162.48	1174.28	1183.56	1195.40	1210.02	1222.30	1237.60	1248.52	1266.20	1290.46	1306.46	1330.80	1354.16	1384.54	
1409.38	1440.26	1470.68	1507.90	1545.54	1588.76	1633.42	1678.66	1730.16	1789.10	1865.02	1954.68	2052.64	2188.26	2362.68	2600.68	
2984.10	3343.12	3593.68	3703.66	3690.46	3710.78	3701.12	3709.60	3716.02	3717.48	3717.38	3718.98	3725.22	3724.80	3723.82	3721.30	
3716.58	3719.14	3723.88	3733.08	3723.10	3725.72	3725.58	3725.78	3734.48	3737.06	3736.74	3736.00	3732.76	3732.06	3730.46	3727.14	
3732.38	3733.12	3728.58	3722.60	3722.32	3719.12	3722.58	3728.72	3727.54	3730.64	3732.24	3728.30	3732.14	3732.22	3745.08	3735.18	
3742.36	3746.70	3742.32	3738.26	3740.70	3739.96	3737.64	3730.88	3736.08	3738.22	3723.98	3735.54	3736.90	3736.62	3734.96	3735.98	
3726.96	3712.50	3711.26	3709.70	3708.00	3707.86	3725.26	3741.66	3732.02	3728.50	3722.64	3701.62	3722.96	3737.10	3725.08	3727.56	
3730.00	3722.90	3719.42	3725.62	3717.54	3715.54	3714.40	3709.06	3706.34	3710.12	3718.46	3722.04	3718.82	3721.64	3742.74	3700.76	

*******************************************2025/03/23;16:43:57
Probe number 136
Concentration entered by User 1.99% (Compensated: 2.24% at temperature 23.7)
1145.12	1145.10	1162.92	1174.38	1183.74	1195.68	1210.16	1222.36	1237.58	1248.58	1267.20	1290.22	1306.10	1331.90	1354.78	1384.42	
1409.18	1440.52	1471.12	1509.32	1545.10	1590.72	1633.34	1679.60	1732.88	1788.62	1867.18	1958.10	2053.18	2187.34	2361.00	2604.74	
2984.14	3345.96	3598.78	3705.28	3693.64	3713.86	3704.98	3712.88	3718.94	3720.42	3720.30	3721.90	3728.34	3727.56	3726.36	3723.88	
3719.76	3721.96	3726.70	3735.66	3725.70	3728.54	3728.42	3728.78	3737.12	3739.48	3739.52	3738.58	3734.96	3734.68	3733.24	3730.22	
3734.74	3736.00	3731.32	3725.58	3725.36	3721.76	3725.48	3731.66	3730.42	3733.52	3734.64	3731.38	3734.84	3734.84	3747.66	3738.22	
3744.66	3749.08	3744.96	3741.02	3743.66	3742.70	3740.28	3733.80	3738.94	3740.66	3727.14	3738.24	3739.54	3739.62	3737.60	3738.84	
3729.98	3715.28	3714.54	3712.52	3710.94	3711.00	3728.08	3744.08	3735.06	3731.14	3725.22	3704.70	3725.66	3739.94	3727.82	3730.22	
3732.62	3725.68	3722.18	3728.36	3720.46	3718.64	3717.12	3712.06	3709.64	3713.00	3721.66	3725.26	3721.64	3724.46	3745.30	3703.96	

*******************************************2025/03/23;17:03:57
Probe number 137
Concentration entered by User 2.01% (Compensated: 2.26% at temperature 23.7)
1143.88	1144.12	1162.26	1174.10	1182.76	1195.22	1209.74	1221.40	1237.20	1248.72	1265.74	1289.16	1306.42	1329.80	1353.76	1382.96	
1408.26	1439.84	1469.76	1506.90	1542.74	1587.98	1631.38	1676.60	1729.72	1787.34	1863.12	1953.14	2051.42	2185.56	2361.08	2601.78	
2982.12	3339.54	3589.20	3700.84	3687.74	3708.72	3699.30	3707.62	3713.96	3715.34	3715.34	3717.10	3723.38	3722.84	3721.90	3719.28	
3714.44	3716.80	3721.92	3731.32	3720.82	3723.60	3723.42	3723.52	3732.84	3735.14	3734.68	3734.08	3730.54	3729.90	3728.54	3725.06	
3730.24	3731.28	3726.70	3720.68	3720.52	3717.06	3720.80	3727.02	3725.90	3728.52	3730.18	3726.54	3730.26	3730.06	3743.06	3733.50	
3740.50	3745.00	3740.22	3736.44	3738.66	3738.30	3735.48	3729.02	3734.16	3735.96	3722.18	3733.30	3734.76	3735.12	3733.20	3734.32	
3725.08	3709.92	3709.30	3707.52	3705.52	3705.82	3723.20	3739.70	3730.26	3726.54	3720.56	3699.58	3720.92	3734.90	3723.20	3725.68	
3727.90	3720.74	3717.24	3723.58	3715.50	3713.16	3711.98	3706.66	3703.92	3707.90	3716.32	3719.94	3716.68	3719.42	3740.96	3698.84	

*******************************************2025/03/23;17:23:57
Probe number 138
Concentration entered by User 2.00% (Compensated: 2.25% at temperature 23.7)
1144.26	1144.12	1162.24	1173.48	1183.12	1195.10	1209.74	1221.92	1237.20	1248.26	1265.72	1289.78	1305.92	1330.44	1353.94	1383.34	
1407.92	1439.98	1470.42	1507.48	1543.16	1589.38	1632.34	1678.24	1730.38	1787.28	1864.08	1954.98	2051.64	2185.76	2361.28	2604.14	
2982.22	3343.62	3592.08	3702.04	3690.02	3710.34	3701.54	3709.40	3715.84	3716.98	3716.76	3718.42	3725.08	3724.64	3723.36	3720.82	
3716.60	3718.88	3723.70	3732.54	3722.84	3725.28	3725.46	3725.30	3734.20	3736.94	3736.48	3735.80	3732.02	3731.38	3730.40	3727.22	
3732.28	3733.38	3728.10	3722.46	3722.20	3718.86	3722.12	3728.74	3727.60	3730.72	3731.88	3728.24	3731.78	3731.58	3744.86	3735.16	
3741.86	3746.30	3742.16	3738.14	3740.52	3739.82	3737.32	3730.94	3735.84	3737.86	3723.74	3735.44	3736.54	3736.74	3734.84	3735.70	
3726.52	3711.86	3710.94	3709.54	3707.80	3707.62	3725.14	3741.22	3731.92	3727.98	3722.44	3701.58	3722.20	3736.50	3724.62	3727.60	
3729.64	3722.34	3719.02	3725.50	3717.12	3715.14	3714.26	3708.48	3706.00	3709.76	3717.90	3722.18	3718.48	3721.30	3742.48	3700.16	

*******************************************2025/03/23;17:43:57
Probe number 139
Concentration entered by User 2.01% (Compensated: 2.26% at temperature 23.7)
1143.68	1143.78	1161.96	1173.40	1182.54	1194.96	1209.94	1221.24	1237.18	1248.16	1265.62	1288.20	1306.00	1329.96	1353.20	1383.20	
1408.46	1439.68	1469.32	1507.28	1542.62	1589.14	1631.80	1676.74	1729.56	1786.84	1863.46	1953.58	2052.58	2187.60	2361.96	2601.40	
2983.60	3340.04	3591.80	3702.90	3689.66	3710.06	3701.00	3709.08	3715.28	3716.30	3716.76	3718.50	3725.02	3724.30	3722.90	3720.64	
3716.02	3718.66	3723.22	3732.38	3721.98	3724.96	3725.20	3725.28	3733.74	3736.72	3736.02	3735.58	3731.94	3731.16	3729.78	3726.60	
3731.36	3732.58	3727.86	3722.16	3722.22	3718.58	3722.24	3728.18	3727.10	3730.18	3731.62	3727.76	3731.68	3731.46	3744.62	3734.60	
3741.70	3746.14	3741.68	3738.02	3740.26	3739.44	3737.02	3730.60	3735.64	3737.52	3723.40	3735.06	3736.40	3736.10	3734.42	3735.28	
3726.22	3711.78	3710.70	3709.20	3706.98	3707.54	3724.84	3741.14	3731.52	3727.74	3721.88	3701.02	3722.24	3736.42	3724.72	3727.02	
3729.48	3722.12	3718.64	3724.80	3717.06	3714.80	3713.62	3708.38	3705.86	3709.64	3717.52	3721.52	3718.42	3720.76	3742.24	3700.22	

*******************************************2025/03/23;18:03:57
Probe number 140
Concentration entered by User 1.99% (Compensated: 2.24% at temperature 23.7)
1144.38	1144.62	1162.48	1174.64	1183.84	1195.90	1210.28	1221.96	1238.04	1249.08	1266.50	1289.44	1306.48	1330.98	1354.88	1384.98	
1410.38	1441.50	1472.28	1508.48	1544.94	1590.00	1633.36	1680.20	1733.66	1789.50	1867.08	1955.42	2056.68	2189.44	2364.04	2611.00	
2984.44	3345.56	3597.88	3705.58	3693.10	3713.30	3704.56	3712.20	3718.76	3719.82	3719.78	3721.36	3727.72	3727.04	3726.54	3723.50	
3719.32	3721.72	3726.68	3735.42	3725.34	3727.90	3727.84	3727.88	3736.70	3739.20	3739.02	3738.12	3734.82	3734.10	3732.58	3729.52	
3734.56	3735.36	3730.74	3725.04	3724.92	3721.56	3724.84	3730.92	3730.30	3732.86	3734.52	3730.62	3734.42	3734.10	3747.28	3737.30	
3744.42	3748.74	3744.20	3740.70	3743.06	3742.26	3739.68	3733.30	3738.56	3740.32	3726.42	3737.90	3738.98	3739.32	3737.38	3738.08	
3729.34	3715.04	3713.62	3712.52	3710.54	3710.78	3727.64	3743.96	3734.28	3730.72	3725.20	3704.16	3725.28	3739.12	3727.58	3729.98	
3732.14	3725.38	3722.00	3728.04	3720.22	3718.12	3716.80	3711.72	3709.06	3712.70	3720.72	3724.50	3721.18	3724.00	3744.84	3703.76	

*******************************************2025/03/23;18:23:56
Probe number 141
Concentration entered by User 2.04% (Compensated: 2.29% at temperature 23.7)
1144.02	1143.96	1161.92	1173.30	1182.18	1194.16	1209.12	1220.64	1236.62	1247.74	1264.90	1289.04	1303.38	1327.92	1352.52	1382.78	
1407.14	1437.86	1468.98	1505.64	1542.50	1587.94	1630.10	1674.52	1727.98	1783.46	1860.48	1949.52	2047.64	2179.40	2360.46	2595.34	
2972.62	3331.50	3584.72	3695.32	3682.02	3702.80	3693.62	3702.08	3708.48	3710.08	3709.78	3711.74	3718.74	3717.64	3716.44	3713.86	
3709.24	3712.18	3716.88	3726.14	3715.50	3718.68	3718.66	3718.10	3727.64	3730.12	3729.84	3728.80	3725.60	3724.66	3723.18	3719.96	
3725.48	3726.40	3721.42	3715.28	3715.18	3711.98	3715.32	3721.60	3720.64	3723.60	3725.62	3721.40	3725.26	3724.72	3738.88	3728.32	
3735.72	3740.18	3735.50	3731.64	3734.34	3733.42	3730.76	3723.62	3729.38	3731.20	3716.62	3728.72	3730.10	3730.30	3728.22	3729.56	
3719.80	3704.68	3703.64	3701.88	3700.10	3700.30	3717.94	3734.98	3725.16	3721.36	3715.12	3693.50	3715.66	3730.22	3717.82	3720.56	
3722.68	3715.58	3712.16	3718.16	3710.16	3707.84	3706.52	3701.00	3698.72	3702.24	3710.98	3715.04	3711.42	3714.28	3735.92	3692.66	

*******************************************2025/03/23;18:43:57
Probe number 142
Concentration entered by User 2.04% (Compensated: 2.30% at temperature 23.7)
1143.58	1143.72	1161.68	1172.88	1182.02	1194.10	1208.68	1220.54	1236.02	1247.44	1264.32	1288.68	1304.52	1329.08	1351.66	1381.86	
1406.96	1437.80	1467.86	1504.50	1541.40	1585.80	1627.54	1672.96	1727.76	1784.42	1860.06	1949.28	2045.28	2179.18	2356.36	2593.94	
2972.28	3330.40	3578.48	3693.60	3679.74	3701.02	3691.00	3699.60	3705.84	3707.62	3707.54	3708.98	3716.00	3715.02	3714.02	3710.92	
3706.68	3709.38	3714.34	3723.82	3712.86	3716.30	3715.84	3716.26	3725.00	3728.02	3727.64	3727.00	3722.92	3722.44	3721.04	3717.80	
3722.84	3724.10	3718.98	3713.04	3712.82	3709.78	3712.92	3719.62	3718.34	3721.72	3722.90	3719.24	3722.70	3722.88	3736.70	3726.28	
3733.56	3738.16	3733.34	3729.88	3732.28	3731.12	3728.88	3721.48	3727.22	3729.06	3714.40	3726.42	3727.94	3728.36	3725.70	3727.30	
3717.70	3702.14	3701.08	3699.44	3697.56	3697.70	3715.56	3733.20	3723.20	3719.02	3713.04	3691.30	3712.98	3728.02	3715.52	3717.92	
3720.44	3713.26	3709.92	3715.94	3707.46	3705.58	3704.28	3698.76	3696.00	3699.92	3708.88	3712.58	3708.74	3712.02	3733.82	3689.74	

*******************************************2025/03/23;19:03:57
Probe number 143
Concentration entered by User 1.99% (Compensated: 2.24% at temperature 23.7)
1144.90	1144.68	1162.98	1174.38	1183.40	1195.50	1209.58	1222.22	1237.86	1249.38	1266.04	1290.26	1307.08	1330.88	1354.40	1384.06	
1409.48	1440.04	1471.40	1508.22	1545.56	1591.18	1633.10	1678.76	1732.66	1789.46	1862.84	1955.06	2053.40	2185.56	2367.26	2606.22	
2985.30	3348.54	3596.20	3705.24	3692.58	3712.52	3703.68	3712.00	3717.88	3719.74	3719.56	3721.06	3727.48	3726.84	3725.94	3723.00	
3719.16	3721.22	3726.30	3734.82	3725.18	3728.06	3727.94	3727.68	3736.78	3739.36	3738.70	3738.42	3734.24	3733.94	3732.52	3729.66	
3734.36	3735.52	3730.82	3724.76	3724.88	3721.48	3724.70	3731.18	3729.88	3732.78	3734.54	3730.96	3734.46	3734.26	3746.86	3737.56	
3744.14	3748.48	3744.04	3740.36	3742.90	3742.10	3739.50	3733.12	3738.38	3740.28	3726.20	3737.66	3739.30	3739.10	3737.36	3738.24	
3729.30	3714.86	3713.68	3712.06	3710.54	3710.54	3727.36	3743.70	3734.30	3730.84	3725.00	3704.44	3724.92	3739.02	3727.40	3729.70	
3731.96	3725.08	3721.84	3727.96	3720.10	3717.92	3716.52	3711.44	3709.02	3712.90	3720.86	3724.56	3720.96	3724.04	3744.58	3703.16	

*******************************************2025/03/23;19:23:57
Probe number 144
Concentration entered by User 1.99% (Compensated: 2.24% at temperature 23.7)
1144.98	1145.38	1163.40	1174.36	1183.96	1196.28	1210.42	1222.38	1238.20	1249.58	1266.58	1291.10	1307.24	1331.30	1355.18	1385.44	
1410.58	1441.78	1472.40	1508.48	1546.20	1590.92	1634.04	1680.28	1733.24	1789.48	1865.84	1954.36	2055.26	2190.40	2363.20	2608.12	
2982.76	3347.32	3595.48	3705.96	3693.04	3713.02	3704.18	3712.16	3718.42	3719.56	3719.68	3720.72	3727.80	3726.80	3726.14	3723.32	
3719.10	3721.60	3726.12	3735.04	3724.98	3728.10	3727.80	3728.06	3736.98	3739.28	3738.78	3738.16	3734.54	3733.90	3732.82	3729.34	
3734.66	3735.26	3730.68	3724.68	3724.92	3721.90	3724.92	3730.94	3730.18	3732.82	3734.52	3730.74	3734.48	3734.18	3747.18	3737.60	
3744.44	3748.42	3744.32	3740.62	3743.00	3742.00	3739.80	3733.40	3738.56	3740.22	3726.44	3737.78	3739.40	3739.28	3737.18	3738.28	
3729.32	3714.86	3713.52	3712.16	3710.58	3710.70	3727.62	3743.62	3734.40	3730.78	3725.04	3704.10	3725.20	3739.20	3727.24	3729.84	
3732.18	3725.40	3721.94	3727.70	3719.74	3717.98	3716.74	3711.60	3708.84	3712.54	3720.42	3724.28	3721.16	3724.06	3744.86	3703.22	

*******************************************2025/03/23;19:43:57
Probe number 145
Concentration entered by User 2.05% (Compensated: 2.30% at temperature 23.7)
1143.32	1143.90	1161.40	1172.12	1181.98	1193.66	1208.60	1219.86	1235.88	1246.76	1263.66	1287.74	1304.32	1328.14	1352.24	1380.86	
1405.96	1436.92	1467.24	1504.06	1540.14	1585.16	1628.18	1673.50	1728.62	1784.08	1860.32	1949.46	2044.78	2177.82	2353.70	2596.26	
2967.46	3330.44	3578.02	3692.28	3679.44	3700.30	3690.62	3699.66	3705.36	3707.38	3707.22	3708.94	3715.56	3714.78	3713.82	3711.36	
3706.48	3708.98	3714.06	3723.48	3712.88	3716.00	3715.44	3715.80	3725.08	3727.74	3727.68	3726.62	3723.00	3722.12	3720.70	3717.12	
3722.70	3723.76	3719.12	3712.66	3712.74	3709.06	3712.54	3719.16	3717.86	3720.94	3722.84	3718.88	3722.70	3722.36	3736.20	3726.10	
3733.10	3737.96	3733.44	3729.36	3731.86	3731.06	3728.54	3721.04	3727.22	3729.08	3713.96	3726.34	3727.66	3727.64	3725.52	3726.62	
3716.98	3701.98	3700.80	3699.02	3697.22	3697.68	3715.46	3732.74	3722.70	3719.06	3712.82	3690.76	3712.82	3727.90	3715.46	3717.96	
3720.40	3712.84	3709.52	3715.66	3707.70	3705.20	3703.90	3698.56	3695.52	3699.68	3708.24	3712.28	3708.52	3711.74	3733.58	3689.96	

*******************************************2025/03/23;20:03:57
Probe number 146
Concentration entered by User 2.01% (Compensated: 2.26% at temperature 23.7)
1144.42	1144.92	1162.96	1173.58	1183.18	1195.84	1209.64	1221.76	1237.30	1248.68	1265.72	1290.08	1306.66	1330.62	1354.38	1383.68	
1408.64	1439.62	1471.06	1507.58	1544.48	1588.48	1631.96	1677.60	1731.96	1786.54	1865.08	1955.00	2049.52	2187.04	2361.48	2599.98	
2980.66	3341.24	3589.94	3702.88	3690.00	3709.90	3700.78	3709.00	3715.04	3716.80	3716.70	3718.40	3724.84	3724.32	3723.30	3720.70	
3716.28	3718.82	3723.64	3732.56	3722.26	3725.00	3725.10	3725.24	3734.08	3736.36	3736.44	3735.58	3731.82	3731.50	3729.84	3726.68	
3731.74	3733.00	3728.02	3722.32	3722.04	3718.96	3722.30	3728.72	3727.36	3730.32	3732.08	3728.20	3732.04	3731.78	3744.88	3734.82	
3741.78	3746.24	3741.78	3737.86	3740.40	3739.50	3737.06	3730.60	3736.04	3737.74	3723.66	3735.14	3736.70	3736.24	3734.52	3735.84	
3726.68	3712.08	3711.08	3709.40	3707.30	3707.76	3724.78	3741.68	3731.96	3728.10	3722.00	3700.98	3722.50	3736.80	3724.38	3727.18	
3729.42	3722.50	3719.02	3725.08	3717.16	3715.22	3713.98	3708.36	3705.96	3709.56	3717.90	3721.68	3718.58	3721.34	3742.32	3700.52	

*******************************************2025/03/23;20:23:57
Probe number 147
Concentration entered by User 1.99% (Compensated: 2.24% at temperature 23.7)
1144.74	1145.60	1163.36	1174.12	1183.18	1195.80	1210.24	1222.30	1238.06	1249.68	1266.08	1290.84	1308.04	1331.40	1354.58	1384.74	
1409.90	1440.60	1470.98	1507.48	1545.96	1591.06	1632.94	1678.08	1732.16	1789.92	1867.44	1954.26	2056.24	2186.22	2366.04	2606.22	
2984.56	3346.58	3596.02	3705.92	3693.20	3713.14	3703.60	3712.12	3718.04	3720.14	3719.58	3721.30	3727.50	3727.00	3726.22	3723.46	
3719.06	3721.62	3726.14	3735.24	3725.22	3727.84	3728.04	3727.88	3736.76	3739.08	3738.92	3738.18	3734.56	3733.84	3732.76	3729.40	
3734.56	3735.60	3730.86	3725.38	3724.92	3721.86	3724.92	3731.28	3729.96	3732.96	3734.36	3730.88	3734.46	3734.22	3747.28	3737.44	
3744.16	3748.66	3744.34	3740.46	3742.94	3742.16	3739.66	3733.16	3738.36	3740.32	3726.42	3737.88	3739.46	3739.10	3737.18	3738.32	
3729.50	3715.14	3713.82	3712.08	3710.22	3710.80	3727.66	3743.72	3734.42	3730.46	3725.08	3703.98	3725.16	3739.32	3727.22	3729.98	
3732.20	3725.40	3721.78	3727.96	3719.90	3718.14	3716.72	3711.62	3709.16	3712.66	3720.90	3724.98	3721.10	3724.22	3744.84	3703.38	

*******************************************2025/03/23;20:43:57
Probe number 148
Concentration entered by User 2.01% (Compensated: 2.26% at temperature 23.7)
1144.52	1145.22	1163.00	1174.52	1183.24	1195.74	1210.12	1222.26	1237.86	1249.12	1265.52	1290.80	1306.22	1331.18	1354.64	1383.38	
1408.94	1440.26	1470.22	1506.02	1544.78	1589.30	1630.98	1677.34	1731.58	1787.90	1864.50	1954.46	2048.92	2185.92	2362.08	2603.12	
2980.66	3339.68	3588.70	3701.32	3688.16	3708.42	3699.36	3707.74	3713.28	3715.52	3714.70	3716.68	3723.48	3722.38	3721.70	3719.00	
3714.60	3716.84	3721.86	3730.82	3720.62	3723.64	3723.56	3723.34	3732.50	3734.86	3734.86	3734.00	3730.22	3729.54	3728.62	3724.96	
3729.92	3731.12	3726.46	3720.56	3720.48	3717.16	3720.40	3726.74	3725.70	3728.66	3730.24	3726.60	3730.28	3730.28	3743.08	3733.46	
3740.06	3745.02	3740.28	3736.32	3738.66	3737.86	3735.58	3728.70	3734.24	3736.08	3721.88	3733.90	3734.98	3735.18	3732.92	3734.02	
3724.74	3710.42	3709.08	3707.60	3705.44	3706.04	3723.30	3739.78	3729.92	3726.42	3720.46	3699.16	3721.00	3735.00	3723.08	3725.60	
3727.78	3720.58	3717.30	3723.46	3715.50	3713.26	3711.96	3706.72	3704.12	3707.64	3716.10	3720.18	3716.54	3719.54	3740.62	3698.58	

*******************************************2025/03/23;21:03:57
Probe number 149
Concentration entered by User 1.99% (Compensated: 2.24% at temperature 23.7)
1144.46	1145.36	1163.64	1173.86	1183.36	1196.26	1210.24	1222.14	1238.20	1249.92	1266.62	1290.66	1307.30	1331.86	1354.86	1384.24	
1409.74	1440.86	1471.32	1507.86	1545.82	1590.16	1633.14	1679.86	1732.28	1789.78	1867.38	1955.36	2052.48	2189.94	2364.02	2603.44	
2987.74	3348.04	3596.24	3705.96	3693.52	3713.04	3704.46	3712.00	3718.26	3719.98	3719.46	3721.44	3727.76	3727.14	3725.98	3723.30	
3719.24	3721.80	3726.58	3735.06	3725.36	3728.14	3727.84	3727.80	3736.74	3739.06	3738.72	3738.28	3734.44	3734.14	3732.66	3729.52	
3734.42	3735.32	3730.88	3725.18	3725.26	3721.56	3724.90	3731.22	3730.36	3733.04	3734.66	3730.72	3734.22	3734.44	3747.02	3737.56	
3743.88	3748.48	3744.26	3740.68	3742.80	3742.22	3739.64	3733.28	3738.66	3740.08	3726.26	3737.88	3739.16	3739.18	3737.22	3738.14	
3729.50	3714.96	3713.90	3712.42	3710.24	3710.66	3728.00	3744.28	3734.66	3730.70	3725.20	3704.20	3725.24	3739.30	3727.46	3729.58	
3732.18	3725.30	3722.36	3727.98	3720.28	3718.18	3716.86	3711.74	3708.88	3712.74	3720.38	3724.84	3720.96	3724.30	3744.80	3703.52	

*******************************************2025/03/23;21:23:57
Probe number 150
Concentration entered by User 2.01% (Compensated: 2.26% at temperature 23.7)
1144.62	1145.06	1162.82	1173.86	1183.74	1195.76	1209.86	1221.70	1237.12	1248.94	1265.86	1289.90	1306.48	1330.58	1353.80	1383.90	
1409.38	1440.78	1470.18	1506.82	1543.64	1590.06	1632.68	1677.60	1731.64	1789.54	1865.84	1953.58	2050.02	2182.72	2362.46	2604.42	
2983.10	3337.98	3591.82	3702.50	3690.58	3710.12	3701.20	3709.50	3715.66	3717.16	3717.22	3718.60	3725.20	3724.48	3723.72	3720.94	
3716.58	3719.16	3723.54	3732.82	3722.60	3725.58	3725.30	3725.24	3734.54	3736.96	3736.40	3735.94	3732.48	3731.56	3730.10	3727.22	
3732.02	3733.32	3728.40	3722.28	3722.68	3718.86	3722.10	3728.78	3727.52	3730.62	3732.16	3728.58	3732.00	3732.00	3745.14	3735.22	
3742.10	3746.32	3741.94	3738.20	3740.58	3740.10	3737.70	3730.96	3736.34	3737.80	3724.44	3735.76	3736.92	3736.94	3735.02	3735.96	
3726.78	3712.50	3711.28	3709.62	3707.66	3708.04	3725.10	3741.40	3732.16	3728.46	3722.20	3701.72	3722.80	3737.18	3724.88	3727.40	
3729.54	3722.94	3719.58	3725.46	3717.36	3715.40	3714.18	3708.74	3706.28	3710.32	3718.42	3722.02	3718.66	3721.50	3742.74	3700.66	

*******************************************2025/03/23;21:43:57
Probe number 151
Concentration entered by User 2.00% (Compensated: 2.25% at temperature 23.7)
1145.12	1145.12	1163.18	1173.74	1183.08	1195.80	1210.36	1221.82	1237.36	1249.50	1265.90	1289.78	1306.88	1330.94	1354.76	1385.46	
1410.14	1440.30	1471.46	1507.64	1546.10	1590.56	1632.12	1679.00	1731.52	1789.08	1866.70	1954.90	2053.96	2186.38	2364.14	2605.32	
2983.68	3344.50	3594.58	3705.98	3693.02	3712.66	3703.92	3712.26	3718.60	3720.18	3719.80	3721.28	3727.84	3726.86	3726.28	3723.34	
3719.18	3721.64	3726.38	3735.28	3725.48	3728.20	3727.76	3727.90	3736.82	3739.46	3738.96	3738.32	3734.90	3734.10	3732.74	3729.36	
3734.54	3735.64	3731.08	3725.30	3725.06	3721.64	3725.32	3731.62	3730.24	3733.20	3734.74	3731.12	3734.90	3734.48	3747.38	3737.92	
3744.52	3748.96	3744.50	3740.74	3743.14	3742.22	3739.92	3733.30	3738.96	3740.58	3726.58	3737.90	3739.26	3739.32	3737.70	3738.54	
3729.42	3715.00	3713.92	3712.50	3710.60	3711.04	3727.98	3743.88	3734.60	3730.66	3725.30	3704.66	3725.56	3739.72	3727.76	3730.20	
3732.60	3725.50	3722.40	3728.06	3720.22	3718.06	3717.18	3711.64	3709.56	3712.88	3720.94	3724.58	3721.62	3724.08	3745.02	3703.86	

*******************************************2025/03/23;22:03:57
Probe number 152
Concentration entered by User 2.01% (Compensated: 2.26% at temperature 23.7)
1144.50	1145.06	1163.18	1173.74	1183.18	1195.78	1209.72	1222.22	1237.88	1249.54	1266.24	1289.38	1306.48	1330.36	1353.32	1384.78	
1409.16	1439.84	1469.92	1506.90	1543.66	1587.94	1632.48	1678.74	1731.08	1787.68	1864.50	1954.42	2049.50	2184.96	2362.92	2602.38	
2978.16	3342.54	3592.14	3702.92	3690.62	3710.20	3701.48	3709.42	3715.40	3717.38	3716.90	3718.84	3725.06	3724.60	3723.62	3721.08	
3716.64	3719.06	3724.20	3732.90	3722.66	3725.40	3725.44	3725.64	3734.48	3737.14	3736.58	3735.80	3732.34	3731.90	3730.40	3727.02	
3732.50	3733.30	3728.66	3722.80	3722.34	3719.16	3722.44	3728.96	3727.88	3730.58	3732.28	3728.60	3732.14	3732.16	3744.92	3735.50	
3742.10	3746.66	3742.12	3738.52	3740.68	3740.08	3737.80	3731.18	3736.24	3738.00	3724.14	3735.42	3737.26	3737.00	3735.32	3735.92	
3727.08	3712.66	3711.38	3709.60	3707.64	3708.16	3725.54	3741.54	3732.38	3728.58	3722.54	3701.66	3723.02	3737.22	3725.16	3727.54	
3730.18	3722.76	3719.54	3725.66	3717.90	3715.44	3714.36	3708.92	3706.34	3710.04	3718.40	3722.26	3718.62	3721.58	3742.92	3700.66	

*******************************************2025/03/23;22:23:57
Probe number 153
Concentration entered by User 2.01% (Compensated: 2.26% at temperature 23.6)
1144.76	1144.70	1163.12	1174.12	1183.16	1195.74	1210.00	1221.48	1237.82	1248.80	1265.78	1289.88	1306.10	1330.18	1353.68	1383.60	
1409.46	1440.18	1470.90	1506.78	1544.68	1590.22	1633.96	1678.46	1731.12	1786.62	1864.72	1954.74	2050.04	2186.18	2360.62	2601.96	
2977.70	3341.88	3591.38	3703.34	3690.70	3710.06	3700.90	3709.56	3715.50	3717.30	3716.94	3718.92	3725.16	3724.62	3723.64	3721.20	
3716.60	3718.92	3723.78	3732.94	3722.58	3725.54	3725.80	3725.30	3734.72	3736.76	3736.40	3735.86	3732.20	3731.66	3730.52	3727.30	
3732.36	3733.30	3728.50	3722.56	3722.78	3718.90	3722.12	3728.96	3727.82	3730.56	3732.20	3728.62	3732.04	3731.92	3745.04	3735.04	
3742.14	3746.40	3742.16	3738.66	3740.88	3740.12	3737.48	3731.08	3736.28	3738.18	3723.94	3735.76	3736.92	3736.82	3735.12	3736.26	
3726.84	3712.22	3711.26	3709.80	3707.72	3708.08	3725.22	3741.74	3732.10	3728.40	3722.50	3701.88	3722.36	3736.90	3725.26	3727.42	
3729.78	3722.92	3719.42	3725.92	3717.38	3715.52	3714.06	3709.02	3706.58	3710.08	3718.30	3722.34	3718.64	3721.80	3742.48	3700.68	

*******************************************2025/03/23;22:43:57
Probe number 154
Concentration entered by User 2.04% (Compensated: 2.29% at temperature 23.6)
1143.84	1144.08	1162.32	1173.34	1182.58	1194.64	1208.94	1221.02	1236.12	1248.04	1264.24	1288.62	1304.54	1328.72	1352.58	1381.96	
1407.64	1438.60	1468.34	1504.40	1541.62	1587.38	1629.76	1675.30	1728.60	1785.24	1860.38	1948.20	2048.06	2182.98	2354.92	2592.48	
2969.66	3329.40	3584.90	3695.30	3682.52	3702.42	3693.28	3702.30	3707.96	3709.86	3709.94	3711.86	3718.62	3717.78	3716.74	3713.66	
3709.52	3712.00	3717.04	3726.24	3715.80	3718.64	3718.46	3718.64	3727.80	3730.14	3730.24	3729.40	3725.74	3725.32	3723.64	3720.38	
3725.72	3726.52	3721.58	3715.96	3715.50	3712.10	3715.60	3722.52	3721.18	3723.94	3725.56	3721.62	3725.38	3725.38	3739.08	3728.68	
3735.70	3740.44	3735.94	3732.00	3734.34	3733.52	3731.38	3724.20	3729.66	3731.58	3717.22	3729.18	3730.70	3730.54	3728.40	3729.40	
3720.04	3704.80	3704.22	3702.48	3700.60	3700.68	3718.60	3735.46	3725.84	3721.64	3715.88	3694.04	3716.00	3730.54	3717.96	3720.86	
3723.10	3715.90	3712.62	3718.34	3710.78	3708.38	3707.24	3701.64	3698.92	3702.78	3711.48	3715.28	3711.64	3714.62	3736.46	3693.10	

*******************************************2025/03/23;23:03:57
Probe number 155
Concentration entered by User 2.01% (Compensated: 2.26% at temperature 23.6)
1145.06	1145.34	1163.14	1174.28	1183.12	1195.98	1210.38	1221.90	1237.30	1249.04	1266.56	1290.36	1306.18	1330.44	1354.46	1383.94	
1409.16	1441.16	1471.26	1507.42	1544.08	1590.46	1632.82	1677.84	1732.40	1788.82	1865.32	1954.68	2051.76	2186.04	2361.72	2601.08	
2982.16	3338.64	3591.84	3702.74	3690.90	3710.56	3701.76	3710.02	3715.90	3717.52	3717.38	3719.22	3725.48	3724.70	3723.80	3721.22	
3716.94	3719.56	3724.36	3733.00	3722.84	3726.26	3725.88	3725.80	3734.66	3737.28	3736.78	3736.24	3732.66	3732.10	3730.54	3727.58	
3732.40	3733.52	3728.90	3723.02	3722.84	3719.66	3722.92	3729.28	3728.00	3730.88	3732.72	3728.92	3732.54	3732.34	3745.34	3735.80	
3742.12	3746.84	3742.26	3738.86	3741.04	3740.42	3738.14	3731.50	3736.74	3738.38	3724.50	3735.94	3737.22	3737.20	3735.28	3736.24	
3727.18	3712.66	3711.72	3710.38	3708.28	3708.38	3725.30	3741.72	3732.50	3728.76	3722.90	3702.06	3723.22	3737.40	3725.44	3727.92	
3730.18	3723.38	3719.84	3725.76	3717.80	3715.86	3714.62	3709.52	3706.96	3710.42	3718.60	3722.38	3718.92	3721.90	3742.96	3701.36	

*******************************************2025/03/23;23:23:57
Probe number 156
Concentration entered by User 2.01% (Compensated: 2.25% at temperature 23.6)
1144.58	1145.06	1163.88	1174.58	1183.60	1196.02	1210.10	1222.24	1238.36	1249.54	1267.12	1290.14	1306.10	1330.70	1354.76	1384.20	
1410.34	1440.76	1470.28	1508.04	1543.86	1590.64	1633.60	1678.58	1732.34	1787.08	1864.26	1954.88	2052.08	2186.78	2362.18	2599.42	
2981.42	3341.42	3592.50	3703.48	3691.62	3710.84	3701.62	3710.18	3716.22	3717.62	3717.58	3718.94	3725.94	3724.98	3724.40	3721.54	
3717.06	3719.84	3724.34	3733.30	3723.26	3726.24	3726.16	3725.88	3734.98	3737.32	3736.74	3736.46	3732.92	3732.20	3730.92	3727.68	
3732.56	3733.64	3729.18	3723.22	3723.06	3719.86	3723.14	3729.30	3728.32	3730.98	3732.74	3728.84	3732.76	3732.60	3745.64	3735.74	
3742.80	3747.14	3742.74	3738.88	3740.96	3740.26	3738.24	3731.44	3736.82	3738.88	3724.74	3736.08	3737.76	3737.12	3735.52	3737.04	
3727.46	3713.08	3711.80	3710.26	3708.66	3708.42	3725.92	3742.14	3732.86	3728.86	3723.50	3702.84	3723.24	3737.56	3725.38	3728.30	
3730.04	3723.14	3719.84	3726.16	3718.18	3716.04	3714.82	3709.62	3706.80	3710.60	3719.00	3722.66	3719.28	3722.24	3743.10	3701.08	

*******************************************2025/03/23;23:43:57
Probe number 157
Concentration entered by User 2.03% (Compensated: 2.27% at temperature 23.6)
1144.24	1144.80	1162.84	1174.00	1183.08	1194.86	1209.42	1221.30	1237.10	1249.06	1265.08	1289.48	1305.36	1328.86	1353.48	1383.30	
1408.58	1439.14	1469.18	1505.98	1543.02	1588.28	1630.84	1676.50	1729.88	1784.28	1863.12	1949.92	2048.54	2180.16	2357.82	2595.96	
2973.48	3336.48	3586.66	3699.76	3686.40	3706.74	3697.24	3705.68	3712.10	3713.38	3713.18	3714.94	3721.80	3720.70	3719.88	3717.34	
3712.90	3715.60	3720.20	3729.26	3718.88	3722.36	3721.52	3721.82	3731.14	3733.44	3733.18	3732.44	3728.80	3728.32	3727.18	3723.46	
3728.96	3729.88	3724.98	3718.98	3719.10	3715.88	3718.74	3725.26	3724.34	3727.28	3728.70	3725.10	3729.12	3728.54	3741.62	3732.14	
3738.80	3743.46	3738.70	3734.98	3737.54	3736.64	3734.24	3727.38	3733.32	3734.48	3720.58	3732.28	3733.66	3733.66	3731.76	3732.60	
3723.32	3708.16	3707.64	3706.18	3704.02	3704.12	3722.00	3738.42	3728.94	3724.86	3718.94	3697.56	3719.44	3733.64	3721.22	3723.92	
3726.26	3719.30	3715.68	3721.88	3713.96	3711.62	3710.56	3705.24	3702.36	3706.26	3715.02	3718.34	3714.96	3717.76	3739.60	3696.74	

