*******************************************2025/03/28;00:09:07
Probe number 96
Concentration entered by User 1.85% (Compensated: 2.14% at temperature 24.2)
1257.30	1256.46	1283.22	1297.14	1310.34	1325.26	1343.86	1360.00	1380.34	1396.16	1416.80	1444.76	1465.80	1493.48	1521.32	1555.48	
1584.78	1620.14	1652.12	1688.48	1725.88	1771.84	1813.86	1863.24	1921.32	1975.96	2048.42	2128.96	2230.66	2354.98	2527.18	2745.68	
3083.30	3378.46	3579.44	3668.02	3664.90	3685.26	3684.00	3686.52	3687.60	3684.68	3672.80	3677.52	3686.00	3685.94	3692.98	3697.78	
3698.12	3694.68	3695.14	3708.78	3701.66	3704.58	3707.52	3707.66	3716.02	3724.20	3729.76	3731.18	3728.74	3725.36	3722.38	3720.56	
3728.24	3729.58	3727.52	3718.94	3718.26	3717.38	3722.80	3731.92	3731.08	3731.80	3733.32	3728.60	3730.20	3729.44	3739.68	3738.38	
3741.68	3744.44	3736.30	3726.64	3732.00	3732.24	3732.02	3725.08	3730.74	3731.78	3717.60	3731.62	3736.92	3739.44	3734.72	3734.18	
3724.98	3712.24	3712.64	3712.42	3710.06	3709.20	3723.74	3741.20	3732.46	3730.02	3723.04	3704.06	3725.18	3739.14	3725.40	3724.56	
3727.82	3722.68	3722.88	3728.30	3718.74	3713.76	3712.38	3708.76	3708.10	3712.36	3719.18	3723.72	3719.52	3723.22	3745.36	3703.42	

*******************************************2025/03/28;00:29:07
Probe number 97
Concentration entered by User 1.85% (Compensated: 2.12% at temperature 24.1)
1257.52	1256.42	1283.04	1296.46	1310.28	1325.50	1344.20	1359.64	1379.74	1396.50	1416.96	1445.40	1465.08	1491.70	1520.94	1553.90	
1583.28	1618.08	1650.12	1687.74	1724.14	1769.54	1814.32	1862.48	1919.70	1972.98	2041.58	2122.88	2223.64	2354.32	2523.72	2759.12	
3079.84	3374.40	3585.32	3668.46	3665.84	3685.16	3683.42	3686.08	3686.84	3683.62	3671.64	3676.16	3684.38	3684.56	3691.30	3696.60	
3696.64	3693.84	3694.06	3707.76	3700.70	3703.76	3706.46	3707.18	3715.18	3723.98	3728.94	3730.64	3728.34	3725.04	3722.06	3720.46	
3727.96	3729.14	3727.54	3719.02	3717.96	3717.12	3722.90	3731.96	3731.06	3731.94	3733.36	3728.28	3730.24	3729.46	3739.76	3738.12	
3741.66	3744.76	3736.62	3726.70	3732.08	3731.92	3732.08	3725.36	3730.58	3732.12	3717.56	3731.50	3736.78	3739.28	3734.34	3734.00	
3724.76	3712.40	3712.74	3712.72	3710.36	3709.40	3723.96	3740.74	3732.62	3729.66	3723.08	3703.98	3725.62	3739.38	3725.48	3724.42	
3727.52	3722.72	3722.72	3728.46	3718.62	3713.78	3712.32	3708.66	3708.56	3712.26	3719.42	3723.56	3719.52	3723.26	3745.02	3703.22	

*******************************************2025/03/28;00:49:07
Probe number 98
Concentration entered by User 1.86% (Compensated: 2.12% at temperature 23.9)
1260.34	1259.24	1286.38	1300.04	1313.86	1329.60	1348.24	1363.18	1382.74	1399.78	1420.64	1449.00	1469.50	1496.42	1524.66	1560.02	
1588.72	1622.26	1654.76	1690.88	1730.76	1774.06	1816.72	1865.66	1920.76	1981.30	2045.70	2127.02	2220.20	2355.82	2514.68	2757.80	
3080.90	3372.10	3579.90	3668.48	3665.16	3684.16	3682.30	3685.50	3685.90	3683.08	3671.32	3675.92	3684.20	3684.84	3691.46	3696.50	
3697.12	3694.26	3693.38	3707.62	3700.78	3703.84	3706.60	3707.46	3715.60	3724.16	3728.94	3731.04	3728.16	3725.12	3721.92	3720.64	
3727.94	3729.34	3727.66	3718.94	3717.94	3717.00	3722.60	3731.94	3730.68	3731.78	3733.32	3728.08	3730.12	3729.34	3739.34	3737.94	
3741.54	3744.60	3735.94	3726.32	3731.60	3732.24	3731.74	3725.44	3730.52	3731.84	3717.36	3731.26	3736.32	3739.24	3734.36	3733.86	
3725.04	3712.10	3712.58	3712.14	3709.82	3709.14	3724.32	3741.06	3732.22	3729.74	3722.76	3704.02	3725.30	3739.20	3724.94	3724.62	
3727.68	3722.54	3722.44	3728.20	3718.46	3713.78	3712.38	3708.82	3707.94	3712.04	3718.86	3723.26	3719.28	3723.08	3745.02	3703.04	

*******************************************2025/03/28;01:09:07
Probe number 99
Concentration entered by User 1.88% (Compensated: 2.14% at temperature 23.8)
1261.82	1260.36	1287.38	1300.80	1314.40	1330.02	1348.76	1364.46	1384.62	1401.54	1422.62	1451.18	1470.78	1498.26	1526.50	1561.18	
1590.44	1624.36	1658.24	1694.88	1733.34	1779.46	1820.06	1869.56	1928.32	1988.90	2052.66	2128.88	2227.04	2363.04	2533.02	2756.18	
3060.54	3375.70	3574.82	3671.92	3667.40	3685.24	3684.58	3687.60	3688.48	3685.66	3674.30	3678.60	3686.96	3687.10	3693.78	3699.16	
3699.32	3697.04	3696.00	3710.00	3702.76	3706.52	3709.28	3710.08	3718.04	3726.24	3731.44	3732.64	3730.82	3727.74	3724.58	3723.00	
3730.32	3731.30	3729.72	3721.30	3720.32	3719.38	3725.04	3733.88	3733.06	3733.62	3735.52	3729.86	3732.56	3731.86	3741.36	3739.82	
3743.58	3746.52	3738.42	3728.76	3733.64	3734.34	3734.02	3727.60	3732.60	3734.20	3719.40	3733.60	3738.64	3741.12	3736.64	3735.62	
3727.10	3714.42	3714.52	3714.74	3712.62	3711.40	3726.50	3742.76	3734.64	3732.22	3724.88	3706.54	3727.96	3741.24	3726.96	3726.82	
3730.08	3724.78	3724.96	3730.78	3720.48	3715.80	3714.76	3710.90	3710.54	3714.42	3721.08	3725.76	3721.72	3725.54	3746.92	3705.54	

*******************************************2025/03/28;01:29:07
Probe number 100
Concentration entered by User 1.89% (Compensated: 2.14% at temperature 23.7)
1261.10	1260.24	1287.12	1300.58	1314.48	1329.90	1349.22	1364.38	1384.24	1401.58	1423.50	1451.16	1472.04	1498.86	1527.40	1560.84	
1591.08	1626.06	1659.64	1695.18	1732.46	1780.40	1824.40	1871.48	1929.64	1985.48	2052.90	2136.56	2227.26	2361.94	2537.74	2748.56	
3062.80	3371.70	3572.10	3674.08	3666.98	3685.86	3684.80	3687.80	3688.62	3686.62	3675.30	3679.34	3687.54	3687.60	3694.10	3699.22	
3699.24	3696.20	3695.94	3709.50	3702.52	3705.84	3709.50	3709.22	3717.20	3725.50	3730.54	3732.62	3730.20	3727.06	3724.34	3722.48	
3729.84	3730.84	3728.68	3721.06	3720.24	3719.34	3724.32	3733.40	3732.32	3733.28	3735.12	3729.62	3731.74	3731.08	3740.92	3739.52	
3743.06	3746.30	3737.86	3728.12	3733.02	3733.70	3733.22	3726.96	3731.94	3733.44	3718.88	3732.82	3738.14	3740.66	3736.10	3735.26	
3726.64	3714.08	3714.10	3714.12	3711.92	3710.74	3725.54	3742.64	3734.24	3731.40	3724.56	3705.80	3727.14	3740.54	3726.96	3726.20	
3729.16	3724.12	3723.96	3729.70	3720.32	3715.26	3714.04	3710.50	3709.80	3713.66	3720.56	3724.74	3721.10	3724.62	3746.32	3705.18	

*******************************************2025/03/28;01:49:07
Probe number 101
Concentration entered by User 1.91% (Compensated: 2.15% at temperature 23.6)
1259.90	1258.84	1286.36	1299.76	1313.68	1328.90	1348.08	1363.16	1383.90	1400.42	1421.62	1449.30	1470.02	1497.02	1526.44	1559.80	
1591.14	1624.60	1658.86	1694.08	1729.98	1778.02	1821.00	1868.68	1925.46	1982.12	2048.68	2132.20	2214.68	2347.84	2526.46	2751.76	
3061.66	3354.40	3578.26	3667.94	3662.16	3681.36	3679.92	3683.02	3683.20	3681.06	3669.84	3673.94	3681.50	3682.00	3688.40	3693.32	
3693.70	3690.42	3689.66	3704.10	3696.96	3700.70	3703.78	3703.76	3712.16	3720.28	3725.64	3727.54	3725.54	3722.52	3719.56	3717.92	
3724.86	3725.94	3723.94	3715.84	3714.94	3714.32	3719.48	3728.68	3727.36	3728.22	3729.80	3724.70	3726.88	3726.22	3736.36	3734.82	
3738.08	3741.58	3733.22	3722.68	3728.02	3729.02	3728.88	3721.78	3727.46	3728.84	3713.40	3728.12	3733.28	3735.86	3731.44	3730.68	
3721.28	3708.36	3708.84	3708.36	3706.48	3705.30	3720.84	3738.12	3729.44	3726.66	3719.12	3700.16	3722.26	3736.34	3721.92	3721.34	
3724.22	3718.58	3718.38	3725.04	3714.54	3710.16	3708.64	3705.02	3704.26	3708.04	3715.42	3719.66	3715.84	3719.48	3741.86	3699.32	

*******************************************2025/03/28;02:09:07
Probe number 102
Concentration entered by User 1.90% (Compensated: 2.14% at temperature 23.5)
1261.20	1259.92	1286.98	1300.40	1314.18	1329.78	1348.32	1363.88	1383.98	1401.10	1422.40	1449.84	1470.58	1497.96	1525.62	1560.24	
1590.20	1624.84	1658.78	1694.90	1729.06	1777.58	1822.46	1867.66	1931.66	1985.86	2053.64	2127.34	2217.76	2351.84	2522.48	2734.48	
3072.82	3362.20	3568.90	3670.08	3666.02	3683.60	3682.30	3684.64	3685.90	3683.22	3671.84	3675.74	3684.46	3684.06	3690.48	3695.12	
3695.14	3691.76	3691.52	3705.94	3698.26	3702.30	3705.40	3705.34	3713.64	3721.82	3727.38	3729.28	3727.42	3724.44	3721.04	3719.80	
3726.82	3727.42	3725.62	3717.40	3716.86	3716.24	3721.50	3730.14	3728.88	3730.06	3731.78	3726.16	3728.76	3727.82	3738.18	3736.58	
3739.78	3743.48	3735.12	3724.90	3730.38	3730.80	3730.64	3723.96	3728.86	3730.30	3715.36	3729.86	3735.10	3737.82	3733.46	3732.62	
3723.20	3710.66	3711.20	3710.62	3708.70	3707.44	3722.74	3739.60	3731.82	3728.42	3721.56	3702.58	3724.24	3738.44	3723.66	3723.60	
3725.96	3721.08	3721.00	3726.44	3716.96	3711.96	3710.42	3707.08	3706.30	3710.28	3717.08	3721.50	3718.06	3721.64	3743.36	3701.76	

*******************************************2025/03/28;02:29:07
Probe number 103
Concentration entered by User 1.93% (Compensated: 2.16% at temperature 23.4)
1259.66	1258.60	1286.00	1299.22	1312.54	1328.64	1347.62	1362.68	1382.94	1398.88	1420.40	1448.78	1469.74	1497.28	1525.92	1558.80	
1588.08	1622.96	1656.96	1693.58	1729.78	1774.80	1818.82	1864.72	1925.62	1986.00	2048.78	2120.48	2218.60	2354.50	2512.50	2742.22	
3073.86	3349.34	3563.34	3664.20	3663.48	3682.02	3680.26	3683.34	3684.24	3681.58	3670.18	3674.52	3683.10	3682.92	3689.26	3694.16	
3693.74	3690.54	3690.14	3704.54	3697.36	3701.42	3704.38	3704.88	3713.02	3721.28	3726.58	3728.56	3726.64	3723.92	3721.24	3719.18	
3726.02	3727.10	3724.86	3716.82	3716.24	3715.96	3720.40	3729.44	3728.34	3729.56	3731.00	3725.46	3727.96	3727.52	3737.74	3736.08	
3739.22	3743.32	3734.72	3724.60	3729.26	3730.70	3729.96	3723.46	3728.68	3730.08	3714.84	3729.56	3734.88	3737.36	3732.64	3731.90	
3722.74	3710.34	3710.58	3710.06	3708.48	3706.94	3722.54	3739.32	3730.88	3728.22	3721.20	3701.98	3723.76	3737.44	3723.16	3722.84	
3725.40	3720.30	3720.48	3726.34	3716.20	3711.30	3710.18	3706.28	3705.72	3709.44	3716.74	3720.96	3717.04	3721.22	3743.10	3700.84	

*******************************************2025/03/28;02:49:07
Probe number 104
Concentration entered by User 1.93% (Compensated: 2.15% at temperature 23.3)
1259.00	1258.08	1284.86	1298.00	1312.08	1327.02	1346.20	1360.94	1382.00	1398.82	1420.54	1448.56	1469.92	1496.64	1526.10	1559.02	
1587.60	1623.60	1656.76	1693.52	1732.58	1777.68	1818.32	1869.34	1924.60	1981.52	2049.84	2121.30	2217.80	2339.52	2523.70	2754.10	
3058.50	3349.80	3570.42	3666.98	3665.88	3684.58	3683.58	3685.70	3686.18	3684.58	3673.34	3677.72	3685.50	3686.38	3692.44	3696.70	
3696.68	3693.36	3692.92	3707.06	3699.94	3704.28	3707.34	3707.58	3715.66	3723.54	3728.36	3730.62	3728.70	3725.56	3723.10	3720.90	
3727.88	3728.70	3726.72	3718.46	3718.10	3717.56	3722.60	3731.00	3729.54	3730.80	3732.56	3726.80	3729.52	3728.74	3739.06	3737.40	
3740.62	3744.32	3735.86	3725.68	3730.84	3731.86	3731.44	3725.04	3729.78	3731.26	3716.64	3730.72	3736.28	3738.58	3733.96	3733.24	
3724.12	3711.54	3712.14	3711.70	3710.20	3708.98	3723.92	3741.00	3732.58	3729.42	3722.62	3703.62	3725.40	3738.90	3724.74	3724.42	
3727.08	3721.90	3721.72	3727.48	3717.74	3712.80	3711.64	3708.04	3707.48	3711.20	3717.94	3722.52	3718.88	3722.36	3744.16	3702.72	

*******************************************2025/03/28;03:09:08
Probe number 105
Concentration entered by User 1.89% (Compensated: 2.10% at temperature 23.2)
1259.42	1258.08	1285.42	1299.00	1312.20	1327.32	1346.64	1362.22	1382.20	1399.16	1420.24	1449.36	1469.58	1496.90	1524.64	1560.12	
1589.46	1623.96	1656.50	1693.76	1730.62	1776.00	1820.16	1869.84	1925.44	1981.78	2054.62	2135.32	2219.48	2355.24	2510.56	2748.16	
3068.48	3363.98	3575.70	3675.02	3675.32	3692.68	3691.56	3693.68	3694.16	3692.16	3681.38	3685.18	3693.10	3693.14	3698.12	3702.86	
3702.34	3698.82	3698.52	3712.60	3705.70	3709.56	3712.60	3712.80	3720.64	3728.30	3733.38	3735.06	3733.44	3730.84	3728.24	3726.66	
3733.10	3733.44	3731.32	3724.08	3723.64	3723.38	3727.92	3735.90	3734.94	3735.78	3737.46	3732.08	3734.90	3733.90	3744.02	3742.36	
3745.64	3748.86	3741.16	3731.32	3736.08	3737.30	3736.74	3730.58	3735.28	3736.68	3722.06	3735.68	3741.50	3743.46	3739.44	3738.78	
3729.74	3717.58	3717.62	3717.22	3715.94	3714.62	3729.38	3745.74	3737.92	3734.68	3727.82	3709.30	3730.78	3744.10	3730.02	3729.82	
3732.00	3727.66	3727.16	3732.76	3723.52	3718.30	3717.22	3714.02	3713.32	3716.94	3723.76	3727.96	3724.56	3728.18	3749.22	3708.74	

*******************************************2025/03/28;03:29:08
Probe number 106
Concentration entered by User 1.90% (Compensated: 2.11% at temperature 23.1)
1259.58	1258.62	1285.64	1298.62	1312.24	1327.82	1346.86	1362.26	1382.32	1398.64	1419.72	1448.00	1469.14	1495.62	1524.80	1559.10	
1587.78	1624.16	1656.24	1693.56	1729.96	1774.24	1817.26	1865.34	1923.68	1985.42	2043.92	2119.74	2215.82	2340.62	2521.10	2755.68	
3060.52	3360.36	3573.44	3676.14	3674.00	3690.82	3689.06	3691.58	3691.74	3689.76	3678.50	3683.18	3691.26	3691.22	3696.96	3701.72	
3700.50	3697.60	3697.00	3711.52	3704.34	3708.56	3711.56	3711.80	3719.66	3727.42	3732.28	3734.36	3732.70	3730.30	3727.72	3725.68	
3731.96	3732.94	3730.56	3722.86	3723.06	3722.46	3727.28	3735.50	3734.22	3734.98	3736.84	3731.46	3734.36	3733.82	3743.30	3741.82	
3744.80	3748.50	3740.54	3730.66	3735.22	3736.72	3736.26	3729.64	3734.84	3736.30	3721.54	3735.22	3740.44	3742.82	3738.80	3737.90	
3728.62	3716.92	3716.72	3716.44	3714.96	3713.64	3728.62	3745.36	3737.24	3734.44	3727.44	3708.80	3730.12	3743.46	3729.38	3729.28	
3731.28	3726.84	3726.52	3731.64	3722.80	3717.64	3716.32	3713.22	3712.80	3715.96	3723.08	3727.10	3724.00	3727.34	3748.48	3708.36	

*******************************************2025/03/28;03:49:08
Probe number 107
Concentration entered by User 1.90% (Compensated: 2.10% at temperature 23.0)
1259.80	1258.04	1285.46	1298.42	1312.30	1327.68	1346.98	1362.20	1382.20	1399.32	1420.78	1449.34	1469.10	1496.84	1524.96	1559.78	
1587.92	1623.76	1655.18	1693.80	1729.72	1773.98	1820.68	1870.44	1924.48	1982.86	2049.76	2126.66	2228.42	2352.50	2511.42	2737.72	
3064.38	3363.32	3575.70	3677.30	3677.96	3694.30	3692.74	3695.12	3695.76	3693.48	3682.94	3686.94	3694.92	3695.14	3700.54	3704.26	
3703.10	3700.52	3699.62	3713.38	3706.80	3710.66	3714.06	3713.98	3721.60	3729.14	3734.00	3735.86	3734.06	3732.30	3728.98	3727.18	
3733.66	3734.28	3731.94	3724.32	3725.00	3724.22	3728.60	3736.46	3735.28	3736.30	3738.06	3732.54	3735.82	3734.94	3744.82	3742.94	
3745.96	3749.44	3742.46	3732.32	3736.90	3738.12	3737.78	3731.16	3736.02	3737.16	3723.08	3736.68	3742.00	3744.20	3739.98	3739.42	
3730.34	3718.26	3718.52	3717.88	3716.46	3715.24	3730.00	3746.46	3738.32	3735.44	3729.12	3710.18	3731.28	3744.48	3731.06	3730.60	
3732.70	3728.10	3727.86	3733.48	3723.90	3719.08	3717.92	3714.46	3713.66	3717.92	3724.30	3728.70	3725.02	3728.50	3749.78	3709.34	

*******************************************2025/03/28;04:00:03
Probe number 108
Concentration entered by User 1.88% (Compensated: 2.08% at temperature 22.9)
1259.28	1258.28	1285.36	1298.58	1311.62	1326.78	1346.12	1362.26	1382.40	1398.82	1420.34	1448.18	1469.36	1496.92	1525.36	1560.68	
1589.12	1623.30	1654.32	1693.42	1729.36	1777.26	1821.56	1866.40	1921.86	1983.00	2054.62	2127.22	2214.32	2351.90	2523.30	2756.64	
3067.10	3364.30	3576.12	3680.96	3680.04	3696.02	3695.00	3697.28	3697.52	3695.56	3685.08	3688.90	3696.34	3696.30	3701.96	3705.78	
3705.04	3701.62	3700.72	3714.90	3708.24	3712.50	3715.14	3715.40	3722.84	3730.32	3734.84	3736.98	3735.46	3733.04	3730.68	3728.60	
3734.76	3735.06	3733.20	3725.60	3725.90	3725.14	3729.70	3737.54	3736.12	3737.14	3739.12	3733.74	3736.70	3735.96	3745.80	3744.00	
3746.98	3750.48	3742.78	3733.06	3738.00	3739.06	3738.38	3732.02	3736.96	3738.28	3723.98	3737.48	3743.12	3744.84	3740.88	3740.40	
3731.38	3718.86	3719.68	3718.82	3717.76	3716.18	3731.16	3747.28	3739.60	3736.18	3729.84	3711.48	3732.60	3745.68	3732.04	3731.68	
3733.76	3729.12	3729.18	3734.34	3725.10	3720.26	3719.12	3715.62	3714.88	3718.30	3725.40	3729.56	3726.06	3729.70	3750.50	3710.22	

*******************************************2025/03/28;04:09:08
Probe number 109
Concentration entered by User 1.92% (Compensated: 2.11% at temperature 22.9)
1258.76	1257.86	1284.34	1298.22	1311.32	1327.00	1346.26	1362.12	1382.02	1398.66	1419.96	1448.54	1468.42	1495.88	1523.84	1558.66	
1587.26	1622.66	1654.46	1691.86	1730.64	1775.40	1817.32	1870.82	1924.96	1983.68	2048.20	2127.12	2221.38	2341.56	2506.70	2758.78	
3050.20	3356.30	3570.74	3679.98	3676.28	3694.02	3692.14	3694.50	3695.18	3693.06	3682.52	3685.92	3694.40	3694.80	3699.70	3703.58	
3702.72	3699.14	3698.20	3712.42	3705.26	3710.38	3713.10	3713.46	3721.08	3728.54	3733.08	3734.80	3733.30	3731.00	3728.74	3726.58	
3733.16	3733.12	3730.96	3723.14	3723.56	3723.16	3727.98	3735.92	3734.08	3735.06	3736.90	3731.56	3734.42	3733.76	3744.00	3742.30	
3744.86	3748.80	3741.00	3731.34	3736.00	3737.10	3736.70	3730.14	3735.26	3736.24	3722.06	3735.32	3740.90	3743.02	3739.04	3738.26	
3729.52	3717.12	3717.46	3716.72	3716.02	3714.10	3729.20	3746.00	3737.62	3734.22	3728.08	3709.12	3730.34	3743.92	3729.80	3729.94	
3731.78	3727.50	3726.78	3732.42	3722.70	3718.10	3717.14	3713.70	3712.74	3715.98	3723.44	3727.50	3723.90	3727.44	3748.92	3708.28	

*******************************************2025/03/28;04:29:08
Probe number 110
Concentration entered by User 1.91% (Compensated: 2.10% at temperature 22.8)
1258.68	1257.40	1284.56	1297.60	1310.96	1326.44	1345.48	1361.10	1381.08	1398.06	1419.34	1448.46	1468.06	1495.60	1524.00	1558.56	
1587.72	1622.60	1654.58	1691.14	1730.16	1776.74	1818.96	1869.28	1923.36	1979.84	2046.68	2127.26	2217.72	2341.12	2512.88	2744.92	
3061.10	3356.84	3573.22	3675.60	3675.76	3692.84	3691.12	3693.68	3694.22	3692.32	3681.90	3685.44	3693.64	3693.88	3698.86	3702.62	
3701.88	3698.28	3697.62	3711.28	3704.70	3709.18	3712.40	3712.86	3720.16	3727.76	3731.84	3733.96	3732.58	3730.48	3727.68	3725.90	
3732.36	3732.22	3729.66	3722.68	3722.92	3722.62	3727.32	3734.78	3733.10	3734.14	3736.18	3730.96	3733.78	3733.44	3743.52	3741.72	
3744.32	3747.94	3740.20	3730.66	3734.92	3736.54	3735.98	3729.44	3734.40	3735.62	3721.44	3734.66	3740.26	3742.24	3738.08	3738.02	
3728.76	3716.40	3716.82	3715.76	3715.04	3713.28	3728.60	3744.94	3737.02	3733.58	3727.12	3708.56	3730.04	3743.30	3729.60	3728.74	
3731.00	3726.66	3726.20	3731.86	3722.20	3717.22	3716.08	3712.70	3711.78	3715.52	3722.58	3726.96	3723.16	3726.90	3748.04	3707.54	

*******************************************2025/03/28;04:49:08
Probe number 111
Concentration entered by User 1.92% (Compensated: 2.10% at temperature 22.7)
1258.12	1257.10	1284.48	1297.12	1310.74	1326.42	1345.48	1360.70	1381.68	1398.52	1420.44	1448.44	1468.74	1495.92	1524.02	1558.34	
1588.20	1623.36	1658.16	1695.46	1731.14	1777.40	1819.30	1866.40	1925.74	1980.22	2049.24	2130.98	2209.86	2350.50	2520.60	2743.84	
3046.62	3357.72	3577.60	3679.22	3678.86	3695.14	3692.46	3695.50	3695.90	3694.02	3684.56	3687.74	3695.82	3696.24	3701.14	3705.00	
3703.88	3700.20	3699.76	3713.34	3706.62	3711.74	3714.54	3714.68	3722.22	3729.04	3733.58	3735.64	3734.60	3732.26	3729.88	3727.78	
3733.78	3734.00	3731.50	3724.06	3724.96	3724.26	3728.96	3736.46	3734.34	3735.52	3737.72	3732.52	3735.26	3734.72	3745.06	3743.00	
3745.88	3749.22	3741.88	3732.58	3736.78	3737.94	3737.50	3730.88	3735.96	3737.08	3722.94	3736.06	3741.60	3743.58	3739.78	3739.26	
3730.00	3717.92	3718.10	3717.72	3716.72	3715.04	3730.02	3746.66	3738.30	3735.34	3728.68	3709.90	3731.68	3744.76	3730.80	3730.38	
3732.62	3728.00	3727.30	3733.30	3723.86	3718.98	3717.36	3714.48	3713.36	3717.34	3723.96	3728.34	3724.94	3728.14	3749.54	3709.06	

*******************************************2025/03/28;05:09:08
Probe number 112
Concentration entered by User 1.94% (Compensated: 2.12% at temperature 22.6)
1256.28	1255.22	1282.22	1295.06	1308.78	1324.32	1343.24	1358.76	1379.12	1396.28	1417.52	1446.82	1467.16	1493.98	1521.78	1557.76	
1585.40	1620.78	1653.46	1692.94	1728.66	1772.18	1818.42	1868.36	1920.68	1983.94	2045.78	2123.10	2209.58	2354.02	2517.24	2738.36	
3055.46	3340.80	3575.28	3678.02	3678.26	3695.56	3693.20	3696.12	3696.68	3694.96	3685.14	3688.90	3696.90	3697.46	3701.88	3705.14	
3703.94	3700.72	3699.50	3713.22	3706.86	3711.50	3714.02	3714.28	3721.70	3728.48	3732.74	3735.12	3733.56	3731.72	3729.10	3727.14	
3732.96	3733.20	3730.14	3723.18	3723.90	3723.64	3727.78	3735.86	3733.38	3734.94	3736.88	3731.56	3734.64	3734.38	3744.40	3742.12	
3744.54	3748.38	3741.04	3731.66	3735.80	3737.26	3736.62	3730.24	3735.36	3736.42	3721.92	3735.16	3740.80	3742.96	3739.02	3738.56	
3729.32	3716.76	3716.96	3716.56	3715.58	3714.28	3729.06	3745.96	3737.46	3734.34	3727.82	3709.08	3730.40	3743.64	3730.18	3729.30	
3731.62	3727.30	3726.44	3732.12	3722.96	3717.96	3716.74	3713.14	3712.50	3715.90	3722.90	3727.32	3724.08	3727.28	3748.92	3708.18	

*******************************************2025/03/28;05:29:08
Probe number 113
Concentration entered by User 1.94% (Compensated: 2.11% at temperature 22.6)
1257.56	1256.14	1283.24	1295.86	1309.86	1324.62	1343.42	1359.24	1379.26	1396.08	1417.58	1446.04	1465.32	1492.44	1520.66	1555.60	
1582.92	1620.52	1652.78	1689.04	1726.32	1772.86	1814.82	1860.24	1920.58	1976.98	2047.66	2117.66	2210.98	2342.56	2514.86	2733.80	
3052.02	3351.48	3564.86	3675.86	3677.70	3693.36	3690.84	3693.56	3694.18	3692.00	3682.16	3685.54	3693.60	3693.78	3698.30	3702.20	
3700.76	3697.04	3696.82	3710.24	3703.72	3708.38	3711.60	3711.90	3719.24	3726.04	3730.58	3732.66	3731.40	3729.76	3727.30	3725.44	
3731.26	3730.98	3728.66	3721.06	3722.28	3721.90	3726.58	3733.92	3731.82	3733.12	3735.26	3729.90	3733.32	3732.74	3742.76	3740.50	
3743.18	3746.68	3739.56	3730.00	3734.16	3735.82	3735.30	3728.60	3733.74	3734.64	3720.82	3733.50	3739.28	3741.28	3737.24	3737.02	
3727.50	3714.88	3715.18	3714.50	3714.02	3712.68	3727.48	3744.48	3736.02	3732.88	3726.34	3707.42	3728.68	3742.12	3728.82	3727.68	
3730.08	3725.32	3724.86	3730.62	3721.34	3716.12	3714.78	3711.62	3710.56	3714.00	3721.48	3725.64	3722.42	3725.58	3747.18	3706.36	

*******************************************2025/03/28;05:49:08
Probe number 114
Concentration entered by User 1.93% (Compensated: 2.10% at temperature 22.5)
1259.64	1258.38	1285.22	1298.64	1312.24	1327.28	1346.38	1361.52	1382.36	1399.08	1420.32	1448.20	1469.54	1496.44	1524.56	1558.16	
1586.84	1622.56	1654.20	1691.70	1728.40	1774.78	1817.80	1863.92	1920.16	1978.36	2050.86	2122.14	2212.14	2346.28	2523.34	2736.04	
3045.80	3356.50	3568.96	3679.38	3678.94	3694.16	3692.10	3695.26	3695.70	3694.12	3683.82	3687.48	3695.80	3696.04	3700.26	3703.90	
3702.96	3699.12	3698.52	3711.92	3705.38	3710.46	3713.34	3713.96	3721.10	3727.72	3732.10	3734.12	3733.38	3731.26	3729.34	3727.08	
3733.44	3732.80	3729.96	3722.76	3724.40	3724.00	3728.50	3735.22	3733.16	3734.64	3736.62	3731.44	3735.24	3734.40	3744.14	3741.70	
3744.56	3748.00	3741.20	3731.74	3735.66	3737.02	3736.60	3730.10	3735.28	3736.46	3722.52	3735.48	3740.76	3742.50	3738.60	3738.64	
3729.52	3716.46	3717.10	3716.30	3715.98	3714.06	3728.86	3745.72	3737.52	3734.34	3727.84	3709.18	3730.22	3743.76	3730.42	3729.26	
3731.48	3727.26	3726.94	3732.16	3723.12	3717.62	3716.68	3713.18	3712.40	3715.90	3723.10	3727.26	3724.02	3727.22	3748.60	3707.96	

*******************************************2025/03/28;06:09:08
Probe number 115
Concentration entered by User 1.95% (Compensated: 2.11% at temperature 22.4)
1259.82	1258.42	1285.42	1298.60	1312.40	1327.48	1346.38	1361.74	1381.76	1399.12	1420.52	1448.44	1469.06	1496.52	1524.52	1558.34	
1586.70	1622.50	1655.42	1694.02	1731.36	1774.52	1818.80	1866.88	1922.42	1983.74	2048.72	2127.70	2219.90	2337.30	2501.96	2741.28	
3049.00	3343.20	3567.02	3676.60	3678.18	3693.82	3691.78	3694.44	3694.40	3693.00	3682.98	3686.14	3694.84	3694.94	3699.38	3703.18	
3701.88	3698.36	3697.06	3710.78	3704.72	3709.64	3712.38	3713.00	3720.12	3726.88	3731.28	3733.26	3732.38	3730.92	3728.22	3726.34	
3732.24	3732.18	3729.06	3721.86	3723.00	3723.36	3727.48	3734.62	3732.10	3733.40	3735.48	3730.62	3734.06	3733.48	3743.54	3741.32	
3743.62	3747.36	3740.12	3731.22	3735.18	3736.40	3735.98	3728.98	3734.74	3735.86	3721.68	3734.30	3739.88	3741.98	3737.78	3737.90	
3728.56	3715.48	3716.24	3715.60	3714.50	3713.32	3728.24	3745.32	3736.40	3733.10	3726.90	3708.16	3729.70	3742.98	3729.28	3728.26	
3730.68	3726.50	3725.52	3731.68	3721.88	3717.22	3715.64	3712.16	3711.44	3715.08	3721.80	3726.18	3723.32	3725.98	3747.74	3707.42	

*******************************************2025/03/28;06:29:08
Probe number 116
Concentration entered by User 1.94% (Compensated: 2.10% at temperature 22.3)
1258.72	1257.78	1284.74	1298.00	1311.22	1326.68	1345.62	1361.36	1381.80	1399.52	1420.68	1449.22	1469.78	1497.30	1523.44	1557.80	
1587.90	1622.90	1655.48	1694.94	1732.40	1778.54	1821.12	1868.18	1924.52	1981.48	2049.12	2128.52	2212.72	2340.50	2506.20	2744.50	
3054.16	3342.44	3571.06	3681.26	3681.88	3697.10	3694.36	3697.08	3697.50	3695.72	3686.18	3689.18	3697.84	3697.84	3701.92	3705.20	
3703.98	3700.80	3700.18	3712.94	3706.58	3711.60	3714.48	3715.04	3722.18	3728.44	3732.70	3734.52	3734.06	3732.70	3729.90	3728.16	
3734.06	3733.56	3730.38	3723.28	3724.86	3724.92	3728.78	3735.72	3733.44	3735.00	3737.50	3732.24	3736.00	3734.82	3745.08	3742.80	
3744.98	3748.54	3741.72	3732.80	3736.60	3738.10	3737.80	3730.94	3736.48	3737.50	3723.14	3735.94	3741.30	3743.10	3739.28	3739.50	
3730.12	3717.06	3717.66	3716.94	3716.10	3715.16	3729.64	3746.46	3738.16	3734.68	3728.42	3709.98	3731.20	3744.44	3731.24	3729.76	
3732.28	3728.06	3727.38	3732.72	3723.20	3718.50	3717.40	3713.46	3713.04	3716.26	3723.48	3727.68	3724.72	3727.46	3749.22	3708.78	

*******************************************2025/03/28;06:49:08
Probe number 117
Concentration entered by User 1.94% (Compensated: 2.15% at temperature 23.1)
1263.12	1261.68	1288.46	1302.04	1315.50	1330.80	1349.76	1365.38	1386.02	1402.90	1424.02	1452.72	1472.78	1498.98	1527.16	1561.42	
1590.80	1627.78	1659.16	1695.10	1735.24	1778.38	1820.68	1869.78	1928.86	1986.68	2053.68	2134.40	2220.24	2347.40	2536.92	2745.96	
3048.06	3355.52	3565.28	3665.48	3669.56	3686.16	3684.54	3686.84	3687.94	3686.30	3676.88	3681.96	3690.18	3690.78	3696.42	3700.72	
3699.76	3696.30	3695.44	3709.08	3702.70	3707.62	3711.72	3712.60	3720.42	3726.96	3731.02	3732.72	3732.38	3730.84	3729.10	3726.68	
3732.84	3732.46	3729.28	3722.34	3724.08	3723.88	3727.92	3734.90	3732.02	3734.44	3736.50	3731.60	3734.80	3734.52	3744.50	3741.84	
3744.10	3747.98	3741.04	3731.66	3736.00	3736.90	3736.54	3729.96	3735.42	3736.88	3722.68	3735.52	3740.92	3742.56	3739.22	3739.38	
3730.16	3717.00	3717.48	3716.76	3716.00	3714.84	3729.70	3746.20	3737.88	3734.64	3728.48	3709.80	3731.28	3744.66	3730.74	3730.44	
3732.06	3727.72	3727.32	3732.80	3723.40	3718.60	3716.96	3713.92	3713.16	3716.98	3723.78	3728.30	3725.22	3727.74	3749.24	3709.00	

*******************************************2025/03/28;07:00:03
Probe number 118
Concentration entered by User 1.95% (Compensated: 2.17% at temperature 23.3)
1262.78	1261.40	1288.82	1301.88	1315.10	1330.80	1350.40	1365.06	1385.44	1401.84	1423.32	1452.48	1472.74	1499.04	1527.42	1561.38	
1589.50	1625.48	1659.50	1695.44	1731.88	1774.32	1821.50	1871.30	1924.12	1980.60	2047.68	2123.52	2228.50	2357.10	2518.08	2742.28	
3052.36	3352.12	3559.92	3662.04	3663.82	3681.80	3680.04	3682.40	3683.54	3682.02	3672.52	3677.24	3686.10	3686.64	3692.36	3696.92	
3695.94	3691.80	3691.22	3704.98	3698.80	3704.14	3707.70	3708.82	3717.14	3723.60	3727.14	3729.16	3728.84	3727.76	3725.26	3723.54	
3729.40	3729.32	3725.80	3718.74	3720.36	3720.34	3724.48	3731.22	3728.68	3730.98	3733.22	3728.56	3731.58	3730.92	3741.44	3738.64	
3740.94	3745.00	3737.46	3728.22	3732.88	3733.82	3733.24	3726.38	3731.60	3733.68	3719.06	3732.24	3737.62	3739.92	3735.78	3735.88	
3726.54	3713.34	3713.74	3713.42	3712.64	3711.38	3726.76	3743.18	3734.72	3731.58	3724.78	3706.28	3727.58	3741.22	3727.68	3726.68	
3728.88	3724.38	3723.88	3729.40	3719.94	3714.88	3713.58	3710.12	3709.72	3712.88	3720.10	3724.48	3721.18	3724.70	3746.16	3705.06	

*******************************************2025/03/28;07:09:07
Probe number 119
Concentration entered by User 1.97% (Compensated: 2.20% at temperature 23.3)
1261.88	1260.66	1287.54	1301.06	1314.36	1329.24	1348.40	1363.72	1384.08	1400.38	1422.28	1449.50	1469.84	1497.54	1525.42	1560.72	
1588.44	1623.28	1655.04	1692.68	1730.82	1775.08	1819.74	1868.06	1925.02	1977.98	2040.52	2121.18	2214.74	2345.32	2528.76	2745.66	
3043.64	3347.52	3555.08	3657.38	3659.32	3676.74	3675.34	3678.16	3679.06	3677.46	3667.92	3672.60	3681.44	3681.86	3688.06	3692.82	
3691.50	3687.74	3686.64	3701.76	3694.56	3700.26	3703.76	3705.50	3713.38	3720.08	3723.94	3725.98	3725.36	3724.20	3722.04	3720.24	
3726.26	3725.88	3722.74	3715.60	3717.72	3716.86	3721.34	3728.38	3725.60	3727.64	3730.20	3725.06	3728.54	3728.00	3738.54	3735.58	
3738.00	3742.02	3734.52	3725.18	3729.66	3730.68	3730.08	3723.44	3729.34	3730.38	3715.56	3729.42	3734.76	3736.60	3732.82	3733.10	
3723.20	3710.30	3710.52	3709.52	3709.22	3708.00	3723.48	3740.38	3731.50	3728.42	3721.50	3702.98	3724.74	3738.60	3723.82	3723.62	
3725.72	3720.56	3720.82	3726.24	3716.62	3711.56	3710.18	3706.84	3706.32	3709.82	3716.76	3721.62	3717.80	3721.32	3743.30	3701.58	

*******************************************2025/03/28;07:29:08
Probe number 120
Concentration entered by User 2.01% (Compensated: 2.24% at temperature 23.5)
1262.26	1261.08	1288.34	1300.98	1314.20	1329.68	1348.14	1363.72	1383.38	1400.48	1422.02	1449.90	1471.06	1497.46	1525.38	1559.16	
1588.12	1623.26	1656.40	1692.08	1729.18	1774.48	1816.62	1862.24	1920.26	1980.02	2045.12	2120.38	2209.22	2344.00	2515.06	2726.46	
3031.18	3340.44	3553.18	3653.76	3656.46	3673.90	3672.44	3674.78	3676.40	3674.94	3665.40	3670.74	3679.72	3680.42	3686.66	3691.50	
3690.50	3686.34	3685.76	3700.14	3693.54	3699.04	3703.58	3704.50	3712.80	3719.66	3723.50	3725.64	3724.98	3723.78	3721.70	3720.10	
3726.28	3726.08	3722.24	3715.08	3717.12	3716.76	3721.30	3728.02	3725.50	3727.50	3730.34	3725.10	3728.64	3728.20	3738.66	3735.62	
3738.00	3741.94	3734.96	3724.92	3729.98	3730.46	3729.92	3723.18	3728.82	3730.36	3715.70	3729.66	3734.44	3736.78	3733.00	3732.64	
3723.46	3710.12	3710.56	3709.48	3709.24	3707.98	3723.78	3740.26	3731.82	3728.00	3721.40	3702.34	3724.54	3738.10	3724.04	3723.44	
3725.78	3721.04	3720.22	3726.48	3716.56	3711.74	3710.32	3706.76	3706.16	3709.72	3716.92	3721.18	3717.92	3721.08	3743.48	3701.30	

*******************************************2025/03/28;07:49:08
Probe number 121
Concentration entered by User 2.01% (Compensated: 2.25% at temperature 23.4)
1262.96	1261.86	1288.58	1302.26	1315.58	1330.66	1349.62	1364.76	1384.80	1402.34	1422.94	1451.40	1471.78	1499.06	1526.72	1561.44	
1589.64	1624.66	1657.10	1692.84	1728.70	1773.76	1817.26	1865.54	1920.84	1983.06	2049.96	2118.78	2211.68	2344.36	2512.06	2723.78	
3042.56	3331.24	3551.08	3654.52	3657.66	3676.12	3673.94	3677.48	3679.04	3678.08	3668.56	3674.10	3682.94	3683.82	3689.58	3694.66	
3693.46	3689.72	3688.54	3703.32	3696.74	3702.32	3705.88	3707.46	3715.80	3722.48	3726.48	3728.28	3728.26	3726.82	3724.86	3722.88	
3729.10	3728.80	3725.18	3718.16	3720.22	3720.22	3724.44	3731.10	3728.40	3730.62	3732.96	3727.98	3731.50	3730.96	3741.40	3738.24	
3740.84	3744.76	3737.36	3728.12	3732.72	3733.52	3733.16	3726.64	3731.92	3733.42	3718.68	3732.26	3737.36	3739.24	3735.44	3735.56	
3726.16	3712.86	3713.22	3712.86	3712.30	3710.92	3726.50	3743.04	3734.26	3731.16	3724.60	3705.58	3727.40	3740.88	3727.22	3726.78	
3728.76	3723.44	3723.42	3729.00	3719.10	3714.78	3713.36	3709.94	3709.22	3712.80	3719.72	3724.58	3720.82	3724.36	3745.76	3704.72	

*******************************************2025/03/28;08:09:08
Probe number 122
Concentration entered by User 1.99% (Compensated: 2.23% at temperature 23.5)
1263.32	1262.02	1288.68	1302.34	1315.54	1330.44	1349.00	1365.38	1384.86	1401.62	1422.46	1451.30	1470.52	1498.16	1526.02	1560.46	
1589.34	1622.94	1655.36	1694.38	1729.70	1775.36	1818.74	1865.92	1921.34	1976.44	2043.40	2123.48	2209.26	2334.26	2501.30	2722.76	
3038.74	3345.38	3555.12	3656.52	3657.70	3675.62	3673.96	3677.54	3678.70	3677.60	3668.22	3673.58	3682.34	3683.54	3689.70	3694.54	
3693.42	3689.62	3689.04	3703.04	3696.46	3702.58	3706.38	3707.84	3716.30	3722.62	3726.62	3728.42	3728.16	3726.92	3725.14	3723.26	
3729.00	3729.00	3725.36	3718.64	3720.46	3720.56	3724.60	3731.38	3729.08	3731.38	3733.46	3728.68	3732.22	3731.64	3741.60	3738.48	
3741.18	3745.14	3737.78	3728.44	3733.18	3734.06	3733.08	3726.74	3732.24	3733.92	3718.98	3732.64	3737.52	3739.74	3735.98	3736.14	
3726.92	3713.54	3713.74	3713.42	3712.68	3711.46	3727.04	3743.40	3734.92	3731.64	3724.96	3706.28	3727.92	3741.26	3727.16	3727.00	
3729.14	3724.36	3723.92	3729.70	3719.88	3715.00	3713.94	3710.64	3709.62	3713.30	3720.46	3724.68	3721.50	3724.90	3746.30	3705.12	

*******************************************2025/03/28;08:29:08
Probe number 123
Concentration entered by User 2.00% (Compensated: 2.26% at temperature 23.8)
1263.78	1262.76	1290.12	1302.70	1316.36	1331.66	1350.62	1365.88	1386.60	1403.28	1424.20	1452.36	1473.20	1500.10	1527.24	1562.92	
1589.84	1626.14	1658.88	1695.52	1730.36	1772.96	1819.44	1867.80	1922.36	1978.34	2050.64	2124.64	2211.34	2341.12	2503.80	2728.12	
3028.74	3341.92	3553.90	3657.36	3658.78	3677.46	3676.80	3679.86	3681.12	3680.16	3670.86	3676.14	3685.18	3686.18	3692.64	3697.04	
3696.60	3692.52	3691.68	3706.00	3699.64	3705.28	3709.84	3710.70	3718.98	3725.64	3729.16	3731.14	3731.06	3729.92	3727.86	3726.60	
3732.52	3731.74	3728.46	3721.44	3723.52	3723.36	3727.58	3734.26	3731.52	3733.84	3736.30	3731.52	3734.94	3734.50	3744.70	3741.44	
3744.02	3747.66	3740.42	3731.22	3736.00	3736.30	3736.34	3729.72	3735.02	3736.78	3722.70	3736.00	3740.68	3742.62	3739.20	3739.18	
3730.18	3717.10	3716.92	3716.62	3716.20	3714.90	3730.06	3746.32	3737.76	3734.64	3728.10	3710.02	3731.20	3744.36	3730.32	3730.38	
3732.44	3727.66	3727.10	3732.66	3723.52	3718.58	3717.14	3714.02	3713.38	3716.84	3723.62	3728.02	3724.58	3727.70	3749.02	3708.50	

*******************************************2025/03/28;08:49:08
Probe number 124
Concentration entered by User 2.03% (Compensated: 2.29% at temperature 23.8)
1264.28	1262.88	1290.32	1303.46	1316.82	1332.02	1350.86	1365.82	1386.04	1403.08	1424.12	1452.02	1473.00	1499.38	1527.44	1561.92	
1589.92	1625.84	1658.98	1694.64	1730.02	1777.30	1817.04	1862.72	1923.26	1977.90	2043.86	2118.78	2208.46	2349.04	2505.40	2727.20	
3030.26	3332.70	3543.62	3655.60	3654.72	3674.74	3674.16	3678.30	3679.38	3678.44	3669.00	3674.70	3683.32	3684.48	3690.96	3696.14	
3695.34	3691.28	3690.94	3705.04	3698.42	3703.90	3708.36	3709.76	3718.12	3724.70	3728.36	3730.20	3730.14	3729.40	3726.94	3725.44	
3731.48	3730.94	3727.36	3720.58	3722.60	3722.40	3726.78	3732.70	3730.48	3733.14	3735.50	3730.66	3734.00	3733.80	3743.62	3740.50	
3743.22	3746.78	3739.62	3730.64	3735.24	3735.86	3735.26	3728.96	3734.00	3735.74	3721.16	3735.08	3739.36	3741.76	3738.00	3737.98	
3729.00	3716.26	3716.08	3715.92	3714.84	3714.04	3729.12	3745.40	3737.08	3734.22	3726.84	3708.90	3730.22	3743.62	3729.62	3729.54	
3731.60	3726.32	3725.86	3731.68	3722.34	3717.72	3716.42	3713.02	3712.26	3715.94	3722.74	3726.98	3723.42	3726.92	3748.16	3707.64	

*******************************************2025/03/28;09:09:08
Probe number 125
Concentration entered by User 2.03% (Compensated: 2.31% at temperature 24.0)
1264.22	1262.68	1289.52	1303.02	1316.48	1331.26	1350.88	1365.92	1385.80	1402.22	1424.10	1452.28	1471.62	1498.38	1527.06	1562.22	
1588.80	1624.00	1656.12	1692.72	1731.28	1774.12	1820.46	1860.22	1915.18	1978.36	2043.96	2118.94	2209.58	2334.98	2510.98	2719.06	
3037.44	3327.62	3544.94	3649.10	3651.00	3670.82	3670.12	3674.44	3675.86	3674.70	3665.06	3670.56	3679.96	3680.72	3687.88	3692.62	
3692.10	3688.20	3687.68	3701.64	3694.98	3700.96	3705.68	3706.70	3715.48	3721.80	3725.68	3727.82	3727.36	3726.88	3724.44	3722.72	
3728.98	3727.88	3724.56	3717.62	3719.42	3719.60	3723.86	3730.82	3727.80	3730.62	3733.26	3728.22	3731.44	3731.38	3741.36	3738.30	
3740.88	3744.68	3736.98	3727.94	3732.58	3733.30	3732.68	3726.08	3731.56	3733.22	3718.40	3732.38	3737.28	3739.12	3735.84	3735.66	
3727.08	3713.50	3713.28	3713.46	3712.36	3711.72	3726.82	3743.48	3734.28	3731.56	3724.84	3706.14	3727.82	3741.68	3727.02	3727.12	
3729.34	3723.94	3723.84	3729.32	3719.46	3715.38	3713.72	3710.46	3709.58	3713.20	3720.40	3724.38	3720.78	3724.64	3746.02	3705.04	

*******************************************2025/03/28;09:29:08
Probe number 126
Concentration entered by User 2.02% (Compensated: 2.31% at temperature 24.2)
1265.36	1263.70	1290.78	1303.96	1317.26	1332.48	1351.20	1366.56	1387.24	1404.12	1424.72	1454.32	1474.30	1500.00	1529.26	1563.58	
1592.24	1626.22	1656.84	1691.82	1732.52	1775.72	1815.88	1867.34	1920.80	1978.50	2044.64	2116.48	2210.84	2346.80	2507.84	2730.42	
3035.98	3328.14	3549.40	3651.66	3655.00	3674.48	3673.82	3677.58	3679.40	3677.82	3668.32	3674.40	3683.08	3684.10	3691.16	3696.34	
3695.60	3691.78	3691.18	3705.32	3698.90	3704.54	3708.74	3709.94	3718.78	3725.68	3728.92	3731.36	3730.82	3729.86	3727.76	3726.40	
3732.08	3731.68	3728.06	3721.02	3723.40	3723.20	3727.30	3734.08	3731.22	3734.02	3736.20	3731.76	3734.92	3734.90	3744.30	3741.18	
3744.26	3747.94	3740.30	3731.54	3736.14	3736.58	3735.94	3729.44	3734.84	3736.62	3722.10	3736.06	3740.38	3742.68	3739.10	3738.90	
3730.28	3717.20	3716.88	3717.00	3716.18	3715.24	3730.36	3746.64	3737.52	3735.06	3728.16	3710.02	3731.02	3744.62	3730.38	3730.38	
3732.74	3727.80	3727.38	3732.70	3723.64	3718.90	3717.60	3714.46	3713.42	3717.36	3723.64	3728.46	3724.44	3727.98	3749.16	3708.88	

*******************************************2025/03/28;09:49:08
Probe number 127
Concentration entered by User 2.05% (Compensated: 2.35% at temperature 24.3)
1264.80	1262.82	1290.02	1303.62	1316.92	1332.16	1350.72	1365.70	1386.66	1403.68	1424.36	1452.60	1473.98	1500.40	1526.84	1562.54	
1590.62	1626.14	1658.48	1694.70	1730.68	1773.22	1817.12	1865.34	1921.32	1976.34	2040.24	2125.90	2207.32	2333.66	2509.08	2723.88	
3018.56	3330.40	3535.72	3652.10	3650.84	3671.48	3670.70	3675.44	3676.88	3675.36	3665.24	3671.80	3680.94	3681.12	3688.18	3693.82	
3693.24	3689.22	3688.32	3702.92	3696.44	3702.00	3706.46	3707.88	3716.86	3723.58	3727.26	3729.04	3729.10	3727.92	3725.98	3724.18	
3730.04	3729.88	3726.20	3719.12	3721.10	3720.92	3725.58	3732.02	3729.36	3732.52	3734.70	3729.64	3733.16	3733.12	3742.76	3739.34	
3742.58	3746.22	3738.50	3729.80	3734.20	3734.72	3734.38	3727.76	3733.18	3734.92	3720.24	3734.32	3738.76	3741.20	3737.48	3737.20	
3728.78	3714.84	3715.12	3715.24	3714.14	3713.42	3728.40	3744.96	3735.78	3732.92	3726.46	3708.22	3729.12	3742.82	3728.80	3728.74	
3730.98	3725.76	3725.50	3731.18	3721.84	3717.12	3715.52	3712.14	3711.66	3715.22	3721.98	3726.60	3722.78	3726.52	3747.60	3706.54	

*******************************************2025/03/28;10:09:08
Probe number 128
Concentration entered by User 2.01% (Compensated: 2.32% at temperature 24.5)
1265.06	1263.56	1290.08	1304.12	1317.30	1332.36	1351.64	1366.52	1387.22	1404.06	1425.22	1453.00	1473.30	1500.48	1528.22	1563.20	
1590.84	1625.78	1658.12	1694.08	1730.18	1773.24	1818.92	1865.46	1922.70	1979.10	2046.44	2114.24	2212.76	2331.88	2508.12	2737.34	
3043.30	3333.12	3547.24	3650.34	3653.28	3672.14	3671.54	3675.90	3678.10	3676.50	3666.42	3672.54	3681.38	3682.40	3689.44	3694.66	
3694.34	3690.36	3690.04	3704.32	3697.98	3703.44	3707.68	3709.22	3718.28	3724.52	3728.26	3730.58	3730.28	3729.50	3727.24	3725.54	
3731.52	3731.10	3727.42	3720.08	3722.60	3722.22	3726.88	3733.64	3731.08	3733.78	3735.82	3731.16	3734.64	3734.40	3743.92	3741.24	
3743.68	3747.24	3739.64	3730.54	3735.70	3736.02	3735.56	3729.20	3734.66	3736.16	3721.90	3735.62	3740.08	3742.60	3738.54	3738.66	
3730.00	3716.96	3717.02	3717.06	3715.64	3715.08	3730.10	3746.20	3737.40	3734.48	3727.78	3709.60	3730.78	3744.40	3730.22	3730.04	
3732.48	3727.52	3727.30	3732.80	3723.56	3719.18	3717.28	3713.76	3713.24	3716.78	3723.68	3728.00	3724.36	3727.86	3749.02	3708.04	

*******************************************2025/03/28;10:29:08
Probe number 129
Concentration entered by User 1.98% (Compensated: 2.29% at temperature 24.5)
1264.98	1263.20	1290.86	1304.16	1317.38	1332.78	1351.68	1367.68	1387.44	1404.80	1426.08	1454.44	1474.40	1501.84	1529.42	1562.80	
1590.80	1626.60	1658.32	1695.48	1733.54	1776.98	1817.18	1868.08	1922.56	1976.76	2046.16	2122.00	2210.08	2326.50	2514.54	2730.42	
3047.66	3343.04	3553.68	3656.28	3655.36	3675.96	3675.32	3680.06	3681.26	3679.88	3669.80	3675.94	3684.34	3685.46	3692.36	3698.04	
3697.24	3693.38	3692.74	3707.00	3700.50	3706.76	3710.22	3711.68	3720.40	3727.12	3730.88	3732.80	3732.60	3731.98	3729.66	3728.32	
3733.80	3733.32	3729.38	3722.54	3725.00	3724.62	3729.16	3735.82	3733.04	3736.00	3738.02	3733.64	3736.60	3736.64	3746.24	3743.20	
3745.86	3749.12	3741.62	3733.12	3737.92	3738.12	3737.94	3731.64	3736.82	3738.62	3724.32	3737.78	3742.44	3744.52	3740.92	3740.76	
3732.60	3719.08	3719.30	3719.40	3717.88	3717.46	3732.24	3748.26	3739.44	3736.80	3729.78	3712.32	3732.80	3746.36	3732.60	3732.28	
3734.76	3729.80	3729.50	3734.86	3725.64	3721.32	3719.46	3716.42	3715.76	3719.20	3726.00	3730.36	3726.72	3730.24	3751.20	3710.60	

*******************************************2025/03/28;10:49:08
Probe number 130
Concentration entered by User 2.00% (Compensated: 2.31% at temperature 24.5)
1265.12	1263.94	1290.84	1304.00	1317.44	1332.78	1351.62	1367.66	1387.52	1404.40	1425.30	1454.18	1474.62	1500.54	1528.60	1563.00	
1592.36	1628.44	1660.08	1695.22	1732.28	1776.30	1818.78	1867.22	1917.78	1973.22	2045.64	2113.94	2208.50	2337.44	2516.36	2732.96	
3038.80	3338.64	3552.80	3654.72	3655.20	3675.02	3674.12	3678.64	3680.36	3678.70	3668.72	3675.04	3683.86	3684.78	3691.84	3697.06	
3696.62	3692.70	3692.30	3706.26	3700.04	3705.70	3709.70	3711.22	3720.30	3726.74	3730.08	3732.28	3731.84	3731.24	3729.00	3727.40	
3733.14	3732.76	3729.04	3722.02	3724.48	3724.30	3728.76	3735.24	3732.90	3735.50	3737.88	3733.44	3736.36	3736.20	3745.62	3742.64	
3745.34	3748.90	3741.30	3732.60	3737.40	3737.88	3737.52	3731.02	3736.24	3738.18	3723.96	3737.70	3741.84	3744.40	3740.44	3740.32	
3732.24	3718.88	3718.60	3718.58	3717.42	3717.14	3731.92	3747.94	3739.02	3736.46	3729.70	3711.90	3732.54	3745.96	3732.36	3731.64	
3734.26	3729.46	3729.44	3734.80	3725.26	3720.66	3719.16	3715.78	3715.48	3718.84	3725.62	3729.60	3726.22	3729.78	3750.78	3710.30	

*******************************************2025/03/28;11:09:08
Probe number 131
Concentration entered by User 1.99% (Compensated: 2.31% at temperature 24.7)
1264.98	1263.34	1290.82	1304.28	1317.44	1332.64	1351.48	1367.34	1387.40	1403.88	1425.12	1453.48	1473.46	1499.74	1528.00	1562.46	
1590.10	1625.96	1658.36	1693.20	1728.78	1774.26	1814.62	1863.54	1921.36	1978.34	2038.32	2117.08	2211.92	2327.90	2494.76	2741.24	
3055.56	3332.36	3550.62	3652.96	3653.46	3673.52	3672.72	3677.46	3679.48	3677.70	3667.76	3673.52	3682.86	3683.52	3690.92	3696.36	
3695.60	3691.48	3690.90	3705.54	3699.04	3704.62	3708.90	3710.40	3719.14	3726.00	3729.38	3731.32	3731.38	3730.64	3728.32	3726.92	
3732.42	3731.90	3728.50	3721.68	3723.34	3723.36	3728.12	3734.30	3731.84	3734.82	3737.06	3732.72	3735.78	3735.74	3745.24	3742.40	
3745.14	3748.36	3741.06	3732.28	3737.04	3737.58	3737.16	3730.72	3736.20	3737.78	3723.44	3737.26	3741.62	3743.98	3739.82	3740.42	
3731.66	3718.34	3718.26	3718.34	3717.04	3717.04	3731.48	3747.54	3738.54	3736.08	3729.26	3711.38	3732.22	3745.22	3732.20	3731.38	
3734.08	3729.26	3728.76	3734.42	3725.12	3720.60	3719.04	3715.42	3714.86	3718.36	3725.08	3729.36	3725.98	3729.26	3750.28	3709.98	

*******************************************2025/03/28;11:29:08
Probe number 132
Concentration entered by User 2.05% (Compensated: 2.39% at temperature 24.8)
1262.90	1262.08	1288.54	1301.52	1314.76	1330.54	1349.90	1364.64	1384.98	1401.16	1423.42	1451.40	1470.86	1496.88	1524.96	1558.88	
1587.22	1622.44	1652.40	1688.28	1725.70	1767.46	1808.80	1859.76	1911.96	1966.22	2037.78	2111.80	2197.46	2327.60	2502.68	2723.70	
3030.42	3319.78	3540.82	3640.38	3640.42	3661.26	3661.14	3665.86	3668.24	3666.10	3655.54	3662.66	3671.86	3672.38	3680.42	3686.02	
3685.48	3680.98	3680.48	3695.54	3688.56	3694.32	3698.82	3700.44	3709.78	3716.44	3720.24	3722.58	3722.28	3721.60	3719.64	3717.90	
3723.66	3723.24	3719.32	3712.32	3714.64	3714.44	3719.38	3726.30	3723.34	3726.40	3728.76	3724.06	3727.50	3727.16	3737.40	3734.28	
3737.08	3740.42	3733.06	3723.42	3728.80	3729.02	3728.46	3722.06	3727.46	3729.22	3714.26	3728.74	3733.10	3736.02	3731.90	3732.12	
3722.98	3708.98	3709.28	3709.16	3707.92	3707.82	3722.82	3739.98	3730.36	3727.68	3720.30	3701.98	3723.80	3737.96	3723.26	3722.40	
3725.64	3720.08	3720.24	3725.78	3715.80	3711.50	3709.40	3706.14	3705.52	3709.32	3716.40	3720.92	3716.90	3720.66	3742.44	3700.28	

*******************************************2025/03/28;11:49:08
Probe number 133
Concentration entered by User 1.96% (Compensated: 2.31% at temperature 25.0)
1264.38	1263.40	1291.04	1303.68	1316.74	1332.22	1351.28	1366.86	1387.22	1404.14	1425.58	1454.04	1473.62	1500.34	1528.90	1563.32	
1591.34	1625.52	1659.04	1695.02	1731.10	1772.18	1817.28	1863.48	1922.26	1975.56	2044.88	2115.24	2213.54	2322.08	2502.86	2738.76	
3052.06	3343.64	3557.90	3657.90	3652.20	3674.22	3673.82	3678.68	3681.44	3679.16	3668.52	3675.26	3683.52	3684.64	3692.14	3697.58	
3697.34	3693.24	3692.50	3707.02	3700.32	3706.02	3710.28	3711.52	3721.10	3727.48	3731.16	3732.76	3733.02	3732.50	3730.28	3728.32	
3733.92	3733.86	3729.80	3723.18	3725.26	3725.14	3730.44	3736.42	3733.82	3736.60	3738.96	3734.60	3737.78	3737.52	3746.92	3744.36	
3747.12	3749.74	3742.96	3734.04	3739.10	3739.14	3739.18	3732.52	3737.90	3739.42	3725.46	3739.26	3743.68	3746.00	3741.92	3741.98	
3733.66	3720.16	3720.58	3720.62	3718.88	3719.08	3733.62	3749.68	3740.38	3737.90	3731.28	3713.90	3734.28	3747.46	3734.32	3733.12	
3736.08	3731.44	3731.40	3736.30	3727.10	3722.60	3721.00	3717.60	3717.22	3720.86	3727.46	3731.50	3728.18	3731.50	3752.24	3712.00	

*******************************************2025/03/28;12:09:08
Probe number 134
Concentration entered by User 2.05% (Compensated: 2.41% at temperature 25.2)
1263.58	1262.32	1289.04	1302.48	1315.70	1331.44	1349.86	1365.12	1385.28	1402.22	1423.08	1450.96	1470.50	1496.38	1525.06	1559.46	
1587.94	1622.60	1654.26	1690.42	1726.16	1770.14	1810.98	1854.92	1913.64	1967.46	2039.48	2113.12	2198.28	2320.34	2505.14	2722.86	
3028.98	3320.00	3547.16	3640.92	3636.68	3660.50	3660.56	3666.24	3668.52	3666.46	3655.58	3662.60	3671.70	3672.24	3680.42	3686.14	
3685.90	3681.46	3681.36	3696.24	3688.72	3695.46	3699.12	3701.40	3710.78	3717.98	3721.36	3723.52	3723.80	3723.02	3720.82	3718.88	
3724.82	3724.26	3720.46	3713.02	3715.50	3715.72	3720.88	3727.66	3724.62	3727.84	3729.74	3725.50	3728.64	3728.36	3738.66	3735.72	
3738.44	3741.80	3733.96	3725.20	3730.20	3730.02	3730.26	3723.38	3729.50	3730.40	3715.58	3730.44	3734.70	3737.38	3733.06	3733.48	
3724.38	3710.32	3711.10	3711.28	3709.62	3709.64	3724.54	3741.26	3731.52	3729.18	3721.76	3704.04	3724.86	3738.68	3725.36	3724.16	
3727.06	3722.16	3721.98	3727.20	3717.98	3713.30	3711.38	3707.58	3707.12	3710.60	3718.14	3722.28	3718.48	3721.96	3743.84	3702.10	

*******************************************2025/03/28;12:29:08
Probe number 135
Concentration entered by User 2.00% (Compensated: 2.36% at temperature 25.2)
1264.14	1262.52	1289.78	1302.92	1316.22	1332.10	1350.28	1365.78	1385.94	1403.64	1423.66	1452.00	1471.00	1497.74	1526.72	1561.80	
1588.40	1623.10	1655.98	1691.84	1725.74	1770.88	1813.40	1861.08	1915.82	1964.62	2038.66	2107.18	2200.40	2332.60	2498.30	2740.12	
3040.84	3336.86	3554.96	3644.90	3643.36	3665.82	3665.16	3670.78	3672.68	3670.34	3659.74	3667.04	3675.70	3676.80	3684.46	3690.38	
3690.38	3685.76	3684.92	3700.00	3693.26	3698.84	3703.42	3705.10	3715.14	3721.64	3725.04	3727.44	3727.04	3726.50	3724.30	3722.98	
3728.18	3728.30	3723.94	3716.80	3719.08	3719.38	3724.36	3731.42	3728.36	3731.22	3733.12	3728.96	3732.14	3732.08	3741.92	3739.16	
3741.82	3744.86	3737.70	3728.78	3733.64	3733.66	3733.84	3726.90	3732.82	3733.98	3719.72	3733.62	3738.18	3740.42	3736.56	3737.02	
3727.96	3714.22	3714.82	3714.66	3713.16	3713.46	3727.92	3744.66	3735.26	3732.68	3725.44	3707.60	3728.80	3742.26	3729.06	3727.62	
3730.76	3725.66	3725.74	3731.00	3721.40	3717.02	3715.04	3711.36	3711.34	3714.96	3721.74	3726.16	3722.46	3725.48	3747.44	3705.96	

*******************************************2025/03/28;12:49:08
Probe number 136
Concentration entered by User 2.02% (Compensated: 2.39% at temperature 25.3)
1263.90	1263.14	1290.00	1303.36	1316.26	1331.64	1350.20	1365.48	1385.42	1402.42	1423.52	1451.80	1471.10	1498.24	1526.18	1560.58	
1589.26	1624.28	1655.74	1691.60	1726.38	1769.18	1814.92	1855.56	1915.74	1967.58	2035.96	2113.76	2193.02	2335.92	2505.02	2737.42	
3040.94	3332.30	3545.48	3644.86	3642.68	3664.66	3665.04	3669.66	3672.72	3670.42	3659.66	3666.24	3675.78	3676.42	3684.62	3690.34	
3689.82	3685.70	3684.98	3700.38	3693.12	3699.26	3703.58	3705.02	3714.44	3721.66	3724.94	3727.10	3726.90	3726.74	3724.44	3722.68	
3728.38	3727.78	3723.64	3716.84	3719.54	3719.62	3724.54	3731.08	3728.62	3731.02	3733.44	3729.02	3732.02	3732.04	3742.20	3739.10	
3741.74	3744.88	3737.52	3728.62	3733.70	3733.92	3733.76	3726.90	3732.60	3734.32	3720.12	3733.76	3738.32	3740.58	3736.76	3737.28	
3728.10	3714.34	3714.98	3714.52	3713.58	3713.22	3727.80	3744.88	3735.42	3732.84	3725.60	3707.50	3728.92	3742.18	3729.18	3727.72	
3730.78	3725.74	3725.62	3731.12	3721.04	3717.00	3714.84	3711.48	3710.98	3715.00	3722.06	3725.94	3722.54	3725.40	3747.16	3705.98	

*******************************************2025/03/28;13:09:08
Probe number 137
Concentration entered by User 2.00% (Compensated: 2.38% at temperature 25.4)
1264.06	1262.60	1289.96	1302.54	1316.52	1331.98	1350.84	1365.92	1386.16	1403.04	1424.50	1452.44	1472.90	1499.90	1526.66	1560.76	
1589.80	1623.54	1655.28	1690.48	1728.42	1771.96	1810.88	1861.10	1913.00	1970.36	2033.52	2111.04	2197.00	2329.40	2500.06	2733.08	
3034.78	3336.44	3555.64	3647.52	3643.24	3665.90	3665.40	3671.40	3673.40	3671.02	3660.88	3667.66	3676.90	3677.52	3685.86	3691.08	
3691.10	3686.98	3686.66	3701.30	3694.34	3700.54	3704.82	3706.50	3716.16	3722.90	3726.32	3728.12	3728.02	3727.58	3725.72	3724.06	
3729.62	3729.14	3725.42	3717.90	3720.84	3721.00	3726.02	3732.64	3729.96	3732.36	3734.32	3730.54	3733.44	3733.66	3743.58	3740.60	
3742.84	3746.06	3738.74	3730.38	3735.04	3735.32	3735.40	3728.18	3734.26	3735.30	3721.54	3735.06	3739.66	3741.96	3737.88	3738.60	
3729.58	3715.54	3716.64	3715.96	3715.08	3714.88	3729.46	3746.04	3736.38	3734.06	3726.82	3709.12	3730.50	3743.48	3730.64	3729.16	
3731.92	3727.40	3727.08	3732.46	3722.98	3718.70	3716.52	3712.94	3712.76	3716.44	3723.42	3727.78	3723.72	3726.72	3748.38	3707.50	

*******************************************2025/03/28;13:29:08
Probe number 138
Concentration entered by User 2.01% (Compensated: 2.38% at temperature 25.3)
1263.48	1261.96	1288.84	1302.42	1315.84	1330.72	1349.38	1364.46	1384.50	1402.28	1423.54	1452.28	1472.52	1498.48	1525.92	1558.94	
1587.56	1622.30	1655.70	1690.66	1726.14	1771.92	1811.52	1859.86	1913.28	1968.86	2030.82	2107.30	2199.88	2329.40	2497.02	2716.54	
3034.66	3339.78	3549.74	3646.80	3642.76	3665.30	3665.54	3670.58	3673.24	3670.06	3659.32	3666.40	3675.38	3676.00	3684.30	3690.12	
3690.22	3685.66	3684.78	3699.86	3693.16	3699.02	3703.44	3705.06	3714.92	3721.52	3725.02	3727.00	3727.20	3726.48	3724.14	3722.66	
3728.42	3727.78	3724.08	3716.72	3719.10	3719.28	3724.44	3731.18	3728.72	3731.28	3733.28	3729.16	3732.20	3732.38	3742.04	3739.52	
3741.88	3745.06	3737.60	3729.16	3733.84	3733.94	3733.94	3726.72	3733.26	3734.14	3720.24	3734.20	3738.74	3740.84	3736.52	3737.16	
3728.22	3714.40	3715.04	3714.80	3713.96	3713.90	3728.38	3744.86	3734.96	3733.02	3725.56	3707.90	3728.74	3742.62	3729.32	3727.66	
3730.84	3726.18	3725.80	3731.28	3721.50	3717.56	3715.00	3711.52	3711.44	3715.00	3722.02	3725.94	3722.44	3725.30	3747.32	3705.86	

*******************************************2025/03/28;13:49:08
Probe number 139
Concentration entered by User 2.03% (Compensated: 2.40% at temperature 25.3)
1263.20	1261.86	1288.82	1302.02	1315.04	1330.74	1349.10	1364.78	1385.46	1401.26	1422.76	1451.00	1471.44	1498.00	1526.18	1558.98	
1587.48	1621.58	1654.50	1688.78	1725.66	1769.72	1810.40	1861.00	1913.14	1964.38	2028.46	2107.20	2212.82	2315.52	2489.64	2723.90	
3037.38	3330.06	3541.82	3643.66	3641.62	3664.46	3664.00	3669.54	3671.68	3669.02	3658.44	3665.66	3674.78	3675.42	3683.74	3689.56	
3689.56	3684.64	3684.30	3699.22	3692.74	3698.58	3702.74	3704.48	3714.50	3721.04	3724.26	3726.52	3726.34	3726.10	3723.88	3721.84	
3728.00	3727.30	3723.28	3716.52	3718.60	3718.92	3724.26	3730.76	3728.02	3730.76	3732.88	3728.72	3731.66	3731.72	3741.92	3739.04	
3741.34	3744.52	3737.52	3728.62	3733.56	3733.56	3734.00	3726.52	3732.68	3733.68	3719.48	3733.80	3738.32	3740.02	3736.34	3736.92	
3727.88	3714.12	3714.96	3713.96	3712.98	3713.32	3727.68	3744.42	3734.80	3732.48	3725.32	3707.24	3728.64	3742.00	3728.82	3727.44	
3730.04	3725.34	3725.44	3730.84	3721.38	3716.54	3714.24	3711.06	3710.72	3714.74	3721.44	3726.00	3722.00	3725.22	3746.96	3705.56	

*******************************************2025/03/28;14:09:08
Probe number 140
Concentration entered by User 2.02% (Compensated: 2.41% at temperature 25.4)
1263.20	1261.76	1288.62	1301.62	1315.22	1330.60	1349.32	1364.38	1384.78	1401.62	1423.28	1450.98	1471.20	1497.72	1526.16	1559.62	
1587.58	1622.86	1655.68	1687.96	1726.72	1770.92	1811.98	1856.74	1911.00	1966.26	2032.58	2108.68	2184.56	2330.24	2491.36	2720.90	
3029.34	3332.42	3553.64	3639.88	3641.92	3664.46	3664.42	3669.88	3672.80	3670.72	3659.84	3666.82	3675.78	3676.36	3684.68	3690.66	
3690.14	3685.80	3685.34	3700.68	3693.90	3699.74	3703.96	3705.80	3715.60	3722.20	3725.66	3727.50	3727.74	3727.04	3725.06	3723.30	
3728.86	3728.40	3724.48	3717.72	3720.24	3720.04	3725.38	3732.26	3729.22	3731.84	3733.78	3729.72	3732.86	3733.02	3742.84	3740.06	
3742.72	3745.48	3738.44	3730.04	3734.58	3734.90	3734.90	3727.66	3733.84	3734.92	3720.80	3734.56	3739.40	3741.62	3737.46	3737.92	
3729.08	3715.48	3716.18	3715.60	3714.36	3714.32	3728.90	3745.76	3735.86	3733.70	3726.26	3708.44	3729.86	3743.18	3730.12	3728.62	
3731.36	3726.80	3726.40	3731.94	3722.56	3718.16	3715.80	3712.46	3712.40	3715.84	3723.10	3726.86	3723.08	3726.12	3747.94	3707.16	

*******************************************2025/03/28;14:29:08
Probe number 141
Concentration entered by User 2.05% (Compensated: 2.43% at temperature 25.4)
1262.38	1260.86	1287.62	1300.98	1314.08	1329.78	1348.48	1363.62	1383.86	1400.50	1422.00	1450.42	1470.44	1497.24	1525.00	1557.10	
1585.26	1620.36	1652.80	1690.50	1725.78	1766.94	1810.26	1855.12	1908.76	1965.86	2028.46	2103.34	2189.10	2315.42	2494.70	2707.80	
3026.62	3326.74	3540.02	3638.22	3639.10	3662.74	3662.68	3667.74	3670.62	3668.18	3657.50	3664.62	3673.90	3674.88	3683.10	3688.52	
3688.36	3683.98	3683.58	3698.62	3691.88	3697.68	3702.26	3703.80	3713.70	3720.18	3723.78	3725.86	3725.84	3725.06	3723.40	3721.86	
3727.34	3726.80	3722.82	3715.96	3717.94	3718.50	3723.74	3730.40	3727.36	3730.30	3732.26	3727.88	3731.26	3731.40	3741.46	3738.62	
3741.02	3743.66	3736.62	3728.30	3732.92	3733.16	3733.24	3726.02	3732.24	3733.34	3719.30	3733.02	3737.72	3740.10	3735.88	3736.62	
3727.38	3713.30	3714.44	3714.06	3712.76	3712.80	3727.38	3744.14	3734.26	3731.74	3724.22	3706.46	3727.86	3741.54	3728.38	3726.72	
3729.66	3724.92	3724.66	3730.10	3720.44	3716.20	3713.72	3710.32	3710.06	3713.76	3720.74	3725.18	3721.16	3724.52	3746.10	3704.90	

*******************************************2025/03/28;14:49:08
Probe number 142
Concentration entered by User 2.05% (Compensated: 2.44% at temperature 25.5)
1263.14	1262.18	1289.30	1302.10	1315.44	1331.02	1349.82	1364.76	1385.46	1402.56	1423.14	1451.70	1471.68	1497.96	1526.04	1559.32	
1587.62	1622.60	1654.46	1690.68	1727.00	1768.86	1811.82	1858.10	1910.22	1967.02	2032.06	2111.46	2187.44	2318.60	2493.86	2722.56	
3034.74	3317.84	3540.32	3641.90	3641.78	3665.54	3665.42	3670.46	3673.16	3671.44	3660.62	3667.58	3677.02	3677.58	3686.10	3691.56	
3691.20	3687.00	3686.28	3701.52	3694.94	3700.64	3705.36	3706.60	3716.18	3722.80	3726.66	3728.28	3728.54	3728.18	3726.14	3724.18	
3730.10	3729.48	3725.54	3718.60	3720.82	3721.24	3726.42	3732.90	3730.08	3732.90	3734.82	3730.62	3734.06	3734.06	3743.74	3741.08	
3743.20	3746.52	3739.60	3730.70	3735.52	3736.04	3735.96	3729.02	3734.82	3736.20	3721.98	3735.76	3740.68	3742.44	3738.60	3739.34	
3730.22	3716.44	3717.36	3716.68	3715.78	3715.80	3729.98	3746.50	3737.12	3734.44	3727.46	3710.10	3731.08	3744.42	3731.50	3729.82	
3732.30	3727.76	3727.68	3732.74	3723.50	3719.02	3716.60	3713.38	3713.12	3716.86	3723.64	3728.10	3724.14	3727.14	3748.68	3707.96	

*******************************************2025/03/28;15:09:08
Probe number 143
Concentration entered by User 2.06% (Compensated: 2.43% at temperature 25.4)
1262.04	1260.90	1287.06	1300.02	1313.58	1328.68	1347.28	1362.96	1382.88	1400.44	1421.76	1449.76	1469.84	1496.16	1523.64	1557.76	
1585.48	1620.78	1652.88	1687.94	1726.98	1765.32	1808.62	1855.86	1910.50	1961.96	2032.28	2100.66	2185.70	2323.44	2480.50	2720.14	
3035.46	3312.52	3544.44	3642.98	3640.08	3663.96	3663.40	3669.18	3672.00	3669.88	3659.18	3665.74	3674.68	3675.42	3683.18	3688.60	
3688.30	3683.84	3684.02	3698.64	3691.74	3698.24	3702.22	3703.86	3713.26	3720.12	3723.88	3726.04	3725.76	3725.08	3723.04	3721.28	
3727.22	3726.44	3722.40	3715.66	3718.28	3718.50	3723.48	3729.96	3727.26	3730.10	3732.26	3728.04	3731.08	3731.24	3741.60	3738.24	
3740.52	3743.84	3736.88	3728.24	3733.12	3733.20	3733.30	3726.02	3731.96	3733.04	3719.26	3732.78	3737.62	3739.58	3735.92	3736.50	
3727.34	3713.18	3714.26	3713.72	3712.56	3712.60	3727.22	3743.92	3734.32	3731.60	3724.64	3706.84	3727.88	3741.54	3728.34	3726.68	
3729.48	3725.02	3724.56	3729.76	3720.16	3715.60	3713.66	3709.94	3709.90	3713.56	3720.58	3724.92	3721.32	3724.02	3746.12	3704.78	

*******************************************2025/03/28;15:29:08
Probe number 144
Concentration entered by User 2.04% (Compensated: 2.41% at temperature 25.3)
1262.54	1260.60	1287.32	1300.32	1313.52	1329.28	1348.20	1363.36	1383.32	1400.68	1422.50	1449.96	1470.30	1496.78	1524.42	1559.00	
1585.52	1622.16	1652.82	1687.40	1724.46	1766.68	1808.38	1855.50	1908.84	1963.74	2031.22	2102.16	2185.22	2322.24	2478.88	2709.54	
3025.96	3334.56	3540.78	3646.10	3643.30	3665.98	3666.00	3670.70	3673.70	3671.10	3660.78	3667.68	3676.68	3677.36	3685.36	3690.62	
3690.46	3686.16	3685.28	3700.76	3693.96	3699.82	3704.44	3705.82	3715.58	3722.26	3725.94	3727.44	3727.62	3727.24	3725.22	3723.56	
3729.08	3728.58	3724.42	3717.62	3720.16	3720.48	3725.48	3731.84	3729.26	3731.68	3733.92	3729.94	3733.00	3733.00	3742.94	3740.14	
3742.30	3745.54	3738.60	3729.92	3734.90	3735.14	3735.16	3727.84	3733.88	3735.12	3720.78	3734.92	3739.46	3741.68	3737.62	3738.46	
3729.26	3715.34	3716.28	3715.60	3714.42	3714.74	3729.20	3745.86	3736.08	3733.60	3726.38	3708.54	3729.76	3743.38	3730.22	3728.52	
3731.36	3726.82	3726.72	3732.06	3722.42	3717.82	3715.72	3712.26	3711.68	3715.68	3722.38	3726.60	3722.92	3726.24	3747.44	3706.30	

*******************************************2025/03/28;15:49:08
Probe number 145
Concentration entered by User 2.07% (Compensated: 2.44% at temperature 25.3)
1262.76	1261.26	1287.84	1301.02	1314.30	1329.54	1348.08	1363.56	1383.46	1400.76	1421.98	1449.66	1470.14	1496.96	1524.16	1557.66	
1586.08	1620.84	1652.52	1686.66	1722.54	1766.68	1806.72	1853.96	1909.00	1961.88	2030.00	2094.80	2182.54	2306.98	2469.08	2698.90	
3016.64	3325.52	3534.88	3638.62	3636.94	3660.08	3660.56	3665.64	3668.60	3666.54	3656.14	3663.36	3672.40	3673.16	3681.42	3686.84	
3686.36	3682.22	3681.82	3696.96	3690.06	3696.06	3700.24	3701.88	3711.82	3718.52	3722.44	3724.06	3724.06	3723.70	3721.56	3720.20	
3725.74	3725.18	3721.14	3714.48	3716.72	3717.28	3722.48	3728.70	3725.66	3728.64	3730.88	3726.82	3729.88	3729.94	3740.06	3737.02	
3739.68	3742.54	3735.58	3727.00	3731.58	3731.84	3731.90	3724.26	3730.56	3731.64	3717.70	3731.90	3736.16	3738.38	3734.66	3734.96	
3725.94	3711.72	3712.74	3712.20	3711.10	3711.04	3725.64	3742.86	3732.96	3730.08	3723.20	3705.20	3726.52	3740.48	3726.82	3725.02	
3728.18	3723.32	3723.10	3728.48	3718.78	3714.24	3712.32	3708.32	3708.40	3712.06	3719.22	3723.14	3719.50	3722.40	3744.64	3702.68	

*******************************************2025/03/28;16:09:08
Probe number 146
Concentration entered by User 2.11% (Compensated: 2.48% at temperature 25.4)
1262.04	1260.98	1287.84	1301.24	1314.34	1329.56	1348.36	1363.70	1383.26	1401.20	1422.30	1450.32	1470.86	1497.00	1524.72	1558.34	
1586.36	1620.74	1652.02	1688.24	1725.22	1768.14	1807.14	1854.28	1906.04	1964.32	2020.22	2099.62	2191.88	2309.18	2482.70	2706.22	
3000.64	3310.94	3534.68	3637.24	3635.34	3660.28	3660.62	3665.96	3668.98	3667.14	3656.84	3664.26	3673.06	3674.10	3682.68	3688.10	
3687.46	3683.44	3683.14	3698.72	3692.04	3697.54	3701.66	3702.92	3712.86	3719.62	3723.66	3725.60	3725.88	3725.00	3723.12	3721.14	
3727.04	3726.78	3722.70	3716.32	3718.94	3718.86	3723.78	3730.24	3727.38	3730.30	3732.34	3728.04	3731.52	3731.36	3741.50	3738.42	
3740.66	3744.08	3736.90	3728.24	3732.90	3733.26	3733.44	3726.26	3732.08	3733.22	3719.44	3733.24	3737.94	3740.00	3735.96	3736.84	
3727.82	3713.88	3714.80	3713.72	3713.20	3713.18	3727.56	3744.32	3734.68	3731.76	3725.02	3706.96	3727.90	3742.00	3728.86	3726.98	
3729.76	3725.18	3724.68	3730.32	3720.44	3716.34	3713.66	3710.14	3710.28	3713.52	3720.64	3725.12	3721.20	3723.98	3746.06	3704.46	

*******************************************2025/03/28;16:29:08
Probe number 147
Concentration entered by User 2.10% (Compensated: 2.47% at temperature 25.3)
1261.80	1260.42	1286.88	1300.04	1312.98	1328.54	1346.98	1362.52	1382.54	1400.14	1421.18	1449.70	1469.06	1495.92	1523.70	1557.16	
1586.56	1620.44	1652.30	1689.18	1725.12	1766.76	1809.98	1857.42	1905.62	1959.44	2023.78	2099.02	2188.96	2299.86	2470.76	2692.12	
3011.36	3311.44	3535.16	3637.54	3639.46	3661.68	3662.36	3667.80	3670.90	3668.98	3658.22	3665.24	3673.96	3674.48	3682.88	3688.46	
3687.84	3683.52	3683.26	3698.66	3691.84	3697.56	3701.34	3702.26	3712.14	3719.38	3723.36	3725.46	3725.60	3724.58	3722.56	3720.80	
3726.26	3726.42	3722.32	3715.62	3718.16	3718.24	3723.30	3729.76	3726.96	3729.96	3732.12	3727.90	3731.04	3730.92	3740.86	3738.12	
3740.36	3743.58	3736.62	3727.94	3732.72	3733.12	3732.94	3725.90	3731.88	3732.66	3718.54	3732.74	3737.32	3739.56	3735.56	3736.24	
3726.82	3712.90	3713.90	3713.04	3712.16	3712.20	3726.82	3743.74	3733.88	3731.20	3724.34	3706.22	3727.60	3741.20	3728.10	3726.20	
3729.20	3724.50	3724.26	3729.92	3719.72	3715.28	3713.30	3709.80	3708.94	3712.94	3720.26	3724.46	3720.42	3723.58	3745.50	3703.88	

*******************************************2025/03/28;16:49:08
Probe number 148
Concentration entered by User 2.11% (Compensated: 2.47% at temperature 25.2)
1263.38	1262.10	1288.90	1301.48	1314.98	1329.96	1348.60	1364.00	1384.50	1401.98	1423.14	1451.52	1470.76	1498.04	1525.76	1560.10	
1588.46	1622.44	1652.80	1689.24	1725.86	1769.46	1810.54	1858.40	1906.86	1963.06	2025.06	2102.14	2180.88	2298.02	2477.74	2691.16	
2998.66	3311.42	3535.74	3640.98	3641.42	3665.50	3666.10	3671.60	3674.16	3672.02	3662.32	3669.82	3678.20	3678.78	3686.58	3692.48	
3692.24	3688.08	3687.84	3702.52	3695.98	3701.82	3705.56	3706.60	3715.82	3723.14	3727.22	3729.04	3728.96	3728.46	3726.58	3724.78	
3730.66	3730.26	3726.40	3719.86	3722.20	3722.34	3727.14	3733.56	3730.58	3733.60	3735.56	3731.70	3734.46	3734.92	3744.64	3741.74	
3743.70	3746.94	3740.16	3731.78	3736.28	3736.34	3736.56	3729.58	3735.74	3736.76	3722.74	3736.44	3740.92	3743.22	3739.08	3740.20	
3731.16	3717.34	3718.20	3717.68	3716.50	3716.52	3730.72	3747.26	3737.88	3734.88	3727.96	3710.50	3731.44	3744.70	3732.10	3730.42	
3732.82	3728.20	3728.18	3733.28	3723.94	3719.34	3717.30	3713.64	3713.62	3717.40	3723.88	3728.24	3724.52	3727.36	3748.42	3708.16	

*******************************************2025/03/28;17:42:04
Probe number 0
Concentration entered by User 2.13% (Compensated: 2.51% at temperature 25.4)
1264.46	1263.08	1289.64	1302.80	1316.16	1331.32	1350.24	1365.36	1385.14	1402.58	1423.98	1452.62	1472.86	1499.54	1527.16	1559.50	
1587.38	1622.42	1656.84	1691.52	1726.60	1769.20	1811.72	1855.20	1909.72	1968.82	2024.60	2092.58	2180.18	2316.96	2475.42	2683.42	
3005.56	3303.14	3528.92	3635.84	3638.20	3662.34	3662.72	3668.54	3672.10	3669.64	3660.56	3667.38	3676.76	3677.86	3685.82	3691.50	
3690.74	3686.88	3686.08	3701.34	3694.34	3700.26	3703.98	3705.14	3714.52	3721.90	3725.60	3727.36	3727.62	3726.92	3725.42	3723.58	
3729.30	3728.92	3725.86	3719.16	3721.62	3721.66	3726.60	3732.86	3730.08	3733.10	3734.94	3731.16	3734.22	3734.12	3744.24	3740.74	
3743.24	3746.08	3739.68	3731.38	3735.78	3736.22	3736.10	3729.18	3735.06	3736.12	3722.40	3736.24	3740.52	3742.60	3738.60	3739.64	
3730.52	3716.90	3717.50	3716.68	3716.02	3715.62	3730.42	3746.90	3737.04	3734.64	3727.64	3709.90	3731.08	3744.10	3731.46	3729.58	
3732.56	3728.02	3727.44	3732.82	3723.30	3718.82	3716.52	3713.24	3712.90	3716.66	3723.56	3727.94	3723.84	3726.92	3748.34	3707.64	

*******************************************2025/03/28;18:02:03
Probe number 1
Concentration entered by User 2.15% (Compensated: 2.53% at temperature 25.5)
1263.66	1262.54	1288.80	1302.62	1315.78	1330.30	1349.40	1365.10	1385.02	1402.02	1423.40	1451.62	1471.76	1498.64	1525.92	1559.28	
1588.18	1620.46	1652.52	1688.38	1726.68	1767.42	1812.28	1854.54	1905.66	1961.12	2025.00	2093.34	2179.52	2302.20	2457.90	2705.46	
3004.20	3297.32	3517.64	3626.56	3631.38	3656.00	3657.68	3663.34	3666.60	3664.60	3654.84	3662.70	3671.46	3672.40	3681.10	3686.60	
3686.30	3682.16	3681.90	3697.36	3689.66	3696.18	3699.30	3700.54	3710.56	3717.70	3721.40	3723.60	3723.44	3722.90	3721.42	3719.62	
3725.48	3725.30	3721.44	3714.92	3717.70	3718.14	3723.20	3729.00	3726.40	3729.40	3731.22	3727.34	3730.98	3730.80	3740.44	3737.60	
3739.70	3743.02	3736.44	3727.86	3732.32	3732.84	3732.70	3725.18	3731.58	3732.50	3719.10	3732.74	3737.34	3739.06	3735.18	3736.22	
3727.26	3712.86	3713.76	3712.78	3711.92	3711.76	3727.00	3743.58	3733.76	3731.00	3724.24	3705.98	3727.40	3740.70	3727.90	3725.98	
3728.92	3724.16	3723.88	3729.46	3719.60	3715.26	3712.84	3709.28	3709.16	3713.16	3719.84	3724.16	3720.50	3723.04	3745.14	3703.52	

*******************************************2025/03/28;18:22:03
Probe number 2
Concentration entered by User 2.13% (Compensated: 2.53% at temperature 25.6)
1264.44	1263.24	1289.86	1302.94	1316.66	1331.94	1350.22	1365.64	1385.64	1403.56	1425.28	1452.96	1472.76	1499.78	1527.46	1561.64	
1588.02	1622.20	1654.50	1690.64	1725.52	1768.54	1810.24	1853.62	1911.74	1963.84	2028.32	2099.38	2182.48	2300.48	2470.92	2685.50	
2996.26	3304.60	3526.94	3631.34	3636.62	3659.62	3661.32	3667.16	3670.86	3668.44	3659.12	3666.48	3676.10	3676.84	3685.54	3691.06	
3690.34	3685.76	3685.58	3700.90	3693.90	3699.38	3703.34	3704.50	3714.06	3721.46	3724.94	3727.00	3726.58	3726.20	3724.84	3723.04	
3728.96	3728.74	3725.00	3718.92	3721.46	3721.70	3726.60	3732.40	3729.86	3733.00	3734.70	3731.08	3734.02	3734.06	3744.12	3740.68	
3743.06	3746.18	3739.76	3731.42	3736.04	3736.12	3735.76	3729.10	3735.02	3736.12	3722.46	3736.30	3740.62	3742.48	3738.88	3739.66	
3730.42	3717.08	3717.72	3716.72	3716.42	3716.06	3730.30	3746.98	3737.42	3734.86	3727.44	3710.18	3731.00	3744.24	3731.58	3730.10	
3732.52	3728.14	3728.10	3733.04	3723.22	3719.06	3716.78	3713.44	3713.64	3716.66	3723.62	3728.02	3724.50	3726.86	3748.46	3707.84	

*******************************************2025/03/28;18:42:03
Probe number 3
Concentration entered by User 2.12% (Compensated: 2.51% at temperature 25.6)
1264.88	1264.02	1290.20	1303.54	1316.84	1332.06	1350.64	1365.90	1386.50	1404.24	1424.82	1453.54	1473.54	1500.14	1527.54	1560.54	
1589.74	1623.74	1655.42	1692.10	1726.76	1770.20	1812.18	1857.74	1908.46	1961.90	2027.66	2104.78	2184.22	2300.88	2463.48	2704.94	
3008.64	3300.40	3528.72	3636.14	3636.96	3660.80	3661.94	3667.42	3671.16	3669.46	3659.52	3667.22	3676.18	3677.24	3685.58	3691.26	
3690.74	3686.04	3685.88	3701.20	3694.74	3699.78	3703.44	3704.34	3713.76	3720.94	3724.76	3726.82	3726.50	3726.22	3724.84	3723.14	
3729.08	3729.14	3725.00	3718.80	3721.88	3722.06	3726.68	3733.00	3730.20	3733.20	3735.00	3730.90	3734.30	3734.64	3744.42	3741.12	
3743.32	3746.48	3740.20	3731.86	3736.28	3736.32	3736.44	3729.04	3735.46	3736.38	3722.92	3736.64	3740.90	3742.30	3739.08	3740.16	
3730.96	3717.22	3718.20	3717.36	3716.58	3716.56	3730.82	3747.40	3737.88	3734.78	3727.88	3710.44	3731.44	3744.38	3731.52	3730.34	
3732.48	3728.22	3727.92	3733.10	3723.88	3719.34	3716.64	3713.42	3713.42	3717.14	3723.86	3728.22	3724.58	3726.88	3748.58	3708.12	

*******************************************2025/03/28;19:02:03
Probe number 4
Concentration entered by User 2.16% (Compensated: 2.56% at temperature 25.7)
1264.58	1263.82	1290.56	1303.34	1316.92	1331.86	1350.76	1365.86	1385.42	1403.32	1424.86	1453.26	1474.44	1501.40	1527.80	1561.38	
1589.82	1623.78	1656.38	1691.58	1727.74	1766.60	1807.14	1856.28	1904.94	1961.22	2023.20	2095.86	2181.66	2302.66	2467.24	2693.32	
2991.96	3293.02	3519.42	3632.54	3633.02	3658.48	3659.70	3665.48	3669.62	3666.82	3657.20	3664.96	3674.10	3674.90	3683.42	3688.94	
3688.40	3683.68	3684.20	3699.32	3692.04	3697.88	3701.38	3702.26	3711.72	3719.32	3722.64	3724.62	3724.34	3723.90	3722.74	3721.18	
3727.42	3727.30	3723.64	3717.44	3720.60	3719.98	3725.22	3731.30	3728.46	3731.62	3733.52	3729.68	3732.74	3733.02	3743.02	3740.14	
3741.72	3745.16	3738.74	3730.16	3734.70	3734.82	3734.98	3727.58	3733.90	3734.94	3721.34	3734.80	3739.34	3741.48	3737.92	3738.74	
3729.30	3715.62	3716.28	3715.72	3714.90	3714.34	3729.54	3745.92	3736.06	3733.72	3726.42	3708.88	3729.90	3743.26	3730.32	3728.76	
3731.18	3726.66	3726.82	3731.70	3722.02	3717.70	3715.30	3711.90	3711.72	3715.24	3722.46	3726.72	3722.70	3725.78	3747.58	3706.60	

*******************************************2025/03/28;19:22:03
Probe number 5
Concentration entered by User 2.17% (Compensated: 2.58% at temperature 25.8)
1264.62	1262.90	1290.02	1303.22	1316.60	1331.74	1350.66	1365.74	1385.50	1403.00	1424.16	1451.66	1472.70	1498.98	1526.60	1559.26	
1588.62	1623.22	1654.92	1689.48	1724.84	1767.86	1808.52	1855.10	1905.10	1959.22	2023.00	2095.24	2181.66	2296.80	2452.46	2678.28	
2995.72	3294.96	3514.18	3624.16	3630.12	3654.64	3656.16	3662.80	3666.06	3663.74	3654.34	3661.96	3671.42	3672.24	3681.02	3686.68	
3686.14	3681.62	3681.82	3697.24	3689.76	3695.76	3698.74	3699.50	3708.86	3716.84	3720.84	3722.74	3722.06	3721.98	3720.72	3719.16	
3725.28	3724.94	3721.98	3715.94	3718.52	3718.42	3723.34	3729.74	3727.04	3729.94	3731.76	3728.36	3731.02	3731.90	3741.58	3738.46	
3740.52	3743.88	3737.34	3728.66	3733.30	3733.60	3733.30	3726.18	3732.34	3733.72	3719.62	3733.68	3737.86	3739.88	3736.24	3737.28	
3727.90	3713.90	3715.02	3713.84	3713.26	3713.06	3728.10	3744.60	3734.58	3732.00	3724.78	3707.36	3728.32	3741.94	3728.56	3727.40	
3729.74	3725.46	3724.88	3730.42	3720.54	3716.00	3713.52	3710.50	3710.36	3713.90	3720.84	3725.48	3721.12	3724.18	3746.32	3704.74	

*******************************************2025/03/28;19:42:03
Probe number 6
Concentration entered by User 2.12% (Compensated: 2.51% at temperature 25.7)
1263.48	1262.18	1288.82	1301.92	1315.28	1331.12	1350.08	1365.24	1384.78	1402.88	1423.98	1452.04	1472.30	1498.78	1525.94	1560.32	
1588.00	1623.78	1656.56	1689.86	1727.36	1769.64	1810.80	1854.20	1914.26	1968.70	2026.18	2093.96	2178.06	2293.30	2456.80	2706.14	
3009.54	3303.16	3525.54	3638.82	3639.74	3664.90	3666.00	3671.90	3675.18	3673.04	3663.02	3670.10	3679.30	3679.86	3688.10	3693.34	
3692.46	3688.46	3688.36	3702.72	3695.60	3701.14	3704.34	3704.82	3714.06	3721.72	3725.72	3726.92	3726.66	3726.24	3725.46	3723.88	
3729.38	3729.72	3726.58	3720.64	3722.94	3722.90	3728.04	3733.72	3731.44	3734.16	3736.12	3732.14	3735.32	3735.82	3745.84	3742.38	
3744.58	3747.62	3741.04	3732.88	3737.26	3737.36	3737.68	3730.52	3736.58	3737.82	3724.34	3737.80	3741.90	3743.48	3740.00	3741.26	
3731.92	3718.48	3719.14	3718.28	3717.86	3717.78	3731.96	3748.26	3738.96	3736.04	3729.34	3711.60	3732.44	3745.72	3732.72	3731.52	
3733.64	3729.26	3729.08	3734.26	3724.96	3720.62	3717.94	3715.14	3714.66	3718.12	3725.16	3729.22	3725.74	3728.04	3749.80	3709.32	

*******************************************2025/03/28;20:02:03
Probe number 7
Concentration entered by User 2.10% (Compensated: 2.48% at temperature 25.5)
1258.98	1257.74	1283.98	1296.80	1310.88	1325.96	1344.34	1359.74	1379.76	1397.28	1418.92	1446.56	1467.08	1493.94	1521.32	1554.62	
1583.42	1618.22	1649.70	1686.78	1722.52	1763.56	1805.18	1852.86	1907.12	1963.66	2021.82	2091.22	2170.30	2298.76	2468.32	2671.68	
3010.06	3307.18	3543.06	3649.76	3647.54	3672.48	3673.14	3678.52	3681.42	3678.64	3668.88	3674.58	3682.42	3682.58	3690.08	3695.20	
3694.46	3690.16	3689.36	3703.60	3696.24	3701.26	3704.48	3705.38	3713.92	3721.94	3725.48	3727.22	3726.32	3726.40	3724.98	3723.24	
3728.82	3729.04	3725.84	3719.80	3722.52	3722.02	3726.96	3732.94	3730.82	3733.38	3735.52	3731.88	3734.82	3735.00	3744.48	3741.78	
3743.46	3746.80	3740.54	3732.36	3736.52	3736.78	3736.80	3729.78	3735.84	3736.90	3723.10	3736.78	3741.06	3743.02	3739.46	3740.30	
3731.34	3717.54	3718.24	3717.44	3716.56	3716.38	3731.56	3747.46	3738.06	3735.10	3728.36	3710.80	3731.56	3744.82	3732.02	3730.40	
3732.90	3728.62	3728.20	3733.34	3723.80	3719.48	3716.92	3713.82	3713.58	3716.80	3723.90	3728.34	3724.14	3727.28	3748.92	3708.32	

*******************************************2025/03/28;20:22:03
Probe number 8
Concentration entered by User 2.13% (Compensated: 2.50% at temperature 25.3)
1258.72	1257.00	1283.26	1296.54	1309.68	1324.72	1343.20	1358.78	1378.56	1396.00	1417.16	1445.62	1465.74	1491.60	1519.76	1553.18	
1580.20	1614.94	1647.10	1683.02	1717.36	1761.28	1802.34	1849.14	1902.40	1953.02	2016.84	2088.18	2174.02	2283.84	2451.82	2664.54	
3001.86	3299.26	3531.58	3646.34	3646.06	3670.06	3670.80	3675.88	3678.66	3675.50	3664.58	3670.76	3678.06	3677.90	3685.20	3690.56	
3690.14	3685.48	3685.28	3699.48	3691.90	3697.82	3700.40	3700.76	3710.16	3718.52	3722.18	3723.74	3722.66	3722.88	3722.10	3720.28	
3725.64	3725.94	3722.82	3716.68	3719.48	3719.04	3724.08	3730.24	3727.76	3730.56	3732.56	3728.86	3731.98	3732.00	3741.78	3738.80	
3741.02	3744.26	3737.84	3729.76	3734.14	3733.90	3733.74	3726.76	3732.90	3734.18	3720.32	3733.92	3738.12	3739.96	3736.34	3737.68	
3728.16	3714.14	3714.82	3713.94	3713.22	3713.04	3728.12	3744.78	3734.70	3732.10	3725.14	3707.48	3728.42	3741.98	3728.98	3727.40	
3729.96	3725.20	3725.06	3730.38	3720.80	3715.94	3713.66	3710.28	3710.18	3713.60	3720.44	3725.40	3721.22	3724.06	3745.98	3704.38	

*******************************************2025/03/28;20:42:03
Probe number 9
Concentration entered by User 2.15% (Compensated: 2.50% at temperature 25.1)
1256.80	1255.88	1281.76	1294.54	1308.30	1323.36	1341.26	1357.38	1377.42	1394.34	1415.78	1443.74	1464.18	1490.94	1518.04	1552.62	
1578.32	1612.08	1645.70	1683.82	1718.64	1761.50	1800.80	1845.50	1897.90	1952.96	2009.60	2086.24	2169.94	2288.92	2446.38	2677.22	
2990.26	3293.22	3531.12	3638.96	3644.02	3667.28	3667.68	3673.36	3676.26	3673.26	3662.16	3667.78	3675.56	3675.10	3682.78	3687.52	
3686.82	3682.42	3682.00	3696.48	3688.84	3694.32	3697.08	3697.40	3706.70	3715.16	3719.34	3720.52	3720.04	3719.80	3718.62	3716.56	
3722.54	3722.60	3719.18	3713.06	3715.88	3715.64	3720.58	3726.56	3724.18	3727.56	3729.10	3725.68	3728.66	3728.62	3738.74	3735.44	
3737.78	3740.96	3734.60	3726.40	3731.24	3730.66	3730.46	3723.00	3729.52	3730.84	3716.36	3730.26	3734.56	3736.60	3732.62	3734.00	
3724.72	3710.10	3710.94	3710.08	3709.42	3709.10	3724.68	3741.58	3731.48	3728.52	3721.18	3702.98	3724.88	3738.58	3725.26	3723.50	
3726.42	3721.68	3721.04	3726.88	3716.94	3712.34	3710.12	3705.76	3706.14	3709.38	3717.00	3721.36	3717.34	3720.42	3742.68	3700.30	

*******************************************2025/03/28;21:02:03
Probe number 10
Concentration entered by User 2.10% (Compensated: 2.45% at temperature 25.0)
1261.12	1259.56	1285.98	1298.72	1312.36	1327.78	1346.46	1362.08	1382.14	1399.58	1421.36	1449.08	1470.30	1496.88	1525.16	1559.58	
1585.76	1619.82	1652.96	1689.66	1725.12	1769.64	1808.58	1856.02	1905.66	1958.06	2026.04	2095.18	2176.06	2295.36	2455.92	2670.16	
3005.40	3309.44	3536.46	3656.84	3656.60	3679.04	3678.76	3684.70	3687.04	3684.04	3673.68	3679.22	3687.08	3686.90	3693.72	3698.68	
3698.96	3694.46	3693.82	3708.16	3700.98	3706.40	3708.90	3709.18	3718.04	3726.36	3730.26	3731.34	3731.04	3730.92	3729.72	3727.80	
3733.46	3733.66	3730.60	3724.92	3727.48	3726.58	3731.52	3737.16	3734.88	3737.86	3739.64	3736.14	3739.44	3739.12	3748.36	3745.30	
3747.50	3750.86	3745.08	3737.40	3741.30	3741.36	3740.54	3734.22	3739.96	3741.54	3728.06	3741.26	3744.88	3746.46	3743.08	3744.10	
3735.60	3721.84	3722.50	3721.74	3720.58	3720.56	3734.96	3751.02	3741.64	3739.16	3732.28	3714.68	3735.48	3748.42	3735.56	3734.60	
3736.84	3732.44	3731.96	3737.28	3728.08	3723.52	3721.58	3717.98	3717.68	3721.28	3727.76	3732.46	3728.60	3730.92	3752.06	3712.18	

*******************************************2025/03/28;21:22:03
Probe number 11
Concentration entered by User 2.14% (Compensated: 2.48% at temperature 24.8)
1257.90	1256.90	1283.14	1296.38	1309.56	1325.36	1344.08	1359.56	1379.90	1397.20	1419.16	1448.12	1467.60	1494.28	1522.78	1556.12	
1584.92	1618.52	1651.58	1685.50	1721.30	1764.56	1808.40	1854.86	1906.84	1958.70	2018.10	2090.56	2176.70	2293.38	2458.48	2668.74	
2995.12	3294.06	3526.96	3649.44	3651.20	3674.86	3675.94	3682.00	3683.80	3680.84	3670.00	3675.56	3683.36	3683.78	3690.10	3695.32	
3695.04	3690.68	3690.10	3703.74	3696.60	3702.74	3704.42	3704.98	3713.68	3721.86	3726.12	3727.14	3726.54	3726.86	3725.30	3723.88	
3729.44	3729.18	3726.32	3720.38	3722.82	3722.48	3727.24	3732.92	3730.22	3733.96	3735.62	3732.26	3735.34	3735.24	3744.24	3741.20	
3743.18	3746.82	3740.66	3733.26	3737.38	3736.96	3736.64	3729.62	3735.76	3737.26	3723.68	3737.24	3740.48	3742.34	3738.88	3740.00	
3731.20	3717.14	3717.60	3717.18	3715.54	3716.16	3730.58	3747.34	3737.52	3734.68	3727.86	3710.16	3730.80	3744.28	3731.26	3729.98	
3732.70	3728.16	3727.24	3732.82	3723.68	3718.80	3716.80	3713.10	3712.48	3716.12	3723.30	3727.52	3723.92	3726.54	3747.94	3707.18	

*******************************************2025/03/28;21:42:03
Probe number 12
Concentration entered by User 2.12% (Compensated: 2.45% at temperature 24.7)
1260.46	1259.50	1286.18	1299.58	1312.12	1327.40	1346.76	1362.76	1382.26	1399.80	1421.50	1449.90	1470.90	1497.78	1525.12	1559.26	
1587.12	1619.96	1653.68	1691.22	1726.96	1770.20	1810.80	1855.16	1903.02	1964.82	2022.30	2093.24	2180.92	2294.04	2442.36	2666.06	
2991.40	3302.72	3534.90	3659.10	3658.00	3680.00	3680.84	3686.10	3688.10	3685.34	3674.98	3680.18	3688.16	3687.98	3694.36	3699.22	
3699.10	3694.90	3694.42	3708.02	3700.98	3706.66	3708.98	3709.30	3718.04	3726.10	3730.44	3731.30	3730.80	3730.86	3729.72	3728.22	
3733.64	3733.74	3730.36	3724.94	3727.66	3726.90	3731.12	3736.88	3734.48	3737.78	3739.78	3736.44	3739.62	3739.12	3747.94	3745.12	
3747.02	3750.68	3744.98	3737.70	3741.58	3741.08	3740.72	3734.06	3739.82	3741.38	3728.16	3741.22	3744.58	3746.54	3742.70	3744.10	
3735.52	3721.66	3721.76	3721.28	3720.40	3720.54	3734.92	3750.82	3741.42	3738.64	3731.84	3714.54	3734.82	3748.22	3735.42	3733.90	
3736.78	3732.18	3731.48	3736.64	3727.80	3723.14	3721.20	3717.60	3717.12	3720.82	3727.28	3731.78	3727.82	3730.76	3751.86	3711.90	

*******************************************2025/03/28;22:02:03
Probe number 13
Concentration entered by User 2.17% (Compensated: 2.49% at temperature 24.6)
1259.32	1258.22	1284.46	1297.38	1310.50	1325.34	1344.58	1360.16	1380.36	1398.20	1419.48	1448.54	1468.54	1495.66	1522.62	1554.98	
1584.02	1619.00	1649.18	1687.66	1725.98	1768.46	1808.32	1853.90	1906.64	1956.10	2025.00	2091.58	2174.12	2296.80	2451.62	2672.90	
2979.40	3284.14	3521.46	3653.26	3654.00	3677.08	3678.30	3684.26	3686.06	3683.08	3672.06	3677.76	3685.54	3684.84	3691.54	3695.86	
3695.56	3691.12	3690.06	3704.00	3697.32	3702.98	3705.66	3706.52	3715.40	3723.08	3726.74	3728.40	3727.82	3727.94	3726.68	3725.04	
3730.46	3730.14	3726.76	3720.92	3723.44	3722.88	3726.90	3732.70	3730.30	3733.94	3736.08	3732.54	3735.72	3735.56	3744.46	3741.16	
3743.62	3747.06	3740.98	3734.34	3737.94	3737.40	3737.22	3730.28	3735.86	3737.80	3724.20	3737.70	3740.56	3742.64	3739.02	3740.18	
3731.44	3717.68	3717.48	3716.90	3715.74	3716.00	3730.80	3747.24	3737.52	3734.80	3727.58	3709.84	3730.84	3744.46	3731.16	3730.02	
3732.70	3727.82	3727.14	3732.70	3723.26	3718.86	3716.74	3713.40	3712.60	3716.30	3723.20	3727.72	3723.70	3726.42	3748.00	3707.26	

*******************************************2025/03/28;22:22:03
Probe number 14
Concentration entered by User 2.16% (Compensated: 2.46% at temperature 24.4)
1259.76	1258.30	1285.12	1298.48	1311.46	1326.66	1345.52	1361.24	1381.14	1398.90	1420.76	1449.62	1469.60	1495.42	1523.98	1556.76	
1584.76	1619.32	1653.78	1689.16	1724.22	1767.68	1808.18	1853.56	1903.66	1957.50	2022.12	2090.82	2174.10	2293.26	2449.56	2659.82	
2978.56	3294.64	3528.46	3651.62	3654.54	3675.86	3677.42	3682.74	3684.84	3681.72	3671.22	3675.86	3684.52	3684.76	3690.72	3695.70	
3695.02	3691.10	3690.36	3703.68	3697.64	3703.44	3706.16	3706.72	3715.68	3722.94	3727.10	3728.92	3727.98	3727.94	3727.18	3725.30	
3730.44	3730.40	3726.96	3721.08	3723.56	3723.18	3727.04	3732.84	3730.36	3733.86	3736.02	3732.44	3735.66	3735.80	3744.54	3741.20	
3743.42	3746.78	3741.52	3734.24	3738.08	3737.62	3736.90	3730.42	3736.20	3737.90	3724.30	3737.40	3740.02	3742.24	3739.04	3740.32	
3731.56	3717.54	3717.12	3716.74	3715.34	3715.92	3730.68	3747.04	3737.72	3734.62	3727.38	3709.82	3730.78	3744.30	3730.76	3730.02	
3732.68	3727.56	3726.80	3732.14	3722.82	3718.56	3716.36	3712.46	3712.30	3716.10	3722.96	3727.22	3723.18	3726.56	3747.72	3706.72	

*******************************************2025/03/28;22:42:03
Probe number 15
Concentration entered by User 2.17% (Compensated: 2.47% at temperature 24.3)
1259.26	1257.96	1284.38	1297.76	1311.06	1326.82	1345.26	1361.08	1380.28	1398.62	1420.60	1449.28	1469.24	1495.80	1523.62	1556.46	
1585.14	1619.12	1653.28	1690.04	1724.64	1768.82	1810.02	1854.12	1903.88	1958.56	2019.96	2100.78	2175.96	2298.36	2453.30	2651.48	
2967.56	3295.46	3524.32	3651.32	3653.24	3675.46	3676.74	3682.40	3684.74	3681.94	3671.60	3676.98	3685.72	3685.46	3691.36	3695.64	
3694.96	3691.46	3690.62	3704.36	3697.36	3703.22	3705.88	3706.26	3714.92	3721.88	3726.60	3728.10	3727.40	3727.42	3726.58	3724.66	
3729.92	3729.82	3726.56	3721.16	3723.38	3722.08	3726.36	3731.68	3729.76	3733.24	3735.24	3731.80	3735.44	3734.72	3743.82	3740.48	
3742.54	3746.32	3740.64	3733.80	3737.56	3736.84	3736.62	3729.68	3735.40	3737.40	3723.54	3737.00	3739.58	3741.14	3738.30	3739.40	
3730.74	3716.72	3716.54	3716.30	3714.60	3715.00	3730.06	3746.44	3736.70	3733.86	3726.78	3708.94	3730.02	3743.66	3730.14	3728.98	
3731.58	3726.84	3726.24	3731.56	3722.46	3717.78	3715.90	3711.78	3711.74	3715.52	3721.98	3726.70	3722.60	3725.54	3747.22	3706.12	

*******************************************2025/03/28;23:02:03
Probe number 16
Concentration entered by User 2.20% (Compensated: 2.49% at temperature 24.2)
1257.58	1256.20	1283.00	1295.82	1309.26	1324.02	1342.60	1358.54	1378.78	1396.68	1418.22	1446.30	1467.80	1493.14	1521.66	1554.90	
1583.34	1618.00	1650.26	1687.48	1724.50	1767.12	1807.56	1850.04	1900.86	1957.84	2021.58	2097.68	2167.60	2289.74	2439.62	2664.62	
2960.60	3286.96	3509.86	3646.24	3653.56	3675.76	3676.20	3681.92	3683.74	3680.74	3670.72	3675.40	3683.34	3684.00	3689.02	3693.56	
3692.70	3688.56	3687.50	3701.38	3695.28	3700.90	3703.46	3703.66	3712.60	3719.96	3724.14	3725.68	3725.04	3725.02	3723.92	3722.02	
3727.40	3727.56	3724.00	3718.82	3721.22	3720.22	3724.08	3729.30	3727.12	3730.98	3733.04	3729.70	3733.14	3732.76	3741.82	3737.64	
3740.34	3744.36	3738.48	3731.62	3735.44	3734.72	3733.98	3727.60	3733.12	3735.16	3721.26	3734.64	3737.34	3739.08	3736.10	3737.12	
3728.42	3714.28	3713.52	3713.68	3712.02	3712.42	3727.58	3744.40	3734.66	3731.40	3724.50	3706.30	3727.88	3741.50	3727.64	3726.82	
3729.32	3724.38	3723.52	3729.24	3719.88	3714.94	3712.86	3709.66	3708.92	3712.74	3719.36	3724.04	3719.98	3723.10	3745.00	3703.40	

*******************************************2025/03/28;23:22:03
Probe number 17
Concentration entered by User 2.19% (Compensated: 2.47% at temperature 24.1)
1258.24	1257.12	1283.36	1296.74	1310.00	1324.74	1343.74	1359.32	1379.00	1396.26	1418.26	1446.82	1466.64	1493.84	1522.04	1555.18	
1583.78	1617.54	1651.30	1687.52	1722.08	1766.58	1806.10	1849.46	1903.80	1956.54	2020.16	2087.04	2169.54	2288.60	2431.70	2658.04	
2975.00	3277.14	3525.00	3651.88	3655.24	3676.74	3677.30	3683.20	3684.54	3681.56	3671.98	3676.32	3684.54	3684.80	3689.56	3693.98	
3693.50	3689.22	3688.66	3701.88	3695.06	3701.40	3703.54	3703.82	3712.08	3719.58	3723.58	3725.58	3724.70	3724.84	3724.02	3722.22	
3727.56	3727.72	3723.90	3718.68	3721.48	3719.76	3723.90	3729.24	3727.00	3731.32	3732.92	3729.86	3733.00	3732.90	3741.54	3737.78	
3740.30	3744.22	3738.76	3732.32	3735.60	3735.36	3734.22	3727.54	3733.26	3735.38	3721.38	3734.76	3737.24	3739.16	3736.04	3737.30	
3728.70	3714.28	3713.44	3713.26	3712.14	3712.28	3727.60	3744.10	3734.36	3731.36	3724.16	3706.30	3727.56	3741.32	3727.14	3726.38	
3729.18	3723.88	3723.00	3728.96	3719.66	3714.94	3713.20	3709.12	3708.42	3712.30	3719.26	3723.54	3719.62	3722.62	3744.54	3702.74	

*******************************************2025/03/28;23:42:03
Probe number 18
Concentration entered by User 2.21% (Compensated: 2.48% at temperature 24.0)
1259.62	1258.08	1284.40	1297.36	1310.54	1325.72	1344.54	1360.26	1380.50	1398.42	1419.72	1447.82	1468.48	1494.16	1521.38	1555.10	
1583.88	1618.26	1651.74	1688.60	1725.74	1768.58	1806.62	1854.44	1902.74	1959.52	2017.86	2088.04	2167.84	2282.78	2443.90	2665.12	
2959.98	3278.86	3510.18	3653.12	3656.76	3678.28	3678.36	3684.22	3685.72	3682.40	3672.56	3677.02	3685.52	3685.00	3690.36	3694.58	
3692.90	3689.30	3688.72	3701.66	3695.02	3701.32	3703.36	3703.60	3711.84	3719.10	3723.60	3725.08	3724.28	3724.54	3723.44	3721.76	
3727.32	3726.88	3723.34	3718.58	3720.96	3719.84	3723.06	3728.58	3726.80	3730.76	3732.90	3729.52	3732.76	3732.58	3741.28	3736.86	
3739.46	3744.00	3738.38	3731.94	3735.30	3734.68	3734.08	3727.12	3732.86	3735.00	3721.10	3734.42	3736.90	3738.22	3735.86	3736.54	
3727.72	3713.44	3712.66	3712.60	3711.38	3711.46	3727.42	3743.50	3733.82	3730.26	3723.74	3705.54	3726.44	3740.78	3726.64	3726.28	
3728.68	3723.46	3722.88	3728.22	3718.58	3714.16	3711.96	3708.42	3708.18	3711.50	3718.58	3723.02	3719.22	3722.38	3743.96	3702.18	

