*******************************************2025/03/27;00:16:20
Probe number 22
Concentration entered by User 1.13% (Compensated: 1.46% at temperature 24.8)
1258.98	1257.92	1284.40	1298.08	1311.96	1327.28	1346.48	1362.00	1381.84	1398.18	1418.10	1447.98	1468.46	1498.02	1527.40	1563.34	
1594.50	1633.04	1668.18	1708.62	1750.64	1804.60	1849.14	1897.60	1969.24	2037.76	2126.38	2222.34	2328.94	2489.42	2700.72	2968.42	
3290.02	3531.72	3685.14	3719.90	3705.32	3722.30	3712.54	3716.14	3716.44	3714.28	3708.06	3709.06	3716.06	3716.06	3717.26	3714.28	
3711.46	3712.54	3716.82	3725.78	3718.32	3721.94	3718.34	3715.62	3723.70	3727.56	3731.98	3734.72	3733.92	3733.14	3728.54	3725.04	
3730.66	3732.28	3730.90	3725.38	3725.86	3722.98	3726.06	3731.78	3730.64	3734.14	3735.62	3732.86	3734.96	3733.60	3743.42	3738.70	
3743.78	3746.80	3742.90	3738.66	3740.58	3739.70	3738.64	3732.34	3737.80	3739.04	3725.06	3736.74	3738.64	3740.00	3737.08	3737.48	
3728.12	3713.88	3713.54	3714.00	3711.84	3712.28	3726.98	3743.56	3734.08	3730.42	3723.68	3705.28	3726.42	3740.18	3727.40	3725.88	
3728.60	3723.90	3724.36	3730.14	3720.42	3715.30	3714.50	3710.76	3710.54	3713.64	3720.68	3725.40	3720.92	3724.52	3746.74	3704.74	

*******************************************2025/03/27;00:36:20
Probe number 23
Concentration entered by User 1.17% (Compensated: 1.49% at temperature 24.7)
1259.56	1258.18	1285.04	1298.58	1312.16	1327.76	1347.14	1362.28	1382.18	1398.02	1418.58	1447.64	1469.74	1497.70	1527.12	1563.46	
1594.16	1633.26	1668.08	1707.88	1750.24	1800.82	1847.40	1900.80	1968.60	2038.78	2123.42	2223.76	2328.10	2487.00	2692.50	2950.50	
3283.80	3527.82	3683.32	3717.70	3703.46	3720.50	3710.80	3714.84	3715.08	3713.02	3706.58	3707.72	3714.76	3714.90	3716.40	3713.54	
3710.44	3711.70	3716.04	3725.30	3717.58	3720.58	3717.66	3714.88	3723.18	3726.96	3731.58	3734.12	3733.64	3732.70	3728.22	3724.64	
3730.00	3731.74	3730.28	3724.86	3725.34	3722.78	3725.54	3731.68	3730.24	3733.74	3735.58	3732.00	3734.78	3733.04	3742.70	3737.88	
3743.24	3746.52	3742.70	3737.90	3740.46	3739.60	3738.00	3731.90	3737.20	3738.90	3725.08	3736.26	3738.82	3739.60	3736.76	3737.50	
3727.72	3713.18	3713.30	3713.72	3711.66	3711.98	3726.58	3743.02	3733.66	3729.78	3723.58	3705.08	3726.00	3739.80	3726.98	3725.26	
3728.16	3723.84	3724.06	3729.90	3720.04	3715.04	3713.98	3710.00	3710.04	3713.12	3720.56	3724.96	3720.52	3724.56	3746.32	3704.48	

*******************************************2025/03/27;00:56:20
Probe number 24
Concentration entered by User 1.19% (Compensated: 1.50% at temperature 24.5)
1259.86	1258.70	1285.90	1299.06	1313.18	1328.54	1347.48	1363.04	1383.20	1399.12	1419.26	1449.04	1469.70	1498.12	1526.92	1562.10	
1594.80	1632.66	1667.68	1706.76	1751.10	1802.92	1850.32	1901.86	1969.00	2037.28	2119.84	2219.48	2338.42	2488.62	2703.52	2948.60	
3273.02	3525.80	3680.60	3719.84	3706.18	3722.14	3713.04	3717.06	3717.78	3714.74	3709.08	3710.24	3716.96	3717.10	3718.28	3715.46	
3712.54	3713.48	3718.08	3726.90	3719.34	3722.92	3719.76	3716.40	3724.46	3728.28	3733.44	3735.90	3734.74	3734.18	3729.96	3725.86	
3731.60	3733.50	3732.12	3726.78	3727.16	3724.32	3727.22	3733.38	3731.46	3735.30	3737.26	3733.68	3736.02	3734.40	3744.24	3739.36	
3744.44	3747.78	3744.00	3739.36	3741.96	3740.58	3739.60	3733.52	3738.86	3740.32	3726.10	3737.88	3740.22	3740.86	3738.24	3738.56	
3729.36	3714.98	3714.60	3715.12	3713.10	3713.28	3728.06	3744.58	3735.24	3731.12	3724.74	3706.16	3727.10	3740.72	3728.02	3727.30	
3729.72	3725.04	3725.82	3731.22	3721.46	3716.40	3715.54	3711.96	3711.52	3714.76	3721.58	3726.26	3722.10	3726.24	3747.66	3705.92	

*******************************************2025/03/27;01:16:20
Probe number 25
Concentration entered by User 1.23% (Compensated: 1.53% at temperature 24.4)
1258.34	1257.12	1283.90	1296.88	1311.36	1326.18	1345.06	1360.94	1380.78	1396.18	1416.38	1444.74	1466.64	1495.00	1524.08	1559.06	
1590.84	1629.40	1664.92	1702.78	1744.74	1796.36	1845.30	1898.14	1964.98	2031.38	2115.50	2212.44	2322.66	2480.02	2674.84	2933.68	
3267.34	3519.18	3670.20	3713.00	3699.76	3716.52	3707.52	3711.58	3711.94	3709.16	3702.66	3704.20	3711.14	3711.42	3712.40	3709.90	
3706.66	3707.64	3712.00	3721.32	3713.76	3717.20	3713.98	3711.08	3718.82	3722.88	3727.72	3730.56	3729.50	3728.78	3724.30	3720.54	
3726.56	3728.30	3726.66	3721.12	3721.62	3718.96	3721.84	3727.72	3726.36	3730.48	3732.18	3728.16	3731.26	3729.52	3739.48	3734.36	
3739.80	3743.44	3739.12	3734.72	3737.10	3735.72	3734.68	3728.18	3733.66	3735.38	3720.66	3732.68	3735.16	3736.20	3732.82	3733.30	
3724.22	3709.26	3708.86	3709.26	3707.58	3707.66	3722.52	3739.36	3730.40	3726.14	3719.52	3700.72	3722.00	3735.96	3722.92	3722.08	
3724.54	3719.64	3719.88	3725.90	3716.22	3710.68	3709.76	3705.94	3705.54	3709.56	3716.36	3721.02	3717.10	3721.06	3742.86	3700.02	

*******************************************2025/03/27;01:36:20
Probe number 26
Concentration entered by User 1.21% (Compensated: 1.51% at temperature 24.3)
1258.08	1257.18	1283.32	1296.94	1310.60	1325.76	1345.28	1360.58	1379.82	1395.98	1416.90	1445.62	1467.04	1494.36	1522.96	1559.54	
1590.02	1629.26	1663.78	1700.58	1744.32	1795.40	1844.20	1899.72	1960.74	2028.38	2113.40	2213.64	2324.08	2475.10	2681.98	2934.36	
3266.54	3527.04	3677.24	3717.18	3701.74	3718.54	3709.62	3713.46	3713.62	3710.86	3704.58	3706.00	3713.18	3713.10	3714.34	3711.42	
3708.36	3709.40	3713.78	3723.40	3715.66	3718.96	3715.86	3712.32	3720.58	3724.54	3729.42	3731.90	3731.46	3730.12	3726.36	3722.56	
3728.16	3729.82	3728.40	3722.86	3723.24	3720.48	3723.72	3729.56	3727.96	3731.72	3733.82	3730.00	3732.60	3731.16	3740.88	3736.04	
3741.32	3744.86	3740.42	3736.02	3738.66	3737.34	3736.12	3730.22	3735.06	3737.00	3722.22	3734.40	3736.48	3737.64	3734.90	3735.08	
3725.78	3711.26	3710.70	3711.14	3708.88	3709.44	3724.36	3740.94	3731.60	3727.92	3721.22	3702.80	3724.00	3737.84	3724.52	3723.54	
3725.92	3721.46	3721.92	3727.48	3717.70	3712.52	3711.92	3707.72	3707.74	3710.98	3717.80	3722.60	3718.92	3722.42	3744.64	3702.58	

*******************************************2025/03/27;01:56:20
Probe number 27
Concentration entered by User 1.25% (Compensated: 1.54% at temperature 24.2)
1256.80	1255.72	1282.82	1296.12	1309.48	1324.70	1343.96	1359.44	1378.86	1394.42	1415.00	1444.24	1464.70	1494.02	1523.20	1559.08	
1589.62	1626.52	1661.64	1699.84	1742.58	1793.88	1841.16	1894.52	1963.06	2026.54	2109.64	2207.38	2320.80	2475.98	2669.48	2920.78	
3254.42	3520.30	3675.60	3715.48	3702.14	3718.14	3709.14	3713.34	3713.42	3710.90	3704.80	3705.30	3712.48	3712.56	3713.90	3711.26	
3708.40	3709.22	3713.20	3722.86	3714.98	3718.62	3715.04	3712.02	3719.70	3723.98	3729.28	3731.88	3730.42	3729.72	3725.66	3721.90	
3727.34	3729.44	3727.64	3722.08	3722.74	3720.02	3722.62	3728.82	3727.42	3730.84	3732.88	3729.32	3732.10	3730.52	3740.16	3735.38	
3740.70	3744.32	3739.88	3735.06	3738.00	3736.70	3735.66	3729.88	3734.58	3736.32	3721.50	3733.50	3736.18	3736.88	3733.98	3734.42	
3724.86	3710.36	3709.70	3710.64	3708.56	3708.36	3723.64	3740.24	3731.00	3727.36	3720.62	3701.92	3723.16	3737.28	3723.72	3722.74	
3725.52	3720.48	3721.20	3726.64	3717.10	3711.78	3711.26	3707.26	3706.94	3710.04	3717.40	3721.88	3718.50	3721.78	3743.86	3701.38	

*******************************************2025/03/27;02:16:20
Probe number 28
Concentration entered by User 1.24% (Compensated: 1.52% at temperature 24.1)
1255.98	1254.56	1281.54	1294.80	1308.28	1323.30	1342.52	1357.60	1377.28	1393.26	1413.38	1442.22	1463.10	1491.52	1520.16	1557.00	
1587.24	1625.86	1660.52	1699.32	1739.92	1792.64	1839.22	1891.60	1958.20	2022.92	2108.18	2200.56	2313.14	2456.20	2672.48	2934.58	
3250.92	3522.66	3678.34	3717.96	3704.62	3720.54	3711.76	3715.18	3715.60	3712.50	3706.70	3707.44	3714.82	3715.08	3716.36	3713.10	
3709.72	3711.18	3715.16	3724.52	3717.04	3720.28	3717.22	3713.54	3721.10	3725.80	3730.68	3733.44	3731.72	3731.22	3727.02	3723.62	
3729.00	3731.04	3729.60	3723.82	3724.12	3721.28	3724.34	3730.24	3729.16	3732.76	3734.82	3731.00	3733.62	3731.92	3741.62	3736.86	
3742.14	3745.82	3741.22	3736.72	3739.44	3738.36	3737.34	3731.32	3735.92	3738.00	3723.10	3735.50	3737.28	3738.90	3735.62	3735.64	
3726.44	3712.70	3711.58	3712.50	3710.08	3710.46	3725.22	3741.96	3732.82	3728.78	3722.38	3703.44	3724.82	3738.96	3725.00	3724.72	
3727.04	3722.34	3722.34	3728.72	3718.46	3713.86	3712.90	3709.08	3708.66	3712.16	3719.12	3723.38	3719.70	3723.46	3745.24	3703.30	

*******************************************2025/03/27;02:36:20
Probe number 29
Concentration entered by User 1.28% (Compensated: 1.55% at temperature 24.0)
1255.66	1254.76	1281.06	1294.28	1307.80	1322.84	1341.82	1357.22	1376.68	1391.96	1413.08	1442.06	1462.26	1490.70	1518.94	1554.12	
1584.70	1624.46	1656.12	1693.42	1738.06	1789.00	1835.96	1888.82	1950.50	2019.22	2104.28	2198.80	2306.32	2459.24	2665.04	2927.92	
3245.36	3512.30	3667.84	3713.14	3700.02	3717.24	3708.16	3711.50	3712.20	3709.30	3703.00	3704.04	3711.54	3711.66	3712.88	3709.90	
3706.14	3707.64	3711.78	3721.02	3713.80	3716.86	3713.58	3710.44	3718.12	3722.54	3727.84	3730.24	3729.04	3728.26	3724.22	3720.80	
3726.06	3728.14	3726.72	3721.02	3721.24	3718.18	3721.52	3727.58	3726.12	3729.92	3731.58	3727.72	3730.52	3729.08	3738.98	3734.12	
3739.40	3742.94	3738.82	3733.88	3736.24	3735.46	3734.36	3728.32	3733.22	3735.00	3720.02	3732.16	3734.62	3735.84	3733.06	3732.96	
3723.56	3709.40	3708.48	3709.14	3706.98	3706.92	3722.08	3739.38	3730.28	3725.76	3719.28	3700.24	3721.76	3736.12	3722.00	3721.72	
3724.04	3719.16	3719.44	3725.36	3715.26	3710.34	3709.84	3706.00	3705.50	3708.72	3716.22	3720.48	3716.80	3720.78	3742.76	3700.02	

*******************************************2025/03/27;02:56:20
Probe number 30
Concentration entered by User 1.26% (Compensated: 1.52% at temperature 23.9)
1256.52	1255.38	1281.76	1295.32	1308.22	1323.58	1342.74	1358.38	1377.94	1392.98	1413.36	1442.34	1463.88	1491.84	1520.10	1554.84	
1587.12	1623.80	1658.72	1698.26	1738.36	1788.36	1832.90	1886.82	1951.34	2017.30	2098.78	2202.10	2309.24	2458.02	2656.56	2925.60	
3255.72	3517.02	3668.82	3716.36	3702.88	3719.28	3710.06	3713.98	3714.16	3711.16	3704.94	3706.02	3713.34	3713.66	3714.64	3711.64	
3707.78	3709.30	3713.18	3722.70	3715.04	3718.48	3715.38	3711.66	3719.44	3723.90	3729.06	3731.48	3730.48	3729.30	3725.32	3722.04	
3727.48	3729.38	3727.92	3722.02	3722.54	3719.84	3722.54	3728.74	3727.50	3731.38	3733.24	3729.26	3731.68	3730.44	3740.30	3735.52	
3740.74	3744.50	3739.98	3735.54	3738.02	3736.94	3735.78	3729.74	3734.48	3736.60	3721.54	3733.86	3736.32	3736.92	3734.44	3734.68	
3725.32	3711.04	3709.80	3710.78	3708.56	3708.34	3723.84	3740.26	3731.36	3727.16	3720.82	3701.90	3723.38	3737.54	3723.44	3723.14	
3725.56	3720.46	3720.64	3726.38	3716.78	3711.68	3710.90	3707.40	3707.02	3710.56	3717.44	3721.70	3718.40	3722.12	3743.78	3701.48	

*******************************************2025/03/27;03:16:20
Probe number 31
Concentration entered by User 1.27% (Compensated: 1.53% at temperature 23.8)
1256.98	1256.00	1282.78	1296.14	1309.68	1325.28	1344.10	1359.38	1379.00	1394.76	1414.90	1443.82	1464.80	1493.68	1521.92	1557.70	
1587.62	1625.90	1659.00	1698.60	1740.76	1789.86	1840.00	1890.92	1955.60	2022.64	2103.98	2201.18	2316.06	2470.26	2655.50	2915.14	
3251.04	3518.40	3671.30	3721.10	3707.68	3723.50	3715.10	3718.26	3718.42	3715.78	3710.12	3711.26	3717.88	3718.40	3719.26	3716.10	
3712.68	3713.82	3718.02	3727.30	3720.08	3723.00	3720.26	3716.78	3724.20	3728.18	3733.22	3736.00	3734.34	3733.62	3729.70	3726.42	
3732.10	3733.44	3732.34	3726.64	3727.34	3724.44	3727.22	3733.02	3732.02	3735.36	3737.48	3733.22	3736.16	3734.62	3744.38	3739.56	
3744.70	3748.54	3743.76	3739.34	3742.08	3741.00	3739.92	3733.62	3738.80	3740.74	3726.02	3737.66	3740.20	3741.34	3738.66	3738.32	
3729.38	3715.58	3714.58	3715.32	3713.26	3712.78	3728.30	3744.26	3735.60	3731.48	3725.74	3706.88	3727.88	3741.50	3728.00	3727.50	
3729.80	3725.18	3725.36	3731.12	3721.54	3716.66	3715.96	3712.38	3711.64	3715.04	3722.02	3726.58	3722.96	3727.00	3747.64	3706.72	

*******************************************2025/03/27;03:36:20
Probe number 32
Concentration entered by User 1.33% (Compensated: 1.58% at temperature 23.7)
1256.44	1255.04	1281.42	1295.08	1308.92	1323.20	1342.56	1357.64	1378.02	1392.74	1413.14	1442.26	1462.78	1490.26	1519.18	1553.38	
1585.02	1623.12	1655.58	1694.56	1738.04	1787.08	1832.92	1886.42	1949.88	2017.74	2099.94	2192.72	2301.04	2460.74	2654.40	2910.58	
3229.10	3499.60	3668.88	3714.00	3700.70	3717.18	3707.42	3711.52	3711.90	3709.46	3703.38	3704.92	3711.88	3712.36	3713.00	3709.80	
3706.14	3707.52	3711.70	3721.52	3713.70	3717.38	3714.10	3710.84	3718.10	3722.36	3727.94	3730.30	3729.20	3727.38	3723.94	3720.46	
3726.38	3727.88	3726.42	3720.68	3721.22	3718.24	3721.44	3727.38	3726.28	3729.54	3731.82	3727.92	3730.86	3729.08	3739.16	3734.06	
3739.52	3743.64	3738.70	3733.68	3736.52	3735.86	3734.16	3728.36	3733.26	3735.62	3720.30	3732.16	3735.02	3735.84	3732.94	3733.04	
3723.42	3709.34	3708.42	3708.96	3707.22	3706.62	3722.48	3739.14	3730.24	3725.82	3719.38	3700.38	3721.70	3736.22	3721.74	3721.78	
3724.08	3719.30	3719.64	3725.38	3715.46	3710.26	3709.68	3705.82	3705.64	3709.06	3716.00	3720.42	3716.68	3720.94	3742.66	3700.20	

*******************************************2025/03/27;03:56:20
Probe number 33
Concentration entered by User 1.30% (Compensated: 1.54% at temperature 23.6)
1258.06	1256.52	1283.14	1296.22	1310.08	1324.76	1344.50	1359.60	1379.68	1394.76	1414.88	1443.66	1464.18	1493.00	1521.64	1555.92	
1587.24	1625.52	1659.02	1696.18	1735.94	1787.86	1837.50	1888.02	1950.40	2023.74	2105.86	2193.68	2294.44	2451.00	2647.28	2924.96	
3241.60	3506.24	3661.54	3714.62	3701.78	3718.74	3709.42	3712.66	3713.58	3711.24	3705.38	3706.38	3713.86	3713.96	3714.62	3711.56	
3707.60	3709.34	3713.54	3722.94	3715.42	3718.54	3715.52	3712.24	3719.62	3723.84	3729.02	3731.36	3729.88	3728.92	3725.12	3721.78	
3727.76	3729.36	3728.18	3722.54	3722.86	3719.84	3723.28	3728.92	3727.44	3731.24	3733.26	3729.42	3732.14	3730.66	3740.48	3735.94	
3740.64	3744.78	3740.22	3735.14	3738.14	3737.14	3735.82	3729.80	3734.56	3736.70	3721.54	3734.06	3736.90	3737.20	3734.54	3734.18	
3724.98	3711.24	3710.20	3711.08	3708.70	3708.24	3724.20	3740.32	3731.66	3727.24	3721.00	3701.96	3723.22	3737.34	3723.40	3723.58	
3725.66	3720.92	3720.74	3726.80	3716.84	3711.92	3711.44	3707.54	3706.74	3710.64	3717.66	3722.02	3718.20	3722.42	3743.94	3701.94	

*******************************************2025/03/27;04:00:03
Probe number 34
Concentration entered by User 1.33% (Compensated: 1.57% at temperature 23.6)
1256.08	1254.92	1281.62	1294.90	1308.58	1323.36	1342.38	1357.62	1377.34	1393.16	1412.68	1441.38	1462.06	1490.64	1519.00	1555.26	
1584.00	1623.18	1656.12	1693.22	1734.96	1785.38	1833.26	1884.84	1949.88	2019.04	2098.52	2195.82	2301.50	2457.24	2654.74	2911.08	
3230.96	3500.48	3661.62	3714.50	3701.68	3717.52	3708.98	3712.36	3713.08	3710.30	3704.64	3705.78	3713.40	3713.20	3713.42	3710.36	
3706.72	3707.92	3712.10	3721.50	3713.64	3716.78	3714.04	3710.54	3717.78	3722.42	3727.84	3729.86	3728.18	3727.26	3723.32	3720.24	
3725.94	3727.56	3726.26	3720.50	3721.02	3718.04	3721.58	3727.12	3726.02	3729.56	3731.58	3727.34	3730.64	3728.64	3738.86	3734.06	
3739.08	3743.10	3738.66	3733.44	3736.00	3735.58	3734.12	3727.92	3733.12	3734.84	3719.70	3731.86	3734.40	3735.48	3732.78	3732.74	
3723.34	3709.28	3708.16	3708.52	3706.72	3705.90	3722.34	3738.70	3730.02	3726.06	3719.00	3699.86	3721.46	3735.78	3721.36	3721.52	
3723.64	3718.86	3718.86	3724.90	3714.68	3709.94	3709.08	3705.42	3704.88	3708.26	3715.52	3720.30	3716.88	3720.42	3742.32	3700.04	

*******************************************2025/03/27;04:16:20
Probe number 35
Concentration entered by User 1.31% (Compensated: 1.55% at temperature 23.5)
1256.06	1255.18	1281.14	1295.08	1308.52	1323.34	1342.50	1357.48	1377.60	1393.02	1412.80	1441.22	1462.38	1490.08	1518.72	1553.36	
1584.86	1621.54	1655.24	1695.52	1736.26	1784.96	1834.32	1883.28	1948.46	2016.82	2094.88	2191.80	2299.46	2444.70	2650.00	2912.52	
3240.98	3505.64	3662.68	3715.02	3704.66	3720.32	3711.48	3714.60	3715.00	3712.52	3706.78	3707.92	3714.66	3714.36	3714.94	3711.52	
3707.72	3708.88	3713.30	3722.78	3715.14	3718.14	3715.40	3711.70	3719.06	3723.48	3728.80	3730.94	3729.38	3728.14	3724.18	3720.94	
3726.68	3728.62	3727.24	3721.34	3721.68	3719.00	3722.10	3728.24	3726.98	3730.34	3732.38	3728.34	3731.12	3729.46	3739.86	3734.68	
3739.78	3744.00	3739.38	3734.38	3736.90	3736.10	3734.82	3728.80	3733.70	3735.96	3720.54	3732.82	3735.66	3736.10	3733.78	3733.28	
3724.10	3709.98	3709.18	3709.52	3707.74	3707.24	3722.92	3739.56	3730.86	3726.56	3720.22	3700.88	3722.68	3736.60	3722.56	3722.64	
3724.68	3719.82	3719.78	3725.76	3715.88	3710.82	3709.98	3706.52	3706.02	3709.50	3716.64	3721.20	3717.34	3721.58	3743.16	3701.06	

*******************************************2025/03/27;04:36:20
Probe number 36
Concentration entered by User 1.36% (Compensated: 1.59% at temperature 23.4)
1255.26	1254.06	1279.92	1293.34	1306.80	1321.88	1340.64	1356.08	1375.34	1390.92	1412.08	1439.96	1460.48	1488.82	1517.38	1551.24	
1581.24	1619.76	1652.22	1690.12	1732.60	1785.08	1829.24	1880.46	1940.70	2015.60	2097.12	2186.64	2296.74	2445.56	2635.82	2889.00	
3223.82	3496.10	3664.36	3712.94	3699.74	3716.18	3706.78	3709.80	3710.70	3707.98	3701.94	3703.02	3709.96	3709.98	3709.84	3706.04	
3702.38	3703.50	3707.94	3717.60	3709.32	3712.48	3709.68	3706.16	3713.04	3717.72	3723.14	3725.70	3723.72	3722.20	3718.50	3715.66	
3721.62	3723.42	3721.32	3715.40	3716.56	3713.08	3716.72	3722.96	3721.62	3724.98	3726.80	3722.82	3725.54	3724.02	3734.78	3729.80	
3735.00	3738.80	3734.26	3729.00	3731.46	3731.08	3729.68	3723.40	3728.44	3730.48	3715.00	3727.28	3730.30	3731.38	3728.02	3728.26	
3718.04	3704.38	3703.62	3703.60	3701.46	3701.18	3717.48	3734.40	3725.48	3721.22	3714.34	3694.82	3716.42	3731.50	3716.68	3716.84	
3718.74	3714.04	3713.90	3720.26	3710.02	3704.68	3704.14	3700.34	3699.80	3703.40	3710.76	3715.48	3711.82	3715.70	3738.34	3694.82	

*******************************************2025/03/27;04:56:20
Probe number 37
Concentration entered by User 1.27% (Compensated: 1.49% at temperature 23.3)
1260.22	1259.14	1285.66	1298.82	1312.64	1327.68	1346.74	1362.10	1382.22	1397.58	1418.86	1447.30	1468.86	1496.14	1524.54	1559.74	
1590.68	1627.58	1661.00	1701.48	1741.40	1795.46	1839.48	1892.20	1957.36	2020.22	2094.40	2199.48	2312.94	2454.26	2643.26	2923.48	
3243.24	3519.74	3681.54	3726.80	3713.62	3729.34	3720.50	3723.66	3723.64	3722.14	3716.70	3717.64	3724.26	3723.66	3723.74	3720.34	
3717.04	3718.36	3721.86	3731.06	3723.34	3726.58	3723.42	3720.44	3726.76	3731.24	3736.44	3738.56	3736.60	3735.06	3731.82	3729.08	
3734.62	3736.16	3734.64	3729.16	3729.38	3726.76	3729.74	3735.96	3734.26	3737.76	3739.74	3735.84	3738.36	3736.90	3746.66	3742.10	
3746.88	3750.84	3746.54	3741.50	3744.02	3743.66	3742.14	3736.62	3741.40	3742.90	3728.70	3740.00	3742.74	3743.64	3740.98	3740.66	
3731.64	3718.44	3717.38	3717.84	3716.00	3715.46	3730.62	3746.74	3738.28	3734.02	3727.88	3709.56	3730.28	3743.80	3730.42	3730.48	
3732.44	3727.82	3727.40	3733.24	3723.80	3718.80	3718.62	3714.70	3714.22	3717.84	3725.14	3729.20	3725.44	3729.18	3750.42	3709.82	

*******************************************2025/03/27;05:16:20
Probe number 38
Concentration entered by User 1.33% (Compensated: 1.55% at temperature 23.3)
1259.44	1257.72	1284.88	1298.46	1311.80	1326.74	1345.30	1360.86	1380.76	1397.30	1417.34	1445.54	1466.28	1495.04	1522.84	1557.72	
1588.48	1625.08	1659.24	1697.38	1739.88	1787.42	1834.72	1888.76	1951.70	2020.52	2098.38	2190.50	2304.12	2454.26	2647.22	2894.58	
3229.38	3505.88	3677.44	3724.06	3711.52	3726.82	3718.18	3720.96	3721.50	3719.16	3713.86	3714.82	3721.48	3720.78	3720.62	3717.68	
3713.96	3715.30	3719.16	3728.72	3721.08	3724.68	3721.92	3718.24	3724.96	3729.36	3734.34	3736.80	3734.82	3733.00	3729.78	3727.44	
3732.98	3734.42	3732.90	3727.34	3727.56	3724.90	3728.38	3734.20	3733.04	3736.14	3738.18	3734.42	3736.86	3735.32	3745.04	3740.72	
3745.58	3749.36	3745.02	3739.80	3742.34	3742.02	3740.44	3734.82	3739.50	3741.46	3726.94	3738.36	3741.14	3741.96	3739.30	3739.24	
3730.10	3716.78	3716.04	3715.84	3714.24	3713.34	3729.12	3745.30	3737.04	3732.66	3726.74	3707.78	3728.84	3742.36	3728.92	3728.78	
3730.54	3726.08	3725.90	3731.72	3722.48	3717.30	3716.50	3713.44	3712.60	3715.86	3722.98	3727.58	3723.84	3728.00	3748.86	3707.90	

*******************************************2025/03/27;05:36:20
Probe number 39
Concentration entered by User 1.34% (Compensated: 1.55% at temperature 23.2)
1258.36	1256.74	1283.42	1297.08	1310.44	1326.16	1344.54	1359.90	1379.74	1395.24	1415.28	1443.94	1464.70	1493.28	1521.40	1556.50	
1585.48	1622.62	1656.82	1694.50	1735.60	1784.24	1834.14	1884.38	1949.56	2014.38	2094.16	2190.90	2295.38	2448.14	2629.92	2899.14	
3232.24	3500.48	3664.56	3719.98	3709.18	3724.22	3715.60	3718.34	3718.72	3716.62	3711.56	3711.96	3718.50	3718.10	3718.06	3714.42	
3710.90	3712.16	3715.88	3725.64	3718.08	3721.34	3718.32	3714.92	3721.30	3725.86	3731.38	3733.56	3731.20	3729.42	3726.18	3723.90	
3729.54	3731.16	3729.74	3723.32	3724.08	3721.64	3725.02	3731.00	3729.66	3732.72	3734.56	3730.98	3733.52	3731.98	3742.20	3737.24	
3742.28	3746.38	3741.64	3736.60	3739.16	3738.68	3737.26	3731.26	3736.56	3738.08	3723.52	3734.88	3738.16	3738.78	3736.16	3735.66	
3726.54	3713.12	3712.00	3712.26	3710.48	3709.54	3725.88	3742.04	3733.68	3729.06	3723.28	3703.44	3725.30	3739.30	3725.20	3725.20	
3726.96	3722.64	3722.36	3728.24	3718.66	3713.58	3713.14	3709.62	3708.52	3712.06	3719.20	3723.90	3720.10	3724.18	3745.50	3703.90	

*******************************************2025/03/27;05:56:20
Probe number 40
Concentration entered by User 1.32% (Compensated: 1.53% at temperature 23.1)
1260.48	1258.76	1285.90	1299.56	1313.30	1328.80	1347.48	1361.92	1381.82	1397.94	1418.32	1446.88	1468.10	1495.68	1523.54	1559.08	
1589.02	1626.00	1659.18	1696.66	1738.50	1786.32	1835.10	1886.16	1949.12	2015.04	2095.28	2193.26	2294.26	2441.96	2646.06	2906.30	
3232.70	3504.10	3670.56	3724.62	3710.64	3725.62	3717.14	3719.98	3719.82	3718.12	3713.50	3713.34	3719.98	3719.42	3719.16	3715.80	
3711.94	3713.60	3717.46	3726.52	3719.06	3722.44	3719.80	3716.04	3722.68	3727.38	3732.34	3734.82	3732.38	3730.52	3727.28	3724.96	
3730.94	3732.54	3730.68	3724.54	3725.12	3722.72	3726.10	3732.36	3731.04	3734.32	3735.94	3732.10	3734.76	3733.10	3743.32	3738.84	
3743.66	3747.30	3742.68	3737.94	3740.56	3740.20	3738.46	3732.94	3737.42	3739.18	3724.78	3736.30	3739.34	3740.02	3737.66	3737.14	
3727.86	3714.56	3713.92	3713.22	3712.06	3711.08	3726.98	3743.54	3735.10	3730.94	3724.34	3705.56	3726.76	3740.52	3726.80	3726.78	
3728.44	3723.82	3723.74	3729.42	3720.10	3715.02	3714.16	3710.90	3710.16	3713.76	3721.14	3725.34	3721.80	3725.64	3746.72	3705.50	

*******************************************2025/03/27;06:16:20
Probe number 41
Concentration entered by User 1.35% (Compensated: 1.55% at temperature 23.0)
1260.18	1258.96	1286.44	1299.54	1313.24	1328.82	1347.56	1362.82	1382.60	1397.66	1418.42	1446.16	1467.18	1494.50	1523.40	1559.56	
1588.32	1624.48	1657.76	1695.92	1737.42	1786.98	1833.58	1883.72	1944.28	2010.40	2091.92	2183.98	2301.64	2442.40	2631.40	2891.08	
3230.70	3495.40	3672.16	3722.42	3710.72	3725.24	3716.24	3719.56	3719.56	3717.54	3712.52	3712.90	3719.54	3718.84	3718.04	3714.50	
3710.78	3712.38	3716.14	3725.72	3718.26	3721.10	3718.74	3715.36	3721.24	3726.12	3731.56	3733.42	3731.34	3729.50	3726.18	3724.20	
3729.94	3731.46	3729.46	3723.58	3724.28	3721.36	3725.02	3731.30	3730.50	3733.02	3735.00	3730.98	3733.54	3732.12	3742.34	3737.84	
3742.74	3746.56	3742.06	3736.68	3739.46	3738.88	3737.54	3731.50	3736.56	3738.28	3723.72	3734.80	3738.12	3738.74	3736.42	3735.92	
3726.64	3713.28	3712.52	3712.50	3710.58	3709.80	3725.66	3742.44	3733.82	3729.46	3723.40	3704.30	3725.80	3739.66	3725.52	3725.84	
3727.56	3722.82	3722.42	3728.66	3719.10	3713.82	3713.58	3709.82	3709.04	3712.52	3719.68	3724.00	3720.68	3724.46	3745.96	3704.54	

*******************************************2025/03/27;06:36:20
Probe number 42
Concentration entered by User 1.35% (Compensated: 1.54% at temperature 22.9)
1260.64	1259.44	1286.38	1300.12	1313.76	1328.80	1347.84	1362.48	1382.62	1398.40	1418.38	1447.26	1467.62	1495.44	1524.40	1558.50	
1588.96	1625.90	1658.66	1695.46	1738.82	1786.80	1833.36	1885.76	1947.98	2019.68	2096.12	2185.82	2298.64	2437.98	2643.54	2901.02	
3225.56	3492.84	3672.52	3726.38	3713.52	3728.22	3719.86	3722.54	3722.76	3721.26	3716.20	3716.72	3723.14	3722.66	3721.84	3718.22	
3714.48	3716.12	3720.22	3729.06	3721.74	3725.02	3722.56	3719.16	3724.42	3730.00	3735.06	3737.14	3734.70	3732.50	3729.48	3727.46	
3733.22	3734.60	3733.18	3726.62	3727.44	3724.90	3728.48	3734.62	3733.52	3736.34	3738.32	3734.18	3737.34	3735.86	3745.46	3741.06	
3745.60	3749.78	3745.46	3740.36	3742.78	3742.54	3740.94	3734.98	3739.94	3741.74	3727.50	3738.34	3741.78	3742.14	3739.94	3739.68	
3730.24	3716.98	3716.74	3715.72	3715.04	3713.72	3729.32	3745.60	3737.60	3732.86	3727.28	3708.06	3729.10	3742.68	3729.18	3729.42	
3731.10	3726.52	3726.24	3731.96	3722.64	3717.66	3717.02	3713.82	3712.88	3716.34	3723.52	3727.72	3724.70	3727.96	3748.98	3708.74	

*******************************************2025/03/27;06:56:20
Probe number 43
Concentration entered by User 1.35% (Compensated: 1.54% at temperature 22.9)
1261.04	1260.30	1286.74	1300.64	1314.50	1329.66	1348.74	1364.02	1383.70	1398.74	1419.94	1447.32	1468.80	1496.86	1524.92	1559.28	
1589.70	1627.24	1659.06	1697.72	1736.42	1786.86	1834.88	1883.10	1945.96	2017.50	2093.04	2187.98	2301.92	2443.86	2637.92	2884.64	
3218.90	3507.60	3670.50	3722.58	3713.18	3726.98	3718.78	3721.72	3721.98	3720.06	3715.12	3715.84	3722.48	3721.54	3721.06	3717.40	
3713.82	3714.74	3718.68	3727.82	3720.74	3723.74	3721.36	3717.64	3723.32	3728.60	3733.54	3735.58	3733.14	3731.22	3727.90	3726.14	
3732.16	3733.34	3731.44	3725.48	3725.70	3723.46	3727.06	3733.72	3732.42	3735.44	3737.06	3732.78	3736.10	3734.44	3744.26	3739.90	
3744.48	3748.66	3743.92	3739.00	3741.54	3741.16	3739.72	3733.46	3738.60	3740.50	3726.10	3736.92	3740.74	3740.92	3738.34	3738.06	
3728.88	3715.64	3715.16	3714.54	3713.16	3712.24	3727.90	3744.56	3736.06	3731.62	3725.64	3706.94	3728.12	3741.60	3728.02	3728.02	
3729.66	3725.20	3725.10	3730.66	3721.40	3716.48	3715.86	3712.16	3711.52	3715.12	3721.82	3726.50	3722.82	3726.46	3748.12	3706.88	

*******************************************2025/03/27;07:00:03
Probe number 44
Concentration entered by User 1.37% (Compensated: 1.56% at temperature 22.9)
1260.60	1259.38	1286.44	1299.86	1313.48	1329.52	1347.92	1363.20	1382.72	1398.34	1418.78	1446.78	1467.74	1495.38	1523.70	1558.32	
1588.28	1624.80	1657.14	1696.38	1737.60	1784.60	1832.24	1885.22	1944.90	2010.16	2092.98	2173.06	2294.62	2453.04	2633.34	2872.68	
3223.88	3498.68	3669.34	3722.32	3710.54	3724.92	3715.96	3719.28	3719.52	3717.32	3712.40	3713.14	3719.52	3718.76	3718.22	3714.28	
3710.72	3712.32	3715.94	3725.36	3718.10	3721.20	3718.96	3714.90	3721.44	3726.42	3731.42	3733.30	3730.82	3728.72	3725.56	3723.90	
3729.80	3731.22	3729.20	3723.16	3723.74	3721.46	3724.74	3731.14	3730.04	3733.00	3735.16	3730.82	3733.62	3731.90	3742.02	3737.82	
3742.58	3746.68	3742.18	3736.72	3739.36	3738.92	3737.40	3731.52	3736.52	3737.86	3723.74	3734.80	3738.44	3738.82	3736.10	3735.84	
3726.70	3713.06	3712.52	3712.18	3710.76	3709.84	3725.76	3742.32	3733.88	3729.60	3723.38	3704.42	3725.68	3739.22	3725.74	3725.70	
3727.42	3722.84	3722.64	3728.70	3719.04	3713.52	3713.12	3709.64	3708.96	3712.52	3719.60	3724.04	3720.78	3724.42	3745.88	3704.70	

*******************************************2025/03/27;07:16:20
Probe number 45
Concentration entered by User 1.37% (Compensated: 1.56% at temperature 22.8)
1261.74	1260.28	1287.74	1301.40	1315.36	1330.38	1348.88	1364.66	1384.10	1399.84	1420.16	1447.70	1469.18	1497.22	1524.32	1559.54	
1588.88	1624.90	1659.10	1698.74	1738.18	1787.08	1833.72	1882.42	1944.96	2011.28	2095.28	2191.90	2293.36	2433.34	2630.56	2884.18	
3220.02	3496.96	3667.44	3719.48	3707.66	3722.00	3713.14	3716.22	3716.60	3714.82	3709.86	3711.06	3717.68	3717.02	3716.66	3712.66	
3709.14	3710.34	3714.58	3724.04	3716.88	3720.22	3717.54	3713.82	3720.30	3725.14	3730.42	3732.16	3730.02	3727.76	3724.84	3723.20	
3728.94	3730.28	3728.62	3722.32	3723.28	3720.46	3724.28	3730.54	3729.52	3732.36	3734.68	3730.38	3733.22	3731.60	3741.82	3737.34	
3742.16	3746.24	3741.68	3736.12	3738.90	3738.62	3737.06	3730.76	3736.44	3737.72	3722.98	3734.52	3738.00	3738.48	3735.78	3735.58	
3725.94	3712.62	3712.16	3711.64	3710.58	3709.36	3725.36	3742.34	3733.58	3729.18	3722.78	3703.60	3725.28	3738.90	3725.26	3724.84	
3727.16	3722.52	3722.30	3727.88	3718.62	3713.14	3712.46	3709.30	3708.38	3712.34	3719.22	3723.70	3720.88	3724.02	3745.46	3704.34	

*******************************************2025/03/27;07:36:20
Probe number 46
Concentration entered by User 1.35% (Compensated: 1.60% at temperature 23.7)
1266.84	1264.94	1292.52	1306.50	1320.78	1335.66	1355.10	1369.72	1389.78	1404.80	1425.02	1453.50	1474.72	1502.58	1530.10	1565.16	
1595.14	1630.82	1664.38	1703.22	1742.96	1793.14	1839.76	1891.40	1953.92	2020.12	2093.74	2183.98	2297.88	2448.46	2647.86	2895.76	
3229.80	3496.48	3657.06	3712.64	3699.98	3716.00	3707.00	3711.34	3711.94	3710.52	3705.98	3707.92	3715.20	3715.66	3715.28	3711.62	
3708.58	3710.30	3714.82	3724.14	3716.72	3720.04	3718.12	3714.62	3721.20	3726.10	3731.12	3733.38	3730.80	3728.60	3725.88	3724.40	
3730.26	3731.46	3729.52	3723.32	3724.34	3721.72	3725.66	3732.06	3731.10	3733.98	3735.56	3731.52	3734.54	3733.10	3742.94	3738.54	
3743.46	3747.08	3742.86	3737.54	3739.94	3739.48	3738.22	3732.30	3737.14	3738.82	3724.26	3735.88	3739.20	3739.86	3737.08	3736.76	
3727.54	3714.18	3713.48	3713.72	3711.84	3711.14	3726.98	3743.32	3734.58	3730.68	3724.16	3705.36	3726.58	3740.40	3726.62	3726.60	
3728.78	3723.90	3723.60	3729.44	3719.88	3714.86	3714.18	3710.90	3710.56	3713.94	3720.86	3725.24	3722.06	3725.82	3746.84	3705.56	

*******************************************2025/03/27;07:56:20
Probe number 47
Concentration entered by User 1.36% (Compensated: 1.63% at temperature 24.0)
1268.36	1266.86	1294.30	1309.06	1322.66	1338.06	1356.96	1372.10	1392.36	1407.70	1428.32	1456.28	1475.96	1505.62	1534.06	1569.20	
1598.30	1634.80	1669.02	1705.96	1745.06	1795.82	1844.08	1892.14	1955.28	2020.40	2103.28	2197.76	2308.46	2456.04	2660.76	2903.18	
3230.04	3483.16	3655.50	3708.52	3697.20	3713.52	3704.88	3709.40	3710.38	3709.26	3704.84	3707.00	3714.60	3714.80	3714.84	3711.12	
3708.36	3710.40	3714.48	3723.74	3716.34	3719.96	3717.66	3714.70	3721.50	3726.52	3731.22	3733.42	3730.46	3728.34	3726.06	3724.66	
3730.56	3731.56	3729.48	3723.52	3724.30	3721.70	3725.34	3732.10	3730.96	3734.42	3736.10	3731.64	3734.50	3733.04	3743.22	3738.70	
3743.66	3747.56	3742.76	3737.46	3740.78	3739.78	3738.32	3732.48	3737.04	3739.36	3724.30	3736.48	3739.38	3740.30	3737.42	3737.20	
3727.90	3714.36	3713.76	3714.02	3711.84	3711.48	3727.12	3743.60	3735.16	3730.94	3724.30	3705.52	3727.06	3740.58	3726.66	3726.88	
3728.88	3724.38	3724.22	3729.62	3720.44	3715.80	3715.06	3711.40	3710.84	3714.26	3721.16	3725.90	3722.00	3725.82	3747.10	3706.02	

*******************************************2025/03/27;08:16:20
Probe number 48
Concentration entered by User 1.35% (Compensated: 1.65% at temperature 24.3)
1270.54	1268.92	1296.56	1310.48	1325.16	1341.00	1359.50	1374.34	1394.42	1410.38	1430.24	1458.76	1479.86	1508.26	1535.84	1571.46	
1601.84	1639.02	1669.66	1707.64	1748.72	1799.44	1843.62	1899.68	1960.56	2030.94	2109.04	2192.30	2303.50	2461.44	2654.32	2896.38	
3230.52	3497.82	3653.52	3706.22	3695.74	3712.56	3704.50	3709.06	3710.24	3709.56	3704.82	3707.50	3715.46	3715.58	3715.68	3712.10	
3709.12	3711.34	3715.22	3724.90	3717.36	3720.94	3718.60	3715.80	3722.68	3727.38	3732.22	3734.12	3731.30	3729.58	3727.52	3726.12	
3731.64	3732.58	3730.68	3724.14	3724.78	3722.82	3726.58	3733.32	3732.26	3735.26	3737.04	3733.28	3735.34	3734.12	3743.82	3739.86	
3745.04	3748.38	3743.88	3738.18	3741.68	3740.98	3739.56	3733.82	3738.62	3740.50	3725.68	3737.66	3740.44	3741.62	3738.42	3738.02	
3728.76	3715.36	3714.98	3714.86	3713.20	3712.68	3728.12	3744.50	3735.60	3732.14	3725.58	3707.02	3727.92	3741.88	3728.16	3728.06	
3730.42	3725.80	3725.32	3731.14	3721.98	3716.72	3716.26	3712.70	3712.22	3715.78	3722.44	3727.30	3723.54	3727.24	3748.38	3707.18	

*******************************************2025/03/27;08:36:20
Probe number 49
Concentration entered by User 1.38% (Compensated: 1.69% at temperature 24.5)
1271.38	1269.72	1298.08	1311.68	1326.08	1341.34	1360.60	1375.70	1395.64	1411.20	1430.90	1459.40	1481.26	1509.56	1537.80	1572.50	
1603.26	1639.82	1670.72	1708.38	1750.20	1797.98	1846.26	1897.98	1959.66	2021.12	2104.38	2196.86	2308.72	2465.74	2662.36	2898.20	
3212.68	3490.50	3651.26	3704.88	3696.00	3710.62	3703.26	3708.52	3709.62	3709.00	3704.42	3707.24	3714.96	3715.14	3715.42	3711.70	
3708.90	3711.18	3715.10	3724.66	3716.94	3720.54	3718.62	3715.18	3722.42	3726.90	3731.96	3733.88	3731.06	3729.12	3727.10	3725.50	
3731.78	3732.62	3730.60	3724.12	3724.62	3722.56	3726.44	3733.32	3732.32	3735.24	3737.16	3733.02	3735.22	3733.94	3744.12	3739.66	
3745.04	3748.72	3743.66	3738.38	3741.88	3740.62	3739.32	3733.42	3738.50	3740.30	3725.64	3737.44	3740.26	3741.44	3738.62	3737.78	
3729.30	3715.46	3714.82	3714.84	3713.10	3712.48	3728.26	3744.48	3735.54	3732.00	3725.50	3707.22	3728.08	3741.66	3728.18	3727.96	
3730.34	3725.56	3725.50	3731.06	3721.94	3716.82	3716.58	3712.42	3712.14	3715.82	3722.50	3726.96	3723.52	3727.24	3748.26	3707.22	

*******************************************2025/03/27;08:56:20
Probe number 50
Concentration entered by User 1.32% (Compensated: 1.65% at temperature 24.8)
1271.94	1270.60	1298.62	1312.90	1326.92	1342.48	1361.06	1376.58	1396.42	1411.98	1432.22	1460.60	1481.06	1510.02	1538.56	1573.48	
1604.64	1640.52	1670.72	1710.44	1750.72	1800.62	1844.98	1897.80	1958.02	2020.72	2105.50	2203.84	2299.24	2458.10	2655.76	2915.34	
3239.90	3496.80	3653.56	3705.14	3694.20	3710.34	3702.66	3707.94	3709.36	3708.42	3704.12	3707.20	3714.32	3714.88	3714.90	3710.88	
3708.72	3710.48	3715.16	3724.76	3716.60	3720.42	3717.68	3714.54	3721.80	3726.62	3731.80	3733.48	3730.90	3728.86	3726.92	3725.26	
3731.12	3731.70	3730.28	3723.40	3724.04	3721.78	3726.16	3733.34	3732.06	3735.30	3736.96	3732.80	3735.00	3733.62	3743.46	3739.22	
3744.90	3748.36	3743.24	3738.36	3741.24	3740.44	3739.56	3733.08	3738.66	3740.34	3725.42	3737.22	3740.20	3741.34	3737.80	3737.80	
3728.90	3715.12	3715.08	3714.86	3712.72	3712.66	3727.92	3744.24	3735.24	3731.78	3725.54	3706.92	3727.58	3741.52	3728.16	3727.98	
3730.12	3725.46	3725.42	3731.04	3721.44	3717.18	3715.78	3712.24	3712.22	3715.54	3722.66	3726.90	3723.42	3727.16	3748.22	3706.94	

*******************************************2025/03/27;09:16:20
Probe number 51
Concentration entered by User 1.37% (Compensated: 1.71% at temperature 25.0)
1270.54	1269.22	1296.74	1311.06	1324.48	1340.26	1359.48	1374.54	1394.46	1409.68	1429.68	1457.60	1478.90	1506.04	1535.46	1569.80	
1600.04	1635.52	1670.70	1705.24	1746.28	1794.54	1839.72	1890.80	1950.96	2012.76	2094.60	2182.28	2290.94	2441.20	2654.38	2910.42	
3224.96	3484.92	3645.76	3693.16	3683.60	3700.86	3693.02	3697.72	3699.28	3698.96	3693.98	3696.58	3705.18	3705.40	3705.38	3701.40	
3698.74	3701.10	3705.26	3715.54	3707.34	3711.04	3708.20	3704.64	3712.86	3717.64	3722.82	3724.92	3721.96	3719.96	3717.42	3716.24	
3722.12	3723.26	3721.06	3714.44	3715.08	3712.80	3717.46	3724.98	3723.62	3726.46	3728.10	3724.02	3726.04	3724.76	3735.24	3731.14	
3736.70	3740.40	3734.94	3729.68	3732.84	3732.14	3730.98	3724.58	3730.10	3731.92	3716.20	3728.64	3732.00	3733.14	3729.46	3729.26	
3719.74	3705.70	3705.16	3705.48	3703.14	3703.00	3718.92	3736.48	3726.72	3722.96	3716.24	3696.58	3718.92	3733.22	3719.52	3718.70	
3721.62	3716.20	3716.50	3722.32	3712.32	3707.50	3706.52	3702.86	3702.72	3706.18	3713.70	3717.96	3714.56	3718.22	3740.26	3697.22	

*******************************************2025/03/27;09:36:20
Probe number 52
Concentration entered by User 1.31% (Compensated: 1.67% at temperature 25.2)
1272.34	1271.20	1299.20	1314.00	1327.64	1343.58	1362.54	1378.40	1397.94	1413.26	1432.74	1461.36	1482.58	1510.40	1539.80	1574.72	
1604.46	1641.00	1675.04	1711.22	1752.28	1797.98	1844.96	1892.92	1957.62	2025.18	2105.26	2197.18	2299.20	2459.70	2654.80	2912.64	
3235.62	3507.58	3663.40	3704.30	3695.56	3711.94	3704.66	3709.80	3711.52	3710.64	3706.54	3708.98	3716.52	3716.94	3717.04	3713.18	
3710.90	3712.60	3717.52	3726.70	3718.92	3722.12	3719.86	3716.34	3723.96	3728.82	3733.76	3735.40	3732.98	3730.40	3728.54	3727.54	
3733.20	3734.10	3731.86	3725.52	3726.04	3724.12	3728.80	3735.52	3734.52	3737.30	3738.72	3734.60	3736.84	3735.36	3745.54	3741.96	
3747.16	3749.98	3745.12	3740.14	3743.14	3742.56	3741.46	3735.10	3740.90	3742.18	3727.46	3739.34	3742.36	3743.64	3739.96	3739.78	
3731.00	3717.36	3717.50	3717.20	3715.16	3715.06	3730.06	3746.46	3737.08	3734.00	3727.10	3709.36	3730.08	3743.58	3731.16	3729.74	
3732.34	3727.94	3728.00	3733.34	3723.80	3719.44	3718.62	3714.78	3714.60	3718.12	3725.14	3729.54	3725.76	3729.52	3750.40	3709.50	

*******************************************2025/03/27;09:56:20
Probe number 53
Concentration entered by User 1.34% (Compensated: 1.72% at temperature 25.4)
1271.92	1270.64	1298.68	1312.34	1326.52	1342.22	1361.40	1376.66	1396.38	1412.02	1431.48	1459.66	1479.92	1508.22	1537.24	1571.70	
1601.54	1638.00	1670.44	1707.22	1747.76	1796.44	1844.12	1892.70	1950.06	2014.92	2097.82	2190.24	2301.00	2439.96	2652.82	2907.98	
3230.48	3497.44	3652.82	3695.92	3687.36	3704.52	3696.64	3702.44	3704.34	3703.72	3699.10	3702.30	3709.34	3710.06	3710.30	3706.02	
3703.62	3706.00	3710.54	3720.20	3712.18	3715.48	3713.08	3709.54	3717.46	3722.48	3727.58	3729.34	3726.20	3724.28	3722.16	3721.00	
3727.00	3727.58	3725.88	3718.62	3719.46	3717.62	3722.10	3729.96	3728.52	3731.18	3732.80	3728.66	3730.72	3729.26	3739.90	3735.90	
3741.60	3744.48	3739.86	3734.42	3737.20	3736.30	3735.66	3729.42	3734.90	3736.38	3721.38	3733.60	3736.84	3737.94	3733.88	3734.14	
3724.58	3710.68	3711.12	3710.92	3708.58	3709.04	3723.82	3741.16	3731.02	3728.12	3721.20	3702.50	3723.84	3737.60	3724.80	3723.44	
3726.44	3721.70	3722.00	3727.36	3717.56	3712.98	3711.70	3708.16	3707.84	3711.92	3718.72	3723.38	3719.48	3723.22	3745.06	3703.06	

*******************************************2025/03/27;10:16:20
Probe number 54
Concentration entered by User 1.34% (Compensated: 1.72% at temperature 25.4)
1271.24	1270.08	1297.76	1312.02	1326.34	1341.56	1360.64	1375.86	1395.62	1411.22	1431.30	1459.24	1479.92	1507.50	1535.96	1571.06	
1601.04	1636.90	1670.10	1704.96	1745.92	1795.18	1842.94	1889.44	1951.76	2016.78	2096.56	2189.98	2298.44	2446.48	2644.24	2920.74	
3229.34	3495.60	3646.88	3698.56	3688.88	3706.24	3699.04	3704.30	3706.02	3705.56	3700.92	3704.08	3711.08	3711.40	3711.46	3707.60	
3704.66	3707.10	3711.80	3721.62	3713.46	3716.80	3714.18	3710.44	3718.26	3723.42	3728.22	3729.94	3726.72	3725.18	3722.76	3721.58	
3727.46	3728.68	3726.88	3719.52	3720.20	3718.76	3723.30	3730.64	3729.34	3731.84	3733.40	3729.38	3731.38	3730.04	3740.10	3736.88	
3741.84	3745.16	3740.22	3734.82	3738.04	3737.26	3736.50	3729.76	3735.74	3736.84	3722.12	3734.08	3737.44	3738.28	3734.86	3734.90	
3725.34	3711.10	3711.96	3711.40	3709.26	3709.38	3724.32	3741.50	3731.88	3728.82	3721.90	3703.50	3724.40	3738.54	3725.76	3724.40	
3727.06	3722.26	3722.86	3728.04	3718.50	3713.84	3712.44	3708.80	3708.80	3712.44	3719.38	3724.10	3720.28	3723.60	3745.64	3703.92	

*******************************************2025/03/27;10:36:20
Probe number 55
Concentration entered by User 1.37% (Compensated: 1.74% at temperature 25.3)
1270.12	1268.36	1295.54	1310.12	1324.86	1340.50	1358.92	1374.54	1393.80	1409.34	1429.44	1458.04	1477.76	1504.26	1534.26	1568.20	
1597.92	1632.60	1667.36	1701.56	1741.26	1788.90	1832.06	1886.26	1947.58	2009.04	2092.06	2183.62	2295.60	2434.76	2639.26	2885.74	
3225.18	3494.82	3650.24	3697.06	3687.06	3703.84	3696.62	3701.84	3703.84	3702.44	3697.68	3700.96	3708.14	3708.26	3708.32	3704.34	
3701.50	3703.88	3708.64	3718.42	3710.18	3713.54	3711.22	3707.64	3715.48	3720.54	3725.74	3727.06	3724.28	3721.98	3719.62	3718.48	
3724.58	3725.68	3723.80	3716.32	3717.14	3715.10	3720.26	3727.72	3726.34	3729.08	3730.44	3726.40	3728.76	3727.16	3737.86	3733.80	
3739.64	3742.60	3737.54	3731.52	3735.54	3734.72	3733.62	3727.00	3733.20	3734.38	3719.26	3731.26	3734.64	3735.90	3732.06	3732.16	
3722.54	3708.42	3708.82	3708.56	3706.22	3706.52	3721.60	3739.18	3729.52	3726.16	3719.16	3700.02	3721.46	3735.72	3722.58	3721.54	
3724.42	3719.48	3719.84	3725.34	3715.88	3710.92	3709.56	3705.56	3705.80	3709.40	3716.60	3721.02	3717.22	3721.10	3743.50	3700.84	

*******************************************2025/03/27;10:56:20
Probe number 56
Concentration entered by User 1.38% (Compensated: 1.75% at temperature 25.4)
1270.74	1269.64	1297.56	1311.20	1325.44	1340.90	1359.62	1374.72	1394.98	1410.12	1430.30	1458.36	1478.92	1506.88	1535.44	1568.94	
1599.12	1634.26	1667.48	1704.54	1745.20	1790.72	1838.06	1883.96	1950.60	2014.54	2087.42	2174.00	2292.00	2439.26	2635.84	2904.42	
3222.02	3486.62	3649.40	3697.16	3686.46	3703.78	3696.08	3701.78	3703.70	3702.84	3698.08	3701.36	3708.72	3709.06	3709.04	3705.10	
3702.84	3704.92	3709.80	3719.70	3711.62	3714.84	3712.10	3708.78	3716.52	3721.54	3726.80	3728.20	3725.44	3723.28	3720.80	3719.70	
3725.84	3727.10	3725.02	3717.84	3718.50	3716.78	3721.30	3729.30	3727.92	3730.38	3731.84	3727.70	3730.26	3728.12	3739.10	3735.32	
3740.72	3743.68	3738.94	3733.32	3736.88	3735.88	3735.18	3728.38	3734.04	3735.38	3720.24	3732.56	3735.88	3737.18	3733.32	3733.56	
3723.84	3709.66	3710.28	3709.88	3707.94	3707.60	3722.66	3740.00	3730.42	3727.32	3720.68	3701.62	3722.64	3736.86	3724.18	3723.02	
3725.48	3721.04	3721.14	3726.88	3717.16	3712.28	3710.72	3707.46	3707.06	3710.70	3718.04	3722.32	3718.74	3722.26	3744.54	3702.46	

*******************************************2025/03/27;11:16:20
Probe number 57
Concentration entered by User 1.36% (Compensated: 1.75% at temperature 25.5)
1272.40	1271.00	1298.50	1312.76	1327.24	1342.96	1361.44	1376.38	1396.26	1411.96	1431.52	1459.40	1480.26	1506.98	1536.34	1570.84	
1600.18	1636.82	1670.18	1704.52	1742.16	1792.70	1838.46	1889.80	1951.70	2009.26	2083.36	2173.18	2279.60	2431.74	2646.26	2890.64	
3227.30	3493.04	3652.08	3695.30	3685.64	3703.98	3696.62	3701.96	3704.44	3703.84	3699.02	3702.62	3709.90	3709.96	3710.18	3706.24	
3703.62	3706.10	3711.16	3720.94	3712.80	3715.90	3713.32	3710.12	3717.72	3723.00	3727.80	3729.62	3726.50	3724.76	3721.92	3720.88	
3727.30	3728.22	3726.42	3719.32	3719.60	3717.98	3722.96	3730.50	3728.96	3731.46	3733.44	3729.08	3731.14	3729.40	3740.44	3736.80	
3742.10	3745.02	3739.90	3734.50	3737.98	3737.02	3736.30	3729.48	3735.56	3736.86	3721.82	3733.94	3737.46	3738.42	3735.04	3734.72	
3724.90	3711.28	3711.86	3711.40	3709.22	3709.16	3724.36	3741.38	3731.74	3728.82	3721.62	3703.34	3724.48	3738.22	3725.76	3724.42	
3727.20	3722.42	3722.84	3728.12	3718.72	3713.88	3712.72	3708.88	3708.90	3712.62	3719.52	3723.96	3720.54	3724.02	3745.84	3703.78	

*******************************************2025/03/27;11:35:01
Probe number 58
Concentration entered by User 1.76% (Compensated: 2.13% at temperature 25.3)
1274.48	1273.20	1301.22	1315.18	1329.42	1345.48	1364.88	1379.64	1399.14	1414.82	1434.72	1462.30	1482.38	1510.08	1539.06	1572.94	
1602.62	1638.60	1671.46	1706.80	1746.60	1795.64	1838.20	1889.46	1946.94	2001.58	2078.78	2159.04	2250.64	2372.76	2562.54	2794.78	
3106.82	3401.04	3588.78	3660.90	3653.88	3677.62	3677.28	3680.38	3681.76	3676.96	3664.10	3669.14	3681.28	3684.94	3694.90	3703.54	
3702.54	3694.76	3692.20	3703.60	3694.74	3700.28	3705.22	3707.82	3717.08	3724.14	3726.44	3727.92	3725.94	3723.90	3721.36	3720.10	
3726.14	3727.20	3725.06	3718.36	3719.18	3717.76	3722.72	3729.76	3728.48	3731.04	3732.42	3729.14	3730.24	3730.20	3740.52	3735.50	
3738.78	3741.54	3735.32	3727.32	3730.14	3729.04	3728.52	3722.00	3727.78	3729.28	3716.64	3730.46	3733.98	3735.72	3732.92	3732.94	
3722.20	3708.82	3709.72	3708.44	3706.26	3706.68	3721.68	3738.22	3728.86	3725.52	3717.86	3699.10	3721.22	3735.16	3722.32	3720.96	
3723.82	3719.16	3720.14	3725.26	3715.72	3710.72	3708.88	3705.94	3705.44	3709.14	3716.40	3721.02	3717.10	3720.66	3743.16	3700.86	

*******************************************2025/03/27;11:49:08
Probe number 59
Concentration entered by User 1.74% (Compensated: 2.14% at temperature 25.7)
1274.26	1273.26	1301.44	1315.76	1329.86	1345.88	1364.44	1379.48	1400.00	1415.14	1435.14	1463.22	1483.70	1511.78	1540.22	1574.24	
1603.62	1638.22	1672.10	1707.74	1746.08	1792.86	1838.52	1891.50	1947.18	2005.82	2073.76	2158.22	2258.96	2395.60	2571.80	2812.62	
3111.22	3405.04	3588.50	3661.20	3653.12	3676.60	3675.66	3681.40	3682.74	3681.16	3671.84	3677.10	3687.60	3689.78	3696.48	3702.34	
3701.58	3697.62	3697.08	3709.46	3700.42	3705.42	3708.42	3709.36	3718.22	3724.36	3727.78	3729.42	3726.84	3724.60	3722.22	3721.46	
3727.46	3728.52	3726.34	3719.20	3719.84	3718.42	3723.06	3731.02	3729.34	3731.96	3732.90	3729.72	3731.44	3730.40	3741.18	3736.94	
3740.00	3742.72	3736.34	3727.62	3731.10	3730.26	3730.28	3723.20	3729.70	3730.54	3717.72	3731.60	3735.72	3737.42	3734.40	3733.88	
3723.68	3710.18	3710.90	3709.80	3707.84	3707.94	3723.26	3739.64	3730.04	3726.88	3719.50	3700.62	3722.72	3736.52	3724.04	3722.90	
3725.44	3720.72	3721.62	3727.08	3717.56	3712.70	3710.90	3707.56	3707.48	3710.98	3718.84	3723.18	3719.14	3722.64	3744.92	3703.38	

*******************************************2025/03/27;12:09:07
Probe number 60
Concentration entered by User 1.71% (Compensated: 2.13% at temperature 25.9)
1274.74	1273.18	1301.74	1315.74	1329.72	1345.60	1364.68	1379.42	1398.94	1414.64	1435.00	1463.72	1483.40	1511.96	1539.90	1573.46	
1602.50	1638.60	1671.02	1707.70	1750.26	1792.66	1840.72	1887.94	1950.12	2005.08	2081.24	2159.10	2271.52	2397.78	2578.60	2806.32	
3120.88	3412.66	3595.80	3661.68	3654.20	3677.76	3675.48	3681.66	3683.28	3681.28	3672.74	3678.10	3688.56	3690.18	3697.00	3702.02	
3701.54	3697.36	3697.80	3710.06	3701.84	3706.46	3709.46	3709.58	3718.66	3725.02	3728.82	3730.06	3727.62	3725.08	3722.76	3721.68	
3728.30	3729.06	3727.48	3719.64	3720.64	3719.30	3724.14	3731.66	3730.02	3732.26	3733.78	3729.82	3731.56	3731.04	3741.78	3737.52	
3740.82	3743.38	3736.78	3728.30	3732.14	3731.42	3730.90	3723.70	3730.12	3730.92	3718.34	3732.22	3736.22	3737.86	3734.84	3734.18	
3724.28	3710.94	3711.86	3710.96	3708.80	3708.30	3723.78	3740.16	3730.60	3727.84	3720.36	3701.68	3723.70	3737.14	3724.20	3723.62	
3726.10	3721.70	3722.54	3727.68	3718.16	3712.92	3711.60	3708.38	3708.28	3712.08	3719.16	3723.72	3719.94	3723.20	3745.64	3703.78	

*******************************************2025/03/27;12:29:07
Probe number 61
Concentration entered by User 1.69% (Compensated: 2.12% at temperature 26.1)
1274.98	1273.94	1302.02	1315.86	1330.04	1346.40	1365.04	1380.16	1400.52	1415.64	1435.86	1464.18	1484.86	1512.18	1540.70	1574.50	
1603.00	1639.72	1673.88	1709.04	1748.88	1796.80	1841.78	1889.12	1950.62	2009.84	2087.22	2161.84	2271.82	2401.66	2575.50	2827.38	
3122.42	3416.54	3600.94	3665.12	3656.30	3679.78	3678.44	3683.32	3685.26	3683.78	3674.70	3680.84	3690.96	3692.64	3699.20	3703.60	
3703.00	3699.74	3700.38	3713.00	3704.86	3709.26	3711.62	3712.02	3720.76	3727.58	3731.14	3732.66	3730.06	3727.66	3724.84	3724.14	
3731.04	3731.60	3729.78	3722.36	3722.82	3721.78	3726.42	3733.76	3732.42	3734.62	3735.92	3732.42	3733.92	3733.22	3743.70	3739.42	
3742.76	3745.54	3739.10	3730.38	3733.84	3733.64	3732.94	3726.32	3732.52	3733.28	3720.54	3734.36	3738.60	3740.24	3736.86	3736.56	
3726.52	3713.28	3714.34	3713.22	3711.00	3710.92	3726.28	3742.16	3732.84	3730.20	3722.82	3704.38	3725.66	3739.18	3726.52	3725.92	
3728.22	3723.70	3724.68	3729.86	3720.30	3715.94	3714.10	3711.16	3710.98	3714.62	3721.78	3726.20	3722.08	3725.74	3747.70	3706.64	

*******************************************2025/03/27;12:49:07
Probe number 62
Concentration entered by User 1.70% (Compensated: 2.12% at temperature 26.0)
1273.58	1271.98	1300.38	1314.60	1328.72	1344.28	1362.68	1378.68	1398.12	1413.82	1433.68	1462.22	1482.66	1510.60	1537.74	1572.52	
1602.96	1638.92	1672.54	1707.60	1748.58	1795.16	1839.68	1888.14	1945.96	2009.26	2074.10	2154.46	2257.34	2403.60	2576.32	2815.12	
3119.12	3414.68	3602.62	3661.26	3654.06	3677.52	3675.68	3680.66	3682.64	3680.56	3671.68	3677.62	3688.00	3689.56	3695.86	3700.60	
3700.22	3696.62	3697.26	3710.44	3701.78	3706.04	3708.58	3708.96	3717.66	3724.44	3728.10	3729.94	3726.96	3724.72	3722.08	3721.12	
3727.74	3729.08	3726.96	3719.42	3719.88	3718.16	3723.50	3731.06	3729.50	3731.92	3733.10	3729.32	3730.68	3730.08	3740.74	3736.44	
3739.84	3743.30	3736.66	3727.54	3731.50	3730.58	3730.32	3723.60	3729.50	3730.56	3717.32	3731.72	3735.60	3737.52	3734.22	3733.84	
3723.58	3710.20	3711.30	3709.88	3708.28	3707.60	3723.04	3739.56	3729.90	3727.16	3719.60	3700.70	3723.30	3736.52	3722.84	3722.90	
3725.32	3720.76	3721.92	3727.10	3717.44	3712.08	3710.82	3707.76	3707.70	3711.34	3718.52	3723.08	3719.16	3722.58	3744.88	3703.32	

*******************************************2025/03/27;13:09:07
Probe number 63
Concentration entered by User 1.67% (Compensated: 2.09% at temperature 26.0)
1273.72	1272.30	1300.66	1314.82	1328.58	1344.76	1363.88	1378.60	1398.88	1414.86	1434.44	1462.12	1483.46	1510.82	1539.88	1574.36	
1603.08	1639.06	1673.22	1709.38	1748.22	1797.08	1839.56	1890.78	1946.34	2006.18	2085.04	2166.82	2265.00	2404.28	2589.46	2812.86	
3140.22	3419.78	3604.74	3664.54	3657.62	3680.68	3679.58	3683.68	3685.90	3684.60	3676.06	3681.94	3691.84	3693.68	3699.74	3704.00	
3703.40	3700.02	3701.04	3713.94	3705.50	3710.08	3712.74	3712.38	3721.44	3728.12	3731.66	3733.06	3730.52	3728.16	3725.76	3724.54	
3731.76	3732.70	3731.04	3722.90	3722.96	3721.62	3726.36	3734.06	3732.98	3734.90	3736.00	3732.14	3733.76	3733.08	3743.86	3739.86	
3743.24	3746.22	3739.60	3730.88	3734.40	3734.00	3733.88	3727.08	3732.98	3734.12	3721.44	3734.94	3739.12	3740.88	3737.42	3736.88	
3727.08	3713.92	3714.68	3713.96	3712.38	3711.52	3726.98	3742.70	3733.68	3730.76	3723.08	3704.96	3726.48	3739.90	3726.72	3726.04	
3728.82	3724.40	3725.22	3730.56	3720.70	3715.96	3714.54	3711.70	3711.44	3714.96	3722.64	3726.50	3723.04	3726.28	3747.94	3707.16	

*******************************************2025/03/27;13:29:07
Probe number 64
Concentration entered by User 1.63% (Compensated: 2.06% at temperature 26.1)
1274.18	1273.22	1301.20	1315.64	1329.52	1345.04	1363.70	1379.08	1399.26	1415.16	1435.46	1464.34	1485.50	1512.44	1541.56	1575.78	
1606.14	1641.18	1673.46	1709.88	1750.92	1798.34	1846.38	1892.38	1949.40	2008.08	2078.44	2171.24	2267.76	2413.26	2580.60	2846.60	
3147.22	3425.18	3605.34	3669.86	3660.64	3684.32	3682.78	3687.04	3689.52	3688.30	3679.48	3685.70	3695.08	3696.92	3702.80	3707.24	
3706.44	3703.12	3704.32	3717.08	3709.20	3713.14	3715.56	3715.36	3724.32	3731.04	3734.98	3736.20	3733.68	3731.24	3728.74	3727.84	
3734.22	3735.94	3734.30	3726.46	3726.54	3725.06	3729.30	3737.06	3735.82	3737.94	3738.92	3735.38	3736.42	3736.18	3746.38	3742.72	
3745.80	3748.94	3742.80	3733.92	3737.76	3737.28	3736.82	3730.52	3736.26	3736.88	3724.52	3738.20	3742.06	3743.76	3740.74	3739.60	
3729.94	3717.90	3718.32	3717.40	3715.34	3714.80	3729.82	3745.70	3736.56	3733.58	3726.68	3708.70	3729.56	3742.90	3730.00	3729.78	
3731.78	3727.64	3728.54	3733.50	3723.68	3719.34	3718.22	3714.88	3714.78	3718.40	3725.42	3729.72	3725.58	3729.18	3750.82	3710.52	

*******************************************2025/03/27;13:49:07
Probe number 65
Concentration entered by User 1.71% (Compensated: 2.13% at temperature 26.0)
1272.86	1271.54	1299.58	1313.70	1327.46	1343.04	1362.42	1377.66	1397.46	1412.84	1433.44	1461.44	1482.82	1510.70	1540.70	1574.14	
1602.76	1638.68	1670.42	1706.70	1745.60	1794.52	1835.74	1890.34	1949.38	2010.86	2078.64	2166.08	2261.70	2393.22	2580.78	2823.28	
3123.28	3406.08	3598.80	3662.26	3656.72	3679.40	3677.74	3681.50	3683.96	3682.82	3673.72	3679.88	3689.42	3691.22	3697.62	3701.88	
3701.34	3697.72	3699.14	3712.12	3703.96	3708.26	3710.28	3710.38	3719.56	3726.74	3730.56	3732.16	3729.26	3726.72	3724.34	3723.22	
3730.14	3731.34	3729.78	3721.96	3722.02	3720.24	3725.16	3732.88	3731.70	3733.92	3734.90	3731.10	3732.12	3731.90	3742.52	3738.78	
3741.96	3745.40	3738.54	3729.42	3733.46	3733.16	3732.68	3726.28	3732.10	3733.26	3719.78	3733.96	3737.92	3739.98	3736.54	3736.04	
3725.60	3712.88	3713.60	3712.58	3710.72	3710.02	3725.40	3741.80	3732.62	3729.84	3721.92	3704.10	3725.18	3738.58	3725.56	3725.16	
3727.86	3723.26	3724.30	3729.56	3719.62	3715.08	3713.34	3710.30	3709.84	3713.66	3720.76	3725.28	3721.70	3724.64	3746.86	3705.44	

*******************************************2025/03/27;14:09:07
Probe number 66
Concentration entered by User 1.70% (Compensated: 2.10% at temperature 25.8)
1271.68	1270.86	1298.82	1312.86	1327.00	1342.34	1361.72	1376.22	1396.00	1411.72	1431.82	1460.38	1481.02	1509.60	1537.36	1572.38	
1600.98	1637.94	1669.02	1705.72	1747.20	1792.74	1839.86	1884.14	1948.06	2005.88	2082.16	2164.70	2261.70	2392.46	2581.16	2814.92	
3131.54	3408.16	3598.92	3665.04	3656.68	3679.36	3676.74	3680.82	3682.88	3681.70	3672.38	3677.88	3687.66	3689.68	3695.78	3700.50	
3699.86	3696.70	3697.24	3710.88	3703.14	3707.58	3709.08	3709.28	3718.18	3725.24	3729.28	3731.24	3728.42	3725.70	3723.16	3721.50	
3729.02	3730.38	3728.78	3720.98	3721.00	3719.40	3724.08	3732.10	3731.00	3732.88	3734.22	3730.28	3731.34	3730.96	3741.48	3737.82	
3741.30	3744.38	3737.80	3729.06	3732.38	3732.18	3731.76	3725.22	3730.94	3732.00	3719.24	3732.76	3737.24	3739.10	3735.58	3735.04	
3724.78	3711.94	3712.28	3711.46	3709.68	3708.80	3724.40	3740.86	3731.68	3728.48	3721.28	3702.88	3724.20	3737.76	3724.58	3724.10	
3726.70	3722.34	3723.42	3728.72	3718.90	3713.82	3712.36	3709.48	3708.96	3713.00	3719.98	3724.24	3720.50	3723.50	3746.00	3704.42	

*******************************************2025/03/27;14:29:07
Probe number 67
Concentration entered by User 1.68% (Compensated: 2.08% at temperature 25.8)
1271.56	1270.42	1298.20	1311.96	1325.88	1342.02	1360.74	1375.34	1395.72	1410.92	1432.06	1460.74	1481.18	1509.18	1537.70	1571.80	
1600.24	1637.72	1668.42	1706.68	1747.04	1791.98	1837.68	1887.82	1946.44	2004.44	2071.50	2154.12	2260.50	2396.64	2583.10	2812.52	
3123.64	3425.42	3603.80	3665.00	3655.94	3678.30	3676.72	3680.86	3682.36	3680.86	3671.74	3677.78	3687.08	3689.04	3695.34	3700.00	
3699.34	3696.12	3696.80	3710.96	3702.64	3707.02	3708.76	3709.02	3718.22	3725.20	3729.58	3730.98	3728.28	3725.42	3722.70	3721.64	
3728.62	3730.02	3728.58	3720.54	3720.56	3718.72	3724.10	3731.86	3730.94	3732.52	3733.92	3729.82	3731.14	3730.70	3741.36	3737.82	
3741.26	3743.84	3737.40	3728.36	3732.38	3731.74	3731.94	3724.76	3730.68	3732.02	3718.88	3732.28	3737.00	3738.68	3735.18	3734.70	
3724.88	3711.24	3712.76	3711.56	3709.56	3708.58	3724.14	3740.56	3731.42	3728.52	3721.34	3702.12	3724.02	3737.84	3724.30	3723.58	
3726.70	3721.74	3722.84	3728.32	3718.40	3713.84	3711.92	3708.82	3708.74	3712.42	3719.34	3724.18	3719.98	3723.40	3745.70	3703.98	

*******************************************2025/03/27;14:49:07
Probe number 68
Concentration entered by User 1.73% (Compensated: 2.13% at temperature 25.7)
1270.96	1269.74	1297.68	1311.44	1325.48	1341.28	1360.16	1375.34	1395.54	1411.34	1431.34	1459.96	1480.82	1508.58	1537.74	1572.42	
1601.26	1635.70	1669.38	1704.42	1746.92	1795.30	1836.08	1885.96	1945.80	2011.02	2084.06	2153.74	2262.80	2399.86	2584.50	2803.72	
3113.98	3404.54	3602.84	3666.44	3656.46	3678.64	3677.70	3681.76	3683.66	3682.38	3672.88	3678.42	3688.08	3689.56	3695.94	3700.48	
3700.00	3697.06	3698.06	3711.64	3703.66	3707.70	3709.68	3709.88	3719.10	3726.40	3730.62	3731.96	3729.36	3726.52	3723.48	3722.62	
3729.56	3730.94	3729.22	3721.56	3721.32	3719.70	3724.40	3733.08	3731.94	3733.60	3734.86	3730.82	3732.34	3731.64	3741.98	3739.04	
3742.08	3745.08	3738.22	3729.28	3733.14	3733.16	3732.94	3726.10	3732.08	3732.96	3719.92	3733.88	3738.16	3740.00	3736.00	3735.76	
3725.64	3712.70	3713.62	3712.70	3710.58	3710.18	3725.46	3741.60	3732.36	3729.68	3722.24	3703.80	3725.36	3738.88	3725.42	3724.70	
3727.68	3722.86	3723.98	3729.56	3719.84	3714.60	3713.04	3710.52	3709.42	3713.54	3720.86	3724.96	3721.12	3724.56	3746.58	3704.86	

*******************************************2025/03/27;15:09:07
Probe number 69
Concentration entered by User 1.70% (Compensated: 2.11% at temperature 25.8)
1271.14	1270.06	1297.76	1311.50	1325.58	1341.44	1359.86	1375.24	1395.16	1411.02	1431.12	1459.76	1480.74	1509.14	1536.92	1572.48	
1600.48	1638.04	1669.40	1706.24	1744.06	1792.50	1836.46	1886.44	1945.62	2005.46	2074.04	2164.48	2261.14	2402.88	2577.38	2824.48	
3125.12	3413.76	3595.06	3663.54	3655.40	3678.98	3676.78	3681.08	3683.02	3681.54	3671.92	3677.76	3687.36	3688.66	3695.06	3700.38	
3699.60	3696.50	3697.34	3711.44	3703.64	3707.50	3709.56	3709.64	3719.06	3726.36	3730.44	3732.00	3729.04	3726.30	3723.98	3722.42	
3729.60	3731.06	3729.62	3721.62	3721.24	3719.56	3725.30	3733.22	3732.04	3733.50	3735.20	3731.18	3732.42	3731.72	3742.32	3738.92	
3742.48	3745.24	3738.62	3729.18	3733.08	3732.92	3732.92	3726.12	3732.00	3733.18	3719.96	3733.90	3738.20	3739.92	3736.26	3735.90	
3725.72	3713.04	3713.94	3712.68	3710.74	3710.10	3725.46	3741.66	3732.72	3729.72	3722.14	3703.80	3725.62	3739.04	3725.80	3725.10	
3728.22	3723.44	3724.62	3729.40	3719.66	3714.88	3713.56	3710.20	3709.82	3714.20	3720.72	3725.28	3721.36	3724.74	3746.88	3705.60	

*******************************************2025/03/27;15:29:07
Probe number 70
Concentration entered by User 1.70% (Compensated: 2.11% at temperature 25.8)
1269.92	1268.70	1296.86	1310.88	1325.00	1340.64	1359.78	1374.48	1394.34	1409.96	1430.74	1458.72	1479.88	1507.48	1535.12	1570.98	
1599.92	1637.12	1667.88	1703.06	1742.24	1788.14	1834.98	1886.86	1943.50	2002.28	2070.86	2163.02	2257.50	2385.22	2587.62	2833.12	
3123.22	3402.72	3603.16	3664.82	3655.22	3676.84	3675.86	3679.60	3681.64	3679.80	3670.30	3675.86	3685.70	3686.68	3693.38	3698.22	
3697.34	3694.50	3696.12	3709.84	3701.78	3705.86	3708.06	3708.12	3717.46	3724.80	3729.28	3730.82	3728.22	3724.96	3722.26	3720.74	
3728.12	3729.50	3728.20	3719.78	3719.76	3718.30	3723.84	3731.68	3730.70	3732.56	3733.88	3729.56	3730.92	3730.36	3741.06	3737.76	
3740.96	3743.90	3737.36	3727.78	3732.00	3731.96	3731.66	3724.80	3730.82	3731.98	3718.90	3732.52	3737.16	3738.90	3735.16	3734.50	
3724.54	3711.66	3712.68	3711.22	3709.64	3708.44	3724.26	3740.46	3731.22	3728.54	3721.34	3702.30	3724.08	3737.24	3724.18	3723.36	
3726.54	3721.88	3722.88	3728.18	3718.64	3713.40	3712.22	3708.98	3708.36	3712.38	3719.82	3723.96	3719.72	3723.22	3745.54	3703.86	

*******************************************2025/03/27;15:49:07
Probe number 71
Concentration entered by User 1.67% (Compensated: 2.08% at temperature 25.8)
1270.44	1269.42	1296.84	1310.56	1324.98	1341.22	1359.88	1374.72	1394.58	1410.94	1431.78	1459.74	1481.46	1508.46	1536.22	1571.34	
1601.14	1637.52	1669.42	1704.88	1747.10	1795.80	1836.02	1886.84	1942.72	2007.44	2077.72	2160.10	2258.00	2400.02	2573.30	2826.06	
3133.16	3417.56	3604.72	3664.44	3657.38	3679.78	3678.00	3681.04	3682.94	3681.10	3672.44	3677.76	3687.30	3688.00	3694.90	3699.98	
3698.98	3696.22	3697.58	3711.64	3703.72	3707.90	3709.72	3710.22	3719.22	3726.44	3731.14	3732.70	3729.84	3726.94	3723.96	3722.62	
3729.72	3731.48	3730.06	3721.60	3721.54	3719.98	3725.54	3733.60	3732.44	3734.28	3735.04	3731.42	3732.80	3732.02	3742.54	3739.48	
3742.86	3745.70	3739.06	3729.78	3733.72	3733.52	3733.56	3726.64	3732.86	3733.38	3720.42	3734.14	3738.60	3740.68	3736.78	3736.52	
3726.48	3713.36	3714.30	3713.30	3711.54	3710.82	3725.94	3742.12	3732.90	3730.36	3722.94	3704.88	3726.50	3739.04	3726.24	3725.74	
3728.10	3723.62	3724.76	3729.94	3720.26	3715.50	3713.70	3710.80	3710.40	3714.50	3721.58	3725.72	3721.66	3725.12	3747.32	3705.88	

*******************************************2025/03/27;16:09:07
Probe number 72
Concentration entered by User 1.68% (Compensated: 2.10% at temperature 25.9)
1270.08	1269.14	1297.20	1311.14	1325.38	1340.78	1359.96	1374.98	1395.30	1410.68	1431.48	1460.82	1480.92	1508.38	1537.48	1571.02	
1601.30	1638.46	1669.12	1706.10	1744.62	1790.18	1837.76	1885.42	1948.44	2004.34	2080.96	2162.84	2255.46	2402.00	2567.30	2817.34	
3136.64	3415.16	3599.38	3662.10	3655.46	3677.84	3676.08	3679.88	3681.86	3680.36	3670.94	3676.70	3685.54	3687.20	3694.48	3699.44	
3698.52	3696.04	3697.40	3711.12	3703.46	3707.68	3709.54	3709.78	3718.92	3726.38	3730.84	3732.50	3729.54	3726.54	3723.88	3722.76	
3729.76	3731.42	3729.86	3721.44	3721.56	3720.30	3725.54	3734.00	3732.50	3734.24	3735.30	3731.60	3733.06	3732.46	3742.88	3739.58	
3742.94	3745.66	3738.94	3729.54	3733.72	3733.56	3733.32	3726.42	3732.82	3733.70	3720.70	3734.40	3738.44	3740.46	3736.86	3735.92	
3726.36	3713.42	3714.54	3713.86	3711.56	3710.68	3725.96	3741.86	3733.10	3730.50	3723.00	3704.96	3726.38	3739.48	3726.36	3725.70	
3728.28	3723.68	3724.64	3729.80	3720.02	3715.74	3714.20	3710.92	3710.54	3714.52	3721.50	3725.72	3721.60	3725.08	3747.12	3706.18	

*******************************************2025/03/27;16:29:07
Probe number 73
Concentration entered by User 1.67% (Compensated: 2.08% at temperature 25.9)
1270.02	1269.14	1296.68	1310.64	1324.32	1340.08	1359.08	1374.64	1394.40	1410.24	1430.80	1459.22	1479.96	1508.24	1535.40	1571.10	
1600.14	1635.74	1669.98	1704.92	1746.14	1789.50	1835.34	1885.02	1941.64	2001.58	2071.98	2160.74	2264.84	2396.76	2579.20	2822.16	
3138.64	3423.22	3595.00	3666.50	3655.96	3678.60	3677.70	3680.50	3682.80	3680.88	3671.34	3677.24	3686.44	3687.54	3694.84	3699.68	
3699.04	3696.44	3697.82	3711.50	3703.90	3708.36	3710.16	3710.00	3719.48	3726.78	3731.36	3732.96	3730.54	3727.26	3724.40	3723.16	
3730.42	3731.90	3730.70	3722.30	3722.44	3720.66	3726.14	3734.02	3732.98	3734.62	3735.86	3732.12	3733.36	3732.74	3743.54	3740.22	
3743.58	3746.00	3739.34	3729.98	3734.34	3734.12	3734.02	3727.12	3733.40	3734.48	3721.14	3734.96	3739.30	3741.22	3737.68	3736.80	
3727.10	3713.94	3715.30	3714.24	3712.30	3711.28	3726.56	3742.50	3733.80	3731.08	3723.92	3705.40	3726.88	3740.04	3726.84	3726.24	
3728.86	3724.54	3725.72	3730.42	3720.72	3716.32	3714.48	3711.78	3711.10	3715.14	3722.24	3726.44	3722.48	3725.88	3748.06	3706.50	

*******************************************2025/03/27;16:49:07
Probe number 74
Concentration entered by User 1.68% (Compensated: 2.09% at temperature 25.9)
1269.16	1268.42	1296.04	1310.48	1324.12	1340.10	1358.86	1373.70	1394.08	1409.68	1430.36	1458.82	1480.38	1507.32	1535.18	1569.74	
1599.88	1637.40	1668.54	1705.52	1743.20	1790.12	1835.38	1886.60	1947.22	2005.48	2070.42	2156.66	2260.30	2398.60	2585.04	2812.36	
3126.04	3427.12	3599.36	3665.00	3655.14	3677.30	3675.76	3679.40	3681.04	3679.18	3669.88	3675.48	3684.96	3686.34	3693.86	3698.56	
3698.00	3694.92	3696.80	3710.68	3702.90	3707.10	3708.64	3709.14	3718.26	3726.48	3730.46	3732.30	3729.48	3726.92	3723.44	3722.30	
3729.98	3731.46	3729.42	3721.32	3721.20	3720.14	3725.16	3733.66	3732.46	3733.96	3735.18	3731.10	3732.50	3731.98	3742.44	3739.84	
3742.80	3745.68	3738.62	3729.22	3733.36	3733.64	3733.18	3726.52	3732.34	3733.42	3720.50	3734.36	3738.80	3740.42	3736.62	3736.10	
3726.18	3713.26	3715.16	3713.54	3711.38	3711.04	3725.76	3742.16	3732.80	3730.62	3723.00	3704.94	3726.10	3739.52	3726.04	3725.76	
3728.26	3723.84	3724.68	3729.82	3720.30	3715.14	3713.80	3710.66	3710.68	3714.12	3721.50	3725.56	3721.62	3725.00	3747.30	3705.56	

*******************************************2025/03/27;17:09:07
Probe number 75
Concentration entered by User 1.69% (Compensated: 2.11% at temperature 26.0)
1268.50	1267.74	1295.56	1309.44	1323.62	1338.66	1357.72	1373.46	1393.16	1409.76	1429.58	1457.58	1478.50	1506.66	1536.06	1569.86	
1598.10	1634.96	1665.52	1703.34	1741.98	1787.68	1834.08	1881.82	1940.42	2003.28	2078.96	2153.64	2248.16	2396.04	2575.54	2824.70	
3142.20	3409.84	3590.70	3660.24	3651.48	3674.94	3673.50	3677.34	3678.92	3677.52	3667.14	3673.08	3682.64	3683.84	3691.56	3696.52	
3696.14	3693.42	3694.66	3709.18	3701.30	3705.14	3707.46	3707.66	3717.08	3724.76	3728.98	3731.00	3727.78	3724.82	3721.98	3720.88	
3728.74	3729.94	3728.06	3719.86	3719.80	3718.42	3723.70	3732.28	3731.08	3732.56	3733.76	3729.80	3730.94	3730.96	3741.44	3738.48	
3741.56	3744.76	3737.14	3727.82	3732.14	3732.04	3731.60	3725.12	3731.22	3732.14	3718.58	3733.10	3737.50	3739.28	3735.38	3734.54	
3724.48	3712.14	3713.44	3711.98	3710.16	3709.04	3724.46	3740.84	3731.92	3729.12	3721.66	3703.60	3724.82	3738.16	3724.88	3724.26	
3726.96	3722.26	3723.34	3728.76	3718.56	3713.90	3712.38	3709.38	3708.96	3712.68	3719.32	3724.14	3720.12	3723.46	3745.88	3704.44	

*******************************************2025/03/27;17:29:07
Probe number 76
Concentration entered by User 1.70% (Compensated: 2.12% at temperature 25.9)
1268.48	1267.18	1294.84	1309.06	1322.94	1338.14	1357.54	1373.10	1392.90	1409.26	1429.02	1457.46	1477.00	1505.36	1534.36	1568.08	
1597.08	1632.34	1665.18	1701.24	1742.44	1787.72	1831.06	1881.38	1942.68	1999.66	2069.14	2147.96	2253.46	2385.30	2578.48	2815.34	
3140.70	3401.58	3594.10	3657.92	3653.16	3675.26	3673.52	3677.94	3679.84	3678.18	3667.80	3673.94	3682.82	3684.12	3692.04	3697.30	
3696.50	3693.92	3695.20	3709.38	3702.14	3705.78	3708.28	3708.46	3717.44	3725.38	3729.96	3731.92	3728.88	3725.58	3722.54	3721.54	
3729.24	3730.90	3729.10	3720.76	3720.74	3719.24	3724.70	3733.00	3732.02	3733.64	3734.68	3730.54	3732.28	3731.44	3742.24	3739.08	
3741.96	3745.44	3737.98	3728.62	3732.96	3733.06	3732.62	3725.58	3731.74	3733.06	3719.42	3733.80	3738.64	3740.20	3736.16	3735.50	
3726.04	3712.84	3714.62	3712.80	3711.12	3709.98	3725.42	3741.66	3732.62	3730.06	3722.42	3704.26	3725.88	3738.90	3725.62	3725.12	
3727.90	3723.26	3724.48	3729.26	3719.70	3715.14	3713.42	3710.30	3709.84	3713.86	3720.96	3725.14	3721.12	3724.42	3746.86	3705.30	

*******************************************2025/03/27;17:49:07
Probe number 77
Concentration entered by User 1.70% (Compensated: 2.12% at temperature 26.0)
1267.58	1266.80	1294.38	1308.74	1322.26	1337.62	1356.76	1372.12	1391.76	1407.68	1428.78	1457.38	1477.96	1505.12	1533.34	1569.26	
1596.84	1632.88	1666.30	1701.48	1740.90	1786.44	1830.68	1879.54	1938.98	1998.38	2064.10	2150.94	2252.92	2386.60	2569.66	2801.12	
3131.94	3412.76	3597.66	3657.52	3650.06	3674.00	3672.86	3676.36	3677.98	3676.04	3665.92	3672.06	3681.06	3682.04	3690.12	3695.64	
3695.14	3692.30	3693.64	3708.32	3700.72	3704.30	3706.44	3706.92	3716.38	3724.18	3728.64	3730.88	3727.44	3724.36	3721.32	3720.40	
3728.06	3729.70	3727.94	3719.56	3719.50	3717.86	3723.60	3732.28	3731.00	3732.92	3733.50	3729.46	3731.04	3730.14	3741.04	3738.22	
3741.18	3744.22	3737.00	3727.58	3731.96	3731.44	3731.42	3724.72	3730.86	3731.88	3718.32	3732.58	3737.62	3739.22	3735.30	3734.56	
3724.82	3712.28	3713.32	3711.72	3709.68	3708.80	3724.00	3740.54	3731.66	3729.24	3721.46	3703.32	3724.58	3737.84	3724.36	3724.42	
3726.58	3722.12	3723.10	3728.54	3718.46	3713.62	3711.76	3709.24	3708.34	3712.56	3719.30	3723.82	3719.96	3723.30	3745.82	3704.14	

*******************************************2025/03/27;18:09:07
Probe number 78
Concentration entered by User 1.68% (Compensated: 2.10% at temperature 26.0)
1268.10	1267.38	1295.18	1309.34	1322.70	1338.28	1357.82	1373.08	1392.82	1408.96	1429.12	1457.64	1478.60	1506.36	1534.86	1569.44	
1598.56	1633.06	1665.62	1702.22	1741.68	1787.80	1832.56	1882.64	1940.68	1997.56	2070.20	2152.96	2250.26	2387.62	2584.62	2813.98	
3134.34	3418.66	3597.52	3664.50	3656.18	3680.14	3678.14	3681.52	3683.32	3681.52	3671.46	3677.46	3685.80	3687.34	3695.32	3700.74	
3700.10	3697.12	3698.62	3712.80	3705.20	3709.06	3711.22	3711.56	3720.98	3728.62	3732.68	3734.90	3732.24	3729.08	3725.92	3724.72	
3732.64	3734.04	3732.38	3723.80	3723.88	3722.56	3727.90	3736.30	3735.44	3736.54	3737.34	3733.82	3734.78	3734.60	3744.88	3742.26	
3745.32	3748.38	3741.40	3731.72	3736.36	3736.36	3735.94	3729.10	3735.38	3736.24	3723.20	3736.86	3742.04	3743.26	3739.42	3738.56	
3728.96	3716.90	3717.78	3716.86	3714.82	3713.70	3728.80	3744.76	3736.08	3733.58	3726.54	3708.32	3729.32	3742.34	3729.02	3728.80	
3731.04	3726.70	3727.84	3732.88	3723.50	3718.10	3716.70	3713.82	3713.72	3717.60	3724.42	3728.22	3724.64	3727.78	3749.66	3709.18	

*******************************************2025/03/27;18:29:07
Probe number 79
Concentration entered by User 1.75% (Compensated: 2.17% at temperature 26.0)
1267.08	1265.88	1293.72	1307.40	1321.46	1336.32	1355.48	1370.46	1390.72	1407.34	1428.00	1456.42	1476.20	1503.88	1531.92	1567.00	
1596.98	1632.48	1663.66	1699.32	1737.96	1787.70	1832.34	1878.18	1939.96	1995.34	2069.64	2149.22	2251.82	2388.78	2561.18	2806.48	
3121.46	3391.22	3591.02	3659.48	3650.68	3674.60	3673.02	3676.92	3678.74	3676.92	3666.06	3672.04	3681.30	3682.08	3690.82	3696.12	
3695.82	3692.66	3694.20	3708.18	3700.80	3704.58	3707.04	3707.20	3716.72	3724.60	3729.30	3731.16	3727.90	3724.86	3722.00	3720.90	
3728.68	3730.28	3728.44	3720.22	3719.76	3718.50	3723.98	3732.84	3731.82	3733.48	3734.34	3730.12	3731.40	3731.02	3741.20	3739.06	
3742.02	3745.02	3737.68	3727.70	3732.50	3732.78	3732.44	3725.44	3731.38	3732.70	3719.22	3733.36	3738.20	3739.72	3736.14	3735.26	
3725.38	3712.80	3713.96	3712.76	3710.66	3709.44	3724.48	3741.20	3732.28	3729.82	3722.58	3704.28	3725.38	3739.04	3725.38	3725.04	
3727.38	3722.98	3723.74	3728.94	3719.14	3714.32	3712.76	3709.76	3709.60	3713.40	3720.38	3724.94	3720.56	3724.18	3746.44	3704.76	

*******************************************2025/03/27;18:49:07
Probe number 80
Concentration entered by User 1.72% (Compensated: 2.15% at temperature 26.1)
1267.22	1267.06	1294.48	1307.92	1321.72	1337.68	1356.08	1371.64	1391.78	1407.40	1427.94	1456.86	1477.38	1505.10	1534.38	1568.84	
1596.54	1631.68	1664.48	1700.50	1738.92	1787.56	1829.08	1881.00	1939.50	1994.80	2064.74	2151.98	2253.98	2389.48	2562.48	2816.12	
3129.48	3399.34	3595.82	3660.76	3651.36	3675.74	3674.58	3678.48	3680.42	3678.24	3668.12	3673.94	3682.70	3684.02	3692.38	3697.60	
3697.54	3694.96	3696.16	3710.64	3703.08	3707.00	3709.12	3709.54	3719.04	3726.52	3730.80	3733.08	3730.00	3727.08	3723.64	3722.98	
3730.66	3732.12	3730.52	3722.22	3722.10	3720.58	3726.30	3734.62	3733.68	3734.82	3736.24	3732.38	3732.96	3732.90	3743.12	3740.78	
3744.10	3747.20	3739.48	3729.84	3734.26	3734.64	3734.24	3727.20	3733.76	3734.60	3721.08	3735.34	3740.06	3742.00	3738.18	3737.14	
3727.32	3715.00	3716.24	3715.26	3713.08	3711.88	3726.94	3743.08	3734.60	3732.10	3724.70	3706.58	3727.96	3740.86	3727.30	3727.46	
3729.28	3724.80	3726.18	3731.26	3721.52	3716.56	3715.54	3712.04	3711.68	3715.92	3722.62	3726.56	3722.74	3726.00	3748.10	3707.58	

*******************************************2025/03/27;19:09:07
Probe number 81
Concentration entered by User 1.72% (Compensated: 2.15% at temperature 26.1)
1266.44	1265.80	1293.32	1306.88	1321.18	1336.38	1355.24	1370.70	1390.64	1407.02	1427.66	1455.24	1476.54	1504.02	1531.22	1565.62	
1595.58	1631.64	1663.88	1696.94	1736.12	1783.48	1828.54	1879.96	1938.26	1992.54	2064.66	2154.68	2246.74	2386.14	2568.44	2809.68	
3133.08	3396.22	3598.98	3659.40	3649.56	3674.44	3673.06	3676.44	3678.56	3675.96	3664.96	3671.40	3680.06	3681.46	3690.18	3696.04	
3695.42	3692.30	3693.68	3708.26	3700.72	3704.52	3706.54	3707.12	3716.60	3725.00	3729.60	3731.34	3728.20	3724.98	3722.20	3721.02	
3729.00	3730.64	3728.96	3720.38	3719.74	3718.66	3724.60	3733.08	3732.18	3733.52	3734.52	3730.18	3731.48	3731.02	3741.84	3739.32	
3742.46	3745.46	3738.00	3728.40	3732.42	3733.08	3732.56	3725.68	3731.68	3732.82	3719.42	3733.72	3738.58	3740.44	3736.52	3735.58	
3725.64	3713.08	3714.72	3713.40	3711.50	3710.24	3725.28	3741.76	3733.00	3730.26	3722.58	3704.66	3725.94	3739.18	3725.68	3725.78	
3727.78	3723.06	3724.46	3729.64	3719.70	3714.64	3713.32	3710.42	3710.12	3713.80	3720.92	3724.96	3720.84	3724.34	3746.58	3705.66	

*******************************************2025/03/27;19:29:07
Probe number 82
Concentration entered by User 1.71% (Compensated: 2.14% at temperature 26.1)
1267.28	1266.54	1293.96	1308.34	1321.74	1336.92	1356.68	1371.64	1391.38	1408.14	1428.78	1457.04	1476.82	1504.28	1533.54	1567.22	
1595.72	1631.80	1662.44	1699.56	1740.56	1784.74	1829.34	1881.10	1937.26	1995.76	2062.82	2149.08	2250.74	2391.06	2558.74	2796.96	
3129.10	3413.50	3596.50	3663.32	3653.86	3678.16	3676.76	3680.50	3682.64	3680.28	3669.00	3675.24	3684.26	3685.68	3694.12	3699.78	
3699.58	3696.66	3697.76	3712.40	3704.78	3708.56	3711.32	3711.58	3720.76	3728.96	3733.28	3734.80	3731.94	3728.96	3725.92	3724.84	
3732.66	3734.22	3732.70	3724.50	3723.76	3722.72	3728.10	3736.94	3735.90	3737.08	3738.12	3734.00	3735.18	3734.76	3745.20	3743.08	
3745.86	3748.98	3741.72	3731.96	3736.40	3736.50	3736.34	3729.64	3735.66	3736.68	3723.70	3737.74	3742.28	3744.08	3739.96	3739.06	
3729.58	3717.60	3718.64	3717.50	3715.88	3714.10	3729.24	3745.36	3736.70	3734.28	3727.02	3708.98	3730.08	3742.96	3729.68	3729.40	
3731.66	3727.06	3728.20	3733.36	3723.78	3719.04	3717.06	3714.68	3714.58	3717.88	3724.84	3728.82	3725.06	3728.30	3750.04	3709.80	

*******************************************2025/03/27;19:49:07
Probe number 83
Concentration entered by User 1.74% (Compensated: 2.18% at temperature 26.2)
1266.54	1265.56	1292.98	1306.86	1320.72	1336.18	1355.98	1370.76	1390.28	1406.52	1426.24	1455.50	1476.72	1504.06	1532.76	1567.00	
1595.16	1629.60	1663.08	1699.78	1738.46	1782.22	1828.58	1876.76	1931.62	1986.66	2066.32	2141.46	2240.66	2385.10	2584.84	2802.56	
3113.84	3402.84	3593.28	3657.78	3649.60	3673.86	3673.18	3676.52	3679.00	3676.70	3665.78	3672.50	3680.92	3682.32	3691.72	3696.60	
3696.52	3693.56	3695.06	3709.44	3702.48	3705.78	3708.82	3709.26	3718.94	3726.72	3731.30	3732.90	3730.22	3726.68	3723.90	3722.68	
3730.72	3732.18	3730.32	3722.48	3721.92	3720.20	3726.14	3735.34	3734.00	3735.20	3736.26	3731.80	3733.34	3732.62	3743.14	3740.96	
3744.10	3746.90	3739.66	3730.00	3734.46	3734.66	3734.56	3727.68	3733.52	3734.54	3721.76	3735.46	3740.30	3742.28	3738.02	3737.40	
3727.58	3715.36	3716.58	3715.18	3713.34	3712.12	3727.42	3743.22	3734.82	3732.20	3725.22	3707.00	3727.96	3741.26	3727.48	3727.42	
3729.82	3725.38	3726.52	3731.22	3721.48	3716.96	3715.44	3712.00	3712.32	3715.92	3722.54	3727.02	3723.06	3726.24	3748.16	3707.34	

*******************************************2025/03/27;20:09:07
Probe number 84
Concentration entered by User 1.78% (Compensated: 2.20% at temperature 26.0)
1266.70	1265.92	1294.02	1307.60	1321.30	1336.80	1356.06	1371.06	1390.66	1407.48	1427.64	1455.52	1476.12	1503.00	1531.46	1566.58	
1595.42	1631.38	1662.42	1697.90	1736.64	1785.24	1826.84	1874.58	1935.76	1997.44	2061.74	2144.64	2239.96	2377.54	2563.26	2801.18	
3105.96	3394.00	3577.64	3654.66	3649.04	3672.76	3671.74	3675.60	3678.04	3675.40	3664.54	3671.06	3679.58	3681.08	3689.88	3695.62	
3695.42	3692.74	3693.78	3708.82	3701.36	3705.06	3707.82	3708.06	3717.68	3725.78	3730.48	3732.30	3729.40	3725.92	3722.78	3721.64	
3730.06	3731.44	3729.68	3721.08	3720.80	3719.60	3725.58	3734.32	3733.30	3734.48	3735.60	3731.00	3732.00	3731.66	3742.58	3740.16	
3743.24	3746.04	3738.56	3728.92	3733.46	3733.76	3733.98	3726.86	3732.92	3733.90	3720.28	3734.56	3739.36	3741.40	3737.10	3736.46	
3726.68	3714.14	3715.46	3714.20	3712.74	3711.30	3726.18	3742.48	3733.78	3731.50	3724.32	3705.64	3726.98	3740.30	3726.98	3726.58	
3729.04	3724.38	3725.02	3730.42	3720.64	3715.86	3714.42	3711.32	3711.12	3714.76	3721.98	3725.80	3721.72	3725.28	3747.54	3706.84	

*******************************************2025/03/27;20:29:07
Probe number 85
Concentration entered by User 1.81% (Compensated: 2.22% at temperature 25.8)
1266.70	1265.94	1294.14	1307.50	1321.56	1337.00	1355.60	1371.04	1391.58	1407.86	1428.40	1456.72	1476.68	1503.84	1532.58	1566.06	
1595.68	1631.28	1663.64	1700.08	1736.64	1780.34	1829.50	1874.90	1933.48	1992.76	2061.18	2148.02	2241.02	2367.90	2566.30	2796.26	
3097.68	3379.90	3579.98	3657.12	3650.82	3674.16	3673.20	3677.34	3680.06	3677.66	3666.38	3672.80	3681.46	3682.22	3691.28	3696.94	
3696.60	3694.46	3695.68	3710.40	3702.98	3706.44	3709.08	3709.38	3718.80	3726.80	3731.64	3733.64	3730.38	3727.16	3723.98	3722.86	
3730.56	3732.30	3730.56	3722.06	3721.36	3720.44	3726.42	3735.26	3734.06	3734.94	3736.48	3731.64	3732.98	3732.68	3742.94	3741.12	
3744.10	3747.20	3739.58	3729.74	3734.40	3734.68	3734.48	3727.76	3733.72	3734.88	3721.22	3735.14	3740.34	3742.42	3737.92	3737.38	
3727.50	3715.26	3715.98	3715.00	3713.68	3712.32	3727.38	3743.38	3734.72	3732.50	3725.46	3707.22	3727.92	3741.28	3727.92	3727.30	
3730.00	3725.72	3726.28	3731.48	3721.82	3716.98	3715.46	3712.16	3712.10	3715.36	3722.88	3726.60	3722.84	3726.26	3748.24	3707.58	

*******************************************2025/03/27;20:49:07
Probe number 86
Concentration entered by User 1.84% (Compensated: 2.23% at temperature 25.6)
1265.76	1264.94	1292.36	1306.16	1319.76	1335.16	1354.06	1369.56	1389.84	1405.46	1426.22	1454.34	1476.12	1502.74	1530.32	1565.32	
1593.92	1627.28	1660.94	1694.94	1733.94	1782.62	1826.24	1875.14	1928.56	1986.44	2055.32	2147.06	2240.58	2369.46	2542.02	2797.14	
3103.56	3367.96	3567.46	3655.66	3648.68	3670.74	3669.14	3673.60	3675.64	3673.62	3661.84	3667.94	3677.10	3678.24	3686.68	3692.28	
3692.54	3689.94	3691.42	3706.26	3698.34	3702.40	3704.72	3705.00	3714.84	3722.80	3727.70	3729.52	3727.24	3723.56	3720.26	3718.94	
3726.96	3728.38	3727.12	3718.48	3717.64	3716.74	3722.68	3731.66	3730.62	3731.66	3732.78	3728.38	3729.92	3729.08	3739.64	3737.92	
3741.00	3743.86	3736.58	3725.98	3730.94	3731.26	3731.16	3724.06	3729.84	3731.18	3717.60	3731.46	3737.08	3738.64	3734.48	3733.72	
3724.06	3710.86	3712.78	3711.38	3709.54	3708.16	3723.40	3740.24	3731.24	3729.26	3721.34	3703.26	3724.76	3737.84	3724.50	3723.52	
3726.26	3721.82	3722.84	3727.84	3717.88	3713.22	3711.46	3708.00	3707.88	3711.84	3718.94	3723.08	3719.02	3722.40	3744.96	3703.28	

*******************************************2025/03/27;21:09:07
Probe number 87
Concentration entered by User 1.82% (Compensated: 2.20% at temperature 25.4)
1265.42	1264.80	1292.06	1306.12	1320.20	1335.28	1354.20	1369.64	1389.20	1405.80	1426.80	1454.86	1475.82	1502.42	1530.86	1566.46	
1593.72	1630.30	1661.62	1698.00	1736.78	1779.74	1822.82	1871.76	1929.40	1986.22	2057.78	2137.22	2237.84	2367.20	2548.14	2792.04	
3094.76	3384.34	3574.54	3655.20	3648.34	3670.94	3670.92	3674.20	3676.86	3674.34	3663.16	3668.70	3677.68	3678.66	3687.32	3692.90	
3693.24	3690.30	3691.60	3706.44	3698.74	3702.74	3705.06	3705.32	3714.84	3723.10	3728.38	3730.04	3727.06	3723.52	3720.52	3718.92	
3726.90	3728.66	3726.98	3718.46	3717.56	3716.50	3722.86	3731.60	3730.84	3731.68	3733.12	3728.40	3729.78	3729.16	3739.98	3737.94	
3741.10	3743.98	3736.42	3726.64	3730.90	3731.38	3731.44	3724.48	3730.32	3731.04	3717.52	3731.70	3736.86	3738.74	3734.62	3734.10	
3724.02	3711.38	3712.64	3711.72	3709.64	3708.72	3723.50	3740.50	3731.52	3729.18	3721.70	3703.48	3724.64	3737.96	3724.94	3723.52	
3726.48	3721.98	3722.78	3728.06	3718.28	3712.90	3711.54	3708.58	3708.26	3712.02	3719.08	3723.56	3718.84	3722.62	3745.00	3703.46	

*******************************************2025/03/27;21:29:07
Probe number 88
Concentration entered by User 1.84% (Compensated: 2.20% at temperature 25.3)
1262.68	1261.60	1289.08	1302.78	1316.52	1332.34	1350.70	1366.18	1385.80	1402.46	1422.74	1451.32	1471.38	1499.62	1527.82	1561.80	
1590.02	1625.14	1658.34	1695.04	1734.74	1780.28	1819.88	1870.02	1926.86	1988.74	2046.48	2128.36	2228.50	2358.60	2550.08	2787.16	
3094.22	3376.22	3570.78	3652.56	3649.10	3670.44	3669.36	3673.42	3676.50	3673.60	3661.80	3667.46	3676.38	3676.96	3685.44	3691.08	
3691.44	3688.92	3689.34	3704.26	3696.56	3699.86	3703.14	3703.08	3712.10	3720.98	3725.58	3727.98	3725.02	3721.34	3718.42	3716.74	
3724.74	3726.30	3724.42	3715.62	3714.86	3713.88	3719.72	3729.70	3728.40	3729.56	3730.64	3725.96	3727.40	3726.34	3737.20	3735.30	
3738.92	3741.54	3733.58	3723.94	3728.70	3728.62	3728.74	3721.62	3727.70	3729.16	3715.34	3729.26	3734.54	3736.60	3732.00	3731.48	
3721.44	3708.24	3710.14	3708.90	3706.50	3705.80	3720.96	3738.20	3729.02	3726.84	3719.08	3700.64	3721.90	3735.50	3722.58	3720.74	
3724.02	3719.60	3719.90	3725.48	3715.68	3710.66	3708.70	3705.42	3705.26	3709.04	3716.34	3720.74	3716.42	3720.22	3742.66	3700.48	

*******************************************2025/03/27;21:49:07
Probe number 89
Concentration entered by User 1.78% (Compensated: 2.14% at temperature 25.1)
1261.48	1260.68	1288.50	1302.20	1315.92	1331.48	1350.24	1365.84	1385.66	1402.16	1422.18	1450.40	1471.24	1499.24	1528.24	1562.68	
1590.74	1626.76	1658.26	1695.54	1731.40	1779.50	1822.92	1872.36	1924.98	1984.70	2062.18	2134.14	2224.40	2372.46	2558.56	2784.14	
3095.04	3396.88	3589.92	3666.28	3661.62	3682.48	3680.38	3684.16	3686.36	3683.42	3671.60	3676.88	3685.40	3685.38	3694.22	3699.44	
3699.40	3696.82	3697.62	3711.98	3704.24	3707.44	3709.90	3710.12	3719.32	3727.68	3732.36	3734.26	3731.10	3727.80	3724.76	3723.70	
3730.98	3732.28	3731.10	3722.42	3721.52	3720.58	3726.42	3735.40	3735.00	3735.48	3736.84	3732.04	3733.36	3732.42	3743.40	3741.64	
3744.54	3747.22	3739.70	3730.52	3734.72	3734.86	3735.22	3728.10	3734.22	3735.26	3721.80	3735.58	3740.48	3742.36	3738.12	3737.68	
3728.24	3715.16	3716.78	3715.98	3713.68	3712.86	3727.18	3744.02	3735.44	3732.94	3725.74	3707.64	3728.50	3741.58	3728.92	3727.26	
3730.48	3725.94	3726.78	3732.04	3722.24	3717.28	3715.86	3712.36	3712.38	3715.96	3723.40	3727.40	3723.14	3726.54	3748.56	3707.54	

*******************************************2025/03/27;22:09:08
Probe number 90
Concentration entered by User 1.77% (Compensated: 2.12% at temperature 25.0)
1261.56	1260.78	1288.16	1302.14	1315.88	1331.06	1349.50	1365.28	1385.16	1401.86	1422.56	1449.90	1471.10	1499.30	1527.78	1561.98	
1592.18	1626.16	1660.16	1696.24	1734.22	1778.68	1822.32	1871.62	1928.34	1982.66	2058.52	2135.52	2235.24	2373.72	2548.64	2779.96	
3096.24	3399.74	3591.64	3673.74	3667.46	3687.84	3686.22	3688.76	3691.24	3688.26	3677.34	3682.26	3690.02	3690.64	3698.48	3703.30	
3703.52	3701.44	3701.82	3715.68	3708.50	3711.24	3713.94	3714.12	3722.76	3730.96	3735.82	3737.68	3734.66	3731.20	3728.56	3726.92	
3734.28	3735.54	3734.50	3725.16	3724.54	3723.68	3729.64	3738.58	3737.72	3738.28	3739.50	3735.02	3736.62	3735.86	3745.68	3744.24	
3747.28	3750.02	3742.34	3733.36	3737.58	3737.94	3738.24	3731.28	3737.38	3738.22	3724.62	3738.38	3743.10	3745.32	3740.94	3740.30	
3731.34	3718.44	3719.88	3718.90	3716.84	3716.14	3730.24	3746.74	3738.18	3735.86	3728.90	3710.78	3731.68	3744.42	3732.20	3730.36	
3733.84	3728.94	3729.74	3734.78	3725.72	3720.50	3719.30	3715.68	3715.32	3719.12	3726.06	3730.08	3725.98	3729.62	3751.24	3710.46	

*******************************************2025/03/27;22:29:08
Probe number 91
Concentration entered by User 1.77% (Compensated: 2.10% at temperature 24.8)
1259.18	1258.46	1285.28	1298.64	1312.60	1328.36	1346.56	1362.30	1382.38	1399.16	1419.46	1448.28	1469.34	1496.82	1524.72	1559.24	
1588.30	1623.40	1655.00	1693.52	1731.66	1777.62	1821.90	1866.72	1929.12	1987.78	2053.28	2132.14	2234.44	2370.94	2554.98	2773.18	
3097.10	3398.84	3600.48	3676.74	3670.14	3689.58	3687.74	3691.78	3692.66	3690.00	3678.56	3683.24	3691.32	3691.62	3699.14	3704.26	
3703.92	3702.10	3702.58	3715.58	3708.40	3711.22	3713.94	3713.64	3722.64	3730.30	3735.24	3737.08	3734.50	3731.14	3727.70	3726.34	
3733.80	3735.28	3733.48	3725.28	3724.14	3723.30	3728.90	3737.90	3737.36	3737.88	3739.22	3734.54	3736.58	3735.18	3745.12	3744.10	
3747.12	3749.94	3742.04	3733.30	3737.38	3737.42	3737.72	3730.70	3736.72	3737.78	3724.40	3737.88	3742.98	3744.72	3740.24	3740.04	
3730.92	3718.14	3719.04	3718.70	3716.18	3716.08	3729.62	3746.74	3737.76	3735.50	3728.64	3710.60	3731.56	3744.06	3731.68	3730.30	
3733.48	3728.86	3729.28	3734.68	3725.20	3720.30	3719.04	3715.06	3714.94	3719.02	3725.66	3729.66	3725.94	3729.04	3750.84	3709.84	

*******************************************2025/03/27;22:49:08
Probe number 92
Concentration entered by User 1.78% (Compensated: 2.11% at temperature 24.7)
1260.06	1259.24	1286.00	1299.78	1313.48	1328.70	1347.72	1363.12	1383.10	1399.14	1419.86	1448.02	1469.16	1497.54	1524.36	1558.84	
1588.02	1623.30	1656.56	1693.14	1731.56	1777.14	1817.46	1867.54	1924.22	1984.68	2055.08	2127.18	2226.54	2359.08	2545.66	2776.62	
3097.02	3389.26	3595.64	3675.22	3667.66	3686.60	3686.16	3689.66	3690.98	3687.58	3675.82	3680.40	3688.72	3689.06	3696.16	3701.30	
3701.44	3699.14	3699.44	3713.32	3705.92	3709.02	3711.36	3711.64	3720.26	3728.40	3733.50	3735.10	3732.46	3728.72	3726.18	3724.68	
3731.68	3733.38	3731.60	3723.40	3722.34	3721.00	3727.12	3735.86	3735.50	3736.24	3737.64	3732.80	3734.54	3733.18	3743.50	3742.00	
3745.62	3748.30	3740.36	3731.06	3735.56	3735.94	3736.14	3729.16	3735.12	3736.04	3722.34	3735.74	3740.74	3743.30	3738.62	3738.30	
3729.10	3716.14	3717.46	3716.82	3714.50	3714.14	3728.10	3744.88	3736.02	3734.18	3726.90	3708.28	3729.42	3742.64	3729.58	3728.08	
3731.60	3726.98	3727.40	3732.90	3723.36	3718.30	3716.68	3713.06	3713.20	3716.92	3723.62	3728.00	3724.06	3727.28	3749.28	3707.94	

*******************************************2025/03/27;23:09:07
Probe number 93
Concentration entered by User 1.83% (Compensated: 2.14% at temperature 24.6)
1259.12	1258.56	1285.66	1299.32	1313.00	1328.16	1347.54	1362.38	1382.46	1398.64	1419.42	1447.92	1468.24	1495.30	1524.10	1557.96	
1586.06	1621.26	1653.28	1690.90	1727.58	1772.58	1815.90	1866.40	1924.08	1978.20	2051.16	2131.30	2228.90	2357.60	2523.70	2770.44	
3087.50	3376.98	3587.04	3668.52	3661.42	3681.92	3680.24	3683.94	3685.20	3682.44	3670.14	3674.88	3683.68	3683.74	3691.32	3696.34	
3696.68	3694.20	3694.38	3708.30	3700.38	3704.00	3706.42	3706.48	3714.98	3723.70	3728.68	3730.78	3727.72	3724.30	3721.10	3719.72	
3726.90	3728.88	3726.96	3718.24	3717.44	3715.90	3721.84	3731.44	3730.62	3731.74	3732.50	3727.78	3729.50	3728.50	3738.70	3737.66	
3741.04	3743.66	3735.36	3726.00	3730.76	3730.74	3731.12	3724.08	3729.86	3731.30	3717.06	3731.08	3735.78	3738.56	3733.62	3733.62	
3724.08	3710.80	3711.94	3711.70	3708.98	3708.34	3723.24	3740.68	3731.54	3729.12	3722.14	3703.14	3724.62	3737.98	3724.62	3723.46	
3726.60	3721.52	3722.32	3727.76	3717.92	3712.86	3711.64	3707.76	3707.52	3711.40	3718.64	3722.68	3718.88	3722.42	3744.62	3702.52	

*******************************************2025/03/27;23:29:07
Probe number 94
Concentration entered by User 1.85% (Compensated: 2.15% at temperature 24.4)
1259.60	1258.86	1286.10	1299.58	1313.56	1328.80	1347.32	1362.36	1382.58	1399.24	1419.44	1448.12	1468.72	1495.96	1525.32	1558.16	
1586.16	1622.32	1655.72	1692.48	1729.06	1774.66	1818.62	1868.42	1923.24	1980.24	2053.20	2128.46	2230.24	2355.48	2539.96	2775.52	
3080.64	3368.48	3582.58	3670.00	3664.98	3684.42	3683.10	3686.04	3687.64	3684.34	3673.36	3677.62	3685.62	3686.28	3693.28	3698.50	
3699.22	3696.70	3696.72	3710.30	3703.36	3706.44	3708.80	3709.08	3717.50	3726.12	3731.10	3732.92	3730.00	3726.68	3723.56	3722.08	
3729.58	3730.96	3729.34	3720.62	3719.66	3718.26	3724.10	3733.70	3732.64	3733.50	3734.76	3730.06	3731.64	3731.06	3740.80	3739.68	
3743.26	3745.98	3737.64	3728.32	3732.94	3733.10	3733.34	3726.64	3732.38	3733.60	3719.62	3733.26	3738.56	3740.94	3736.16	3735.46	
3726.46	3713.76	3714.26	3713.60	3711.16	3710.86	3725.36	3742.48	3733.64	3731.16	3724.12	3705.70	3726.74	3740.28	3726.84	3725.48	
3728.98	3724.10	3724.34	3730.10	3720.42	3715.52	3714.20	3710.34	3709.96	3713.72	3720.90	3725.04	3721.22	3724.80	3746.84	3705.26	

*******************************************2025/03/27;23:49:07
Probe number 95
Concentration entered by User 1.84% (Compensated: 2.14% at temperature 24.3)
1258.54	1257.62	1284.12	1298.22	1311.58	1326.70	1346.24	1360.98	1381.32	1398.10	1419.04	1446.56	1467.12	1494.64	1523.18	1556.88	
1586.32	1622.22	1655.34	1691.70	1729.24	1775.40	1816.26	1867.96	1925.56	1980.14	2052.62	2131.02	2225.08	2367.28	2537.58	2761.50	
3077.10	3379.26	3583.90	3671.76	3665.64	3685.36	3684.38	3687.60	3688.86	3685.74	3674.20	3678.90	3687.18	3687.50	3694.60	3699.96	
3700.18	3697.70	3697.72	3711.66	3704.30	3707.32	3709.86	3710.66	3718.78	3727.10	3732.02	3733.82	3731.54	3728.22	3725.14	3723.40	
3730.68	3732.38	3730.60	3721.88	3720.86	3719.82	3725.74	3734.78	3734.00	3734.98	3736.12	3731.60	3733.60	3732.36	3742.44	3740.92	
3744.34	3747.18	3738.90	3729.92	3734.52	3734.42	3734.84	3728.24	3733.58	3734.98	3720.52	3734.14	3739.46	3742.24	3737.64	3737.06	
3728.04	3715.18	3715.74	3715.56	3712.94	3712.18	3727.00	3743.92	3735.26	3732.74	3725.98	3707.20	3728.70	3741.86	3728.58	3727.02	
3730.36	3725.84	3726.06	3731.34	3721.96	3716.98	3715.30	3711.78	3711.92	3715.34	3722.52	3726.48	3722.60	3726.10	3747.94	3706.76	

