*******************************************2025/05/18;14:10:07
Probe number 0
Concentration entered by User -1.00% (Compensated: -1.00% at temperature 20.5)
3181.56	3288.18	3416.74	3420.56	3423.52	3471.00	3513.08	3512.22	3518.10	3524.74	3560.18	3613.40	3616.10	3623.72	3654.40	3682.56	
3703.04	3692.50	3682.34	3697.86	3709.04	3724.10	3731.52	3734.68	3737.46	3733.48	3730.76	3732.42	3721.60	3696.58	3686.54	3662.56	
3680.52	3678.46	3704.94	3720.44	3722.58	3707.36	3693.34	3691.16	3653.84	3674.32	3668.32	3732.84	3782.74	3762.98	3700.24	3667.52	
3662.50	3675.66	3719.76	3772.00	3792.88	3807.06	3804.28	3794.58	3786.22	3779.24	3784.60	3783.36	3770.64	3781.10	3775.80	3771.28	
3779.20	3768.70	3760.22	3729.62	3718.78	3724.10	3717.86	3716.50	3690.48	3685.26	3694.72	3679.80	3669.30	3692.64	3741.96	3738.90	
3728.10	3729.20	3735.72	3719.04	3702.58	3703.92	3686.10	3621.86	3606.90	3580.46	3600.30	3626.36	3639.04	3667.86	3658.74	3659.46	
3608.42	3650.26	3702.34	3711.96	3712.76	3681.18	3687.10	3698.48	3695.76	3707.84	3731.26	3728.72	3724.74	3718.80	3686.88	3689.04	
3712.96	3735.80	3700.48	3656.92	3635.34	3619.20	3657.06	3669.26	3667.08	3663.84	3671.18	3685.02	3699.18	3719.04	3742.62	3686.34	

*******************************************2025/05/18;14:10:29
Probe number 1
Concentration entered by User -1.00% (Compensated: -1.00% at temperature 20.5)
3183.78	3291.74	3420.10	3423.60	3427.12	3474.20	3515.88	3514.74	3521.60	3528.08	3563.32	3616.32	3618.38	3625.66	3655.88	3684.14	
3704.42	3694.18	3683.98	3699.90	3710.52	3725.70	3732.40	3736.04	3738.40	3734.46	3732.00	3733.56	3723.08	3698.06	3687.76	3663.94	
3681.90	3679.76	3705.74	3721.04	3722.32	3707.82	3693.78	3691.68	3654.08	3674.46	3668.44	3732.66	3782.62	3762.52	3700.50	3667.08	
3661.46	3674.82	3718.06	3770.18	3789.34	3790.48	3761.86	3736.00	3750.14	3808.96	3814.88	3818.86	3789.08	3786.90	3777.50	3773.32	
3780.62	3769.92	3761.48	3731.34	3720.26	3725.00	3719.12	3717.78	3691.86	3686.56	3696.00	3681.02	3670.60	3694.34	3742.62	3739.92	
3729.06	3730.62	3736.32	3720.36	3703.80	3705.38	3687.16	3622.96	3608.76	3581.76	3601.20	3627.24	3640.22	3668.66	3659.14	3660.70	
3610.40	3651.74	3703.28	3712.74	3714.04	3682.12	3688.30	3699.82	3696.60	3708.82	3731.66	3729.00	3725.76	3719.60	3688.70	3689.96	
3713.78	3735.94	3701.10	3657.76	3636.58	3621.16	3657.98	3670.34	3668.24	3664.80	3672.48	3685.80	3700.06	3719.42	3743.42	3687.22	

*******************************************2025/05/18;14:10:54
Probe number 2
Concentration entered by User -1.00% (Compensated: -1.00% at temperature 20.5)
3191.98	3302.12	3430.52	3435.02	3437.96	3484.90	3526.66	3526.12	3531.96	3539.50	3574.32	3625.88	3628.62	3635.84	3665.52	3692.38	
3711.82	3701.94	3691.76	3707.40	3718.00	3732.30	3738.98	3742.28	3744.56	3741.02	3738.16	3739.56	3729.46	3706.02	3696.04	3672.80	
3690.24	3687.68	3712.74	3727.10	3728.48	3714.32	3701.66	3699.42	3663.52	3682.54	3676.30	3738.28	3786.44	3767.74	3707.44	3676.24	
3671.20	3684.04	3725.52	3775.78	3794.44	3796.10	3776.04	3788.64	3797.06	3809.14	3806.82	3801.72	3780.62	3787.06	3782.04	3777.90	
3784.50	3774.82	3766.52	3737.58	3727.12	3731.76	3725.86	3724.68	3700.28	3694.08	3703.52	3689.10	3679.18	3702.06	3748.54	3746.04	
3735.88	3737.14	3742.50	3726.80	3710.92	3712.62	3694.86	3632.40	3618.38	3591.72	3611.24	3635.86	3649.20	3676.96	3668.12	3669.12	
3620.04	3660.74	3710.60	3719.70	3720.80	3690.00	3696.16	3707.56	3704.76	3716.42	3737.48	3735.06	3732.08	3726.98	3696.98	3697.98	
3720.16	3741.78	3708.50	3667.02	3645.98	3630.32	3666.62	3678.54	3676.94	3673.16	3680.60	3694.28	3707.66	3726.44	3749.80	3695.22	

*******************************************2025/05/18;14:19:19
Probe number 3
Concentration entered by User 12.33% (Compensated: 12.41% at temperature 21.2)
1089.52	1093.30	1113.78	1129.00	1141.74	1160.04	1178.32	1193.62	1212.14	1230.30	1249.22	1272.58	1293.14	1316.40	1341.02	1370.46	
1400.70	1433.06	1470.08	1512.66	1556.00	1609.86	1658.54	1706.04	1761.74	1827.52	1908.46	2026.44	2175.00	2362.78	2595.48	2754.06	
2880.36	2961.36	3009.08	3023.30	3054.54	3079.34	3088.02	3110.26	3127.56	3156.84	3170.58	3202.30	3258.02	3311.56	3379.34	3442.34	
3499.60	3544.04	3587.96	3644.80	3674.32	3703.80	3712.40	3720.60	3742.58	3753.58	3763.46	3766.48	3761.42	3771.90	3766.50	3758.32	
3760.04	3749.98	3745.06	3719.78	3703.32	3682.18	3658.14	3649.02	3635.18	3658.06	3684.36	3682.84	3677.74	3687.50	3713.44	3719.00	
3733.78	3750.42	3756.62	3744.44	3741.32	3739.04	3732.00	3707.40	3707.62	3699.70	3682.22	3689.82	3685.20	3690.98	3685.52	3693.04	
3681.68	3674.12	3679.76	3674.06	3684.12	3683.28	3700.00	3720.56	3709.60	3697.04	3689.46	3682.14	3710.00	3736.30	3728.52	3717.66	
3714.06	3699.76	3688.08	3676.70	3664.62	3646.54	3657.60	3656.78	3664.08	3670.14	3687.86	3700.18	3706.90	3724.86	3748.82	3705.90	

*******************************************2025/05/18;14:25:20
Probe number 4
Concentration entered by User 0.47% (Compensated: 0.60% at temperature 22.1)
1116.66	1119.60	1138.62	1151.54	1163.10	1179.34	1196.88	1212.06	1229.28	1247.66	1268.64	1293.30	1316.88	1344.38	1376.34	1411.90	
1447.26	1490.28	1527.96	1567.72	1614.80	1671.32	1728.76	1790.74	1866.88	1957.04	2059.52	2185.38	2363.42	2641.62	2995.76	3246.18	
3467.36	3545.28	3519.86	3526.68	3539.00	3565.62	3581.00	3590.48	3595.10	3611.62	3615.46	3621.58	3642.18	3650.46	3666.46	3676.56	
3677.20	3688.10	3702.68	3716.82	3711.10	3716.82	3725.56	3730.62	3738.10	3742.64	3745.08	3748.00	3750.82	3753.24	3753.92	3747.58	
3751.70	3751.72	3752.20	3749.78	3751.60	3748.88	3748.96	3750.74	3748.36	3751.10	3753.72	3750.48	3753.62	3752.86	3757.36	3759.24	
3756.40	3754.64	3747.28	3735.32	3732.64	3729.76	3725.28	3713.34	3708.70	3706.54	3688.06	3696.30	3689.06	3695.46	3690.80	3695.66	
3690.14	3676.98	3683.26	3688.42	3693.62	3684.02	3694.18	3704.58	3689.48	3695.46	3680.56	3654.48	3686.82	3712.14	3699.50	3704.94	
3703.50	3694.96	3695.82	3711.42	3701.34	3690.84	3691.08	3691.94	3685.14	3691.00	3700.60	3699.78	3694.14	3699.60	3727.10	3683.50	

*******************************************2025/05/18;14:58:35
Probe number 0
Concentration entered by User 0.38% (Compensated: 0.55% at temperature 22.6)
1117.90	1120.18	1139.14	1151.66	1162.60	1178.96	1196.58	1211.60	1228.34	1246.96	1267.14	1291.38	1314.74	1341.90	1374.22	1410.66	
1446.36	1488.40	1525.72	1565.68	1612.40	1668.06	1725.40	1788.28	1866.98	1958.08	2061.80	2186.96	2367.10	2648.72	3010.48	3263.82	
3491.56	3568.92	3544.54	3552.58	3566.60	3592.16	3608.26	3617.78	3624.16	3639.36	3642.34	3647.64	3664.88	3671.82	3684.96	3692.56	
3693.30	3703.64	3716.88	3729.06	3723.00	3728.06	3735.56	3739.62	3747.30	3751.64	3754.16	3756.44	3759.34	3761.16	3761.78	3756.14	
3760.26	3759.86	3760.32	3757.94	3759.62	3756.94	3756.98	3759.30	3756.60	3759.64	3762.04	3759.08	3761.80	3761.16	3765.66	3767.68	
3766.20	3765.60	3759.96	3749.84	3749.58	3747.82	3745.20	3735.36	3732.96	3732.22	3717.66	3727.58	3723.50	3728.84	3724.46	3728.08	
3722.46	3710.02	3714.46	3716.02	3718.72	3711.64	3721.78	3732.60	3720.80	3723.92	3711.20	3688.44	3715.88	3736.16	3725.20	3728.02	
3727.96	3720.98	3722.06	3734.04	3725.30	3718.80	3718.52	3718.38	3714.12	3719.58	3727.56	3727.54	3722.22	3726.84	3750.32	3710.16	

*******************************************2025/05/18;16:05:32
Probe number 0
Concentration entered by User -1.00% (Compensated: -1.00% at temperature 22.6)
3381.18	3496.18	3604.06	3577.30	3545.94	3547.70	3562.26	3517.26	3498.16	3532.90	3554.90	3554.12	3546.90	3563.34	3604.50	3607.34	
3580.60	3596.48	3614.16	3621.26	3645.24	3663.58	3675.10	3661.48	3660.86	3676.54	3686.20	3685.82	3681.46	3684.94	3697.32	3689.94	
3696.22	3694.08	3691.30	3686.78	3690.98	3705.78	3710.20	3707.64	3703.66	3710.22	3710.34	3707.06	3710.90	3703.32	3707.48	3713.80	
3708.74	3712.98	3725.12	3734.70	3721.52	3725.66	3732.82	3740.12	3744.46	3746.04	3749.74	3749.02	3749.80	3746.82	3751.92	3750.98	
3756.54	3756.02	3754.48	3749.84	3749.12	3743.70	3743.54	3748.68	3748.60	3754.76	3754.90	3748.68	3748.20	3745.94	3746.80	3751.06	
3754.42	3756.16	3745.60	3729.34	3728.48	3728.84	3731.90	3721.32	3706.00	3712.68	3690.96	3700.44	3677.62	3689.34	3684.64	3676.74	
3696.80	3693.84	3693.14	3687.12	3697.36	3669.86	3672.70	3714.94	3698.00	3707.84	3683.50	3629.54	3670.30	3714.64	3725.02	3722.78	
3724.02	3710.62	3714.08	3735.30	3731.88	3721.62	3712.90	3705.96	3698.64	3715.70	3731.18	3729.10	3713.78	3716.86	3744.12	3703.02	

