*******************************************2025/10/15;04:00:03
Probe number 0
Concentration entered by User -1.00% (Compensated: -1.00% at temperature 21.3)
3379.78	3495.62	3610.98	3603.36	3586.92	3607.66	3614.80	3607.64	3611.52	3615.28	3610.84	3626.62	3627.58	3631.48	3639.70	3645.52	
3648.70	3655.34	3658.12	3664.54	3670.16	3681.42	3682.24	3680.28	3684.44	3686.14	3690.38	3690.94	3692.04	3696.98	3709.74	3706.66	
3710.74	3714.40	3710.18	3712.30	3711.84	3720.88	3724.56	3730.48	3733.00	3735.68	3732.52	3732.26	3737.80	3737.50	3736.42	3733.12	
3728.20	3728.02	3733.32	3738.14	3729.28	3729.86	3728.72	3725.74	3733.54	3738.24	3737.48	3735.86	3731.24	3724.58	3713.12	3711.80	
3728.58	3728.78	3716.90	3705.36	3699.54	3685.56	3680.72	3690.96	3691.68	3698.96	3693.54	3671.98	3678.12	3684.82	3695.62	3704.60	
3715.00	3729.98	3735.54	3726.56	3738.68	3738.18	3741.06	3739.40	3746.52	3748.04	3734.92	3745.76	3746.04	3747.56	3744.10	3743.90	
3732.90	3719.92	3716.96	3713.68	3714.56	3714.98	3732.92	3749.68	3740.64	3735.92	3730.02	3713.66	3732.24	3746.14	3734.04	3732.94	
3734.56	3731.52	3725.62	3730.14	3720.74	3717.72	3715.98	3711.22	3708.42	3712.38	3720.60	3727.04	3723.82	3723.74	3750.68	3712.72	

*******************************************2025/10/15;07:00:03
Probe number 1
Concentration entered by User -1.00% (Compensated: -1.00% at temperature 22.4)
3375.70	3487.92	3602.58	3595.80	3578.74	3599.38	3607.22	3599.78	3603.86	3607.62	3603.72	3620.10	3620.60	3623.96	3632.76	3639.08	
3642.24	3648.90	3651.52	3658.26	3664.68	3675.36	3675.36	3673.94	3678.30	3680.42	3684.30	3684.88	3685.94	3691.40	3704.28	3701.32	
3705.36	3708.84	3704.62	3706.58	3706.60	3715.80	3719.28	3725.60	3728.28	3730.84	3727.28	3727.32	3733.04	3732.10	3731.56	3728.18	
3722.94	3723.02	3728.38	3733.22	3723.16	3723.30	3722.26	3719.36	3728.28	3732.50	3731.04	3729.10	3724.20	3716.84	3706.18	3706.10	
3722.54	3722.40	3709.76	3698.98	3692.90	3678.38	3673.42	3683.24	3683.48	3690.86	3684.50	3663.26	3670.18	3675.06	3686.58	3695.42	
3707.48	3723.56	3730.44	3721.16	3733.88	3732.78	3736.60	3734.86	3742.00	3742.80	3729.70	3741.06	3740.80	3742.90	3739.30	3739.40	
3727.26	3713.92	3711.88	3708.22	3709.50	3710.48	3728.18	3745.22	3735.54	3730.88	3725.00	3708.70	3727.18	3741.20	3729.40	3727.90	
3729.06	3726.72	3720.20	3724.96	3715.40	3712.36	3710.28	3705.86	3703.36	3706.70	3715.50	3721.62	3718.30	3718.72	3746.04	3706.92	

