**************************************************************
Probe number 0 
Concentration entered by User 0.00%
1127.66	1129.80	1148.28	1161.80	1173.24	1188.26	1205.00	1220.32	1240.42	1254.62	1275.94	1306.38	1326.82	1357.38	1386.36	1424.06	
1459.24	1499.80	1538.74	1585.56	1631.14	1690.98	1748.56	1814.64	1894.88	1981.32	2098.52	2240.44	2427.98	2714.60	3086.56	3368.36	
3598.36	3683.90	3656.66	3647.36	3648.96	3687.58	3676.88	3686.68	3691.36	3692.30	3694.48	3694.30	3705.14	3706.48	3707.16	3707.74	
3704.32	3706.66	3713.06	3723.76	3714.42	3716.92	3716.48	3718.56	3724.46	3729.04	3731.62	3733.06	3733.22	3734.98	3731.28	3727.02	
3732.04	3732.58	3728.68	3722.86	3724.70	3722.80	3724.70	3730.28	3728.86	3730.66	3733.52	3728.40	3735.24	3734.10	3749.30	3733.06	
3742.08	3747.02	3741.36	3739.04	3741.16	3740.30	3738.60	3732.42	3736.36	3737.10	3722.26	3732.44	3735.76	3737.42	3734.90	3736.14	
3725.34	3711.10	3709.82	3710.80	3709.70	3709.66	3724.80	3741.54	3732.98	3728.14	3723.94	3701.48	3724.46	3740.20	3727.50	3725.60	
3729.66	3724.28	3722.18	3728.50	3719.26	3714.74	3714.78	3708.10	3706.10	3711.46	3719.94	3723.76	3721.52	3723.36	3745.74	3703.24	

**************************************************************
Probe number 1 
Concentration entered by User 1.00%
1098.32	1101.42	1117.56	1130.80	1139.90	1153.96	1169.74	1181.46	1197.00	1206.68	1221.64	1240.36	1254.40	1279.42	1306.16	1341.58	
1377.74	1419.62	1455.80	1494.12	1531.14	1579.14	1623.64	1677.90	1750.08	1817.82	1914.24	2033.90	2168.44	2362.02	2631.00	3001.84	
3338.64	3563.58	3655.02	3619.22	3616.92	3663.82	3658.52	3673.24	3682.62	3691.36	3698.00	3694.86	3706.84	3707.36	3707.92	3710.98	
3709.82	3714.82	3723.08	3736.40	3728.56	3730.10	3727.36	3728.38	3735.16	3740.58	3744.20	3746.06	3746.34	3747.08	3742.80	3737.84	
3742.92	3745.24	3742.42	3738.38	3737.92	3733.86	3733.10	3738.90	3739.12	3740.28	3741.68	3733.78	3737.24	3735.46	3750.22	3735.34	
3741.90	3747.04	3739.16	3735.54	3742.34	3746.44	3745.78	3736.22	3742.10	3744.16	3730.74	3741.38	3746.04	3747.84	3741.34	3740.70	
3733.54	3719.86	3717.24	3714.34	3713.12	3711.98	3724.88	3741.66	3735.92	3730.34	3723.98	3701.46	3725.98	3741.16	3730.42	3725.38	
3727.34	3721.98	3720.96	3723.02	3712.92	3707.96	3707.56	3707.08	3704.98	3700.46	3707.36	3709.48	3707.30	3708.34	3734.26	3685.62	

**************************************************************
Probe number 2 
Concentration entered by User 2.00%
1110.00	1111.06	1127.78	1139.98	1150.22	1164.92	1179.26	1191.72	1208.94	1220.22	1240.10	1264.98	1282.36	1307.36	1331.36	1362.90	
1389.66	1422.56	1454.02	1493.04	1532.26	1581.98	1628.84	1678.88	1739.52	1800.18	1879.16	1968.78	2073.04	2214.56	2405.24	2660.56	
3021.24	3341.04	3565.38	3667.76	3649.72	3683.42	3671.80	3681.80	3686.82	3687.74	3689.40	3688.60	3699.26	3701.18	3702.40	3703.34	
3700.20	3702.74	3707.90	3718.40	3709.22	3712.12	3712.22	3714.28	3721.00	3726.60	3729.94	3731.42	3732.00	3733.80	3730.36	3726.00	
3730.52	3731.20	3728.56	3724.14	3726.38	3723.70	3725.58	3730.46	3729.10	3732.08	3736.14	3730.70	3736.76	3736.44	3751.44	3733.78	
3741.82	3745.76	3740.58	3739.04	3741.80	3741.36	3738.44	3730.64	3734.48	3735.66	3721.22	3731.70	3735.76	3736.76	3733.12	3734.50	
3724.54	3710.46	3709.16	3710.06	3708.00	3707.40	3723.34	3740.66	3732.78	3727.80	3723.60	3702.06	3724.04	3739.60	3727.32	3724.98	
3728.26	3723.10	3721.36	3728.16	3718.74	3712.48	3712.84	3708.28	3707.36	3711.18	3718.90	3723.00	3721.30	3723.54	3746.14	3703.56	

**************************************************************
Probe number 3 
Concentration entered by User 3.00%
1100.88	1102.08	1117.32	1128.38	1137.08	1150.26	1163.88	1175.34	1191.42	1202.16	1220.48	1244.02	1260.04	1283.06	1305.44	1334.62	
1359.60	1389.72	1418.66	1454.00	1490.60	1535.72	1577.98	1621.70	1675.60	1728.78	1797.84	1874.42	1959.86	2072.36	2212.30	2379.30	
2632.92	2989.92	3311.54	3534.38	3667.70	3690.30	3670.56	3680.24	3687.20	3689.38	3691.66	3690.84	3701.36	3702.16	3702.78	3703.62	
3701.10	3704.34	3710.60	3721.22	3712.30	3715.36	3714.18	3715.84	3722.74	3727.88	3731.22	3733.98	3734.78	3735.78	3731.36	3727.10	
3731.66	3733.00	3730.14	3725.52	3728.12	3725.94	3727.36	3732.96	3732.62	3734.82	3737.84	3732.36	3737.74	3736.94	3752.04	3735.84	
3744.82	3749.32	3743.26	3740.64	3742.30	3742.08	3739.80	3733.90	3738.26	3738.94	3724.08	3733.72	3737.60	3739.02	3736.72	3737.70	
3727.84	3712.92	3711.40	3712.12	3710.18	3710.86	3726.26	3743.18	3734.98	3729.72	3725.02	3703.76	3726.98	3743.24	3729.52	3726.88	
3729.42	3725.06	3723.68	3731.00	3721.88	3715.08	3715.12	3710.98	3709.80	3714.50	3721.84	3726.08	3723.56	3725.58	3748.86	3706.60	

**************************************************************
Probe number 4 
Concentration entered by User 4.00%
1090.14	1091.56	1106.46	1118.34	1128.58	1142.90	1155.98	1166.88	1182.62	1192.26	1208.76	1230.06	1244.48	1265.14	1285.54	1312.50	
1333.74	1361.28	1386.38	1418.08	1449.48	1491.70	1530.38	1570.38	1618.24	1664.62	1724.18	1788.62	1859.98	1951.16	2061.16	2182.96	
2348.74	2587.64	2924.10	3250.30	3494.60	3695.06	3684.32	3681.42	3687.94	3688.54	3689.92	3690.44	3701.14	3702.86	3702.42	3702.94	
3700.66	3703.86	3709.98	3720.68	3711.34	3713.96	3713.54	3714.58	3721.96	3727.56	3731.44	3734.20	3735.14	3736.70	3732.00	3728.04	
3732.88	3735.14	3731.50	3726.46	3728.48	3725.86	3727.54	3732.80	3732.82	3735.66	3739.42	3733.44	3738.06	3736.46	3751.38	3735.90	
3745.78	3750.66	3743.76	3740.52	3741.94	3741.04	3739.86	3734.04	3738.28	3738.48	3724.18	3734.84	3736.44	3738.48	3735.72	3737.28	
3727.46	3712.64	3711.62	3712.46	3711.26	3711.52	3727.04	3743.94	3735.88	3730.52	3726.34	3706.14	3726.86	3742.74	3730.14	3727.80	
3730.94	3725.96	3724.28	3731.64	3722.52	3715.92	3715.78	3712.28	3711.24	3714.90	3722.76	3726.44	3724.22	3727.04	3749.42	3707.70	

**************************************************************
Probe number 5 
Concentration entered by User 4.90%
1082.50	1083.28	1097.00	1107.68	1117.28	1131.48	1144.34	1155.22	1169.42	1177.70	1193.62	1214.04	1227.32	1247.24	1265.98	1292.08	
1312.66	1337.88	1362.12	1390.80	1419.90	1457.96	1493.44	1529.34	1572.98	1614.32	1665.48	1720.92	1780.86	1857.86	1949.08	2044.24	
2171.46	2335.88	2562.62	2881.80	3223.78	3523.84	3678.04	3696.74	3685.98	3685.98	3686.32	3685.70	3699.42	3701.46	3701.04	3701.36	
3701.82	3702.82	3701.80	3707.60	3694.46	3697.32	3696.00	3699.90	3711.22	3723.94	3727.92	3724.58	3719.94	3724.64	3723.36	3720.44	
3728.24	3731.58	3729.58	3726.66	3727.14	3724.78	3728.34	3733.32	3731.18	3734.02	3737.56	3732.60	3737.06	3736.10	3752.84	3736.60	
3744.82	3749.22	3743.24	3741.16	3743.72	3743.04	3740.64	3734.20	3737.90	3739.48	3724.56	3734.22	3738.34	3739.28	3736.26	3736.98	
3726.70	3713.26	3711.68	3713.00	3710.92	3710.98	3726.14	3742.98	3735.30	3730.28	3725.90	3704.30	3726.36	3742.84	3730.24	3727.62	
3730.42	3725.16	3723.24	3730.56	3721.76	3715.24	3714.86	3710.64	3709.26	3713.98	3721.68	3725.74	3723.68	3725.52	3748.08	3705.84	

**************************************************************
Probe number 6 
Concentration entered by User 5.90%
1072.00	1073.16	1086.64	1096.84	1105.84	1118.66	1130.12	1139.72	1153.28	1160.88	1175.42	1194.44	1207.06	1225.40	1242.36	1265.16	
1283.72	1307.00	1327.64	1354.04	1379.82	1414.68	1446.46	1480.18	1520.86	1558.20	1604.28	1653.36	1706.16	1772.58	1848.92	1926.14	
2022.58	2145.38	2297.52	2503.82	2813.34	3210.98	3462.16	3665.20	3696.68	3676.78	3679.72	3679.06	3690.52	3692.36	3693.10	3694.62	
3691.60	3693.88	3700.28	3711.18	3701.28	3705.18	3704.90	3706.54	3713.32	3718.86	3722.88	3725.94	3727.42	3729.54	3725.90	3722.68	
3728.22	3729.80	3726.40	3721.26	3722.98	3720.04	3721.52	3728.12	3727.18	3729.84	3733.90	3728.46	3733.48	3732.62	3747.58	3730.72	
3739.68	3744.72	3738.72	3735.80	3738.60	3738.54	3735.60	3728.72	3732.30	3733.76	3718.60	3729.56	3733.26	3734.64	3731.08	3732.76	
3722.80	3708.46	3706.02	3707.06	3705.24	3704.82	3721.26	3738.52	3730.36	3725.28	3720.70	3699.68	3720.86	3737.14	3723.80	3721.74	
3724.82	3719.68	3717.68	3724.56	3715.78	3708.74	3709.22	3705.04	3703.96	3707.78	3715.62	3720.42	3717.64	3720.00	3743.96	3700.00	

**************************************************************
Probe number 7 
Concentration entered by User 8.00%
1054.50	1055.30	1066.64	1076.10	1085.28	1100.22	1112.38	1122.26	1133.38	1140.18	1154.64	1170.64	1181.86	1197.50	1213.22	1234.22	
1251.14	1271.66	1290.72	1313.12	1335.42	1366.30	1393.32	1420.74	1446.48	1470.78	1507.06	1546.10	1585.82	1635.52	1691.58	1746.14	
1810.60	1889.52	1975.80	2078.32	2210.60	2418.82	2675.02	3044.56	3365.64	3597.58	3701.84	3683.20	3690.28	3690.62	3692.28	3693.26	
3689.86	3692.46	3698.94	3709.80	3700.26	3704.36	3705.18	3706.98	3712.90	3718.06	3721.52	3723.74	3725.34	3728.32	3725.74	3722.10	
3727.44	3729.80	3726.48	3722.52	3724.32	3721.36	3723.00	3728.12	3727.30	3730.88	3734.74	3729.24	3733.82	3732.38	3748.68	3731.16	
3740.22	3745.60	3739.14	3735.74	3738.82	3739.52	3736.36	3729.68	3732.74	3733.48	3719.02	3729.90	3734.30	3735.76	3732.58	3733.44	
3723.34	3709.46	3707.46	3707.98	3706.14	3706.12	3721.90	3739.02	3731.58	3726.52	3722.60	3700.66	3723.00	3739.14	3725.34	3723.38	
3726.26	3721.20	3719.92	3726.78	3716.78	3710.38	3710.74	3706.60	3705.58	3709.36	3717.04	3721.24	3719.72	3721.78	3744.40	3701.58	

**************************************************************
Probe number 8 
Concentration entered by User 10.00%
1036.12	1037.36	1046.86	1055.26	1059.96	1070.10	1080.36	1088.24	1097.98	1104.22	1115.50	1129.88	1139.32	1153.58	1166.80	1184.64	
1198.62	1215.38	1231.54	1250.36	1268.66	1294.20	1315.90	1337.76	1365.46	1390.30	1419.34	1450.78	1483.00	1523.60	1569.22	1611.76	
1660.64	1718.66	1778.52	1842.62	1922.64	2042.04	2157.64	2321.14	2547.28	2870.78	3232.14	3489.36	3682.02	3703.94	3685.72	3689.26	
3686.90	3689.66	3695.62	3707.16	3696.46	3699.04	3699.06	3701.72	3709.70	3715.54	3718.96	3721.08	3722.50	3725.66	3722.60	3719.78	
3725.74	3728.86	3726.04	3720.44	3723.00	3720.96	3722.88	3728.52	3727.54	3729.80	3733.76	3727.40	3732.82	3731.80	3746.56	3729.44	
3738.64	3745.06	3739.50	3736.78	3739.18	3738.04	3734.64	3727.78	3734.00	3735.80	3718.24	3726.82	3733.02	3735.76	3731.48	3730.96	
3720.20	3707.88	3706.02	3707.64	3706.80	3705.30	3721.98	3738.86	3731.80	3726.96	3722.40	3701.16	3723.12	3738.78	3725.00	3723.80	
3726.26	3721.10	3719.60	3727.20	3718.20	3711.14	3710.38	3706.30	3705.96	3710.40	3718.12	3721.72	3718.96	3721.92	3745.60	3702.94	

**************************************************************
Probe number 9 
Concentration entered by User 11.90%
1023.02	1023.76	1032.54	1040.06	1043.96	1051.62	1059.82	1066.36	1076.18	1081.48	1091.88	1104.94	1113.58	1126.04	1137.84	1154.22	
1166.30	1181.54	1195.14	1211.86	1227.26	1249.22	1267.84	1286.56	1309.96	1330.12	1354.68	1381.98	1409.70	1444.56	1482.38	1517.22	
1555.10	1599.00	1643.60	1692.24	1749.90	1835.28	1908.76	2006.24	2123.84	2268.12	2465.82	2753.06	3133.66	3429.96	3646.56	3713.28	
3687.84	3690.00	3695.48	3707.40	3698.24	3701.26	3701.58	3703.72	3710.90	3716.74	3720.48	3723.28	3724.28	3726.62	3723.36	3720.00	
3725.78	3728.70	3726.48	3723.04	3726.08	3724.68	3727.26	3732.48	3731.92	3734.74	3738.76	3734.00	3739.26	3737.50	3752.28	3735.72	
3744.26	3749.96	3744.46	3741.54	3743.94	3743.72	3740.80	3734.32	3737.96	3739.36	3725.00	3734.08	3738.46	3739.22	3736.26	3737.16	
3726.56	3713.98	3711.64	3712.30	3711.14	3709.70	3726.42	3742.98	3736.56	3731.06	3726.76	3705.20	3726.82	3742.88	3729.58	3728.32	
3730.64	3726.34	3724.08	3730.92	3721.80	3715.42	3715.54	3711.38	3709.64	3713.96	3721.76	3726.12	3724.14	3726.56	3748.80	3706.72	

**************************************************************
Probe number 10 
Concentration entered by User 14.00%
1007.28	1008.68	1015.88	1022.66	1025.76	1032.40	1039.84	1045.42	1053.32	1058.14	1067.48	1079.70	1089.12	1101.78	1112.36	1132.20	
1137.98	1154.18	1167.12	1179.04	1188.88	1207.80	1221.54	1236.66	1254.46	1269.56	1290.42	1313.52	1334.18	1363.36	1396.12	1422.08	
1451.14	1487.58	1522.16	1559.66	1601.60	1662.40	1711.78	1776.22	1848.26	1928.38	2024.26	2139.84	2297.84	2506.54	2814.08	3184.44	
3456.56	3665.68	3718.54	3708.10	3699.94	3702.94	3702.70	3704.92	3712.00	3717.84	3721.42	3724.30	3726.52	3728.92	3726.30	3723.14	
3728.30	3730.30	3727.86	3724.54	3727.92	3726.42	3729.48	3735.50	3735.24	3738.64	3742.90	3737.84	3743.58	3742.38	3756.36	3740.16	
3748.26	3753.64	3748.70	3746.06	3748.30	3747.92	3744.90	3738.40	3742.00	3743.72	3729.88	3739.72	3743.26	3743.98	3740.88	3742.06	
3732.44	3719.62	3718.10	3718.46	3716.98	3715.82	3731.54	3748.02	3741.02	3735.92	3732.24	3711.26	3732.24	3747.34	3734.06	3733.16	
3735.86	3731.28	3729.06	3735.80	3727.28	3720.58	3720.72	3717.14	3715.44	3719.44	3727.10	3731.46	3729.64	3732.12	3753.22	3712.00	

**************************************************************
Probe number 11 
Concentration entered by User 17.00%
989.26	990.86	996.88	1002.52	1005.92	1013.50	1021.20	1026.46	1032.72	1036.34	1044.08	1053.32	1059.26	1068.12	1075.58	1087.08	
1095.16	1105.72	1115.12	1126.64	1136.94	1152.94	1166.18	1178.36	1194.56	1207.84	1223.70	1240.98	1256.88	1277.20	1298.84	1318.60	
1340.62	1369.56	1396.92	1421.92	1450.74	1496.24	1531.32	1574.94	1621.82	1670.04	1725.90	1787.72	1864.48	1949.46	2051.58	2176.78	
2335.04	2564.26	2899.98	3267.56	3510.42	3686.74	3700.48	3685.18	3695.48	3702.96	3707.56	3711.06	3712.16	3714.78	3711.42	3708.36	
3715.80	3719.20	3716.64	3713.14	3715.90	3714.08	3717.06	3724.06	3724.04	3727.72	3732.82	3729.40	3736.18	3735.44	3751.16	3734.26	
3742.22	3747.18	3741.18	3738.40	3741.06	3741.48	3739.30	3732.72	3736.16	3736.66	3721.64	3732.46	3737.02	3737.76	3735.06	3735.50	
3725.48	3712.34	3710.38	3710.96	3710.02	3708.94	3725.14	3741.32	3733.96	3728.48	3725.00	3703.18	3724.38	3739.74	3726.68	3726.54	
3729.70	3724.32	3721.88	3728.30	3718.86	3713.08	3713.72	3709.80	3707.58	3710.66	3718.24	3722.54	3721.08	3724.40	3746.96	3704.00	

**************************************************************
Probe number 12 
Concentration entered by User 21.20%
970.66	971.82	976.32	981.48	984.14	991.38	996.58	1000.48	1005.76	1008.22	1014.48	1021.82	1025.96	1032.18	1037.22	1045.92	
1051.58	1059.44	1066.14	1074.56	1081.60	1093.50	1102.84	1111.42	1124.26	1134.32	1146.28	1159.76	1171.06	1185.96	1200.32	1213.08	
1226.80	1245.68	1263.94	1282.04	1301.50	1331.34	1354.50	1383.72	1413.74	1443.06	1474.90	1509.82	1552.96	1595.56	1641.78	1693.06	
1748.50	1814.00	1890.88	1984.54	2085.92	2221.38	2397.92	2654.48	3026.30	3364.52	3609.76	3729.94	3721.16	3718.02	3714.30	3710.96	
3719.98	3723.64	3720.28	3716.32	3719.76	3719.72	3723.38	3728.60	3729.56	3733.18	3738.30	3733.72	3740.34	3740.34	3755.48	3739.98	
3750.24	3756.00	3750.76	3748.00	3750.18	3750.40	3747.86	3741.64	3744.86	3746.10	3731.98	3742.00	3746.58	3747.72	3744.34	3745.02	
3735.96	3723.70	3722.42	3723.18	3721.44	3720.32	3735.86	3751.42	3744.52	3739.60	3736.06	3715.62	3735.86	3750.48	3737.70	3736.82	
3739.26	3734.52	3733.36	3739.76	3731.06	3724.88	3725.08	3721.02	3719.88	3723.06	3730.74	3734.40	3732.66	3735.14	3755.82	3715.02	

**************************************************************
Probe number 13 
Concentration entered by User 24.90%
952.44	953.72	956.64	960.94	962.46	965.80	970.18	972.66	976.40	978.84	984.08	989.56	993.80	998.76	1003.14	1009.48	
1014.18	1020.44	1025.68	1031.86	1037.08	1046.30	1053.44	1059.54	1069.24	1075.94	1084.02	1093.18	1100.94	1112.60	1123.98	1133.88	
1143.20	1156.98	1169.30	1181.96	1195.64	1217.90	1233.16	1252.24	1272.60	1293.88	1315.58	1338.46	1368.50	1397.02	1426.30	1457.38	
1490.90	1529.38	1571.50	1620.74	1665.36	1721.82	1783.10	1855.36	1943.02	2045.66	2171.14	2331.02	2557.52	2889.32	3252.50	3515.92	
3707.36	3730.78	3710.88	3709.06	3712.66	3711.62	3715.16	3722.38	3722.26	3726.34	3731.56	3727.36	3733.88	3733.84	3750.00	3733.60	
3743.14	3749.28	3744.44	3742.64	3745.90	3747.22	3745.28	3739.54	3743.78	3745.46	3731.98	3741.94	3746.00	3746.74	3744.34	3745.38	
3735.76	3722.98	3721.04	3721.86	3720.94	3720.08	3735.22	3751.22	3744.08	3738.82	3735.58	3715.22	3736.08	3750.84	3738.02	3737.32	
3739.20	3733.20	3730.84	3738.80	3731.50	3726.32	3724.80	3718.74	3716.88	3722.20	3731.80	3735.20	3731.42	3732.86	3755.34	3715.48	

**************************************************************
Probe number 14 
Concentration entered by User 29.80%
938.26	939.22	941.32	945.38	946.74	952.10	956.14	958.42	961.20	962.66	966.52	971.10	973.48	977.42	979.80	984.76	
987.38	991.72	995.98	1000.70	1003.98	1011.14	1016.76	1021.70	1029.86	1035.26	1040.90	1048.40	1053.64	1061.60	1068.60	1074.70	
1079.78	1089.44	1097.32	1105.14	1113.48	1128.26	1137.96	1150.66	1163.80	1176.58	1189.44	1202.94	1221.54	1237.76	1255.56	1274.04	
1292.68	1314.38	1337.68	1366.02	1390.94	1421.74	1453.66	1489.20	1530.04	1572.22	1618.16	1666.36	1723.10	1785.10	1852.88	1931.34	
2031.78	2153.32	2301.92	2505.94	2817.68	3192.32	3483.64	3697.98	3739.84	3724.40	3731.08	3726.50	3733.80	3734.18	3750.66	3734.64	
3744.50	3750.98	3746.04	3744.22	3747.88	3748.58	3746.60	3741.48	3745.98	3748.10	3735.24	3746.04	3750.34	3752.06	3750.60	3751.94	
3743.34	3731.54	3730.00	3731.24	3730.40	3729.12	3744.02	3759.42	3753.02	3748.00	3744.64	3725.26	3745.20	3758.82	3746.36	3745.52	
3747.68	3743.54	3742.24	3748.32	3740.42	3734.50	3734.76	3730.70	3729.76	3733.42	3741.04	3744.68	3742.56	3745.18	3765.08	3726.30	

