*******************************************2024/08/06;18:02:42
Probe number 0
Concentration entered by User 0.00% at Temperature 0.00
1578.46	1607.58	1622.16	1647.86	1666.66	1685.82	1704.48	1722.40	1742.04	1762.78	1791.56	1827.98	1866.62	1909.20	1941.68	1977.80	
2014.06	2040.76	2075.90	2121.76	2173.60	2207.38	2251.18	2341.48	2444.90	2548.64	2673.12	2847.16	3054.32	3223.64	3508.04	3799.46	
3830.14	3834.36	3835.26	3835.28	3835.58	3835.68	3835.66	3835.78	3835.68	3835.70	3835.64	3834.96	3834.92	3835.40	3835.58	3835.78	
3835.88	3835.70	3835.82	3835.72	3835.76	3835.98	3835.66	3835.80	3835.68	3835.74	3835.96	3835.78	3835.70	3835.82	3835.76	3835.72	
3835.82	3835.52	3835.74	3835.76	3835.80	3835.94	3835.72	3835.70	3835.92	3835.60	3835.66	3835.70	3835.52	3835.94	3835.86	3835.74	
3836.00	3835.70	3835.74	3835.92	3835.48	3835.52	3835.60	3835.54	3835.78	3835.62	3835.72	3835.72	3835.58	3835.84	3835.64	3835.56	
3835.78	3835.70	3835.78	3835.72	3835.64	3835.86	3835.82	3835.84	3835.82	3835.72	3835.80	3835.80	3835.74	3835.88	3835.70	3835.84	
3835.96	3835.64	3835.72	3835.66	3835.68	3835.78	3835.94	3835.64	3835.86	3835.52	3834.30	3830.56	3827.16	3825.54	3825.02	3821.58	

*******************************************2024/08/06;18:02:52
Probe number 1
Concentration entered by User 0.00% at Temperature 22.32
1576.14	1605.36	1619.24	1644.62	1664.14	1682.80	1701.30	1719.24	1737.08	1757.82	1787.36	1826.26	1863.94	1904.82	1937.26	1975.04	
2010.06	2037.08	2071.66	2113.12	2169.18	2203.44	2245.94	2340.18	2439.34	2544.42	2672.54	2835.82	3041.60	3219.76	3497.76	3798.46	
3830.16	3834.26	3835.38	3835.38	3835.72	3835.92	3835.98	3836.06	3835.96	3835.98	3835.76	3834.96	3834.88	3835.58	3835.72	3835.88	
3835.82	3835.82	3835.78	3835.62	3835.78	3835.88	3835.76	3835.72	3835.80	3835.90	3836.16	3835.92	3835.94	3835.98	3835.92	3836.08	
3835.84	3835.70	3835.82	3835.96	3835.88	3836.08	3835.90	3835.94	3836.00	3835.70	3835.90	3835.80	3835.88	3835.94	3836.10	3836.04	
3835.98	3836.06	3835.90	3835.86	3835.88	3835.86	3835.68	3836.12	3836.00	3835.86	3836.04	3835.88	3835.98	3836.08	3835.88	3835.72	
3835.94	3835.96	3835.90	3836.14	3835.88	3835.88	3836.12	3835.98	3835.88	3836.00	3835.98	3835.90	3836.16	3835.92	3835.86	3836.06	
3835.78	3835.68	3835.90	3835.58	3835.74	3836.20	3835.84	3836.00	3835.88	3835.32	3834.32	3830.26	3826.98	3825.24	3825.00	3820.96	

*******************************************2024/08/06;18:03:02
Probe number 2
Concentration entered by User 0.00% at Temperature 22.30
1574.46	1603.64	1617.82	1643.02	1662.44	1680.40	1699.24	1717.82	1736.86	1758.20	1788.48	1825.50	1863.60	1904.30	1937.86	1972.36	
2009.80	2037.26	2073.94	2113.48	2169.18	2199.80	2248.76	2339.14	2441.94	2537.20	2664.96	2838.72	3047.58	3222.76	3499.56	3796.18	
3830.40	3834.50	3835.08	3835.72	3835.64	3835.62	3835.86	3835.86	3835.82	3835.90	3835.56	3834.82	3835.04	3835.32	3835.52	3835.86	
3835.94	3835.74	3835.86	3836.00	3835.98	3835.92	3836.10	3835.80	3835.88	3836.12	3836.02	3835.86	3836.00	3836.02	3835.86	3835.98	
3836.06	3835.72	3835.92	3836.26	3835.80	3835.98	3836.16	3835.92	3835.88	3836.16	3835.80	3835.70	3836.12	3835.70	3835.84	3836.26	
3835.98	3835.96	3835.98	3836.10	3835.76	3835.94	3835.76	3835.86	3836.16	3835.98	3835.80	3836.02	3836.10	3835.90	3836.04	3835.98	
3835.78	3836.04	3835.96	3835.74	3835.84	3835.86	3835.74	3835.88	3836.04	3835.86	3835.98	3836.02	3835.76	3835.90	3835.88	3835.80	
3835.86	3835.92	3835.78	3835.98	3835.98	3835.98	3836.14	3835.90	3835.94	3835.40	3834.24	3830.42	3827.12	3825.48	3825.02	3821.12	

*******************************************2024/08/06;18:03:12
Probe number 3
Concentration entered by User 0.00% at Temperature 22.30
1574.24	1602.86	1617.08	1643.00	1662.04	1680.70	1699.08	1717.32	1737.00	1757.38	1786.94	1825.44	1862.26	1901.52	1938.26	1973.36	
2008.56	2036.40	2072.86	2115.92	2168.68	2204.32	2251.18	2339.60	2439.24	2532.58	2662.58	2832.16	3056.66	3223.20	3493.38	3797.58	
3830.06	3834.40	3835.20	3835.44	3835.76	3835.80	3835.92	3836.00	3835.94	3835.78	3835.66	3834.74	3834.66	3835.48	3835.38	3835.80	
3835.94	3835.82	3835.94	3836.10	3835.90	3836.00	3836.06	3835.78	3835.80	3836.18	3835.94	3835.90	3836.12	3835.90	3836.04	3836.06	
3835.94	3835.86	3836.04	3835.88	3835.86	3836.20	3835.82	3836.10	3835.96	3835.82	3835.90	3835.82	3835.94	3835.96	3836.08	3836.00	
3836.16	3835.92	3836.04	3835.84	3835.90	3836.06	3835.86	3836.06	3836.06	3836.02	3835.84	3836.18	3835.90	3836.10	3836.14	3835.60	
3835.94	3836.12	3836.02	3836.02	3836.08	3836.00	3836.14	3835.90	3835.84	3835.92	3835.72	3836.06	3835.84	3835.82	3836.00	3836.06	
3835.80	3836.10	3835.90	3835.68	3836.10	3835.84	3835.94	3836.16	3835.92	3835.62	3834.56	3830.60	3827.18	3825.60	3824.92	3821.24	

*******************************************2024/08/06;18:03:22
Probe number 4
Concentration entered by User 0.00% at Temperature 22.29
1574.10	1602.36	1616.64	1642.50	1661.66	1679.86	1698.28	1717.28	1737.30	1758.14	1787.02	1824.72	1862.92	1903.12	1936.36	1970.26	
2008.18	2038.00	2074.46	2115.10	2170.32	2200.92	2250.00	2339.46	2441.96	2539.18	2663.78	2840.40	3041.48	3220.42	3490.18	3798.28	
3830.72	3834.78	3835.88	3835.90	3836.14	3836.46	3836.62	3836.28	3836.44	3836.54	3836.12	3835.40	3835.56	3835.96	3836.38	3836.64	
3836.70	3836.48	3836.40	3836.54	3836.68	3836.26	3836.62	3836.38	3836.38	3836.56	3836.68	3836.28	3836.38	3836.60	3836.48	3836.28	
3836.52	3836.42	3836.40	3836.64	3836.50	3836.32	3836.48	3836.56	3836.52	3836.30	3836.58	3836.26	3836.38	3836.48	3836.62	3836.28	
3836.44	3836.62	3836.54	3836.32	3836.54	3836.42	3836.32	3836.62	3836.60	3836.32	3836.42	3836.60	3836.58	3836.30	3836.64	3836.28	
3836.50	3836.50	3836.56	3836.32	3836.36	3836.58	3836.64	3836.34	3836.52	3836.34	3836.24	3836.66	3836.58	3836.38	3836.34	3836.62	
3836.64	3836.34	3836.70	3836.26	3836.58	3836.56	3836.76	3836.26	3836.36	3836.34	3834.86	3830.92	3827.96	3826.00	3825.32	3821.94	

