*******************************************2024/08/05;10:16:02
Probe number 0
Concentration entered by User 7.21% at Temperature 0.00
1426.58	1447.76	1456.46	1475.44	1489.70	1508.06	1524.38	1548.82	1572.62	1588.50	1612.08	1643.64	1666.62	1694.04	1712.12	1736.88	
1769.06	1798.48	1832.66	1870.76	1907.34	1943.34	1984.84	2009.26	2034.38	2087.70	2151.28	2202.26	2282.52	2391.90	2513.38	2609.34	
2686.98	2771.34	2863.58	3005.10	3122.16	3255.88	3368.94	3441.26	3513.24	3574.56	3634.66	3683.30	3722.02	3744.68	3763.46	3770.00	
3784.38	3792.58	3803.06	3812.66	3816.42	3818.68	3820.18	3821.22	3821.58	3821.94	3822.94	3822.72	3823.72	3824.76	3825.48	3825.88	
3826.42	3827.00	3827.44	3827.82	3828.00	3828.10	3828.26	3828.66	3829.02	3829.08	3829.00	3829.08	3829.22	3829.40	3829.86	3829.76	
3829.70	3830.00	3830.06	3830.18	3830.16	3830.28	3830.08	3830.20	3830.18	3830.12	3830.06	3830.16	3830.06	3830.22	3829.98	3829.96	
3830.04	3830.12	3829.98	3830.14	3830.22	3830.18	3830.12	3830.18	3830.14	3830.36	3830.42	3830.46	3830.42	3830.40	3830.40	3830.46	
3830.42	3830.36	3830.44	3830.36	3830.30	3830.34	3830.28	3830.20	3830.22	3830.12	3830.34	3830.28	3830.30	3830.14	3830.56	3829.48	

*******************************************2024/08/05;10:17:04
Probe number 1
Concentration entered by User 7.22% at Temperature 32.61
1424.96	1446.46	1454.44	1473.28	1488.34	1506.28	1524.20	1548.42	1570.80	1586.62	1610.96	1642.84	1665.78	1691.86	1710.94	1738.74	
1770.22	1796.28	1831.22	1867.84	1905.76	1945.04	1983.32	2005.62	2029.54	2083.08	2148.08	2204.08	2289.48	2391.04	2509.26	2611.08	
2692.34	2769.88	2856.06	3002.10	3122.28	3256.46	3366.92	3439.98	3515.54	3574.56	3631.14	3681.18	3720.54	3743.74	3763.28	3770.12	
3784.30	3792.38	3802.70	3812.16	3816.24	3818.70	3820.08	3821.28	3821.62	3821.94	3822.90	3822.74	3823.80	3824.80	3825.42	3826.04	
3826.64	3827.00	3827.52	3827.90	3828.02	3827.98	3828.38	3828.78	3828.98	3829.10	3828.98	3829.14	3829.30	3829.58	3829.90	3829.88	
3829.80	3830.02	3830.12	3830.16	3830.30	3830.44	3830.20	3830.26	3830.12	3830.20	3830.20	3830.18	3830.10	3830.26	3829.96	3830.08	
3829.94	3830.06	3829.90	3830.08	3830.22	3830.18	3830.18	3830.08	3830.24	3830.32	3830.46	3830.56	3830.44	3830.44	3830.44	3830.44	
3830.50	3830.44	3830.44	3830.50	3830.40	3830.46	3830.34	3830.30	3830.36	3830.18	3830.46	3830.34	3830.30	3830.32	3830.54	3829.56	

*******************************************2024/08/05;10:47:04
Probe number 2
Concentration entered by User 7.23% at Temperature 32.61
1422.62	1443.30	1453.54	1473.00	1486.44	1501.92	1517.92	1544.98	1571.70	1593.14	1617.88	1647.56	1666.90	1690.38	1711.44	1737.56	
1767.56	1799.30	1833.56	1873.04	1906.96	1940.20	1975.98	2004.76	2030.56	2080.80	2149.68	2206.68	2280.28	2379.62	2494.48	2602.00	
2681.50	2765.40	2851.74	2991.72	3116.94	3250.54	3362.58	3443.72	3521.28	3574.48	3627.04	3679.22	3721.40	3744.12	3761.84	3767.30	
3783.66	3793.50	3803.28	3812.92	3816.58	3818.58	3820.02	3821.18	3821.54	3821.92	3822.88	3822.78	3823.66	3824.72	3825.44	3825.94	
3826.48	3826.80	3827.46	3827.78	3827.96	3828.04	3828.22	3828.68	3828.92	3829.04	3828.90	3829.08	3829.18	3829.48	3829.60	3829.76	
3829.68	3829.94	3830.00	3830.12	3830.10	3830.44	3830.02	3830.16	3830.16	3830.10	3829.92	3830.10	3830.06	3830.18	3829.92	3829.98	
3829.86	3830.00	3829.92	3830.04	3830.14	3830.14	3830.12	3830.08	3830.14	3830.30	3830.46	3830.28	3830.36	3830.36	3830.30	3830.34	
3830.30	3830.26	3830.26	3830.40	3830.24	3830.30	3830.20	3830.14	3830.12	3830.00	3830.24	3830.32	3830.34	3830.20	3830.60	3829.52	

*******************************************2024/08/05;11:17:05
Probe number 3
Concentration entered by User 7.15% at Temperature 32.77
1417.66	1439.10	1449.42	1469.62	1483.24	1501.06	1518.28	1543.12	1566.66	1583.46	1605.58	1634.90	1655.10	1679.84	1701.92	1726.72	
1758.40	1793.62	1824.98	1860.04	1900.14	1938.14	1978.64	2007.70	2046.74	2102.40	2163.40	2222.12	2293.86	2389.90	2495.50	2617.42	
2712.96	2789.38	2875.18	3011.32	3125.30	3257.32	3369.28	3458.00	3548.68	3602.02	3657.48	3703.60	3739.70	3758.36	3772.68	3778.14	
3789.42	3796.74	3807.00	3814.96	3817.82	3819.58	3820.54	3821.28	3821.56	3821.88	3822.84	3822.58	3823.60	3824.58	3825.28	3825.84	
3826.34	3826.82	3827.44	3827.88	3828.02	3828.14	3828.42	3828.82	3829.02	3829.14	3828.98	3829.14	3829.20	3829.40	3829.74	3829.82	
3829.68	3830.02	3830.02	3830.04	3830.16	3830.30	3830.06	3830.06	3830.10	3830.14	3830.02	3830.06	3830.02	3830.06	3829.88	3829.88	
3829.80	3829.90	3829.86	3830.00	3830.12	3830.12	3830.08	3830.00	3830.14	3830.28	3830.40	3830.46	3830.42	3830.48	3830.36	3830.34	
3830.38	3830.40	3830.46	3830.32	3830.32	3830.32	3830.24	3830.16	3830.10	3830.14	3830.16	3830.16	3830.22	3830.16	3830.42	3829.34	

*******************************************2024/08/05;11:23:04
Probe number 0
Concentration entered by User 7.20% at Temperature 0.00
1423.72	1443.50	1453.50	1473.00	1488.08	1507.46	1525.62	1550.96	1575.78	1594.80	1621.00	1651.04	1666.66	1691.66	1716.76	1746.10	
1780.20	1819.38	1852.88	1890.72	1924.12	1961.68	1999.88	2025.36	2060.56	2117.10	2174.10	2232.98	2305.04	2394.04	2498.24	2613.58	
2695.08	2780.56	2869.76	3000.52	3117.06	3256.00	3361.46	3446.02	3543.76	3593.84	3646.88	3697.54	3737.70	3757.98	3771.62	3775.40	
3787.48	3795.36	3805.96	3813.96	3816.96	3819.30	3820.06	3820.86	3821.12	3821.16	3822.20	3822.22	3823.62	3824.78	3825.54	3825.84	
3826.34	3826.74	3827.48	3827.96	3828.10	3828.02	3828.34	3828.68	3828.88	3828.98	3828.66	3829.12	3829.26	3829.42	3829.64	3829.76	
3829.64	3830.00	3830.04	3830.06	3830.18	3830.26	3830.04	3830.02	3830.04	3830.00	3829.82	3829.96	3829.96	3829.92	3829.62	3829.64	
3829.56	3829.68	3829.64	3829.80	3829.88	3829.96	3829.90	3829.84	3830.06	3830.14	3830.24	3830.34	3830.28	3830.28	3830.22	3830.20	
3830.20	3830.24	3830.36	3830.26	3830.24	3830.26	3830.14	3830.16	3830.12	3830.04	3830.12	3830.08	3830.20	3830.12	3830.38	3829.20	

*******************************************2024/08/05;11:23:18
Probe number 1
Concentration entered by User 7.22% at Temperature 32.56
1423.12	1444.02	1454.72	1473.60	1489.44	1507.46	1525.66	1551.58	1574.14	1593.46	1619.82	1651.50	1667.22	1693.46	1723.12	1749.56	
1779.44	1816.96	1849.50	1888.82	1923.04	1956.82	1995.92	2021.00	2057.24	2115.34	2179.76	2227.78	2297.72	2394.14	2505.96	2613.82	
2691.18	2775.32	2862.34	2996.94	3117.80	3253.12	3355.00	3447.32	3544.12	3592.46	3646.06	3697.04	3736.24	3755.26	3769.70	3774.36	
3787.06	3794.84	3805.22	3813.44	3816.68	3819.04	3819.82	3820.60	3821.02	3821.14	3822.20	3822.18	3823.64	3824.62	3825.54	3825.80	
3826.30	3826.80	3827.34	3827.88	3827.90	3828.04	3828.28	3828.72	3828.90	3829.02	3828.62	3829.10	3829.16	3829.38	3829.70	3829.74	
3829.62	3829.96	3830.04	3830.10	3830.06	3830.22	3829.94	3829.98	3829.90	3829.90	3829.78	3829.94	3829.86	3829.90	3829.42	3829.66	
3829.46	3829.62	3829.50	3829.74	3829.92	3829.94	3829.82	3829.80	3830.00	3830.12	3830.20	3830.20	3830.20	3830.22	3830.10	3830.20	
3830.22	3830.22	3830.18	3830.24	3830.22	3830.12	3830.10	3830.12	3830.04	3829.98	3830.10	3830.12	3830.14	3830.10	3830.28	3829.18	

*******************************************2024/08/05;11:24:03
Probe number 2
Concentration entered by User 7.26% at Temperature 32.56
1422.70	1442.74	1453.88	1475.94	1490.10	1506.20	1521.14	1550.12	1575.30	1594.46	1619.96	1650.06	1668.30	1690.92	1714.80	1746.36	
1782.26	1820.76	1846.56	1882.38	1918.94	1958.38	1996.72	2023.40	2058.98	2113.00	2178.20	2231.72	2299.40	2389.50	2494.34	2607.40	
2689.20	2770.22	2862.42	2997.82	3113.66	3250.32	3351.02	3438.88	3535.44	3586.78	3644.02	3696.52	3736.16	3753.78	3768.28	3773.44	
3785.86	3794.06	3804.32	3812.82	3816.32	3818.64	3819.56	3820.38	3820.84	3821.04	3822.10	3822.12	3823.46	3824.56	3825.40	3825.72	
3826.26	3826.62	3827.26	3827.78	3827.88	3827.88	3828.26	3828.56	3828.76	3828.86	3828.62	3828.96	3829.10	3829.36	3829.56	3829.66	
3829.56	3829.88	3829.92	3830.00	3830.10	3830.20	3829.94	3829.98	3829.88	3829.86	3829.70	3829.86	3829.80	3829.80	3829.40	3829.60	
3829.42	3829.50	3829.52	3829.70	3829.92	3829.82	3829.84	3829.78	3829.94	3830.02	3830.16	3830.12	3830.20	3830.20	3830.18	3830.24	
3830.16	3830.12	3830.20	3830.20	3830.18	3830.14	3830.02	3829.98	3830.10	3829.94	3830.04	3829.94	3830.14	3830.12	3830.20	3829.18	

*******************************************2024/08/05;11:36:17
Probe number 0
Concentration entered by User 1.06% at Temperature 0.00
1352.68	1371.50	1382.24	1401.18	1416.98	1437.84	1455.48	1479.36	1502.02	1519.68	1539.22	1562.42	1584.70	1616.22	1645.14	1673.40	
1702.10	1728.74	1753.30	1782.06	1804.24	1829.18	1873.94	1905.38	1946.88	2008.66	2095.02	2228.86	2410.52	2709.42	3095.84	3438.68	
3629.46	3656.38	3660.48	3690.00	3707.18	3723.18	3719.66	3723.88	3737.56	3734.88	3727.94	3740.68	3754.48	3759.94	3760.30	3751.36	
3751.14	3759.68	3761.32	3756.82	3755.72	3756.46	3749.34	3751.26	3752.40	3752.26	3757.62	3755.92	3764.28	3769.00	3770.14	3761.74	
3760.36	3765.38	3772.78	3780.20	3779.92	3778.18	3773.60	3770.22	3769.48	3767.00	3765.92	3773.52	3767.94	3769.98	3775.80	3774.70	
3769.96	3770.10	3764.14	3767.00	3769.04	3769.54	3757.72	3762.70	3763.12	3764.68	3755.86	3758.32	3758.82	3760.20	3751.22	3751.54	
3745.28	3745.08	3739.72	3738.00	3742.56	3737.10	3732.90	3731.44	3735.40	3738.58	3741.08	3740.98	3739.16	3743.90	3740.40	3738.38	
3734.58	3735.62	3740.28	3738.74	3735.32	3727.54	3726.18	3724.14	3726.36	3720.60	3729.06	3727.88	3732.16	3725.72	3738.22	3689.94	

*******************************************2024/08/05;11:36:29
Probe number 1
Concentration entered by User 1.15% at Temperature 32.63
1346.48	1365.12	1376.84	1395.84	1410.20	1432.24	1449.08	1473.72	1496.36	1511.84	1532.42	1554.42	1575.40	1610.76	1636.82	1665.40	
1694.34	1720.34	1740.66	1767.92	1795.26	1827.60	1864.40	1896.22	1937.78	1999.48	2080.22	2206.92	2405.28	2694.48	3070.52	3412.62	
3605.00	3635.18	3638.28	3668.82	3687.96	3705.18	3700.72	3706.56	3720.98	3718.40	3710.62	3724.50	3740.34	3746.84	3747.40	3736.60	
3736.72	3746.22	3748.12	3742.96	3742.06	3742.96	3734.70	3736.68	3737.76	3737.74	3744.06	3742.02	3751.56	3756.70	3758.20	3748.70	
3746.82	3752.54	3761.30	3769.54	3768.92	3767.26	3761.72	3757.86	3757.20	3754.06	3752.82	3761.64	3755.34	3757.72	3764.52	3763.26	
3757.86	3757.70	3751.24	3754.44	3757.50	3757.88	3743.94	3749.54	3750.44	3751.92	3741.70	3744.24	3744.98	3746.86	3736.30	3737.14	
3730.00	3730.00	3723.86	3722.02	3726.68	3720.52	3716.00	3713.82	3718.70	3722.08	3724.70	3724.62	3722.36	3727.56	3723.56	3721.38	
3717.08	3718.64	3723.50	3722.36	3718.20	3709.78	3708.76	3705.86	3708.32	3702.16	3711.64	3709.98	3714.78	3707.76	3721.58	3668.52	

*******************************************2024/08/05;11:36:38
Probe number 2
Concentration entered by User 1.02% at Temperature 32.60
1353.14	1372.14	1383.22	1402.44	1416.86	1439.42	1456.12	1480.08	1502.70	1518.86	1538.26	1562.76	1586.02	1619.78	1643.26	1675.30	
1701.60	1727.00	1754.58	1776.92	1808.70	1831.74	1870.42	1904.72	1950.74	2012.26	2103.26	2230.38	2416.66	2708.64	3111.42	3453.52	
3632.54	3660.44	3662.96	3692.72	3710.18	3725.66	3722.14	3726.58	3739.66	3737.10	3729.86	3742.30	3756.48	3761.48	3762.22	3753.28	
3752.98	3761.32	3762.96	3758.60	3757.80	3758.50	3751.16	3753.46	3754.46	3754.70	3759.98	3758.10	3765.88	3770.72	3771.78	3763.78	
3762.52	3767.08	3774.36	3781.62	3781.20	3779.80	3775.02	3771.70	3771.22	3768.84	3767.72	3774.98	3769.78	3771.58	3777.54	3776.42	
3771.78	3771.56	3765.72	3768.64	3771.08	3771.42	3759.62	3764.52	3765.16	3766.54	3757.90	3760.26	3760.98	3762.10	3753.18	3753.94	
3747.46	3747.46	3742.34	3740.44	3744.82	3739.48	3735.24	3733.76	3737.86	3740.96	3743.78	3743.46	3741.48	3746.12	3742.70	3741.00	
3737.02	3738.18	3742.76	3741.50	3737.72	3730.26	3729.18	3727.12	3728.76	3723.38	3731.96	3730.44	3734.86	3728.70	3740.94	3693.50	

*******************************************2024/08/05;11:36:49
Probe number 3
Concentration entered by User 0.99% at Temperature 32.57
1354.68	1373.42	1384.02	1404.26	1418.60	1439.28	1457.64	1482.48	1504.60	1521.24	1542.76	1565.56	1588.76	1621.94	1648.72	1677.06	
1705.38	1732.70	1756.54	1784.60	1807.62	1837.68	1884.98	1914.86	1960.02	2014.16	2101.34	2228.86	2439.10	2737.94	3118.20	3456.58	
3639.18	3669.12	3670.62	3699.50	3715.64	3730.62	3727.26	3731.54	3744.14	3741.58	3735.06	3746.88	3760.04	3765.42	3765.90	3757.30	
3757.50	3765.30	3767.10	3762.58	3761.92	3762.78	3755.50	3757.70	3758.66	3758.62	3763.76	3762.08	3769.84	3774.14	3775.26	3767.64	
3766.20	3771.00	3777.94	3784.74	3784.28	3783.00	3778.44	3775.14	3774.82	3772.40	3771.48	3778.46	3773.52	3775.02	3780.80	3779.68	
3775.22	3775.00	3769.62	3772.24	3774.34	3774.74	3763.68	3768.14	3768.86	3770.30	3761.94	3764.00	3764.94	3766.18	3757.76	3758.16	
3752.14	3751.96	3747.22	3745.34	3749.64	3744.50	3740.30	3739.06	3742.86	3745.98	3748.20	3748.50	3746.44	3750.80	3747.64	3745.74	
3742.26	3743.08	3747.18	3746.36	3743.14	3735.44	3734.76	3732.46	3734.34	3729.28	3737.42	3735.90	3740.12	3734.14	3745.84	3700.12	

*******************************************2024/08/05;11:37:01
Probe number 4
Concentration entered by User 1.14% at Temperature 32.55
1348.84	1367.08	1378.66	1397.36	1412.00	1433.28	1450.60	1473.74	1497.00	1513.38	1534.00	1558.16	1580.44	1611.86	1639.74	1667.54	
1697.84	1723.64	1745.38	1774.90	1798.88	1827.82	1868.80	1905.10	1951.04	2002.74	2094.92	2225.94	2413.22	2704.88	3076.36	3413.32	
3603.90	3643.58	3646.32	3677.50	3695.94	3712.42	3708.78	3714.22	3728.50	3725.72	3717.76	3731.56	3746.66	3752.88	3753.42	3743.32	
3743.20	3752.66	3754.38	3749.40	3748.58	3749.30	3741.44	3743.52	3744.86	3744.64	3750.76	3748.52	3757.94	3762.64	3763.72	3754.78	
3753.32	3758.68	3766.60	3774.32	3774.00	3772.34	3767.42	3763.84	3762.92	3760.04	3759.24	3767.28	3761.70	3763.38	3770.10	3768.80	
3763.74	3763.60	3757.12	3760.46	3763.00	3763.66	3750.70	3755.92	3756.58	3758.26	3748.42	3751.06	3751.94	3753.18	3743.52	3744.26	
3737.24	3737.12	3731.82	3729.76	3734.24	3728.58	3723.74	3722.48	3726.42	3730.24	3732.58	3732.42	3730.58	3735.54	3731.62	3729.52	
3725.50	3726.82	3732.06	3730.26	3726.68	3718.50	3717.50	3715.10	3716.86	3711.32	3720.22	3718.46	3723.48	3716.30	3729.80	3679.20	

*******************************************2024/08/05;11:37:56
Probe number 5
Concentration entered by User 1.08% at Temperature 32.55
1358.76	1377.20	1388.58	1407.06	1423.28	1443.96	1462.62	1486.76	1510.32	1527.28	1547.54	1573.36	1596.02	1627.58	1656.36	1682.44	
1709.74	1738.12	1764.30	1786.28	1817.28	1848.78	1885.04	1923.12	1957.48	2016.32	2114.66	2271.38	2485.86	2748.92	3101.26	3416.72	
3610.06	3668.22	3676.38	3704.28	3722.02	3737.04	3734.90	3738.94	3751.12	3748.72	3741.82	3752.72	3765.62	3770.78	3770.86	3762.48	
3762.78	3770.28	3771.90	3767.84	3767.16	3767.60	3761.34	3763.20	3764.46	3764.52	3768.92	3766.96	3773.74	3777.68	3779.06	3772.14	
3770.50	3775.50	3779.54	3789.00	3791.62	3790.52	3782.90	3773.00	3769.02	3767.32	3767.64	3776.66	3770.54	3762.08	3763.04	3768.98	
3769.74	3771.34	3764.62	3763.14	3760.98	3762.60	3752.80	3755.90	3746.94	3737.44	3722.04	3708.26	3714.30	3706.12	3672.04	3651.56	
3643.20	3655.14	3686.48	3709.06	3717.44	3719.12	3721.68	3728.92	3739.70	3743.76	3745.98	3740.02	3728.00	3721.66	3704.94	3699.10	
3696.04	3703.60	3710.40	3715.34	3714.76	3716.34	3717.62	3720.68	3725.36	3723.32	3735.52	3733.76	3737.08	3731.60	3742.36	3695.96	

*******************************************2024/08/05;11:38:24
Probe number 6
Concentration entered by User 0.98% at Temperature 32.56
1356.32	1375.14	1385.90	1405.66	1420.70	1441.86	1461.16	1485.08	1508.20	1525.32	1546.70	1569.14	1592.58	1627.54	1655.16	1681.24	
1712.54	1739.76	1757.64	1788.88	1816.20	1841.70	1872.98	1919.32	1963.46	2018.48	2102.22	2224.80	2450.28	2742.50	3120.80	3459.90	
3642.96	3674.18	3678.14	3703.94	3720.72	3736.16	3733.30	3737.76	3749.36	3746.70	3739.82	3751.02	3764.02	3769.26	3769.26	3760.70	
3760.90	3768.76	3770.02	3765.98	3765.36	3765.76	3759.18	3761.40	3762.50	3762.36	3767.00	3764.68	3771.86	3776.08	3777.32	3770.56	
3768.72	3773.78	3777.96	3787.40	3790.36	3789.24	3781.54	3771.74	3768.08	3766.28	3766.62	3775.98	3769.70	3762.06	3763.26	3769.10	
3769.90	3771.00	3764.52	3762.08	3760.50	3761.10	3754.04	3757.70	3754.70	3748.10	3738.32	3727.90	3728.82	3721.78	3693.22	3679.30	
3670.70	3677.28	3697.26	3713.70	3723.32	3721.52	3723.72	3730.72	3740.06	3744.18	3746.48	3741.12	3731.34	3725.40	3711.24	3706.74	
3703.60	3710.18	3716.02	3719.58	3718.62	3719.58	3719.80	3721.72	3725.38	3723.18	3735.06	3733.62	3737.06	3731.24	3741.52	3695.26	

*******************************************2024/08/05;11:38:52
Probe number 7
Concentration entered by User 0.65% at Temperature 32.56
1359.30	1378.82	1390.16	1409.70	1427.22	1451.88	1475.66	1501.26	1527.08	1546.72	1568.44	1596.78	1623.20	1661.54	1691.22	1723.36	
1767.86	1803.10	1837.78	1877.40	1922.72	1958.86	2002.04	2046.54	2107.78	2174.86	2254.90	2369.04	2567.62	2866.12	3243.74	3547.78	
3687.56	3713.44	3716.98	3728.14	3723.40	3723.70	3728.46	3735.56	3748.66	3750.40	3742.46	3742.88	3743.84	3740.60	3747.00	3747.90	
3750.08	3757.02	3752.90	3747.26	3746.86	3746.74	3740.36	3740.50	3740.74	3740.02	3742.96	3738.42	3748.96	3754.56	3756.50	3749.24	
3749.48	3756.22	3763.18	3770.66	3770.98	3768.56	3761.18	3760.38	3762.96	3760.74	3760.06	3767.00	3762.76	3762.88	3767.86	3773.36	
3774.32	3776.46	3772.30	3769.50	3768.42	3768.62	3761.18	3765.16	3768.16	3769.38	3762.92	3764.14	3765.16	3766.70	3761.04	3765.56	
3763.32	3761.48	3758.26	3757.86	3757.66	3752.58	3749.06	3747.12	3748.94	3748.40	3746.76	3741.00	3738.36	3736.98	3730.48	3725.94	
3717.54	3716.70	3725.72	3726.84	3725.18	3724.80	3719.56	3720.20	3722.72	3723.88	3733.64	3728.94	3734.40	3728.46	3739.20	3690.88	

*******************************************2024/08/05;11:38:58
Probe number 8
Concentration entered by User 0.69% at Temperature 32.52
1357.56	1376.86	1388.28	1407.76	1424.82	1449.24	1472.66	1499.80	1524.10	1544.50	1566.80	1594.26	1620.44	1656.38	1686.72	1718.92	
1766.56	1798.94	1839.74	1874.28	1920.32	1953.60	1989.74	2039.20	2104.80	2177.36	2249.84	2355.88	2554.60	2855.20	3221.88	3547.22	
3682.22	3708.18	3708.46	3719.32	3714.56	3715.00	3719.80	3728.04	3741.22	3743.28	3734.26	3735.38	3735.74	3732.80	3739.48	3740.26	
3742.30	3750.00	3745.70	3739.56	3739.06	3739.48	3732.06	3732.24	3732.82	3731.80	3734.94	3730.34	3741.58	3747.16	3749.34	3741.76	
3741.46	3748.62	3756.52	3764.74	3764.84	3762.16	3754.58	3753.58	3756.48	3754.28	3753.02	3760.74	3756.58	3756.38	3761.68	3767.32	
3768.38	3770.96	3766.20	3763.30	3762.20	3762.72	3754.36	3758.84	3762.18	3763.14	3756.34	3757.30	3758.48	3760.20	3754.44	3758.96	
3756.68	3755.00	3751.18	3751.04	3750.66	3745.22	3741.74	3739.38	3741.26	3740.62	3739.10	3733.06	3730.06	3729.02	3722.32	3717.94	
3709.16	3708.90	3717.52	3718.56	3716.38	3716.02	3710.42	3711.54	3714.00	3714.58	3724.42	3720.16	3725.86	3719.46	3730.80	3680.50	

*******************************************2024/08/05;11:39:30
Probe number 9
Concentration entered by User 0.80% at Temperature 32.50
1368.72	1389.38	1400.50	1421.74	1438.26	1462.14	1486.06	1514.30	1538.68	1561.00	1583.58	1616.54	1641.86	1680.96	1710.08	1744.66	
1782.56	1823.02	1859.68	1899.98	1948.88	1996.16	2038.12	2085.16	2144.00	2230.28	2319.06	2454.26	2625.82	2894.82	3200.92	3474.74	
3630.12	3687.98	3712.88	3728.20	3727.24	3729.66	3732.64	3737.72	3749.82	3751.66	3744.08	3744.72	3745.64	3743.20	3749.82	3751.40	
3752.76	3759.66	3755.68	3750.46	3750.30	3751.24	3745.08	3745.18	3744.88	3744.52	3748.06	3744.18	3753.66	3758.50	3760.92	3754.44	
3753.80	3759.98	3766.80	3773.58	3774.24	3773.88	3768.14	3767.56	3770.94	3768.90	3765.92	3772.64	3770.38	3770.72	3774.34	3777.44	
3777.88	3781.18	3777.78	3774.90	3773.46	3774.40	3767.58	3770.30	3771.62	3772.22	3767.76	3767.96	3769.10	3770.30	3764.78	3769.10	
3766.78	3765.12	3762.14	3761.80	3761.64	3757.00	3753.16	3751.50	3752.74	3752.90	3752.40	3747.72	3745.86	3746.06	3741.14	3737.82	
3730.46	3730.10	3737.02	3736.58	3733.22	3731.46	3726.68	3726.98	3729.70	3729.18	3738.16	3734.22	3738.96	3733.38	3743.76	3696.88	

*******************************************2024/08/05;11:41:57
Probe number 0
Concentration entered by User 0.00% at Temperature 32.54
1507.62	1534.48	1549.36	1578.60	1602.32	1630.16	1659.58	1695.00	1730.48	1757.50	1789.48	1829.48	1865.76	1910.34	1954.38	1999.54	
2053.46	2102.58	2146.62	2202.30	2267.48	2316.12	2378.18	2444.46	2534.78	2642.78	2741.38	2932.88	3155.20	3461.36	3735.66	3816.92	
3824.84	3826.96	3827.56	3828.04	3827.94	3828.02	3828.08	3828.32	3828.76	3828.82	3828.58	3828.58	3828.60	3828.44	3828.72	3828.78	
3828.82	3829.10	3828.88	3828.76	3828.76	3828.74	3828.62	3828.54	3828.62	3828.58	3828.72	3828.62	3828.92	3829.06	3829.14	3828.90	
3828.82	3829.04	3829.32	3829.54	3829.54	3829.58	3829.36	3829.36	3829.46	3829.48	3829.26	3829.48	3829.40	3829.48	3829.64	3829.72	
3829.78	3829.78	3829.68	3829.68	3829.62	3829.50	3829.32	3829.40	3829.48	3829.42	3829.40	3829.36	3829.40	3829.40	3829.12	3829.32	
3829.32	3829.26	3829.16	3829.18	3829.08	3829.04	3828.78	3828.76	3828.86	3828.82	3828.92	3828.74	3828.60	3828.68	3828.52	3828.42	
3828.12	3828.20	3828.32	3828.38	3828.32	3828.14	3828.06	3828.06	3828.06	3828.12	3828.40	3828.24	3828.36	3828.22	3828.58	3827.12	

