*******************************************2024/07/24;12:22:43
Probe number 0
Concentration entered by User 5.75% at Temperature 0.00
1140.40	1152.64	1165.32	1175.14	1188.20	1203.52	1217.44	1235.72	1253.64	1275.08	1299.20	1324.04	1344.84	1361.30	1373.58	1392.96	
1415.50	1441.88	1464.32	1497.94	1537.36	1577.68	1613.96	1658.64	1701.84	1760.54	1823.00	1898.70	2002.32	2125.84	2268.50	2447.46	
2689.92	2998.80	3218.38	3402.34	3531.14	3500.66	3544.36	3592.36	3601.84	3598.20	3567.10	3532.24	3495.16	3509.52	3504.62	3514.58	
3549.26	3613.54	3618.26	3635.16	3634.00	3630.08	3591.80	3591.12	3597.72	3619.28	3681.94	3710.00	3720.80	3745.76	3736.22	3727.58	
3735.32	3741.74	3757.22	3753.08	3742.26	3742.82	3718.62	3684.32	3659.62	3630.16	3563.84	3501.74	3475.14	3490.94	3473.96	3501.16	
3490.78	3523.32	3544.76	3582.76	3616.32	3621.98	3675.96	3700.66	3709.22	3732.92	3719.04	3705.56	3672.54	3666.10	3671.54	3681.38	
3719.80	3708.28	3709.08	3735.68	3737.10	3744.62	3744.60	3735.58	3707.04	3676.98	3698.24	3731.26	3743.86	3743.92	3723.94	3732.92	
3752.22	3748.82	3756.12	3757.62	3758.46	3751.46	3754.24	3757.44	3749.90	3746.12	3752.68	3747.82	3746.86	3759.62	3762.62	3707.98	

*******************************************2024/07/24;12:22:55
Probe number 1
Concentration entered by User 5.61% at Temperature 23.99
1144.44	1156.76	1170.10	1179.52	1192.44	1208.12	1222.20	1240.58	1258.34	1279.88	1304.68	1330.12	1350.60	1367.06	1380.08	1399.22	
1421.82	1449.04	1471.14	1505.60	1545.66	1586.44	1622.28	1666.96	1711.50	1770.76	1834.02	1910.20	2015.06	2139.14	2284.88	2465.82	
2711.26	3024.94	3248.50	3433.96	3562.60	3534.36	3577.00	3623.00	3631.88	3627.90	3597.90	3565.42	3529.32	3543.42	3538.26	3547.04	
3582.20	3644.14	3647.58	3663.58	3663.12	3659.72	3624.40	3623.64	3628.78	3651.04	3708.84	3733.28	3743.34	3764.42	3755.98	3748.42	
3755.54	3760.80	3774.20	3770.30	3761.08	3760.60	3739.04	3707.04	3685.36	3658.46	3595.24	3535.12	3507.84	3523.20	3505.50	3534.16	
3524.20	3555.28	3576.88	3614.64	3646.52	3651.48	3701.84	3723.84	3731.70	3753.12	3739.80	3727.56	3697.02	3692.32	3697.48	3706.14	
3740.26	3730.34	3732.14	3755.42	3756.26	3762.22	3762.24	3755.28	3729.50	3702.54	3722.24	3751.22	3762.60	3762.16	3744.20	3752.44	
3769.56	3766.92	3773.38	3774.26	3775.14	3768.46	3770.94	3773.98	3766.88	3763.74	3769.40	3766.22	3764.64	3776.20	3778.68	3730.82	

