*******************************************2024/08/07;08:37:47
Probe number 0
Concentration entered by User -1.00% at Temperature 0.00
1286.22	1298.90	1308.34	1323.72	1337.14	1353.66	1370.54	1390.28	1408.34	1426.80	1446.62	1471.44	1493.02	1520.86	1545.86	1569.30	
1598.58	1627.60	1658.94	1684.38	1722.64	1758.72	1790.84	1826.04	1863.02	1905.26	1961.68	2013.62	2071.34	2140.62	2264.78	2386.82	
2509.52	2700.24	2834.02	2861.12	2886.16	2969.78	2997.32	3040.40	3129.02	3167.74	3174.22	3214.14	3232.40	3240.40	3276.70	3291.12	
3313.90	3336.60	3355.16	3362.36	3366.08	3378.56	3366.44	3353.22	3358.68	3366.48	3373.30	3372.94	3377.14	3373.12	3362.90	3352.60	
3368.44	3379.60	3393.78	3404.44	3392.30	3380.70	3376.32	3383.18	3397.28	3396.28	3386.32	3388.62	3379.36	3381.80	3386.62	3396.62	
3382.26	3378.96	3352.62	3345.80	3346.40	3349.86	3349.48	3373.78	3372.62	3370.00	3379.54	3368.24	3353.16	3355.70	3325.04	3319.34	
3322.78	3308.48	3302.38	3315.06	3327.56	3317.78	3326.60	3332.28	3330.44	3346.72	3349.96	3339.98	3339.34	3339.36	3335.66	3327.96	
3312.36	3314.32	3322.18	3317.48	3312.22	3318.64	3312.88	3302.78	3306.44	3294.04	3310.26	3307.80	3313.30	3299.86	3313.68	3236.06	

*******************************************2024/08/07;08:38:17
Probe number 1
Concentration entered by User -1.00% at Temperature 30.29
1287.24	1300.50	1309.12	1324.86	1339.10	1356.54	1372.46	1391.64	1410.82	1427.90	1446.30	1471.88	1493.94	1519.88	1546.38	1572.64	
1601.38	1630.14	1661.62	1688.58	1722.34	1754.52	1795.06	1827.90	1859.80	1904.54	1960.62	2011.96	2068.68	2134.88	2269.36	2383.96	
2511.42	2696.96	2834.64	2860.02	2883.54	2967.86	2997.14	3041.02	3128.64	3167.08	3173.28	3212.72	3230.80	3239.52	3275.58	3290.82	
3312.90	3336.64	3354.18	3361.28	3365.28	3377.90	3364.88	3351.76	3357.90	3366.32	3372.82	3372.72	3376.38	3372.60	3362.94	3351.58	
3367.96	3378.18	3392.96	3403.34	3391.46	3380.24	3374.74	3381.96	3396.48	3394.98	3385.40	3388.02	3378.82	3381.42	3386.90	3395.92	
3381.80	3378.14	3351.92	3345.42	3346.20	3349.48	3349.02	3372.90	3371.22	3370.10	3379.00	3367.98	3352.68	3354.52	3324.46	3319.06	
3323.16	3308.82	3302.74	3314.88	3327.28	3317.28	3326.86	3331.70	3330.38	3345.62	3350.08	3339.18	3338.70	3338.38	3335.18	3327.50	
3311.32	3313.36	3321.84	3317.16	3311.96	3318.20	3312.14	3302.70	3305.62	3294.08	3310.20	3307.08	3313.66	3299.98	3312.86	3236.08	

*******************************************2024/08/07;08:38:47
Probe number 2
Concentration entered by User -1.00% at Temperature 30.27
1287.60	1301.20	1308.36	1325.66	1337.84	1355.92	1371.96	1390.12	1410.18	1427.54	1445.68	1469.62	1493.64	1519.76	1546.04	1568.46	
1596.78	1624.72	1659.00	1688.94	1724.40	1753.56	1792.00	1823.84	1867.88	1908.70	1961.02	2007.68	2069.66	2140.12	2256.62	2378.44	
2506.32	2698.56	2835.12	2861.40	2886.46	2969.78	2996.90	3039.10	3128.30	3166.38	3172.64	3212.14	3229.34	3238.48	3275.52	3289.44	
3312.40	3335.58	3353.12	3361.54	3364.56	3377.34	3364.12	3350.94	3356.92	3364.74	3371.58	3371.52	3375.18	3371.52	3361.44	3350.48	
3367.18	3377.56	3392.44	3403.10	3390.96	3379.30	3374.00	3381.26	3395.74	3393.70	3384.44	3387.46	3378.22	3380.46	3385.32	3395.14	
3381.12	3377.68	3351.08	3344.50	3344.96	3348.84	3347.92	3371.88	3370.92	3368.48	3377.72	3367.24	3351.42	3354.14	3322.82	3317.62	
3321.86	3307.02	3301.72	3314.04	3325.70	3316.18	3324.90	3330.66	3329.42	3345.24	3348.60	3337.54	3338.28	3337.48	3334.08	3326.82	
3310.90	3312.26	3320.80	3315.76	3310.58	3317.02	3312.26	3301.86	3305.12	3293.02	3308.44	3306.18	3312.40	3298.72	3311.86	3234.74	

*******************************************2024/08/07;08:39:17
Probe number 3
Concentration entered by User -1.00% at Temperature 30.30
1286.96	1299.76	1307.92	1324.18	1336.66	1354.72	1371.90	1391.90	1410.94	1427.74	1446.76	1471.08	1493.84	1521.04	1543.60	1568.30	
1599.20	1631.00	1659.24	1688.12	1721.64	1753.22	1788.14	1823.38	1863.50	1902.56	1948.98	2005.56	2068.24	2146.20	2272.96	2386.66	
2514.58	2701.58	2834.00	2859.22	2883.26	2966.02	2994.56	3038.40	3126.70	3165.20	3170.68	3212.28	3229.22	3237.72	3274.28	3289.04	
3311.50	3335.20	3353.16	3361.00	3364.88	3376.64	3363.94	3350.18	3356.02	3364.18	3370.60	3371.10	3374.78	3370.84	3360.12	3350.18	
3366.06	3376.78	3391.38	3401.92	3389.88	3378.90	3374.14	3380.58	3395.30	3393.62	3384.00	3387.12	3378.18	3379.98	3384.76	3394.74	
3380.92	3377.34	3350.62	3344.58	3344.46	3348.44	3347.50	3370.94	3370.24	3368.38	3377.64	3366.34	3350.94	3353.38	3322.98	3317.80	
3321.18	3307.20	3301.58	3312.84	3324.64	3314.68	3323.12	3328.66	3327.46	3343.32	3347.26	3336.94	3337.32	3336.98	3333.96	3326.80	
3309.90	3312.54	3319.66	3315.54	3310.62	3316.82	3311.66	3301.40	3304.26	3292.34	3308.78	3305.80	3312.22	3298.42	3311.78	3234.72	

*******************************************2024/08/07;08:39:47
Probe number 4
Concentration entered by User 14.08% at Temperature 30.20
1287.74	1299.78	1308.18	1324.36	1336.60	1353.58	1372.08	1390.94	1412.12	1428.42	1447.62	1471.00	1490.98	1517.96	1543.74	1569.36	
1600.18	1626.58	1657.46	1689.76	1730.74	1752.62	1788.68	1823.10	1863.62	1901.54	1958.80	2010.94	2070.10	2139.54	2266.34	2393.64	
2514.04	2699.30	2834.04	2860.22	2883.34	2967.44	2996.04	3039.68	3127.50	3165.78	3171.44	3211.68	3228.90	3237.70	3274.36	3288.76	
3311.76	3334.52	3352.66	3359.66	3363.42	3376.74	3363.54	3350.22	3355.72	3364.10	3371.08	3371.06	3375.08	3370.46	3360.34	3349.86	
3365.88	3376.86	3392.00	3402.04	3390.20	3378.16	3373.54	3380.40	3395.04	3392.90	3384.04	3386.78	3377.62	3379.76	3384.32	3395.00	
3380.54	3376.34	3350.76	3344.00	3344.68	3347.66	3347.20	3371.30	3370.00	3367.76	3377.62	3366.56	3350.32	3353.30	3322.94	3317.54	
3321.54	3307.22	3301.42	3313.60	3324.26	3314.24	3322.82	3328.56	3327.32	3343.20	3346.74	3336.96	3337.50	3337.24	3332.94	3326.28	
3309.72	3312.18	3319.78	3315.64	3310.22	3316.98	3311.10	3301.20	3304.08	3292.60	3308.24	3305.80	3311.74	3298.44	3311.24	3234.58	

*******************************************2024/08/07;08:40:17
Probe number 5
Concentration entered by User 14.08% at Temperature 30.25
1287.76	1300.20	1307.50	1323.38	1335.84	1353.76	1370.52	1388.84	1408.42	1426.52	1447.40	1472.16	1495.32	1521.78	1544.36	1566.58	
1593.90	1623.80	1658.78	1685.62	1716.78	1750.26	1790.38	1825.86	1859.88	1908.74	1956.06	2002.34	2069.30	2151.48	2266.06	2383.74	
2509.08	2696.86	2831.92	2859.44	2884.28	2968.46	2997.14	3038.44	3126.18	3165.18	3171.38	3211.38	3228.96	3237.56	3275.00	3289.02	
3311.48	3334.66	3352.12	3359.78	3363.56	3376.10	3363.38	3349.68	3355.16	3363.40	3370.48	3370.68	3374.88	3370.06	3359.24	3349.50	
3365.62	3376.56	3391.16	3402.30	3388.86	3377.90	3373.74	3380.16	3394.78	3393.06	3383.58	3386.16	3377.02	3379.90	3384.28	3394.74	
3380.58	3375.80	3350.30	3343.92	3345.08	3348.38	3347.30	3371.02	3369.96	3367.56	3377.16	3365.90	3350.88	3352.70	3322.72	3317.06	
3320.48	3306.32	3301.10	3312.78	3324.22	3313.94	3322.82	3328.22	3327.36	3342.86	3347.00	3337.32	3336.98	3335.98	3332.82	3325.84	
3309.48	3311.76	3319.50	3315.40	3309.82	3316.64	3311.00	3300.70	3304.36	3292.36	3307.96	3305.66	3311.64	3298.04	3311.38	3234.08	

*******************************************2024/08/07;08:40:47
Probe number 6
Concentration entered by User 14.10% at Temperature 30.30
1285.62	1298.54	1307.94	1323.26	1336.92	1354.22	1372.02	1390.22	1409.48	1428.10	1446.54	1471.92	1494.92	1519.60	1543.70	1567.98	
1598.08	1629.08	1659.50	1681.84	1722.72	1754.48	1787.32	1817.46	1859.30	1908.14	1962.66	2001.56	2066.22	2143.22	2263.42	2387.42	
2510.06	2697.10	2833.82	2859.84	2883.90	2966.80	2996.40	3039.38	3127.42	3165.40	3171.16	3212.04	3228.62	3237.00	3273.52	3288.32	
3311.00	3334.54	3352.04	3359.58	3363.70	3375.76	3363.48	3349.06	3355.86	3363.72	3370.44	3370.16	3375.20	3369.78	3360.06	3349.34	
3365.26	3376.40	3390.86	3401.56	3389.52	3378.16	3373.40	3380.22	3394.66	3393.00	3383.84	3386.08	3376.86	3379.32	3384.34	3394.58	
3380.14	3375.92	3350.04	3343.88	3343.48	3347.42	3346.66	3371.02	3369.54	3367.34	3377.04	3366.00	3350.24	3352.44	3322.02	3317.00	
3320.16	3306.82	3300.82	3312.46	3324.02	3313.74	3322.62	3327.82	3326.70	3342.40	3346.64	3336.80	3336.94	3336.10	3333.14	3325.30	
3309.48	3311.32	3319.58	3315.30	3309.60	3316.58	3310.70	3300.82	3303.48	3292.48	3307.80	3305.54	3311.14	3297.68	3311.46	3233.86	

*******************************************2024/08/07;08:46:11
Probe number 0
Concentration entered by User 1.26% at Temperature 30.35
1510.14	1533.88	1547.64	1574.56	1595.30	1624.10	1649.12	1682.54	1713.54	1741.84	1774.48	1813.62	1850.40	1892.56	1933.30	1974.76	
2025.76	2069.02	2130.38	2171.88	2229.66	2275.80	2345.46	2400.28	2465.82	2539.82	2615.38	2720.18	2813.12	2932.14	3124.62	3313.90	
3509.14	3727.54	3797.72	3804.16	3809.60	3819.90	3821.54	3823.52	3826.36	3827.18	3827.24	3828.16	3828.46	3828.52	3829.22	3829.58	
3829.80	3830.38	3830.42	3830.36	3830.60	3830.60	3830.48	3830.32	3830.44	3830.40	3830.64	3830.68	3830.48	3830.64	3830.52	3830.24	
3830.44	3830.58	3830.54	3830.80	3830.80	3830.54	3830.54	3830.62	3830.58	3830.62	3830.58	3830.46	3830.44	3830.62	3830.64	3830.76	
3830.68	3830.48	3830.32	3830.40	3830.12	3830.22	3830.28	3830.64	3830.64	3830.66	3830.70	3830.58	3830.68	3830.52	3830.14	3829.96	
3830.10	3829.92	3830.02	3830.22	3830.20	3830.18	3830.28	3830.30	3830.32	3830.30	3830.40	3830.44	3830.36	3830.28	3830.36	3830.36	
3829.98	3830.12	3830.08	3829.94	3830.00	3830.16	3830.02	3830.10	3830.12	3829.74	3830.22	3830.18	3829.96	3829.96	3830.12	3828.86	

*******************************************2024/08/07;08:46:41
Probe number 1
Concentration entered by User 1.23% at Temperature 30.36
1512.66	1537.68	1550.60	1573.80	1595.38	1623.08	1651.68	1683.60	1714.88	1738.76	1769.74	1813.20	1852.86	1897.08	1935.68	1975.62	
2022.16	2072.98	2123.92	2168.46	2222.02	2272.92	2341.12	2398.42	2458.08	2531.58	2627.46	2711.90	2811.76	2928.26	3135.56	3326.20	
3508.80	3726.50	3797.22	3804.08	3810.12	3820.04	3821.66	3823.84	3826.66	3827.44	3827.72	3828.36	3828.54	3828.76	3829.36	3829.76	
3829.88	3830.34	3830.36	3830.52	3830.66	3830.76	3830.62	3830.40	3830.28	3830.78	3830.66	3830.70	3830.68	3830.70	3830.58	3830.50	
3830.70	3830.66	3830.70	3831.06	3830.76	3830.68	3830.66	3830.24	3829.84	3829.44	3828.40	3827.62	3827.80	3827.34	3827.74	3827.62	
3826.86	3826.98	3826.78	3826.68	3826.60	3826.44	3827.58	3829.50	3830.08	3830.54	3830.66	3830.66	3830.40	3830.52	3830.04	3829.66	
3829.82	3829.76	3829.82	3829.76	3829.86	3830.00	3830.28	3830.14	3830.20	3830.38	3830.58	3830.68	3830.48	3830.64	3830.50	3830.46	
3830.16	3830.10	3830.16	3830.10	3829.78	3830.08	3830.16	3830.00	3830.02	3829.78	3829.80	3829.96	3830.00	3829.72	3829.88	3829.00	

*******************************************2024/08/07;08:47:11
Probe number 2
Concentration entered by User 1.24% at Temperature 30.38
1512.22	1535.80	1548.72	1574.54	1594.92	1621.84	1648.66	1684.24	1715.54	1741.10	1774.78	1814.32	1850.92	1892.24	1932.40	1971.04	
2018.50	2070.42	2124.70	2174.14	2219.38	2283.84	2342.74	2394.96	2459.52	2542.30	2638.38	2715.98	2823.72	2925.54	3119.24	3322.38	
3521.56	3726.52	3796.78	3803.76	3810.04	3820.20	3821.62	3823.86	3826.58	3827.50	3827.66	3828.54	3828.68	3828.90	3829.40	3829.82	
3830.04	3830.44	3830.68	3830.54	3830.78	3830.86	3830.74	3830.40	3830.50	3830.72	3830.76	3830.98	3830.76	3830.74	3830.82	3830.80	
3830.80	3830.80	3831.00	3831.12	3831.02	3830.74	3830.80	3830.80	3830.98	3830.92	3830.90	3830.84	3830.78	3830.82	3830.96	3831.04	
3830.92	3830.88	3830.52	3830.52	3830.54	3830.42	3830.58	3830.94	3830.80	3830.68	3831.04	3830.70	3830.54	3830.70	3830.20	3830.02	
3830.04	3830.14	3829.96	3830.24	3830.40	3829.96	3830.36	3830.34	3830.24	3830.58	3830.58	3830.52	3830.52	3830.44	3830.56	3830.54	
3830.28	3830.22	3830.40	3830.16	3830.14	3830.30	3830.08	3830.20	3830.32	3830.04	3830.06	3830.36	3829.98	3830.00	3830.20	3828.86	

*******************************************2024/08/07;08:47:41
Probe number 3
Concentration entered by User 1.20% at Temperature 30.36
1511.36	1535.22	1550.22	1576.84	1597.42	1624.40	1651.24	1682.94	1711.62	1743.24	1775.64	1811.62	1852.02	1894.90	1933.70	1977.22	
2027.36	2066.40	2123.04	2174.08	2226.66	2276.64	2342.36	2393.30	2467.84	2551.84	2633.70	2692.42	2795.88	2949.50	3142.16	3324.46	
3518.66	3727.60	3797.06	3803.76	3809.74	3820.08	3821.70	3823.92	3826.48	3827.36	3827.42	3828.64	3828.76	3828.62	3829.36	3829.80	
3829.92	3830.20	3830.60	3830.54	3830.80	3830.78	3830.56	3830.18	3830.54	3830.64	3830.66	3830.80	3830.64	3830.80	3830.70	3830.60	
3830.68	3830.72	3830.76	3831.14	3831.04	3830.76	3830.82	3830.94	3830.94	3831.04	3830.88	3830.88	3830.64	3830.82	3830.84	3830.96	
3830.78	3830.88	3830.58	3830.56	3830.52	3830.50	3830.36	3830.82	3830.78	3830.80	3830.76	3830.56	3830.62	3830.60	3830.18	3829.98	
3830.08	3829.94	3829.78	3830.12	3830.12	3830.08	3830.32	3830.38	3830.20	3830.44	3830.58	3830.46	3830.50	3830.44	3830.48	3830.36	
3830.22	3830.12	3830.08	3829.90	3829.88	3830.10	3830.22	3830.00	3829.94	3830.02	3830.08	3829.96	3830.18	3829.72	3829.50	3828.08	

*******************************************2024/08/07;08:48:11
Probe number 4
Concentration entered by User 1.22% at Temperature 30.28
1513.58	1537.16	1550.44	1576.96	1599.98	1626.66	1654.08	1684.62	1713.16	1740.68	1775.58	1814.76	1850.28	1896.12	1937.10	1975.42	
2025.12	2075.34	2127.96	2174.38	2231.26	2287.02	2346.46	2404.16	2473.44	2532.76	2623.36	2724.74	2819.60	2935.56	3123.82	3325.26	
3519.52	3729.08	3796.88	3804.14	3809.82	3819.92	3821.74	3823.62	3826.40	3827.44	3827.50	3828.54	3828.56	3828.84	3829.46	3829.74	
3830.08	3830.56	3830.68	3830.48	3830.82	3830.92	3830.76	3830.32	3830.44	3830.54	3830.90	3830.74	3830.76	3830.82	3830.68	3830.44	
3830.74	3830.70	3830.82	3831.00	3831.04	3830.90	3830.76	3830.92	3830.98	3830.96	3830.66	3830.66	3830.70	3830.80	3830.70	3830.90	
3830.68	3830.74	3830.28	3830.52	3830.32	3830.26	3830.18	3830.62	3830.64	3830.66	3830.70	3830.64	3830.42	3830.56	3830.30	3830.16	
3830.20	3830.04	3829.82	3830.10	3830.24	3830.10	3830.22	3830.28	3830.06	3830.34	3830.42	3830.28	3830.46	3830.44	3830.34	3830.42	
3830.02	3830.00	3830.26	3829.98	3830.00	3830.14	3830.22	3829.90	3830.14	3829.92	3830.08	3830.00	3829.94	3829.74	3830.20	3828.78	

*******************************************2024/08/07;08:48:41
Probe number 5
Concentration entered by User 1.26% at Temperature 30.35
1538.12	1564.84	1581.02	1607.32	1621.88	1650.18	1677.02	1709.14	1739.92	1766.44	1800.52	1838.04	1873.24	1919.18	1960.04	1997.88	
2045.54	2094.44	2145.74	2196.92	2252.10	2301.16	2363.52	2418.46	2485.58	2555.46	2632.24	2729.96	2814.26	2920.02	3116.84	3319.92	
3513.20	3714.28	3778.56	3785.20	3790.98	3802.18	3804.42	3807.66	3812.06	3814.26	3814.52	3815.80	3816.48	3816.24	3817.34	3818.18	
3819.02	3819.68	3820.28	3820.88	3821.26	3821.42	3821.28	3820.70	3820.80	3820.88	3820.80	3820.38	3820.58	3820.62	3820.56	3820.14	
3820.92	3821.46	3821.86	3822.14	3821.86	3821.34	3821.34	3821.78	3822.14	3821.78	3821.80	3821.66	3821.54	3821.40	3820.98	3820.68	
3820.42	3820.60	3819.90	3819.44	3819.94	3820.16	3820.42	3821.46	3821.20	3820.26	3820.50	3820.22	3820.02	3819.84	3819.02	3818.38	
3818.44	3818.26	3818.16	3818.38	3818.88	3820.14	3821.88	3821.94	3822.20	3822.40	3822.70	3822.48	3822.62	3822.44	3822.40	3822.28	
3822.04	3821.74	3822.16	3821.68	3821.38	3821.80	3821.52	3820.80	3820.72	3820.60	3821.32	3821.20	3822.00	3821.02	3821.38	3819.02	

*******************************************2024/08/07;08:49:11
Probe number 6
Concentration entered by User 1.24% at Temperature 30.34
1533.60	1555.98	1566.18	1589.16	1606.72	1632.00	1657.38	1687.72	1716.10	1741.96	1771.04	1805.06	1836.02	1874.36	1911.10	1949.24	
1995.32	2042.98	2096.64	2145.00	2198.02	2246.38	2312.42	2359.80	2428.74	2520.44	2618.14	2726.24	2844.82	2962.08	3153.62	3323.00	
3492.40	3664.44	3749.80	3780.14	3802.16	3817.50	3820.40	3823.18	3825.82	3826.90	3827.24	3828.06	3828.10	3828.14	3829.00	3829.34	
3829.94	3830.36	3830.48	3830.40	3830.72	3830.58	3830.60	3830.12	3830.34	3830.62	3830.62	3830.64	3830.72	3830.74	3830.70	3830.58	
3830.36	3830.44	3830.72	3830.76	3830.78	3830.52	3830.72	3830.78	3830.54	3830.74	3830.46	3830.38	3830.64	3830.68	3830.72	3830.86	
3830.82	3830.94	3830.74	3830.84	3830.72	3830.74	3830.54	3830.66	3830.82	3830.84	3830.80	3830.34	3830.38	3830.50	3830.20	3829.96	
3830.22	3830.08	3830.20	3830.22	3830.30	3830.38	3830.34	3830.44	3830.06	3830.32	3830.40	3830.10	3830.22	3830.22	3830.04	3830.16	
3829.96	3830.04	3830.02	3830.12	3829.80	3829.82	3830.02	3829.82	3829.86	3829.60	3829.88	3829.86	3829.98	3829.40	3829.68	3828.72	

*******************************************2024/08/07;08:49:41
Probe number 7
Concentration entered by User -1.00% at Temperature 30.35
2711.24	2801.60	2839.70	2925.68	2985.56	3040.82	3081.80	3121.60	3151.38	3188.44	3225.30	3252.62	3315.04	3403.62	3452.70	3435.86	
3452.36	3453.44	3446.28	3454.60	3498.68	3546.40	3592.66	3588.40	3573.06	3560.02	3576.70	3620.82	3651.46	3677.88	3702.30	3716.50	
3720.26	3761.94	3787.70	3792.00	3805.68	3817.16	3819.14	3819.90	3821.60	3822.40	3822.36	3823.32	3824.66	3824.70	3823.74	3820.50	
3814.34	3805.10	3801.90	3796.04	3788.26	3779.24	3765.36	3752.00	3721.72	3694.20	3721.42	3747.32	3790.20	3801.94	3812.80	3819.88	
3823.10	3825.36	3827.34	3828.76	3829.12	3829.68	3830.10	3830.52	3831.02	3830.84	3831.16	3831.10	3831.26	3831.40	3831.64	3831.44	
3831.34	3831.50	3831.30	3831.22	3831.36	3831.34	3831.24	3831.54	3831.42	3831.20	3831.20	3831.34	3831.48	3831.04	3831.20	3830.90	
3830.98	3831.12	3831.18	3831.10	3831.20	3831.30	3831.34	3831.26	3831.42	3831.12	3831.08	3831.28	3831.18	3830.96	3830.86	3830.96	
3831.16	3830.92	3831.02	3830.78	3830.88	3831.26	3831.28	3831.02	3831.20	3831.16	3831.28	3830.76	3830.52	3828.86	3827.58	3823.88	

*******************************************2024/08/07;08:50:11
Probe number 8
Concentration entered by User -1.00% at Temperature 30.38
2541.54	2630.34	2685.42	2774.34	2861.56	2945.44	3029.62	3087.00	3149.64	3218.10	3278.18	3324.84	3396.88	3439.36	3448.54	3468.48	
3493.94	3522.26	3563.28	3578.72	3602.38	3597.56	3606.04	3609.20	3629.28	3649.80	3661.42	3674.56	3704.26	3712.84	3724.54	3749.84	
3775.48	3801.42	3810.14	3806.22	3809.24	3817.62	3819.30	3820.14	3823.08	3823.94	3823.82	3823.74	3824.36	3824.58	3822.70	3817.80	
3811.06	3796.66	3771.46	3760.24	3701.42	3628.24	3581.60	3467.82	3303.66	3133.76	3013.32	3013.00	3101.70	3220.82	3396.54	3528.08	
3633.36	3742.08	3792.92	3816.98	3823.48	3827.18	3829.34	3830.64	3831.14	3831.26	3831.22	3831.26	3831.34	3831.36	3831.48	3831.46	
3831.44	3831.52	3831.44	3831.52	3831.24	3831.20	3831.18	3831.50	3831.30	3831.38	3831.34	3831.22	3831.48	3831.52	3831.32	3831.12	
3830.76	3830.62	3830.66	3831.04	3831.12	3831.64	3831.72	3831.52	3831.42	3831.40	3831.16	3831.40	3831.54	3831.40	3831.44	3831.54	
3831.40	3831.44	3831.44	3831.32	3831.34	3831.40	3831.44	3831.42	3831.12	3830.42	3829.84	3829.30	3828.16	3826.00	3819.22	3729.42	

*******************************************2024/08/07;08:50:41
Probe number 9
Concentration entered by User -1.00% at Temperature 30.39
2658.70	2750.16	2785.04	2823.44	2853.96	2894.34	2942.94	3022.52	3078.50	3112.04	3144.92	3170.80	3211.58	3250.14	3269.76	3276.66	
3319.46	3386.98	3423.50	3467.30	3498.94	3523.86	3552.96	3543.28	3560.58	3590.38	3626.34	3667.68	3684.68	3676.64	3700.92	3737.92	
3757.32	3780.86	3795.10	3795.30	3793.76	3805.26	3805.98	3807.88	3812.72	3807.00	3800.60	3789.80	3785.44	3788.20	3774.52	3757.26	
3730.82	3670.38	3587.80	3542.56	3501.54	3501.32	3448.62	3320.00	3220.16	3229.88	3236.80	3270.70	3378.26	3482.84	3627.90	3741.00	
3798.96	3820.48	3824.48	3826.34	3828.14	3829.96	3830.88	3831.62	3831.60	3831.46	3831.78	3831.50	3831.54	3831.68	3831.84	3831.40	
3831.50	3831.54	3831.80	3831.44	3831.70	3831.00	3828.80	3826.68	3814.66	3750.28	3725.96	3741.72	3793.22	3819.72	3826.12	3828.00	
3830.02	3831.32	3831.46	3831.26	3831.20	3831.58	3831.72	3831.40	3831.72	3831.48	3831.40	3831.64	3831.70	3831.46	3831.30	3831.52	
3831.74	3831.66	3831.64	3831.56	3827.52	3821.50	3812.56	3767.86	3401.82	3263.30	3528.48	3731.04	3684.66	3497.16	3161.08	3272.36	

*******************************************2024/08/07;08:51:11
Probe number 10
Concentration entered by User 0.00% at Temperature 30.40
2230.96	2286.18	2314.34	2361.50	2406.34	2448.92	2478.20	2510.82	2559.82	2596.60	2660.04	2723.94	2766.16	2796.54	2854.78	2949.12	
3043.10	3061.86	3118.60	3132.68	3147.68	3172.58	3219.80	3232.30	3291.76	3340.38	3374.48	3421.40	3458.78	3460.86	3508.16	3586.18	
3641.34	3710.72	3742.02	3735.58	3734.98	3748.80	3759.68	3757.62	3765.78	3744.60	3731.42	3714.16	3718.10	3731.90	3699.56	3599.24	
3522.50	3448.08	3403.16	3407.56	3370.62	3274.76	3196.04	3139.76	3051.20	3001.70	3050.10	3178.74	3354.64	3597.46	3766.00	3809.52	
3822.22	3826.46	3827.96	3828.90	3830.32	3831.34	3831.50	3831.38	3831.48	3831.50	3831.10	3831.24	3831.38	3831.44	3831.40	3831.44	
3831.34	3831.38	3831.22	3830.72	3829.20	3826.66	3821.90	3818.34	3795.06	3754.42	3773.96	3804.78	3822.74	3827.40	3829.54	3829.90	
3830.80	3831.52	3831.56	3831.36	3831.40	3831.58	3831.52	3831.58	3831.50	3831.40	3831.42	3831.52	3831.32	3831.10	3830.74	3829.96	
3829.88	3829.84	3829.78	3828.24	3824.06	3825.02	3828.78	3828.28	3813.76	3594.30	3706.64	3777.42	3792.10	3406.90	3261.44	3222.50	

*******************************************2024/08/07;08:51:41
Probe number 11
Concentration entered by User 0.00% at Temperature 30.36
2500.70	2587.24	2632.18	2671.44	2678.14	2712.26	2734.46	2773.64	2853.86	2896.62	2899.08	2943.42	2998.58	3009.36	3018.84	3032.60	
3008.72	3017.98	3078.34	3161.12	3224.84	3289.48	3333.26	3342.92	3367.06	3424.34	3488.78	3540.76	3616.08	3714.18	3770.26	3776.94	
3771.18	3772.64	3794.76	3802.50	3808.24	3818.74	3820.72	3823.04	3824.58	3822.52	3821.94	3822.58	3823.62	3825.00	3823.48	3818.32	
3806.12	3786.24	3748.10	3702.24	3665.80	3625.34	3536.26	3488.44	3468.94	3471.52	3541.12	3654.02	3772.00	3818.32	3826.46	3828.22	
3829.12	3829.68	3830.40	3830.90	3831.20	3831.54	3831.46	3831.48	3831.22	3831.32	3831.46	3831.06	3831.26	3831.56	3831.24	3831.04	
3830.92	3830.32	3828.28	3826.82	3824.70	3820.44	3797.54	3775.54	3744.76	3712.32	3734.98	3795.42	3822.52	3827.00	3829.20	3829.80	
3830.60	3831.18	3831.26	3831.40	3831.18	3831.22	3831.22	3831.12	3831.22	3831.22	3831.34	3831.54	3831.62	3831.50	3831.74	3831.64	
3831.58	3831.64	3831.50	3830.58	3824.52	3788.22	3789.62	3822.36	3824.10	3805.98	3752.92	3784.58	3790.72	3673.18	3512.80	3485.14	

*******************************************2024/08/07;08:52:11
Probe number 12
Concentration entered by User -1.00% at Temperature 30.39
2580.46	2646.52	2639.84	2618.58	2622.38	2665.66	2693.00	2712.90	2739.08	2750.38	2765.02	2768.74	2773.50	2812.54	2866.80	2908.90	
2946.66	2991.92	3114.70	3214.30	3290.38	3383.48	3427.96	3410.22	3450.86	3537.90	3630.94	3691.78	3748.28	3804.50	3823.00	3824.08	
3823.18	3823.54	3823.36	3821.80	3821.46	3823.70	3823.42	3824.14	3825.28	3824.58	3823.92	3823.76	3823.10	3822.76	3821.46	3818.28	
3816.76	3816.32	3808.54	3784.48	3758.16	3740.52	3682.96	3651.02	3639.84	3632.08	3690.22	3765.06	3813.54	3823.14	3824.98	3825.10	
3825.08	3826.16	3827.68	3828.14	3827.98	3828.04	3827.64	3826.20	3826.42	3829.44	3830.32	3830.22	3829.94	3828.72	3827.36	3824.28	
3825.56	3825.90	3820.34	3813.90	3804.22	3793.72	3762.86	3747.46	3671.68	3581.28	3598.46	3742.94	3816.90	3825.58	3828.58	3829.40	
3830.50	3831.00	3831.14	3831.26	3831.24	3831.10	3830.98	3831.04	3830.94	3831.18	3831.18	3831.10	3831.16	3831.32	3831.22	3831.34	
3831.12	3831.34	3831.04	3829.76	3822.94	3789.98	3711.60	3779.50	3823.46	3826.14	3812.28	3628.36	3590.30	3803.22	3810.70	3415.02	

*******************************************2024/08/07;08:52:41
Probe number 13
Concentration entered by User 0.00% at Temperature 30.26
1957.16	2001.86	2019.30	2047.50	2073.12	2102.40	2105.72	2127.54	2174.08	2211.50	2242.98	2288.22	2334.58	2380.58	2441.12	2518.84	
2575.48	2669.54	2784.78	2927.46	3050.66	3172.80	3272.84	3270.90	3300.54	3377.00	3492.34	3562.42	3683.62	3778.00	3799.68	3804.36	
3804.08	3804.22	3803.46	3801.12	3800.10	3803.36	3803.46	3803.74	3804.10	3803.26	3800.88	3799.38	3798.62	3795.74	3794.58	3790.84	
3789.16	3787.98	3782.98	3767.60	3744.96	3733.26	3718.16	3707.70	3705.42	3726.86	3753.54	3774.54	3784.28	3788.54	3790.08	3790.08	
3792.56	3796.02	3798.66	3798.80	3797.96	3798.66	3797.50	3796.26	3797.88	3799.52	3797.74	3793.94	3788.20	3781.04	3773.96	3749.22	
3758.54	3708.76	3615.76	3656.38	3661.00	3622.02	3513.60	3367.06	3409.52	3548.48	3638.58	3670.76	3753.50	3784.92	3790.38	3794.90	
3796.72	3795.98	3796.10	3797.70	3798.46	3796.64	3796.96	3797.34	3797.36	3799.92	3803.84	3807.58	3809.74	3809.60	3808.82	3808.76	
3809.08	3808.70	3805.36	3799.52	3788.10	3727.36	3683.94	3749.96	3783.74	3782.12	3752.64	3703.38	3666.14	3702.84	3709.50	3350.28	

*******************************************2024/08/07;08:53:11
Probe number 14
Concentration entered by User 0.00% at Temperature 30.35
1925.14	1961.56	1972.28	1992.16	2016.48	2047.68	2052.02	2071.40	2113.68	2148.60	2180.90	2222.62	2259.00	2294.92	2349.74	2415.78	
2478.98	2574.66	2721.98	2885.64	3030.00	3165.16	3259.38	3265.86	3282.40	3376.32	3531.84	3612.00	3758.18	3823.20	3831.42	3831.52	
3831.36	3831.48	3831.42	3831.30	3831.38	3831.50	3831.58	3831.54	3831.48	3831.52	3831.38	3831.48	3831.36	3830.40	3829.66	3827.74	
3826.60	3826.58	3825.24	3823.86	3820.14	3819.02	3820.46	3819.42	3818.88	3819.54	3821.24	3821.36	3819.86	3817.54	3815.66	3814.94	
3817.00	3823.48	3827.68	3828.42	3828.80	3829.00	3828.26	3826.60	3827.84	3830.26	3830.50	3828.56	3824.30	3819.78	3819.42	3810.12	
3805.16	3782.36	3695.12	3703.58	3762.18	3781.76	3790.00	3726.02	3648.06	3688.32	3764.52	3772.62	3800.18	3822.36	3821.06	3813.86	
3801.28	3762.62	3776.88	3821.48	3824.00	3821.24	3822.62	3825.40	3826.46	3829.42	3831.24	3831.44	3831.52	3831.42	3831.36	3831.46	
3831.32	3831.38	3831.44	3831.02	3826.38	3822.80	3819.66	3753.74	3736.22	3783.38	3801.60	3739.30	3719.70	3720.70	3768.88	3487.80	

*******************************************2024/08/07;08:53:41
Probe number 15
Concentration entered by User 0.00% at Temperature 30.40
1834.10	1865.58	1872.62	1894.60	1918.28	1947.48	1960.30	1980.16	2009.40	2030.66	2054.46	2084.42	2120.94	2156.84	2200.38	2271.40	
2348.20	2427.14	2549.68	2720.38	2883.78	3044.50	3192.34	3233.20	3212.76	3255.36	3458.92	3666.10	3800.24	3829.32	3831.56	3831.44	
3831.60	3831.56	3831.36	3831.38	3831.26	3831.38	3831.56	3831.56	3831.32	3831.42	3831.58	3831.54	3831.32	3831.30	3830.68	3829.54	
3828.10	3827.32	3826.74	3825.30	3822.86	3820.68	3819.74	3819.36	3817.84	3816.42	3816.24	3813.80	3810.02	3802.84	3792.52	3780.76	
3787.72	3804.22	3814.62	3822.28	3828.14	3829.46	3829.12	3828.94	3830.52	3831.32	3830.64	3830.12	3828.18	3824.30	3816.86	3815.72	
3823.24	3823.34	3819.72	3825.06	3828.10	3826.58	3824.68	3822.44	3818.78	3806.70	3723.44	3630.42	3668.44	3751.24	3716.60	3649.74	
3656.96	3596.44	3694.06	3807.24	3819.02	3821.14	3822.10	3823.86	3825.90	3829.40	3830.82	3831.58	3831.70	3831.48	3831.64	3831.68	
3831.68	3831.58	3831.44	3831.30	3828.68	3824.38	3817.96	3699.50	3612.76	3680.90	3744.26	3652.74	3669.32	3673.32	3711.40	3416.38	

*******************************************2024/08/07;08:54:11
Probe number 16
Concentration entered by User 0.00% at Temperature 30.37
1788.62	1814.04	1819.62	1836.90	1859.78	1885.02	1889.78	1906.80	1927.42	1943.12	1966.62	1986.38	2013.08	2040.06	2063.52	2113.44	
2179.96	2254.10	2345.12	2483.58	2643.60	2830.30	3035.30	3176.16	3203.02	3199.92	3433.98	3751.60	3826.94	3831.58	3831.62	3831.58	
3831.68	3831.60	3831.48	3831.36	3831.36	3831.24	3831.46	3831.52	3831.42	3831.58	3831.70	3831.38	3831.78	3831.42	3831.48	3831.36	
3830.68	3829.58	3829.46	3828.74	3827.48	3825.82	3824.00	3823.24	3821.22	3819.82	3820.16	3818.24	3814.42	3800.24	3775.12	3748.34	
3751.50	3792.32	3816.06	3824.64	3828.74	3830.70	3831.14	3831.52	3831.56	3831.42	3831.16	3831.34	3831.28	3829.64	3827.40	3826.76	
3829.52	3830.96	3831.26	3831.56	3831.62	3831.52	3831.46	3831.36	3829.78	3827.30	3803.98	3668.72	3669.78	3691.34	3566.96	3535.78	
3539.40	3605.52	3781.84	3820.82	3826.02	3827.90	3830.04	3830.34	3831.14	3831.42	3831.44	3831.60	3831.58	3831.42	3831.52	3831.52	
3831.54	3831.32	3831.42	3831.48	3829.40	3825.42	3817.30	3673.52	3561.84	3615.52	3673.08	3599.04	3646.04	3645.98	3655.70	3354.28	

*******************************************2024/08/07;08:54:41
Probe number 17
Concentration entered by User 0.00% at Temperature 30.33
1726.66	1743.70	1748.12	1761.22	1779.78	1801.60	1805.38	1817.94	1831.66	1836.88	1854.92	1873.74	1903.34	1933.24	1953.80	1986.04	
2038.28	2108.46	2183.06	2287.04	2418.26	2597.50	2818.54	3031.46	3180.78	3263.96	3528.52	3807.48	3831.60	3831.58	3831.50	3831.50	
3831.36	3831.56	3831.38	3831.38	3831.38	3831.34	3831.54	3831.62	3831.46	3831.66	3831.56	3831.64	3831.68	3831.42	3831.48	3831.68	
3831.20	3829.90	3829.10	3827.64	3825.64	3823.86	3821.58	3818.50	3812.68	3810.98	3812.62	3813.96	3810.04	3794.80	3773.24	3755.58	
3777.20	3812.24	3823.58	3829.82	3831.80	3831.80	3831.70	3831.68	3831.68	3831.68	3831.40	3831.62	3831.54	3829.56	3828.06	3829.80	
3830.64	3831.46	3831.50	3831.30	3830.84	3831.02	3831.62	3831.62	3831.78	3828.90	3817.74	3747.56	3652.48	3673.28	3641.32	3673.50	
3626.00	3652.84	3791.06	3822.74	3827.44	3829.42	3830.66	3831.06	3831.34	3831.52	3831.48	3831.66	3831.64	3831.64	3831.72	3831.78	
3831.66	3831.70	3831.46	3831.46	3829.10	3824.92	3804.06	3670.46	3560.72	3550.94	3568.12	3574.54	3644.90	3600.00	3549.96	3259.58	

*******************************************2024/08/07;08:55:11
Probe number 18
Concentration entered by User 0.00% at Temperature 30.44
1679.22	1691.44	1693.70	1706.50	1722.56	1741.18	1744.40	1757.54	1773.22	1780.18	1796.76	1814.72	1839.42	1866.66	1880.48	1898.76	
1935.98	1997.68	2065.58	2147.76	2256.56	2409.48	2629.82	2873.88	3097.00	3268.52	3572.76	3824.90	3831.60	3831.52	3831.42	3831.62	
3831.76	3831.42	3831.76	3831.46	3831.32	3831.64	3831.74	3831.30	3831.38	3831.52	3831.62	3831.36	3831.64	3831.44	3831.54	3831.88	
3831.26	3829.80	3828.66	3826.92	3824.88	3822.12	3819.40	3812.42	3799.86	3796.96	3802.08	3805.42	3806.06	3791.36	3772.38	3767.00	
3792.04	3817.28	3827.10	3831.60	3831.68	3831.36	3831.46	3831.60	3831.76	3831.60	3831.90	3831.60	3831.64	3831.84	3831.78	3831.50	
3831.60	3831.72	3831.94	3831.72	3831.84	3831.66	3831.56	3831.66	3829.54	3824.66	3807.18	3762.62	3655.76	3657.40	3679.32	3728.28	
3693.94	3717.66	3803.70	3823.84	3827.90	3828.96	3830.22	3830.52	3831.00	3831.24	3831.40	3831.60	3831.90	3831.60	3831.48	3831.66	
3831.74	3831.58	3831.80	3831.60	3828.64	3823.22	3788.18	3652.38	3560.18	3516.36	3531.26	3634.58	3668.48	3551.68	3409.66	3155.90	

*******************************************2024/08/07;08:55:41
Probe number 19
Concentration entered by User 0.00% at Temperature 30.37
1645.08	1653.06	1652.10	1659.18	1672.14	1692.54	1696.04	1707.78	1722.24	1726.66	1742.34	1764.76	1788.96	1815.44	1829.92	1846.38	
1874.26	1923.08	1980.80	2049.70	2139.18	2276.92	2480.62	2732.46	2991.02	3234.20	3616.38	3829.86	3831.62	3831.60	3831.70	3831.60	
3831.70	3831.62	3831.62	3831.24	3831.38	3831.62	3831.58	3831.80	3831.54	3831.64	3831.56	3831.62	3831.60	3831.36	3831.44	3831.58	
3830.56	3829.06	3827.48	3825.36	3823.62	3821.00	3817.82	3811.20	3797.04	3795.24	3799.54	3803.74	3807.60	3799.70	3791.64	3792.42	
3811.38	3824.02	3830.22	3831.60	3831.58	3831.62	3831.58	3831.60	3831.56	3831.70	3831.46	3831.42	3831.30	3831.44	3831.56	3831.62	
3831.48	3831.54	3831.40	3830.94	3829.78	3829.70	3828.58	3828.72	3826.82	3826.52	3823.40	3807.68	3744.68	3710.62	3665.76	3742.62	
3769.66	3764.14	3806.78	3823.56	3826.58	3827.96	3829.94	3831.32	3831.40	3831.18	3831.04	3831.60	3831.66	3831.56	3831.78	3831.40	
3831.52	3831.82	3831.62	3831.38	3828.82	3819.94	3774.94	3631.36	3570.92	3505.46	3531.24	3704.36	3714.96	3507.96	3270.62	3055.40	

*******************************************2024/08/07;08:56:11
Probe number 20
Concentration entered by User 0.00% at Temperature 30.41
1612.10	1617.04	1613.16	1616.82	1626.20	1645.50	1648.66	1657.16	1669.66	1672.92	1687.86	1711.68	1740.58	1770.62	1785.64	1801.56	
1824.00	1865.72	1919.32	1979.56	2062.20	2181.62	2361.90	2604.50	2892.70	3205.16	3697.72	3831.66	3831.94	3831.50	3831.66	3831.58	
3831.84	3831.78	3831.78	3831.94	3831.82	3831.86	3831.78	3831.64	3831.56	3831.68	3831.60	3831.56	3831.66	3831.40	3831.22	3830.92	
3829.72	3828.08	3826.48	3824.58	3822.68	3820.72	3818.72	3813.46	3803.92	3800.54	3805.52	3811.42	3814.06	3810.68	3807.98	3812.48	
3820.34	3826.20	3830.66	3831.32	3831.74	3831.74	3831.62	3831.82	3831.82	3831.68	3831.90	3831.42	3831.64	3831.54	3831.68	3831.38	
3831.34	3831.36	3830.96	3828.20	3826.74	3827.36	3827.46	3828.28	3826.48	3824.52	3823.62	3817.80	3793.60	3772.50	3724.92	3760.00	
3803.22	3810.92	3814.20	3824.66	3826.68	3827.72	3830.82	3831.40	3831.72	3831.66	3831.38	3831.72	3832.00	3831.48	3831.60	3831.84	
3831.68	3831.50	3831.70	3831.58	3830.38	3817.20	3770.16	3621.70	3647.64	3591.32	3585.66	3755.38	3737.82	3435.84	3145.58	2950.26	

*******************************************2024/08/07;08:56:41
Probe number 21
Concentration entered by User 0.00% at Temperature 30.26
1579.04	1582.94	1577.38	1578.26	1586.26	1602.48	1605.32	1615.90	1629.62	1632.52	1646.76	1667.56	1695.34	1724.30	1739.18	1754.44	
1778.30	1817.40	1864.92	1916.86	1988.78	2089.72	2247.88	2478.80	2783.02	3156.06	3786.06	3831.58	3831.58	3831.56	3831.74	3831.50	
3831.40	3831.54	3831.48	3831.34	3831.48	3831.58	3831.58	3831.90	3831.74	3831.62	3831.74	3831.84	3831.52	3831.24	3831.14	3830.20	
3829.00	3827.86	3825.98	3823.92	3821.94	3820.56	3818.30	3813.76	3808.04	3806.22	3809.44	3814.96	3818.20	3815.96	3815.30	3819.22	
3824.06	3828.74	3831.44	3831.78	3831.86	3831.54	3831.66	3831.52	3831.42	3831.60	3831.42	3831.38	3831.38	3831.58	3831.50	3831.54	
3831.62	3831.40	3830.50	3828.28	3825.18	3826.20	3826.86	3826.04	3823.12	3822.42	3822.32	3818.28	3812.40	3807.74	3788.12	3774.38	
3806.66	3819.32	3818.04	3825.48	3827.88	3828.88	3831.66	3831.74	3831.66	3831.68	3831.72	3831.80	3831.62	3831.62	3831.64	3831.68	
3831.62	3831.18	3830.82	3830.64	3830.38	3818.52	3789.30	3675.28	3735.58	3727.88	3685.26	3785.34	3748.10	3387.94	3111.64	2906.14	

*******************************************2024/08/07;08:57:11
Probe number 22
Concentration entered by User 0.00% at Temperature 30.43
1549.06	1550.26	1540.84	1536.86	1542.12	1560.60	1568.94	1582.86	1597.82	1603.38	1619.48	1640.34	1666.62	1694.74	1710.24	1728.92	
1751.52	1786.30	1828.38	1875.16	1940.04	2030.74	2177.34	2393.72	2703.54	3153.46	3824.30	3831.70	3831.70	3831.46	3831.66	3831.78	
3831.68	3831.52	3831.86	3831.62	3831.38	3831.76	3831.58	3831.70	3831.74	3831.78	3831.94	3831.60	3831.58	3831.06	3830.34	3829.56	
3828.68	3827.36	3825.74	3824.14	3822.08	3820.88	3819.06	3816.64	3813.52	3812.06	3815.00	3818.40	3820.54	3819.48	3819.24	3822.08	
3825.94	3829.74	3831.42	3831.66	3831.78	3831.54	3831.58	3831.50	3831.80	3831.42	3831.78	3831.42	3831.54	3831.58	3831.58	3831.44	
3831.56	3831.40	3829.98	3826.92	3821.60	3822.84	3824.46	3823.76	3818.88	3819.14	3820.56	3819.90	3819.16	3818.16	3809.22	3803.68	
3817.70	3823.62	3823.76	3827.74	3829.34	3831.12	3831.66	3831.36	3831.36	3831.46	3831.68	3831.78	3831.64	3831.44	3831.44	3831.66	
3831.66	3831.10	3830.52	3830.58	3828.28	3821.50	3794.46	3699.78	3753.02	3780.50	3756.42	3792.24	3721.98	3328.84	3124.66	2943.86	

*******************************************2024/08/07;08:57:41
Probe number 23
Concentration entered by User 0.00% at Temperature 30.43
1530.02	1528.16	1515.84	1509.74	1512.72	1530.68	1540.92	1554.86	1569.06	1576.34	1594.48	1614.78	1641.00	1670.76	1690.74	1712.38	
1735.32	1766.62	1808.12	1851.32	1904.30	1975.28	2101.22	2299.88	2612.40	3213.42	3831.24	3831.64	3831.70	3831.84	3831.78	3831.66	
3831.64	3831.66	3831.24	3831.42	3831.26	3831.32	3831.44	3831.54	3831.62	3831.60	3831.50	3831.18	3830.92	3830.02	3829.18	3828.88	
3828.08	3826.98	3825.56	3823.62	3821.62	3820.74	3818.72	3817.84	3816.30	3814.42	3817.96	3820.78	3822.02	3821.48	3821.28	3823.30	
3826.28	3829.50	3831.42	3831.40	3831.40	3831.56	3831.72	3831.30	3831.62	3831.80	3831.76	3831.64	3831.62	3831.78	3831.84	3831.58	
3831.60	3831.12	3829.22	3825.66	3816.64	3818.54	3821.38	3822.40	3814.30	3814.16	3818.70	3820.82	3822.24	3823.72	3819.34	3820.20	
3822.92	3825.40	3828.00	3830.76	3831.54	3831.52	3831.74	3831.66	3831.54	3831.38	3831.44	3831.40	3831.66	3831.54	3831.40	3831.58	
3831.60	3831.06	3829.82	3829.90	3827.54	3822.28	3788.10	3724.82	3773.82	3809.36	3798.88	3796.74	3674.24	3264.76	3170.00	3015.10	

*******************************************2024/08/07;08:58:11
Probe number 24
Concentration entered by User 0.00% at Temperature 30.44
1516.30	1513.04	1498.66	1490.04	1491.30	1508.18	1519.44	1535.44	1549.90	1559.16	1575.76	1596.10	1623.34	1652.30	1673.12	1698.48	
1722.94	1750.26	1790.38	1834.12	1884.88	1950.26	2061.74	2238.78	2537.94	3361.50	3831.44	3831.68	3831.58	3831.62	3831.60	3831.68	
3831.70	3831.64	3831.56	3831.26	3831.62	3831.68	3831.42	3831.64	3831.64	3831.76	3831.36	3830.68	3829.66	3828.84	3828.20	3828.08	
3827.50	3826.22	3824.98	3823.46	3821.54	3820.58	3818.90	3818.72	3816.56	3813.86	3818.48	3821.88	3823.10	3821.92	3821.60	3823.56	
3826.82	3829.82	3831.64	3831.76	3831.70	3831.76	3831.72	3830.70	3831.60	3831.64	3831.68	3831.70	3831.74	3831.70	3831.76	3831.72	
3831.86	3831.18	3829.02	3824.32	3805.88	3807.48	3817.70	3821.90	3815.96	3814.10	3819.36	3822.46	3823.06	3824.72	3822.08	3823.24	
3825.08	3827.96	3831.36	3831.78	3831.68	3831.72	3831.66	3831.72	3831.70	3831.50	3831.54	3831.64	3831.68	3831.54	3831.68	3831.58	
3831.62	3830.78	3829.46	3828.98	3827.26	3822.42	3791.52	3757.12	3792.32	3819.66	3816.80	3807.56	3638.82	3210.48	3202.78	3083.40	

*******************************************2024/08/07;08:58:41
Probe number 25
Concentration entered by User 0.00% at Temperature 30.33
1507.64	1504.08	1490.16	1481.14	1480.86	1494.16	1503.64	1518.50	1533.92	1544.70	1561.58	1582.26	1610.54	1639.02	1659.78	1688.68	
1715.70	1742.74	1783.82	1830.14	1880.12	1949.34	2062.12	2234.26	2548.54	3654.80	3831.60	3831.72	3831.54	3831.70	3831.50	3831.66	
3831.54	3831.66	3831.50	3831.64	3831.68	3831.70	3831.86	3832.14	3831.88	3831.76	3831.02	3830.02	3829.04	3828.42	3827.74	3827.32	
3826.62	3825.82	3824.32	3823.46	3821.04	3820.00	3819.64	3818.94	3815.32	3814.00	3819.32	3821.56	3821.36	3819.82	3819.64	3820.96	
3823.88	3826.76	3827.80	3827.88	3828.08	3828.16	3827.98	3826.38	3828.82	3830.56	3831.16	3831.46	3831.46	3831.40	3831.52	3831.66	
3831.32	3830.94	3828.52	3824.46	3802.44	3801.16	3816.44	3822.40	3817.38	3814.12	3818.80	3821.76	3822.28	3824.14	3823.40	3825.14	
3827.34	3830.16	3831.76	3831.80	3831.78	3831.84	3831.76	3831.72	3831.56	3831.50	3831.68	3831.64	3831.70	3831.66	3831.60	3831.52	
3831.74	3830.44	3828.86	3829.30	3827.10	3823.94	3802.88	3785.96	3807.54	3824.20	3823.50	3817.64	3620.66	3173.36	3235.26	3167.70	

*******************************************2024/08/07;08:59:11
Probe number 26
Concentration entered by User 0.00% at Temperature 30.42
1501.06	1500.40	1487.30	1477.94	1477.28	1489.36	1495.44	1506.44	1523.14	1537.40	1552.98	1571.72	1598.66	1625.04	1644.00	1675.34	
1705.78	1738.26	1781.42	1835.00	1888.90	1964.98	2080.72	2251.08	2625.34	3817.80	3831.62	3831.74	3831.58	3831.72	3831.74	3831.78	
3831.78	3831.70	3831.64	3831.72	3831.42	3831.60	3831.74	3831.78	3831.74	3831.58	3829.68	3829.12	3827.90	3827.04	3826.16	3825.78	
3825.46	3824.88	3823.52	3822.20	3819.30	3819.22	3819.64	3817.60	3813.02	3814.84	3820.98	3823.48	3824.02	3822.84	3823.02	3823.96	
3826.80	3830.02	3831.38	3831.38	3831.54	3831.60	3831.60	3829.88	3831.20	3831.72	3831.46	3831.48	3831.30	3831.88	3831.46	3831.78	
3831.80	3831.20	3828.04	3823.86	3793.26	3791.70	3814.16	3821.70	3818.36	3815.24	3819.14	3820.42	3819.98	3823.36	3826.26	3827.80	
3829.34	3831.38	3831.84	3831.68	3831.46	3831.34	3831.58	3831.76	3831.52	3831.48	3831.50	3831.54	3831.70	3831.82	3831.72	3831.54	
3831.36	3829.56	3827.34	3827.84	3824.62	3823.20	3810.20	3808.32	3818.70	3826.44	3826.14	3822.58	3637.86	3157.06	3230.86	3199.58	

*******************************************2024/08/07;08:59:37
Probe number 27
Concentration entered by User 0.00% at Temperature 30.35
1487.30	1487.90	1477.36	1468.22	1468.34	1480.60	1484.56	1491.46	1508.78	1525.54	1543.22	1563.06	1589.94	1614.68	1630.70	1664.90	
1693.28	1724.68	1767.42	1821.36	1878.52	1959.38	2079.16	2256.02	2778.90	3829.50	3831.48	3831.78	3831.68	3831.54	3831.58	3831.76	
3831.82	3831.48	3832.02	3831.76	3831.48	3831.76	3831.72	3831.38	3831.58	3831.22	3829.08	3828.20	3827.00	3825.80	3824.78	3824.12	
3824.72	3824.30	3822.86	3821.22	3818.78	3819.88	3819.78	3816.34	3812.82	3816.94	3822.00	3823.58	3824.14	3823.62	3823.10	3824.10	
3827.10	3830.32	3831.58	3831.72	3831.90	3831.68	3831.58	3829.44	3831.08	3831.60	3831.84	3831.42	3831.48	3831.56	3831.34	3831.58	
3831.60	3831.30	3827.58	3822.98	3790.96	3784.24	3813.10	3821.52	3820.18	3816.84	3819.58	3820.82	3820.22	3823.72	3828.38	3829.34	
3830.52	3831.68	3831.64	3831.56	3831.74	3831.70	3831.76	3831.60	3831.82	3831.40	3831.58	3831.68	3831.80	3831.66	3831.60	3831.54	
3830.80	3828.20	3826.54	3826.94	3824.64	3823.68	3813.94	3812.48	3822.18	3828.24	3827.62	3824.28	3639.80	3141.58	3240.46	3219.90	

*******************************************2024/08/07;09:00:07
Probe number 28
Concentration entered by User 0.00% at Temperature 30.35
1474.58	1479.60	1472.04	1463.02	1463.64	1478.34	1482.86	1487.00	1502.76	1521.38	1539.86	1559.86	1586.32	1612.42	1631.28	1662.88	
1689.98	1722.68	1765.20	1815.82	1874.86	1961.80	2085.26	2294.18	3115.48	3831.34	3831.60	3831.68	3831.74	3831.74	3831.56	3831.74	
3831.64	3831.56	3831.36	3831.60	3831.66	3831.44	3831.62	3831.98	3831.56	3830.18	3828.16	3827.46	3825.80	3824.84	3823.20	3822.46	
3823.60	3823.72	3821.90	3819.88	3819.40	3820.24	3817.86	3812.64	3812.22	3817.58	3821.52	3823.16	3824.04	3823.68	3823.32	3824.38	
3827.26	3830.42	3831.70	3831.62	3831.62	3831.68	3831.54	3828.76	3830.76	3831.44	3831.36	3831.32	3831.34	3831.18	3830.48	3831.54	
3831.50	3831.22	3827.50	3822.72	3789.96	3776.44	3813.00	3822.12	3822.24	3819.30	3820.60	3822.60	3822.30	3825.08	3829.66	3830.58	
3831.26	3831.72	3831.82	3831.82	3831.72	3831.72	3831.80	3831.72	3831.66	3831.28	3831.48	3831.70	3830.98	3831.60	3831.68	3831.20	
3829.68	3826.80	3825.62	3825.04	3824.40	3823.20	3816.80	3815.30	3824.82	3829.12	3829.18	3826.92	3697.40	3172.90	3267.30	3255.52	

*******************************************2024/08/07;09:00:37
Probe number 29
Concentration entered by User 0.00% at Temperature 30.32
1453.84	1460.34	1459.22	1452.94	1453.28	1471.76	1479.28	1486.16	1501.18	1519.24	1541.50	1565.92	1592.72	1623.74	1646.46	1672.42	
1701.50	1736.08	1784.40	1835.30	1898.08	1992.58	2135.46	2439.42	3660.36	3831.56	3831.40	3831.70	3831.88	3831.74	3831.50	3831.82	
3831.74	3831.54	3831.90	3831.56	3831.44	3831.58	3831.88	3831.76	3831.46	3829.18	3827.36	3826.24	3824.88	3823.34	3821.92	3821.58	
3823.12	3823.04	3820.76	3819.80	3820.08	3819.28	3815.26	3811.42	3813.60	3818.28	3821.82	3823.66	3824.42	3824.58	3824.20	3824.76	
3827.32	3830.28	3831.56	3831.60	3831.70	3831.64	3831.52	3828.96	3831.10	3831.50	3831.60	3831.56	3831.28	3830.74	3829.98	3831.00	
3831.48	3831.42	3827.70	3823.40	3801.30	3784.94	3815.56	3823.30	3823.70	3820.62	3820.08	3822.60	3822.90	3825.50	3830.38	3831.40	
3831.36	3831.68	3831.78	3831.46	3831.54	3831.82	3831.60	3831.48	3831.66	3831.44	3831.40	3831.84	3831.36	3831.38	3831.68	3830.64	
3829.02	3825.70	3825.40	3822.32	3823.98	3822.44	3818.08	3814.98	3826.32	3830.44	3830.42	3828.20	3747.00	3213.14	3289.92	3285.46	

*******************************************2024/08/07;09:01:07
Probe number 30
Concentration entered by User 0.00% at Temperature 30.36
1435.06	1442.04	1445.28	1443.82	1444.60	1462.98	1473.12	1485.50	1503.80	1520.38	1544.10	1571.94	1602.30	1635.50	1660.94	1684.16	
1712.04	1744.02	1794.18	1844.48	1913.02	2013.06	2180.76	2684.66	3826.78	3831.66	3831.46	3831.60	3831.44	3831.46	3831.62	3831.72	
3831.58	3831.52	3831.48	3831.52	3831.58	3831.70	3831.64	3831.72	3831.48	3828.26	3826.50	3825.52	3823.36	3821.98	3820.68	3819.92	
3821.46	3821.38	3819.90	3820.18	3820.46	3818.72	3814.84	3812.88	3814.88	3817.88	3820.82	3823.54	3824.70	3824.86	3824.42	3824.84	
3827.22	3830.58	3831.36	3831.56	3831.58	3831.66	3831.60	3828.40	3830.74	3831.20	3831.32	3831.24	3830.94	3830.36	3829.34	3830.94	
3831.66	3831.26	3827.98	3823.62	3805.78	3785.38	3816.42	3824.06	3824.80	3822.30	3820.56	3822.90	3824.32	3827.14	3830.52	3831.64	
3831.58	3831.60	3831.68	3831.74	3831.58	3831.72	3831.78	3831.64	3831.82	3831.44	3831.44	3831.72	3831.46	3831.56	3831.52	3829.46	
3828.12	3825.38	3824.04	3819.64	3823.68	3821.58	3818.32	3815.70	3827.50	3830.80	3830.88	3829.38	3780.82	3248.96	3316.70	3318.48	

*******************************************2024/08/07;09:01:37
Probe number 31
Concentration entered by User 0.00% at Temperature 30.37
1428.88	1431.22	1432.92	1436.06	1440.30	1455.50	1463.14	1478.74	1504.18	1528.50	1553.14	1583.32	1622.14	1661.02	1685.18	1713.82	
1742.16	1775.50	1825.82	1881.42	1964.02	2077.70	2295.02	3168.26	3831.58	3831.50	3831.52	3831.84	3831.84	3831.32	3831.46	3831.78	
3831.64	3831.38	3831.78	3831.42	3831.42	3831.66	3831.62	3831.42	3830.84	3827.76	3826.38	3824.70	3822.44	3821.06	3820.12	3819.36	
3820.72	3820.78	3819.96	3820.42	3818.78	3815.70	3814.10	3813.54	3814.02	3815.62	3818.42	3821.00	3823.04	3825.28	3825.62	3825.82	
3827.98	3830.32	3831.48	3831.72	3831.80	3831.38	3831.52	3829.64	3830.86	3831.36	3831.54	3831.08	3830.62	3830.32	3829.30	3830.40	
3831.30	3831.48	3828.80	3825.18	3819.12	3811.46	3821.92	3826.34	3826.30	3824.26	3821.72	3822.96	3825.36	3828.80	3831.22	3831.48	
3831.56	3831.68	3831.78	3831.52	3831.62	3831.70	3831.72	3831.34	3831.72	3831.54	3831.72	3831.90	3831.58	3831.46	3829.88	3828.16	
3826.60	3826.02	3822.84	3815.94	3821.98	3822.26	3819.10	3815.40	3828.38	3831.20	3831.38	3829.70	3799.98	3296.90	3353.70	3359.30	

*******************************************2024/08/07;09:02:07
Probe number 32
Concentration entered by User 0.00% at Temperature 30.37
1404.20	1406.76	1408.42	1415.00	1424.58	1437.32	1444.50	1455.84	1481.22	1509.10	1537.56	1568.34	1605.36	1647.54	1670.04	1702.12	
1730.74	1764.42	1811.90	1872.54	1959.54	2089.32	2457.36	3757.44	3831.52	3831.58	3831.50	3831.70	3831.70	3831.84	3831.70	3831.62	
3831.76	3831.58	3831.70	3831.70	3831.52	3831.50	3831.68	3831.70	3829.82	3825.94	3824.54	3822.96	3819.64	3818.46	3818.04	3816.60	
3818.38	3820.06	3820.54	3820.10	3818.68	3817.54	3818.64	3819.12	3818.66	3818.96	3821.52	3824.30	3826.10	3826.24	3825.66	3825.64	
3827.36	3830.36	3831.54	3831.60	3831.74	3831.66	3831.54	3828.94	3830.66	3831.24	3831.18	3831.06	3830.66	3829.96	3828.88	3830.34	
3831.44	3831.68	3828.96	3825.30	3819.36	3811.58	3821.70	3826.34	3826.38	3824.92	3822.84	3823.82	3826.38	3830.14	3831.54	3831.32	
3831.40	3831.56	3831.74	3831.60	3831.66	3831.72	3831.46	3831.88	3831.88	3831.74	3831.82	3831.76	3831.84	3831.32	3828.90	3826.32	
3825.06	3825.78	3816.96	3808.76	3819.84	3822.16	3816.88	3817.26	3829.12	3831.24	3831.32	3830.62	3809.88	3316.18	3362.66	3359.84	

*******************************************2024/08/07;09:02:37
Probe number 33
Concentration entered by User 0.00% at Temperature 30.35
1392.24	1396.18	1396.44	1404.22	1416.04	1433.00	1441.22	1448.64	1469.34	1497.64	1526.34	1558.06	1595.28	1636.32	1663.96	1697.42	
1731.40	1772.40	1824.78	1894.04	1989.84	2149.94	2784.70	3829.00	3831.62	3831.62	3831.60	3831.60	3831.74	3831.70	3831.76	3831.64	
3831.68	3831.60	3831.56	3831.42	3831.58	3831.66	3831.62	3831.78	3828.96	3824.74	3823.50	3820.84	3817.06	3815.52	3815.02	3811.36	
3814.40	3819.16	3819.62	3818.32	3817.20	3818.46	3820.54	3820.58	3818.72	3818.18	3821.14	3824.22	3826.32	3826.80	3826.00	3825.44	
3827.48	3830.30	3831.68	3831.82	3831.76	3831.98	3831.76	3828.94	3830.50	3831.16	3831.30	3830.88	3830.28	3829.66	3828.06	3829.60	
3831.10	3831.28	3828.94	3825.62	3821.00	3815.54	3822.90	3827.10	3826.82	3825.78	3823.62	3824.86	3827.54	3830.84	3831.80	3831.34	
3831.52	3831.64	3831.70	3831.74	3831.76	3831.76	3831.84	3831.70	3831.54	3831.56	3831.76	3831.36	3831.46	3830.98	3828.02	3825.10	
3824.52	3824.82	3804.18	3797.50	3817.88	3821.90	3813.88	3819.54	3829.84	3831.48	3831.62	3831.04	3816.54	3352.36	3383.64	3373.82	

*******************************************2024/08/07;09:03:07
Probe number 34
Concentration entered by User 0.00% at Temperature 30.41
1387.48	1390.90	1389.62	1396.96	1407.34	1429.36	1442.36	1449.34	1466.62	1488.28	1515.52	1550.18	1592.40	1632.30	1659.04	1694.86	
1733.46	1780.02	1842.40	1923.60	2028.72	2256.78	3266.56	3831.62	3831.76	3831.50	3831.60	3831.62	3831.50	3831.70	3831.66	3831.68	
3831.66	3831.28	3831.52	3831.48	3831.34	3831.76	3831.72	3831.60	3827.92	3823.74	3821.98	3817.52	3813.20	3811.72	3811.30	3805.70	
3812.12	3818.38	3817.86	3815.40	3815.88	3819.56	3821.86	3821.34	3819.06	3817.78	3820.24	3823.88	3826.40	3826.64	3825.88	3825.32	
3827.04	3830.14	3831.52	3831.44	3831.58	3831.56	3831.68	3828.84	3830.52	3831.40	3831.14	3830.90	3830.36	3829.40	3827.80	3829.12	
3830.84	3831.10	3828.90	3825.84	3821.86	3817.80	3823.64	3827.32	3827.14	3825.94	3823.98	3825.10	3828.16	3831.34	3831.76	3831.62	
3831.66	3831.84	3831.70	3831.90	3831.62	3831.90	3831.98	3831.70	3831.72	3831.80	3831.56	3831.00	3831.52	3830.76	3827.16	3824.52	
3824.64	3822.46	3785.24	3786.48	3817.74	3820.30	3808.98	3821.44	3830.22	3831.70	3831.80	3831.60	3820.32	3391.68	3408.22	3396.10	

*******************************************2024/08/07;09:03:37
Probe number 35
Concentration entered by User 0.00% at Temperature 30.34
1390.84	1392.10	1389.68	1395.44	1401.52	1424.16	1443.02	1454.56	1471.54	1490.04	1511.96	1546.06	1591.90	1634.62	1662.38	1702.12	
1746.54	1798.20	1869.64	1961.06	2087.70	2470.74	3749.18	3828.92	3828.46	3828.36	3828.50	3828.44	3828.58	3828.66	3828.54	3828.90	
3828.94	3828.92	3828.86	3828.72	3828.56	3828.36	3828.50	3828.02	3823.82	3819.66	3817.36	3811.74	3807.46	3806.00	3804.68	3799.38	
3809.04	3814.26	3811.78	3809.38	3813.08	3817.32	3819.16	3819.00	3816.22	3814.66	3817.78	3821.60	3824.16	3824.46	3823.46	3822.64	
3823.96	3826.70	3827.92	3828.06	3828.60	3828.88	3828.78	3826.70	3828.18	3828.44	3828.26	3827.96	3827.26	3826.40	3824.78	3825.98	
3827.80	3828.20	3825.72	3822.60	3821.16	3820.24	3824.52	3827.54	3827.50	3826.46	3824.80	3825.54	3828.72	3831.42	3831.66	3831.36	
3831.40	3831.58	3831.64	3831.54	3831.30	3831.42	3831.56	3831.58	3831.68	3831.10	3831.12	3830.46	3831.26	3830.60	3826.48	3824.50	
3824.30	3818.58	3776.18	3786.08	3818.48	3814.42	3803.00	3822.52	3829.86	3831.52	3831.68	3831.38	3822.32	3437.34	3431.12	3417.94	

*******************************************2024/08/07;09:04:07
Probe number 36
Concentration entered by User 0.00% at Temperature 30.39
1404.06	1403.84	1401.32	1406.92	1409.82	1429.68	1450.18	1466.52	1484.24	1503.52	1525.44	1557.94	1601.24	1647.70	1679.20	1716.56	
1762.02	1814.70	1888.06	1985.12	2145.38	2749.16	3827.98	3831.66	3831.58	3831.40	3831.72	3831.70	3831.92	3831.66	3831.70	3831.68	
3831.68	3831.60	3831.52	3831.46	3831.48	3831.64	3831.38	3830.64	3826.06	3821.34	3818.62	3810.38	3805.48	3802.88	3801.26	3796.96	
3809.10	3814.28	3810.04	3810.14	3816.68	3820.94	3822.26	3821.52	3818.12	3815.02	3819.34	3824.04	3826.78	3827.54	3826.68	3825.66	
3827.28	3830.32	3831.60	3831.72	3831.70	3831.68	3831.66	3829.12	3830.66	3831.62	3831.20	3830.74	3829.92	3829.00	3826.84	3827.98	
3829.68	3829.78	3827.92	3825.78	3823.82	3822.74	3825.46	3827.58	3827.44	3826.74	3825.26	3826.18	3829.10	3831.56	3831.88	3831.58	
3831.70	3831.80	3831.72	3831.72	3831.72	3831.66	3831.78	3831.72	3831.60	3830.72	3830.60	3830.82	3831.26	3830.28	3825.34	3824.50	
3821.88	3808.16	3776.48	3790.96	3818.08	3799.22	3797.22	3823.10	3829.80	3831.74	3831.66	3831.56	3824.06	3478.78	3447.20	3431.94	

*******************************************2024/08/07;09:04:37
Probe number 37
Concentration entered by User 0.00% at Temperature 30.32
1416.38	1415.68	1411.84	1416.40	1419.66	1439.18	1458.08	1476.06	1498.36	1522.02	1546.28	1579.12	1617.10	1664.84	1703.00	1743.44	
1788.04	1839.42	1921.24	2023.42	2246.12	3114.44	3831.46	3831.70	3831.66	3831.54	3831.72	3831.68	3831.86	3831.56	3831.56	3831.58	
3831.50	3831.64	3831.38	3831.40	3831.40	3831.32	3831.42	3830.32	3825.32	3819.92	3816.54	3806.02	3800.48	3795.80	3795.40	3795.04	
3805.70	3809.60	3805.76	3809.78	3816.80	3820.88	3822.26	3821.86	3819.36	3817.68	3821.08	3824.88	3827.62	3828.14	3827.08	3826.14	
3827.12	3830.14	3831.72	3831.54	3831.76	3831.82	3831.68	3829.60	3830.66	3831.36	3831.06	3830.48	3829.76	3828.56	3826.62	3827.70	
3829.98	3830.84	3829.10	3826.98	3825.34	3824.80	3826.54	3828.06	3828.10	3827.30	3826.26	3827.36	3830.12	3831.64	3831.62	3831.44	
3831.60	3831.76	3831.66	3831.78	3831.60	3831.64	3831.70	3831.86	3831.64	3829.98	3830.34	3831.14	3831.16	3829.80	3824.38	3824.08	
3816.88	3795.54	3786.36	3798.82	3815.90	3775.06	3794.78	3822.78	3829.48	3831.48	3831.54	3831.46	3824.56	3511.20	3473.56	3460.90	

*******************************************2024/08/07;09:05:07
Probe number 38
Concentration entered by User 0.00% at Temperature 30.26
1435.36	1435.50	1430.98	1435.56	1438.88	1457.94	1477.30	1492.80	1516.18	1544.18	1573.04	1608.22	1645.24	1691.70	1731.10	1774.32	
1820.58	1872.08	1960.86	2077.66	2403.32	3519.28	3831.76	3831.40	3831.52	3831.46	3831.40	3831.54	3831.62	3831.62	3831.68	3831.86	
3831.48	3831.48	3831.50	3831.44	3831.42	3831.14	3831.18	3829.90	3824.44	3817.80	3813.36	3800.08	3793.88	3787.60	3792.04	3793.56	
3801.56	3804.44	3803.14	3810.08	3817.22	3821.02	3822.06	3822.18	3819.42	3816.94	3820.54	3824.56	3827.42	3828.26	3827.46	3826.14	
3827.24	3829.98	3831.58	3831.60	3831.54	3831.38	3831.76	3829.22	3830.16	3830.72	3830.16	3829.36	3828.46	3827.42	3824.60	3826.46	
3829.06	3830.26	3828.92	3827.04	3825.72	3825.52	3826.98	3828.38	3828.08	3827.92	3826.78	3827.78	3830.44	3831.58	3831.56	3831.46	
3831.74	3831.72	3831.68	3831.64	3831.60	3831.66	3831.62	3831.54	3831.08	3828.92	3830.24	3830.90	3830.66	3829.28	3823.88	3822.92	
3806.32	3787.06	3793.82	3801.52	3809.14	3742.04	3794.18	3822.66	3829.20	3831.56	3831.48	3831.58	3825.40	3548.94	3491.16	3477.80	

*******************************************2024/08/07;09:05:37
Probe number 39
Concentration entered by User 0.00% at Temperature 30.37
1457.08	1456.22	1449.78	1453.34	1455.44	1473.42	1492.82	1505.26	1526.14	1554.24	1587.90	1626.20	1667.48	1712.74	1749.70	1794.86	
1846.46	1903.38	1997.84	2133.92	2585.30	3784.10	3831.72	3831.44	3831.78	3831.70	3831.58	3831.80	3831.68	3831.70	3831.84	3831.82	
3831.66	3831.62	3831.48	3831.34	3831.62	3830.70	3831.00	3829.78	3823.56	3816.36	3810.72	3794.32	3786.76	3781.10	3791.16	3792.48	
3796.10	3800.08	3802.58	3811.04	3817.32	3821.00	3822.08	3822.42	3820.08	3816.90	3820.20	3824.56	3827.62	3828.52	3827.90	3826.48	
3827.60	3830.26	3831.64	3831.78	3831.56	3831.62	3831.76	3829.82	3830.82	3831.36	3830.94	3830.32	3829.26	3828.28	3825.92	3826.86	
3829.32	3830.50	3829.18	3827.60	3827.02	3827.16	3828.26	3829.06	3828.76	3828.40	3827.54	3828.60	3830.82	3831.52	3831.86	3831.56	
3831.58	3831.70	3831.52	3831.68	3831.56	3831.56	3831.74	3831.46	3830.88	3828.88	3830.22	3830.92	3830.30	3829.00	3824.22	3821.78	
3792.70	3789.02	3802.22	3800.26	3792.32	3715.80	3796.38	3821.80	3829.04	3831.78	3831.72	3831.60	3826.02	3585.78	3509.14	3497.16	

*******************************************2024/08/07;09:06:07
Probe number 40
Concentration entered by User 0.00% at Temperature 30.25
1473.20	1467.30	1458.56	1460.38	1462.06	1478.68	1497.72	1510.90	1529.50	1554.36	1587.76	1627.78	1673.66	1722.52	1759.96	1810.22	
1865.48	1932.98	2029.86	2197.36	2785.90	3825.92	3831.68	3831.58	3831.78	3831.38	3831.42	3831.74	3831.80	3831.52	3831.48	3831.78	
3831.80	3831.60	3832.10	3831.60	3831.58	3830.78	3831.32	3829.62	3822.98	3814.74	3807.82	3787.20	3778.92	3775.40	3790.42	3791.48	
3793.98	3799.30	3804.08	3811.70	3816.88	3820.60	3822.28	3822.64	3820.34	3816.40	3819.06	3823.70	3827.38	3828.74	3828.32	3826.76	
3827.44	3830.28	3831.62	3831.74	3831.94	3831.40	3831.52	3829.76	3830.62	3831.12	3831.12	3830.06	3828.96	3828.30	3825.54	3826.04	
3828.68	3830.30	3829.20	3827.58	3827.42	3827.78	3828.50	3829.20	3829.00	3828.54	3827.76	3829.42	3831.50	3831.84	3831.80	3831.40	
3831.66	3831.82	3831.82	3831.54	3831.46	3831.60	3831.84	3831.66	3830.92	3829.24	3830.42	3830.72	3829.68	3828.54	3824.00	3819.86	
3785.02	3793.80	3805.32	3790.46	3765.18	3705.66	3797.02	3821.08	3829.00	3831.74	3832.10	3831.70	3826.74	3625.86	3530.66	3513.24	

*******************************************2024/08/07;09:06:37
Probe number 41
Concentration entered by User 0.00% at Temperature 30.38
1500.08	1489.56	1476.06	1474.42	1475.50	1491.34	1509.46	1523.74	1543.04	1564.76	1596.58	1637.88	1685.88	1733.20	1770.54	1821.10	
1876.82	1952.66	2058.84	2260.26	2959.16	3830.62	3831.60	3831.60	3831.50	3831.40	3831.44	3831.62	3831.62	3831.60	3831.58	3831.66	
3831.56	3831.64	3831.42	3831.38	3831.58	3829.96	3831.00	3829.70	3822.64	3812.78	3804.54	3781.34	3772.08	3771.30	3788.28	3786.72	
3789.08	3797.94	3803.96	3811.38	3815.74	3820.06	3821.72	3822.28	3819.74	3814.76	3817.18	3823.00	3826.94	3828.42	3828.26	3826.76	
3827.38	3830.06	3831.40	3831.32	3831.58	3831.44	3831.40	3829.74	3830.44	3831.28	3830.88	3829.68	3828.62	3827.76	3824.98	3825.64	
3828.54	3830.08	3828.92	3828.06	3827.44	3828.20	3828.96	3829.20	3829.14	3828.84	3827.98	3829.46	3831.28	3831.20	3831.06	3830.76	
3830.40	3830.32	3830.04	3830.42	3830.88	3831.04	3831.14	3831.54	3830.94	3829.70	3830.02	3830.14	3829.48	3828.16	3823.64	3817.78	
3782.48	3799.50	3802.54	3771.66	3733.38	3712.86	3796.24	3820.40	3828.68	3831.84	3831.64	3831.64	3826.86	3664.18	3548.60	3517.40	

*******************************************2024/08/07;09:07:07
Probe number 42
Concentration entered by User 0.00% at Temperature 30.32
1522.26	1508.34	1490.08	1486.62	1486.62	1500.96	1518.20	1531.46	1550.80	1571.92	1600.60	1639.66	1689.08	1737.76	1775.44	1830.38	
1888.58	1971.52	2088.24	2331.90	3139.04	3831.62	3831.68	3831.50	3831.72	3831.60	3831.50	3831.60	3831.62	3831.70	3831.58	3831.66	
3831.92	3831.58	3831.80	3831.62	3831.48	3829.78	3831.02	3829.30	3822.08	3811.24	3802.26	3776.44	3766.66	3768.30	3786.44	3782.34	
3785.32	3797.24	3803.72	3810.72	3815.26	3819.66	3821.66	3822.58	3820.34	3815.24	3817.24	3822.56	3826.96	3828.78	3828.24	3827.04	
3827.74	3830.24	3831.70	3831.66	3831.72	3831.62	3831.52	3829.78	3830.76	3831.24	3831.12	3829.80	3828.66	3827.68	3824.82	3824.94	
3827.92	3829.96	3829.32	3827.88	3828.18	3828.78	3829.36	3829.58	3829.36	3828.96	3828.64	3830.32	3831.60	3831.40	3831.74	3831.58	
3831.48	3831.62	3831.74	3831.60	3831.70	3831.74	3831.84	3831.54	3831.40	3829.82	3829.26	3829.90	3829.48	3827.86	3823.08	3815.96	
3783.98	3801.54	3797.44	3741.92	3705.02	3728.74	3793.54	3818.82	3828.10	3831.34	3831.72	3831.64	3827.58	3701.44	3568.14	3522.20	

*******************************************2024/08/07;09:07:37
Probe number 43
Concentration entered by User 0.00% at Temperature 30.40
1554.92	1540.12	1512.98	1503.30	1502.34	1516.92	1535.82	1549.20	1570.44	1595.34	1620.92	1657.64	1710.96	1766.24	1803.18	1857.40	
1918.54	2005.44	2138.90	2439.06	3353.46	3827.94	3828.00	3828.10	3828.34	3828.30	3828.42	3828.64	3828.82	3828.68	3828.56	3828.44	
3828.16	3828.24	3828.08	3828.30	3827.96	3826.02	3827.68	3826.64	3819.44	3806.14	3796.90	3770.94	3760.38	3764.40	3781.56	3774.64	
3779.22	3793.60	3800.40	3806.54	3811.08	3816.10	3818.08	3819.02	3816.08	3808.68	3810.50	3817.98	3823.18	3824.96	3824.82	3823.96	
3824.58	3827.18	3828.88	3828.70	3828.80	3828.38	3828.06	3825.80	3826.64	3827.62	3827.14	3826.44	3825.56	3824.52	3821.60	3821.58	
3824.68	3826.70	3825.96	3825.28	3825.52	3826.32	3826.74	3826.94	3826.88	3826.06	3825.46	3827.60	3830.02	3830.80	3831.26	3831.06	
3831.44	3831.28	3831.20	3831.52	3831.48	3831.42	3831.24	3831.54	3830.94	3829.28	3828.56	3829.46	3829.32	3827.96	3821.84	3813.38	
3786.02	3803.46	3791.20	3703.72	3677.86	3738.14	3785.36	3817.88	3828.32	3831.38	3831.26	3831.02	3827.50	3735.62	3589.36	3524.02	

*******************************************2024/08/07;09:08:07
Probe number 44
Concentration entered by User 0.00% at Temperature 30.29
1579.70	1570.18	1540.24	1523.22	1517.72	1532.84	1551.82	1564.58	1583.88	1609.48	1633.24	1665.20	1718.12	1779.40	1821.66	1875.22	
1937.28	2030.76	2178.78	2530.26	3539.20	3831.62	3831.76	3831.54	3831.62	3831.48	3831.40	3831.38	3831.66	3831.42	3831.40	3831.48	
3831.56	3831.36	3831.58	3831.50	3830.94	3828.92	3830.58	3829.24	3822.64	3809.60	3799.56	3772.02	3762.20	3768.10	3783.24	3774.74	
3781.26	3798.14	3804.70	3809.94	3814.08	3819.08	3821.50	3822.36	3819.98	3813.50	3815.14	3821.92	3826.70	3828.72	3828.60	3827.10	
3827.82	3830.02	3831.64	3831.54	3831.92	3831.48	3831.48	3829.90	3830.50	3831.26	3831.04	3829.72	3828.56	3827.60	3824.72	3824.76	
3827.50	3829.90	3828.92	3827.90	3827.94	3827.66	3827.94	3828.80	3829.58	3829.68	3830.22	3831.58	3831.72	3831.46	3831.82	3831.50	
3831.40	3831.48	3831.54	3831.50	3831.34	3831.56	3831.70	3831.56	3831.46	3829.02	3827.64	3830.00	3829.84	3827.88	3821.36	3814.50	
3791.78	3803.62	3785.34	3668.92	3677.54	3756.04	3778.80	3816.68	3828.00	3831.76	3831.74	3831.12	3828.44	3767.24	3616.68	3519.86	

*******************************************2024/08/07;09:08:37
Probe number 45
Concentration entered by User 0.00% at Temperature 30.33
1599.40	1600.02	1571.56	1548.66	1536.32	1548.70	1567.64	1579.68	1596.58	1622.98	1648.70	1679.46	1729.50	1793.80	1841.24	1894.22	
1960.56	2059.32	2224.72	2616.12	3670.78	3831.60	3831.62	3831.74	3831.44	3831.26	3831.38	3831.64	3831.54	3831.56	3831.40	3831.34	
3831.46	3831.42	3831.44	3831.38	3830.80	3828.40	3830.16	3829.40	3822.56	3808.30	3797.62	3769.68	3759.78	3766.16	3779.38	3769.18	
3779.54	3798.52	3804.76	3809.04	3813.16	3818.84	3820.94	3821.96	3819.48	3812.50	3813.96	3821.50	3826.62	3828.74	3828.58	3827.44	
3827.64	3830.02	3831.56	3831.66	3831.64	3831.74	3831.72	3830.04	3830.62	3831.36	3830.78	3829.76	3828.40	3827.40	3824.72	3824.64	
3827.04	3829.16	3828.56	3827.76	3827.90	3827.84	3828.14	3828.98	3830.04	3830.30	3830.90	3831.68	3831.64	3831.66	3831.58	3831.60	
3831.36	3831.68	3831.64	3831.70	3831.52	3831.52	3831.42	3831.58	3831.44	3827.86	3826.46	3830.16	3829.64	3827.68	3820.12	3814.30	
3791.82	3797.48	3773.44	3638.74	3692.00	3770.18	3769.90	3813.96	3827.90	3831.64	3831.70	3831.28	3828.52	3785.84	3636.20	3510.94	

*******************************************2024/08/07;09:09:07
Probe number 46
Concentration entered by User -1.00% at Temperature 30.21
1609.22	1617.38	1593.08	1569.44	1552.30	1560.26	1578.16	1591.68	1605.60	1630.82	1658.62	1690.46	1737.44	1803.92	1854.80	1908.58	
1977.54	2079.54	2254.78	2685.38	3756.16	3831.40	3831.50	3831.58	3831.30	3831.58	3831.56	3831.30	3831.64	3831.60	3831.54	3831.70	
3831.66	3831.64	3831.64	3831.62	3830.68	3828.90	3830.34	3829.50	3822.80	3806.64	3794.20	3763.50	3756.86	3765.62	3777.40	3765.86	
3781.54	3801.90	3806.54	3809.42	3813.40	3819.16	3821.28	3822.46	3820.34	3813.72	3814.18	3821.44	3826.68	3828.82	3828.80	3827.50	
3827.74	3830.24	3831.62	3831.46	3831.74	3831.74	3831.50	3829.98	3830.48	3831.44	3831.06	3829.94	3828.56	3827.42	3824.54	3824.24	
3826.84	3829.04	3828.12	3827.82	3828.10	3828.12	3828.52	3829.16	3830.16	3830.72	3831.44	3831.54	3831.78	3831.64	3831.60	3831.48	
3831.54	3831.52	3831.52	3831.66	3831.54	3831.66	3831.64	3831.62	3831.32	3826.82	3826.18	3830.74	3830.14	3827.58	3818.82	3814.12	
3793.18	3792.42	3764.46	3621.84	3719.54	3782.76	3762.86	3810.84	3827.60	3831.70	3831.82	3831.30	3828.78	3800.86	3653.24	3491.76	

*******************************************2024/08/07;09:09:37
Probe number 47
Concentration entered by User -1.00% at Temperature 30.28
1614.44	1629.42	1612.10	1590.24	1568.90	1572.84	1589.18	1603.54	1617.42	1641.62	1669.10	1700.90	1744.42	1809.68	1864.54	1921.90	
1992.66	2096.98	2283.74	2744.96	3795.38	3831.46	3831.56	3831.48	3831.60	3831.32	3831.36	3831.36	3831.62	3831.58	3831.44	3831.54	
3831.56	3831.24	3831.10	3831.40	3830.44	3828.32	3830.44	3829.52	3822.68	3803.86	3788.94	3755.92	3751.80	3759.50	3769.94	3759.96	
3781.66	3803.00	3806.26	3807.72	3812.38	3818.78	3821.04	3822.40	3820.46	3813.62	3813.82	3821.26	3826.58	3828.78	3828.80	3827.72	
3827.70	3829.92	3831.34	3831.44	3831.64	3831.58	3831.70	3829.94	3830.56	3831.22	3830.76	3829.46	3828.22	3827.10	3824.00	3823.66	
3826.24	3828.44	3827.58	3827.38	3828.36	3828.62	3828.64	3829.14	3830.26	3830.90	3831.62	3831.54	3831.42	3831.54	3831.64	3831.48	
3831.72	3831.60	3831.74	3831.70	3831.62	3831.68	3831.58	3831.66	3831.20	3825.98	3826.18	3831.02	3830.32	3827.54	3817.06	3813.34	
3793.50	3788.26	3757.92	3619.42	3750.46	3791.70	3752.82	3805.72	3827.34	3831.72	3831.56	3831.04	3829.44	3811.16	3668.76	3462.88	

*******************************************2024/08/07;09:10:07
Probe number 48
Concentration entered by User -1.00% at Temperature 30.34
1615.04	1636.78	1629.34	1613.96	1590.40	1590.60	1604.68	1619.16	1632.08	1654.52	1681.76	1716.32	1760.14	1822.90	1880.02	1936.70	
2007.82	2116.66	2311.18	2787.70	3809.78	3831.52	3831.62	3831.36	3831.46	3831.36	3831.48	3831.70	3831.66	3831.36	3831.72	3831.60	
3831.62	3831.58	3831.56	3831.38	3830.12	3828.14	3829.86	3829.22	3821.86	3800.52	3784.66	3750.80	3746.90	3752.52	3761.54	3755.10	
3781.60	3802.36	3803.72	3804.50	3810.24	3817.76	3820.46	3821.94	3820.34	3812.88	3812.54	3820.88	3826.68	3829.06	3829.42	3827.92	
3827.84	3829.92	3831.38	3831.64	3831.50	3831.56	3831.30	3830.18	3830.60	3831.24	3830.34	3828.74	3826.88	3826.48	3824.14	3824.60	
3826.72	3828.62	3828.04	3827.56	3828.88	3829.54	3829.66	3829.88	3830.54	3831.08	3831.70	3831.60	3831.68	3831.48	3831.54	3831.18	
3831.38	3831.46	3831.36	3831.58	3831.60	3831.50	3831.48	3831.56	3830.96	3824.88	3826.68	3831.28	3830.10	3826.84	3814.78	3812.92	
3792.16	3778.46	3745.92	3621.50	3773.30	3796.48	3740.22	3798.54	3826.60	3831.30	3831.58	3830.86	3829.38	3815.88	3684.10	3440.04	

*******************************************2024/08/07;09:10:37
Probe number 49
Concentration entered by User -1.00% at Temperature 30.30
1618.98	1644.04	1642.54	1633.44	1609.82	1607.86	1619.70	1633.34	1646.52	1668.06	1693.14	1727.20	1767.74	1828.38	1883.46	1940.98	
2012.18	2120.14	2317.54	2811.20	3816.44	3831.72	3831.74	3831.64	3831.60	3831.38	3831.48	3831.56	3831.42	3831.26	3831.48	3831.52	
3831.62	3831.52	3831.50	3831.46	3829.94	3828.38	3829.98	3829.08	3821.44	3798.54	3780.18	3745.36	3743.10	3744.42	3755.48	3756.06	
3784.60	3803.14	3801.64	3801.12	3807.92	3816.88	3820.40	3822.22	3820.74	3814.64	3813.30	3821.08	3826.94	3829.46	3829.30	3828.32	
3827.78	3829.78	3831.48	3831.64	3831.42	3831.64	3831.56	3830.24	3830.56	3831.14	3830.30	3828.38	3826.56	3825.80	3823.88	3824.38	
3826.90	3828.88	3828.48	3828.10	3829.34	3830.32	3830.12	3830.28	3830.60	3831.16	3831.50	3831.76	3831.72	3831.66	3831.72	3831.44	
3831.32	3831.66	3831.58	3831.54	3831.60	3831.60	3831.56	3831.66	3830.84	3824.40	3826.92	3831.30	3829.84	3826.24	3812.90	3812.44	
3791.10	3769.22	3736.58	3630.50	3791.36	3800.06	3727.24	3790.92	3826.40	3831.28	3831.86	3830.86	3829.88	3819.38	3693.74	3418.20	

*******************************************2024/08/07;09:11:07
Probe number 50
Concentration entered by User -1.00% at Temperature 30.33
1621.12	1650.64	1654.74	1652.24	1629.32	1623.72	1633.38	1645.96	1659.08	1680.66	1705.12	1739.76	1781.26	1837.40	1892.18	1950.86	
2021.54	2130.02	2329.10	2844.12	3820.68	3831.72	3831.78	3831.74	3831.86	3831.52	3831.62	3831.72	3831.76	3831.70	3831.80	3831.76	
3831.78	3831.66	3831.36	3831.68	3829.82	3828.14	3830.00	3829.02	3820.64	3796.40	3775.52	3738.98	3738.10	3735.04	3750.40	3759.30	
3786.78	3802.54	3798.68	3797.32	3805.78	3816.60	3820.04	3822.16	3820.82	3814.52	3812.76	3820.96	3826.96	3829.72	3829.50	3828.20	
3827.96	3829.84	3831.70	3831.44	3831.16	3831.44	3831.38	3830.48	3830.52	3831.28	3830.16	3828.40	3826.10	3825.36	3823.62	3824.80	
3827.32	3829.42	3829.00	3828.98	3830.26	3831.04	3830.98	3830.76	3831.18	3831.58	3831.58	3831.62	3831.86	3831.70	3831.70	3831.50	
3831.60	3831.80	3831.62	3831.60	3831.72	3831.64	3831.52	3831.76	3830.60	3824.36	3827.16	3831.34	3829.60	3825.88	3813.14	3812.42	
3790.20	3762.36	3730.44	3651.92	3803.82	3799.72	3705.90	3779.90	3825.64	3830.70	3831.68	3830.74	3830.04	3821.36	3704.56	3391.00	

*******************************************2024/08/07;09:11:37
Probe number 51
Concentration entered by User -1.00% at Temperature 30.23
1622.42	1653.32	1660.22	1663.68	1644.14	1638.80	1645.46	1657.50	1672.36	1694.90	1717.18	1750.60	1790.36	1843.34	1895.12	1954.40	
2025.14	2132.76	2338.30	2875.16	3822.62	3831.66	3831.74	3831.42	3831.78	3831.42	3831.50	3831.56	3831.80	3831.34	3831.26	3831.92	
3831.52	3831.42	3831.70	3831.42	3829.40	3828.24	3830.18	3828.74	3820.04	3793.66	3769.78	3728.88	3730.06	3724.74	3747.62	3763.80	
3788.54	3800.74	3794.94	3792.28	3803.24	3815.90	3819.92	3822.40	3821.42	3815.06	3811.74	3820.40	3826.98	3829.92	3830.20	3828.68	
3828.46	3830.30	3831.66	3831.80	3831.84	3831.74	3831.92	3830.76	3830.80	3831.38	3830.68	3828.64	3826.20	3825.24	3823.34	3824.80	
3827.24	3829.54	3829.22	3829.24	3830.90	3831.02	3831.00	3831.12	3831.04	3831.32	3831.22	3831.46	3831.76	3831.38	3831.62	3831.56	
3831.56	3831.46	3831.64	3831.46	3831.48	3831.68	3831.80	3831.50	3830.50	3824.62	3827.24	3831.56	3828.96	3825.26	3814.32	3812.30	
3788.78	3756.90	3727.16	3672.82	3810.92	3798.26	3684.90	3766.68	3825.08	3830.94	3831.94	3830.90	3830.66	3823.12	3714.60	3363.48	

*******************************************2024/08/07;09:12:07
Probe number 52
Concentration entered by User -1.00% at Temperature 30.33
1621.66	1652.94	1663.66	1673.06	1657.76	1653.06	1657.86	1667.68	1682.68	1706.16	1727.26	1759.36	1797.36	1850.92	1901.72	1958.54	
2029.26	2138.50	2350.62	2911.10	3823.16	3831.48	3831.70	3831.60	3831.60	3831.30	3831.34	3831.56	3831.52	3831.46	3831.66	3831.52	
3831.46	3831.64	3831.12	3831.36	3829.28	3827.68	3829.66	3828.34	3816.30	3787.40	3758.62	3713.18	3713.78	3708.24	3740.52	3762.14	
3783.20	3793.02	3785.86	3783.40	3796.36	3811.86	3816.60	3820.18	3819.26	3811.34	3805.70	3816.96	3825.82	3829.40	3829.90	3828.36	
3827.66	3829.58	3831.20	3831.50	3831.46	3831.42	3831.48	3830.40	3830.16	3831.16	3830.18	3828.00	3824.94	3823.58	3821.02	3823.14	
3825.96	3827.80	3827.20	3827.72	3828.84	3829.22	3828.94	3828.14	3828.08	3827.98	3827.94	3828.06	3827.98	3828.02	3830.06	3830.64	
3831.00	3831.56	3831.68	3831.52	3831.46	3831.52	3831.44	3831.56	3830.38	3823.86	3826.46	3831.32	3828.08	3824.04	3812.92	3809.28	
3782.20	3743.64	3720.22	3694.66	3811.22	3788.86	3651.48	3745.38	3823.10	3830.16	3831.08	3830.50	3829.98	3822.52	3713.80	3314.32	

*******************************************2024/08/07;09:12:37
Probe number 53
Concentration entered by User -1.00% at Temperature 30.29
1627.32	1658.60	1671.46	1684.80	1675.04	1670.32	1673.48	1681.00	1697.76	1725.18	1746.32	1778.12	1814.36	1863.22	1911.30	1969.14	
2041.44	2153.94	2379.20	2961.08	3825.62	3831.66	3831.82	3831.60	3831.72	3831.40	3831.60	3831.72	3831.72	3831.34	3831.48	3831.72	
3831.76	3831.60	3831.88	3831.62	3829.76	3829.04	3830.40	3828.64	3818.86	3790.96	3758.24	3706.92	3706.22	3702.68	3744.46	3767.92	
3784.22	3792.92	3787.08	3784.74	3798.72	3814.72	3819.76	3822.24	3822.10	3815.92	3808.74	3819.22	3826.72	3829.82	3830.26	3828.90	
3828.56	3830.36	3831.42	3831.76	3831.76	3831.56	3831.74	3830.68	3830.76	3831.16	3830.56	3828.38	3826.12	3825.58	3823.94	3824.94	
3827.94	3830.16	3829.80	3829.86	3831.42	3831.36	3831.16	3831.46	3831.88	3831.60	3831.72	3831.74	3832.00	3831.72	3831.90	3831.36	
3831.62	3831.82	3831.72	3831.52	3831.64	3831.62	3831.72	3831.50	3830.76	3825.94	3827.28	3831.30	3828.34	3825.60	3819.04	3814.80	
3787.24	3742.34	3728.34	3725.44	3816.84	3789.20	3634.36	3731.48	3823.92	3830.42	3831.62	3830.56	3830.72	3825.32	3726.74	3284.12	

*******************************************2024/08/07;09:22:47
Probe number 0
Concentration entered by User -1.00% at Temperature 0.00
3626.16	3832.00	3832.00	3832.12	3831.98	3831.38	3830.66	3830.22	3829.78	3829.02	3828.42	3828.46	3829.30	3830.16	3830.70	3830.88	
3831.36	3831.80	3832.16	3832.22	3832.16	3832.38	3832.20	3832.26	3832.14	3831.90	3832.12	3832.10	3832.20	3832.24	3832.08	3832.26	
3832.24	3832.08	3832.08	3831.78	3830.24	3828.12	3824.14	3822.88	3825.72	3825.68	3818.34	3771.82	3697.56	3645.12	3652.80	3655.08	
3639.08	3657.74	3610.14	3565.10	3607.18	3743.22	3805.92	3822.70	3825.96	3825.60	3826.58	3828.26	3828.96	3830.74	3831.12	3831.72	
3832.16	3832.22	3832.16	3832.24	3832.32	3832.16	3832.06	3832.22	3832.18	3832.02	3832.10	3832.04	3832.14	3832.22	3832.20	3832.32	
3832.20	3832.18	3831.42	3828.06	3823.58	3817.14	3799.58	3744.60	3652.74	3721.26	3776.86	3799.42	3814.66	3824.08	3829.18	3831.36	
3831.94	3829.34	3821.46	3820.40	3821.22	3816.82	3814.24	3771.74	3792.08	3818.74	3820.22	3823.68	3817.70	3804.42	3813.34	3820.02	
3819.84	3818.38	3819.38	3824.92	3827.96	3829.02	3826.36	3824.82	3822.94	3828.82	3830.96	3829.48	3830.88	3832.06	3832.28	3831.36	

*******************************************2024/08/07;09:23:31
Probe number 0
Concentration entered by User -1.00% at Temperature 24.17
3625.46	3832.28	3832.30	3832.54	3832.28	3832.36	3832.24	3832.42	3832.52	3832.40	3832.38	3832.36	3832.48	3832.58	3832.58	3832.26	
3832.38	3832.40	3832.60	3832.52	3832.20	3832.40	3832.40	3832.18	3832.24	3832.22	3832.32	3832.40	3832.50	3832.46	3832.50	3832.46	
3832.44	3832.44	3832.12	3832.22	3831.58	3828.32	3825.40	3822.74	3819.40	3820.66	3823.80	3823.12	3810.36	3753.66	3689.64	3650.46	
3647.30	3659.58	3651.48	3669.92	3732.16	3795.28	3818.72	3825.16	3826.34	3827.04	3829.42	3831.00	3831.46	3832.38	3832.44	3832.44	
3832.40	3832.20	3832.30	3832.48	3832.40	3832.58	3832.50	3832.52	3832.46	3832.40	3832.20	3832.30	3832.22	3832.36	3832.50	3832.42	
3832.46	3832.32	3831.38	3828.54	3825.00	3821.04	3808.32	3748.04	3659.76	3681.18	3756.08	3800.94	3811.38	3822.70	3828.76	3831.26	
3832.16	3830.22	3822.72	3820.50	3822.36	3822.48	3817.66	3795.56	3811.36	3822.20	3823.06	3823.18	3805.22	3799.24	3813.96	3818.46	
3812.88	3817.68	3818.60	3826.26	3828.10	3829.26	3824.38	3823.20	3821.38	3828.76	3831.28	3830.18	3831.62	3832.36	3832.46	3830.68	

*******************************************2024/08/07;09:24:00
Probe number 1
Concentration entered by User -1.00% at Temperature 24.08
3625.82	3832.18	3832.38	3832.42	3832.32	3832.48	3832.26	3832.60	3832.58	3832.36	3832.12	3832.28	3832.46	3832.48	3832.12	3832.24	
3832.14	3832.40	3832.46	3832.24	3832.16	3832.38	3832.48	3832.48	3832.62	3832.28	3832.30	3832.42	3832.50	3832.14	3832.32	3832.34	
3832.52	3832.34	3832.70	3832.36	3832.04	3830.18	3826.52	3823.12	3818.80	3814.24	3815.70	3820.10	3819.78	3799.24	3744.16	3676.76	
3641.84	3636.74	3649.74	3700.78	3757.44	3806.38	3822.32	3825.32	3825.34	3826.58	3829.06	3830.18	3831.52	3832.46	3832.60	3832.40	
3832.64	3832.30	3832.20	3832.36	3832.50	3832.38	3832.24	3832.32	3832.50	3832.36	3832.54	3832.44	3832.36	3832.48	3832.66	3832.22	
3832.26	3832.30	3831.30	3828.32	3824.48	3820.42	3807.32	3739.46	3575.56	3640.66	3711.60	3783.52	3808.42	3818.72	3827.96	3831.08	
3832.38	3831.52	3826.00	3822.84	3824.46	3825.44	3822.68	3809.26	3817.64	3823.34	3824.20	3823.64	3808.02	3797.80	3813.34	3818.34	
3813.46	3819.68	3819.92	3827.14	3828.76	3829.74	3824.08	3822.90	3821.12	3828.70	3831.56	3830.34	3832.02	3832.36	3832.22	3830.60	

*******************************************2024/08/07;09:24:30
Probe number 2
Concentration entered by User -1.00% at Temperature 23.87
3625.66	3832.58	3832.76	3832.84	3832.68	3832.70	3832.76	3832.82	3832.86	3832.82	3832.68	3832.56	3832.66	3832.70	3832.66	3832.66	
3832.82	3833.06	3832.92	3832.80	3832.66	3832.64	3832.70	3832.66	3832.52	3832.54	3832.92	3832.94	3832.98	3832.86	3832.84	3832.86	
3832.70	3832.62	3832.50	3832.32	3832.26	3831.22	3828.20	3823.92	3820.84	3813.84	3806.10	3809.08	3817.86	3814.42	3790.52	3740.94	
3690.58	3672.58	3687.08	3732.14	3775.56	3812.82	3823.34	3825.18	3824.84	3826.50	3828.68	3829.62	3831.88	3832.76	3832.86	3832.96	
3832.76	3832.76	3832.68	3832.70	3832.70	3832.68	3832.62	3832.76	3832.76	3832.84	3832.78	3832.60	3832.72	3832.64	3832.68	3832.84	
3832.70	3832.80	3831.52	3828.66	3824.48	3821.30	3811.30	3749.92	3600.46	3653.60	3717.22	3786.14	3810.66	3820.62	3828.82	3831.66	
3832.70	3831.68	3824.92	3822.00	3824.62	3826.22	3822.80	3810.26	3818.48	3823.36	3824.58	3823.32	3804.88	3792.74	3811.10	3817.12	
3812.48	3819.80	3819.60	3827.66	3829.22	3830.12	3824.04	3822.72	3821.68	3829.22	3831.62	3830.82	3832.28	3832.74	3832.72	3830.38	

*******************************************2024/08/07;09:25:00
Probe number 3
Concentration entered by User -1.00% at Temperature 23.74
3625.62	3832.64	3832.64	3832.64	3832.32	3832.48	3832.22	3832.56	3832.68	3832.64	3832.68	3832.66	3832.70	3832.60	3832.10	3832.42	
3832.30	3832.60	3832.88	3832.50	3832.46	3832.76	3832.76	3832.54	3832.62	3832.50	3832.52	3832.66	3832.62	3832.44	3832.36	3832.56	
3832.56	3832.18	3832.18	3831.78	3831.62	3831.34	3828.90	3824.58	3821.96	3817.98	3806.76	3800.10	3812.44	3817.36	3809.50	3778.08	
3725.26	3695.04	3697.46	3743.24	3783.24	3815.50	3823.56	3824.60	3824.20	3826.20	3827.46	3828.14	3831.36	3832.70	3832.76	3832.54	
3832.72	3832.60	3832.52	3832.60	3832.84	3832.54	3832.54	3832.66	3832.56	3832.56	3832.82	3832.54	3832.52	3832.72	3832.66	3832.60	
3832.48	3832.60	3831.62	3828.42	3825.18	3822.28	3815.34	3766.40	3654.12	3659.84	3731.60	3793.18	3814.90	3822.64	3829.42	3831.74	
3832.38	3831.24	3824.24	3820.68	3824.08	3826.32	3822.92	3809.64	3817.32	3823.12	3824.34	3822.76	3801.54	3785.10	3807.32	3814.86	
3810.38	3818.68	3818.60	3827.50	3829.20	3830.18	3823.96	3822.46	3821.94	3829.38	3831.50	3830.54	3832.42	3832.48	3832.48	3829.76	

*******************************************2024/08/07;09:25:30
Probe number 4
Concentration entered by User -1.00% at Temperature 23.64
3626.20	3832.94	3833.14	3833.20	3832.92	3832.92	3832.70	3832.88	3832.98	3832.94	3832.98	3832.96	3833.16	3833.14	3833.10	3832.80	
3832.90	3832.88	3832.94	3832.94	3832.78	3833.00	3832.94	3832.98	3833.06	3832.70	3832.78	3832.88	3832.94	3832.88	3832.94	3833.04	
3832.64	3831.74	3831.52	3831.34	3831.24	3831.26	3829.44	3826.42	3822.52	3819.64	3807.94	3796.72	3806.06	3818.04	3818.02	3802.92	
3763.60	3729.76	3729.12	3769.86	3800.60	3821.14	3825.58	3826.12	3825.96	3827.24	3828.00	3828.30	3831.80	3832.88	3833.00	3832.80	
3832.84	3832.82	3832.92	3832.98	3833.02	3833.12	3833.06	3833.10	3832.92	3833.00	3832.72	3832.76	3832.76	3832.94	3833.08	3833.18	
3833.08	3833.20	3832.22	3829.26	3825.50	3823.54	3818.70	3777.28	3707.42	3674.52	3754.78	3801.52	3818.38	3824.78	3830.00	3832.16	
3832.82	3831.92	3824.50	3820.56	3824.90	3827.04	3823.46	3811.52	3817.40	3823.36	3824.78	3822.64	3800.12	3777.70	3803.16	3813.66	
3808.96	3818.34	3817.48	3827.64	3829.66	3830.54	3824.40	3823.50	3823.34	3830.12	3832.08	3831.36	3832.62	3832.84	3832.80	3829.82	

*******************************************2024/08/07;09:26:00
Probe number 5
Concentration entered by User -1.00% at Temperature 23.57
3625.42	3832.78	3833.08	3833.16	3832.78	3832.82	3832.76	3832.98	3833.12	3833.10	3833.28	3833.12	3833.22	3832.94	3832.94	3832.62	
3832.82	3832.88	3833.28	3833.28	3833.10	3833.20	3833.04	3832.84	3832.76	3832.80	3832.94	3833.04	3833.02	3832.98	3832.98	3832.84	
3832.26	3830.68	3830.46	3830.42	3829.96	3830.76	3829.82	3827.98	3824.22	3821.72	3810.96	3794.96	3801.84	3817.64	3820.92	3810.70	
3771.72	3733.52	3738.48	3780.82	3811.14	3824.64	3827.30	3827.74	3827.44	3828.82	3829.52	3829.58	3832.40	3833.10	3833.12	3833.02	
3832.94	3832.96	3832.94	3833.12	3833.22	3833.14	3833.06	3832.98	3832.94	3832.96	3832.82	3832.92	3833.02	3833.02	3833.12	3833.02	
3833.06	3833.02	3832.26	3829.68	3826.40	3824.28	3820.04	3783.68	3739.68	3685.82	3766.12	3805.36	3820.22	3825.82	3830.40	3832.18	
3832.84	3832.30	3825.60	3820.76	3824.50	3826.82	3823.84	3813.86	3816.28	3822.58	3824.34	3821.98	3798.18	3771.72	3799.02	3810.94	
3807.30	3817.16	3815.82	3827.48	3829.82	3830.78	3824.54	3823.88	3824.42	3830.52	3832.30	3831.66	3832.78	3833.02	3832.92	3829.84	

*******************************************2024/08/07;09:26:30
Probe number 6
Concentration entered by User -1.00% at Temperature 23.52
3626.08	3832.92	3833.08	3833.18	3833.00	3833.00	3833.00	3833.10	3833.16	3833.16	3833.08	3833.02	3833.10	3833.06	3833.16	3833.02	
3832.94	3833.10	3833.24	3833.06	3833.02	3833.16	3833.16	3833.22	3833.08	3832.94	3833.04	3832.96	3833.06	3833.04	3833.16	3833.26	
3832.68	3831.18	3830.74	3830.54	3830.44	3830.90	3830.44	3828.70	3824.80	3820.98	3809.72	3792.24	3800.44	3816.42	3821.76	3814.44	
3777.08	3740.24	3749.02	3791.68	3817.48	3826.60	3828.40	3828.32	3827.98	3829.04	3829.72	3829.66	3832.48	3833.04	3833.14	3833.06	
3833.28	3833.06	3833.28	3833.06	3832.88	3832.98	3832.88	3833.08	3833.28	3833.22	3833.04	3833.00	3832.84	3833.08	3833.06	3833.08	
3833.18	3832.98	3832.60	3830.18	3827.32	3825.80	3822.76	3793.72	3770.38	3706.12	3779.50	3808.36	3821.22	3826.58	3830.80	3832.52	
3833.14	3832.40	3825.88	3820.16	3824.42	3827.02	3824.28	3814.54	3815.76	3822.52	3824.14	3821.22	3794.70	3764.40	3796.04	3810.14	
3807.38	3817.00	3814.66	3827.44	3829.80	3831.04	3825.24	3824.66	3825.32	3830.96	3832.44	3831.72	3832.84	3832.88	3832.98	3829.82	

*******************************************2024/08/07;09:27:00
Probe number 7
Concentration entered by User -1.00% at Temperature 23.48
3625.22	3833.00	3833.16	3833.28	3833.04	3833.04	3833.06	3833.06	3833.28	3833.18	3833.14	3833.22	3833.24	3833.28	3833.06	3832.82	
3833.04	3833.00	3833.02	3833.18	3833.16	3833.22	3833.34	3833.18	3833.18	3832.98	3832.98	3833.08	3832.96	3832.96	3833.12	3832.98	
3832.60	3831.26	3830.10	3830.28	3829.82	3830.30	3830.06	3828.24	3825.30	3821.72	3814.86	3799.32	3802.40	3816.46	3823.42	3821.30	
3804.76	3781.70	3783.92	3808.46	3822.44	3828.26	3829.48	3829.00	3828.76	3829.62	3829.92	3830.44	3833.04	3833.36	3833.30	3833.16	
3832.92	3832.92	3832.80	3833.12	3833.18	3833.38	3833.42	3833.10	3833.08	3833.10	3832.94	3832.90	3832.98	3833.02	3833.32	3833.28	
3833.16	3833.28	3832.66	3830.82	3828.38	3825.98	3824.08	3808.66	3796.80	3732.46	3796.92	3815.94	3823.42	3827.36	3830.92	3832.36	
3832.82	3832.50	3826.34	3820.42	3824.38	3826.80	3823.88	3814.46	3815.06	3822.36	3824.30	3821.10	3793.98	3759.60	3793.56	3809.00	
3807.08	3816.40	3813.04	3827.42	3830.12	3831.36	3825.60	3825.24	3825.92	3831.36	3832.64	3832.06	3832.96	3833.08	3833.10	3829.54	

*******************************************2024/08/07;09:27:30
Probe number 8
Concentration entered by User -1.00% at Temperature 23.45
3626.46	3833.10	3833.32	3833.30	3833.24	3833.22	3833.14	3833.36	3833.34	3833.44	3833.40	3833.20	3833.36	3833.28	3833.14	3833.24	
3833.18	3833.34	3833.52	3833.26	3833.24	3833.36	3833.10	3833.34	3833.30	3833.32	3833.44	3833.28	3833.36	3833.28	3833.12	3833.20	
3832.96	3831.52	3830.56	3830.58	3830.30	3830.66	3830.16	3828.54	3825.34	3821.22	3815.44	3799.66	3799.68	3813.04	3822.84	3821.68	
3808.28	3790.46	3793.40	3814.64	3824.32	3829.44	3830.40	3829.92	3829.38	3830.32	3830.46	3830.74	3833.10	3833.36	3833.28	3833.40	
3833.38	3833.10	3833.30	3833.14	3833.28	3833.24	3833.10	3833.32	3833.40	3833.38	3833.46	3833.16	3833.16	3833.18	3833.20	3833.22	
3833.32	3833.24	3832.80	3830.82	3828.36	3825.78	3824.16	3808.44	3797.48	3733.76	3797.46	3816.78	3823.88	3828.04	3831.48	3832.80	
3833.10	3832.80	3826.74	3820.62	3824.52	3827.06	3824.24	3815.54	3815.24	3822.60	3824.62	3821.44	3795.24	3757.78	3792.30	3808.62	
3806.18	3815.90	3811.62	3827.44	3830.40	3831.48	3826.04	3826.00	3826.88	3831.80	3832.96	3832.22	3833.18	3833.36	3833.20	3829.68	

*******************************************2024/08/07;09:28:00
Probe number 9
Concentration entered by User -1.00% at Temperature 23.43
3625.48	3833.02	3833.24	3833.38	3833.26	3833.36	3833.20	3833.14	3833.14	3833.14	3833.20	3833.06	3833.20	3833.34	3833.12	3832.76	
3832.94	3833.38	3833.30	3833.44	3833.26	3833.38	3833.32	3833.32	3833.20	3833.32	3833.20	3833.28	3833.26	3833.44	3833.30	3833.34	
3833.18	3832.30	3831.24	3831.56	3831.42	3831.76	3831.58	3830.24	3827.56	3824.24	3820.42	3809.58	3803.30	3812.74	3822.68	3821.92	
3810.44	3795.26	3798.22	3816.58	3825.00	3829.76	3830.44	3829.94	3829.94	3830.70	3830.72	3831.32	3833.18	3833.34	3833.28	3833.36	
3833.26	3833.14	3833.12	3833.26	3833.22	3833.32	3833.24	3833.28	3833.32	3833.14	3832.92	3832.92	3832.98	3833.10	3833.26	3833.26	
3833.36	3833.22	3832.54	3830.74	3827.96	3825.42	3823.68	3806.42	3786.68	3717.66	3784.64	3812.02	3822.62	3827.28	3831.24	3832.90	
3833.26	3832.90	3826.66	3821.10	3824.68	3827.30	3824.94	3816.14	3815.64	3822.50	3824.62	3821.72	3795.44	3757.02	3791.72	3807.84	
3805.48	3815.10	3810.28	3827.38	3830.38	3831.54	3826.44	3826.54	3827.50	3832.14	3832.96	3832.32	3833.30	3833.20	3833.18	3829.46	

*******************************************2024/08/07;09:28:30
Probe number 10
Concentration entered by User -1.00% at Temperature 23.41
3625.04	3832.64	3832.96	3833.12	3832.86	3833.00	3833.02	3833.16	3833.28	3833.08	3832.86	3833.04	3833.24	3833.12	3832.56	3832.88	
3832.68	3833.00	3833.18	3832.86	3832.84	3833.26	3833.30	3832.98	3833.26	3833.08	3832.88	3833.20	3833.22	3832.98	3832.92	3833.02	
3833.16	3832.16	3831.86	3831.98	3831.78	3832.18	3832.04	3830.10	3827.50	3824.62	3821.42	3812.88	3807.12	3815.18	3822.86	3821.72	
3810.26	3797.02	3801.62	3818.68	3825.98	3829.94	3830.94	3830.18	3830.08	3830.82	3830.86	3831.36	3832.98	3833.24	3833.30	3833.10	
3833.10	3832.76	3832.72	3833.06	3833.18	3832.98	3832.98	3833.10	3833.20	3833.00	3833.34	3833.02	3832.86	3833.20	3833.18	3833.00	
3833.00	3833.12	3832.50	3830.38	3828.20	3825.12	3823.76	3808.96	3785.70	3720.00	3787.82	3813.80	3823.16	3827.04	3831.44	3832.60	
3832.92	3832.88	3826.82	3820.64	3824.18	3826.50	3824.44	3816.56	3816.50	3822.88	3824.76	3822.02	3796.88	3756.36	3791.52	3807.66	
3805.16	3814.38	3809.48	3826.98	3830.16	3831.66	3826.82	3826.68	3827.70	3832.38	3833.06	3832.10	3833.22	3832.92	3832.92	3829.16	

*******************************************2024/08/07;09:31:30
Probe number 0
Concentration entered by User -1.00% at Temperature 0.00
3624.78	3833.86	3834.00	3834.08	3833.82	3833.96	3834.06	3834.14	3834.10	3834.06	3833.92	3834.08	3834.14	3833.98	3834.16	3833.82	
3834.06	3834.24	3834.04	3833.86	3833.84	3834.14	3834.26	3834.08	3834.00	3833.72	3833.76	3834.04	3834.04	3834.18	3834.12	3833.82	
3833.92	3833.92	3833.92	3833.86	3833.56	3833.70	3832.50	3830.52	3827.08	3824.48	3818.80	3815.08	3820.28	3824.70	3824.98	3819.14	
3800.88	3797.52	3813.88	3824.80	3829.56	3832.14	3831.96	3831.44	3832.38	3832.68	3832.50	3833.18	3833.84	3834.04	3834.10	3834.04	
3833.90	3833.78	3833.96	3833.90	3834.12	3834.10	3834.00	3834.10	3833.98	3833.90	3833.94	3833.84	3834.00	3833.98	3834.04	3834.04	
3834.06	3833.98	3833.42	3832.10	3830.52	3827.16	3826.04	3820.00	3798.32	3752.64	3804.12	3820.70	3825.48	3827.68	3831.74	3833.28	
3833.86	3833.12	3825.82	3821.16	3824.56	3826.12	3823.82	3814.58	3817.24	3824.32	3826.20	3824.54	3808.76	3766.94	3806.30	3815.72	
3811.20	3816.40	3811.16	3827.92	3831.50	3833.00	3829.44	3829.64	3830.74	3833.78	3833.94	3833.72	3833.92	3834.08	3834.12	3830.20	

*******************************************2024/08/07;09:31:59
Probe number 1
Concentration entered by User -1.00% at Temperature 23.39
3625.22	3833.40	3833.78	3833.78	3833.44	3833.48	3833.36	3833.62	3833.78	3833.72	3833.58	3833.64	3833.58	3833.56	3833.36	3833.58	
3833.40	3833.50	3833.68	3833.48	3833.52	3833.76	3833.70	3833.34	3833.38	3833.22	3833.50	3833.82	3833.78	3833.44	3833.18	3833.48	
3833.56	3833.42	3833.66	3833.36	3833.26	3833.44	3832.28	3829.94	3826.58	3823.80	3817.22	3813.42	3820.32	3824.50	3824.42	3816.74	
3796.20	3794.18	3812.56	3824.28	3829.26	3831.50	3831.62	3830.86	3831.86	3832.06	3832.02	3832.78	3833.52	3833.78	3833.72	3833.38	
3833.68	3833.50	3833.58	3833.70	3833.56	3833.46	3833.46	3833.74	3833.88	3833.70	3833.78	3833.42	3833.48	3833.74	3833.82	3833.66	
3833.52	3833.68	3833.06	3831.66	3830.38	3827.04	3826.02	3820.42	3798.26	3755.68	3803.22	3820.04	3824.30	3826.34	3830.92	3832.74	
3833.42	3832.60	3825.58	3820.88	3824.00	3825.70	3823.32	3814.32	3817.70	3824.08	3826.00	3824.46	3809.22	3767.62	3807.68	3816.16	
3811.26	3815.86	3811.52	3827.46	3831.14	3832.62	3829.20	3829.32	3830.30	3833.54	3833.76	3833.10	3833.74	3833.52	3833.54	3829.80	

*******************************************2024/08/07;09:32:29
Probe number 2
Concentration entered by User -1.00% at Temperature 23.38
3623.96	3833.88	3834.08	3834.24	3834.16	3834.04	3833.90	3834.10	3834.20	3834.22	3834.06	3834.00	3834.06	3834.12	3834.18	3834.00	
3834.02	3834.14	3833.96	3833.96	3834.10	3834.28	3834.38	3834.10	3834.02	3833.88	3833.98	3834.18	3834.24	3834.12	3834.24	3834.08	
3833.98	3833.98	3834.06	3833.88	3834.04	3833.90	3832.48	3830.02	3826.64	3823.14	3816.40	3815.30	3822.76	3825.40	3823.66	3811.42	
3788.48	3790.74	3812.58	3824.86	3829.66	3831.86	3831.90	3831.22	3832.40	3832.52	3832.22	3833.26	3834.32	3834.18	3834.18	3833.98	
3833.86	3834.06	3834.12	3834.18	3834.16	3834.10	3834.02	3834.04	3834.06	3834.18	3833.98	3833.98	3833.92	3833.92	3834.14	3834.18	
3834.22	3834.20	3833.46	3832.50	3830.66	3827.62	3826.82	3821.92	3799.14	3759.02	3805.18	3821.28	3825.06	3827.34	3831.50	3833.30	
3834.02	3833.10	3825.98	3822.00	3824.50	3825.70	3823.16	3811.30	3815.78	3823.70	3826.26	3824.96	3811.36	3768.82	3809.70	3817.86	
3812.92	3816.76	3812.36	3827.78	3831.86	3833.24	3829.66	3830.04	3831.00	3834.02	3834.12	3833.72	3834.02	3834.00	3834.04	3830.40	

*******************************************2024/08/07;09:32:59
Probe number 3
Concentration entered by User -1.00% at Temperature 23.38
3625.50	3833.46	3833.68	3833.78	3833.60	3833.74	3833.56	3833.74	3833.70	3833.62	3833.56	3833.70	3834.02	3833.80	3833.26	3833.60	
3833.36	3833.84	3833.92	3833.72	3833.52	3833.70	3833.72	3833.64	3833.86	3833.70	3833.72	3833.72	3833.80	3833.44	3833.62	3833.98	
3833.92	3833.54	3833.68	3833.38	3833.58	3833.74	3832.46	3829.36	3825.96	3822.18	3815.72	3815.38	3823.32	3824.92	3822.68	3808.70	
3785.88	3791.56	3814.00	3825.12	3829.48	3831.38	3831.58	3831.02	3832.00	3832.24	3832.00	3832.84	3833.68	3833.78	3833.98	3833.68	
3833.80	3833.56	3833.56	3833.66	3833.88	3833.74	3833.74	3833.70	3833.62	3833.70	3833.90	3833.74	3833.76	3833.72	3833.84	3833.54	
3833.50	3833.82	3833.20	3832.16	3830.56	3826.80	3825.72	3821.40	3789.58	3758.30	3802.44	3820.06	3824.46	3826.12	3831.16	3832.74	
3833.50	3832.70	3825.60	3822.12	3824.04	3825.12	3822.64	3809.20	3814.76	3823.56	3825.98	3825.02	3812.36	3769.56	3810.84	3818.48	
3813.94	3816.96	3812.76	3827.62	3831.30	3832.96	3829.76	3829.50	3830.76	3833.68	3833.88	3833.36	3833.82	3833.58	3833.56	3830.06	

*******************************************2024/08/07;09:33:29
Probe number 4
Concentration entered by User -1.00% at Temperature 23.38
3624.26	3833.96	3834.20	3834.30	3834.16	3834.10	3834.00	3834.02	3834.16	3834.18	3834.10	3834.10	3834.16	3834.04	3834.14	3834.04	
3834.10	3834.20	3834.16	3834.10	3834.10	3834.16	3834.32	3834.26	3834.10	3833.80	3833.94	3834.18	3834.30	3834.14	3834.20	3834.14	
3834.06	3834.10	3834.00	3833.90	3834.06	3833.80	3832.42	3829.66	3826.36	3822.36	3814.90	3815.36	3823.30	3825.22	3823.14	3809.08	
3786.80	3793.30	3815.52	3825.80	3829.88	3831.92	3831.88	3831.34	3832.48	3832.52	3832.20	3833.56	3834.20	3834.32	3834.22	3834.06	
3833.94	3833.92	3834.10	3834.20	3834.28	3834.04	3834.08	3834.28	3834.16	3834.22	3833.96	3833.96	3834.02	3834.06	3834.18	3834.20	
3834.20	3834.22	3833.60	3831.40	3827.66	3820.30	3804.50	3684.48	3504.78	3453.42	3574.78	3677.58	3744.30	3797.70	3823.94	3830.84	
3832.50	3832.52	3828.12	3823.62	3824.40	3829.18	3827.44	3820.42	3821.86	3826.16	3827.60	3826.86	3819.10	3787.04	3816.88	3821.78	
3817.92	3819.74	3815.86	3828.52	3832.08	3833.34	3830.28	3830.24	3831.42	3834.28	3834.20	3834.14	3833.98	3833.94	3834.10	3830.50	

*******************************************2024/08/07;09:33:59
Probe number 5
Concentration entered by User -1.00% at Temperature 23.38
3624.38	3833.92	3834.30	3834.26	3834.04	3834.10	3834.06	3834.38	3834.34	3834.20	3833.94	3834.12	3834.26	3834.24	3834.42	3834.06	
3833.94	3834.02	3834.16	3834.22	3834.34	3834.32	3834.28	3834.04	3834.08	3834.00	3834.12	3834.30	3834.30	3834.22	3834.22	3834.10	
3834.14	3834.24	3834.12	3834.04	3834.02	3833.88	3832.74	3829.86	3826.88	3822.68	3816.12	3817.82	3824.62	3825.68	3823.00	3808.26	
3787.52	3795.94	3816.64	3826.12	3830.28	3831.98	3831.96	3831.22	3832.46	3832.62	3832.22	3833.62	3834.10	3834.22	3834.38	3834.12	
3833.98	3833.96	3834.10	3834.36	3834.28	3834.16	3834.06	3834.10	3834.28	3834.18	3834.10	3834.22	3833.94	3833.96	3834.18	3834.26	
3834.34	3833.98	3833.30	3832.58	3830.14	3825.78	3820.32	3806.24	3695.06	3709.90	3772.02	3796.56	3811.52	3816.04	3827.82	3832.26	
3833.80	3833.04	3827.20	3823.30	3824.70	3827.00	3826.00	3818.18	3820.42	3825.12	3827.04	3826.12	3816.98	3777.84	3815.26	3821.06	
3817.08	3818.72	3814.76	3828.12	3832.08	3833.38	3830.28	3830.58	3831.54	3834.16	3834.34	3834.04	3834.14	3834.04	3834.06	3830.66	

*******************************************2024/08/07;09:34:29
Probe number 6
Concentration entered by User -1.00% at Temperature 23.39
3624.64	3833.90	3833.92	3834.00	3833.94	3834.12	3834.02	3833.98	3834.02	3834.04	3834.04	3834.16	3834.20	3834.14	3834.34	3834.10	
3834.14	3834.28	3834.18	3834.22	3834.06	3834.22	3834.30	3834.34	3834.08	3833.94	3834.12	3834.12	3834.26	3834.30	3834.26	3834.26	
3834.08	3834.12	3834.08	3834.18	3834.16	3834.26	3832.70	3830.04	3827.28	3823.72	3818.76	3820.38	3825.64	3826.12	3823.08	3808.18	
3788.20	3798.22	3817.96	3826.58	3830.24	3831.94	3831.78	3831.50	3832.62	3832.56	3832.18	3833.64	3834.24	3834.38	3834.28	3834.12	
3833.88	3834.04	3834.22	3834.24	3834.16	3833.90	3833.98	3834.18	3834.26	3834.14	3833.90	3833.80	3833.78	3834.18	3834.40	3834.32	
3834.04	3834.08	3833.60	3833.00	3830.56	3825.48	3818.32	3795.10	3672.52	3679.24	3746.42	3778.30	3798.86	3806.62	3825.48	3831.44	
3833.24	3832.84	3828.06	3823.52	3824.18	3827.74	3827.08	3820.38	3821.86	3825.72	3827.60	3826.90	3819.72	3783.70	3817.38	3822.52	
3818.94	3819.80	3816.12	3828.42	3832.28	3833.54	3830.36	3830.74	3831.72	3834.28	3834.38	3834.02	3834.16	3834.06	3834.24	3830.80	

*******************************************2024/08/07;11:26:58
Probe number 0
Concentration entered by User -1.00% at Temperature 0.00
3621.70	3834.18	3834.40	3834.52	3834.38	3834.38	3834.36	3834.48	3834.72	3834.50	3834.34	3834.44	3834.52	3834.50	3834.46	3834.24	
3834.36	3834.56	3834.48	3834.34	3831.50	3830.94	3832.06	3831.80	3830.52	3832.84	3834.34	3834.38	3834.56	3834.40	3834.56	3834.58	
3834.38	3834.54	3834.36	3834.36	3834.24	3834.36	3834.40	3833.16	3832.70	3831.88	3827.40	3818.28	3813.64	3812.24	3817.94	3825.36	
3832.70	3834.48	3834.48	3834.38	3834.52	3834.54	3832.60	3833.34	3834.26	3834.40	3834.42	3832.26	3824.52	3780.46	3631.48	3542.46	
3575.64	3747.62	3823.12	3833.74	3834.54	3834.48	3834.28	3834.50	3834.40	3834.24	3834.32	3834.36	3834.18	3834.40	3834.46	3834.46	
3834.40	3831.70	3823.92	3797.30	3764.40	3750.76	3594.48	3537.34	3466.20	3588.28	3783.18	3822.88	3824.52	3827.22	3829.64	3833.62	
3834.32	3834.60	3834.42	3831.44	3827.36	3827.08	3827.50	3823.12	3801.22	3817.68	3825.94	3828.48	3829.14	3819.12	3816.32	3818.92	
3823.84	3810.38	3828.60	3834.14	3834.32	3833.98	3827.38	3830.34	3834.10	3834.08	3832.20	3833.84	3834.36	3834.44	3834.24	3831.58	

*******************************************2024/08/07;11:27:27
Probe number 1
Concentration entered by User -1.00% at Temperature 25.82
3622.22	3834.06	3834.36	3834.36	3834.04	3834.06	3834.32	3834.14	3834.22	3834.32	3834.20	3834.18	3834.22	3834.36	3834.26	3834.04	
3834.26	3834.18	3834.18	3834.14	3830.84	3828.82	3830.74	3831.02	3829.50	3831.08	3834.00	3834.30	3834.20	3834.12	3834.38	3834.20	
3834.14	3834.18	3834.24	3834.10	3834.02	3834.06	3834.20	3833.88	3832.24	3832.32	3830.36	3827.26	3824.70	3825.56	3826.78	3830.26	
3833.86	3834.24	3834.24	3834.28	3834.30	3834.26	3833.78	3833.96	3834.08	3834.24	3834.42	3833.54	3826.68	3795.34	3679.60	3575.20	
3601.26	3757.24	3824.76	3833.70	3834.30	3834.12	3834.34	3834.32	3834.28	3834.00	3834.06	3834.22	3834.18	3834.04	3834.26	3834.46	
3834.28	3830.60	3821.50	3783.40	3748.84	3735.06	3577.04	3515.94	3441.44	3557.40	3771.86	3821.54	3823.62	3826.50	3829.20	3833.24	
3834.22	3834.22	3834.40	3831.54	3827.18	3827.20	3827.46	3823.56	3801.94	3817.40	3825.52	3828.12	3829.14	3819.80	3817.56	3819.76	
3824.20	3811.20	3828.30	3833.84	3834.24	3833.90	3827.02	3830.00	3834.06	3833.72	3831.86	3833.50	3834.16	3834.20	3834.14	3831.42	

