*******************************************2024/08/06;14:10:45
Probe number 0
Concentration entered by User -1.00% at Temperature 0.00
1143.60	1154.54	1158.36	1169.94	1182.72	1201.76	1213.06	1236.24	1251.72	1272.40	1310.18	1304.70	1334.96	1360.12	1385.40	1423.98	
1450.56	1481.14	1525.74	1572.92	1608.68	1686.00	1755.78	1825.26	1951.30	2075.08	2317.10	2556.02	2783.70	2903.10	2978.58	2940.44	
2916.04	2923.62	2888.68	2923.74	2962.12	2964.70	2953.10	2971.80	2978.06	2984.68	2981.80	2980.88	3007.24	2990.36	3001.12	2998.82	
3007.08	3003.48	2994.68	3002.34	3001.12	3004.38	2995.14	3001.26	2991.96	2992.94	3000.54	2966.12	2984.06	2947.38	2974.18	2977.88	
2983.76	2995.24	2979.50	2964.52	2960.82	2957.76	2983.16	2977.16	2980.50	2988.36	2975.88	2981.22	2974.16	2971.46	2977.54	2978.30	
2983.48	2994.64	2944.46	2948.98	2976.72	2970.24	3025.08	2966.34	2942.96	3078.50	2959.76	2977.84	3008.26	2948.54	2967.68	2974.16	
2985.92	2978.10	2971.46	2970.82	2950.14	2920.84	2888.68	2861.50	2907.38	2927.52	2990.44	2992.72	2935.68	2957.78	2923.14	2972.88	
2934.92	2944.40	2934.60	2910.22	2944.80	2962.66	2983.18	2967.50	2920.84	2956.86	2974.70	2893.40	2919.06	2917.24	2935.72	2869.24	

*******************************************2024/08/06;14:10:50
Probe number 1
Concentration entered by User -1.00% at Temperature 21.86
1142.90	1153.64	1157.02	1169.08	1181.32	1200.74	1212.32	1234.78	1250.26	1270.72	1308.46	1303.20	1333.38	1358.06	1383.04	1421.88	
1448.08	1478.54	1523.20	1569.72	1605.08	1682.38	1752.06	1821.12	1946.00	2069.22	2309.82	2548.32	2773.70	2893.62	2968.74	2930.96	
2906.86	2913.58	2879.80	2914.18	2952.42	2954.94	2943.94	2961.90	2967.80	2974.52	2972.52	2971.14	2997.78	2980.76	2991.66	2989.60	
2998.26	2993.90	2984.58	2992.68	2991.82	2994.36	2985.76	2991.12	2982.36	2982.80	2990.50	2957.08	2974.54	2938.60	2965.00	2968.96	
2973.90	2985.22	2970.40	2954.42	2951.16	2948.02	2973.46	2967.66	2971.10	2978.90	2966.34	2972.32	2964.32	2961.84	2967.90	2968.30	
2973.60	2984.36	2935.22	2939.56	2967.18	2960.42	3015.42	2955.98	2933.86	3068.16	2949.86	2968.24	2998.56	2938.76	2958.10	2964.62	
2976.00	2968.82	2961.70	2960.74	2940.70	2911.08	2879.06	2852.40	2897.58	2917.90	2981.16	2983.10	2925.86	2948.24	2913.14	2963.30	
2925.34	2935.04	2924.96	2900.92	2935.36	2952.94	2973.36	2958.04	2911.64	2946.98	2965.04	2884.36	2909.60	2908.04	2926.32	2859.44	

*******************************************2024/08/06;14:10:55
Probe number 2
Concentration entered by User -1.00% at Temperature 21.86
1142.54	1153.34	1156.72	1168.72	1181.00	1200.18	1211.42	1234.64	1249.58	1270.02	1307.56	1302.66	1332.54	1357.06	1382.50	1420.68	
1447.24	1477.76	1521.48	1568.68	1603.98	1680.60	1750.48	1818.90	1944.10	2067.08	2306.78	2544.80	2770.30	2889.78	2965.02	2926.74	
2902.48	2910.06	2876.06	2910.94	2948.66	2951.22	2939.72	2957.80	2964.22	2970.92	2968.56	2966.82	2993.48	2977.04	2988.18	2986.12	
2994.18	2990.86	2981.06	2989.14	2987.56	2990.30	2982.80	2987.52	2978.54	2979.04	2986.00	2952.90	2970.60	2934.38	2960.90	2965.06	
2970.92	2981.22	2966.40	2951.08	2947.24	2943.80	2969.68	2963.70	2967.14	2974.82	2962.46	2968.30	2960.76	2957.54	2964.20	2964.94	
2969.96	2981.10	2931.40	2935.70	2962.92	2956.24	3011.16	2952.24	2929.26	3063.86	2946.66	2963.98	2994.80	2935.54	2954.68	2960.16	
2971.78	2964.70	2957.96	2957.00	2936.86	2907.86	2875.88	2848.48	2893.56	2914.30	2977.24	2978.90	2922.46	2944.20	2909.70	2959.46	
2921.78	2931.26	2920.90	2897.02	2931.68	2949.14	2969.58	2954.12	2907.84	2942.66	2961.74	2880.76	2906.36	2904.06	2922.68	2856.52	

*******************************************2024/08/06;14:11:27
Probe number 0
Concentration entered by User 0.00% at Temperature 0.00
1463.40	1494.56	1502.74	1535.10	1563.88	1614.64	1643.26	1701.36	1743.40	1795.02	1891.92	1878.52	1955.34	2019.50	2084.14	2186.46	
2252.92	2332.86	2448.94	2571.84	2665.82	2869.92	3053.52	3231.64	3537.22	3740.38	3817.76	3823.44	3823.58	3823.50	3823.52	3823.52	
3823.52	3823.58	3823.76	3823.50	3823.78	3823.56	3823.74	3823.60	3823.64	3823.50	3823.62	3823.62	3823.58	3823.42	3823.64	3823.58	
3823.68	3823.56	3823.48	3823.62	3823.56	3823.42	3823.72	3823.56	3823.58	3823.54	3823.58	3823.58	3823.66	3823.60	3823.56	3823.54	
3823.64	3823.40	3823.74	3823.52	3823.72	3823.56	3823.64	3823.64	3823.70	3823.56	3823.78	3823.28	3823.60	3823.64	3823.36	3823.70	
3823.50	3823.52	3823.62	3823.54	3823.64	3823.62	3823.58	3823.58	3823.72	3823.38	3823.78	3823.48	3823.56	3823.70	3823.64	3823.48	
3823.78	3823.40	3823.56	3823.68	3823.42	3823.58	3823.62	3823.42	3823.76	3823.56	3823.60	3823.64	3823.54	3823.40	3823.76	3823.46	
3823.52	3823.60	3823.50	3823.48	3823.74	3823.62	3823.60	3823.66	3823.56	3823.56	3823.68	3823.52	3823.74	3823.50	3823.60	3823.52	

*******************************************2024/08/06;14:11:32
Probe number 1
Concentration entered by User 0.00% at Temperature 21.96
1457.42	1488.64	1496.76	1528.48	1556.94	1607.78	1635.30	1692.78	1734.96	1785.64	1881.74	1868.42	1943.54	2007.12	2071.12	2172.96	
2238.38	2317.64	2432.00	2553.30	2646.96	2848.38	3030.18	3207.00	3513.14	3727.12	3817.18	3823.36	3823.76	3823.56	3823.60	3823.62	
3823.56	3823.56	3823.72	3823.66	3823.62	3823.66	3823.66	3823.54	3823.62	3823.44	3823.56	3823.58	3823.56	3823.64	3823.78	3823.66	
3823.66	3823.68	3823.64	3823.54	3823.70	3823.62	3823.70	3823.68	3823.68	3823.54	3823.80	3823.52	3823.70	3823.66	3823.60	3823.56	
3823.72	3823.48	3823.64	3823.72	3823.66	3823.48	3823.62	3823.56	3823.52	3823.78	3823.72	3823.46	3823.72	3823.64	3823.68	3823.72	
3823.60	3823.60	3823.78	3823.54	3823.66	3823.56	3823.72	3823.56	3823.78	3823.62	3823.58	3823.58	3823.62	3823.52	3823.62	3823.54	
3823.60	3823.58	3823.64	3823.66	3823.66	3823.62	3823.58	3823.50	3823.76	3823.56	3823.70	3823.58	3823.74	3823.62	3823.64	3823.64	
3823.46	3823.74	3823.74	3823.50	3823.74	3823.68	3823.64	3823.70	3823.70	3823.38	3823.80	3823.64	3823.56	3823.70	3823.66	3823.58	

*******************************************2024/08/06;14:11:37
Probe number 2
Concentration entered by User 0.00% at Temperature 21.97
1457.62	1488.50	1496.12	1528.20	1556.70	1607.36	1634.70	1692.16	1734.32	1784.58	1880.38	1867.98	1943.22	2006.26	2070.40	2171.74	
2237.02	2315.68	2430.66	2551.00	2644.74	2845.90	3027.82	3204.22	3510.64	3726.00	3817.24	3823.50	3823.60	3823.90	3823.70	3823.60	
3823.84	3823.62	3823.68	3823.60	3823.88	3823.40	3824.02	3823.68	3823.66	3823.82	3823.62	3823.64	3823.88	3823.64	3823.54	3823.94	
3823.66	3823.62	3823.80	3823.44	3823.66	3823.68	3823.80	3823.70	3823.90	3823.62	3823.84	3823.66	3823.56	3823.76	3823.80	3823.72	
3823.74	3823.88	3823.72	3823.70	3823.80	3823.50	3823.78	3823.52	3823.80	3823.52	3823.80	3823.66	3823.78	3823.62	3823.82	3823.68	
3823.58	3823.82	3823.60	3823.60	3823.84	3823.78	3823.76	3823.84	3823.90	3823.56	3823.80	3823.64	3823.78	3823.70	3823.82	3823.46	
3823.76	3823.76	3823.76	3823.72	3823.68	3823.78	3823.64	3823.62	3823.80	3823.58	3823.64	3823.70	3823.82	3823.54	3823.82	3823.50	
3823.64	3823.76	3823.82	3823.64	3823.90	3823.82	3823.84	3823.82	3823.76	3823.54	3823.88	3823.76	3823.74	3823.68	3823.82	3823.62	

