*******************************************2024/08/06;18:01:19
Probe number 0
Concentration entered by User 0.85% at Temperature 0.00
1477.00	1500.44	1512.52	1534.30	1551.76	1567.22	1579.48	1593.46	1610.60	1628.90	1653.16	1684.82	1715.76	1749.96	1774.90	1804.12	
1830.14	1853.64	1882.00	1916.44	1961.34	1989.92	2031.22	2107.60	2195.58	2278.40	2374.04	2518.98	2690.48	2827.78	3073.96	3499.08	
3764.00	3820.60	3825.48	3826.90	3827.88	3829.02	3830.08	3829.76	3829.92	3829.90	3827.54	3822.88	3822.88	3826.74	3828.26	3829.30	
3831.30	3831.38	3830.56	3830.90	3831.72	3831.96	3832.42	3833.12	3833.46	3833.26	3833.68	3833.58	3833.56	3833.56	3833.50	3833.22	
3833.32	3833.40	3833.32	3833.50	3833.36	3833.40	3833.02	3832.98	3832.98	3833.08	3832.58	3832.84	3832.76	3832.56	3832.96	3833.06	
3832.96	3833.24	3833.04	3832.90	3832.88	3832.56	3832.40	3832.60	3832.58	3832.92	3832.38	3832.56	3832.70	3832.66	3832.62	3832.36	
3832.20	3832.48	3832.24	3832.12	3832.26	3832.06	3832.08	3831.82	3831.88	3831.90	3832.14	3831.92	3831.98	3831.82	3831.80	3831.86	
3831.56	3831.58	3831.58	3831.62	3831.40	3831.48	3831.54	3831.48	3829.76	3826.98	3819.50	3755.24	3691.32	3668.70	3671.70	3630.18	

*******************************************2024/08/06;18:01:29
Probe number 1
Concentration entered by User 0.87% at Temperature 22.43
1475.28	1497.58	1510.58	1531.68	1549.40	1564.74	1577.68	1592.58	1608.72	1626.60	1651.42	1682.84	1714.12	1748.46	1774.02	1801.50	
1829.54	1854.18	1881.18	1911.64	1958.52	1988.94	2028.60	2110.26	2193.18	2276.12	2373.42	2513.60	2689.12	2833.60	3062.36	3489.92	
3758.78	3820.08	3825.06	3826.56	3828.02	3828.68	3830.04	3829.82	3829.62	3830.08	3827.42	3822.74	3822.98	3826.38	3828.26	3829.26	
3831.20	3831.52	3830.52	3830.94	3831.78	3831.86	3832.28	3833.20	3833.28	3833.14	3833.60	3833.24	3833.48	3833.58	3833.36	3833.40	
3833.32	3833.34	3833.46	3833.44	3833.24	3833.32	3833.04	3832.84	3832.94	3832.92	3832.52	3832.78	3832.70	3832.56	3832.94	3833.02	
3832.98	3833.18	3832.92	3832.80	3832.66	3832.66	3832.32	3832.50	3832.62	3832.78	3832.42	3832.56	3832.56	3832.56	3832.30	3832.26	
3832.16	3832.40	3832.18	3832.20	3832.22	3832.00	3832.02	3831.92	3831.92	3831.76	3831.94	3831.98	3831.94	3832.12	3831.76	3831.86	
3831.66	3831.64	3831.52	3831.70	3831.26	3831.56	3831.52	3831.40	3829.70	3826.88	3819.22	3753.00	3687.28	3662.40	3666.10	3624.58	

*******************************************2024/08/06;18:01:39
Probe number 2
Concentration entered by User 0.44% at Temperature 22.42
1513.44	1538.34	1551.34	1574.34	1592.54	1608.74	1623.30	1639.92	1657.02	1676.18	1702.72	1735.26	1768.52	1803.62	1832.96	1863.56	
1890.34	1916.82	1949.50	1984.60	2033.24	2064.26	2105.48	2190.40	2278.22	2369.44	2478.30	2627.98	2808.00	2970.30	3211.48	3645.22	
3812.48	3828.54	3830.38	3831.32	3831.88	3832.56	3833.38	3833.12	3833.22	3833.26	3831.78	3829.46	3829.52	3831.26	3832.16	3832.78	
3834.20	3834.32	3833.62	3834.08	3834.24	3834.46	3834.94	3835.02	3835.28	3835.28	3835.28	3835.40	3835.38	3835.20	3835.36	3835.32	
3835.08	3835.38	3835.24	3835.20	3835.26	3834.90	3835.14	3835.18	3834.98	3835.10	3834.84	3834.78	3835.04	3834.94	3835.10	3835.28	
3835.02	3835.12	3835.14	3835.12	3834.88	3834.98	3834.62	3835.00	3834.90	3834.98	3834.96	3834.78	3834.86	3834.98	3834.82	3834.58	
3834.74	3834.66	3834.80	3834.70	3834.58	3834.68	3834.60	3834.54	3834.60	3834.48	3834.48	3834.62	3834.58	3834.54	3834.54	3834.48	
3834.30	3834.36	3834.30	3834.38	3834.24	3834.18	3834.28	3834.24	3832.98	3831.58	3828.56	3809.58	3776.92	3761.52	3763.00	3737.72	

