*******************************************2024/08/05;10:16:02
Probe number 0
Concentration entered by User 7.21% at Temperature 0.00
1426.58	1447.76	1456.46	1475.44	1489.70	1508.06	1524.38	1548.82	1572.62	1588.50	1612.08	1643.64	1666.62	1694.04	1712.12	1736.88	
1769.06	1798.48	1832.66	1870.76	1907.34	1943.34	1984.84	2009.26	2034.38	2087.70	2151.28	2202.26	2282.52	2391.90	2513.38	2609.34	
2686.98	2771.34	2863.58	3005.10	3122.16	3255.88	3368.94	3441.26	3513.24	3574.56	3634.66	3683.30	3722.02	3744.68	3763.46	3770.00	
3784.38	3792.58	3803.06	3812.66	3816.42	3818.68	3820.18	3821.22	3821.58	3821.94	3822.94	3822.72	3823.72	3824.76	3825.48	3825.88	
3826.42	3827.00	3827.44	3827.82	3828.00	3828.10	3828.26	3828.66	3829.02	3829.08	3829.00	3829.08	3829.22	3829.40	3829.86	3829.76	
3829.70	3830.00	3830.06	3830.18	3830.16	3830.28	3830.08	3830.20	3830.18	3830.12	3830.06	3830.16	3830.06	3830.22	3829.98	3829.96	
3830.04	3830.12	3829.98	3830.14	3830.22	3830.18	3830.12	3830.18	3830.14	3830.36	3830.42	3830.46	3830.42	3830.40	3830.40	3830.46	
3830.42	3830.36	3830.44	3830.36	3830.30	3830.34	3830.28	3830.20	3830.22	3830.12	3830.34	3830.28	3830.30	3830.14	3830.56	3829.48	

*******************************************2024/08/05;10:17:04
Probe number 1
Concentration entered by User 7.22% at Temperature 32.61
1424.96	1446.46	1454.44	1473.28	1488.34	1506.28	1524.20	1548.42	1570.80	1586.62	1610.96	1642.84	1665.78	1691.86	1710.94	1738.74	
1770.22	1796.28	1831.22	1867.84	1905.76	1945.04	1983.32	2005.62	2029.54	2083.08	2148.08	2204.08	2289.48	2391.04	2509.26	2611.08	
2692.34	2769.88	2856.06	3002.10	3122.28	3256.46	3366.92	3439.98	3515.54	3574.56	3631.14	3681.18	3720.54	3743.74	3763.28	3770.12	
3784.30	3792.38	3802.70	3812.16	3816.24	3818.70	3820.08	3821.28	3821.62	3821.94	3822.90	3822.74	3823.80	3824.80	3825.42	3826.04	
3826.64	3827.00	3827.52	3827.90	3828.02	3827.98	3828.38	3828.78	3828.98	3829.10	3828.98	3829.14	3829.30	3829.58	3829.90	3829.88	
3829.80	3830.02	3830.12	3830.16	3830.30	3830.44	3830.20	3830.26	3830.12	3830.20	3830.20	3830.18	3830.10	3830.26	3829.96	3830.08	
3829.94	3830.06	3829.90	3830.08	3830.22	3830.18	3830.18	3830.08	3830.24	3830.32	3830.46	3830.56	3830.44	3830.44	3830.44	3830.44	
3830.50	3830.44	3830.44	3830.50	3830.40	3830.46	3830.34	3830.30	3830.36	3830.18	3830.46	3830.34	3830.30	3830.32	3830.54	3829.56	

*******************************************2024/08/05;10:47:04
Probe number 2
Concentration entered by User 7.23% at Temperature 32.61
1422.62	1443.30	1453.54	1473.00	1486.44	1501.92	1517.92	1544.98	1571.70	1593.14	1617.88	1647.56	1666.90	1690.38	1711.44	1737.56	
1767.56	1799.30	1833.56	1873.04	1906.96	1940.20	1975.98	2004.76	2030.56	2080.80	2149.68	2206.68	2280.28	2379.62	2494.48	2602.00	
2681.50	2765.40	2851.74	2991.72	3116.94	3250.54	3362.58	3443.72	3521.28	3574.48	3627.04	3679.22	3721.40	3744.12	3761.84	3767.30	
3783.66	3793.50	3803.28	3812.92	3816.58	3818.58	3820.02	3821.18	3821.54	3821.92	3822.88	3822.78	3823.66	3824.72	3825.44	3825.94	
3826.48	3826.80	3827.46	3827.78	3827.96	3828.04	3828.22	3828.68	3828.92	3829.04	3828.90	3829.08	3829.18	3829.48	3829.60	3829.76	
3829.68	3829.94	3830.00	3830.12	3830.10	3830.44	3830.02	3830.16	3830.16	3830.10	3829.92	3830.10	3830.06	3830.18	3829.92	3829.98	
3829.86	3830.00	3829.92	3830.04	3830.14	3830.14	3830.12	3830.08	3830.14	3830.30	3830.46	3830.28	3830.36	3830.36	3830.30	3830.34	
3830.30	3830.26	3830.26	3830.40	3830.24	3830.30	3830.20	3830.14	3830.12	3830.00	3830.24	3830.32	3830.34	3830.20	3830.60	3829.52	

*******************************************2024/08/05;11:17:05
Probe number 3
Concentration entered by User 7.15% at Temperature 32.77
1417.66	1439.10	1449.42	1469.62	1483.24	1501.06	1518.28	1543.12	1566.66	1583.46	1605.58	1634.90	1655.10	1679.84	1701.92	1726.72	
1758.40	1793.62	1824.98	1860.04	1900.14	1938.14	1978.64	2007.70	2046.74	2102.40	2163.40	2222.12	2293.86	2389.90	2495.50	2617.42	
2712.96	2789.38	2875.18	3011.32	3125.30	3257.32	3369.28	3458.00	3548.68	3602.02	3657.48	3703.60	3739.70	3758.36	3772.68	3778.14	
3789.42	3796.74	3807.00	3814.96	3817.82	3819.58	3820.54	3821.28	3821.56	3821.88	3822.84	3822.58	3823.60	3824.58	3825.28	3825.84	
3826.34	3826.82	3827.44	3827.88	3828.02	3828.14	3828.42	3828.82	3829.02	3829.14	3828.98	3829.14	3829.20	3829.40	3829.74	3829.82	
3829.68	3830.02	3830.02	3830.04	3830.16	3830.30	3830.06	3830.06	3830.10	3830.14	3830.02	3830.06	3830.02	3830.06	3829.88	3829.88	
3829.80	3829.90	3829.86	3830.00	3830.12	3830.12	3830.08	3830.00	3830.14	3830.28	3830.40	3830.46	3830.42	3830.48	3830.36	3830.34	
3830.38	3830.40	3830.46	3830.32	3830.32	3830.32	3830.24	3830.16	3830.10	3830.14	3830.16	3830.16	3830.22	3830.16	3830.42	3829.34	

