*******************************************2024/08/05;11:43:46
Probe number 0
Concentration entered by User 0.00% at Temperature 0.00
1508.58	1536.64	1553.04	1579.52	1602.26	1632.34	1662.44	1697.36	1732.22	1759.48	1790.22	1826.42	1859.88	1908.94	1949.48	1996.76	
2050.88	2103.04	2149.82	2207.22	2267.88	2319.12	2387.32	2449.56	2524.20	2634.34	2736.38	2908.02	3168.10	3498.82	3748.38	3818.14	
3825.10	3826.80	3827.26	3827.74	3827.64	3827.68	3827.96	3828.10	3828.44	3828.50	3828.26	3828.28	3828.30	3828.20	3828.48	3828.54	
3828.60	3828.76	3828.64	3828.46	3828.50	3828.56	3828.24	3828.42	3828.32	3828.36	3828.40	3828.30	3828.58	3828.68	3828.88	3828.62	
3828.52	3828.76	3829.04	3829.28	3829.26	3829.32	3829.08	3829.14	3829.18	3829.14	3828.92	3829.18	3829.16	3829.20	3829.28	3829.42	
3829.44	3829.52	3829.46	3829.34	3829.18	3829.32	3828.98	3829.20	3829.22	3829.22	3829.10	3829.10	3829.02	3829.16	3828.84	3829.04	
3829.04	3828.98	3828.84	3828.78	3828.82	3828.80	3828.52	3828.58	3828.50	3828.48	3828.48	3828.44	3828.40	3828.34	3828.20	3828.16	
3827.90	3827.90	3827.98	3828.14	3827.92	3827.92	3827.72	3827.74	3827.74	3827.80	3828.06	3827.96	3828.08	3827.88	3828.22	3826.92	

*******************************************2024/08/05;12:13:46
Probe number 1
Concentration entered by User 0.00% at Temperature 32.60
1506.72	1533.64	1549.00	1576.42	1598.76	1628.00	1657.12	1694.88	1725.48	1751.16	1785.86	1822.54	1859.12	1909.16	1941.68	1988.06	
2047.46	2096.44	2154.98	2198.46	2253.56	2310.78	2369.10	2432.54	2513.68	2610.24	2733.76	2903.94	3134.10	3429.68	3725.98	3813.84	
3823.98	3826.24	3826.88	3827.58	3827.66	3827.74	3827.80	3828.10	3828.38	3828.58	3828.32	3828.42	3828.34	3828.22	3828.50	3828.58	
3828.52	3828.94	3828.74	3828.64	3828.60	3828.56	3828.44	3828.50	3828.48	3828.52	3828.54	3828.48	3828.80	3828.88	3829.00	3828.80	
3828.74	3829.00	3829.16	3829.42	3829.42	3829.36	3829.32	3829.26	3829.32	3829.28	3829.02	3829.34	3829.30	3829.32	3829.44	3829.52	
3829.56	3829.58	3829.50	3829.38	3829.28	3829.40	3829.18	3829.24	3829.30	3829.38	3829.24	3829.28	3829.24	3829.24	3829.04	3829.24	
3829.18	3829.14	3828.98	3828.88	3828.94	3828.92	3828.72	3828.68	3828.64	3828.78	3828.66	3828.52	3828.46	3828.52	3828.36	3828.32	
3828.00	3828.06	3828.26	3828.22	3828.12	3827.98	3827.90	3827.86	3827.98	3827.94	3828.18	3828.10	3828.16	3828.08	3828.48	3826.96	

*******************************************2024/08/05;12:17:01
Probe number 2
Concentration entered by User 0.00% at Temperature 32.55
1506.64	1534.20	1550.10	1576.22	1598.48	1628.02	1657.94	1693.94	1726.98	1755.44	1788.54	1828.32	1859.36	1904.18	1945.34	1991.52	
2047.86	2093.18	2148.22	2195.58	2251.94	2316.96	2378.74	2439.56	2517.86	2631.20	2738.78	2881.56	3110.60	3438.64	3730.40	3815.02	
3823.94	3826.26	3826.84	3827.40	3827.58	3827.64	3827.80	3827.96	3828.40	3828.48	3828.24	3828.26	3828.20	3828.12	3828.46	3828.50	
3828.54	3828.82	3828.68	3828.48	3828.52	3828.58	3828.32	3828.32	3828.32	3828.34	3828.40	3828.32	3828.60	3828.76	3828.88	3828.68	
3828.66	3828.88	3829.14	3829.32	3829.30	3829.24	3829.06	3829.10	3829.14	3829.14	3828.88	3829.24	3829.12	3829.20	3829.30	3829.42	
3829.44	3829.58	3829.38	3829.30	3829.26	3829.26	3829.04	3829.24	3829.12	3829.18	3829.04	3829.12	3829.10	3829.20	3828.88	3829.08	
3829.06	3829.12	3828.88	3828.94	3828.88	3828.70	3828.64	3828.58	3828.60	3828.60	3828.60	3828.36	3828.46	3828.36	3828.32	3828.24	
3827.98	3828.00	3828.02	3828.14	3827.98	3827.96	3827.68	3827.72	3827.74	3827.84	3828.12	3828.02	3828.02	3827.96	3828.30	3826.88	

*******************************************2024/08/05;12:43:46
Probe number 3
Concentration entered by User 0.00% at Temperature 32.53
1506.10	1531.40	1546.04	1573.08	1595.52	1626.44	1655.72	1691.02	1724.64	1752.30	1781.50	1822.98	1862.68	1908.66	1945.30	1988.44	
2037.56	2087.48	2141.02	2194.76	2262.24	2305.22	2357.98	2413.18	2505.34	2617.02	2726.86	2893.18	3117.48	3418.56	3710.94	3812.68	
3823.48	3825.72	3826.42	3827.14	3827.28	3827.48	3827.56	3827.78	3828.14	3828.24	3828.04	3828.02	3827.96	3827.86	3828.26	3828.30	
3828.48	3828.64	3828.60	3828.44	3828.32	3828.26	3828.08	3828.18	3828.24	3828.20	3828.30	3828.24	3828.58	3828.62	3828.72	3828.54	
3828.48	3828.66	3828.92	3829.18	3829.18	3829.24	3829.00	3828.96	3829.06	3829.02	3828.92	3829.14	3829.06	3829.10	3829.22	3829.28	
3829.32	3829.44	3829.28	3829.22	3829.14	3829.22	3828.98	3829.06	3829.06	3829.20	3828.88	3829.02	3828.98	3829.08	3828.86	3828.94	
3828.90	3828.90	3828.76	3828.76	3828.80	3828.68	3828.54	3828.40	3828.44	3828.44	3828.48	3828.38	3828.36	3828.28	3828.16	3828.06	
3827.84	3827.80	3827.90	3827.98	3827.86	3827.74	3827.70	3827.66	3827.78	3827.66	3828.04	3827.84	3828.02	3827.80	3828.22	3826.78	

*******************************************2024/08/05;13:13:46
Probe number 4
Concentration entered by User 0.00% at Temperature 32.63
1503.60	1529.08	1543.70	1571.32	1594.68	1625.02	1654.22	1689.60	1722.56	1752.28	1783.20	1822.66	1857.84	1904.70	1942.36	1985.56	
2039.44	2085.64	2148.40	2196.26	2243.26	2304.36	2376.04	2444.22	2512.16	2618.74	2741.92	2905.78	3102.48	3413.80	3697.38	3809.24	
3823.30	3825.74	3826.62	3827.40	3827.40	3827.68	3827.72	3828.04	3828.38	3828.44	3828.36	3828.36	3828.32	3828.30	3828.60	3828.62	
3828.74	3828.90	3828.82	3828.68	3828.60	3828.64	3828.38	3828.46	3828.40	3828.46	3828.64	3828.54	3828.76	3828.94	3829.00	3828.82	
3828.84	3829.04	3829.24	3829.46	3829.48	3829.54	3829.24	3829.32	3829.46	3829.42	3829.20	3829.34	3829.22	3829.24	3829.50	3829.60	
3829.58	3829.72	3829.58	3829.56	3829.42	3829.40	3829.18	3829.32	3829.34	3829.44	3829.22	3829.28	3829.20	3829.38	3829.04	3829.26	
3829.14	3829.16	3829.08	3829.08	3828.98	3828.86	3828.76	3828.70	3828.70	3828.74	3828.80	3828.72	3828.54	3828.64	3828.54	3828.26	
3828.12	3828.22	3828.30	3828.32	3828.18	3828.20	3827.92	3827.92	3828.00	3828.08	3828.42	3828.20	3828.22	3828.22	3828.54	3827.06	

*******************************************2024/08/05;13:43:46
Probe number 5
Concentration entered by User 0.00% at Temperature 32.51
1504.26	1530.70	1546.56	1573.28	1594.00	1625.88	1654.32	1692.08	1725.88	1752.46	1783.06	1820.16	1854.54	1904.12	1941.32	1984.78	
2044.72	2091.96	2143.98	2196.20	2252.02	2310.22	2379.84	2423.86	2501.98	2615.04	2716.32	2886.96	3090.34	3373.68	3686.78	3807.02	
3822.74	3825.46	3826.42	3827.30	3827.44	3827.64	3827.76	3827.94	3828.42	3828.56	3828.32	3828.34	3828.30	3828.18	3828.52	3828.70	
3828.76	3828.84	3828.76	3828.62	3828.62	3828.70	3828.46	3828.58	3828.54	3828.44	3828.62	3828.56	3828.88	3828.98	3829.06	3828.86	
3828.78	3829.06	3829.32	3829.54	3829.48	3829.52	3829.36	3829.34	3829.38	3829.34	3829.16	3829.48	3829.42	3829.36	3829.50	3829.62	
3829.76	3829.80	3829.68	3829.44	3829.48	3829.52	3829.28	3829.38	3829.44	3829.50	3829.22	3829.34	3829.36	3829.40	3829.06	3829.26	
3829.26	3829.24	3829.10	3829.04	3829.12	3829.00	3828.84	3828.78	3828.74	3828.84	3828.86	3828.74	3828.60	3828.66	3828.48	3828.48	
3828.16	3828.12	3828.28	3828.32	3828.20	3828.30	3828.02	3827.96	3828.18	3828.06	3828.42	3828.38	3828.46	3828.18	3828.60	3827.18	

*******************************************2024/08/05;14:13:46
Probe number 6
Concentration entered by User 0.00% at Temperature 32.35
1501.54	1527.86	1541.82	1569.30	1592.48	1623.10	1652.58	1686.98	1719.48	1748.42	1779.10	1817.84	1850.82	1892.44	1935.98	1984.26	
2033.72	2087.90	2135.08	2181.20	2241.52	2297.78	2359.16	2412.94	2503.00	2616.74	2723.90	2890.30	3068.20	3380.78	3659.52	3800.34	
3821.26	3824.42	3825.98	3826.98	3827.36	3827.56	3827.86	3828.04	3828.48	3828.64	3828.42	3828.46	3828.36	3828.28	3828.60	3828.72	
3828.76	3828.98	3828.82	3828.72	3828.76	3828.74	3828.54	3828.64	3828.60	3828.60	3828.74	3828.66	3829.00	3829.24	3829.16	3829.08	
3828.94	3829.20	3829.40	3829.64	3829.72	3829.72	3829.50	3829.42	3829.46	3829.46	3829.44	3829.58	3829.50	3829.60	3829.72	3829.92	
3829.78	3829.98	3829.76	3829.62	3829.62	3829.70	3829.46	3829.46	3829.50	3829.60	3829.32	3829.54	3829.52	3829.46	3829.28	3829.46	
3829.44	3829.46	3829.32	3829.34	3829.24	3829.14	3829.08	3828.94	3828.86	3828.90	3828.98	3828.90	3828.86	3828.84	3828.66	3828.54	
3828.44	3828.34	3828.54	3828.60	3828.42	3828.38	3828.26	3828.18	3828.26	3828.24	3828.60	3828.44	3828.54	3828.46	3828.66	3827.36	

