*******************************************2024/08/06;18:04:18
Probe number 0
Concentration entered by User 0.00% at Temperature 0.00
1578.38	1607.18	1621.74	1647.94	1667.10	1685.46	1704.90	1723.46	1744.22	1764.88	1795.60	1832.72	1871.40	1913.92	1945.66	1981.94	
2016.02	2045.22	2082.84	2126.26	2182.76	2220.06	2269.36	2359.26	2459.44	2562.12	2689.58	2869.14	3069.84	3248.32	3517.72	3802.40	
3830.72	3834.68	3835.38	3835.52	3835.76	3835.66	3835.98	3835.92	3835.88	3835.68	3835.60	3835.22	3835.06	3835.56	3835.80	3835.86	
3835.96	3836.00	3835.76	3835.94	3835.86	3835.74	3835.76	3835.50	3835.56	3835.64	3835.74	3835.66	3835.86	3835.64	3835.78	3835.76	
3835.56	3835.72	3835.74	3835.72	3836.00	3835.96	3835.74	3836.24	3835.82	3835.90	3835.88	3835.58	3835.78	3835.84	3835.88	3835.98	
3835.80	3835.76	3836.02	3835.78	3835.94	3835.72	3835.82	3835.86	3835.90	3836.02	3835.76	3835.74	3835.92	3835.92	3835.78	3835.80	
3835.74	3835.94	3836.02	3835.94	3835.72	3835.92	3835.84	3835.96	3835.82	3835.58	3835.86	3835.86	3835.86	3836.04	3835.90	3835.78	
3836.10	3835.74	3835.90	3835.78	3835.58	3835.96	3835.82	3835.66	3835.96	3835.56	3834.38	3831.08	3827.78	3826.70	3826.46	3823.38	

*******************************************2024/08/06;18:04:28
Probe number 1
Concentration entered by User 0.00% at Temperature 22.20
1573.66	1601.90	1616.72	1641.72	1661.32	1680.14	1699.24	1719.24	1738.28	1758.38	1788.78	1825.94	1863.40	1904.12	1937.64	1974.66	
2009.86	2037.78	2075.18	2122.06	2178.32	2215.34	2263.70	2356.76	2454.62	2553.70	2682.78	2857.56	3068.22	3248.28	3514.68	3801.44	
3830.66	3834.68	3835.44	3835.70	3835.74	3836.02	3835.90	3836.06	3836.04	3835.92	3835.76	3835.32	3835.34	3835.58	3835.86	3836.10	
3836.00	3836.14	3835.94	3836.00	3836.12	3836.10	3835.80	3835.78	3835.94	3835.92	3836.04	3835.96	3835.96	3836.10	3836.06	3835.96	
3835.94	3835.82	3835.88	3835.98	3836.00	3836.12	3836.10	3835.90	3836.02	3835.90	3835.82	3836.06	3835.84	3835.92	3836.20	3835.94	
3835.96	3835.88	3835.96	3836.10	3835.94	3835.86	3835.84	3835.88	3835.86	3835.98	3835.68	3835.80	3836.06	3835.96	3836.12	3835.76	
3835.88	3836.06	3836.00	3836.00	3836.00	3836.04	3836.08	3835.94	3835.82	3835.78	3835.78	3836.02	3836.02	3836.00	3836.14	3836.02	
3835.92	3836.00	3835.96	3835.80	3835.90	3835.90	3835.98	3836.08	3836.04	3835.74	3834.46	3831.00	3827.70	3826.44	3826.18	3823.06	

*******************************************2024/08/06;18:04:38
Probe number 2
Concentration entered by User 0.00% at Temperature 22.19
1572.84	1600.94	1616.62	1641.80	1661.46	1680.78	1699.72	1718.34	1737.64	1759.24	1787.74	1825.72	1864.30	1902.58	1934.74	1971.02	
2008.50	2038.96	2075.32	2121.54	2177.48	2217.06	2264.86	2354.58	2456.06	2557.98	2686.54	2861.10	3061.78	3241.88	3507.92	3802.14	
3830.56	3834.70	3835.34	3835.58	3835.80	3835.88	3836.08	3836.02	3836.02	3836.00	3835.78	3835.24	3835.20	3835.58	3835.86	3836.02	
3836.12	3836.14	3836.06	3836.06	3836.10	3836.12	3835.98	3835.86	3835.92	3836.00	3836.14	3836.02	3835.90	3836.00	3836.20	3835.78	
3836.12	3835.86	3835.92	3836.14	3835.98	3836.08	3836.06	3836.02	3836.04	3836.10	3835.76	3835.92	3836.08	3835.84	3836.18	3836.02	
3836.00	3835.96	3836.04	3835.92	3835.80	3835.76	3835.76	3835.78	3835.88	3836.00	3835.62	3836.16	3835.90	3835.96	3836.08	3835.84	
3835.92	3836.22	3836.14	3836.00	3836.04	3835.98	3836.20	3836.00	3836.04	3835.84	3835.80	3836.12	3835.96	3835.96	3836.12	3836.14	
3836.00	3836.04	3835.86	3835.96	3835.90	3836.14	3836.10	3836.18	3836.06	3835.84	3834.50	3830.80	3827.84	3826.40	3826.26	3823.12	

*******************************************2024/08/06;18:04:48
Probe number 3
Concentration entered by User 0.00% at Temperature 22.18
1571.30	1600.22	1615.28	1641.84	1661.32	1679.82	1698.14	1717.44	1736.48	1757.76	1786.10	1822.66	1862.02	1901.92	1934.36	1971.68	
2009.40	2037.42	2075.26	2119.56	2175.36	2218.88	2265.42	2352.68	2457.10	2556.84	2687.06	2855.56	3061.08	3233.58	3510.18	3802.92	
3830.80	3834.50	3835.54	3835.70	3835.74	3836.06	3836.16	3836.08	3836.06	3836.04	3835.70	3835.36	3835.16	3835.50	3835.62	3835.84	
3835.96	3835.82	3835.84	3835.82	3836.00	3835.84	3836.00	3835.84	3835.88	3836.14	3836.14	3836.18	3835.94	3836.08	3836.02	3836.06	
3835.90	3836.04	3835.98	3836.00	3836.18	3836.06	3836.10	3836.04	3836.04	3836.04	3836.08	3835.96	3835.86	3836.00	3836.10	3836.06	
3836.10	3836.16	3835.94	3836.08	3836.24	3835.86	3835.94	3836.04	3836.10	3836.02	3836.04	3835.98	3836.16	3836.16	3835.92	3835.96	
3835.88	3836.14	3836.12	3836.06	3836.00	3836.16	3835.94	3836.16	3836.04	3835.82	3836.02	3835.92	3836.02	3835.88	3835.84	3835.92	
3836.02	3835.78	3835.78	3835.52	3835.52	3835.94	3835.80	3836.06	3836.12	3835.82	3834.50	3830.86	3827.86	3826.38	3826.32	3823.08	

*******************************************2024/08/06;18:04:58
Probe number 4
Concentration entered by User 0.00% at Temperature 22.16
1571.20	1599.18	1613.70	1639.04	1659.08	1677.90	1696.40	1715.92	1735.64	1756.76	1784.96	1823.64	1863.14	1902.90	1934.34	1971.78	
2009.96	2039.30	2075.82	2120.86	2178.00	2216.80	2264.88	2355.02	2457.34	2556.88	2681.30	2859.56	3061.98	3244.26	3520.60	3801.88	
3830.38	3834.20	3835.40	3835.44	3835.62	3835.96	3835.80	3835.64	3835.70	3835.90	3835.80	3834.80	3835.26	3835.46	3835.68	3835.78	
3835.90	3835.74	3835.66	3835.98	3836.02	3835.70	3835.86	3835.82	3835.70	3835.86	3835.94	3835.62	3835.72	3835.88	3835.96	3835.58	
3836.12	3835.62	3835.66	3835.92	3835.78	3835.70	3835.74	3835.70	3835.84	3835.68	3835.84	3835.62	3835.78	3835.82	3836.04	3835.68	
3835.74	3835.84	3835.94	3835.62	3835.84	3835.44	3835.60	3835.64	3835.62	3835.50	3835.34	3835.56	3835.76	3835.44	3835.74	3835.74	
3835.52	3835.94	3836.00	3835.66	3835.76	3835.90	3835.94	3835.66	3836.00	3835.74	3835.76	3835.92	3835.88	3835.66	3835.60	3835.98	
3835.90	3835.74	3836.00	3835.72	3835.68	3835.96	3836.00	3835.68	3835.80	3835.52	3834.38	3830.32	3827.68	3826.04	3826.04	3822.98	

*******************************************2024/08/06;18:05:08
Probe number 5
Concentration entered by User 0.00% at Temperature 22.15
1569.80	1598.06	1613.54	1638.78	1658.62	1677.58	1696.50	1715.02	1734.04	1755.52	1784.50	1822.40	1862.36	1902.52	1933.62	1970.82	
2008.38	2038.26	2077.24	2119.62	2179.96	2216.44	2267.16	2353.12	2453.26	2550.72	2688.32	2860.48	3061.40	3246.88	3504.58	3801.98	
3830.32	3834.30	3835.40	3835.28	3835.62	3835.88	3836.04	3835.74	3835.78	3835.90	3835.92	3834.80	3835.18	3835.24	3835.54	3835.90	
3835.82	3835.74	3835.82	3835.88	3835.94	3835.72	3835.88	3835.62	3835.66	3835.90	3835.96	3835.66	3835.70	3835.76	3836.04	3835.68	
3835.66	3835.56	3835.60	3835.78	3835.86	3835.78	3835.68	3835.86	3835.90	3835.74	3835.96	3835.68	3835.80	3835.86	3836.04	3835.66	
3835.64	3835.80	3835.86	3835.82	3835.84	3835.84	3835.68	3835.90	3836.00	3835.80	3835.76	3835.82	3835.90	3835.56	3836.02	3835.64	
3835.76	3835.92	3836.10	3835.82	3835.66	3835.96	3835.90	3835.68	3836.00	3835.84	3835.60	3835.94	3836.00	3835.70	3835.72	3835.94	
3835.90	3835.86	3835.86	3835.56	3835.60	3835.74	3836.02	3835.74	3835.66	3835.76	3834.40	3830.42	3827.74	3826.04	3825.68	3822.92	

*******************************************2024/08/06;18:05:18
Probe number 6
Concentration entered by User 0.00% at Temperature 22.14
1568.96	1597.46	1612.28	1637.26	1658.22	1677.00	1695.22	1714.92	1734.52	1756.12	1784.76	1822.86	1863.02	1901.80	1934.84	1971.16	
2008.02	2037.66	2074.84	2120.60	2176.80	2215.84	2266.50	2353.80	2456.18	2561.18	2689.38	2863.54	3066.14	3244.32	3518.78	3802.10	
3830.76	3834.68	3835.54	3835.74	3835.78	3836.28	3835.92	3836.08	3836.38	3836.10	3835.86	3835.46	3835.26	3835.54	3836.08	3836.02	
3836.04	3836.34	3836.14	3835.96	3836.20	3836.30	3835.96	3835.86	3836.00	3836.06	3836.26	3836.18	3836.12	3836.06	3836.28	3836.14	
3836.16	3836.06	3835.96	3836.02	3836.14	3836.16	3836.04	3836.16	3836.14	3836.02	3836.12	3835.96	3835.98	3836.04	3836.18	3835.90	
3836.26	3835.96	3836.10	3836.26	3835.92	3836.02	3835.96	3836.10	3836.12	3836.20	3835.98	3836.04	3836.24	3836.10	3836.14	3835.96	
3836.14	3836.20	3836.18	3836.20	3836.02	3836.10	3836.06	3836.16	3836.00	3836.10	3835.88	3836.20	3836.26	3836.10	3836.16	3836.24	
3836.14	3835.96	3836.16	3835.80	3835.98	3836.22	3836.16	3836.06	3836.44	3835.86	3834.50	3830.94	3827.64	3826.22	3826.12	3823.34	

*******************************************2024/08/06;18:05:28
Probe number 7
Concentration entered by User 0.00% at Temperature 22.13
1568.70	1596.56	1610.88	1636.42	1657.56	1677.10	1694.48	1712.80	1733.36	1754.22	1783.52	1821.04	1860.16	1901.16	1933.94	1971.02	
2010.66	2037.46	2075.94	2120.86	2178.34	2216.64	2267.52	2356.04	2455.12	2553.84	2687.42	2862.82	3074.86	3234.64	3518.52	3800.88	
3830.98	3834.68	3835.48	3835.88	3835.84	3836.00	3836.40	3835.96	3836.28	3836.12	3836.04	3835.38	3835.50	3835.66	3836.00	3836.32	
3836.12	3836.28	3836.22	3836.02	3836.22	3836.32	3836.06	3836.04	3836.14	3836.04	3836.24	3836.16	3836.18	3836.24	3836.18	3836.00	
3836.16	3836.16	3836.06	3836.26	3836.20	3836.08	3836.20	3836.26	3836.10	3836.30	3835.94	3836.00	3836.16	3836.04	3836.20	3836.26	
3836.24	3836.06	3836.20	3836.16	3836.22	3836.10	3836.04	3836.38	3836.14	3836.38	3836.02	3836.14	3836.18	3836.08	3836.22	3835.98	
3836.10	3836.20	3836.20	3836.10	3836.18	3836.22	3836.22	3836.24	3836.04	3836.08	3836.10	3836.22	3836.16	3836.28	3836.22	3836.20	
3836.16	3836.16	3836.04	3836.20	3836.12	3836.12	3836.24	3836.30	3836.20	3835.86	3834.68	3831.02	3827.64	3826.32	3826.28	3823.28	

*******************************************2024/08/06;18:05:38
Probe number 8
Concentration entered by User 0.00% at Temperature 22.11
1569.02	1596.48	1610.88	1635.80	1655.94	1674.94	1693.38	1712.72	1733.86	1754.88	1783.46	1821.42	1860.16	1901.24	1932.94	1971.70	
2009.34	2038.92	2075.90	2121.16	2178.46	2219.40	2268.82	2359.60	2458.60	2555.58	2688.16	2864.16	3073.64	3250.30	3519.24	3801.56	
3830.80	3834.78	3835.64	3835.52	3836.02	3836.06	3836.14	3836.14	3836.04	3835.88	3835.84	3835.28	3835.10	3835.72	3835.98	3836.20	
3836.12	3836.12	3836.26	3836.06	3836.24	3836.18	3836.06	3835.92	3836.16	3836.14	3836.14	3836.22	3835.98	3836.16	3836.08	3836.12	
3836.14	3836.00	3836.08	3836.14	3836.16	3836.06	3836.12	3836.16	3836.22	3836.10	3836.02	3836.04	3835.96	3836.22	3836.06	3836.18	
3836.18	3836.20	3836.10	3836.30	3836.10	3836.10	3836.04	3836.00	3836.04	3836.30	3836.06	3836.14	3836.32	3836.24	3836.10	3836.00	
3836.00	3836.18	3836.28	3836.10	3836.10	3836.28	3836.24	3835.96	3836.10	3835.96	3835.96	3836.06	3835.98	3836.06	3835.96	3836.04	
3836.20	3836.10	3836.18	3836.08	3835.94	3836.02	3836.42	3836.02	3836.18	3835.90	3834.58	3830.98	3827.80	3826.30	3826.22	3823.36	

*******************************************2024/08/06;18:05:48
Probe number 9
Concentration entered by User 0.00% at Temperature 22.10
1567.16	1595.40	1610.06	1635.30	1656.20	1674.96	1692.86	1711.54	1733.20	1753.22	1782.26	1820.54	1859.86	1900.02	1932.54	1969.38	
2009.90	2039.32	2079.14	2123.56	2180.64	2218.56	2268.34	2358.50	2457.62	2552.22	2682.26	2860.54	3067.32	3241.70	3515.02	3801.56	
3830.62	3834.80	3835.50	3835.54	3836.00	3835.98	3836.20	3836.22	3836.34	3835.96	3836.00	3835.50	3835.18	3835.88	3835.88	3836.08	
3836.22	3836.44	3836.12	3836.14	3836.36	3836.08	3836.32	3835.98	3835.96	3836.20	3836.40	3835.92	3835.92	3836.22	3835.92	3836.14	
3836.14	3835.62	3835.82	3836.02	3835.92	3835.90	3836.20	3836.04	3836.08	3836.12	3835.94	3835.82	3836.10	3836.20	3836.12	3836.26	
3836.36	3836.14	3836.20	3836.26	3836.02	3836.08	3836.20	3836.10	3836.40	3836.20	3836.16	3836.10	3836.10	3836.42	3836.18	3835.96	
3836.14	3836.20	3836.24	3836.34	3836.12	3836.20	3836.38	3836.12	3836.14	3835.90	3836.18	3836.06	3836.26	3836.24	3836.10	3836.32	
3836.12	3836.14	3835.92	3835.96	3836.12	3836.20	3836.22	3836.20	3836.28	3835.80	3834.72	3830.98	3827.62	3826.26	3826.16	3823.12	

*******************************************2024/08/06;18:05:58
Probe number 10
Concentration entered by User 0.00% at Temperature 22.10
1565.16	1592.64	1607.00	1632.68	1653.42	1672.80	1690.92	1709.34	1731.94	1753.16	1781.64	1820.12	1859.22	1900.36	1932.32	1971.16	
2008.54	2038.10	2077.58	2121.40	2179.66	2218.84	2269.06	2358.30	2455.02	2556.84	2688.30	2853.20	3063.98	3247.56	3511.40	3800.28	
3830.64	3834.60	3835.46	3835.40	3835.72	3835.88	3836.00	3835.94	3835.90	3836.28	3836.04	3835.42	3835.40	3835.84	3835.90	3836.20	
3836.12	3836.18	3836.10	3836.28	3836.10	3836.14	3836.22	3835.88	3836.10	3836.14	3836.34	3836.04	3836.22	3836.18	3836.26	3836.22	
3836.08	3836.22	3835.96	3836.38	3836.10	3836.26	3836.10	3836.26	3836.18	3836.10	3836.16	3836.02	3836.22	3836.08	3836.22	3836.14	
3836.22	3836.20	3836.04	3836.40	3836.06	3836.24	3836.02	3836.22	3836.18	3836.38	3836.06	3835.92	3836.00	3835.92	3836.12	3835.70	
3835.80	3835.96	3836.16	3835.90	3835.94	3836.08	3836.00	3836.10	3836.10	3836.00	3835.96	3836.26	3836.10	3836.10	3836.20	3836.10	
3836.34	3836.10	3836.24	3835.94	3836.12	3836.08	3836.28	3836.06	3836.28	3835.98	3834.52	3831.08	3827.74	3826.10	3826.22	3823.24	

