*******************************************2025/07/25;21:14:55
Probe number 0
Concentration entered by User 1.93% (Compensated: 2.94% at temperature 33.0)
1288.40	1304.16	1314.86	1327.52	1343.98	1358.50	1376.08	1392.72	1412.48	1429.94	1454.18	1477.92	1504.30	1530.64	1550.08	1570.54	
1593.16	1631.40	1667.12	1717.10	1750.80	1787.60	1822.56	1862.12	1896.80	1937.54	1979.74	2038.02	2115.00	2192.80	2317.72	2478.06	
2702.90	3049.38	3326.92	3519.18	3636.88	3657.18	3668.44	3674.60	3682.00	3688.00	3693.48	3696.50	3689.20	3687.22	3694.22	3695.58	
3695.90	3726.54	3711.92	3717.72	3720.76	3723.46	3726.76	3725.10	3729.18	3731.92	3727.22	3727.02	3729.92	3724.70	3721.14	3732.28	
3734.52	3736.80	3734.66	3735.76	3724.52	3729.20	3722.00	3719.28	3729.22	3721.86	3733.24	3728.52	3735.72	3733.44	3734.66	3737.94	
3737.42	3742.82	3739.50	3736.98	3742.42	3744.68	3738.60	3745.92	3738.88	3748.00	3744.02	3743.22	3749.42	3749.10	3750.02	3754.06	
3753.42	3630.20	3702.20	3742.20	3742.74	3744.12	3747.00	3751.20	3746.74	3741.04	3746.44	3745.86	3748.10	3750.08	3743.80	3742.54	
3742.40	3732.72	3722.46	3724.06	3739.84	3738.36	3735.46	3735.44	3726.66	3715.80	3732.08	3727.76	3735.58	3736.24	3749.98	3705.68	

*******************************************2025/07/25;21:19:55
Probe number 1
Concentration entered by User 1.94% (Compensated: 2.95% at temperature 33.0)
1287.82	1303.68	1314.22	1326.68	1343.42	1357.42	1375.50	1392.44	1411.92	1430.12	1454.54	1477.92	1503.78	1530.92	1550.12	1570.52	
1593.20	1631.52	1667.14	1715.26	1748.32	1785.02	1820.44	1858.60	1899.82	1933.10	1977.14	2035.78	2115.08	2195.26	2314.68	2477.34	
2711.60	3048.22	3323.34	3514.54	3632.82	3655.34	3666.26	3672.84	3679.54	3686.16	3691.60	3694.36	3686.64	3685.42	3692.04	3693.20	
3693.62	3724.52	3709.90	3715.68	3718.72	3721.18	3724.78	3722.82	3727.10	3729.68	3724.88	3724.76	3727.18	3722.26	3718.18	3729.68	
3732.26	3734.54	3732.66	3733.68	3721.80	3726.64	3719.70	3716.52	3726.94	3719.20	3730.84	3725.98	3733.38	3731.24	3732.10	3735.64	
3735.28	3740.80	3737.54	3734.72	3740.54	3742.30	3736.42	3743.86	3736.56	3745.78	3741.96	3740.84	3747.18	3747.10	3748.06	3752.22	
3751.28	3626.62	3699.66	3740.18	3740.48	3742.30	3744.76	3749.10	3744.30	3738.88	3744.46	3743.52	3745.74	3747.80	3741.68	3740.52	
3740.36	3730.64	3719.88	3721.58	3737.80	3736.14	3733.02	3733.18	3723.82	3713.00	3729.56	3725.34	3733.22	3733.90	3747.84	3703.22	

*******************************************2025/07/25;21:24:55
Probe number 2
Concentration entered by User 1.93% (Compensated: 2.95% at temperature 33.0)
1287.70	1304.00	1315.16	1327.64	1343.64	1358.22	1375.94	1391.86	1411.40	1429.42	1453.32	1477.72	1503.74	1531.04	1551.12	1569.56	
1592.60	1631.74	1667.28	1716.94	1748.90	1786.70	1823.22	1858.66	1898.52	1937.02	1981.30	2046.46	2120.16	2199.38	2329.52	2490.54	
2709.34	3044.52	3326.14	3520.46	3636.80	3658.58	3670.22	3676.86	3683.36	3690.30	3695.76	3698.94	3691.30	3689.66	3696.58	3698.14	
3698.14	3728.02	3713.76	3719.96	3722.92	3725.46	3728.60	3726.70	3730.48	3733.50	3728.80	3728.50	3731.16	3726.56	3722.34	3733.66	
3736.20	3737.94	3736.14	3737.24	3726.14	3730.34	3723.86	3720.66	3730.58	3723.26	3734.40	3729.68	3737.06	3734.98	3736.24	3738.90	
3738.72	3744.20	3741.06	3738.66	3743.96	3745.36	3740.20	3747.40	3740.28	3749.34	3745.24	3744.62	3750.42	3750.42	3751.48	3755.56	
3754.78	3632.00	3704.56	3743.64	3744.08	3746.02	3748.12	3752.48	3747.96	3742.68	3747.72	3747.02	3749.34	3751.32	3745.46	3743.76	
3743.60	3734.32	3723.74	3725.36	3741.32	3739.74	3736.88	3736.94	3728.10	3717.64	3733.56	3729.38	3737.20	3737.78	3751.48	3707.74	

*******************************************2025/07/25;21:29:55
Probe number 3
Concentration entered by User 1.92% (Compensated: 2.94% at temperature 33.1)
1286.64	1303.42	1313.94	1326.80	1342.54	1357.30	1375.72	1391.64	1412.22	1429.72	1453.46	1477.30	1503.80	1530.40	1551.00	1569.22	
1593.24	1631.88	1667.30	1718.44	1749.78	1786.10	1822.72	1858.42	1899.18	1941.60	1986.12	2051.72	2120.80	2195.24	2323.02	2491.08	
2723.68	3052.48	3324.90	3521.48	3639.20	3660.68	3672.84	3679.94	3685.78	3692.66	3697.98	3700.42	3693.08	3691.22	3698.22	3699.52	
3699.80	3729.36	3715.54	3721.14	3724.20	3726.88	3729.82	3727.84	3731.50	3734.28	3729.88	3729.78	3732.34	3727.26	3723.58	3734.46	
3737.00	3738.78	3737.12	3737.82	3727.14	3731.72	3724.66	3721.92	3731.84	3724.30	3735.70	3730.56	3737.96	3736.18	3737.34	3740.18	
3739.76	3745.24	3742.16	3739.62	3745.20	3746.64	3740.80	3748.26	3740.98	3750.18	3746.00	3745.56	3751.60	3751.32	3752.52	3756.50	
3755.40	3634.08	3705.62	3744.60	3745.22	3746.72	3749.40	3753.40	3748.94	3743.40	3748.76	3748.12	3750.30	3752.16	3746.18	3744.86	
3744.96	3735.38	3725.02	3726.92	3742.36	3740.64	3737.54	3738.06	3729.08	3718.64	3734.68	3730.46	3738.12	3738.84	3752.04	3708.86	

*******************************************2025/07/25;21:34:55
Probe number 4
Concentration entered by User 1.91% (Compensated: 2.93% at temperature 33.1)
1288.72	1304.36	1314.54	1327.36	1344.18	1358.40	1377.72	1394.16	1413.18	1431.02	1454.84	1479.60	1505.94	1531.58	1551.94	1571.26	
1594.70	1635.10	1669.64	1720.06	1753.82	1789.50	1827.38	1863.52	1899.76	1940.90	1987.68	2056.64	2127.06	2204.78	2331.24	2491.62	
2723.06	3056.46	3330.28	3521.46	3641.44	3663.04	3675.26	3681.82	3687.68	3694.74	3700.22	3702.86	3695.64	3694.12	3701.32	3702.36	
3702.16	3731.76	3717.88	3723.14	3726.50	3728.80	3731.84	3730.36	3733.76	3736.64	3732.04	3731.76	3734.20	3729.26	3725.74	3736.42	
3739.12	3740.94	3738.96	3740.26	3729.14	3733.60	3726.96	3724.02	3733.76	3726.50	3737.64	3732.90	3739.88	3738.20	3739.10	3741.94	
3741.60	3747.32	3744.14	3741.58	3746.90	3748.72	3742.84	3749.90	3743.14	3751.70	3747.94	3747.26	3753.26	3753.02	3753.82	3758.20	
3757.22	3636.46	3707.88	3746.48	3746.86	3748.38	3750.92	3755.00	3750.56	3745.48	3750.90	3749.94	3752.02	3753.86	3748.02	3746.84	
3746.80	3737.34	3727.16	3729.20	3743.86	3742.76	3739.52	3739.78	3730.90	3721.16	3736.46	3732.66	3739.96	3740.82	3753.90	3711.24	

*******************************************2025/07/25;21:39:55
Probe number 5
Concentration entered by User 1.97% (Compensated: 2.99% at temperature 33.1)
1286.16	1301.92	1312.70	1325.42	1341.46	1355.70	1374.28	1390.66	1410.38	1428.28	1451.86	1475.44	1501.70	1526.98	1546.62	1567.58	
1590.78	1629.38	1663.56	1712.62	1745.60	1783.58	1818.84	1856.36	1894.46	1937.20	1984.60	2045.08	2121.62	2195.54	2321.44	2478.28	
2706.42	3043.66	3314.72	3513.24	3626.90	3649.34	3661.68	3668.02	3674.78	3682.08	3688.24	3691.02	3683.10	3681.78	3688.58	3689.64	
3690.12	3721.26	3706.70	3712.38	3715.34	3718.20	3721.46	3719.62	3723.42	3726.50	3721.50	3721.22	3724.20	3719.20	3714.74	3726.36	
3729.36	3731.38	3729.32	3730.48	3718.18	3723.32	3716.04	3712.98	3723.42	3715.96	3728.00	3722.80	3730.44	3728.26	3729.42	3732.52	
3731.92	3737.98	3734.90	3732.00	3737.52	3739.38	3733.54	3741.00	3733.42	3742.94	3738.90	3737.90	3744.62	3744.36	3745.58	3749.94	
3748.80	3621.76	3696.22	3737.10	3737.84	3739.22	3742.06	3746.42	3741.44	3735.86	3741.56	3740.68	3743.22	3745.16	3738.90	3737.54	
3737.40	3727.52	3716.30	3718.78	3734.96	3733.32	3729.92	3730.16	3721.08	3709.88	3726.52	3722.20	3730.34	3731.40	3745.14	3699.70	

*******************************************2025/07/25;21:44:55
Probe number 6
Concentration entered by User 1.97% (Compensated: 3.00% at temperature 33.2)
1285.22	1301.54	1312.50	1324.54	1340.74	1355.28	1373.16	1389.88	1409.58	1426.64	1450.86	1474.66	1501.18	1527.52	1547.32	1567.18	
1589.34	1626.66	1661.56	1710.78	1745.22	1782.88	1819.14	1856.04	1895.72	1935.60	1980.86	2039.46	2113.08	2192.16	2318.16	2488.54	
2715.62	3051.26	3308.78	3507.76	3625.22	3648.06	3660.28	3666.96	3673.20	3680.90	3686.66	3689.72	3681.36	3680.32	3687.12	3688.28	
3688.56	3719.54	3704.90	3710.78	3713.64	3716.76	3719.74	3717.92	3721.90	3724.66	3719.74	3719.74	3722.50	3717.32	3712.82	3724.94	
3727.62	3729.76	3727.52	3728.84	3717.14	3722.28	3714.62	3711.44	3722.30	3714.64	3726.34	3721.30	3728.86	3726.82	3728.30	3731.20	
3730.90	3736.62	3733.50	3730.60	3736.20	3738.18	3732.18	3739.78	3732.14	3741.52	3737.34	3736.84	3743.34	3743.26	3743.92	3748.52	
3747.62	3620.00	3694.52	3735.96	3736.26	3738.10	3740.84	3745.00	3740.24	3734.82	3740.36	3739.58	3742.06	3744.16	3737.30	3736.00	
3736.10	3725.88	3714.76	3717.26	3733.54	3732.10	3728.76	3728.84	3719.20	3708.16	3725.44	3720.52	3728.92	3730.18	3744.18	3698.28	

*******************************************2025/07/25;21:49:55
Probe number 7
Concentration entered by User 1.94% (Compensated: 2.97% at temperature 33.2)
1287.00	1302.98	1313.80	1326.38	1342.46	1356.80	1375.02	1391.52	1411.60	1429.46	1453.30	1477.60	1503.66	1530.72	1550.74	1569.32	
1592.32	1631.28	1665.36	1716.18	1749.70	1786.84	1821.50	1860.70	1899.52	1939.34	1983.16	2046.08	2119.08	2199.72	2324.62	2482.92	
2711.52	3056.88	3320.48	3515.08	3631.36	3652.58	3665.50	3671.38	3678.20	3685.30	3691.52	3694.56	3686.14	3684.68	3692.08	3692.60	
3692.86	3723.92	3709.46	3715.44	3718.08	3720.92	3724.12	3722.36	3725.96	3728.98	3724.18	3723.88	3726.60	3721.58	3717.24	3728.92	
3731.68	3733.64	3731.66	3732.80	3720.78	3725.84	3718.80	3715.80	3726.30	3718.30	3730.20	3725.30	3732.80	3730.46	3731.94	3734.84	
3734.58	3740.06	3736.80	3734.00	3739.68	3741.54	3735.86	3743.34	3735.98	3745.14	3741.00	3740.38	3746.68	3746.50	3747.50	3752.00	
3750.66	3625.90	3699.40	3739.34	3740.02	3741.74	3744.20	3748.62	3743.82	3738.50	3743.62	3743.02	3745.26	3747.38	3741.10	3739.62	
3739.50	3729.94	3719.02	3721.52	3737.16	3735.72	3732.40	3732.62	3723.48	3712.60	3729.00	3724.66	3732.46	3733.70	3747.40	3702.58	

*******************************************2025/07/25;21:54:55
Probe number 8
Concentration entered by User 1.96% (Compensated: 2.99% at temperature 33.2)
1286.10	1301.88	1312.70	1325.16	1341.20	1356.72	1374.60	1391.00	1410.38	1428.66	1452.48	1476.90	1503.28	1529.76	1549.54	1568.42	
1590.72	1629.34	1664.62	1713.08	1746.56	1783.50	1821.44	1861.82	1895.00	1931.58	1979.78	2042.00	2112.26	2197.62	2322.22	2488.52	
2714.94	3053.14	3314.46	3510.76	3628.54	3650.18	3663.34	3669.64	3676.62	3684.10	3690.24	3693.24	3684.10	3682.60	3690.24	3691.08	
3691.40	3722.34	3707.80	3714.22	3716.90	3719.56	3722.78	3720.34	3725.18	3727.94	3723.14	3722.68	3725.50	3720.28	3716.48	3727.86	
3730.54	3732.40	3730.56	3731.60	3719.94	3724.92	3717.70	3715.10	3725.02	3717.50	3729.18	3723.88	3731.84	3729.56	3731.00	3733.86	
3733.38	3739.10	3736.12	3733.14	3739.04	3740.90	3734.62	3742.46	3735.04	3743.90	3740.14	3739.20	3746.14	3745.82	3746.48	3750.82	
3750.16	3624.06	3698.04	3738.54	3738.96	3740.98	3743.42	3747.98	3742.92	3737.66	3742.86	3742.06	3744.52	3746.54	3740.10	3738.86	
3738.80	3729.06	3717.94	3720.22	3736.34	3734.92	3731.68	3731.52	3722.48	3711.60	3728.28	3723.60	3731.28	3732.68	3746.56	3701.56	

*******************************************2025/07/25;21:59:55
Probe number 9
Concentration entered by User 1.93% (Compensated: 2.97% at temperature 33.3)
1286.72	1302.56	1313.70	1326.04	1342.26	1356.34	1374.66	1391.52	1411.02	1428.86	1453.58	1477.30	1502.40	1528.46	1549.72	1568.58	
1591.68	1630.96	1663.94	1714.16	1747.86	1785.62	1820.14	1857.46	1894.28	1937.10	1984.30	2040.04	2116.86	2201.34	2330.08	2492.04	
2712.78	3055.82	3322.58	3516.40	3632.74	3652.40	3665.62	3671.24	3678.48	3686.06	3691.76	3694.40	3685.22	3684.16	3691.14	3692.34	
3693.12	3723.84	3709.38	3715.22	3717.76	3720.42	3723.46	3721.76	3725.30	3728.28	3723.86	3723.14	3726.12	3721.22	3717.02	3728.60	
3731.26	3733.02	3731.24	3732.54	3720.66	3725.88	3718.26	3715.96	3725.78	3718.30	3729.70	3725.10	3732.72	3730.48	3731.80	3734.60	
3734.48	3739.66	3736.66	3733.98	3739.66	3741.52	3735.60	3743.06	3735.74	3744.88	3740.72	3740.34	3746.76	3746.60	3747.40	3751.52	
3750.88	3625.46	3699.16	3739.42	3739.82	3741.62	3744.22	3748.52	3743.36	3738.30	3743.68	3743.20	3745.16	3747.18	3741.02	3739.46	
3739.72	3729.68	3718.82	3721.12	3736.84	3735.50	3732.12	3732.36	3723.10	3712.72	3728.82	3724.46	3732.50	3733.52	3747.46	3702.82	

*******************************************2025/07/25;22:04:55
Probe number 10
Concentration entered by User 1.91% (Compensated: 2.94% at temperature 33.3)
1288.32	1304.28	1314.54	1327.82	1344.34	1358.90	1377.04	1393.54	1413.66	1431.98	1455.28	1478.84	1506.10	1532.00	1551.20	1571.10	
1595.06	1633.54	1668.48	1718.86	1750.72	1789.06	1824.92	1863.00	1902.00	1941.48	1989.78	2052.82	2124.04	2199.78	2321.58	2495.92	
2724.12	3059.72	3323.44	3523.90	3639.46	3660.04	3671.52	3678.06	3684.64	3692.02	3697.70	3699.94	3691.58	3690.42	3697.32	3698.48	
3699.60	3729.00	3714.98	3720.40	3723.04	3725.92	3729.02	3727.06	3730.72	3733.48	3728.70	3728.50	3731.20	3726.44	3722.56	3733.32	
3736.30	3738.20	3736.24	3737.40	3725.96	3730.72	3723.26	3720.96	3730.76	3723.30	3734.84	3730.16	3737.58	3735.24	3736.74	3739.72	
3739.26	3744.70	3741.60	3739.06	3744.56	3746.20	3740.50	3747.84	3740.46	3749.36	3745.28	3744.96	3751.04	3750.66	3751.64	3755.62	
3755.10	3633.10	3704.72	3744.10	3744.56	3746.36	3748.78	3753.06	3748.56	3742.92	3748.38	3747.50	3749.56	3751.66	3745.70	3744.50	
3744.18	3734.96	3724.08	3726.26	3741.66	3740.48	3737.28	3737.70	3728.10	3717.96	3734.12	3729.48	3737.30	3738.40	3751.68	3708.72	

*******************************************2025/07/25;22:09:55
Probe number 11
Concentration entered by User 1.95% (Compensated: 2.98% at temperature 33.3)
1287.70	1303.20	1314.48	1327.24	1343.12	1357.68	1375.32	1392.46	1412.42	1430.72	1454.70	1479.34	1505.34	1532.14	1551.64	1571.54	
1594.56	1634.22	1667.76	1717.56	1748.94	1786.70	1825.34	1863.74	1900.58	1938.22	1987.28	2044.34	2117.08	2197.74	2327.60	2489.84	
2713.24	3043.18	3318.02	3520.68	3635.36	3654.10	3667.74	3674.24	3680.64	3688.20	3694.04	3696.68	3688.26	3686.52	3693.82	3694.68	
3695.64	3726.22	3711.58	3717.10	3719.92	3723.00	3725.80	3723.98	3727.70	3730.74	3726.00	3725.34	3728.18	3723.50	3719.50	3730.82	
3733.38	3735.20	3733.30	3734.44	3722.82	3727.90	3720.24	3718.00	3728.10	3720.16	3731.86	3727.38	3734.96	3732.40	3733.76	3736.94	
3736.30	3741.76	3738.88	3735.98	3741.48	3743.48	3737.74	3745.08	3737.68	3746.90	3742.86	3742.40	3748.64	3748.48	3749.12	3753.38	
3752.66	3629.10	3701.50	3741.52	3742.12	3743.64	3745.94	3750.48	3745.70	3740.24	3745.68	3744.68	3746.88	3749.02	3743.10	3741.76	
3741.38	3732.10	3721.08	3723.38	3739.44	3737.46	3734.40	3734.98	3725.30	3715.04	3731.18	3726.78	3734.52	3736.02	3749.32	3705.26	

*******************************************2025/07/25;22:14:55
Probe number 12
Concentration entered by User 1.96% (Compensated: 3.00% at temperature 33.4)
1287.26	1303.24	1314.62	1326.58	1342.64	1357.40	1375.12	1391.84	1411.56	1429.00	1453.70	1477.54	1504.60	1530.94	1551.06	1570.62	
1595.48	1633.18	1667.76	1718.74	1751.78	1790.72	1825.02	1862.48	1902.38	1940.00	1987.08	2048.92	2126.84	2200.54	2321.82	2491.66	
2718.66	3046.78	3314.78	3513.40	3633.64	3654.64	3667.16	3673.72	3680.62	3687.78	3693.82	3696.54	3687.66	3686.50	3693.80	3694.56	
3695.80	3725.96	3711.64	3717.02	3720.04	3722.76	3725.92	3723.86	3727.24	3730.36	3725.62	3725.66	3728.04	3723.46	3719.24	3730.38	
3733.08	3735.12	3733.32	3734.40	3722.58	3727.62	3720.42	3717.90	3728.08	3720.62	3731.70	3727.14	3734.74	3732.40	3733.58	3736.82	
3736.62	3741.62	3738.68	3736.18	3741.44	3743.50	3737.56	3745.00	3737.42	3746.86	3742.84	3742.10	3748.40	3748.32	3749.28	3753.08	
3752.56	3628.64	3701.56	3741.32	3741.78	3743.34	3745.78	3750.50	3745.72	3740.14	3745.64	3744.76	3746.98	3749.14	3742.60	3741.60	
3741.38	3731.82	3721.04	3723.28	3738.78	3737.56	3734.32	3734.52	3725.32	3714.78	3731.18	3726.66	3734.40	3735.78	3749.06	3704.82	

*******************************************2025/07/25;22:19:55
Probe number 13
Concentration entered by User 1.93% (Compensated: 2.97% at temperature 33.4)
1287.40	1303.42	1313.80	1326.44	1342.78	1357.14	1375.86	1392.56	1412.36	1429.60	1453.00	1477.76	1504.52	1531.92	1549.76	1570.36	
1593.54	1634.38	1669.06	1718.86	1751.36	1789.52	1825.94	1864.36	1902.98	1940.06	1984.54	2047.92	2122.84	2206.58	2327.18	2492.22	
2717.82	3051.90	3322.88	3522.58	3634.50	3656.30	3668.64	3675.34	3682.08	3689.22	3695.54	3698.26	3689.44	3687.60	3694.96	3695.94	
3696.94	3727.24	3712.98	3718.32	3720.90	3723.86	3726.82	3725.26	3728.54	3731.50	3727.24	3726.34	3729.40	3724.44	3720.84	3731.74	
3734.40	3736.14	3734.40	3735.70	3723.88	3728.92	3721.90	3718.88	3729.02	3721.28	3732.84	3728.14	3735.58	3733.48	3734.68	3737.74	
3737.36	3742.68	3739.72	3737.42	3742.90	3744.68	3738.96	3746.18	3738.94	3747.66	3743.94	3743.04	3749.36	3749.36	3750.16	3754.26	
3753.56	3630.18	3702.68	3742.34	3742.86	3744.60	3747.24	3751.22	3746.62	3741.56	3746.76	3745.66	3748.40	3750.02	3743.64	3742.82	
3742.74	3733.36	3722.28	3724.76	3740.46	3738.58	3735.34	3736.04	3726.38	3716.34	3732.20	3728.06	3735.20	3736.94	3750.22	3706.68	

*******************************************2025/07/25;22:24:55
Probe number 14
Concentration entered by User 1.94% (Compensated: 2.98% at temperature 33.3)
1286.62	1302.62	1313.68	1326.38	1342.58	1356.86	1375.00	1391.70	1411.40	1429.38	1453.42	1477.16	1502.64	1528.64	1548.50	1568.88	
1590.20	1629.64	1666.32	1716.66	1748.78	1783.50	1820.50	1861.64	1899.10	1938.68	1990.34	2052.68	2121.02	2203.30	2327.02	2495.52	
2724.44	3045.86	3322.38	3516.52	3633.10	3653.62	3666.42	3673.12	3679.88	3687.30	3692.68	3695.52	3686.78	3685.20	3692.72	3693.46	
3694.84	3725.30	3710.68	3715.98	3719.24	3721.90	3724.98	3723.06	3726.58	3729.64	3725.06	3724.34	3727.44	3722.32	3718.28	3729.68	
3732.12	3734.38	3732.48	3733.38	3721.52	3726.96	3719.82	3716.96	3726.62	3719.16	3731.00	3726.20	3733.80	3731.62	3732.36	3735.86	
3735.40	3740.58	3737.80	3735.56	3740.80	3742.42	3736.64	3744.18	3736.72	3746.06	3741.74	3741.32	3747.60	3747.66	3748.16	3752.66	
3752.04	3627.06	3700.38	3740.68	3741.24	3742.80	3745.18	3749.66	3744.92	3739.68	3744.90	3744.08	3746.32	3748.40	3741.92	3740.70	
3741.04	3731.06	3719.98	3722.54	3738.28	3736.82	3733.64	3733.78	3724.42	3713.94	3730.52	3725.94	3733.30	3735.00	3748.30	3703.94	

*******************************************2025/07/25;22:29:55
Probe number 15
Concentration entered by User 1.92% (Compensated: 2.95% at temperature 33.3)
1286.20	1302.14	1313.18	1325.40	1341.76	1356.40	1374.92	1391.40	1411.60	1429.32	1453.30	1477.12	1502.64	1528.86	1549.90	1569.82	
1592.92	1632.10	1666.22	1713.96	1750.86	1784.82	1820.84	1860.28	1899.74	1939.46	1990.26	2051.60	2125.96	2206.76	2324.16	2493.64	
2729.82	3060.68	3325.54	3512.66	3632.96	3654.92	3668.04	3674.92	3681.48	3689.48	3695.54	3698.16	3688.68	3686.62	3694.70	3695.08	
3696.48	3727.04	3712.72	3717.72	3720.34	3723.20	3726.52	3724.36	3727.94	3731.14	3726.42	3726.02	3728.52	3723.80	3720.18	3731.48	
3733.94	3736.06	3734.08	3735.08	3723.46	3728.58	3721.40	3718.94	3728.70	3720.82	3732.52	3727.68	3735.16	3732.94	3734.40	3737.66	
3737.20	3742.20	3739.42	3736.84	3742.26	3744.22	3738.60	3745.78	3738.14	3747.18	3743.46	3742.94	3749.04	3748.88	3749.84	3754.08	
3753.46	3629.60	3702.78	3742.10	3742.74	3744.32	3746.68	3751.14	3746.46	3740.76	3746.30	3745.68	3747.68	3749.64	3743.68	3742.36	
3742.10	3732.60	3721.54	3724.18	3739.80	3738.42	3735.02	3735.28	3726.12	3715.50	3732.08	3727.18	3735.06	3736.48	3749.88	3705.92	

*******************************************2025/07/25;22:34:55
Probe number 16
Concentration entered by User 1.96% (Compensated: 2.99% at temperature 33.3)
1286.14	1302.16	1312.36	1325.24	1340.98	1356.48	1375.10	1391.44	1411.36	1428.62	1452.12	1474.88	1502.46	1528.46	1548.90	1568.22	
1590.94	1631.14	1665.46	1715.24	1748.00	1784.14	1820.98	1860.96	1901.46	1942.84	1990.80	2048.50	2124.10	2204.76	2320.24	2478.72	
2712.20	3053.14	3317.08	3508.02	3625.58	3648.84	3662.28	3669.46	3676.16	3683.98	3690.28	3692.64	3683.26	3681.60	3689.56	3689.98	
3691.20	3722.06	3707.64	3713.14	3715.94	3719.00	3722.10	3719.98	3723.56	3726.98	3722.10	3721.80	3724.34	3719.56	3715.50	3727.24	
3729.84	3731.84	3729.46	3730.96	3719.12	3724.26	3716.98	3714.20	3724.40	3716.54	3728.48	3723.40	3731.20	3728.86	3730.32	3733.68	
3733.18	3738.26	3735.20	3732.82	3738.26	3740.16	3734.32	3742.18	3734.34	3743.76	3739.66	3738.96	3745.56	3745.18	3745.84	3750.38	
3749.80	3623.84	3697.54	3738.32	3738.76	3740.60	3743.04	3747.32	3742.70	3736.94	3742.44	3742.08	3744.24	3746.12	3739.86	3738.34	
3738.06	3728.48	3717.10	3719.96	3735.78	3734.56	3731.22	3731.52	3722.04	3711.14	3727.72	3723.06	3730.46	3732.28	3746.08	3701.34	

*******************************************2025/07/25;22:39:55
Probe number 17
Concentration entered by User 1.95% (Compensated: 2.98% at temperature 33.3)
1286.24	1302.60	1313.06	1325.60	1341.62	1357.06	1374.74	1391.30	1411.32	1429.36	1452.68	1476.16	1502.80	1529.16	1549.86	1568.50	
1591.18	1630.84	1665.66	1714.80	1746.80	1785.24	1824.92	1862.52	1900.46	1940.04	1989.56	2051.20	2120.12	2198.76	2326.00	2492.28	
2713.40	3051.40	3316.44	3515.02	3632.40	3654.44	3667.82	3674.44	3681.26	3688.98	3694.60	3697.54	3688.22	3686.18	3693.90	3694.74	
3695.52	3726.42	3712.02	3717.34	3719.94	3722.62	3725.60	3723.72	3727.46	3730.36	3725.68	3725.10	3727.98	3723.12	3719.66	3730.32	
3733.16	3735.24	3733.32	3734.34	3722.50	3727.82	3720.84	3718.02	3728.14	3720.42	3732.12	3726.80	3734.62	3732.58	3733.56	3736.90	
3736.50	3741.62	3738.70	3736.34	3741.66	3743.52	3737.78	3745.36	3737.50	3746.98	3742.70	3742.34	3748.56	3748.36	3749.08	3753.32	
3752.54	3628.88	3701.76	3741.66	3741.84	3743.90	3746.24	3750.44	3745.90	3740.26	3745.72	3744.82	3747.06	3749.22	3743.22	3741.60	
3741.56	3731.82	3720.86	3723.60	3739.16	3737.46	3734.58	3734.64	3725.52	3714.86	3731.42	3726.90	3734.52	3735.86	3749.38	3705.06	

*******************************************2025/07/25;22:44:55
Probe number 18
Concentration entered by User 1.97% (Compensated: 2.99% at temperature 33.2)
1286.46	1302.56	1313.04	1325.26	1341.30	1355.94	1374.08	1389.76	1409.46	1428.12	1452.44	1476.62	1503.44	1529.16	1549.04	1567.82	
1591.38	1630.98	1665.66	1715.12	1748.22	1786.12	1820.92	1859.08	1897.26	1941.36	1986.42	2047.00	2112.44	2193.70	2318.90	2487.24	
2709.54	3044.10	3312.96	3512.70	3630.04	3652.84	3665.70	3672.30	3679.26	3687.30	3694.04	3696.02	3686.44	3684.92	3692.40	3693.10	
3694.38	3725.14	3710.60	3715.74	3718.50	3721.36	3724.54	3722.58	3726.30	3729.18	3724.56	3723.72	3726.36	3721.64	3718.14	3729.28	
3732.00	3733.72	3732.08	3732.98	3721.54	3726.68	3719.30	3716.60	3726.54	3718.94	3730.82	3725.52	3733.00	3731.38	3732.42	3735.46	
3735.24	3740.42	3737.44	3735.14	3740.58	3742.36	3736.40	3744.14	3736.30	3745.78	3741.80	3741.16	3747.46	3747.12	3748.12	3752.16	
3751.50	3626.70	3700.24	3740.22	3740.82	3742.30	3745.20	3749.38	3744.78	3739.04	3744.90	3743.56	3746.10	3748.02	3741.90	3740.32	
3740.64	3730.64	3719.82	3722.14	3737.84	3736.38	3733.40	3733.40	3724.08	3713.48	3730.34	3725.26	3732.72	3734.72	3748.24	3703.90	

*******************************************2025/07/25;22:49:55
Probe number 19
Concentration entered by User 2.00% (Compensated: 3.03% at temperature 33.2)
1285.54	1301.26	1312.48	1324.48	1340.94	1355.70	1373.66	1390.08	1409.84	1427.30	1451.60	1476.12	1502.50	1528.08	1546.84	1566.70	
1589.80	1629.12	1663.70	1712.66	1745.44	1784.16	1818.66	1856.86	1894.44	1936.84	1983.96	2047.36	2119.94	2189.60	2323.80	2485.16	
2705.40	3033.74	3308.56	3503.34	3624.02	3647.32	3660.04	3667.26	3673.72	3681.18	3688.04	3690.48	3681.08	3679.38	3686.94	3687.76	
3689.12	3720.34	3705.72	3711.00	3714.02	3716.70	3719.78	3717.96	3721.46	3724.64	3719.90	3719.22	3722.12	3717.02	3712.94	3725.38	
3727.34	3730.02	3727.52	3728.66	3716.56	3721.82	3714.50	3712.10	3722.08	3714.10	3726.48	3721.34	3729.00	3726.86	3727.96	3731.32	
3731.18	3736.14	3733.26	3730.60	3736.28	3738.22	3732.40	3740.50	3732.50	3741.82	3737.68	3737.16	3743.56	3743.54	3744.04	3748.52	
3747.94	3620.82	3695.26	3736.38	3736.48	3738.38	3740.92	3745.52	3740.98	3734.84	3740.46	3739.90	3742.46	3744.26	3737.64	3736.14	
3736.60	3726.14	3714.82	3717.38	3733.68	3732.30	3729.30	3729.00	3719.72	3708.38	3725.44	3720.92	3728.66	3730.32	3744.56	3698.64	

*******************************************2025/07/25;22:54:55
Probe number 20
Concentration entered by User 2.00% (Compensated: 3.02% at temperature 33.1)
1284.84	1301.02	1311.52	1324.12	1340.18	1355.34	1372.18	1389.12	1409.16	1427.50	1450.88	1473.54	1500.76	1526.90	1546.46	1566.58	
1590.08	1629.46	1664.02	1713.82	1746.90	1784.46	1822.52	1860.76	1897.90	1938.28	1981.36	2046.04	2118.44	2187.62	2316.74	2481.90	
2708.26	3035.76	3303.68	3508.02	3623.56	3647.32	3660.28	3667.00	3674.40	3681.94	3688.26	3691.02	3681.08	3680.02	3687.62	3688.44	
3689.68	3720.96	3706.02	3711.38	3713.98	3716.96	3720.34	3718.02	3721.66	3725.18	3720.00	3719.52	3722.32	3717.08	3713.36	3724.92	
3727.68	3729.96	3727.88	3728.64	3716.56	3722.24	3714.64	3711.72	3722.32	3714.62	3726.70	3721.40	3729.12	3727.20	3727.74	3731.32	
3731.00	3736.28	3733.44	3730.88	3736.56	3738.52	3732.52	3740.28	3732.30	3742.04	3737.74	3737.00	3743.62	3743.48	3744.10	3748.46	
3747.70	3620.80	3695.24	3736.22	3736.72	3738.44	3741.14	3745.46	3740.90	3735.02	3740.66	3739.98	3742.32	3744.42	3737.74	3736.64	
3736.30	3726.02	3715.00	3717.58	3734.02	3732.34	3729.42	3729.42	3719.72	3708.62	3725.84	3720.86	3728.86	3730.50	3744.58	3698.58	

*******************************************2025/07/25;22:59:55
Probe number 21
Concentration entered by User 1.92% (Compensated: 2.94% at temperature 33.1)
1287.36	1303.04	1314.08	1327.08	1342.84	1356.92	1375.26	1392.24	1412.02	1430.28	1453.40	1478.66	1505.48	1532.96	1552.62	1571.24	
1594.50	1635.20	1669.26	1722.38	1754.42	1790.90	1827.68	1868.50	1904.74	1943.42	1989.10	2048.86	2121.64	2196.26	2326.58	2490.42	
2720.66	3050.78	3324.74	3522.32	3636.84	3660.72	3672.80	3679.08	3685.56	3693.84	3699.92	3702.26	3692.68	3691.14	3699.02	3699.64	
3700.54	3730.38	3716.52	3721.44	3724.42	3726.90	3729.48	3727.62	3731.06	3734.34	3729.94	3729.16	3731.64	3726.60	3723.12	3734.58	
3736.90	3738.78	3736.92	3737.86	3726.32	3731.52	3724.56	3721.70	3731.42	3724.04	3735.78	3730.60	3737.92	3736.24	3736.94	3740.34	
3740.28	3745.12	3742.30	3739.68	3745.04	3746.94	3741.20	3748.56	3741.20	3749.92	3746.22	3745.64	3752.08	3751.72	3752.26	3756.56	
3755.68	3634.42	3706.32	3745.00	3745.24	3747.26	3749.28	3753.78	3749.00	3743.82	3749.00	3748.46	3750.58	3752.28	3746.38	3745.18	
3745.12	3735.70	3724.80	3727.04	3742.90	3741.18	3738.48	3738.50	3729.42	3718.76	3734.84	3730.60	3737.72	3739.16	3752.90	3709.28	

*******************************************2025/07/25;23:04:55
Probe number 22
Concentration entered by User 2.02% (Compensated: 3.04% at temperature 33.2)
1284.58	1300.08	1311.20	1323.06	1339.48	1353.96	1372.28	1388.78	1408.02	1425.74	1449.60	1474.44	1500.68	1526.28	1544.90	1564.18	
1588.10	1627.00	1661.78	1709.60	1743.70	1781.94	1819.92	1858.78	1896.34	1935.74	1976.60	2037.26	2116.72	2191.56	2317.12	2480.04	
2701.02	3032.76	3300.98	3500.32	3620.32	3644.70	3656.80	3663.74	3671.52	3679.80	3686.00	3688.56	3678.74	3676.96	3684.58	3685.02	
3686.42	3717.98	3703.52	3708.28	3711.56	3714.34	3717.40	3715.34	3719.04	3722.14	3716.94	3716.42	3719.46	3714.36	3710.48	3722.74	
3725.28	3726.70	3725.50	3726.16	3714.02	3719.10	3711.98	3708.86	3719.60	3711.36	3724.10	3718.56	3726.46	3724.48	3725.78	3729.42	
3728.60	3733.76	3730.98	3728.28	3734.26	3736.10	3729.76	3737.86	3730.02	3739.36	3735.16	3734.82	3741.20	3741.24	3741.76	3746.54	
3745.70	3616.92	3691.80	3734.24	3734.22	3736.24	3738.84	3743.52	3738.48	3732.44	3738.56	3737.38	3739.92	3742.04	3735.50	3733.92	
3734.38	3723.84	3712.30	3714.96	3731.52	3729.54	3726.86	3726.56	3717.12	3705.86	3723.52	3718.36	3726.34	3727.90	3742.58	3695.66	

*******************************************2025/07/25;23:09:55
Probe number 23
Concentration entered by User 1.94% (Compensated: 2.95% at temperature 33.0)
1287.46	1303.54	1314.50	1326.92	1343.48	1358.22	1375.82	1392.56	1411.84	1429.88	1454.16	1478.60	1505.48	1531.50	1551.86	1571.34	
1594.70	1633.50	1667.18	1714.82	1752.20	1790.24	1828.36	1867.62	1905.06	1943.24	1989.46	2048.40	2122.28	2200.38	2324.00	2494.70	
2720.28	3051.76	3318.58	3520.32	3634.26	3658.00	3670.18	3677.20	3684.46	3693.28	3699.16	3701.96	3692.28	3690.84	3698.56	3698.94	
3700.18	3730.06	3715.96	3720.92	3723.26	3726.20	3729.36	3727.20	3730.58	3733.74	3729.16	3728.32	3731.40	3726.28	3722.74	3733.94	
3736.48	3738.30	3736.24	3737.08	3725.76	3731.14	3724.20	3721.52	3731.16	3723.70	3735.18	3730.42	3737.62	3735.76	3736.80	3740.04	
3739.94	3744.36	3741.84	3739.28	3744.80	3746.52	3740.78	3748.26	3740.62	3749.68	3745.92	3745.54	3751.52	3751.40	3751.90	3756.14	
3755.18	3633.62	3705.62	3744.48	3744.68	3746.78	3748.88	3753.08	3748.96	3743.32	3748.52	3748.20	3750.18	3752.10	3745.98	3744.64	
3744.52	3735.06	3724.64	3726.68	3742.18	3740.84	3738.08	3737.96	3728.90	3718.04	3734.64	3730.18	3737.40	3739.52	3752.60	3709.06	

*******************************************2025/07/25;23:14:55
Probe number 24
Concentration entered by User 1.96% (Compensated: 2.97% at temperature 33.0)
1284.98	1301.02	1311.48	1324.46	1340.06	1354.58	1371.60	1388.26	1408.78	1427.06	1450.70	1473.86	1502.06	1527.98	1546.50	1567.68	
1591.44	1629.40	1662.92	1714.34	1747.26	1782.84	1820.88	1862.02	1900.24	1940.80	1985.54	2046.34	2113.82	2195.24	2322.20	2492.04	
2718.84	3040.38	3316.92	3514.92	3630.56	3651.82	3664.36	3672.08	3679.40	3688.16	3693.86	3696.62	3686.74	3684.72	3692.90	3693.28	
3694.34	3725.26	3710.76	3715.64	3718.58	3721.56	3724.58	3722.28	3725.94	3729.18	3724.14	3723.58	3726.58	3721.68	3717.80	3729.26	
3731.82	3733.56	3731.88	3732.72	3721.24	3726.32	3719.40	3715.98	3726.48	3718.58	3730.64	3725.82	3733.18	3731.12	3732.04	3735.60	
3735.10	3740.40	3737.14	3734.78	3740.46	3742.28	3736.30	3744.00	3736.32	3745.88	3741.68	3741.00	3747.54	3747.48	3747.86	3752.24	
3751.44	3627.08	3700.38	3740.32	3740.50	3742.24	3744.72	3749.40	3744.82	3738.98	3744.60	3743.66	3746.26	3748.10	3741.72	3740.24	
3740.40	3730.28	3719.64	3722.04	3737.90	3736.14	3733.60	3733.58	3724.06	3713.24	3730.16	3725.40	3733.12	3734.68	3748.40	3704.02	

*******************************************2025/07/25;23:19:55
Probe number 25
Concentration entered by User 2.00% (Compensated: 3.01% at temperature 33.0)
1283.94	1299.58	1310.56	1323.12	1339.06	1353.78	1371.62	1388.06	1408.48	1426.46	1449.78	1473.00	1499.56	1525.96	1545.72	1564.62	
1586.54	1626.58	1660.18	1711.06	1743.14	1782.56	1817.42	1858.62	1899.84	1938.86	1978.28	2041.02	2114.36	2188.10	2316.62	2487.78	
2712.54	3028.76	3305.34	3507.30	3621.60	3643.66	3656.26	3663.36	3671.92	3680.62	3686.20	3689.16	3679.14	3677.02	3685.54	3686.00	
3687.32	3718.92	3704.00	3708.96	3712.46	3715.54	3718.38	3716.18	3719.48	3723.16	3718.18	3717.02	3720.48	3714.96	3711.24	3723.34	
3726.04	3728.14	3726.04	3726.78	3715.06	3720.16	3712.96	3709.84	3720.06	3712.14	3724.58	3719.28	3727.32	3725.22	3726.32	3729.62	
3729.44	3734.70	3731.74	3729.18	3735.18	3736.74	3730.58	3738.72	3730.54	3740.12	3736.22	3735.50	3742.16	3742.36	3742.40	3747.16	
3746.30	3618.06	3693.64	3734.68	3734.92	3736.86	3739.24	3744.14	3739.10	3733.10	3739.28	3738.38	3740.56	3742.70	3736.30	3734.82	
3734.98	3724.44	3713.10	3715.98	3732.42	3730.56	3728.02	3727.58	3717.78	3706.82	3723.94	3719.18	3726.86	3728.66	3743.24	3697.24	

*******************************************2025/07/25;23:24:55
Probe number 26
Concentration entered by User 1.92% (Compensated: 2.93% at temperature 33.0)
1284.96	1300.60	1312.08	1325.32	1341.24	1356.14	1373.70	1390.60	1409.84	1428.22	1451.90	1476.10	1503.06	1529.08	1549.58	1568.18	
1592.96	1633.94	1665.04	1717.82	1752.06	1788.08	1825.34	1867.98	1900.54	1937.86	1984.68	2049.46	2119.44	2201.76	2325.78	2497.60	
2721.42	3049.58	3322.68	3525.16	3634.26	3656.04	3668.66	3675.80	3683.54	3691.70	3697.58	3700.46	3690.80	3689.18	3696.28	3696.88	
3698.18	3728.40	3714.04	3719.00	3721.96	3725.02	3727.66	3725.76	3728.80	3732.12	3727.58	3726.68	3729.92	3724.82	3721.12	3732.40	
3735.18	3736.76	3734.84	3736.04	3724.58	3729.62	3722.36	3720.02	3729.80	3722.24	3733.80	3728.70	3736.04	3734.14	3735.40	3738.56	
3738.34	3743.36	3740.74	3737.88	3743.32	3745.28	3739.70	3747.04	3739.24	3748.36	3744.66	3744.02	3750.50	3750.20	3750.80	3755.06	
3754.10	3631.96	3704.20	3743.60	3743.64	3745.32	3747.58	3752.36	3747.60	3741.80	3747.40	3746.82	3749.26	3751.06	3744.90	3743.14	
3743.40	3733.58	3723.20	3725.50	3741.22	3739.12	3736.76	3736.90	3727.50	3717.06	3733.50	3728.68	3736.00	3737.60	3751.50	3707.16	

*******************************************2025/07/25;23:29:55
Probe number 27
Concentration entered by User 1.96% (Compensated: 2.96% at temperature 33.0)
1284.96	1300.74	1311.26	1324.64	1340.66	1355.52	1372.86	1389.80	1410.44	1427.42	1450.58	1475.12	1501.02	1528.86	1548.06	1567.72	
1591.86	1630.28	1663.74	1713.92	1748.10	1782.70	1824.12	1861.22	1895.00	1939.32	1979.12	2047.72	2119.42	2197.40	2318.78	2489.82	
2709.92	3036.18	3318.54	3520.22	3629.00	3650.18	3662.40	3670.02	3678.42	3686.84	3692.34	3694.98	3685.18	3683.20	3691.60	3692.34	
3693.02	3723.88	3709.38	3714.54	3717.92	3720.44	3723.40	3721.16	3724.38	3727.98	3723.04	3722.30	3725.56	3720.22	3716.62	3728.26	
3730.92	3732.84	3730.88	3731.96	3720.06	3725.38	3718.36	3715.02	3725.58	3717.36	3729.66	3724.32	3732.02	3730.30	3731.18	3734.52	
3734.14	3739.12	3736.38	3733.78	3739.34	3741.42	3735.62	3743.22	3735.22	3744.66	3740.66	3740.38	3746.52	3746.36	3746.98	3751.80	
3750.34	3625.84	3698.94	3739.38	3739.62	3741.48	3743.66	3748.32	3743.84	3737.62	3743.56	3743.00	3745.00	3747.16	3740.86	3739.30	
3739.22	3729.36	3718.36	3721.06	3736.84	3735.24	3732.72	3732.16	3723.04	3712.10	3729.04	3724.46	3731.88	3733.76	3747.74	3702.74	

*******************************************2025/07/25;23:34:55
Probe number 28
Concentration entered by User 1.90% (Compensated: 2.90% at temperature 33.0)
1286.68	1302.84	1313.38	1326.02	1341.92	1357.18	1375.20	1391.66	1411.56	1429.48	1453.54	1477.72	1504.50	1532.26	1551.08	1570.90	
1594.60	1631.56	1666.78	1717.02	1749.54	1789.40	1827.06	1866.06	1901.60	1942.90	1988.18	2049.20	2127.18	2208.24	2333.14	2506.94	
2728.18	3051.82	3329.10	3532.28	3640.66	3660.74	3672.22	3678.56	3686.24	3694.20	3699.84	3702.78	3693.36	3691.36	3698.86	3699.64	
3700.76	3730.76	3716.76	3721.38	3724.38	3727.42	3729.96	3727.66	3731.18	3734.36	3729.64	3728.72	3731.66	3727.04	3723.18	3734.54	
3736.84	3738.86	3737.28	3738.16	3726.64	3731.52	3724.88	3722.08	3731.70	3724.04	3735.50	3731.30	3738.14	3736.58	3737.30	3740.54	
3740.40	3745.12	3742.70	3739.82	3745.18	3746.90	3741.70	3748.90	3741.30	3750.14	3746.72	3745.88	3752.12	3752.24	3752.30	3756.78	
3755.94	3634.52	3706.80	3745.42	3745.38	3747.12	3749.60	3754.18	3749.48	3743.78	3749.14	3748.64	3750.66	3752.38	3746.88	3745.42	
3745.32	3735.52	3725.46	3727.54	3742.98	3741.36	3738.46	3738.56	3729.54	3719.04	3735.06	3730.66	3738.06	3739.80	3753.18	3709.88	

*******************************************2025/07/25;23:39:55
Probe number 29
Concentration entered by User 1.86% (Compensated: 2.86% at temperature 32.9)
1286.18	1302.44	1313.76	1325.36	1341.86	1356.78	1375.06	1391.06	1411.18	1430.00	1453.14	1477.32	1504.48	1529.52	1549.00	1569.32	
1592.82	1632.98	1666.94	1716.32	1749.06	1788.90	1826.94	1869.90	1901.26	1942.08	1985.20	2051.48	2125.54	2208.52	2329.28	2497.22	
2721.92	3066.14	3340.76	3535.00	3641.00	3661.24	3672.64	3678.82	3686.86	3694.52	3700.48	3702.68	3693.34	3691.64	3699.04	3699.62	
3700.82	3730.52	3716.48	3721.54	3724.62	3727.06	3730.20	3727.90	3730.94	3734.50	3729.60	3728.82	3731.76	3726.70	3722.94	3734.72	
3737.02	3738.74	3737.24	3737.92	3726.68	3731.60	3724.70	3722.14	3731.76	3724.42	3735.70	3730.84	3738.24	3736.50	3737.40	3740.48	
3740.36	3745.28	3742.52	3739.92	3745.58	3747.12	3741.22	3748.90	3741.58	3750.24	3746.58	3745.82	3752.46	3751.98	3752.70	3756.84	
3755.92	3634.88	3706.52	3745.36	3745.58	3747.56	3749.78	3754.08	3749.44	3743.96	3749.38	3748.94	3750.80	3752.70	3746.78	3745.32	
3745.18	3735.58	3725.34	3727.84	3743.22	3741.42	3738.82	3738.48	3729.54	3719.04	3735.50	3730.86	3738.12	3739.82	3753.14	3710.14	

*******************************************2025/07/25;23:44:55
Probe number 30
Concentration entered by User 1.89% (Compensated: 2.89% at temperature 32.9)
1287.28	1303.54	1313.62	1325.86	1342.50	1357.16	1375.72	1392.08	1411.88	1429.98	1454.78	1479.10	1504.94	1531.10	1550.00	1569.80	
1592.74	1630.84	1667.00	1717.44	1753.02	1788.74	1825.62	1864.60	1901.90	1936.88	1985.64	2051.80	2125.98	2204.16	2331.04	2498.44	
2728.52	3060.28	3329.56	3532.88	3641.60	3661.40	3673.06	3680.28	3686.52	3695.10	3700.84	3702.98	3693.58	3691.76	3699.70	3700.34	
3701.26	3731.32	3717.80	3721.94	3724.70	3727.62	3730.62	3728.46	3731.76	3734.92	3729.86	3729.16	3731.94	3727.56	3724.06	3735.16	
3737.88	3739.44	3737.72	3738.58	3727.56	3731.96	3725.54	3722.52	3732.16	3724.96	3736.42	3731.60	3738.82	3736.68	3737.50	3740.98	
3740.98	3745.70	3743.04	3740.56	3746.12	3747.60	3742.24	3749.26	3742.02	3750.92	3747.02	3746.54	3752.64	3752.76	3752.92	3757.00	
3756.42	3635.76	3707.32	3745.64	3746.20	3747.82	3750.38	3754.50	3749.96	3744.54	3749.80	3749.38	3751.50	3753.26	3747.44	3746.20	
3746.12	3736.24	3725.88	3728.28	3743.70	3742.02	3739.46	3739.28	3730.06	3719.98	3735.90	3731.22	3738.62	3740.28	3753.82	3710.58	

*******************************************2025/07/25;23:49:55
Probe number 31
Concentration entered by User 1.86% (Compensated: 2.86% at temperature 32.9)
1286.98	1303.24	1313.56	1325.94	1342.12	1358.04	1375.66	1391.64	1411.96	1430.28	1454.76	1479.42	1505.34	1531.04	1551.76	1569.46	
1592.12	1631.02	1666.24	1717.64	1749.98	1785.60	1824.96	1864.00	1898.36	1941.82	1986.26	2051.26	2125.68	2212.12	2328.60	2502.18	
2724.32	3067.94	3340.98	3529.94	3643.00	3660.38	3672.78	3680.06	3687.38	3695.98	3700.54	3703.78	3693.94	3692.08	3699.74	3700.90	
3701.36	3731.42	3717.60	3722.28	3725.54	3728.02	3730.86	3728.48	3731.88	3735.10	3730.54	3729.62	3732.70	3727.84	3724.10	3735.54	
3737.66	3739.66	3737.92	3738.54	3727.66	3732.38	3725.72	3722.86	3732.60	3725.00	3736.52	3731.58	3738.84	3737.28	3738.10	3741.62	
3741.38	3745.68	3743.16	3740.58	3746.00	3747.70	3742.12	3749.52	3741.82	3750.96	3746.98	3746.64	3753.30	3752.92	3753.30	3757.22	
3756.62	3636.16	3707.66	3745.98	3746.16	3748.16	3750.40	3754.76	3750.08	3744.50	3750.06	3749.28	3751.32	3753.36	3747.56	3746.40	
3746.20	3736.52	3726.06	3728.40	3743.70	3742.28	3739.70	3739.46	3730.60	3719.96	3736.58	3731.50	3738.82	3740.44	3754.12	3711.10	

*******************************************2025/07/25;23:54:55
Probe number 32
Concentration entered by User 1.90% (Compensated: 2.90% at temperature 32.9)
1284.90	1300.90	1311.62	1323.36	1339.88	1355.22	1373.06	1390.60	1409.92	1427.62	1451.30	1476.88	1503.06	1528.70	1548.20	1566.76	
1588.82	1629.88	1663.32	1713.62	1746.72	1782.36	1822.14	1862.06	1897.90	1940.50	1983.48	2045.06	2123.28	2202.52	2329.74	2494.26	
2728.72	3061.26	3330.02	3521.80	3634.92	3655.96	3668.04	3675.32	3683.18	3691.30	3697.16	3700.34	3690.30	3688.34	3695.78	3696.34	
3697.34	3727.96	3714.04	3718.54	3721.64	3724.48	3727.40	3725.00	3728.28	3731.38	3726.80	3725.94	3728.72	3723.70	3720.34	3731.70	
3734.70	3736.24	3734.62	3735.36	3724.00	3728.78	3722.20	3719.08	3729.14	3721.14	3733.00	3728.20	3735.52	3733.74	3734.70	3738.08	
3737.72	3742.50	3739.82	3737.52	3743.06	3744.84	3739.36	3746.36	3739.06	3747.84	3744.24	3743.20	3750.00	3749.88	3750.02	3754.48	
3753.62	3630.68	3703.62	3743.04	3743.16	3744.82	3747.56	3751.96	3747.12	3741.28	3747.10	3746.22	3748.72	3750.66	3744.64	3742.96	
3743.18	3733.24	3722.50	3724.88	3740.76	3738.84	3736.42	3736.20	3726.96	3716.14	3732.72	3728.12	3735.68	3737.38	3751.02	3706.82	

*******************************************2025/07/25;23:59:55
Probe number 33
Concentration entered by User 1.89% (Compensated: 2.88% at temperature 32.9)
1285.58	1301.46	1312.28	1325.12	1340.60	1356.20	1373.46	1390.62	1410.96	1428.82	1452.58	1477.14	1503.94	1529.82	1549.84	1569.44	
1592.22	1630.94	1666.82	1716.46	1750.56	1787.26	1823.98	1864.12	1905.08	1944.72	1982.54	2047.38	2125.34	2202.78	2331.86	2493.70	
2719.74	3068.76	3334.40	3524.92	3636.92	3660.28	3671.80	3678.58	3686.00	3694.16	3699.96	3702.52	3692.96	3691.10	3698.40	3699.42	
3700.20	3730.24	3716.06	3720.58	3724.34	3726.90	3729.56	3727.40	3730.66	3733.78	3728.94	3728.10	3731.00	3725.94	3722.28	3734.10	
3736.46	3738.20	3736.72	3737.38	3726.24	3731.32	3724.34	3721.32	3731.20	3723.76	3735.32	3730.36	3737.76	3736.04	3736.82	3740.42	
3739.86	3744.44	3742.00	3739.44	3744.98	3746.66	3741.00	3748.42	3740.86	3750.00	3746.30	3745.68	3751.82	3751.74	3752.38	3756.44	
3755.54	3634.42	3705.66	3744.54	3745.14	3746.72	3749.22	3753.70	3749.26	3743.34	3748.96	3748.30	3750.50	3752.48	3746.34	3745.18	
3745.14	3735.24	3724.64	3727.46	3742.78	3740.70	3738.62	3738.26	3729.34	3718.62	3735.16	3730.42	3737.54	3739.36	3752.90	3709.74	

